Java HotSpot(TM) 64-Bit Server VM (25.171-b11) for linux-amd64 JRE (1.8.0_171-b11), built on Mar 28 2018 17:07:08 by "java_re" with gcc 4.3.0 20080428 (Red Hat 4.3.0-8)
Memory: 4k page, physical 16432528k(1142520k free), swap 0k(0k free)
CommandLine flags: -XX:+CMSClassUnloadingEnabled -XX:CMSInitiatingOccupancyFraction=80 -XX:CMSMaxAbortablePrecleanTime=5000 -XX:CompressedClassSpaceSize=125829120 -XX:+ExplicitGCInvokesConcurrent -XX:InitialHeapSize=268435456 -XX:MaxDirectMemorySize=134217728 -XX:MaxHeapSize=536870912 -XX:MaxMetaspaceSize=134217728 -XX:MaxNewSize=201326592 -XX:MetaspaceSize=134217728 -XX:NewSize=201326592 -XX:OldPLABSize=16 -XX:+PrintGC -XX:+PrintGCDateStamps -XX:+PrintGCDetails -XX:+PrintGCTimeStamps -XX:SurvivorRatio=8 -XX:+UseCMSCompactAtFullCollection -XX:+UseCMSInitiatingOccupancyOnly -XX:+UseCompressedClassPointers -XX:+UseCompressedOops -XX:+UseConcMarkSweepGC -XX:+UseParNewGC 
2020-03-19T09:06:40.477+0800: 4.102: [GC (Allocation Failure) 2020-03-19T09:06:40.477+0800: 4.102: [ParNew: 157312K->5109K(176960K), 0.0153800 secs] 157312K->5109K(242496K), 0.0155250 secs] [Times: user=0.01 sys=0.01, real=0.02 secs] 
2020-03-19T09:06:44.889+0800: 8.514: [GC (Allocation Failure) 2020-03-19T09:06:44.889+0800: 8.514: [ParNew: 162421K->10372K(176960K), 0.0230976 secs] 162421K->10372K(242496K), 0.0231807 secs] [Times: user=0.02 sys=0.01, real=0.02 secs] 
2020-03-19T09:06:49.792+0800: 13.416: [GC (Allocation Failure) 2020-03-19T09:06:49.792+0800: 13.416: [ParNew: 167684K->16764K(176960K), 0.0454236 secs] 167684K->16764K(242496K), 0.0455199 secs] [Times: user=0.05 sys=0.01, real=0.04 secs] 
2020-03-19T09:06:55.359+0800: 18.984: [GC (Allocation Failure) 2020-03-19T09:06:55.359+0800: 18.984: [ParNew: 174076K->9127K(176960K), 0.0429400 secs] 174076K->14313K(242496K), 0.0430348 secs] [Times: user=0.07 sys=0.01, real=0.04 secs] 
2020-03-19T09:07:03.844+0800: 27.469: [GC (Allocation Failure) 2020-03-19T09:07:03.844+0800: 27.469: [ParNew: 166439K->10958K(176960K), 0.0416166 secs] 171625K->16144K(242496K), 0.0417153 secs] [Times: user=0.05 sys=0.01, real=0.04 secs] 
2020-03-19T09:07:09.094+0800: 32.719: [GC (Allocation Failure) 2020-03-19T09:07:09.094+0800: 32.719: [ParNew: 168270K->14116K(176960K), 0.0634894 secs] 173456K->19303K(242496K), 0.0636059 secs] [Times: user=0.08 sys=0.00, real=0.06 secs] 
2020-03-19T09:07:12.389+0800: 36.013: [GC (Allocation Failure) 2020-03-19T09:07:12.389+0800: 36.013: [ParNew: 171428K->19647K(176960K), 0.0662192 secs] 176615K->29060K(242496K), 0.0664869 secs] [Times: user=0.11 sys=0.00, real=0.06 secs] 
2020-03-19T09:07:15.398+0800: 39.023: [GC (Allocation Failure) 2020-03-19T09:07:15.398+0800: 39.023: [ParNew: 176959K->18043K(176960K), 0.1099789 secs] 186372K->42438K(242496K), 0.1101115 secs] [Times: user=0.19 sys=0.02, real=0.11 secs] 
2020-03-19T09:07:17.280+0800: 40.905: [GC (Allocation Failure) 2020-03-19T09:07:17.280+0800: 40.905: [ParNew: 175355K->13075K(176960K), 0.0548155 secs] 199750K->41940K(242496K), 0.0549174 secs] [Times: user=0.09 sys=0.00, real=0.05 secs] 
2020-03-19T09:07:18.705+0800: 42.329: [GC (Allocation Failure) 2020-03-19T09:07:18.705+0800: 42.329: [ParNew: 170387K->16243K(176960K), 0.0375718 secs] 199252K->46260K(242496K), 0.0377323 secs] [Times: user=0.07 sys=0.00, real=0.04 secs] 
2020-03-19T09:07:20.354+0800: 43.978: [GC (Allocation Failure) 2020-03-19T09:07:20.354+0800: 43.978: [ParNew: 173555K->11554K(176960K), 0.0209165 secs] 203572K->43083K(242496K), 0.0210178 secs] [Times: user=0.03 sys=0.00, real=0.02 secs] 
2020-03-19T09:07:21.537+0800: 45.162: [GC (Allocation Failure) 2020-03-19T09:07:21.537+0800: 45.162: [ParNew: 168866K->11766K(176960K), 0.0293295 secs] 200395K->44264K(242496K), 0.0294436 secs] [Times: user=0.05 sys=0.00, real=0.04 secs] 
2020-03-19T09:07:22.722+0800: 46.347: [GC (Allocation Failure) 2020-03-19T09:07:22.722+0800: 46.347: [ParNew: 169078K->17602K(176960K), 0.0289878 secs] 201576K->51258K(242496K), 0.0291041 secs] [Times: user=0.05 sys=0.00, real=0.03 secs] 
2020-03-19T09:07:24.157+0800: 47.782: [GC (Allocation Failure) 2020-03-19T09:07:24.157+0800: 47.782: [ParNew: 174914K->12723K(176960K), 0.0310323 secs] 208570K->48015K(242496K), 0.0311562 secs] [Times: user=0.05 sys=0.00, real=0.04 secs] 
2020-03-19T09:07:25.338+0800: 48.963: [GC (Allocation Failure) 2020-03-19T09:07:25.338+0800: 48.963: [ParNew: 170035K->11106K(176960K), 0.0360500 secs] 205327K->47361K(242496K), 0.0361563 secs] [Times: user=0.06 sys=0.00, real=0.03 secs] 
2020-03-19T09:07:26.015+0800: 49.640: [GC (Allocation Failure) 2020-03-19T09:07:26.015+0800: 49.640: [ParNew: 168418K->13047K(176960K), 0.0298548 secs] 204673K->50196K(242496K), 0.0299959 secs] [Times: user=0.04 sys=0.00, real=0.03 secs] 
2020-03-19T09:07:26.559+0800: 50.184: [GC (Allocation Failure) 2020-03-19T09:07:26.559+0800: 50.184: [ParNew: 170359K->12856K(176960K), 0.0191592 secs] 207508K->51063K(242496K), 0.0192596 secs] [Times: user=0.03 sys=0.00, real=0.02 secs] 
2020-03-19T09:07:27.067+0800: 50.692: [GC (Allocation Failure) 2020-03-19T09:07:27.067+0800: 50.692: [ParNew: 170168K->19324K(176960K), 0.0229377 secs] 208375K->58796K(242496K), 0.0230395 secs] [Times: user=0.03 sys=0.00, real=0.02 secs] 
2020-03-19T09:07:28.075+0800: 51.700: [GC (Allocation Failure) 2020-03-19T09:07:28.075+0800: 51.700: [ParNew: 176636K->19074K(176960K), 0.0531723 secs] 216108K->60184K(242496K), 0.0532816 secs] [Times: user=0.07 sys=0.00, real=0.06 secs] 
2020-03-19T09:07:28.622+0800: 52.246: [GC (Allocation Failure) 2020-03-19T09:07:28.622+0800: 52.246: [ParNew: 176386K->13909K(176960K), 0.0208692 secs] 217496K->56738K(242496K), 0.0209639 secs] [Times: user=0.03 sys=0.00, real=0.02 secs] 
2020-03-19T09:07:28.953+0800: 52.578: [GC (Allocation Failure) 2020-03-19T09:07:28.953+0800: 52.578: [ParNew: 171221K->19648K(176960K), 0.0304784 secs] 214050K->66590K(242496K), 0.0305815 secs] [Times: user=0.04 sys=0.00, real=0.03 secs] 
2020-03-19T09:07:29.331+0800: 52.956: [GC (Allocation Failure) 2020-03-19T09:07:29.331+0800: 52.956: [ParNew: 176960K->16988K(176960K), 0.0252468 secs] 223902K->65664K(242496K), 0.0253462 secs] [Times: user=0.04 sys=0.00, real=0.02 secs] 
2020-03-19T09:07:29.643+0800: 53.268: [GC (Allocation Failure) 2020-03-19T09:07:29.643+0800: 53.268: [ParNew: 174300K->12254K(176960K), 0.0191853 secs] 222976K->62369K(242496K), 0.0192829 secs] [Times: user=0.03 sys=0.00, real=0.02 secs] 
2020-03-19T09:07:29.990+0800: 53.614: [GC (Allocation Failure) 2020-03-19T09:07:29.990+0800: 53.614: [ParNew: 169566K->4964K(176960K), 0.0105099 secs] 219681K->55801K(242496K), 0.0106157 secs] [Times: user=0.02 sys=0.00, real=0.01 secs] 
2020-03-19T09:07:30.295+0800: 53.919: [GC (Allocation Failure) 2020-03-19T09:07:30.295+0800: 53.919: [ParNew: 162276K->12556K(176960K), 0.0137075 secs] 213113K->63392K(242496K), 0.0138117 secs] [Times: user=0.02 sys=0.01, real=0.02 secs] 
2020-03-19T09:07:31.488+0800: 55.112: [GC (Allocation Failure) 2020-03-19T09:07:31.488+0800: 55.112: [ParNew: 169868K->8042K(176960K), 0.0196770 secs] 220704K->59961K(242496K), 0.0197855 secs] [Times: user=0.03 sys=0.00, real=0.02 secs] 
2020-03-19T09:07:32.424+0800: 56.048: [GC (Allocation Failure) 2020-03-19T09:07:32.424+0800: 56.048: [ParNew: 165354K->10243K(176960K), 0.0217361 secs] 217273K->62162K(242496K), 0.0218402 secs] [Times: user=0.04 sys=0.00, real=0.02 secs] 
2020-03-19T09:07:33.250+0800: 56.875: [GC (Allocation Failure) 2020-03-19T09:07:33.251+0800: 56.875: [ParNew: 167555K->13142K(176960K), 0.0288017 secs] 219474K->65061K(242496K), 0.0289245 secs] [Times: user=0.04 sys=0.00, real=0.03 secs] 
2020-03-19T09:07:34.338+0800: 57.963: [GC (Allocation Failure) 2020-03-19T09:07:34.338+0800: 57.963: [ParNew: 170454K->11421K(176960K), 0.0453962 secs] 222373K->67094K(242496K), 0.0455536 secs] [Times: user=0.06 sys=0.00, real=0.05 secs] 
2020-03-19T09:07:34.393+0800: 58.018: [GC (CMS Initial Mark) [1 CMS-initial-mark: 55673K(65536K)] 70229K(242496K), 0.0127169 secs] [Times: user=0.02 sys=0.00, real=0.01 secs] 
2020-03-19T09:07:34.406+0800: 58.031: [CMS-concurrent-mark-start]
2020-03-19T09:07:34.561+0800: 58.185: [CMS-concurrent-mark: 0.155/0.155 secs] [Times: user=0.25 sys=0.01, real=0.16 secs] 
2020-03-19T09:07:34.561+0800: 58.185: [CMS-concurrent-preclean-start]
2020-03-19T09:07:34.567+0800: 58.192: [CMS-concurrent-preclean: 0.006/0.006 secs] [Times: user=0.01 sys=0.00, real=0.01 secs] 
2020-03-19T09:07:34.567+0800: 58.192: [CMS-concurrent-abortable-preclean-start]
2020-03-19T09:07:35.508+0800: 59.133: [CMS-concurrent-abortable-preclean: 0.540/0.941 secs] [Times: user=1.28 sys=0.05, real=0.94 secs] 
2020-03-19T09:07:35.509+0800: 59.134: [GC (CMS Final Remark) [YG occupancy: 98628 K (176960 K)]2020-03-19T09:07:35.509+0800: 59.134: [Rescan (parallel) , 0.0569989 secs]2020-03-19T09:07:35.566+0800: 59.191: [weak refs processing, 0.0003478 secs]2020-03-19T09:07:35.567+0800: 59.191: [class unloading, 0.0105631 secs]2020-03-19T09:07:35.577+0800: 59.202: [scrub symbol table, 0.0105886 secs]2020-03-19T09:07:35.588+0800: 59.212: [scrub string table, 0.0016247 secs][1 CMS-remark: 55673K(65536K)] 154301K(242496K), 0.0812255 secs] [Times: user=0.14 sys=0.00, real=0.08 secs] 
2020-03-19T09:07:35.591+0800: 59.215: [CMS-concurrent-sweep-start]
2020-03-19T09:07:35.631+0800: 59.256: [CMS-concurrent-sweep: 0.040/0.040 secs] [Times: user=0.07 sys=0.00, real=0.04 secs] 
2020-03-19T09:07:35.632+0800: 59.257: [CMS-concurrent-reset-start]
2020-03-19T09:07:35.640+0800: 59.265: [CMS-concurrent-reset: 0.008/0.008 secs] [Times: user=0.01 sys=0.01, real=0.01 secs] 
2020-03-19T09:07:35.938+0800: 59.562: [GC (Allocation Failure) 2020-03-19T09:07:35.938+0800: 59.562: [ParNew: 168733K->18520K(176960K), 0.0264757 secs] 201024K->50811K(242496K), 0.0265921 secs] [Times: user=0.05 sys=0.00, real=0.03 secs] 
2020-03-19T09:07:36.500+0800: 60.125: [GC (Allocation Failure) 2020-03-19T09:07:36.501+0800: 60.125: [ParNew: 175832K->19647K(176960K), 0.0713578 secs] 208123K->61299K(242496K), 0.0714778 secs] [Times: user=0.13 sys=0.00, real=0.07 secs] 
2020-03-19T09:07:37.223+0800: 60.848: [GC (Allocation Failure) 2020-03-19T09:07:37.223+0800: 60.848: [ParNew: 176959K->14762K(176960K), 0.0773485 secs] 218611K->62017K(242496K), 0.0774811 secs] [Times: user=0.12 sys=0.00, real=0.08 secs] 
2020-03-19T09:07:38.116+0800: 61.740: [GC (Allocation Failure) 2020-03-19T09:07:38.116+0800: 61.740: [ParNew: 172074K->16598K(176960K), 0.0388216 secs] 219329K->66689K(242496K), 0.0389430 secs] [Times: user=0.08 sys=0.00, real=0.04 secs] 
2020-03-19T09:07:39.120+0800: 62.744: [GC (Allocation Failure) 2020-03-19T09:07:39.120+0800: 62.745: [ParNew: 173910K->10175K(176960K), 0.0473982 secs] 224001K->61219K(242496K), 0.0475124 secs] [Times: user=0.08 sys=0.00, real=0.05 secs] 
2020-03-19T09:07:40.059+0800: 63.684: [GC (Allocation Failure) 2020-03-19T09:07:40.059+0800: 63.684: [ParNew: 167487K->10333K(176960K), 0.0379018 secs] 218531K->61377K(242496K), 0.0381457 secs] [Times: user=0.06 sys=0.00, real=0.03 secs] 
2020-03-19T09:07:41.133+0800: 64.757: [GC (Allocation Failure) 2020-03-19T09:07:41.133+0800: 64.757: [ParNew: 167645K->14048K(176960K), 0.0466073 secs] 218689K->65092K(242496K), 0.0467258 secs] [Times: user=0.07 sys=0.00, real=0.05 secs] 
2020-03-19T09:07:41.936+0800: 65.561: [GC (Allocation Failure) 2020-03-19T09:07:41.936+0800: 65.561: [ParNew: 171360K->12148K(176960K), 0.0222495 secs] 222404K->65363K(242496K), 0.0223607 secs] [Times: user=0.03 sys=0.01, real=0.03 secs] 
2020-03-19T09:07:41.964+0800: 65.589: [GC (CMS Initial Mark) [1 CMS-initial-mark: 53215K(65536K)] 69537K(242496K), 0.0068551 secs] [Times: user=0.02 sys=0.00, real=0.01 secs] 
2020-03-19T09:07:41.971+0800: 65.596: [CMS-concurrent-mark-start]
2020-03-19T09:07:42.050+0800: 65.675: [CMS-concurrent-mark: 0.076/0.079 secs] [Times: user=0.13 sys=0.01, real=0.08 secs] 
2020-03-19T09:07:42.051+0800: 65.675: [CMS-concurrent-preclean-start]
2020-03-19T09:07:42.052+0800: 65.677: [CMS-concurrent-preclean: 0.002/0.002 secs] [Times: user=0.00 sys=0.00, real=0.00 secs] 
2020-03-19T09:07:42.052+0800: 65.677: [CMS-concurrent-abortable-preclean-start]
2020-03-19T09:07:42.972+0800: 66.597: [GC (Allocation Failure) 2020-03-19T09:07:42.972+0800: 66.597: [ParNew: 169460K->9522K(176960K), 0.0535092 secs] 222675K->62737K(242496K), 0.0536481 secs] [Times: user=0.05 sys=0.00, real=0.05 secs] 
2020-03-19T09:07:43.720+0800: 67.345: [CMS-concurrent-abortable-preclean: 1.310/1.668 secs] [Times: user=2.38 sys=0.08, real=1.67 secs] 
2020-03-19T09:07:43.721+0800: 67.345: [GC (CMS Final Remark) [YG occupancy: 114567 K (176960 K)]2020-03-19T09:07:43.721+0800: 67.345: [Rescan (parallel) , 0.0599928 secs]2020-03-19T09:07:43.781+0800: 67.405: [weak refs processing, 0.0004790 secs]2020-03-19T09:07:43.781+0800: 67.406: [class unloading, 0.0178182 secs]2020-03-19T09:07:43.799+0800: 67.424: [scrub symbol table, 0.0154488 secs]2020-03-19T09:07:43.815+0800: 67.439: [scrub string table, 0.0022484 secs][1 CMS-remark: 53215K(65536K)] 167782K(242496K), 0.0968167 secs] [Times: user=0.18 sys=0.00, real=0.09 secs] 
2020-03-19T09:07:43.827+0800: 67.451: [CMS-concurrent-sweep-start]
2020-03-19T09:07:43.982+0800: 67.607: [CMS-concurrent-sweep: 0.156/0.156 secs] [Times: user=0.21 sys=0.00, real=0.15 secs] 
2020-03-19T09:07:43.982+0800: 67.607: [CMS-concurrent-reset-start]
2020-03-19T09:07:43.984+0800: 67.609: [CMS-concurrent-reset: 0.002/0.002 secs] [Times: user=0.00 sys=0.00, real=0.00 secs] 
2020-03-19T09:07:44.214+0800: 67.838: [GC (Allocation Failure) 2020-03-19T09:07:44.214+0800: 67.838: [ParNew: 166834K->15431K(176960K), 0.0240350 secs] 203828K->52424K(242496K), 0.0241560 secs] [Times: user=0.05 sys=0.00, real=0.02 secs] 
2020-03-19T09:07:44.969+0800: 68.594: [GC (Allocation Failure) 2020-03-19T09:07:44.969+0800: 68.594: [ParNew: 172743K->17215K(176960K), 0.0338492 secs] 209736K->58618K(242496K), 0.0339579 secs] [Times: user=0.05 sys=0.00, real=0.03 secs] 
2020-03-19T09:07:46.526+0800: 70.150: [GC (Allocation Failure) 2020-03-19T09:07:46.526+0800: 70.150: [ParNew: 174527K->11622K(176960K), 0.0278302 secs] 215930K->54430K(242496K), 0.0279591 secs] [Times: user=0.05 sys=0.00, real=0.03 secs] 
2020-03-19T09:07:47.464+0800: 71.088: [GC (Allocation Failure) 2020-03-19T09:07:47.464+0800: 71.088: [ParNew: 168934K->13541K(176960K), 0.0286044 secs] 211742K->56348K(242496K), 0.0287241 secs] [Times: user=0.06 sys=0.00, real=0.03 secs] 
2020-03-19T09:07:48.054+0800: 71.678: [GC (Allocation Failure) 2020-03-19T09:07:48.054+0800: 71.678: [ParNew: 170853K->12020K(176960K), 0.0333556 secs] 213660K->54827K(242496K), 0.0334818 secs] [Times: user=0.06 sys=0.00, real=0.04 secs] 
2020-03-19T09:07:48.898+0800: 72.523: [GC (Allocation Failure) 2020-03-19T09:07:48.898+0800: 72.523: [ParNew: 169332K->14060K(176960K), 0.0214440 secs] 212139K->56867K(242496K), 0.0215776 secs] [Times: user=0.03 sys=0.00, real=0.02 secs] 
2020-03-19T09:07:50.200+0800: 73.825: [GC (Allocation Failure) 2020-03-19T09:07:50.200+0800: 73.825: [ParNew: 171372K->15067K(176960K), 0.0510939 secs] 214179K->59575K(242496K), 0.0512229 secs] [Times: user=0.09 sys=0.00, real=0.05 secs] 
2020-03-19T09:07:51.591+0800: 75.215: [GC (Allocation Failure) 2020-03-19T09:07:51.591+0800: 75.215: [ParNew: 172379K->14709K(176960K), 0.0294982 secs] 216887K->60433K(242496K), 0.0296060 secs] [Times: user=0.04 sys=0.00, real=0.03 secs] 
2020-03-19T09:07:53.316+0800: 76.940: [GC (Allocation Failure) 2020-03-19T09:07:53.316+0800: 76.940: [ParNew: 172021K->14166K(176960K), 0.0210056 secs] 217745K->59890K(242496K), 0.0211370 secs] [Times: user=0.03 sys=0.00, real=0.02 secs] 
2020-03-19T09:07:54.381+0800: 78.005: [GC (Allocation Failure) 2020-03-19T09:07:54.381+0800: 78.005: [ParNew: 171478K->15606K(176960K), 0.0360846 secs] 217202K->62751K(242496K), 0.0362423 secs] [Times: user=0.05 sys=0.00, real=0.03 secs] 
2020-03-19T09:07:55.320+0800: 78.944: [GC (Allocation Failure) 2020-03-19T09:07:55.320+0800: 78.945: [ParNew: 172918K->19648K(176960K), 0.0432204 secs] 220063K->70973K(242496K), 0.0433773 secs] [Times: user=0.06 sys=0.01, real=0.04 secs] 
2020-03-19T09:07:56.501+0800: 80.125: [GC (Allocation Failure) 2020-03-19T09:07:56.501+0800: 80.126: [ParNew: 176960K->18670K(176960K), 0.0388596 secs] 228285K->73662K(243840K), 0.0390368 secs] [Times: user=0.06 sys=0.01, real=0.04 secs] 
2020-03-19T09:07:56.549+0800: 80.174: [GC (CMS Initial Mark) [1 CMS-initial-mark: 54991K(66880K)] 76274K(243840K), 0.0135242 secs] [Times: user=0.03 sys=0.00, real=0.01 secs] 
2020-03-19T09:07:56.563+0800: 80.188: [CMS-concurrent-mark-start]
2020-03-19T09:07:56.819+0800: 80.443: [CMS-concurrent-mark: 0.255/0.255 secs] [Times: user=0.40 sys=0.01, real=0.26 secs] 
2020-03-19T09:07:56.819+0800: 80.443: [CMS-concurrent-preclean-start]
2020-03-19T09:07:56.825+0800: 80.449: [CMS-concurrent-preclean: 0.006/0.006 secs] [Times: user=0.01 sys=0.00, real=0.00 secs] 
2020-03-19T09:07:56.825+0800: 80.449: [CMS-concurrent-abortable-preclean-start]
2020-03-19T09:07:58.033+0800: 81.657: [GC (Allocation Failure) 2020-03-19T09:07:58.033+0800: 81.657: [ParNew: 175982K->19088K(176960K), 0.0786067 secs] 230974K->77703K(244416K), 0.0787658 secs] [Times: user=0.09 sys=0.01, real=0.08 secs] 
2020-03-19T09:07:58.869+0800: 82.493: [CMS-concurrent-abortable-preclean: 1.825/2.044 secs] [Times: user=3.08 sys=0.08, real=2.05 secs] 
2020-03-19T09:07:58.871+0800: 82.495: [GC (CMS Final Remark) [YG occupancy: 137077 K (176960 K)]2020-03-19T09:07:58.871+0800: 82.495: [Rescan (parallel) , 0.0806063 secs]2020-03-19T09:07:58.951+0800: 82.576: [weak refs processing, 0.0002824 secs]2020-03-19T09:07:58.952+0800: 82.576: [class unloading, 0.0168930 secs]2020-03-19T09:07:58.968+0800: 82.593: [scrub symbol table, 0.0223834 secs]2020-03-19T09:07:58.991+0800: 82.615: [scrub string table, 0.0029878 secs][1 CMS-remark: 58615K(67456K)] 195692K(244416K), 0.1251889 secs] [Times: user=0.17 sys=0.00, real=0.12 secs] 
2020-03-19T09:07:58.999+0800: 82.624: [CMS-concurrent-sweep-start]
2020-03-19T09:07:59.085+0800: 82.709: [CMS-concurrent-sweep: 0.085/0.085 secs] [Times: user=0.14 sys=0.00, real=0.08 secs] 
2020-03-19T09:07:59.085+0800: 82.710: [CMS-concurrent-reset-start]
2020-03-19T09:07:59.093+0800: 82.718: [CMS-concurrent-reset: 0.008/0.008 secs] [Times: user=0.01 sys=0.00, real=0.01 secs] 
2020-03-19T09:07:59.411+0800: 83.036: [GC (Allocation Failure) 2020-03-19T09:07:59.411+0800: 83.036: [ParNew: 176400K->14669K(176960K), 0.0556391 secs] 225810K->71756K(259312K), 0.0557932 secs] [Times: user=0.09 sys=0.00, real=0.06 secs] 
2020-03-19T09:08:00.474+0800: 84.099: [GC (Allocation Failure) 2020-03-19T09:08:00.474+0800: 84.099: [ParNew: 171981K->13417K(176960K), 0.0271625 secs] 229068K->70504K(259312K), 0.0272980 secs] [Times: user=0.04 sys=0.00, real=0.03 secs] 
2020-03-19T09:08:01.239+0800: 84.864: [GC (Allocation Failure) 2020-03-19T09:08:01.239+0800: 84.864: [ParNew: 170729K->14455K(176960K), 0.0438475 secs] 227816K->75690K(259312K), 0.0439841 secs] [Times: user=0.06 sys=0.00, real=0.04 secs] 
2020-03-19T09:08:02.168+0800: 85.792: [GC (Allocation Failure) 2020-03-19T09:08:02.168+0800: 85.792: [ParNew: 171767K->13048K(176960K), 0.0221755 secs] 233002K->74282K(259312K), 0.0223172 secs] [Times: user=0.03 sys=0.01, real=0.02 secs] 
2020-03-19T09:08:02.754+0800: 86.379: [GC (Allocation Failure) 2020-03-19T09:08:02.754+0800: 86.379: [ParNew: 170360K->18024K(176960K), 0.0307810 secs] 231594K->81788K(259312K), 0.0309193 secs] [Times: user=0.05 sys=0.01, real=0.03 secs] 
2020-03-19T09:08:04.020+0800: 87.645: [GC (Allocation Failure) 2020-03-19T09:08:04.020+0800: 87.645: [ParNew: 175336K->16669K(176960K), 0.0392905 secs] 239100K->83418K(259312K), 0.0394297 secs] [Times: user=0.07 sys=0.00, real=0.04 secs] 
2020-03-19T09:08:04.066+0800: 87.691: [GC (CMS Initial Mark) [1 CMS-initial-mark: 66749K(82352K)] 84625K(259312K), 0.0113480 secs] [Times: user=0.02 sys=0.00, real=0.00 secs] 
2020-03-19T09:08:04.078+0800: 87.703: [CMS-concurrent-mark-start]
2020-03-19T09:08:04.226+0800: 87.850: [CMS-concurrent-mark: 0.147/0.147 secs] [Times: user=0.18 sys=0.01, real=0.14 secs] 
2020-03-19T09:08:04.226+0800: 87.850: [CMS-concurrent-preclean-start]
2020-03-19T09:08:04.234+0800: 87.858: [CMS-concurrent-preclean: 0.008/0.008 secs] [Times: user=0.02 sys=0.00, real=0.01 secs] 
2020-03-19T09:08:04.234+0800: 87.858: [CMS-concurrent-abortable-preclean-start]
2020-03-19T09:08:05.192+0800: 88.816: [CMS-concurrent-abortable-preclean: 0.854/0.958 secs] [Times: user=1.27 sys=0.05, real=0.96 secs] 
2020-03-19T09:08:05.199+0800: 88.823: [GC (CMS Final Remark) [YG occupancy: 106003 K (176960 K)]2020-03-19T09:08:05.199+0800: 88.823: [Rescan (parallel) , 0.0413321 secs]2020-03-19T09:08:05.240+0800: 88.865: [weak refs processing, 0.0003207 secs]2020-03-19T09:08:05.240+0800: 88.865: [class unloading, 0.0186044 secs]2020-03-19T09:08:05.259+0800: 88.884: [scrub symbol table, 0.0172005 secs]2020-03-19T09:08:05.276+0800: 88.901: [scrub string table, 0.0023478 secs][1 CMS-remark: 66749K(82352K)] 172753K(259312K), 0.0805066 secs] [Times: user=0.11 sys=0.00, real=0.08 secs] 
2020-03-19T09:08:05.281+0800: 88.905: [CMS-concurrent-sweep-start]
2020-03-19T09:08:05.421+0800: 89.045: [CMS-concurrent-sweep: 0.140/0.140 secs] [Times: user=0.19 sys=0.00, real=0.14 secs] 
2020-03-19T09:08:05.427+0800: 89.052: [CMS-concurrent-reset-start]
2020-03-19T09:08:05.428+0800: 89.053: [CMS-concurrent-reset: 0.001/0.001 secs] [Times: user=0.00 sys=0.00, real=0.00 secs] 
2020-03-19T09:08:06.042+0800: 89.667: [GC (Allocation Failure) 2020-03-19T09:08:06.043+0800: 89.667: [ParNew: 173981K->10894K(176960K), 0.0396101 secs] 233762K->74812K(276596K), 0.0397682 secs] [Times: user=0.06 sys=0.00, real=0.04 secs] 
2020-03-19T09:08:07.151+0800: 90.776: [GC (Allocation Failure) 2020-03-19T09:08:07.151+0800: 90.776: [ParNew: 168206K->13827K(176960K), 0.0299006 secs] 232124K->77745K(276596K), 0.0301000 secs] [Times: user=0.04 sys=0.00, real=0.03 secs] 
2020-03-19T09:08:07.790+0800: 91.415: [GC (Allocation Failure) 2020-03-19T09:08:07.790+0800: 91.415: [ParNew: 171139K->12369K(176960K), 0.1024427 secs] 235057K->79843K(276596K), 0.1026520 secs] [Times: user=0.16 sys=0.00, real=0.10 secs] 
2020-03-19T09:08:08.784+0800: 92.408: [GC (Allocation Failure) 2020-03-19T09:08:08.784+0800: 92.409: [ParNew: 169681K->14272K(176960K), 0.0331389 secs] 237155K->84219K(276596K), 0.0332810 secs] [Times: user=0.06 sys=0.00, real=0.03 secs] 
2020-03-19T09:08:09.496+0800: 93.120: [GC (Allocation Failure) 2020-03-19T09:08:09.496+0800: 93.120: [ParNew: 171584K->13462K(176960K), 0.0279184 secs] 241531K->83409K(276596K), 0.0280902 secs] [Times: user=0.05 sys=0.00, real=0.03 secs] 
2020-03-19T09:08:10.246+0800: 93.870: [GC (Allocation Failure) 2020-03-19T09:08:10.246+0800: 93.870: [ParNew: 170774K->17294K(176960K), 0.0445711 secs] 240721K->89307K(276596K), 0.0447667 secs] [Times: user=0.08 sys=0.00, real=0.05 secs] 
2020-03-19T09:08:10.912+0800: 94.537: [GC (Allocation Failure) 2020-03-19T09:08:10.912+0800: 94.537: [ParNew: 174606K->11869K(176960K), 0.0639142 secs] 246619K->87838K(276596K), 0.0640910 secs] [Times: user=0.10 sys=0.00, real=0.06 secs] 
2020-03-19T09:08:11.683+0800: 95.308: [GC (Allocation Failure) 2020-03-19T09:08:11.683+0800: 95.308: [ParNew: 169181K->19647K(176960K), 0.0670188 secs] 245150K->96183K(276596K), 0.0671977 secs] [Times: user=0.12 sys=0.00, real=0.07 secs] 
2020-03-19T09:08:13.090+0800: 96.715: [GC (Allocation Failure) 2020-03-19T09:08:13.090+0800: 96.715: [ParNew: 176959K->9464K(176960K), 0.0598058 secs] 253495K->90297K(276596K), 0.0600129 secs] [Times: user=0.04 sys=0.00, real=0.06 secs] 
2020-03-19T09:08:13.153+0800: 96.777: [GC (CMS Initial Mark) [1 CMS-initial-mark: 80833K(99636K)] 91097K(276596K), 0.0064543 secs] [Times: user=0.01 sys=0.00, real=0.01 secs] 
2020-03-19T09:08:13.159+0800: 96.784: [CMS-concurrent-mark-start]
2020-03-19T09:08:13.504+0800: 97.129: [CMS-concurrent-mark: 0.332/0.345 secs] [Times: user=0.50 sys=0.05, real=0.34 secs] 
2020-03-19T09:08:13.504+0800: 97.129: [CMS-concurrent-preclean-start]
2020-03-19T09:08:13.506+0800: 97.131: [CMS-concurrent-preclean: 0.002/0.002 secs] [Times: user=0.01 sys=0.00, real=0.01 secs] 
2020-03-19T09:08:13.506+0800: 97.131: [CMS-concurrent-abortable-preclean-start]
2020-03-19T09:08:15.074+0800: 98.698: [GC (Allocation Failure) 2020-03-19T09:08:15.074+0800: 98.698: [ParNew: 166776K->10679K(176960K), 0.0419982 secs] 247609K->91512K(276596K), 0.0422825 secs] [Times: user=0.06 sys=0.00, real=0.04 secs] 
2020-03-19T09:08:16.016+0800: 99.640: [CMS-concurrent-abortable-preclean: 1.879/2.509 secs] [Times: user=3.69 sys=0.33, real=2.50 secs] 
2020-03-19T09:08:16.017+0800: 99.642: [GC (CMS Final Remark) [YG occupancy: 103207 K (176960 K)]2020-03-19T09:08:16.017+0800: 99.642: [Rescan (parallel) , 0.0908397 secs]2020-03-19T09:08:16.108+0800: 99.733: [weak refs processing, 0.0004317 secs]2020-03-19T09:08:16.109+0800: 99.733: [class unloading, 0.0622425 secs]2020-03-19T09:08:16.171+0800: 99.796: [scrub symbol table, 0.0294147 secs]2020-03-19T09:08:16.200+0800: 99.825: [scrub string table, 0.0032443 secs][1 CMS-remark: 80833K(99636K)] 184040K(276596K), 0.1874197 secs] [Times: user=0.22 sys=0.00, real=0.19 secs] 
2020-03-19T09:08:16.206+0800: 99.831: [CMS-concurrent-sweep-start]
2020-03-19T09:08:16.331+0800: 99.955: [CMS-concurrent-sweep: 0.124/0.124 secs] [Times: user=0.17 sys=0.01, real=0.12 secs] 
2020-03-19T09:08:16.331+0800: 99.956: [CMS-concurrent-reset-start]
2020-03-19T09:08:16.336+0800: 99.961: [CMS-concurrent-reset: 0.005/0.005 secs] [Times: user=0.01 sys=0.00, real=0.00 secs] 
2020-03-19T09:08:16.859+0800: 100.484: [GC (Allocation Failure) 2020-03-19T09:08:16.859+0800: 100.484: [ParNew: 167991K->16977K(176960K), 0.0280973 secs] 243537K->92522K(302872K), 0.0284331 secs] [Times: user=0.05 sys=0.00, real=0.03 secs] 
2020-03-19T09:08:18.281+0800: 101.905: [GC (Allocation Failure) 2020-03-19T09:08:18.281+0800: 101.906: [ParNew: 174289K->11718K(176960K), 0.0645012 secs] 249834K->90942K(302872K), 0.0648394 secs] [Times: user=0.09 sys=0.00, real=0.06 secs] 
2020-03-19T09:08:19.255+0800: 102.880: [GC (Allocation Failure) 2020-03-19T09:08:19.255+0800: 102.880: [ParNew: 169030K->17956K(176960K), 0.0438592 secs] 248254K->98766K(302872K), 0.0441253 secs] [Times: user=0.07 sys=0.00, real=0.05 secs] 
2020-03-19T09:08:20.594+0800: 104.218: [GC (Allocation Failure) 2020-03-19T09:08:20.594+0800: 104.219: [ParNew: 175268K->17393K(176960K), 0.0487400 secs] 256078K->102253K(302872K), 0.0490761 secs] [Times: user=0.08 sys=0.00, real=0.05 secs] 
2020-03-19T09:08:21.393+0800: 105.018: [GC (Allocation Failure) 2020-03-19T09:08:21.395+0800: 105.019: [ParNew: 174705K->9240K(176960K), 0.0854410 secs] 259565K->97445K(302872K), 0.0870704 secs] [Times: user=0.09 sys=0.00, real=0.09 secs] 
2020-03-19T09:08:22.830+0800: 106.455: [GC (Allocation Failure) 2020-03-19T09:08:22.831+0800: 106.455: [ParNew: 166552K->13807K(176960K), 0.0540148 secs] 254757K->102013K(302872K), 0.0543160 secs] [Times: user=0.09 sys=0.00, real=0.05 secs] 
2020-03-19T09:08:24.284+0800: 107.908: [GC (Allocation Failure) 2020-03-19T09:08:24.284+0800: 107.908: [ParNew: 171119K->12075K(176960K), 0.0305957 secs] 259325K->100280K(302872K), 0.0309520 secs] [Times: user=0.06 sys=0.00, real=0.03 secs] 
2020-03-19T09:08:25.904+0800: 109.529: [GC (Allocation Failure) 2020-03-19T09:08:25.904+0800: 109.529: [ParNew: 169387K->15001K(176960K), 0.0434160 secs] 257592K->103206K(302872K), 0.0437434 secs] [Times: user=0.05 sys=0.00, real=0.05 secs] 
2020-03-19T09:08:26.527+0800: 110.151: [GC (Allocation Failure) 2020-03-19T09:08:26.527+0800: 110.151: [ParNew: 172313K->19648K(176960K), 0.0702324 secs] 260518K->113251K(302872K), 0.0705751 secs] [Times: user=0.12 sys=0.01, real=0.06 secs] 
2020-03-19T09:08:27.434+0800: 111.059: [GC (Allocation Failure) 2020-03-19T09:08:27.434+0800: 111.059: [ParNew: 176960K->19648K(176960K), 0.1809312 secs] 270563K->130170K(302872K), 0.1813155 secs] [Times: user=0.24 sys=0.03, real=0.18 secs] 
2020-03-19T09:08:27.632+0800: 111.257: [GC (CMS Initial Mark) [1 CMS-initial-mark: 110522K(125912K)] 134738K(302872K), 0.0179843 secs] [Times: user=0.03 sys=0.00, real=0.02 secs] 
2020-03-19T09:08:27.651+0800: 111.275: [CMS-concurrent-mark-start]
2020-03-19T09:08:28.259+0800: 111.883: [CMS-concurrent-mark: 0.608/0.608 secs] [Times: user=0.66 sys=0.03, real=0.61 secs] 
2020-03-19T09:08:28.259+0800: 111.883: [CMS-concurrent-preclean-start]
2020-03-19T09:08:28.270+0800: 111.895: [CMS-concurrent-preclean: 0.011/0.011 secs] [Times: user=0.02 sys=0.00, real=0.01 secs] 
2020-03-19T09:08:28.270+0800: 111.895: [CMS-concurrent-abortable-preclean-start]
2020-03-19T09:08:28.851+0800: 112.475: [GC (Allocation Failure) 2020-03-19T09:08:28.851+0800: 112.476: [ParNew: 176960K->19647K(176960K), 0.0536152 secs] 287482K->131294K(302872K), 0.0540359 secs] [Times: user=0.08 sys=0.01, real=0.05 secs] 
2020-03-19T09:08:29.503+0800: 113.127: [CMS-concurrent-abortable-preclean: 1.036/1.232 secs] [Times: user=2.03 sys=0.08, real=1.23 secs] 
2020-03-19T09:08:29.506+0800: 113.130: [GC (CMS Final Remark) [YG occupancy: 104416 K (176960 K)]2020-03-19T09:08:29.506+0800: 113.130: [Rescan (parallel) , 0.0801153 secs]2020-03-19T09:08:29.586+0800: 113.210: [weak refs processing, 0.0005397 secs]2020-03-19T09:08:29.586+0800: 113.211: [class unloading, 0.0387106 secs]2020-03-19T09:08:29.625+0800: 113.250: [scrub symbol table, 0.0310967 secs]2020-03-19T09:08:29.656+0800: 113.281: [scrub string table, 0.0031393 secs][1 CMS-remark: 111646K(125912K)] 216062K(302872K), 0.1549152 secs] [Times: user=0.29 sys=0.00, real=0.16 secs] 
2020-03-19T09:08:29.662+0800: 113.286: [CMS-concurrent-sweep-start]
2020-03-19T09:08:29.868+0800: 113.492: [CMS-concurrent-sweep: 0.201/0.206 secs] [Times: user=0.29 sys=0.02, real=0.21 secs] 
2020-03-19T09:08:29.869+0800: 113.493: [CMS-concurrent-reset-start]
2020-03-19T09:08:29.874+0800: 113.499: [CMS-concurrent-reset: 0.002/0.005 secs] [Times: user=0.00 sys=0.00, real=0.00 secs] 
2020-03-19T09:08:30.198+0800: 113.822: [GC (Allocation Failure) 2020-03-19T09:08:30.198+0800: 113.823: [ParNew: 176959K->17521K(176960K), 0.0415630 secs] 270082K->118015K(332168K), 0.0419099 secs] [Times: user=0.06 sys=0.01, real=0.05 secs] 
2020-03-19T09:08:31.174+0800: 114.799: [GC (Allocation Failure) 2020-03-19T09:08:31.175+0800: 114.799: [ParNew: 174833K->12297K(176960K), 0.0427885 secs] 275327K->115085K(332168K), 0.0431755 secs] [Times: user=0.06 sys=0.00, real=0.04 secs] 
2020-03-19T09:08:32.101+0800: 115.726: [GC (Allocation Failure) 2020-03-19T09:08:32.101+0800: 115.726: [ParNew: 169609K->7045K(176960K), 0.0338678 secs] 272397K->112851K(332168K), 0.0341711 secs] [Times: user=0.06 sys=0.00, real=0.03 secs] 
2020-03-19T09:08:33.009+0800: 116.634: [GC (Allocation Failure) 2020-03-19T09:08:33.009+0800: 116.634: [ParNew: 164357K->5447K(176960K), 0.0275358 secs] 270163K->111252K(332168K), 0.0278478 secs] [Times: user=0.05 sys=0.00, real=0.02 secs] 
2020-03-19T09:08:34.108+0800: 117.732: [GC (Allocation Failure) 2020-03-19T09:08:34.108+0800: 117.732: [ParNew: 162759K->8280K(176960K), 0.0256462 secs] 268564K->114086K(332168K), 0.0259438 secs] [Times: user=0.05 sys=0.00, real=0.02 secs] 
2020-03-19T09:08:34.908+0800: 118.532: [GC (Allocation Failure) 2020-03-19T09:08:34.908+0800: 118.533: [ParNew: 165592K->9156K(176960K), 0.0662137 secs] 271398K->114962K(332168K), 0.0667971 secs] [Times: user=0.04 sys=0.00, real=0.06 secs] 
2020-03-19T09:08:35.605+0800: 119.230: [GC (Allocation Failure) 2020-03-19T09:08:35.606+0800: 119.230: [ParNew: 166469K->13013K(176960K), 0.0388983 secs] 272274K->118819K(332168K), 0.0392307 secs] [Times: user=0.07 sys=0.00, real=0.04 secs] 
2020-03-19T09:08:35.653+0800: 119.278: [GC (GCLocker Initiated GC) 2020-03-19T09:08:35.653+0800: 119.278: [ParNew: 13445K->7576K(176960K), 0.0478069 secs] 119251K->116724K(332168K), 0.0481455 secs] [Times: user=0.09 sys=0.00, real=0.05 secs] 
2020-03-19T09:08:36.271+0800: 119.896: [GC (Allocation Failure) 2020-03-19T09:08:36.271+0800: 119.896: [ParNew: 164888K->11660K(176960K), 0.0267350 secs] 274036K->120808K(332168K), 0.0270337 secs] [Times: user=0.04 sys=0.00, real=0.03 secs] 
2020-03-19T09:08:36.891+0800: 120.515: [GC (Allocation Failure) 2020-03-19T09:08:36.891+0800: 120.515: [ParNew: 168972K->12691K(176960K), 0.0400241 secs] 278120K->121838K(332168K), 0.0404047 secs] [Times: user=0.08 sys=0.01, real=0.04 secs] 
2020-03-19T09:08:37.709+0800: 121.333: [GC (Allocation Failure) 2020-03-19T09:08:37.709+0800: 121.333: [ParNew: 170003K->15427K(176960K), 0.0336627 secs] 279150K->124574K(332168K), 0.0339556 secs] [Times: user=0.06 sys=0.00, real=0.03 secs] 
2020-03-19T09:08:38.619+0800: 122.244: [GC (Allocation Failure) 2020-03-19T09:08:38.619+0800: 122.244: [ParNew: 172739K->15393K(176960K), 0.0615269 secs] 281886K->127593K(332168K), 0.0618727 secs] [Times: user=0.10 sys=0.01, real=0.06 secs] 
2020-03-19T09:08:39.365+0800: 122.989: [GC (Allocation Failure) 2020-03-19T09:08:39.365+0800: 122.989: [ParNew: 172705K->12808K(176960K), 0.0383746 secs] 284905K->127818K(332168K), 0.0387758 secs] [Times: user=0.06 sys=0.01, real=0.04 secs] 
2020-03-19T09:08:40.847+0800: 124.472: [GC (Allocation Failure) 2020-03-19T09:08:40.847+0800: 124.472: [ParNew: 170120K->14453K(176960K), 0.0380415 secs] 285130K->133847K(332168K), 0.0384195 secs] [Times: user=0.05 sys=0.01, real=0.03 secs] 
2020-03-19T09:08:42.464+0800: 126.089: [GC (Allocation Failure) 2020-03-19T09:08:42.465+0800: 126.089: [ParNew: 171765K->7246K(176960K), 0.0193939 secs] 291159K->126640K(332168K), 0.0197312 secs] [Times: user=0.02 sys=0.00, real=0.02 secs] 
2020-03-19T09:08:43.818+0800: 127.442: [GC (Allocation Failure) 2020-03-19T09:08:43.818+0800: 127.443: [ParNew: 164558K->7610K(176960K), 0.0241768 secs] 283952K->127004K(332168K), 0.0245388 secs] [Times: user=0.04 sys=0.00, real=0.03 secs] 
2020-03-19T09:08:44.648+0800: 128.272: [GC (Allocation Failure) 2020-03-19T09:08:44.648+0800: 128.272: [ParNew: 164922K->11850K(176960K), 0.0191566 secs] 284316K->131244K(332168K), 0.0196107 secs] [Times: user=0.02 sys=0.00, real=0.02 secs] 
2020-03-19T09:08:45.163+0800: 128.788: [GC (Allocation Failure) 2020-03-19T09:08:45.163+0800: 128.788: [ParNew: 169162K->9034K(176960K), 0.0189308 secs] 288556K->128428K(332168K), 0.0192358 secs] [Times: user=0.04 sys=0.00, real=0.02 secs] 
2020-03-19T09:08:45.927+0800: 129.552: [GC (Allocation Failure) 2020-03-19T09:08:45.927+0800: 129.552: [ParNew: 166346K->13851K(176960K), 0.0325593 secs] 285740K->133245K(332168K), 0.0329179 secs] [Times: user=0.05 sys=0.00, real=0.03 secs] 
2020-03-19T09:08:50.000+0800: 133.625: [GC (Allocation Failure) 2020-03-19T09:08:50.000+0800: 133.625: [ParNew: 171163K->9314K(176960K), 0.0668270 secs] 290557K->131882K(332168K), 0.0672654 secs] [Times: user=0.06 sys=0.00, real=0.07 secs] 
2020-03-19T09:08:55.875+0800: 139.499: [GC (Allocation Failure) 2020-03-19T09:08:55.875+0800: 139.499: [ParNew: 166626K->11341K(176960K), 0.0215981 secs] 289194K->133909K(332168K), 0.0219347 secs] [Times: user=0.04 sys=0.00, real=0.02 secs] 
2020-03-19T09:09:00.088+0800: 143.713: [GC (Allocation Failure) 2020-03-19T09:09:00.089+0800: 143.713: [ParNew: 168653K->13545K(176960K), 0.0628733 secs] 291221K->136113K(332168K), 0.0633169 secs] [Times: user=0.05 sys=0.00, real=0.06 secs] 
2020-03-19T09:09:03.227+0800: 146.852: [GC (Allocation Failure) 2020-03-19T09:09:03.228+0800: 146.853: [ParNew: 170857K->14990K(176960K), 0.0717538 secs] 293425K->139171K(332168K), 0.0731457 secs] [Times: user=0.06 sys=0.00, real=0.07 secs] 
2020-03-19T09:09:03.324+0800: 146.948: [GC (CMS Initial Mark) [1 CMS-initial-mark: 124181K(155208K)] 142923K(332168K), 0.0185040 secs] [Times: user=0.03 sys=0.00, real=0.02 secs] 
2020-03-19T09:09:03.343+0800: 146.967: [CMS-concurrent-mark-start]
2020-03-19T09:09:03.524+0800: 147.148: [CMS-concurrent-mark: 0.181/0.181 secs] [Times: user=0.19 sys=0.00, real=0.18 secs] 
2020-03-19T09:09:03.524+0800: 147.149: [CMS-concurrent-preclean-start]
2020-03-19T09:09:03.528+0800: 147.152: [CMS-concurrent-preclean: 0.003/0.003 secs] [Times: user=0.01 sys=0.00, real=0.01 secs] 
2020-03-19T09:09:03.528+0800: 147.152: [CMS-concurrent-abortable-preclean-start]
2020-03-19T09:09:05.932+0800: 149.557: [CMS-concurrent-abortable-preclean: 1.752/2.405 secs] [Times: user=2.05 sys=0.06, real=2.40 secs] 
2020-03-19T09:09:05.934+0800: 149.558: [GC (CMS Final Remark) [YG occupancy: 103600 K (176960 K)]2020-03-19T09:09:05.934+0800: 149.558: [Rescan (parallel) , 0.0408422 secs]2020-03-19T09:09:05.974+0800: 149.599: [weak refs processing, 0.0005001 secs]2020-03-19T09:09:05.975+0800: 149.600: [class unloading, 0.0466195 secs]2020-03-19T09:09:06.022+0800: 149.646: [scrub symbol table, 0.0289781 secs]2020-03-19T09:09:06.051+0800: 149.675: [scrub string table, 0.0023593 secs][1 CMS-remark: 124181K(155208K)] 227782K(332168K), 0.1199393 secs] [Times: user=0.15 sys=0.00, real=0.12 secs] 
2020-03-19T09:09:06.068+0800: 149.692: [CMS-concurrent-sweep-start]
2020-03-19T09:09:06.218+0800: 149.842: [CMS-concurrent-sweep: 0.133/0.150 secs] [Times: user=0.17 sys=0.02, real=0.14 secs] 
2020-03-19T09:09:06.219+0800: 149.844: [CMS-concurrent-reset-start]
2020-03-19T09:09:06.220+0800: 149.845: [CMS-concurrent-reset: 0.001/0.001 secs] [Times: user=0.00 sys=0.00, real=0.00 secs] 
2020-03-19T09:09:08.748+0800: 152.372: [GC (Allocation Failure) 2020-03-19T09:09:08.748+0800: 152.373: [ParNew: 172302K->14340K(176960K), 0.0316689 secs] 272357K->115166K(343720K), 0.0320697 secs] [Times: user=0.05 sys=0.00, real=0.03 secs] 
2020-03-19T09:09:14.830+0800: 158.455: [GC (Allocation Failure) 2020-03-19T09:09:14.830+0800: 158.455: [ParNew: 171652K->10883K(176960K), 0.0348718 secs] 272478K->111709K(343720K), 0.0352446 secs] [Times: user=0.04 sys=0.00, real=0.03 secs] 
2020-03-19T09:09:20.335+0800: 163.960: [GC (Allocation Failure) 2020-03-19T09:09:20.336+0800: 163.960: [ParNew: 168195K->11966K(176960K), 0.0276280 secs] 269021K->112792K(343720K), 0.0279723 secs] [Times: user=0.03 sys=0.00, real=0.03 secs] 
2020-03-19T09:09:26.890+0800: 170.515: [GC (Allocation Failure) 2020-03-19T09:09:26.890+0800: 170.515: [ParNew: 169278K->12724K(176960K), 0.0216780 secs] 270104K->113549K(343720K), 0.0220768 secs] [Times: user=0.04 sys=0.01, real=0.02 secs] 
2020-03-19T09:09:33.070+0800: 176.695: [GC (Allocation Failure) 2020-03-19T09:09:33.071+0800: 176.695: [ParNew: 170036K->12766K(176960K), 0.0292927 secs] 270861K->113591K(343720K), 0.0297414 secs] [Times: user=0.04 sys=0.00, real=0.03 secs] 
2020-03-19T09:09:39.109+0800: 182.733: [GC (Allocation Failure) 2020-03-19T09:09:39.109+0800: 182.734: [ParNew: 170078K->12863K(176960K), 0.0248464 secs] 270903K->113688K(343720K), 0.0252979 secs] [Times: user=0.04 sys=0.00, real=0.02 secs] 
2020-03-19T09:09:44.896+0800: 188.521: [GC (Allocation Failure) 2020-03-19T09:09:44.897+0800: 188.521: [ParNew: 170175K->12805K(176960K), 0.0217588 secs] 271000K->113630K(343720K), 0.0221532 secs] [Times: user=0.04 sys=0.01, real=0.03 secs] 
2020-03-19T09:09:50.820+0800: 194.444: [GC (Allocation Failure) 2020-03-19T09:09:50.820+0800: 194.445: [ParNew: 170117K->13462K(176960K), 0.0204491 secs] 270942K->114287K(343720K), 0.0209015 secs] [Times: user=0.04 sys=0.00, real=0.02 secs] 
2020-03-19T09:09:56.894+0800: 200.518: [GC (Allocation Failure) 2020-03-19T09:09:56.894+0800: 200.518: [ParNew: 170774K->13067K(176960K), 0.0288757 secs] 271599K->114482K(343720K), 0.0292880 secs] [Times: user=0.04 sys=0.00, real=0.03 secs] 
2020-03-19T09:10:00.836+0800: 204.460: [GC (Allocation Failure) 2020-03-19T09:10:00.836+0800: 204.460: [ParNew: 170379K->12421K(176960K), 0.0312762 secs] 271794K->114902K(343720K), 0.0317030 secs] [Times: user=0.03 sys=0.00, real=0.04 secs] 
2020-03-19T09:10:01.320+0800: 204.945: [GC (Allocation Failure) 2020-03-19T09:10:01.320+0800: 204.945: [ParNew: 169733K->10066K(176960K), 0.0625210 secs] 272214K->113090K(343720K), 0.0629954 secs] [Times: user=0.05 sys=0.01, real=0.06 secs] 
2020-03-19T09:10:04.923+0800: 208.547: [GC (Allocation Failure) 2020-03-19T09:10:04.923+0800: 208.548: [ParNew: 167371K->10500K(176960K), 0.0683220 secs] 270395K->114061K(343720K), 0.0688543 secs] [Times: user=0.05 sys=0.00, real=0.07 secs] 
2020-03-19T09:10:11.151+0800: 214.776: [GC (Allocation Failure) 2020-03-19T09:10:11.152+0800: 214.776: [ParNew: 167812K->9801K(176960K), 0.0205393 secs] 271373K->113397K(343720K), 0.0209612 secs] [Times: user=0.04 sys=0.00, real=0.02 secs] 
2020-03-19T09:10:15.832+0800: 219.457: [GC (Allocation Failure) 2020-03-19T09:10:15.833+0800: 219.457: [ParNew: 167113K->9731K(176960K), 0.0285377 secs] 270709K->113892K(343720K), 0.0290392 secs] [Times: user=0.06 sys=0.00, real=0.03 secs] 
2020-03-19T09:10:22.862+0800: 226.487: [GC (Allocation Failure) 2020-03-19T09:10:22.862+0800: 226.487: [ParNew: 167042K->6484K(176960K), 0.0215899 secs] 271203K->111548K(343720K), 0.0219597 secs] [Times: user=0.03 sys=0.01, real=0.02 secs] 
2020-03-19T09:10:29.460+0800: 233.084: [GC (Allocation Failure) 2020-03-19T09:10:29.460+0800: 233.085: [ParNew: 163796K->8129K(176960K), 0.0250644 secs] 268860K->113252K(343720K), 0.0254892 secs] [Times: user=0.03 sys=0.00, real=0.02 secs] 
2020-03-19T09:10:35.033+0800: 238.658: [GC (Allocation Failure) 2020-03-19T09:10:35.033+0800: 238.658: [ParNew: 165441K->7613K(176960K), 0.0302704 secs] 270564K->112875K(343720K), 0.0307074 secs] [Times: user=0.04 sys=0.00, real=0.03 secs] 
2020-03-19T09:10:41.897+0800: 245.522: [GC (Allocation Failure) 2020-03-19T09:10:41.899+0800: 245.524: [ParNew: 164925K->7416K(176960K), 0.0235817 secs] 270187K->112947K(343720K), 0.0255191 secs] [Times: user=0.03 sys=0.00, real=0.03 secs] 
2020-03-19T09:10:45.941+0800: 249.566: [GC (Allocation Failure) 2020-03-19T09:10:45.942+0800: 249.566: [ParNew: 164728K->7130K(176960K), 0.0308168 secs] 270259K->112683K(343720K), 0.0312922 secs] [Times: user=0.03 sys=0.01, real=0.03 secs] 
2020-03-19T09:10:52.877+0800: 256.501: [GC (Allocation Failure) 2020-03-19T09:10:52.877+0800: 256.502: [ParNew: 164442K->7617K(176960K), 0.0253506 secs] 269995K->113207K(343720K), 0.0257954 secs] [Times: user=0.03 sys=0.00, real=0.03 secs] 
2020-03-19T09:10:59.454+0800: 263.079: [GC (Allocation Failure) 2020-03-19T09:10:59.455+0800: 263.079: [ParNew: 164929K->4795K(176960K), 0.0320865 secs] 270519K->110401K(343720K), 0.0327243 secs] [Times: user=0.03 sys=0.00, real=0.04 secs] 
2020-03-19T09:11:03.905+0800: 267.529: [GC (Allocation Failure) 2020-03-19T09:11:03.905+0800: 267.530: [ParNew: 162107K->6953K(176960K), 0.0495827 secs] 267713K->112575K(343720K), 0.0503261 secs] [Times: user=0.04 sys=0.00, real=0.05 secs] 
2020-03-19T09:11:09.800+0800: 273.424: [GC (Allocation Failure) 2020-03-19T09:11:09.800+0800: 273.425: [ParNew: 164259K->6978K(176960K), 0.0292942 secs] 269880K->112616K(343720K), 0.0297574 secs] [Times: user=0.03 sys=0.00, real=0.03 secs] 
2020-03-19T09:11:15.107+0800: 278.732: [GC (Allocation Failure) 2020-03-19T09:11:15.107+0800: 278.732: [ParNew: 164290K->6884K(176960K), 0.0603961 secs] 269928K->112539K(343720K), 0.0608908 secs] [Times: user=0.04 sys=0.00, real=0.06 secs] 
2020-03-19T09:11:21.235+0800: 284.859: [GC (Allocation Failure) 2020-03-19T09:11:21.235+0800: 284.860: [ParNew: 164196K->7491K(176960K), 0.0347204 secs] 269851K->113225K(343720K), 0.0354883 secs] [Times: user=0.03 sys=0.00, real=0.04 secs] 
2020-03-19T09:11:28.235+0800: 291.859: [GC (Allocation Failure) 2020-03-19T09:11:28.235+0800: 291.860: [ParNew: 164803K->6990K(176960K), 0.0759286 secs] 270536K->113226K(343720K), 0.0766302 secs] [Times: user=0.03 sys=0.01, real=0.08 secs] 
2020-03-19T09:11:34.141+0800: 297.766: [GC (Allocation Failure) 2020-03-19T09:11:34.141+0800: 297.766: [ParNew: 164302K->3988K(176960K), 0.0387717 secs] 270538K->112189K(343720K), 0.0395292 secs] [Times: user=0.04 sys=0.00, real=0.04 secs] 
2020-03-19T09:11:39.089+0800: 302.714: [GC (Allocation Failure) 2020-03-19T09:11:39.090+0800: 302.714: [ParNew: 161300K->2993K(176960K), 0.0213639 secs] 269501K->111197K(343720K), 0.0218240 secs] [Times: user=0.03 sys=0.00, real=0.02 secs] 
2020-03-19T09:11:39.115+0800: 302.740: [GC (GCLocker Initiated GC) 2020-03-19T09:11:39.115+0800: 302.740: [ParNew: 4028K->2971K(176960K), 0.0533968 secs] 112233K->111395K(343720K), 0.0538082 secs] [Times: user=0.02 sys=0.00, real=0.06 secs] 
2020-03-19T09:11:44.966+0800: 308.590: [GC (Allocation Failure) 2020-03-19T09:11:44.966+0800: 308.591: [ParNew: 160283K->3983K(176960K), 0.0356158 secs] 268707K->112417K(343720K), 0.0362209 secs] [Times: user=0.02 sys=0.00, real=0.04 secs] 
2020-03-19T09:11:50.754+0800: 314.379: [GC (Allocation Failure) 2020-03-19T09:11:50.755+0800: 314.379: [ParNew: 161295K->2379K(176960K), 0.0391826 secs] 269729K->110815K(343720K), 0.0397976 secs] [Times: user=0.02 sys=0.01, real=0.04 secs] 
2020-03-19T09:11:57.024+0800: 320.649: [GC (Allocation Failure) 2020-03-19T09:11:57.025+0800: 320.649: [ParNew: 159691K->3118K(176960K), 0.0228975 secs] 268127K->111561K(343720K), 0.0233899 secs] [Times: user=0.02 sys=0.00, real=0.03 secs] 
2020-03-19T09:12:01.584+0800: 325.208: [GC (Allocation Failure) 2020-03-19T09:12:01.584+0800: 325.209: [ParNew: 160430K->2922K(176960K), 0.0618998 secs] 268873K->111365K(343720K), 0.0626805 secs] [Times: user=0.02 sys=0.01, real=0.07 secs] 
2020-03-19T09:12:07.031+0800: 330.656: [GC (Allocation Failure) 2020-03-19T09:12:07.031+0800: 330.656: [ParNew: 160234K->2969K(176960K), 0.0278878 secs] 268677K->111713K(343720K), 0.0283982 secs] [Times: user=0.02 sys=0.00, real=0.03 secs] 
2020-03-19T09:12:14.419+0800: 338.043: [GC (Allocation Failure) 2020-03-19T09:12:14.419+0800: 338.043: [ParNew: 160281K->2187K(176960K), 0.0443521 secs] 269025K->110937K(343720K), 0.0448403 secs] [Times: user=0.03 sys=0.00, real=0.04 secs] 
2020-03-19T09:12:18.853+0800: 342.477: [GC (Allocation Failure) 2020-03-19T09:12:18.853+0800: 342.478: [ParNew: 159499K->3074K(176960K), 0.0477589 secs] 268249K->111826K(343720K), 0.0482373 secs] [Times: user=0.03 sys=0.00, real=0.05 secs] 
2020-03-19T09:12:26.064+0800: 349.689: [GC (Allocation Failure) 2020-03-19T09:12:26.065+0800: 349.689: [ParNew: 160386K->1981K(176960K), 0.0372334 secs] 269138K->110740K(343720K), 0.0391447 secs] [Times: user=0.02 sys=0.00, real=0.04 secs] 
2020-03-19T09:12:31.992+0800: 355.617: [GC (Allocation Failure) 2020-03-19T09:12:31.992+0800: 355.617: [ParNew: 159293K->3022K(176960K), 0.0202981 secs] 268052K->111784K(343720K), 0.0208090 secs] [Times: user=0.02 sys=0.00, real=0.02 secs] 
2020-03-19T09:12:38.037+0800: 361.662: [GC (Allocation Failure) 2020-03-19T09:12:38.037+0800: 361.662: [ParNew: 160334K->2047K(176960K), 0.0258309 secs] 269096K->110815K(343720K), 0.0263386 secs] [Times: user=0.02 sys=0.01, real=0.03 secs] 
2020-03-19T09:12:44.773+0800: 368.397: [GC (Allocation Failure) 2020-03-19T09:12:44.773+0800: 368.398: [ParNew: 159359K->2204K(176960K), 0.0140665 secs] 268127K->110979K(343720K), 0.0144161 secs] [Times: user=0.02 sys=0.00, real=0.02 secs] 
2020-03-19T09:12:49.533+0800: 373.157: [GC (Allocation Failure) 2020-03-19T09:12:49.533+0800: 373.157: [ParNew: 159516K->2600K(176960K), 0.0214279 secs] 268291K->111375K(343720K), 0.0220580 secs] [Times: user=0.03 sys=0.00, real=0.02 secs] 
2020-03-19T09:12:56.563+0800: 380.188: [GC (Allocation Failure) 2020-03-19T09:12:56.563+0800: 380.188: [ParNew: 159912K->2543K(176960K), 0.0186914 secs] 268687K->111321K(343720K), 0.0192348 secs] [Times: user=0.03 sys=0.00, real=0.02 secs] 
2020-03-19T09:13:00.778+0800: 384.403: [GC (Allocation Failure) 2020-03-19T09:13:00.778+0800: 384.403: [ParNew: 159855K->2452K(176960K), 0.0146322 secs] 268633K->111257K(343720K), 0.0150745 secs] [Times: user=0.03 sys=0.00, real=0.01 secs] 
2020-03-19T09:13:06.562+0800: 390.186: [GC (Allocation Failure) 2020-03-19T09:13:06.562+0800: 390.186: [ParNew: 159764K->2054K(176960K), 0.0205598 secs] 268569K->110858K(343720K), 0.0210101 secs] [Times: user=0.02 sys=0.00, real=0.02 secs] 
2020-03-19T09:13:13.652+0800: 397.276: [GC (Allocation Failure) 2020-03-19T09:13:13.652+0800: 397.277: [ParNew: 159366K->2553K(176960K), 0.0158773 secs] 268170K->111361K(343720K), 0.0162297 secs] [Times: user=0.03 sys=0.00, real=0.02 secs] 
2020-03-19T09:13:17.796+0800: 401.420: [GC (Allocation Failure) 2020-03-19T09:13:17.796+0800: 401.420: [ParNew: 159861K->1709K(176960K), 0.0225528 secs] 268669K->110530K(343720K), 0.0229531 secs] [Times: user=0.02 sys=0.00, real=0.03 secs] 
2020-03-19T09:13:25.012+0800: 408.636: [GC (Allocation Failure) 2020-03-19T09:13:25.012+0800: 408.636: [ParNew: 159021K->2418K(176960K), 0.0125385 secs] 267842K->111240K(343720K), 0.0129723 secs] [Times: user=0.03 sys=0.00, real=0.01 secs] 
2020-03-19T09:13:30.914+0800: 414.538: [GC (Allocation Failure) 2020-03-19T09:13:30.914+0800: 414.538: [ParNew: 159730K->2482K(176960K), 0.0138648 secs] 268552K->111306K(343720K), 0.0142850 secs] [Times: user=0.03 sys=0.00, real=0.02 secs] 
2020-03-19T09:13:36.724+0800: 420.348: [GC (Allocation Failure) 2020-03-19T09:13:36.724+0800: 420.348: [ParNew: 159794K->2059K(176960K), 0.0142757 secs] 268618K->110885K(343720K), 0.0146305 secs] [Times: user=0.02 sys=0.00, real=0.02 secs] 
2020-03-19T09:13:44.158+0800: 427.782: [GC (Allocation Failure) 2020-03-19T09:13:44.158+0800: 427.783: [ParNew: 159371K->2551K(176960K), 0.0118391 secs] 268197K->111385K(343720K), 0.0122427 secs] [Times: user=0.03 sys=0.00, real=0.02 secs] 
2020-03-19T09:13:48.723+0800: 432.348: [GC (Allocation Failure) 2020-03-19T09:13:48.724+0800: 432.348: [ParNew: 159863K->2509K(176960K), 0.0164948 secs] 268697K->111352K(343720K), 0.0168731 secs] [Times: user=0.03 sys=0.00, real=0.02 secs] 
2020-03-19T09:13:55.130+0800: 438.755: [GC (Allocation Failure) 2020-03-19T09:13:55.131+0800: 438.755: [ParNew: 159821K->2408K(176960K), 0.0200690 secs] 268664K->111253K(343720K), 0.0204934 secs] [Times: user=0.02 sys=0.00, real=0.02 secs] 
2020-03-19T09:14:00.677+0800: 444.302: [GC (Allocation Failure) 2020-03-19T09:14:00.677+0800: 444.302: [ParNew: 159720K->2469K(176960K), 0.0204500 secs] 268565K->111315K(343720K), 0.0208734 secs] [Times: user=0.02 sys=0.00, real=0.02 secs] 
2020-03-19T09:14:05.821+0800: 449.446: [GC (Allocation Failure) 2020-03-19T09:14:05.822+0800: 449.446: [ParNew: 159260K->3544K(176960K), 0.0149867 secs] 268105K->112390K(343720K), 0.0153545 secs] [Times: user=0.03 sys=0.00, real=0.01 secs] 
2020-03-19T09:14:12.760+0800: 456.385: [GC (Allocation Failure) 2020-03-19T09:14:12.760+0800: 456.385: [ParNew: 160856K->2700K(176960K), 0.0278749 secs] 269702K->111549K(343720K), 0.0283180 secs] [Times: user=0.03 sys=0.00, real=0.03 secs] 
2020-03-19T09:14:16.830+0800: 460.455: [GC (Allocation Failure) 2020-03-19T09:14:16.831+0800: 460.455: [ParNew: 160012K->2535K(176960K), 0.0177852 secs] 268861K->111389K(343720K), 0.0182452 secs] [Times: user=0.02 sys=0.00, real=0.02 secs] 
2020-03-19T09:14:24.198+0800: 467.822: [GC (Allocation Failure) 2020-03-19T09:14:24.198+0800: 467.823: [ParNew: 159847K->2437K(176960K), 0.0168451 secs] 268701K->111292K(343720K), 0.0173143 secs] [Times: user=0.02 sys=0.01, real=0.02 secs] 
2020-03-19T09:14:30.723+0800: 474.347: [GC (Allocation Failure) 2020-03-19T09:14:30.723+0800: 474.347: [ParNew: 159749K->2490K(176960K), 0.0168818 secs] 268604K->111347K(343720K), 0.0173059 secs] [Times: user=0.03 sys=0.00, real=0.02 secs] 
2020-03-19T09:14:35.819+0800: 479.444: [GC (Allocation Failure) 2020-03-19T09:14:35.820+0800: 479.444: [ParNew: 158960K->4941K(176960K), 0.0124167 secs] 267817K->113800K(343720K), 0.0127525 secs] [Times: user=0.02 sys=0.00, real=0.01 secs] 
2020-03-19T09:14:43.224+0800: 486.849: [GC (Allocation Failure) 2020-03-19T09:14:43.224+0800: 486.849: [ParNew: 162253K->2483K(176960K), 0.0184284 secs] 271112K->111354K(343720K), 0.0189723 secs] [Times: user=0.02 sys=0.00, real=0.02 secs] 
2020-03-19T09:14:47.598+0800: 491.223: [GC (Allocation Failure) 2020-03-19T09:14:47.599+0800: 491.223: [ParNew: 159795K->2486K(176960K), 0.0121869 secs] 268666K->111362K(343720K), 0.0125392 secs] [Times: user=0.02 sys=0.00, real=0.01 secs] 
2020-03-19T09:14:54.412+0800: 498.036: [GC (Allocation Failure) 2020-03-19T09:14:54.412+0800: 498.037: [ParNew: 159798K->2400K(176960K), 0.0129440 secs] 268674K->111279K(343720K), 0.0135029 secs] [Times: user=0.02 sys=0.00, real=0.01 secs] 
2020-03-19T09:15:00.067+0800: 503.691: [GC (Allocation Failure) 2020-03-19T09:15:00.067+0800: 503.691: [ParNew: 159712K->2465K(176960K), 0.0149186 secs] 268591K->111345K(343720K), 0.0152547 secs] [Times: user=0.03 sys=0.00, real=0.01 secs] 
2020-03-19T09:15:05.329+0800: 508.954: [GC (Allocation Failure) 2020-03-19T09:15:05.329+0800: 508.954: [ParNew: 159777K->1968K(176960K), 0.0133035 secs] 268657K->110849K(343720K), 0.0137014 secs] [Times: user=0.02 sys=0.00, real=0.01 secs] 
2020-03-19T09:15:11.575+0800: 515.199: [GC (Allocation Failure) 2020-03-19T09:15:11.575+0800: 515.200: [ParNew: 159280K->2604K(176960K), 0.0182804 secs] 268161K->111487K(343720K), 0.0186832 secs] [Times: user=0.02 sys=0.00, real=0.02 secs] 
2020-03-19T09:15:16.094+0800: 519.719: [GC (Allocation Failure) 2020-03-19T09:15:16.094+0800: 519.719: [ParNew: 159916K->2441K(176960K), 0.0186806 secs] 268799K->111330K(343720K), 0.0190705 secs] [Times: user=0.02 sys=0.00, real=0.02 secs] 
2020-03-19T09:15:23.234+0800: 526.859: [GC (Allocation Failure) 2020-03-19T09:15:23.234+0800: 526.859: [ParNew: 159753K->2056K(176960K), 0.0122192 secs] 268642K->110946K(343720K), 0.0126133 secs] [Times: user=0.02 sys=0.00, real=0.02 secs] 
2020-03-19T09:15:29.797+0800: 533.422: [GC (Allocation Failure) 2020-03-19T09:15:29.797+0800: 533.422: [ParNew: 159368K->2624K(176960K), 0.0131798 secs] 268258K->111515K(343720K), 0.0135475 secs] [Times: user=0.03 sys=0.00, real=0.02 secs] 
2020-03-19T09:15:35.444+0800: 539.068: [GC (Allocation Failure) 2020-03-19T09:15:35.444+0800: 539.069: [ParNew: 159936K->2961K(176960K), 0.0185263 secs] 268827K->111852K(343720K), 0.0190720 secs] [Times: user=0.02 sys=0.00, real=0.02 secs] 
2020-03-19T09:15:42.572+0800: 546.197: [GC (Allocation Failure) 2020-03-19T09:15:42.573+0800: 546.197: [ParNew: 160273K->2260K(176960K), 0.0189088 secs] 269164K->111157K(343720K), 0.0195751 secs] [Times: user=0.02 sys=0.00, real=0.02 secs] 
2020-03-19T09:15:46.787+0800: 550.412: [GC (Allocation Failure) 2020-03-19T09:15:46.788+0800: 550.412: [ParNew: 159572K->3021K(176960K), 0.0177137 secs] 268469K->111931K(343720K), 0.0181208 secs] [Times: user=0.01 sys=0.00, real=0.01 secs] 
2020-03-19T09:15:53.452+0800: 557.077: [GC (Allocation Failure) 2020-03-19T09:15:53.452+0800: 557.077: [ParNew: 160333K->1934K(176960K), 0.0118470 secs] 269243K->110847K(343720K), 0.0121898 secs] [Times: user=0.02 sys=0.00, real=0.01 secs] 
2020-03-19T09:15:59.810+0800: 563.435: [GC (Allocation Failure) 2020-03-19T09:15:59.810+0800: 563.435: [ParNew: 159246K->2218K(176960K), 0.0131947 secs] 268159K->111132K(343720K), 0.0135600 secs] [Times: user=0.02 sys=0.00, real=0.01 secs] 
2020-03-19T09:16:04.454+0800: 568.078: [GC (Allocation Failure) 2020-03-19T09:16:04.454+0800: 568.078: [ParNew: 159530K->1916K(176960K), 0.0185637 secs] 268444K->110832K(343720K), 0.0189981 secs] [Times: user=0.02 sys=0.00, real=0.02 secs] 
2020-03-19T09:16:10.795+0800: 574.419: [GC (Allocation Failure) 2020-03-19T09:16:10.795+0800: 574.419: [ParNew: 159228K->2597K(176960K), 0.0242966 secs] 268144K->111514K(343720K), 0.0247412 secs] [Times: user=0.02 sys=0.00, real=0.03 secs] 
2020-03-19T09:16:15.630+0800: 579.255: [GC (Allocation Failure) 2020-03-19T09:16:15.631+0800: 579.255: [ParNew: 159909K->2434K(176960K), 0.0144837 secs] 268826K->111355K(343720K), 0.0148547 secs] [Times: user=0.03 sys=0.00, real=0.01 secs] 
2020-03-19T09:16:22.570+0800: 586.194: [GC (Allocation Failure) 2020-03-19T09:16:22.570+0800: 586.195: [ParNew: 159746K->2497K(176960K), 0.0182578 secs] 268667K->111420K(343720K), 0.0186928 secs] [Times: user=0.03 sys=0.00, real=0.02 secs] 
2020-03-19T09:16:26.092+0800: 589.717: [GC (Allocation Failure) 2020-03-19T09:16:26.093+0800: 589.717: [ParNew: 159809K->8059K(176960K), 0.0294373 secs] 268732K->116983K(343720K), 0.0298754 secs] [Times: user=0.04 sys=0.00, real=0.03 secs] 
2020-03-19T09:16:27.545+0800: 591.169: [GC (Allocation Failure) 2020-03-19T09:16:27.545+0800: 591.170: [ParNew: 165371K->9662K(176960K), 0.0423640 secs] 274295K->118589K(343720K), 0.0427894 secs] [Times: user=0.06 sys=0.01, real=0.05 secs] 
2020-03-19T09:16:31.893+0800: 595.517: [GC (Allocation Failure) 2020-03-19T09:16:31.893+0800: 595.518: [ParNew: 166974K->8881K(176960K), 0.0270737 secs] 275901K->117808K(343720K), 0.0275153 secs] [Times: user=0.03 sys=0.00, real=0.03 secs] 
2020-03-19T09:16:38.061+0800: 601.685: [GC (Allocation Failure) 2020-03-19T09:16:38.061+0800: 601.685: [ParNew: 166193K->10506K(176960K), 0.0168162 secs] 275120K->119440K(343720K), 0.0172066 secs] [Times: user=0.03 sys=0.00, real=0.01 secs] 
2020-03-19T09:16:44.782+0800: 608.407: [GC (Allocation Failure) 2020-03-19T09:16:44.782+0800: 608.407: [ParNew: 167818K->14400K(176960K), 0.0212322 secs] 276752K->123337K(343720K), 0.0216448 secs] [Times: user=0.04 sys=0.00, real=0.02 secs] 
2020-03-19T09:16:49.439+0800: 613.063: [GC (Allocation Failure) 2020-03-19T09:16:49.439+0800: 613.064: [ParNew: 171712K->9249K(176960K), 0.0247949 secs] 280649K->118186K(343720K), 0.0251905 secs] [Times: user=0.02 sys=0.00, real=0.02 secs] 
2020-03-19T09:16:55.670+0800: 619.295: [GC (Allocation Failure) 2020-03-19T09:16:55.671+0800: 619.295: [ParNew: 166561K->9811K(176960K), 0.0237078 secs] 275498K->118749K(343720K), 0.0241125 secs] [Times: user=0.04 sys=0.00, real=0.02 secs] 
2020-03-19T09:17:00.204+0800: 623.828: [GC (Allocation Failure) 2020-03-19T09:17:00.204+0800: 623.829: [ParNew: 167123K->14354K(176960K), 0.0326913 secs] 276061K->123294K(343720K), 0.0331055 secs] [Times: user=0.05 sys=0.00, real=0.03 secs] 
2020-03-19T09:17:01.703+0800: 625.327: [GC (GCLocker Initiated GC) 2020-03-19T09:17:01.703+0800: 625.328: [ParNew: 171742K->13279K(176960K), 0.0864403 secs] 280681K->122222K(343720K), 0.0869053 secs] [Times: user=0.06 sys=0.00, real=0.09 secs] 
2020-03-19T09:17:03.187+0800: 626.812: [GC (GCLocker Initiated GC) 2020-03-19T09:17:03.187+0800: 626.812: [ParNew: 171027K->17085K(176960K), 0.1205606 secs] 279970K->126796K(343720K), 0.1211884 secs] [Times: user=0.08 sys=0.01, real=0.13 secs] 
2020-03-19T09:17:04.185+0800: 627.810: [GC (Allocation Failure) 2020-03-19T09:17:04.186+0800: 627.810: [ParNew: 174397K->9770K(176960K), 0.1278991 secs] 284108K->123803K(343720K), 0.1285084 secs] [Times: user=0.08 sys=0.00, real=0.13 secs] 
2020-03-19T09:17:04.325+0800: 627.950: [GC (GCLocker Initiated GC) 2020-03-19T09:17:04.325+0800: 627.950: [ParNew: 10912K->10193K(176960K), 0.0787335 secs] 124945K->124226K(343720K), 0.0793961 secs] [Times: user=0.07 sys=0.00, real=0.08 secs] 
2020-03-19T09:17:05.665+0800: 629.290: [GC (Allocation Failure) 2020-03-19T09:17:05.666+0800: 629.290: [ParNew: 167505K->8205K(176960K), 0.0706053 secs] 281538K->122238K(343720K), 0.0710392 secs] [Times: user=0.10 sys=0.00, real=0.07 secs] 
2020-03-19T09:17:05.767+0800: 629.391: [GC (GCLocker Initiated GC) 2020-03-19T09:17:05.767+0800: 629.392: [ParNew: 15200K->8841K(176960K), 0.0502731 secs] 129233K->122874K(343720K), 0.0507962 secs] [Times: user=0.05 sys=0.00, real=0.06 secs] 
2020-03-19T09:17:06.670+0800: 630.295: [GC (GCLocker Initiated GC) 2020-03-19T09:17:06.670+0800: 630.295: [ParNew: 166269K->13811K(176960K), 0.0608334 secs] 280302K->127844K(343720K), 0.0612974 secs] [Times: user=0.09 sys=0.00, real=0.06 secs] 
2020-03-19T09:17:12.506+0800: 636.130: [GC (Allocation Failure) 2020-03-19T09:17:12.506+0800: 636.131: [ParNew: 171123K->8926K(176960K), 0.0312218 secs] 285156K->122959K(343720K), 0.0316330 secs] [Times: user=0.04 sys=0.00, real=0.03 secs] 
2020-03-19T09:17:16.215+0800: 639.840: [GC (Allocation Failure) 2020-03-19T09:17:16.216+0800: 639.840: [ParNew: 166238K->12928K(176960K), 0.0316839 secs] 280271K->126961K(343720K), 0.0320662 secs] [Times: user=0.04 sys=0.00, real=0.04 secs] 
2020-03-19T09:17:23.226+0800: 646.851: [GC (Allocation Failure) 2020-03-19T09:17:23.227+0800: 646.851: [ParNew: 170240K->9057K(176960K), 0.0221954 secs] 284273K->123636K(343720K), 0.0226391 secs] [Times: user=0.04 sys=0.00, real=0.02 secs] 
2020-03-19T09:17:29.363+0800: 652.988: [GC (Allocation Failure) 2020-03-19T09:17:29.364+0800: 652.988: [ParNew: 166369K->12244K(176960K), 0.0239059 secs] 280948K->126832K(343720K), 0.0243408 secs] [Times: user=0.04 sys=0.00, real=0.03 secs] 
2020-03-19T09:17:33.194+0800: 656.818: [GC (Allocation Failure) 2020-03-19T09:17:33.194+0800: 656.818: [ParNew: 169556K->10827K(176960K), 0.0284256 secs] 284144K->125432K(343720K), 0.0289823 secs] [Times: user=0.05 sys=0.00, real=0.03 secs] 
2020-03-19T09:17:33.789+0800: 657.413: [GC (Allocation Failure) 2020-03-19T09:17:33.789+0800: 657.414: [ParNew: 168139K->17564K(176960K), 0.0477670 secs] 282744K->132175K(343720K), 0.0481955 secs] [Times: user=0.06 sys=0.00, real=0.04 secs] 
2020-03-19T09:17:34.448+0800: 658.073: [GC (Allocation Failure) 2020-03-19T09:17:34.448+0800: 658.073: [ParNew: 174876K->19106K(176960K), 0.0643727 secs] 289487K->137422K(343720K), 0.0650106 secs] [Times: user=0.11 sys=0.00, real=0.06 secs] 
2020-03-19T09:17:35.627+0800: 659.252: [GC (Allocation Failure) 2020-03-19T09:17:35.628+0800: 659.252: [ParNew: 176418K->11845K(176960K), 0.0741041 secs] 294734K->135408K(343720K), 0.0745591 secs] [Times: user=0.10 sys=0.00, real=0.07 secs] 
2020-03-19T09:17:36.620+0800: 660.245: [GC (Allocation Failure) 2020-03-19T09:17:36.621+0800: 660.245: [ParNew: 169157K->10691K(176960K), 0.0319283 secs] 292720K->134253K(343720K), 0.0323068 secs] [Times: user=0.05 sys=0.00, real=0.03 secs] 
2020-03-19T09:17:37.865+0800: 661.490: [GC (Allocation Failure) 2020-03-19T09:17:37.865+0800: 661.490: [ParNew: 168003K->11134K(176960K), 0.0381124 secs] 291565K->134696K(343720K), 0.0385979 secs] [Times: user=0.06 sys=0.00, real=0.04 secs] 
2020-03-19T09:17:44.805+0800: 668.430: [GC (Allocation Failure) 2020-03-19T09:17:44.805+0800: 668.430: [ParNew: 168446K->8487K(176960K), 0.0299259 secs] 292008K->132050K(343720K), 0.0302951 secs] [Times: user=0.04 sys=0.00, real=0.03 secs] 
2020-03-19T09:17:49.498+0800: 673.123: [GC (Allocation Failure) 2020-03-19T09:17:49.499+0800: 673.123: [ParNew: 165799K->9129K(176960K), 0.0309372 secs] 289362K->132691K(343720K), 0.0315216 secs] [Times: user=0.03 sys=0.00, real=0.03 secs] 
2020-03-19T09:17:56.094+0800: 679.719: [GC (Allocation Failure) 2020-03-19T09:17:56.095+0800: 679.719: [ParNew: 166441K->10114K(176960K), 0.0240179 secs] 290003K->133676K(343720K), 0.0245550 secs] [Times: user=0.04 sys=0.01, real=0.03 secs] 
2020-03-19T09:18:00.786+0800: 684.410: [GC (Allocation Failure) 2020-03-19T09:18:00.786+0800: 684.410: [ParNew: 167426K->11106K(176960K), 0.0359084 secs] 290988K->134668K(343720K), 0.0363183 secs] [Times: user=0.04 sys=0.00, real=0.04 secs] 
2020-03-19T09:18:05.552+0800: 689.176: [GC (Allocation Failure) 2020-03-19T09:18:05.552+0800: 689.176: [ParNew: 168418K->12040K(176960K), 0.0240862 secs] 291980K->135603K(343720K), 0.0245149 secs] [Times: user=0.05 sys=0.00, real=0.02 secs] 
2020-03-19T09:18:12.094+0800: 695.718: [GC (Allocation Failure) 2020-03-19T09:18:12.094+0800: 695.718: [ParNew: 169352K->11795K(176960K), 0.0245952 secs] 292915K->135358K(343720K), 0.0250042 secs] [Times: user=0.05 sys=0.00, real=0.03 secs] 
2020-03-19T09:18:15.661+0800: 699.285: [GC (Allocation Failure) 2020-03-19T09:18:15.661+0800: 699.285: [ParNew: 169107K->11715K(176960K), 0.0240750 secs] 292670K->135277K(343720K), 0.0244955 secs] [Times: user=0.05 sys=0.00, real=0.02 secs] 
2020-03-19T09:18:21.892+0800: 705.516: [GC (Allocation Failure) 2020-03-19T09:18:21.892+0800: 705.517: [ParNew: 169027K->11853K(176960K), 0.0372007 secs] 292589K->135415K(343720K), 0.0375885 secs] [Times: user=0.05 sys=0.00, real=0.04 secs] 
2020-03-19T09:18:29.008+0800: 712.632: [GC (Allocation Failure) 2020-03-19T09:18:29.008+0800: 712.633: [ParNew: 169165K->11896K(176960K), 0.0236297 secs] 292727K->135459K(343720K), 0.0240610 secs] [Times: user=0.05 sys=0.00, real=0.02 secs] 
2020-03-19T09:18:34.409+0800: 718.034: [GC (Allocation Failure) 2020-03-19T09:18:34.409+0800: 718.034: [ParNew: 169208K->11843K(176960K), 0.0270247 secs] 292771K->135406K(343720K), 0.0274022 secs] [Times: user=0.04 sys=0.00, real=0.02 secs] 
2020-03-19T09:18:40.872+0800: 724.497: [GC (Allocation Failure) 2020-03-19T09:18:40.872+0800: 724.497: [ParNew: 169155K->11939K(176960K), 0.0339496 secs] 292718K->135501K(343720K), 0.0344656 secs] [Times: user=0.04 sys=0.00, real=0.04 secs] 
2020-03-19T09:18:45.733+0800: 729.358: [GC (Allocation Failure) 2020-03-19T09:18:45.734+0800: 729.358: [ParNew: 169251K->7907K(176960K), 0.0304279 secs] 292813K->133727K(343720K), 0.0308095 secs] [Times: user=0.06 sys=0.00, real=0.03 secs] 
2020-03-19T09:18:52.128+0800: 735.752: [GC (Allocation Failure) 2020-03-19T09:18:52.128+0800: 735.752: [ParNew: 165219K->6327K(176960K), 0.0240488 secs] 291039K->133332K(343720K), 0.0244337 secs] [Times: user=0.05 sys=0.00, real=0.02 secs] 
2020-03-19T09:18:58.686+0800: 742.310: [GC (Allocation Failure) 2020-03-19T09:18:58.686+0800: 742.311: [ParNew: 163639K->5038K(176960K), 0.0228073 secs] 290644K->133566K(343720K), 0.0234709 secs] [Times: user=0.04 sys=0.00, real=0.03 secs] 
2020-03-19T09:19:03.017+0800: 746.642: [GC (Allocation Failure) 2020-03-19T09:19:03.018+0800: 746.642: [ParNew: 162350K->3529K(176960K), 0.0170178 secs] 290878K->132526K(343720K), 0.0174218 secs] [Times: user=0.03 sys=0.00, real=0.02 secs] 
2020-03-19T09:19:08.622+0800: 752.247: [GC (Allocation Failure) 2020-03-19T09:19:08.622+0800: 752.247: [ParNew: 160841K->2897K(176960K), 0.0164264 secs] 289838K->132195K(343720K), 0.0168767 secs] [Times: user=0.02 sys=0.01, real=0.02 secs] 
2020-03-19T09:19:13.553+0800: 757.177: [GC (Allocation Failure) 2020-03-19T09:19:13.553+0800: 757.178: [ParNew: 160209K->4037K(176960K), 0.0570390 secs] 289507K->133494K(343720K), 0.0578202 secs] [Times: user=0.05 sys=0.00, real=0.06 secs] 
2020-03-19T09:19:15.054+0800: 758.678: [GC (Allocation Failure) 2020-03-19T09:19:15.055+0800: 758.679: [ParNew: 161349K->5807K(176960K), 0.1676107 secs] 290806K->135471K(343720K), 0.1686075 secs] [Times: user=0.08 sys=0.00, real=0.17 secs] 
2020-03-19T09:19:16.886+0800: 760.511: [GC (Allocation Failure) 2020-03-19T09:19:16.886+0800: 760.511: [ParNew: 163119K->9420K(176960K), 0.0533888 secs] 292783K->139123K(343720K), 0.0539100 secs] [Times: user=0.06 sys=0.00, real=0.05 secs] 
2020-03-19T09:19:17.583+0800: 761.208: [GC (Allocation Failure) 2020-03-19T09:19:17.583+0800: 761.208: [ParNew: 166732K->11654K(176960K), 0.0242893 secs] 296435K->141508K(343720K), 0.0246646 secs] [Times: user=0.05 sys=0.00, real=0.03 secs] 
2020-03-19T09:19:18.747+0800: 762.372: [GC (Allocation Failure) 2020-03-19T09:19:18.759+0800: 762.383: [ParNew: 168966K->18772K(176960K), 0.0927667 secs] 298820K->148651K(343720K), 0.1046575 secs] [Times: user=0.09 sys=0.00, real=0.10 secs] 
2020-03-19T09:19:19.823+0800: 763.447: [GC (Allocation Failure) 2020-03-19T09:19:19.823+0800: 763.447: [ParNew: 176084K->13082K(176960K), 0.1058890 secs] 305963K->146735K(343720K), 0.1063138 secs] [Times: user=0.07 sys=0.01, real=0.11 secs] 
2020-03-19T09:19:19.953+0800: 763.577: [GC (CMS Initial Mark) [1 CMS-initial-mark: 133653K(166760K)] 152593K(343720K), 0.0275922 secs] [Times: user=0.01 sys=0.00, real=0.03 secs] 
2020-03-19T09:19:19.981+0800: 763.605: [CMS-concurrent-mark-start]
2020-03-19T09:19:20.901+0800: 764.526: [CMS-concurrent-mark: 0.918/0.920 secs] [Times: user=0.84 sys=0.06, real=0.92 secs] 
2020-03-19T09:19:20.902+0800: 764.526: [CMS-concurrent-preclean-start]
2020-03-19T09:19:20.921+0800: 764.545: [CMS-concurrent-preclean: 0.019/0.019 secs] [Times: user=0.02 sys=0.00, real=0.02 secs] 
2020-03-19T09:19:20.921+0800: 764.546: [CMS-concurrent-abortable-preclean-start]
2020-03-19T09:19:21.115+0800: 764.740: [GC (Allocation Failure) 2020-03-19T09:19:21.115+0800: 764.740: [ParNew: 170394K->5714K(176960K), 0.0589864 secs] 304047K->139367K(343720K), 0.0594635 secs] [Times: user=0.05 sys=0.00, real=0.06 secs] 
2020-03-19T09:19:24.531+0800: 768.156: [CMS-concurrent-abortable-preclean: 1.837/3.610 secs] [Times: user=2.06 sys=0.12, real=3.61 secs] 
2020-03-19T09:19:24.533+0800: 768.158: [GC (CMS Final Remark) [YG occupancy: 89472 K (176960 K)]2020-03-19T09:19:24.533+0800: 768.158: [Rescan (parallel) , 0.0325471 secs]2020-03-19T09:19:24.566+0800: 768.190: [weak refs processing, 0.0022922 secs]2020-03-19T09:19:24.568+0800: 768.193: [class unloading, 0.0370228 secs]2020-03-19T09:19:24.605+0800: 768.230: [scrub symbol table, 0.0254437 secs]2020-03-19T09:19:24.631+0800: 768.255: [scrub string table, 0.0028011 secs][1 CMS-remark: 133653K(166760K)] 223125K(343720K), 0.1020045 secs] [Times: user=0.13 sys=0.01, real=0.10 secs] 
2020-03-19T09:19:24.637+0800: 768.261: [CMS-concurrent-sweep-start]
2020-03-19T09:19:24.716+0800: 768.341: [CMS-concurrent-sweep: 0.080/0.080 secs] [Times: user=0.08 sys=0.00, real=0.08 secs] 
2020-03-19T09:19:24.717+0800: 768.342: [CMS-concurrent-reset-start]
2020-03-19T09:19:24.718+0800: 768.343: [CMS-concurrent-reset: 0.001/0.001 secs] [Times: user=0.00 sys=0.00, real=0.01 secs] 
2020-03-19T09:19:27.550+0800: 771.174: [GC (Allocation Failure) 2020-03-19T09:19:27.550+0800: 771.174: [ParNew: 163026K->4111K(176960K), 0.0273698 secs] 266621K->107706K(349620K), 0.0277704 secs] [Times: user=0.03 sys=0.00, real=0.02 secs] 
2020-03-19T09:19:33.552+0800: 777.176: [GC (Allocation Failure) 2020-03-19T09:19:33.552+0800: 777.177: [ParNew: 161423K->6157K(176960K), 0.0158342 secs] 265018K->109752K(349620K), 0.0161978 secs] [Times: user=0.03 sys=0.00, real=0.02 secs] 
2020-03-19T09:19:39.292+0800: 782.917: [GC (Allocation Failure) 2020-03-19T09:19:39.292+0800: 782.917: [ParNew: 163469K->7517K(176960K), 0.0162857 secs] 267064K->111112K(349620K), 0.0166755 secs] [Times: user=0.03 sys=0.00, real=0.02 secs] 
2020-03-19T09:19:45.281+0800: 788.906: [GC (Allocation Failure) 2020-03-19T09:19:45.282+0800: 788.906: [ParNew: 164829K->6462K(176960K), 0.0260242 secs] 268424K->110057K(349620K), 0.0263961 secs] [Times: user=0.02 sys=0.00, real=0.03 secs] 
2020-03-19T09:19:51.270+0800: 794.894: [GC (Allocation Failure) 2020-03-19T09:19:51.270+0800: 794.894: [ParNew: 163774K->6658K(176960K), 0.0166490 secs] 267369K->110253K(349620K), 0.0170003 secs] [Times: user=0.03 sys=0.00, real=0.02 secs] 
2020-03-19T09:19:57.329+0800: 800.953: [GC (Allocation Failure) 2020-03-19T09:19:57.329+0800: 800.953: [ParNew: 163970K->6815K(176960K), 0.0172308 secs] 267565K->110409K(349620K), 0.0175841 secs] [Times: user=0.03 sys=0.00, real=0.02 secs] 
2020-03-19T09:19:59.840+0800: 803.465: [GC (Allocation Failure) 2020-03-19T09:19:59.840+0800: 803.465: [ParNew: 164127K->11502K(176960K), 0.1016173 secs] 267721K->115097K(349620K), 0.1021358 secs] [Times: user=0.07 sys=0.00, real=0.10 secs] 
2020-03-19T09:20:00.977+0800: 804.602: [GC (Allocation Failure) 2020-03-19T09:20:00.978+0800: 804.602: [ParNew: 168814K->16444K(176960K), 0.0735412 secs] 272409K->120039K(349620K), 0.0741548 secs] [Times: user=0.05 sys=0.00, real=0.08 secs] 
2020-03-19T09:20:03.705+0800: 807.330: [GC (Allocation Failure) 2020-03-19T09:20:03.706+0800: 807.330: [ParNew: 173756K->7821K(176960K), 0.0165084 secs] 277351K->111416K(349620K), 0.0168551 secs] [Times: user=0.03 sys=0.00, real=0.02 secs] 
2020-03-19T09:20:09.575+0800: 813.199: [GC (Allocation Failure) 2020-03-19T09:20:09.575+0800: 813.199: [ParNew: 165133K->5267K(176960K), 0.0172667 secs] 268728K->108862K(349620K), 0.0177025 secs] [Times: user=0.03 sys=0.00, real=0.02 secs] 
2020-03-19T09:20:15.265+0800: 818.890: [GC (Allocation Failure) 2020-03-19T09:20:15.265+0800: 818.890: [ParNew: 162573K->7514K(176960K), 0.0205358 secs] 266168K->111108K(349620K), 0.0209228 secs] [Times: user=0.04 sys=0.00, real=0.03 secs] 
2020-03-19T09:20:21.094+0800: 824.718: [GC (Allocation Failure) 2020-03-19T09:20:21.094+0800: 824.718: [ParNew: 164826K->5440K(176960K), 0.0179346 secs] 268420K->109035K(349620K), 0.0183253 secs] [Times: user=0.03 sys=0.00, real=0.02 secs] 
2020-03-19T09:20:27.635+0800: 831.260: [GC (Allocation Failure) 2020-03-19T09:20:27.635+0800: 831.260: [ParNew: 162752K->7686K(176960K), 0.0214313 secs] 266347K->111870K(349620K), 0.0217893 secs] [Times: user=0.03 sys=0.00, real=0.02 secs] 
2020-03-19T09:20:33.672+0800: 837.297: [GC (Allocation Failure) 2020-03-19T09:20:33.672+0800: 837.297: [ParNew: 164998K->5850K(176960K), 0.0213122 secs] 269182K->110697K(349620K), 0.0217342 secs] [Times: user=0.03 sys=0.00, real=0.02 secs] 
2020-03-19T09:20:39.484+0800: 843.109: [GC (Allocation Failure) 2020-03-19T09:20:39.484+0800: 843.109: [ParNew: 163162K->3634K(176960K), 0.0372375 secs] 268009K->109571K(349620K), 0.0376890 secs] [Times: user=0.04 sys=0.00, real=0.04 secs] 
2020-03-19T09:20:45.335+0800: 848.959: [GC (Allocation Failure) 2020-03-19T09:20:45.335+0800: 848.959: [ParNew: 160946K->2930K(176960K), 0.0151485 secs] 266883K->109172K(349620K), 0.0155692 secs] [Times: user=0.02 sys=0.00, real=0.02 secs] 
2020-03-19T09:20:51.357+0800: 854.981: [GC (Allocation Failure) 2020-03-19T09:20:51.357+0800: 854.981: [ParNew: 160242K->2641K(176960K), 0.0149335 secs] 266484K->109068K(349620K), 0.0153629 secs] [Times: user=0.03 sys=0.00, real=0.02 secs] 
2020-03-19T09:20:57.483+0800: 861.107: [GC (Allocation Failure) 2020-03-19T09:20:57.483+0800: 861.108: [ParNew: 159953K->3586K(176960K), 0.0201401 secs] 266380K->110179K(349620K), 0.0206141 secs] [Times: user=0.02 sys=0.01, real=0.02 secs] 
2020-03-19T09:21:01.767+0800: 865.392: [GC (Allocation Failure) 2020-03-19T09:21:01.767+0800: 865.392: [ParNew: 160898K->3249K(176960K), 0.0177402 secs] 267491K->109859K(349620K), 0.0181125 secs] [Times: user=0.03 sys=0.00, real=0.01 secs] 
2020-03-19T09:21:07.400+0800: 871.024: [GC (Allocation Failure) 2020-03-19T09:21:07.400+0800: 871.024: [ParNew: 160561K->2198K(176960K), 0.0131688 secs] 267171K->108833K(349620K), 0.0135182 secs] [Times: user=0.02 sys=0.00, real=0.01 secs] 
2020-03-19T09:21:14.427+0800: 878.052: [GC (Allocation Failure) 2020-03-19T09:21:14.428+0800: 878.052: [ParNew: 159510K->3134K(176960K), 0.0183805 secs] 266145K->109788K(349620K), 0.0187872 secs] [Times: user=0.02 sys=0.00, real=0.02 secs] 
2020-03-19T09:21:19.147+0800: 882.772: [GC (Allocation Failure) 2020-03-19T09:21:19.147+0800: 882.772: [ParNew: 160446K->3188K(176960K), 0.0140451 secs] 267100K->110150K(349620K), 0.0143928 secs] [Times: user=0.03 sys=0.00, real=0.01 secs] 
2020-03-19T09:21:24.924+0800: 888.548: [GC (Allocation Failure) 2020-03-19T09:21:24.924+0800: 888.549: [ParNew: 160500K->3075K(176960K), 0.0486719 secs] 267462K->110072K(349620K), 0.0491724 secs] [Times: user=0.04 sys=0.00, real=0.05 secs] 
2020-03-19T09:21:26.071+0800: 889.696: [GC (Allocation Failure) 2020-03-19T09:21:26.071+0800: 889.696: [ParNew: 160387K->7187K(176960K), 0.0473404 secs] 267384K->114208K(349620K), 0.0478401 secs] [Times: user=0.05 sys=0.00, real=0.05 secs] 
2020-03-19T09:21:28.846+0800: 892.471: [GC (Allocation Failure) 2020-03-19T09:21:28.847+0800: 892.472: [ParNew: 164499K->4466K(176960K), 0.0316998 secs] 271520K->111500K(349620K), 0.0325381 secs] [Times: user=0.03 sys=0.00, real=0.04 secs] 
2020-03-19T09:21:31.277+0800: 894.902: [GC (Allocation Failure) 2020-03-19T09:21:31.277+0800: 894.902: [ParNew: 161778K->3890K(176960K), 0.0297239 secs] 268812K->110949K(349620K), 0.0300954 secs] [Times: user=0.02 sys=0.00, real=0.04 secs] 
2020-03-19T09:21:37.002+0800: 900.627: [GC (Allocation Failure) 2020-03-19T09:21:37.002+0800: 900.627: [ParNew: 161202K->3553K(176960K), 0.0193674 secs] 268261K->110624K(349620K), 0.0197786 secs] [Times: user=0.02 sys=0.01, real=0.02 secs] 
2020-03-19T09:21:44.106+0800: 907.730: [GC (Allocation Failure) 2020-03-19T09:21:44.106+0800: 907.730: [ParNew: 160865K->3515K(176960K), 0.0135067 secs] 267936K->110597K(349620K), 0.0138777 secs] [Times: user=0.03 sys=0.01, real=0.02 secs] 
2020-03-19T09:21:48.997+0800: 912.622: [GC (Allocation Failure) 2020-03-19T09:21:48.998+0800: 912.622: [ParNew: 160827K->3598K(176960K), 0.0169506 secs] 267909K->110689K(349620K), 0.0174127 secs] [Times: user=0.03 sys=0.00, real=0.02 secs] 
2020-03-19T09:21:55.332+0800: 918.957: [GC (Allocation Failure) 2020-03-19T09:21:55.332+0800: 918.957: [ParNew: 160910K->3529K(176960K), 0.0148027 secs] 268001K->110630K(349620K), 0.0152038 secs] [Times: user=0.02 sys=0.00, real=0.02 secs] 
2020-03-19T09:22:00.088+0800: 923.712: [GC (Allocation Failure) 2020-03-19T09:22:00.088+0800: 923.712: [ParNew: 160841K->3599K(176960K), 0.0179308 secs] 267942K->110715K(349620K), 0.0184142 secs] [Times: user=0.03 sys=0.00, real=0.02 secs] 
2020-03-19T09:22:05.671+0800: 929.296: [GC (Allocation Failure) 2020-03-19T09:22:05.672+0800: 929.296: [ParNew: 160910K->2739K(176960K), 0.0138573 secs] 268026K->109871K(349620K), 0.0142482 secs] [Times: user=0.03 sys=0.00, real=0.01 secs] 
2020-03-19T09:22:12.569+0800: 936.194: [GC (Allocation Failure) 2020-03-19T09:22:12.569+0800: 936.194: [ParNew: 160051K->3731K(176960K), 0.0299434 secs] 267183K->110874K(349620K), 0.0304148 secs] [Times: user=0.03 sys=0.00, real=0.03 secs] 
2020-03-19T09:22:16.569+0800: 940.194: [GC (Allocation Failure) 2020-03-19T09:22:16.569+0800: 940.194: [ParNew: 161043K->3564K(176960K), 0.0183183 secs] 268186K->110712K(349620K), 0.0186825 secs] [Times: user=0.02 sys=0.01, real=0.02 secs] 
2020-03-19T09:22:23.654+0800: 947.278: [GC (Allocation Failure) 2020-03-19T09:22:23.654+0800: 947.279: [ParNew: 160876K->3624K(176960K), 0.0260104 secs] 268024K->110780K(349620K), 0.0264265 secs] [Times: user=0.03 sys=0.00, real=0.03 secs] 
2020-03-19T09:22:29.833+0800: 953.457: [GC (Allocation Failure) 2020-03-19T09:22:29.833+0800: 953.457: [ParNew: 160936K->4797K(176960K), 0.0172500 secs] 268092K->111965K(349620K), 0.0177141 secs] [Times: user=0.03 sys=0.00, real=0.02 secs] 
2020-03-19T09:22:35.669+0800: 959.293: [GC (Allocation Failure) 2020-03-19T09:22:35.669+0800: 959.294: [ParNew: 162109K->2748K(176960K), 0.0183106 secs] 269277K->109925K(349620K), 0.0187512 secs] [Times: user=0.03 sys=0.00, real=0.02 secs] 
2020-03-19T09:22:42.636+0800: 966.260: [GC (Allocation Failure) 2020-03-19T09:22:42.636+0800: 966.260: [ParNew: 160060K->3751K(176960K), 0.0138347 secs] 267237K->110945K(349620K), 0.0142078 secs] [Times: user=0.03 sys=0.00, real=0.02 secs] 
2020-03-19T09:22:46.845+0800: 970.469: [GC (Allocation Failure) 2020-03-19T09:22:46.845+0800: 970.469: [ParNew: 161063K->3650K(176960K), 0.0172921 secs] 268257K->110860K(349620K), 0.0177059 secs] [Times: user=0.03 sys=0.00, real=0.02 secs] 
2020-03-19T09:22:53.500+0800: 977.124: [GC (Allocation Failure) 2020-03-19T09:22:53.500+0800: 977.124: [ParNew: 160962K->3551K(176960K), 0.0186840 secs] 268172K->111023K(349620K), 0.0190602 secs] [Times: user=0.02 sys=0.00, real=0.02 secs] 
2020-03-19T09:22:59.802+0800: 983.427: [GC (Allocation Failure) 2020-03-19T09:22:59.802+0800: 983.427: [ParNew: 160863K->2836K(176960K), 0.0163498 secs] 268335K->110722K(349620K), 0.0167247 secs] [Times: user=0.03 sys=0.00, real=0.02 secs] 
2020-03-19T09:23:04.148+0800: 987.772: [GC (Allocation Failure) 2020-03-19T09:23:04.148+0800: 987.772: [ParNew: 160148K->2008K(176960K), 0.0128719 secs] 268034K->109903K(349620K), 0.0132699 secs] [Times: user=0.03 sys=0.00, real=0.01 secs] 
2020-03-19T09:23:10.103+0800: 993.728: [GC (Allocation Failure) 2020-03-19T09:23:10.104+0800: 993.728: [ParNew: 159320K->2750K(176960K), 0.0188618 secs] 267215K->110656K(349620K), 0.0192662 secs] [Times: user=0.01 sys=0.00, real=0.02 secs] 
2020-03-19T09:23:15.402+0800: 999.027: [GC (Allocation Failure) 2020-03-19T09:23:15.403+0800: 999.027: [ParNew: 160062K->2593K(176960K), 0.0129725 secs] 267968K->110510K(349620K), 0.0133661 secs] [Times: user=0.02 sys=0.00, real=0.01 secs] 
2020-03-19T09:23:21.467+0800: 1005.091: [GC (Allocation Failure) 2020-03-19T09:23:21.467+0800: 1005.091: [ParNew: 159905K->2663K(176960K), 0.0129342 secs] 267822K->110587K(349620K), 0.0132875 secs] [Times: user=0.02 sys=0.00, real=0.01 secs] 
2020-03-19T09:23:28.292+0800: 1011.917: [GC (Allocation Failure) 2020-03-19T09:23:28.292+0800: 1011.917: [ParNew: 159975K->2660K(176960K), 0.0199804 secs] 267899K->110592K(349620K), 0.0204537 secs] [Times: user=0.02 sys=0.00, real=0.02 secs] 
2020-03-19T09:23:33.890+0800: 1017.514: [GC (Allocation Failure) 2020-03-19T09:23:33.890+0800: 1017.515: [ParNew: 159972K->2581K(176960K), 0.0136246 secs] 267904K->110526K(349620K), 0.0141127 secs] [Times: user=0.02 sys=0.00, real=0.01 secs] 
2020-03-19T09:23:39.923+0800: 1023.548: [GC (Allocation Failure) 2020-03-19T09:23:39.924+0800: 1023.548: [ParNew: 159893K->2654K(176960K), 0.0137283 secs] 267838K->110622K(349620K), 0.0141400 secs] [Times: user=0.03 sys=0.00, real=0.01 secs] 
2020-03-19T09:23:45.591+0800: 1029.216: [GC (Allocation Failure) 2020-03-19T09:23:45.592+0800: 1029.216: [ParNew: 159966K->2569K(176960K), 0.0256785 secs] 267934K->110546K(349620K), 0.0262003 secs] [Times: user=0.02 sys=0.00, real=0.02 secs] 
2020-03-19T09:23:51.625+0800: 1035.250: [GC (Allocation Failure) 2020-03-19T09:23:51.625+0800: 1035.250: [ParNew: 159881K->2645K(176960K), 0.0130692 secs] 267858K->110635K(349620K), 0.0134053 secs] [Times: user=0.02 sys=0.00, real=0.02 secs] 
2020-03-19T09:23:58.128+0800: 1041.752: [GC (Allocation Failure) 2020-03-19T09:23:58.128+0800: 1041.753: [ParNew: 159957K->2637K(176960K), 0.0126753 secs] 267947K->110635K(349620K), 0.0130794 secs] [Times: user=0.03 sys=0.00, real=0.01 secs] 
2020-03-19T09:24:02.570+0800: 1046.194: [GC (Allocation Failure) 2020-03-19T09:24:02.570+0800: 1046.194: [ParNew: 159949K->2559K(176960K), 0.0189721 secs] 267947K->110567K(349620K), 0.0194611 secs] [Times: user=0.02 sys=0.00, real=0.02 secs] 
2020-03-19T09:24:07.653+0800: 1051.278: [GC (Allocation Failure) 2020-03-19T09:24:07.653+0800: 1051.278: [ParNew: 159871K->2632K(176960K), 0.0194419 secs] 267879K->110653K(349620K), 0.0198903 secs] [Times: user=0.02 sys=0.00, real=0.02 secs] 
2020-03-19T09:24:14.771+0800: 1058.395: [GC (Allocation Failure) 2020-03-19T09:24:14.771+0800: 1058.396: [ParNew: 159944K->2549K(176960K), 0.0237944 secs] 267965K->110584K(349620K), 0.0241740 secs] [Times: user=0.03 sys=0.00, real=0.02 secs] 
2020-03-19T09:24:19.494+0800: 1063.118: [GC (Allocation Failure) 2020-03-19T09:24:19.494+0800: 1063.119: [ParNew: 159861K->2786K(176960K), 0.0137678 secs] 267896K->110833K(349620K), 0.0142166 secs] [Times: user=0.02 sys=0.01, real=0.02 secs] 
2020-03-19T09:24:26.552+0800: 1070.176: [GC (Allocation Failure) 2020-03-19T09:24:26.552+0800: 1070.177: [ParNew: 160098K->1729K(176960K), 0.0139925 secs] 268145K->109784K(349620K), 0.0143765 secs] [Times: user=0.02 sys=0.00, real=0.02 secs] 
2020-03-19T09:24:32.569+0800: 1076.194: [GC (Allocation Failure) 2020-03-19T09:24:32.569+0800: 1076.194: [ParNew: 159041K->2637K(176960K), 0.0174349 secs] 267096K->110700K(349620K), 0.0178162 secs] [Times: user=0.02 sys=0.00, real=0.02 secs] 
2020-03-19T09:24:38.172+0800: 1081.797: [GC (Allocation Failure) 2020-03-19T09:24:38.173+0800: 1081.797: [ParNew: 159949K->2642K(176960K), 0.0122027 secs] 268012K->110714K(349620K), 0.0125697 secs] [Times: user=0.03 sys=0.00, real=0.01 secs] 
2020-03-19T09:24:44.805+0800: 1088.429: [GC (Allocation Failure) 2020-03-19T09:24:44.805+0800: 1088.430: [ParNew: 159954K->2562K(176960K), 0.0151640 secs] 268026K->110649K(349620K), 0.0155315 secs] [Times: user=0.03 sys=0.00, real=0.02 secs] 
2020-03-19T09:24:49.679+0800: 1093.304: [GC (Allocation Failure) 2020-03-19T09:24:49.679+0800: 1093.304: [ParNew: 159874K->3102K(176960K), 0.0182130 secs] 267961K->111203K(349620K), 0.0186019 secs] [Times: user=0.03 sys=0.00, real=0.01 secs] 
2020-03-19T09:24:55.920+0800: 1099.545: [GC (Allocation Failure) 2020-03-19T09:24:55.920+0800: 1099.545: [ParNew: 160414K->2287K(176960K), 0.0122519 secs] 268515K->110398K(349620K), 0.0126147 secs] [Times: user=0.02 sys=0.00, real=0.01 secs] 
2020-03-19T09:25:00.785+0800: 1104.409: [GC (Allocation Failure) 2020-03-19T09:25:00.785+0800: 1104.410: [ParNew: 159599K->2415K(176960K), 0.0142575 secs] 267710K->110534K(349620K), 0.0147424 secs] [Times: user=0.03 sys=0.00, real=0.02 secs] 
2020-03-19T09:25:05.933+0800: 1109.557: [GC (Allocation Failure) 2020-03-19T09:25:05.933+0800: 1109.557: [ParNew: 159727K->2060K(176960K), 0.0137058 secs] 267846K->110187K(349620K), 0.0140462 secs] [Times: user=0.03 sys=0.00, real=0.02 secs] 
2020-03-19T09:25:13.541+0800: 1117.166: [GC (Allocation Failure) 2020-03-19T09:25:13.541+0800: 1117.166: [ParNew: 159372K->2758K(176960K), 0.0131799 secs] 267499K->110896K(349620K), 0.0136626 secs] [Times: user=0.03 sys=0.00, real=0.01 secs] 
2020-03-19T09:25:17.540+0800: 1121.165: [GC (Allocation Failure) 2020-03-19T09:25:17.540+0800: 1121.165: [ParNew: 160070K->2669K(176960K), 0.0140703 secs] 268208K->110818K(349620K), 0.0144658 secs] [Times: user=0.03 sys=0.00, real=0.01 secs] 
2020-03-19T09:25:24.798+0800: 1128.422: [GC (Allocation Failure) 2020-03-19T09:25:24.798+0800: 1128.422: [ParNew: 159981K->2565K(176960K), 0.0124003 secs] 268130K->110724K(349620K), 0.0127603 secs] [Times: user=0.02 sys=0.00, real=0.02 secs] 
2020-03-19T09:25:30.783+0800: 1134.408: [GC (Allocation Failure) 2020-03-19T09:25:30.783+0800: 1134.408: [ParNew: 159877K->2630K(176960K), 0.0142240 secs] 268036K->110797K(349620K), 0.0146749 secs] [Times: user=0.03 sys=0.00, real=0.01 secs] 
2020-03-19T09:25:36.060+0800: 1139.685: [GC (Allocation Failure) 2020-03-19T09:25:36.060+0800: 1139.685: [ParNew: 159942K->3065K(176960K), 0.0183252 secs] 268109K->111241K(349620K), 0.0187272 secs] [Times: user=0.02 sys=0.00, real=0.02 secs] 
2020-03-19T09:25:43.576+0800: 1147.201: [GC (Allocation Failure) 2020-03-19T09:25:43.577+0800: 1147.201: [ParNew: 160377K->2364K(176960K), 0.0194888 secs] 268553K->110558K(349620K), 0.0198415 secs] [Times: user=0.02 sys=0.00, real=0.02 secs] 
2020-03-19T09:25:47.735+0800: 1151.360: [GC (Allocation Failure) 2020-03-19T09:25:47.735+0800: 1151.360: [ParNew: 159466K->2422K(176960K), 0.0163372 secs] 267659K->110628K(349620K), 0.0167155 secs] [Times: user=0.03 sys=0.00, real=0.02 secs] 
2020-03-19T09:25:54.429+0800: 1158.054: [GC (Allocation Failure) 2020-03-19T09:25:54.430+0800: 1158.054: [ParNew: 159734K->2505K(176960K), 0.0187138 secs] 267940K->110721K(349620K), 0.0190948 secs] [Times: user=0.02 sys=0.00, real=0.02 secs] 
2020-03-19T09:26:00.061+0800: 1163.685: [GC (Allocation Failure) 2020-03-19T09:26:00.061+0800: 1163.685: [ParNew: 159817K->3458K(176960K), 0.0216201 secs] 268033K->111684K(349620K), 0.0220412 secs] [Times: user=0.03 sys=0.00, real=0.02 secs] 
2020-03-19T09:26:05.334+0800: 1168.959: [GC (Allocation Failure) 2020-03-19T09:26:05.335+0800: 1168.959: [ParNew: 160770K->2094K(176960K), 0.0125727 secs] 268996K->110327K(349620K), 0.0129936 secs] [Times: user=0.02 sys=0.00, real=0.02 secs] 
2020-03-19T09:26:11.589+0800: 1175.213: [GC (Allocation Failure) 2020-03-19T09:26:11.589+0800: 1175.214: [ParNew: 159406K->2774K(176960K), 0.0246755 secs] 267639K->111021K(349620K), 0.0250833 secs] [Times: user=0.02 sys=0.00, real=0.02 secs] 
2020-03-19T09:26:15.800+0800: 1179.425: [GC (Allocation Failure) 2020-03-19T09:26:15.800+0800: 1179.425: [ParNew: 160086K->2591K(176960K), 0.0138259 secs] 268333K->110852K(349620K), 0.0142697 secs] [Times: user=0.02 sys=0.00, real=0.01 secs] 
2020-03-19T09:26:23.228+0800: 1186.852: [GC (Allocation Failure) 2020-03-19T09:26:23.228+0800: 1186.852: [ParNew: 159903K->2171K(176960K), 0.0132856 secs] 268164K->110441K(349620K), 0.0136372 secs] [Times: user=0.02 sys=0.00, real=0.01 secs] 
2020-03-19T09:26:29.779+0800: 1193.404: [GC (Allocation Failure) 2020-03-19T09:26:29.780+0800: 1193.404: [ParNew: 159483K->2813K(176960K), 0.0159528 secs] 267753K->111090K(349620K), 0.0163159 secs] [Times: user=0.02 sys=0.00, real=0.01 secs] 
2020-03-19T09:26:35.332+0800: 1198.956: [GC (Allocation Failure) 2020-03-19T09:26:35.332+0800: 1198.956: [ParNew: 160125K->2799K(176960K), 0.0123596 secs] 268402K->111083K(349620K), 0.0127458 secs] [Times: user=0.02 sys=0.00, real=0.01 secs] 
2020-03-19T09:26:39.946+0800: 1203.570: [GC (Allocation Failure) 2020-03-19T09:26:39.948+0800: 1203.573: [ParNew: 160111K->4440K(176960K), 0.0676433 secs] 268395K->112738K(349620K), 0.0702281 secs] [Times: user=0.03 sys=0.00, real=0.07 secs] 
2020-03-19T09:26:40.764+0800: 1204.388: [GC (Allocation Failure) 2020-03-19T09:26:40.764+0800: 1204.388: [ParNew: 161752K->11351K(176960K), 0.0896587 secs] 270050K->119660K(349620K), 0.0900888 secs] [Times: user=0.08 sys=0.00, real=0.09 secs] 
2020-03-19T09:26:41.576+0800: 1205.201: [GC (Allocation Failure) 2020-03-19T09:26:41.577+0800: 1205.201: [ParNew: 168663K->14080K(176960K), 0.1168525 secs] 276972K->122780K(349620K), 0.1173371 secs] [Times: user=0.06 sys=0.00, real=0.12 secs] 
2020-03-19T09:26:42.422+0800: 1206.046: [GC (Allocation Failure) 2020-03-19T09:26:42.422+0800: 1206.047: [ParNew: 171392K->7693K(176960K), 0.0473642 secs] 280092K->116393K(349620K), 0.0478225 secs] [Times: user=0.04 sys=0.00, real=0.05 secs] 
2020-03-19T09:26:45.333+0800: 1208.957: [GC (Allocation Failure) 2020-03-19T09:26:45.333+0800: 1208.958: [ParNew: 165005K->6132K(176960K), 0.0137308 secs] 273705K->114832K(349620K), 0.0140907 secs] [Times: user=0.03 sys=0.00, real=0.02 secs] 
2020-03-19T09:26:51.334+0800: 1214.959: [GC (Allocation Failure) 2020-03-19T09:26:51.335+0800: 1214.959: [ParNew: 163444K->4310K(176960K), 0.0139316 secs] 272144K->113009K(349620K), 0.0143666 secs] [Times: user=0.02 sys=0.00, real=0.02 secs] 
2020-03-19T09:26:57.637+0800: 1221.261: [GC (Allocation Failure) 2020-03-19T09:26:57.637+0800: 1221.262: [ParNew: 161622K->3674K(176960K), 0.0195637 secs] 270321K->112373K(349620K), 0.0200219 secs] [Times: user=0.03 sys=0.00, real=0.02 secs] 
2020-03-19T09:27:01.835+0800: 1225.460: [GC (Allocation Failure) 2020-03-19T09:27:01.835+0800: 1225.460: [ParNew: 160986K->3293K(176960K), 0.0187254 secs] 269685K->111992K(349620K), 0.0191446 secs] [Times: user=0.02 sys=0.01, real=0.02 secs] 
2020-03-19T09:27:04.791+0800: 1228.415: [GC (Allocation Failure) 2020-03-19T09:27:04.791+0800: 1228.416: [ParNew: 160605K->5991K(176960K), 0.0316256 secs] 269304K->114690K(349620K), 0.0322787 secs] [Times: user=0.05 sys=0.00, real=0.03 secs] 
2020-03-19T09:27:05.758+0800: 1229.383: [GC (Allocation Failure) 2020-03-19T09:27:05.759+0800: 1229.383: [ParNew: 163303K->4823K(176960K), 0.0325695 secs] 272002K->113523K(349620K), 0.0330754 secs] [Times: user=0.03 sys=0.00, real=0.03 secs] 
2020-03-19T09:27:12.092+0800: 1235.716: [GC (Allocation Failure) 2020-03-19T09:27:12.092+0800: 1235.716: [ParNew: 162135K->4615K(176960K), 0.0136804 secs] 270835K->113315K(349620K), 0.0140810 secs] [Times: user=0.02 sys=0.00, real=0.01 secs] 
2020-03-19T09:27:16.085+0800: 1239.710: [GC (Allocation Failure) 2020-03-19T09:27:16.086+0800: 1239.710: [ParNew: 161927K->3822K(176960K), 0.0283315 secs] 270627K->112521K(349620K), 0.0289831 secs] [Times: user=0.03 sys=0.00, real=0.03 secs] 
2020-03-19T09:27:23.227+0800: 1246.851: [GC (Allocation Failure) 2020-03-19T09:27:23.227+0800: 1246.852: [ParNew: 161134K->4125K(176960K), 0.0213228 secs] 269833K->112825K(349620K), 0.0217816 secs] [Times: user=0.03 sys=0.00, real=0.02 secs] 
2020-03-19T09:27:29.783+0800: 1253.407: [GC (Allocation Failure) 2020-03-19T09:27:29.783+0800: 1253.408: [ParNew: 161437K->4001K(176960K), 0.0171370 secs] 270137K->112744K(349620K), 0.0174927 secs] [Times: user=0.03 sys=0.00, real=0.02 secs] 
2020-03-19T09:27:35.333+0800: 1258.957: [GC (Allocation Failure) 2020-03-19T09:27:35.333+0800: 1258.958: [ParNew: 161313K->4221K(176960K), 0.0145764 secs] 270056K->112984K(349620K), 0.0149727 secs] [Times: user=0.03 sys=0.00, real=0.02 secs] 
2020-03-19T09:27:41.858+0800: 1265.482: [GC (Allocation Failure) 2020-03-19T09:27:41.858+0800: 1265.483: [ParNew: 161533K->2683K(176960K), 0.0157872 secs] 270296K->111557K(349620K), 0.0161683 secs] [Times: user=0.03 sys=0.00, real=0.02 secs] 
2020-03-19T09:27:45.959+0800: 1269.584: [GC (Allocation Failure) 2020-03-19T09:27:45.960+0800: 1269.584: [ParNew: 159995K->3725K(176960K), 0.0217095 secs] 268869K->112842K(349620K), 0.0220626 secs] [Times: user=0.03 sys=0.00, real=0.02 secs] 
2020-03-19T09:27:53.213+0800: 1276.837: [GC (Allocation Failure) 2020-03-19T09:27:53.213+0800: 1276.837: [ParNew: 161037K->4087K(176960K), 0.0226144 secs] 270154K->113262K(349620K), 0.0230615 secs] [Times: user=0.03 sys=0.00, real=0.02 secs] 
2020-03-19T09:27:59.774+0800: 1283.399: [GC (Allocation Failure) 2020-03-19T09:27:59.775+0800: 1283.399: [ParNew: 161399K->3044K(176960K), 0.0211121 secs] 270574K->112403K(349620K), 0.0217349 secs] [Times: user=0.04 sys=0.00, real=0.02 secs] 
2020-03-19T09:28:03.805+0800: 1287.429: [GC (Allocation Failure) 2020-03-19T09:28:03.805+0800: 1287.429: [ParNew: 160356K->2892K(176960K), 0.0243125 secs] 269715K->112413K(349620K), 0.0247074 secs] [Times: user=0.02 sys=0.00, real=0.03 secs] 
2020-03-19T09:28:09.736+0800: 1293.360: [GC (Allocation Failure) 2020-03-19T09:28:09.736+0800: 1293.361: [ParNew: 160204K->2876K(176960K), 0.0547362 secs] 269725K->112427K(349620K), 0.0553790 secs] [Times: user=0.03 sys=0.00, real=0.06 secs] 
2020-03-19T09:28:14.812+0800: 1298.436: [GC (Allocation Failure) 2020-03-19T09:28:14.812+0800: 1298.436: [ParNew: 160188K->2759K(176960K), 0.0163615 secs] 269739K->112322K(349620K), 0.0167405 secs] [Times: user=0.03 sys=0.00, real=0.02 secs] 
2020-03-19T09:28:19.456+0800: 1303.081: [GC (Allocation Failure) 2020-03-19T09:28:19.456+0800: 1303.081: [ParNew: 160071K->2316K(176960K), 0.0144364 secs] 269634K->111887K(349620K), 0.0148953 secs] [Times: user=0.02 sys=0.00, real=0.02 secs] 
2020-03-19T09:28:26.166+0800: 1309.790: [GC (Allocation Failure) 2020-03-19T09:28:26.166+0800: 1309.790: [ParNew: 159628K->1951K(176960K), 0.0129186 secs] 269199K->111635K(349620K), 0.0132784 secs] [Times: user=0.03 sys=0.00, real=0.02 secs] 
2020-03-19T09:28:32.163+0800: 1315.787: [GC (Allocation Failure) 2020-03-19T09:28:32.163+0800: 1315.788: [ParNew: 159263K->2760K(176960K), 0.0134010 secs] 268947K->112450K(349620K), 0.0137408 secs] [Times: user=0.02 sys=0.00, real=0.01 secs] 
2020-03-19T09:28:37.956+0800: 1321.581: [GC (Allocation Failure) 2020-03-19T09:28:37.956+0800: 1321.581: [ParNew: 160072K->2722K(176960K), 0.0158962 secs] 269762K->112432K(349620K), 0.0163785 secs] [Times: user=0.03 sys=0.00, real=0.02 secs] 
2020-03-19T09:28:44.789+0800: 1328.413: [GC (Allocation Failure) 2020-03-19T09:28:44.789+0800: 1328.413: [ParNew: 160034K->2607K(176960K), 0.0138785 secs] 269744K->112323K(349620K), 0.0142083 secs] [Times: user=0.03 sys=0.00, real=0.01 secs] 
2020-03-19T09:28:49.823+0800: 1333.448: [GC (Allocation Failure) 2020-03-19T09:28:49.823+0800: 1333.448: [ParNew: 159919K->3098K(176960K), 0.0208505 secs] 269635K->112851K(349620K), 0.0213536 secs] [Times: user=0.03 sys=0.00, real=0.02 secs] 
2020-03-19T09:28:55.996+0800: 1339.620: [GC (Allocation Failure) 2020-03-19T09:28:55.996+0800: 1339.620: [ParNew: 160410K->2290K(176960K), 0.0160500 secs] 270163K->112052K(349620K), 0.0164917 secs] [Times: user=0.02 sys=0.00, real=0.02 secs] 
2020-03-19T09:29:00.773+0800: 1344.398: [GC (Allocation Failure) 2020-03-19T09:29:00.774+0800: 1344.398: [ParNew: 159602K->3206K(176960K), 0.0155516 secs] 269364K->112980K(349620K), 0.0160123 secs] [Times: user=0.03 sys=0.00, real=0.02 secs] 
2020-03-19T09:29:05.928+0800: 1349.552: [GC (Allocation Failure) 2020-03-19T09:29:05.928+0800: 1349.552: [ParNew: 160518K->2107K(176960K), 0.0189788 secs] 270292K->111890K(349620K), 0.0194111 secs] [Times: user=0.02 sys=0.00, real=0.02 secs] 
2020-03-19T09:29:13.470+0800: 1357.095: [GC (Allocation Failure) 2020-03-19T09:29:13.471+0800: 1357.096: [ParNew: 159419K->2777K(176960K), 0.0301373 secs] 269202K->112571K(349620K), 0.0311629 secs] [Times: user=0.03 sys=0.00, real=0.03 secs] 
2020-03-19T09:29:14.697+0800: 1358.321: [GC (Allocation Failure) 2020-03-19T09:29:14.697+0800: 1358.321: [ParNew: 160089K->6397K(176960K), 0.0696485 secs] 269883K->116204K(349620K), 0.0700657 secs] [Times: user=0.06 sys=0.00, real=0.08 secs] 
2020-03-19T09:29:15.764+0800: 1359.389: [GC (Allocation Failure) 2020-03-19T09:29:15.765+0800: 1359.389: [ParNew: 163709K->4359K(176960K), 0.0134032 secs] 273516K->114176K(349620K), 0.0137916 secs] [Times: user=0.03 sys=0.00, real=0.02 secs] 
2020-03-19T09:29:22.157+0800: 1365.781: [GC (Allocation Failure) 2020-03-19T09:29:22.157+0800: 1365.782: [ParNew: 161671K->2089K(176960K), 0.0139197 secs] 271488K->111915K(349620K), 0.0143220 secs] [Times: user=0.02 sys=0.00, real=0.02 secs] 
2020-03-19T09:29:29.296+0800: 1372.921: [GC (Allocation Failure) 2020-03-19T09:29:29.296+0800: 1372.921: [ParNew: 159401K->2842K(176960K), 0.0198896 secs] 269227K->112681K(349620K), 0.0204209 secs] [Times: user=0.03 sys=0.00, real=0.02 secs] 
2020-03-19T09:29:34.428+0800: 1378.052: [GC (Allocation Failure) 2020-03-19T09:29:34.428+0800: 1378.052: [ParNew: 160154K->2697K(176960K), 0.0175250 secs] 269993K->112551K(349620K), 0.0180315 secs] [Times: user=0.02 sys=0.01, real=0.01 secs] 
2020-03-19T09:29:41.100+0800: 1384.725: [GC (Allocation Failure) 2020-03-19T09:29:41.100+0800: 1384.725: [ParNew: 160009K->2743K(176960K), 0.0157349 secs] 269863K->112609K(349620K), 0.0161011 secs] [Times: user=0.03 sys=0.00, real=0.01 secs] 
2020-03-19T09:29:45.782+0800: 1389.406: [GC (Allocation Failure) 2020-03-19T09:29:45.782+0800: 1389.406: [ParNew: 160055K->2657K(176960K), 0.0177194 secs] 269921K->112535K(349620K), 0.0181649 secs] [Times: user=0.03 sys=0.00, real=0.02 secs] 
2020-03-19T09:29:52.235+0800: 1395.859: [GC (Allocation Failure) 2020-03-19T09:29:52.235+0800: 1395.859: [ParNew: 159969K->2234K(176960K), 0.0132120 secs] 269847K->112122K(349620K), 0.0135493 secs] [Times: user=0.02 sys=0.00, real=0.02 secs] 
2020-03-19T09:29:59.152+0800: 1402.777: [GC (Allocation Failure) 2020-03-19T09:29:59.152+0800: 1402.777: [ParNew: 159546K->2884K(176960K), 0.0199034 secs] 269434K->112780K(349620K), 0.0202693 secs] [Times: user=0.03 sys=0.00, real=0.02 secs] 
2020-03-19T09:30:03.354+0800: 1406.978: [GC (Allocation Failure) 2020-03-19T09:30:03.354+0800: 1406.979: [ParNew: 160196K->2709K(176960K), 0.0207569 secs] 270092K->112615K(349620K), 0.0213793 secs] [Times: user=0.03 sys=0.00, real=0.02 secs] 
2020-03-19T09:30:08.682+0800: 1412.307: [GC (Allocation Failure) 2020-03-19T09:30:08.683+0800: 1412.307: [ParNew: 160021K->2746K(176960K), 0.0131954 secs] 269927K->112665K(349620K), 0.0135614 secs] [Times: user=0.03 sys=0.00, real=0.01 secs] 
2020-03-19T09:30:14.806+0800: 1418.430: [GC (Allocation Failure) 2020-03-19T09:30:14.806+0800: 1418.430: [ParNew: 160058K->2665K(176960K), 0.0147777 secs] 269977K->112593K(349620K), 0.0151380 secs] [Times: user=0.03 sys=0.00, real=0.02 secs] 
2020-03-19T09:30:20.108+0800: 1423.732: [GC (Allocation Failure) 2020-03-19T09:30:20.108+0800: 1423.732: [ParNew: 159977K->2256K(176960K), 0.0141361 secs] 269905K->112192K(349620K), 0.0145211 secs] [Times: user=0.02 sys=0.00, real=0.01 secs] 
2020-03-19T09:30:26.896+0800: 1430.520: [GC (Allocation Failure) 2020-03-19T09:30:26.896+0800: 1430.521: [ParNew: 159568K->1885K(176960K), 0.0149511 secs] 269504K->111828K(349620K), 0.0153970 secs] [Times: user=0.03 sys=0.00, real=0.02 secs] 
2020-03-19T09:30:33.168+0800: 1436.792: [GC (Allocation Failure) 2020-03-19T09:30:33.168+0800: 1436.792: [ParNew: 159197K->2749K(176960K), 0.0155644 secs] 269140K->112704K(349620K), 0.0159472 secs] [Times: user=0.03 sys=0.00, real=0.01 secs] 
2020-03-19T09:30:39.148+0800: 1442.773: [GC (Allocation Failure) 2020-03-19T09:30:39.148+0800: 1442.773: [ParNew: 160061K->2696K(176960K), 0.0198575 secs] 270016K->112672K(349620K), 0.0202671 secs] [Times: user=0.03 sys=0.00, real=0.02 secs] 
2020-03-19T09:30:44.811+0800: 1448.435: [GC (Allocation Failure) 2020-03-19T09:30:44.811+0800: 1448.436: [ParNew: 160008K->3459K(176960K), 0.0184552 secs] 269984K->113438K(349620K), 0.0188670 secs] [Times: user=0.02 sys=0.00, real=0.02 secs] 
2020-03-19T09:30:50.157+0800: 1453.781: [GC (Allocation Failure) 2020-03-19T09:30:50.157+0800: 1453.781: [ParNew: 160771K->2197K(176960K), 0.0148282 secs] 270750K->112213K(349620K), 0.0151882 secs] [Times: user=0.02 sys=0.00, real=0.02 secs] 
2020-03-19T09:30:56.830+0800: 1460.454: [GC (Allocation Failure) 2020-03-19T09:30:56.830+0800: 1460.454: [ParNew: 159509K->2717K(176960K), 0.0124822 secs] 269525K->112743K(349620K), 0.0128511 secs] [Times: user=0.03 sys=0.00, real=0.01 secs] 
2020-03-19T09:31:01.441+0800: 1465.066: [GC (Allocation Failure) 2020-03-19T09:31:01.442+0800: 1465.066: [ParNew: 160029K->2672K(176960K), 0.0206181 secs] 270055K->112705K(349620K), 0.0210887 secs] [Times: user=0.03 sys=0.00, real=0.02 secs] 
2020-03-19T09:31:06.569+0800: 1470.193: [GC (Allocation Failure) 2020-03-19T09:31:06.569+0800: 1470.194: [ParNew: 159984K->2577K(176960K), 0.0155785 secs] 270017K->112619K(349620K), 0.0161032 secs] [Times: user=0.02 sys=0.00, real=0.01 secs] 
2020-03-19T09:31:13.925+0800: 1477.549: [GC (Allocation Failure) 2020-03-19T09:31:13.925+0800: 1477.549: [ParNew: 159889K->2630K(176960K), 0.0206843 secs] 269931K->112681K(349620K), 0.0210555 secs] [Times: user=0.02 sys=0.00, real=0.02 secs] 
2020-03-19T09:31:18.010+0800: 1481.635: [GC (Allocation Failure) 2020-03-19T09:31:18.011+0800: 1481.635: [ParNew: 159942K->2635K(176960K), 0.0134825 secs] 269993K->112699K(349620K), 0.0138362 secs] [Times: user=0.03 sys=0.00, real=0.01 secs] 
2020-03-19T09:31:25.333+0800: 1488.957: [GC (Allocation Failure) 2020-03-19T09:31:25.333+0800: 1488.957: [ParNew: 159947K->2554K(176960K), 0.0156219 secs] 270011K->112628K(349620K), 0.0160418 secs] [Times: user=0.03 sys=0.00, real=0.02 secs] 
2020-03-19T09:31:30.806+0800: 1494.430: [GC (Allocation Failure) 2020-03-19T09:31:30.806+0800: 1494.431: [ParNew: 159866K->2623K(176960K), 0.0360021 secs] 269940K->112707K(349620K), 0.0371553 secs] [Times: user=0.03 sys=0.00, real=0.04 secs] 
2020-03-19T09:31:36.578+0800: 1500.202: [GC (Allocation Failure) 2020-03-19T09:31:36.578+0800: 1500.203: [ParNew: 159935K->2090K(176960K), 0.0312284 secs] 270019K->112186K(349620K), 0.0317291 secs] [Times: user=0.03 sys=0.00, real=0.04 secs] 
2020-03-19T09:31:44.079+0800: 1507.704: [GC (Allocation Failure) 2020-03-19T09:31:44.080+0800: 1507.704: [ParNew: 159402K->2770K(176960K), 0.0298077 secs] 269498K->112880K(349620K), 0.0303380 secs] [Times: user=0.03 sys=0.00, real=0.03 secs] 
2020-03-19T09:31:48.296+0800: 1511.921: [GC (Allocation Failure) 2020-03-19T09:31:48.297+0800: 1511.921: [ParNew: 160082K->2659K(176960K), 0.0364185 secs] 270192K->112782K(349620K), 0.0371209 secs] [Times: user=0.03 sys=0.01, real=0.04 secs] 
2020-03-19T09:31:54.921+0800: 1518.546: [GC (Allocation Failure) 2020-03-19T09:31:54.921+0800: 1518.546: [ParNew: 159964K->2550K(176960K), 0.0187143 secs] 270087K->112684K(349620K), 0.0190466 secs] [Times: user=0.02 sys=0.00, real=0.02 secs] 
2020-03-19T09:32:00.097+0800: 1523.721: [GC (Allocation Failure) 2020-03-19T09:32:00.097+0800: 1523.721: [ParNew: 159862K->3463K(176960K), 0.0211641 secs] 269996K->113607K(349620K), 0.0215875 secs] [Times: user=0.03 sys=0.00, real=0.03 secs] 
2020-03-19T09:32:05.760+0800: 1529.384: [GC (Allocation Failure) 2020-03-19T09:32:05.760+0800: 1529.384: [ParNew: 160775K->3128K(176960K), 0.0155702 secs] 270919K->113279K(349620K), 0.0159958 secs] [Times: user=0.02 sys=0.00, real=0.01 secs] 
2020-03-19T09:32:12.103+0800: 1535.727: [GC (Allocation Failure) 2020-03-19T09:32:12.103+0800: 1535.728: [ParNew: 160440K->2386K(176960K), 0.0212906 secs] 270591K->112549K(349620K), 0.0218433 secs] [Times: user=0.02 sys=0.01, real=0.02 secs] 
2020-03-19T09:32:16.245+0800: 1539.869: [GC (Allocation Failure) 2020-03-19T09:32:16.245+0800: 1539.870: [ParNew: 159698K->3127K(176960K), 0.0356328 secs] 269861K->113302K(349620K), 0.0360814 secs] [Times: user=0.03 sys=0.00, real=0.04 secs] 
2020-03-19T09:32:23.666+0800: 1547.291: [GC (Allocation Failure) 2020-03-19T09:32:23.667+0800: 1547.291: [ParNew: 160439K->2739K(176960K), 0.0202132 secs] 270614K->112924K(349620K), 0.0207298 secs] [Times: user=0.01 sys=0.00, real=0.02 secs] 
2020-03-19T09:32:29.842+0800: 1553.466: [GC (Allocation Failure) 2020-03-19T09:32:29.842+0800: 1553.467: [ParNew: 160051K->2387K(176960K), 0.0162351 secs] 270236K->112579K(349620K), 0.0165949 secs] [Times: user=0.03 sys=0.00, real=0.02 secs] 
2020-03-19T09:32:35.659+0800: 1559.284: [GC (Allocation Failure) 2020-03-19T09:32:35.659+0800: 1559.284: [ParNew: 159699K->3088K(176960K), 0.0178769 secs] 269891K->113286K(349620K), 0.0183522 secs] [Times: user=0.04 sys=0.00, real=0.01 secs] 
2020-03-19T09:32:42.308+0800: 1565.933: [GC (Allocation Failure) 2020-03-19T09:32:42.309+0800: 1565.933: [ParNew: 160400K->2383K(176960K), 0.0184539 secs] 270598K->112594K(349620K), 0.0188334 secs] [Times: user=0.01 sys=0.00, real=0.02 secs] 
2020-03-19T09:32:46.552+0800: 1570.176: [GC (Allocation Failure) 2020-03-19T09:32:46.552+0800: 1570.177: [ParNew: 159695K->3142K(176960K), 0.0218136 secs] 269906K->113362K(349620K), 0.0223601 secs] [Times: user=0.03 sys=0.00, real=0.02 secs] 
2020-03-19T09:32:53.631+0800: 1577.256: [GC (Allocation Failure) 2020-03-19T09:32:53.631+0800: 1577.256: [ParNew: 160454K->2664K(176960K), 0.0192706 secs] 270674K->112894K(349620K), 0.0196379 secs] [Times: user=0.02 sys=0.00, real=0.02 secs] 
2020-03-19T09:32:59.808+0800: 1583.433: [GC (Allocation Failure) 2020-03-19T09:32:59.809+0800: 1583.433: [ParNew: 159976K->3162K(176960K), 0.0144847 secs] 270206K->113401K(349620K), 0.0148762 secs] [Times: user=0.03 sys=0.00, real=0.01 secs] 
2020-03-19T09:33:04.148+0800: 1587.772: [GC (Allocation Failure) 2020-03-19T09:33:04.148+0800: 1587.773: [ParNew: 160474K->3087K(176960K), 0.0203960 secs] 270713K->113336K(349620K), 0.0207986 secs] [Times: user=0.02 sys=0.00, real=0.02 secs] 
2020-03-19T09:33:10.127+0800: 1593.752: [GC (Allocation Failure) 2020-03-19T09:33:10.128+0800: 1593.752: [ParNew: 160399K->1805K(176960K), 0.0211863 secs] 270648K->112067K(349620K), 0.0215499 secs] [Times: user=0.03 sys=0.00, real=0.02 secs] 
2020-03-19T09:33:15.629+0800: 1599.253: [GC (Allocation Failure) 2020-03-19T09:33:15.629+0800: 1599.254: [ParNew: 159117K->2346K(176960K), 0.0229378 secs] 269379K->112617K(349620K), 0.0233929 secs] [Times: user=0.02 sys=0.00, real=0.02 secs] 
2020-03-19T09:33:21.788+0800: 1605.412: [GC (Allocation Failure) 2020-03-19T09:33:21.788+0800: 1605.412: [ParNew: 159658K->2587K(176960K), 0.0143937 secs] 269929K->112867K(349620K), 0.0147711 secs] [Times: user=0.03 sys=0.00, real=0.01 secs] 
2020-03-19T09:33:28.354+0800: 1611.979: [GC (Allocation Failure) 2020-03-19T09:33:28.355+0800: 1611.979: [ParNew: 159899K->2625K(176960K), 0.0146278 secs] 270179K->112914K(349620K), 0.0150255 secs] [Times: user=0.02 sys=0.00, real=0.02 secs] 
2020-03-19T09:33:34.109+0800: 1617.734: [GC (Allocation Failure) 2020-03-19T09:33:34.110+0800: 1617.734: [ParNew: 159937K->2563K(176960K), 0.0153865 secs] 270226K->112864K(349620K), 0.0157662 secs] [Times: user=0.02 sys=0.00, real=0.01 secs] 
2020-03-19T09:33:40.252+0800: 1623.877: [GC (Allocation Failure) 2020-03-19T09:33:40.253+0800: 1623.877: [ParNew: 159875K->2632K(176960K), 0.0206991 secs] 270176K->112949K(349620K), 0.0211128 secs] [Times: user=0.02 sys=0.00, real=0.02 secs] 
2020-03-19T09:33:45.709+0800: 1629.333: [GC (Allocation Failure) 2020-03-19T09:33:45.709+0800: 1629.334: [ParNew: 159944K->2548K(176960K), 0.0172031 secs] 270261K->112877K(349620K), 0.0176234 secs] [Times: user=0.03 sys=0.00, real=0.02 secs] 
2020-03-19T09:33:51.891+0800: 1635.516: [GC (Allocation Failure) 2020-03-19T09:33:51.891+0800: 1635.516: [ParNew: 159860K->2634K(176960K), 0.0134927 secs] 270189K->112977K(349620K), 0.0138426 secs] [Times: user=0.02 sys=0.00, real=0.01 secs] 
2020-03-19T09:33:58.227+0800: 1641.851: [GC (Allocation Failure) 2020-03-19T09:33:58.227+0800: 1641.851: [ParNew: 159946K->2626K(176960K), 0.0198223 secs] 270289K->112976K(349620K), 0.0202601 secs] [Times: user=0.02 sys=0.00, real=0.02 secs] 
2020-03-19T09:34:02.569+0800: 1646.193: [GC (Allocation Failure) 2020-03-19T09:34:02.569+0800: 1646.193: [ParNew: 159938K->2560K(176960K), 0.0135503 secs] 270288K->112920K(349620K), 0.0139518 secs] [Times: user=0.02 sys=0.00, real=0.01 secs] 
2020-03-19T09:34:08.121+0800: 1651.746: [GC (Allocation Failure) 2020-03-19T09:34:08.122+0800: 1651.746: [ParNew: 159872K->2622K(176960K), 0.0243222 secs] 270232K->112994K(349620K), 0.0253042 secs] [Times: user=0.03 sys=0.00, real=0.03 secs] 
2020-03-19T09:34:14.457+0800: 1658.082: [GC (Allocation Failure) 2020-03-19T09:34:14.457+0800: 1658.082: [ParNew: 159934K->2546K(176960K), 0.0137581 secs] 270306K->112927K(349620K), 0.0141197 secs] [Times: user=0.03 sys=0.00, real=0.02 secs] 
2020-03-19T09:34:19.700+0800: 1663.324: [GC (Allocation Failure) 2020-03-19T09:34:19.700+0800: 1663.324: [ParNew: 159858K->2632K(176960K), 0.0162645 secs] 270239K->113027K(349620K), 0.0166597 secs] [Times: user=0.02 sys=0.00, real=0.01 secs] 
2020-03-19T09:34:26.367+0800: 1669.992: [GC (Allocation Failure) 2020-03-19T09:34:26.367+0800: 1669.992: [ParNew: 159944K->2551K(176960K), 0.0130789 secs] 270339K->112953K(349620K), 0.0135094 secs] [Times: user=0.03 sys=0.00, real=0.01 secs] 
2020-03-19T09:34:32.320+0800: 1675.945: [GC (Allocation Failure) 2020-03-19T09:34:32.320+0800: 1675.945: [ParNew: 159863K->2625K(176960K), 0.0233598 secs] 270265K->113034K(349620K), 0.0239619 secs] [Times: user=0.03 sys=0.00, real=0.02 secs] 
2020-03-19T09:34:38.224+0800: 1681.849: [GC (Allocation Failure) 2020-03-19T09:34:38.225+0800: 1681.849: [ParNew: 159937K->2636K(176960K), 0.0237986 secs] 270346K->113055K(349620K), 0.0241769 secs] [Times: user=0.02 sys=0.00, real=0.03 secs] 
2020-03-19T09:34:44.786+0800: 1688.410: [GC (Allocation Failure) 2020-03-19T09:34:44.786+0800: 1688.411: [ParNew: 159948K->3421K(176960K), 0.0334087 secs] 270367K->113850K(349620K), 0.0339740 secs] [Times: user=0.02 sys=0.01, real=0.04 secs] 
2020-03-19T09:34:49.925+0800: 1693.550: [GC (Allocation Failure) 2020-03-19T09:34:49.925+0800: 1693.550: [ParNew: 160733K->2423K(176960K), 0.0239476 secs] 271162K->112865K(349620K), 0.0243200 secs] [Times: user=0.03 sys=0.00, real=0.03 secs] 
2020-03-19T09:34:56.118+0800: 1699.742: [GC (Allocation Failure) 2020-03-19T09:34:56.118+0800: 1699.743: [ParNew: 159735K->2362K(176960K), 0.0200528 secs] 270177K->112815K(349620K), 0.0205331 secs] [Times: user=0.02 sys=0.00, real=0.03 secs] 
2020-03-19T09:35:00.766+0800: 1704.391: [GC (Allocation Failure) 2020-03-19T09:35:00.766+0800: 1704.391: [ParNew: 159674K->2580K(176960K), 0.0140303 secs] 270127K->113042K(349620K), 0.0144099 secs] [Times: user=0.03 sys=0.01, real=0.01 secs] 
2020-03-19T09:35:06.190+0800: 1709.815: [GC (Allocation Failure) 2020-03-19T09:35:06.190+0800: 1709.815: [ParNew: 159892K->3053K(176960K), 0.0189595 secs] 270354K->113522K(349620K), 0.0194648 secs] [Times: user=0.03 sys=0.00, real=0.02 secs] 
2020-03-19T09:35:13.677+0800: 1717.301: [GC (Allocation Failure) 2020-03-19T09:35:13.677+0800: 1717.301: [ParNew: 160365K->2366K(176960K), 0.0185296 secs] 270834K->112848K(349620K), 0.0189613 secs] [Times: user=0.03 sys=0.00, real=0.02 secs] 
2020-03-19T09:35:16.529+0800: 1720.154: [GC (Allocation Failure) 2020-03-19T09:35:16.530+0800: 1720.154: [ParNew: 159678K->3160K(176960K), 0.0183999 secs] 270160K->113653K(349620K), 0.0187927 secs] [Times: user=0.03 sys=0.00, real=0.02 secs] 
2020-03-19T09:35:17.104+0800: 1720.728: [GC (Allocation Failure) 2020-03-19T09:35:17.104+0800: 1720.728: [ParNew: 160472K->3554K(176960K), 0.0244481 secs] 270965K->114058K(349620K), 0.0248862 secs] [Times: user=0.05 sys=0.00, real=0.03 secs] 
2020-03-19T09:35:18.679+0800: 1722.304: [GC (Allocation Failure) 2020-03-19T09:35:18.679+0800: 1722.304: [ParNew: 160866K->5251K(176960K), 0.0243744 secs] 271370K->115762K(349620K), 0.0248420 secs] [Times: user=0.03 sys=0.00, real=0.02 secs] 
2020-03-19T09:35:25.296+0800: 1728.921: [GC (Allocation Failure) 2020-03-19T09:35:25.297+0800: 1728.921: [ParNew: 162563K->3436K(176960K), 0.0190989 secs] 273074K->113960K(349620K), 0.0195018 secs] [Times: user=0.03 sys=0.00, real=0.02 secs] 
2020-03-19T09:35:30.792+0800: 1734.417: [GC (Allocation Failure) 2020-03-19T09:35:30.793+0800: 1734.417: [ParNew: 160748K->5441K(176960K), 0.0171619 secs] 271272K->115980K(349620K), 0.0175628 secs] [Times: user=0.04 sys=0.00, real=0.02 secs] 
2020-03-19T09:35:36.553+0800: 1740.177: [GC (Allocation Failure) 2020-03-19T09:35:36.553+0800: 1740.177: [ParNew: 162753K->4978K(176960K), 0.0219648 secs] 273292K->115529K(349620K), 0.0223863 secs] [Times: user=0.02 sys=0.00, real=0.02 secs] 
2020-03-19T09:35:44.115+0800: 1747.740: [GC (Allocation Failure) 2020-03-19T09:35:44.115+0800: 1747.740: [ParNew: 162290K->3152K(176960K), 0.0356819 secs] 272841K->113713K(349620K), 0.0361264 secs] [Times: user=0.03 sys=0.01, real=0.04 secs] 
2020-03-19T09:35:48.323+0800: 1751.948: [GC (Allocation Failure) 2020-03-19T09:35:48.324+0800: 1751.948: [ParNew: 160464K->3099K(176960K), 0.0275693 secs] 271025K->113670K(349620K), 0.0279363 secs] [Times: user=0.03 sys=0.00, real=0.03 secs] 
2020-03-19T09:35:54.100+0800: 1757.724: [GC (Allocation Failure) 2020-03-19T09:35:54.100+0800: 1757.724: [ParNew: 160411K->4520K(176960K), 0.0215727 secs] 270982K->115099K(349620K), 0.0219534 secs] [Times: user=0.02 sys=0.00, real=0.02 secs] 
2020-03-19T09:36:00.029+0800: 1763.654: [GC (Allocation Failure) 2020-03-19T09:36:00.030+0800: 1763.654: [ParNew: 161832K->4612K(176960K), 0.0306095 secs] 272411K->115202K(349620K), 0.0310667 secs] [Times: user=0.03 sys=0.00, real=0.03 secs] 
2020-03-19T09:36:04.458+0800: 1768.082: [GC (Allocation Failure) 2020-03-19T09:36:04.458+0800: 1768.082: [ParNew: 161924K->3426K(176960K), 0.0159191 secs] 272514K->114026K(349620K), 0.0162642 secs] [Times: user=0.02 sys=0.00, real=0.02 secs] 
2020-03-19T09:36:10.629+0800: 1774.253: [GC (Allocation Failure) 2020-03-19T09:36:10.629+0800: 1774.254: [ParNew: 160738K->4781K(176960K), 0.0231583 secs] 271338K->115396K(349620K), 0.0235870 secs] [Times: user=0.02 sys=0.00, real=0.02 secs] 
2020-03-19T09:36:15.750+0800: 1779.374: [GC (Allocation Failure) 2020-03-19T09:36:15.750+0800: 1779.375: [ParNew: 162093K->4589K(176960K), 0.0179562 secs] 272708K->115209K(349620K), 0.0185105 secs] [Times: user=0.04 sys=0.00, real=0.02 secs] 
2020-03-19T09:36:19.909+0800: 1783.533: [GC (Allocation Failure) 2020-03-19T09:36:19.909+0800: 1783.534: [ParNew: 161901K->5029K(176960K), 0.0521198 secs] 272521K->115657K(349620K), 0.0527823 secs] [Times: user=0.03 sys=0.00, real=0.05 secs] 
2020-03-19T09:36:22.951+0800: 1786.575: [GC (Allocation Failure) 2020-03-19T09:36:22.951+0800: 1786.575: [ParNew: 162341K->5339K(176960K), 0.0254830 secs] 272969K->115980K(349620K), 0.0260449 secs] [Times: user=0.04 sys=0.00, real=0.02 secs] 
2020-03-19T09:36:28.385+0800: 1792.009: [GC (Allocation Failure) 2020-03-19T09:36:28.385+0800: 1792.010: [ParNew: 162651K->7640K(176960K), 0.0171681 secs] 273292K->118353K(349620K), 0.0175568 secs] [Times: user=0.04 sys=0.00, real=0.02 secs] 
2020-03-19T09:36:33.655+0800: 1797.279: [GC (Allocation Failure) 2020-03-19T09:36:33.655+0800: 1797.280: [ParNew: 164952K->4738K(176960K), 0.0253109 secs] 275665K->115911K(349620K), 0.0256537 secs] [Times: user=0.03 sys=0.00, real=0.03 secs] 
2020-03-19T09:36:39.412+0800: 1803.036: [GC (Allocation Failure) 2020-03-19T09:36:39.412+0800: 1803.036: [ParNew: 162050K->3221K(176960K), 0.0182585 secs] 273223K->115111K(349620K), 0.0186971 secs] [Times: user=0.03 sys=0.00, real=0.02 secs] 
2020-03-19T09:36:44.818+0800: 1808.442: [GC (Allocation Failure) 2020-03-19T09:36:44.818+0800: 1808.442: [ParNew: 160533K->4248K(176960K), 0.0189096 secs] 272423K->116254K(349620K), 0.0192966 secs] [Times: user=0.04 sys=0.00, real=0.02 secs] 
2020-03-19T09:36:47.112+0800: 1810.736: [GC (Allocation Failure) 2020-03-19T09:36:47.112+0800: 1810.736: [ParNew: 161396K->3377K(176960K), 0.0538516 secs] 273403K->115392K(349620K), 0.0543175 secs] [Times: user=0.08 sys=0.00, real=0.06 secs] 
2020-03-19T09:36:52.968+0800: 1816.592: [GC (Allocation Failure) 2020-03-19T09:36:52.968+0800: 1816.593: [ParNew: 160689K->4358K(176960K), 0.0154200 secs] 272704K->116381K(349620K), 0.0158086 secs] [Times: user=0.03 sys=0.00, real=0.01 secs] 
2020-03-19T09:36:59.256+0800: 1822.880: [GC (Allocation Failure) 2020-03-19T09:36:59.256+0800: 1822.880: [ParNew: 161670K->4212K(176960K), 0.0246138 secs] 273693K->116248K(349620K), 0.0249496 secs] [Times: user=0.03 sys=0.00, real=0.03 secs] 
2020-03-19T09:37:00.741+0800: 1824.366: [GC (Allocation Failure) 2020-03-19T09:37:00.741+0800: 1824.366: [ParNew: 161524K->4510K(176960K), 0.0221383 secs] 273560K->116559K(349620K), 0.0225506 secs] [Times: user=0.03 sys=0.00, real=0.02 secs] 
2020-03-19T09:37:05.828+0800: 1829.453: [GC (Allocation Failure) 2020-03-19T09:37:05.829+0800: 1829.453: [ParNew: 161822K->6404K(176960K), 0.0313684 secs] 273871K->118494K(349620K), 0.0318955 secs] [Times: user=0.04 sys=0.00, real=0.03 secs] 
2020-03-19T09:37:12.513+0800: 1836.137: [GC (Allocation Failure) 2020-03-19T09:37:12.513+0800: 1836.138: [ParNew: 163716K->6284K(176960K), 0.0171956 secs] 275806K->118384K(349620K), 0.0176104 secs] [Times: user=0.04 sys=0.00, real=0.02 secs] 
2020-03-19T09:37:16.376+0800: 1840.001: [GC (Allocation Failure) 2020-03-19T09:37:16.376+0800: 1840.001: [ParNew: 163596K->3302K(176960K), 0.0159246 secs] 275696K->115410K(349620K), 0.0163292 secs] [Times: user=0.03 sys=0.00, real=0.02 secs] 
2020-03-19T09:37:23.833+0800: 1847.457: [GC (Allocation Failure) 2020-03-19T09:37:23.833+0800: 1847.458: [ParNew: 160614K->4580K(176960K), 0.0246129 secs] 272722K->116701K(349620K), 0.0251008 secs] [Times: user=0.03 sys=0.00, real=0.02 secs] 
2020-03-19T09:37:29.816+0800: 1853.440: [GC (Allocation Failure) 2020-03-19T09:37:29.816+0800: 1853.440: [ParNew: 161892K->5936K(176960K), 0.0168287 secs] 274013K->118072K(349620K), 0.0172709 secs] [Times: user=0.03 sys=0.01, real=0.02 secs] 
2020-03-19T09:37:34.797+0800: 1858.422: [GC (Allocation Failure) 2020-03-19T09:37:34.798+0800: 1858.422: [ParNew: 163248K->5312K(176960K), 0.0231952 secs] 275384K->117548K(349620K), 0.0236627 secs] [Times: user=0.03 sys=0.00, real=0.03 secs] 
2020-03-19T09:37:41.040+0800: 1864.664: [GC (Allocation Failure) 2020-03-19T09:37:41.040+0800: 1864.665: [ParNew: 162624K->3132K(176960K), 0.0170144 secs] 274860K->115956K(349620K), 0.0173992 secs] [Times: user=0.03 sys=0.00, real=0.01 secs] 
2020-03-19T09:37:45.274+0800: 1868.899: [GC (Allocation Failure) 2020-03-19T09:37:45.275+0800: 1868.899: [ParNew: 160444K->4795K(176960K), 0.0313800 secs] 273268K->117800K(349620K), 0.0318262 secs] [Times: user=0.05 sys=0.00, real=0.04 secs] 
2020-03-19T09:37:47.641+0800: 1871.266: [GC (Allocation Failure) 2020-03-19T09:37:47.641+0800: 1871.266: [ParNew: 162107K->3403K(176960K), 0.0225394 secs] 275112K->116450K(349620K), 0.0230614 secs] [Times: user=0.03 sys=0.00, real=0.02 secs] 
2020-03-19T09:37:53.679+0800: 1877.304: [GC (Allocation Failure) 2020-03-19T09:37:53.680+0800: 1877.304: [ParNew: 160715K->4125K(176960K), 0.0177569 secs] 273762K->117181K(349620K), 0.0183611 secs] [Times: user=0.02 sys=0.00, real=0.01 secs] 
2020-03-19T09:37:59.854+0800: 1883.478: [GC (Allocation Failure) 2020-03-19T09:37:59.854+0800: 1883.479: [ParNew: 161437K->5215K(176960K), 0.0371233 secs] 274493K->118291K(349620K), 0.0375286 secs] [Times: user=0.03 sys=0.00, real=0.04 secs] 
2020-03-19T09:38:03.936+0800: 1887.561: [GC (Allocation Failure) 2020-03-19T09:38:03.937+0800: 1887.561: [ParNew: 162527K->3722K(176960K), 0.0219620 secs] 275603K->116816K(349620K), 0.0224806 secs] [Times: user=0.03 sys=0.00, real=0.03 secs] 
2020-03-19T09:38:09.418+0800: 1893.043: [GC (Allocation Failure) 2020-03-19T09:38:09.419+0800: 1893.043: [ParNew: 161034K->4466K(176960K), 0.0336353 secs] 274128K->117624K(349620K), 0.0341312 secs] [Times: user=0.03 sys=0.00, real=0.03 secs] 
2020-03-19T09:38:14.513+0800: 1898.137: [GC (Allocation Failure) 2020-03-19T09:38:14.517+0800: 1898.142: [ParNew: 161778K->2992K(176960K), 0.0285864 secs] 274936K->116160K(349620K), 0.0328775 secs] [Times: user=0.03 sys=0.00, real=0.03 secs] 
2020-03-19T09:38:18.419+0800: 1902.044: [GC (Allocation Failure) 2020-03-19T09:38:18.420+0800: 1902.044: [ParNew: 160304K->3436K(176960K), 0.0835668 secs] 273472K->117056K(349620K), 0.0841954 secs] [Times: user=0.03 sys=0.01, real=0.08 secs] 
2020-03-19T09:38:25.729+0800: 1909.354: [GC (Allocation Failure) 2020-03-19T09:38:25.730+0800: 1909.354: [ParNew: 160748K->3148K(176960K), 0.0533434 secs] 274368K->116807K(349620K), 0.0538552 secs] [Times: user=0.03 sys=0.00, real=0.05 secs] 
2020-03-19T09:38:30.966+0800: 1914.591: [GC (Allocation Failure) 2020-03-19T09:38:30.967+0800: 1914.591: [ParNew: 160460K->4143K(176960K), 0.0663494 secs] 274119K->117813K(349620K), 0.0672959 secs] [Times: user=0.04 sys=0.00, real=0.06 secs] 
2020-03-19T09:38:36.569+0800: 1920.194: [GC (Allocation Failure) 2020-03-19T09:38:36.570+0800: 1920.194: [ParNew: 161455K->2435K(176960K), 0.0457254 secs] 275125K->116114K(349620K), 0.0462290 secs] [Times: user=0.04 sys=0.00, real=0.04 secs] 
2020-03-19T09:38:43.959+0800: 1927.584: [GC (Allocation Failure) 2020-03-19T09:38:43.960+0800: 1927.584: [ParNew: 159747K->3250K(176960K), 0.0387572 secs] 273426K->116941K(349620K), 0.0392503 secs] [Times: user=0.03 sys=0.00, real=0.04 secs] 
2020-03-19T09:38:47.892+0800: 1931.516: [GC (Allocation Failure) 2020-03-19T09:38:47.892+0800: 1931.516: [ParNew: 160562K->3147K(176960K), 0.0388780 secs] 274253K->116846K(349620K), 0.0394298 secs] [Times: user=0.03 sys=0.00, real=0.04 secs] 
2020-03-19T09:38:54.317+0800: 1937.942: [GC (Allocation Failure) 2020-03-19T09:38:54.318+0800: 1937.942: [ParNew: 160459K->3064K(176960K), 0.0290691 secs] 274158K->116834K(349620K), 0.0295803 secs] [Times: user=0.02 sys=0.00, real=0.04 secs] 
2020-03-19T09:39:00.060+0800: 1943.685: [GC (Allocation Failure) 2020-03-19T09:39:00.061+0800: 1943.685: [ParNew: 160376K->3061K(176960K), 0.0428929 secs] 274146K->116846K(349620K), 0.0435542 secs] [Times: user=0.03 sys=0.00, real=0.04 secs] 
2020-03-19T09:39:04.579+0800: 1948.203: [GC (Allocation Failure) 2020-03-19T09:39:04.579+0800: 1948.203: [ParNew: 160373K->2378K(176960K), 0.0485488 secs] 274158K->116176K(349620K), 0.0491900 secs] [Times: user=0.04 sys=0.00, real=0.05 secs] 
2020-03-19T09:39:10.713+0800: 1954.337: [GC (Allocation Failure) 2020-03-19T09:39:10.713+0800: 1954.337: [ParNew: 159690K->3181K(176960K), 0.0338077 secs] 273488K->117140K(349620K), 0.0345516 secs] [Times: user=0.03 sys=0.00, real=0.04 secs] 
2020-03-19T09:39:15.773+0800: 1959.398: [GC (Allocation Failure) 2020-03-19T09:39:15.774+0800: 1959.398: [ParNew: 160493K->3009K(176960K), 0.0230385 secs] 274452K->117016K(349620K), 0.0235068 secs] [Times: user=0.02 sys=0.00, real=0.02 secs] 
2020-03-19T09:39:22.186+0800: 1965.810: [GC (Allocation Failure) 2020-03-19T09:39:22.186+0800: 1965.811: [ParNew: 160321K->3011K(176960K), 0.0380984 secs] 274328K->117029K(349620K), 0.0387707 secs] [Times: user=0.03 sys=0.00, real=0.04 secs] 
2020-03-19T09:39:28.687+0800: 1972.311: [GC (Allocation Failure) 2020-03-19T09:39:28.687+0800: 1972.312: [ParNew: 160323K->1981K(176960K), 0.0747822 secs] 274341K->116013K(349620K), 0.0753558 secs] [Times: user=0.03 sys=0.00, real=0.07 secs] 
2020-03-19T09:39:34.427+0800: 1978.052: [GC (Allocation Failure) 2020-03-19T09:39:34.428+0800: 1978.052: [ParNew: 159293K->1870K(176960K), 0.0261602 secs] 273325K->115930K(349620K), 0.0265569 secs] [Times: user=0.03 sys=0.00, real=0.02 secs] 
2020-03-19T09:39:40.344+0800: 1983.968: [GC (Allocation Failure) 2020-03-19T09:39:40.344+0800: 1983.968: [ParNew: 159182K->2837K(176960K), 0.0244253 secs] 273242K->116925K(349620K), 0.0249349 secs] [Times: user=0.02 sys=0.00, real=0.03 secs] 
2020-03-19T09:39:45.789+0800: 1989.414: [GC (Allocation Failure) 2020-03-19T09:39:45.789+0800: 1989.414: [ParNew: 160149K->2742K(176960K), 0.0258855 secs] 274237K->116842K(349620K), 0.0263845 secs] [Times: user=0.03 sys=0.00, real=0.02 secs] 
2020-03-19T09:39:50.216+0800: 1993.840: [GC (Allocation Failure) 2020-03-19T09:39:50.217+0800: 1993.842: [ParNew: 160054K->3074K(176960K), 0.0447031 secs] 274154K->117183K(349620K), 0.0464380 secs] [Times: user=0.03 sys=0.00, real=0.05 secs] 
2020-03-19T09:39:53.977+0800: 1997.601: [GC (Allocation Failure) 2020-03-19T09:39:53.977+0800: 1997.601: [ParNew: 160386K->3197K(176960K), 0.0218462 secs] 274495K->117314K(349620K), 0.0223007 secs] [Times: user=0.03 sys=0.00, real=0.03 secs] 
2020-03-19T09:39:59.829+0800: 2003.453: [GC (Allocation Failure) 2020-03-19T09:39:59.829+0800: 2003.454: [ParNew: 160509K->4695K(176960K), 0.0158119 secs] 274626K->118821K(349620K), 0.0162336 secs] [Times: user=0.03 sys=0.00, real=0.01 secs] 
2020-03-19T09:40:02.582+0800: 2006.206: [GC (Allocation Failure) 2020-03-19T09:40:02.582+0800: 2006.206: [ParNew: 162007K->7024K(176960K), 0.0391615 secs] 276133K->121163K(349620K), 0.0396897 secs] [Times: user=0.05 sys=0.00, real=0.04 secs] 
2020-03-19T09:40:03.454+0800: 2007.078: [GC (Allocation Failure) 2020-03-19T09:40:03.454+0800: 2007.079: [ParNew: 164336K->9880K(176960K), 0.0675954 secs] 278475K->124052K(349620K), 0.0680502 secs] [Times: user=0.06 sys=0.00, real=0.07 secs] 
2020-03-19T09:40:03.921+0800: 2007.546: [GC (Allocation Failure) 2020-03-19T09:40:03.921+0800: 2007.546: [ParNew: 167192K->14802K(176960K), 0.0801421 secs] 281364K->128984K(349620K), 0.0807250 secs] [Times: user=0.05 sys=0.00, real=0.08 secs] 
2020-03-19T09:40:04.543+0800: 2008.167: [GC (Allocation Failure) 2020-03-19T09:40:04.543+0800: 2008.167: [ParNew: 172114K->14520K(176960K), 0.1301209 secs] 286296K->129394K(349620K), 0.1305918 secs] [Times: user=0.07 sys=0.00, real=0.13 secs] 
2020-03-19T09:40:05.230+0800: 2008.854: [GC (Allocation Failure) 2020-03-19T09:40:05.230+0800: 2008.854: [ParNew: 171832K->19648K(176960K), 0.1025805 secs] 286706K->135150K(349620K), 0.1030490 secs] [Times: user=0.08 sys=0.00, real=0.10 secs] 
2020-03-19T09:40:05.915+0800: 2009.540: [GC (Allocation Failure) 2020-03-19T09:40:05.918+0800: 2009.542: [ParNew: 176942K->14196K(176960K), 0.0971773 secs] 292444K->132604K(349620K), 0.1071267 secs] [Times: user=0.06 sys=0.00, real=0.11 secs] 
2020-03-19T09:40:06.519+0800: 2010.143: [GC (Allocation Failure) 2020-03-19T09:40:06.519+0800: 2010.144: [ParNew: 171508K->6931K(176960K), 0.0550988 secs] 289916K->125338K(349620K), 0.0556223 secs] [Times: user=0.05 sys=0.00, real=0.05 secs] 
2020-03-19T09:40:10.775+0800: 2014.399: [GC (Allocation Failure) 2020-03-19T09:40:10.775+0800: 2014.399: [ParNew: 164243K->7160K(176960K), 0.0221231 secs] 282650K->125568K(349620K), 0.0226246 secs] [Times: user=0.04 sys=0.00, real=0.02 secs] 
2020-03-19T09:40:13.568+0800: 2017.192: [GC (Allocation Failure) 2020-03-19T09:40:13.568+0800: 2017.192: [ParNew: 164472K->9626K(176960K), 0.0287380 secs] 282880K->128034K(349620K), 0.0291633 secs] [Times: user=0.04 sys=0.00, real=0.02 secs] 
2020-03-19T09:40:14.058+0800: 2017.683: [GC (Allocation Failure) 2020-03-19T09:40:14.058+0800: 2017.683: [ParNew: 166938K->13868K(176960K), 0.0528444 secs] 285346K->132275K(349620K), 0.0533084 secs] [Times: user=0.07 sys=0.00, real=0.05 secs] 
2020-03-19T09:40:14.693+0800: 2018.317: [GC (Allocation Failure) 2020-03-19T09:40:14.693+0800: 2018.317: [ParNew: 171180K->15659K(176960K), 0.0763042 secs] 289587K->136325K(349620K), 0.0767583 secs] [Times: user=0.05 sys=0.00, real=0.08 secs] 
2020-03-19T09:40:15.291+0800: 2018.916: [GC (Allocation Failure) 2020-03-19T09:40:15.295+0800: 2018.919: [ParNew: 172971K->14629K(176960K), 0.1110322 secs] 293637K->135296K(349620K), 0.1144904 secs] [Times: user=0.05 sys=0.00, real=0.12 secs] 
2020-03-19T09:40:15.834+0800: 2019.459: [GC (Allocation Failure) 2020-03-19T09:40:15.834+0800: 2019.459: [ParNew: 171941K->19648K(176960K), 0.1607798 secs] 292608K->143474K(349620K), 0.1613711 secs] [Times: user=0.07 sys=0.00, real=0.16 secs] 
2020-03-19T09:40:16.622+0800: 2020.247: [GC (Allocation Failure) 2020-03-19T09:40:16.627+0800: 2020.251: [ParNew: 176960K->13504K(176960K), 0.1419765 secs] 300786K->142115K(349620K), 0.1470544 secs] [Times: user=0.05 sys=0.01, real=0.15 secs] 
2020-03-19T09:40:17.489+0800: 2021.114: [GC (Allocation Failure) 2020-03-19T09:40:17.490+0800: 2021.114: [ParNew: 170816K->10644K(176960K), 0.0499473 secs] 299427K->139255K(349620K), 0.0504082 secs] [Times: user=0.05 sys=0.00, real=0.05 secs] 
2020-03-19T09:40:21.893+0800: 2025.518: [GC (Allocation Failure) 2020-03-19T09:40:21.894+0800: 2025.518: [ParNew: 167956K->4432K(176960K), 0.0149226 secs] 296567K->133043K(349620K), 0.0153114 secs] [Times: user=0.03 sys=0.00, real=0.02 secs] 
2020-03-19T09:40:28.470+0800: 2032.094: [GC (Allocation Failure) 2020-03-19T09:40:28.470+0800: 2032.094: [ParNew: 161744K->5469K(176960K), 0.0152188 secs] 290355K->134080K(349620K), 0.0155884 secs] [Times: user=0.03 sys=0.00, real=0.01 secs] 
2020-03-19T09:40:34.188+0800: 2037.812: [GC (Allocation Failure) 2020-03-19T09:40:34.188+0800: 2037.813: [ParNew: 162781K->7745K(176960K), 0.0317208 secs] 291392K->136356K(349620K), 0.0323521 secs] [Times: user=0.04 sys=0.00, real=0.03 secs] 
2020-03-19T09:40:38.921+0800: 2042.545: [GC (Allocation Failure) 2020-03-19T09:40:38.921+0800: 2042.546: [ParNew: 165057K->6948K(176960K), 0.0709392 secs] 293668K->135559K(349620K), 0.0714304 secs] [Times: user=0.04 sys=0.00, real=0.08 secs] 
2020-03-19T09:40:39.345+0800: 2042.969: [GC (Allocation Failure) 2020-03-19T09:40:39.345+0800: 2042.969: [ParNew: 164260K->13267K(176960K), 0.0456944 secs] 292871K->141878K(349620K), 0.0462770 secs] [Times: user=0.05 sys=0.00, real=0.05 secs] 
2020-03-19T09:40:39.835+0800: 2043.459: [GC (Allocation Failure) 2020-03-19T09:40:39.835+0800: 2043.459: [ParNew: 170579K->18880K(176960K), 0.0802380 secs] 299190K->148522K(349620K), 0.0806948 secs] [Times: user=0.06 sys=0.00, real=0.08 secs] 
2020-03-19T09:40:40.472+0800: 2044.096: [GC (Allocation Failure) 2020-03-19T09:40:40.472+0800: 2044.097: [ParNew: 176192K->18905K(176960K), 0.1008622 secs] 305834K->149367K(349620K), 0.1013059 secs] [Times: user=0.06 sys=0.00, real=0.10 secs] 
2020-03-19T09:40:41.132+0800: 2044.757: [GC (Allocation Failure) 2020-03-19T09:40:41.133+0800: 2044.757: [ParNew: 176217K->11619K(176960K), 0.1845879 secs] 306679K->147357K(349620K), 0.1850719 secs] [Times: user=0.11 sys=0.00, real=0.18 secs] 
2020-03-19T09:40:41.791+0800: 2045.416: [GC (Allocation Failure) 2020-03-19T09:40:41.791+0800: 2045.416: [ParNew: 168931K->9564K(176960K), 0.0265055 secs] 304669K->145301K(349620K), 0.0271369 secs] [Times: user=0.03 sys=0.00, real=0.03 secs] 
2020-03-19T09:40:44.145+0800: 2047.769: [GC (Allocation Failure) 2020-03-19T09:40:44.145+0800: 2047.770: [ParNew: 166876K->10091K(176960K), 0.0185557 secs] 302613K->145828K(349620K), 0.0189290 secs] [Times: user=0.01 sys=0.01, real=0.02 secs] 
2020-03-19T09:40:47.592+0800: 2051.216: [GC (Allocation Failure) 2020-03-19T09:40:47.592+0800: 2051.217: [ParNew: 167403K->7070K(176960K), 0.0325587 secs] 303140K->142807K(349620K), 0.0330802 secs] [Times: user=0.02 sys=0.00, real=0.03 secs] 
2020-03-19T09:40:50.222+0800: 2053.847: [GC (Allocation Failure) 2020-03-19T09:40:50.224+0800: 2053.849: [ParNew: 164382K->8790K(176960K), 0.0474340 secs] 300119K->144527K(349620K), 0.0503425 secs] [Times: user=0.03 sys=0.00, real=0.05 secs] 
2020-03-19T09:40:55.335+0800: 2058.959: [GC (Allocation Failure) 2020-03-19T09:40:55.335+0800: 2058.959: [ParNew: 166102K->10582K(176960K), 0.0224702 secs] 301839K->146319K(349620K), 0.0229687 secs] [Times: user=0.04 sys=0.00, real=0.02 secs] 
2020-03-19T09:41:00.449+0800: 2064.073: [GC (Allocation Failure) 2020-03-19T09:41:00.449+0800: 2064.073: [ParNew: 167894K->7736K(176960K), 0.0510854 secs] 303631K->143474K(349620K), 0.0516063 secs] [Times: user=0.03 sys=0.00, real=0.05 secs] 
2020-03-19T09:41:05.835+0800: 2069.460: [GC (Allocation Failure) 2020-03-19T09:41:05.835+0800: 2069.460: [ParNew: 164984K->10779K(176960K), 0.0279543 secs] 300721K->146517K(349620K), 0.0285729 secs] [Times: user=0.04 sys=0.00, real=0.03 secs] 
2020-03-19T09:41:12.822+0800: 2076.446: [GC (Allocation Failure) 2020-03-19T09:41:12.822+0800: 2076.446: [ParNew: 168091K->10329K(176960K), 0.0255795 secs] 303829K->146066K(349620K), 0.0260737 secs] [Times: user=0.04 sys=0.00, real=0.03 secs] 
2020-03-19T09:41:16.831+0800: 2080.455: [GC (Allocation Failure) 2020-03-19T09:41:16.831+0800: 2080.455: [ParNew: 167641K->9918K(176960K), 0.0248237 secs] 303378K->145655K(349620K), 0.0252510 secs] [Times: user=0.03 sys=0.00, real=0.02 secs] 
2020-03-19T09:41:24.308+0800: 2087.932: [GC (Allocation Failure) 2020-03-19T09:41:24.308+0800: 2087.932: [ParNew: 167230K->9960K(176960K), 0.0219557 secs] 302967K->145697K(349620K), 0.0224453 secs] [Times: user=0.03 sys=0.00, real=0.02 secs] 
2020-03-19T09:41:30.349+0800: 2093.974: [GC (Allocation Failure) 2020-03-19T09:41:30.350+0800: 2093.974: [ParNew: 167272K->9989K(176960K), 0.0209963 secs] 303009K->145726K(349620K), 0.0213858 secs] [Times: user=0.03 sys=0.00, real=0.02 secs] 
2020-03-19T09:41:35.818+0800: 2099.442: [GC (Allocation Failure) 2020-03-19T09:41:35.818+0800: 2099.443: [ParNew: 166719K->13275K(176960K), 0.0182609 secs] 302456K->149013K(349620K), 0.0186108 secs] [Times: user=0.04 sys=0.00, real=0.02 secs] 
2020-03-19T09:41:42.875+0800: 2106.499: [GC (Allocation Failure) 2020-03-19T09:41:42.875+0800: 2106.500: [ParNew: 170587K->9008K(176960K), 0.0212369 secs] 306325K->147267K(349620K), 0.0216081 secs] [Times: user=0.03 sys=0.00, real=0.02 secs] 
2020-03-19T09:41:42.898+0800: 2106.523: [GC (CMS Initial Mark) [1 CMS-initial-mark: 138258K(172660K)] 147279K(349620K), 0.0093004 secs] [Times: user=0.01 sys=0.00, real=0.01 secs] 
2020-03-19T09:41:42.908+0800: 2106.532: [CMS-concurrent-mark-start]
2020-03-19T09:41:43.161+0800: 2106.786: [CMS-concurrent-mark: 0.253/0.253 secs] [Times: user=0.21 sys=0.01, real=0.25 secs] 
2020-03-19T09:41:43.162+0800: 2106.786: [CMS-concurrent-preclean-start]
2020-03-19T09:41:43.166+0800: 2106.790: [CMS-concurrent-preclean: 0.004/0.004 secs] [Times: user=0.01 sys=0.00, real=0.00 secs] 
2020-03-19T09:41:43.166+0800: 2106.791: [CMS-concurrent-abortable-preclean-start]
2020-03-19T09:41:44.941+0800: 2108.566: [CMS-concurrent-abortable-preclean: 1.074/1.775 secs] [Times: user=1.24 sys=0.05, real=1.77 secs] 
2020-03-19T09:41:44.943+0800: 2108.568: [GC (CMS Final Remark) [YG occupancy: 94431 K (176960 K)]2020-03-19T09:41:44.943+0800: 2108.568: [Rescan (parallel) , 0.0482011 secs]2020-03-19T09:41:44.992+0800: 2108.616: [weak refs processing, 0.0014493 secs]2020-03-19T09:41:44.993+0800: 2108.618: [class unloading, 0.0662466 secs]2020-03-19T09:41:45.059+0800: 2108.684: [scrub symbol table, 0.0369139 secs]2020-03-19T09:41:45.096+0800: 2108.721: [scrub string table, 0.0037628 secs][1 CMS-remark: 138258K(172660K)] 232690K(349620K), 0.1834174 secs] [Times: user=0.19 sys=0.00, real=0.19 secs] 
2020-03-19T09:41:45.128+0800: 2108.753: [CMS-concurrent-sweep-start]
2020-03-19T09:41:45.225+0800: 2108.849: [CMS-concurrent-sweep: 0.096/0.096 secs] [Times: user=0.11 sys=0.01, real=0.09 secs] 
2020-03-19T09:41:45.225+0800: 2108.850: [CMS-concurrent-reset-start]
2020-03-19T09:41:45.226+0800: 2108.851: [CMS-concurrent-reset: 0.001/0.001 secs] [Times: user=0.00 sys=0.00, real=0.01 secs] 
2020-03-19T09:41:46.901+0800: 2110.526: [GC (Allocation Failure) 2020-03-19T09:41:46.902+0800: 2110.526: [ParNew: 166320K->3791K(176960K), 0.0148142 secs] 271721K->109194K(352632K), 0.0152043 secs] [Times: user=0.03 sys=0.00, real=0.01 secs] 
2020-03-19T09:41:54.109+0800: 2117.733: [GC (Allocation Failure) 2020-03-19T09:41:54.109+0800: 2117.733: [ParNew: 161103K->3095K(176960K), 0.0290411 secs] 266506K->108498K(352632K), 0.0294203 secs] [Times: user=0.02 sys=0.01, real=0.03 secs] 
2020-03-19T09:41:59.925+0800: 2123.549: [GC (Allocation Failure) 2020-03-19T09:41:59.925+0800: 2123.550: [ParNew: 160407K->4522K(176960K), 0.0225004 secs] 265810K->110315K(352632K), 0.0229378 secs] [Times: user=0.03 sys=0.00, real=0.03 secs] 
2020-03-19T09:42:04.407+0800: 2128.032: [GC (Allocation Failure) 2020-03-19T09:42:04.408+0800: 2128.032: [ParNew: 161834K->2758K(176960K), 0.0142459 secs] 267627K->108748K(352632K), 0.0146458 secs] [Times: user=0.03 sys=0.00, real=0.01 secs] 
2020-03-19T09:42:10.361+0800: 2133.985: [GC (Allocation Failure) 2020-03-19T09:42:10.361+0800: 2133.986: [ParNew: 160070K->3561K(176960K), 0.0209650 secs] 266060K->109640K(352632K), 0.0214050 secs] [Times: user=0.02 sys=0.00, real=0.02 secs] 
2020-03-19T09:42:15.297+0800: 2138.921: [GC (Allocation Failure) 2020-03-19T09:42:15.297+0800: 2138.921: [ParNew: 160873K->2164K(176960K), 0.0188786 secs] 266952K->108722K(352632K), 0.0192383 secs] [Times: user=0.03 sys=0.00, real=0.02 secs] 
2020-03-19T09:42:21.200+0800: 2144.824: [GC (Allocation Failure) 2020-03-19T09:42:21.200+0800: 2144.824: [ParNew: 159476K->2751K(176960K), 0.0185181 secs] 266034K->109329K(352632K), 0.0189220 secs] [Times: user=0.03 sys=0.00, real=0.02 secs] 
2020-03-19T09:42:28.164+0800: 2151.789: [GC (Allocation Failure) 2020-03-19T09:42:28.164+0800: 2151.789: [ParNew: 160063K->2583K(176960K), 0.0128439 secs] 266641K->109161K(352632K), 0.0131859 secs] [Times: user=0.03 sys=0.00, real=0.01 secs] 
2020-03-19T09:42:32.958+0800: 2156.583: [GC (Allocation Failure) 2020-03-19T09:42:32.959+0800: 2156.583: [ParNew: 159895K->2464K(176960K), 0.0132140 secs] 266473K->109043K(352632K), 0.0136327 secs] [Times: user=0.03 sys=0.00, real=0.01 secs] 
2020-03-19T09:42:38.662+0800: 2162.287: [GC (Allocation Failure) 2020-03-19T09:42:38.662+0800: 2162.287: [ParNew: 159776K->1790K(176960K), 0.0130383 secs] 266355K->108370K(352632K), 0.0135520 secs] [Times: user=0.02 sys=0.01, real=0.01 secs] 
2020-03-19T09:42:44.812+0800: 2168.436: [GC (Allocation Failure) 2020-03-19T09:42:44.812+0800: 2168.436: [ParNew: 159102K->2492K(176960K), 0.0146998 secs] 265682K->109079K(352632K), 0.0151175 secs] [Times: user=0.02 sys=0.00, real=0.02 secs] 
2020-03-19T09:42:49.366+0800: 2172.991: [GC (Allocation Failure) 2020-03-19T09:42:49.366+0800: 2172.991: [ParNew: 159804K->2085K(176960K), 0.0134564 secs] 266391K->108672K(352632K), 0.0138642 secs] [Times: user=0.02 sys=0.01, real=0.01 secs] 
2020-03-19T09:42:56.248+0800: 2179.872: [GC (Allocation Failure) 2020-03-19T09:42:56.248+0800: 2179.872: [ParNew: 159397K->2597K(176960K), 0.0214650 secs] 265984K->109186K(352632K), 0.0218298 secs] [Times: user=0.02 sys=0.00, real=0.02 secs] 
2020-03-19T09:43:00.756+0800: 2184.380: [GC (Allocation Failure) 2020-03-19T09:43:00.756+0800: 2184.381: [ParNew: 159909K->3390K(176960K), 0.0261962 secs] 266498K->109979K(352632K), 0.0266352 secs] [Times: user=0.02 sys=0.00, real=0.03 secs] 
2020-03-19T09:43:05.819+0800: 2189.444: [GC (Allocation Failure) 2020-03-19T09:43:05.820+0800: 2189.444: [ParNew: 160373K->6034K(176960K), 0.0138466 secs] 266962K->112623K(352632K), 0.0142040 secs] [Times: user=0.02 sys=0.00, real=0.01 secs] 
2020-03-19T09:43:13.073+0800: 2196.698: [GC (Allocation Failure) 2020-03-19T09:43:13.073+0800: 2196.698: [ParNew: 163346K->2325K(176960K), 0.0205421 secs] 269935K->108924K(352632K), 0.0209746 secs] [Times: user=0.02 sys=0.00, real=0.02 secs] 
2020-03-19T09:43:16.902+0800: 2200.526: [GC (Allocation Failure) 2020-03-19T09:43:16.902+0800: 2200.526: [ParNew: 159637K->2397K(176960K), 0.0166218 secs] 266236K->109006K(352632K), 0.0170090 secs] [Times: user=0.02 sys=0.00, real=0.02 secs] 
2020-03-19T09:43:24.428+0800: 2208.052: [GC (Allocation Failure) 2020-03-19T09:43:24.428+0800: 2208.053: [ParNew: 159709K->2508K(176960K), 0.0131898 secs] 266318K->109121K(352632K), 0.0135535 secs] [Times: user=0.02 sys=0.00, real=0.01 secs] 
2020-03-19T09:43:30.702+0800: 2214.326: [GC (Allocation Failure) 2020-03-19T09:43:30.702+0800: 2214.327: [ParNew: 159820K->2512K(176960K), 0.0131106 secs] 266433K->109129K(352632K), 0.0135297 secs] [Times: user=0.03 sys=0.00, real=0.01 secs] 
2020-03-19T09:43:33.352+0800: 2216.977: [GC (Allocation Failure) 2020-03-19T09:43:33.352+0800: 2216.977: [ParNew: 159824K->4081K(176960K), 0.0489419 secs] 266441K->110714K(352632K), 0.0495481 secs] [Times: user=0.04 sys=0.00, real=0.05 secs] 
2020-03-19T09:43:36.432+0800: 2220.057: [GC (Allocation Failure) 2020-03-19T09:43:36.432+0800: 2220.057: [ParNew: 161393K->3252K(176960K), 0.0177211 secs] 268026K->109886K(352632K), 0.0180945 secs] [Times: user=0.02 sys=0.00, real=0.02 secs] 
2020-03-19T09:43:42.691+0800: 2226.316: [GC (Allocation Failure) 2020-03-19T09:43:42.691+0800: 2226.316: [ParNew: 160564K->3039K(176960K), 0.0220364 secs] 267198K->109677K(352632K), 0.0224246 secs] [Times: user=0.02 sys=0.00, real=0.02 secs] 
2020-03-19T09:43:44.261+0800: 2227.885: [GC (Allocation Failure) 2020-03-19T09:43:44.261+0800: 2227.885: [ParNew: 160320K->5476K(176960K), 0.0205804 secs] 266957K->112114K(352632K), 0.0209150 secs] [Times: user=0.04 sys=0.00, real=0.02 secs] 
2020-03-19T09:43:46.953+0800: 2230.578: [GC (Allocation Failure) 2020-03-19T09:43:46.954+0800: 2230.578: [ParNew: 162788K->4887K(176960K), 0.0186153 secs] 269426K->111526K(352632K), 0.0190101 secs] [Times: user=0.02 sys=0.00, real=0.02 secs] 
2020-03-19T09:43:53.225+0800: 2236.850: [GC (Allocation Failure) 2020-03-19T09:43:53.226+0800: 2236.850: [ParNew: 162199K->3219K(176960K), 0.0221132 secs] 268838K->109859K(352632K), 0.0225835 secs] [Times: user=0.03 sys=0.00, real=0.03 secs] 
2020-03-19T09:43:59.807+0800: 2243.431: [GC (Allocation Failure) 2020-03-19T09:43:59.807+0800: 2243.432: [ParNew: 160531K->3893K(176960K), 0.0172588 secs] 267171K->110535K(352632K), 0.0176067 secs] [Times: user=0.03 sys=0.00, real=0.01 secs] 
2020-03-19T09:44:04.406+0800: 2248.031: [GC (Allocation Failure) 2020-03-19T09:44:04.407+0800: 2248.031: [ParNew: 161205K->2376K(176960K), 0.0226667 secs] 267847K->109020K(352632K), 0.0230819 secs] [Times: user=0.02 sys=0.00, real=0.02 secs] 
2020-03-19T09:44:10.437+0800: 2254.061: [GC (Allocation Failure) 2020-03-19T09:44:10.437+0800: 2254.062: [ParNew: 159688K->3227K(176960K), 0.0231697 secs] 266332K->109872K(352632K), 0.0236358 secs] [Times: user=0.03 sys=0.00, real=0.03 secs] 
2020-03-19T09:44:15.307+0800: 2258.931: [GC (Allocation Failure) 2020-03-19T09:44:15.307+0800: 2258.931: [ParNew: 160539K->3050K(176960K), 0.0195697 secs] 267184K->109695K(352632K), 0.0199011 secs] [Times: user=0.02 sys=0.00, real=0.02 secs] 
2020-03-19T09:44:21.430+0800: 2265.054: [GC (Allocation Failure) 2020-03-19T09:44:21.430+0800: 2265.055: [ParNew: 160360K->3111K(176960K), 0.0200136 secs] 267006K->109757K(352632K), 0.0204940 secs] [Times: user=0.02 sys=0.00, real=0.02 secs] 
2020-03-19T09:44:28.481+0800: 2272.106: [GC (Allocation Failure) 2020-03-19T09:44:28.481+0800: 2272.106: [ParNew: 160423K->3103K(176960K), 0.0209418 secs] 267069K->109751K(352632K), 0.0213101 secs] [Times: user=0.02 sys=0.00, real=0.02 secs] 
2020-03-19T09:44:33.228+0800: 2276.852: [GC (Allocation Failure) 2020-03-19T09:44:33.228+0800: 2276.852: [ParNew: 160415K->3027K(176960K), 0.0326595 secs] 267063K->109679K(352632K), 0.0333901 secs] [Times: user=0.03 sys=0.01, real=0.03 secs] 
2020-03-19T09:44:39.290+0800: 2282.915: [GC (Allocation Failure) 2020-03-19T09:44:39.291+0800: 2282.915: [ParNew: 160339K->3098K(176960K), 0.0194473 secs] 266991K->109751K(352632K), 0.0198729 secs] [Times: user=0.03 sys=0.00, real=0.02 secs] 
2020-03-19T09:44:44.988+0800: 2288.613: [GC (Allocation Failure) 2020-03-19T09:44:44.989+0800: 2288.613: [ParNew: 160410K->3016K(176960K), 0.0150531 secs] 267063K->109669K(352632K), 0.0154057 secs] [Times: user=0.03 sys=0.00, real=0.01 secs] 
2020-03-19T09:44:50.762+0800: 2294.387: [GC (Allocation Failure) 2020-03-19T09:44:50.763+0800: 2294.387: [ParNew: 160328K->2480K(176960K), 0.0151562 secs] 266981K->109201K(352632K), 0.0155301 secs] [Times: user=0.03 sys=0.00, real=0.02 secs] 
2020-03-19T09:44:57.042+0800: 2300.666: [GC (Allocation Failure) 2020-03-19T09:44:57.042+0800: 2300.666: [ParNew: 159792K->3094K(176960K), 0.0171276 secs] 266513K->109847K(352632K), 0.0175300 secs] [Times: user=0.03 sys=0.00, real=0.02 secs] 
2020-03-19T09:45:01.044+0800: 2304.669: [GC (Allocation Failure) 2020-03-19T09:45:01.045+0800: 2304.669: [ParNew: 160406K->3977K(176960K), 0.0378676 secs] 267159K->110926K(352632K), 0.0382711 secs] [Times: user=0.03 sys=0.00, real=0.04 secs] 
2020-03-19T09:45:06.452+0800: 2310.076: [GC (Allocation Failure) 2020-03-19T09:45:06.452+0800: 2310.077: [ParNew: 161289K->3371K(176960K), 0.0269447 secs] 268238K->110398K(352632K), 0.0273846 secs] [Times: user=0.03 sys=0.00, real=0.03 secs] 
2020-03-19T09:45:12.632+0800: 2316.256: [GC (Allocation Failure) 2020-03-19T09:45:12.632+0800: 2316.257: [ParNew: 160683K->2433K(176960K), 0.0134695 secs] 267710K->109467K(352632K), 0.0138540 secs] [Times: user=0.02 sys=0.00, real=0.01 secs] 
2020-03-19T09:45:16.545+0800: 2320.169: [GC (Allocation Failure) 2020-03-19T09:45:16.545+0800: 2320.170: [ParNew: 159745K->2306K(176960K), 0.0199550 secs] 266779K->109367K(352632K), 0.0204307 secs] [Times: user=0.02 sys=0.00, real=0.02 secs] 
2020-03-19T09:45:22.634+0800: 2326.259: [GC (Allocation Failure) 2020-03-19T09:45:22.634+0800: 2326.259: [ParNew: 159618K->2550K(176960K), 0.0205395 secs] 266679K->109614K(352632K), 0.0211736 secs] [Times: user=0.02 sys=0.00, real=0.02 secs] 
2020-03-19T09:45:28.352+0800: 2331.977: [GC (Allocation Failure) 2020-03-19T09:45:28.353+0800: 2331.977: [ParNew: 159862K->2597K(176960K), 0.0133467 secs] 266926K->109665K(352632K), 0.0137225 secs] [Times: user=0.02 sys=0.00, real=0.02 secs] 
2020-03-19T09:45:34.106+0800: 2337.730: [GC (Allocation Failure) 2020-03-19T09:45:34.106+0800: 2337.731: [ParNew: 159909K->2645K(176960K), 0.0189765 secs] 266977K->109715K(352632K), 0.0194123 secs] [Times: user=0.03 sys=0.00, real=0.02 secs] 
2020-03-19T09:45:40.336+0800: 2343.960: [GC (Allocation Failure) 2020-03-19T09:45:40.336+0800: 2343.961: [ParNew: 159957K->2683K(176960K), 0.0128693 secs] 267027K->109757K(352632K), 0.0132356 secs] [Times: user=0.02 sys=0.00, real=0.02 secs] 
2020-03-19T09:45:45.414+0800: 2349.039: [GC (Allocation Failure) 2020-03-19T09:45:45.414+0800: 2349.039: [ParNew: 159995K->2615K(176960K), 0.0176887 secs] 267069K->109691K(352632K), 0.0181169 secs] [Times: user=0.03 sys=0.00, real=0.02 secs] 
2020-03-19T09:45:49.119+0800: 2352.744: [GC (Allocation Failure) 2020-03-19T09:45:49.120+0800: 2352.744: [ParNew: 159927K->3553K(176960K), 0.0166499 secs] 267003K->110630K(352632K), 0.0170082 secs] [Times: user=0.04 sys=0.00, real=0.01 secs] 
2020-03-19T09:45:51.895+0800: 2355.519: [GC (Allocation Failure) 2020-03-19T09:45:51.895+0800: 2355.519: [ParNew: 160865K->2564K(176960K), 0.0180902 secs] 267942K->109642K(352632K), 0.0184520 secs] [Times: user=0.02 sys=0.00, real=0.02 secs] 
2020-03-19T09:45:57.842+0800: 2361.466: [GC (Allocation Failure) 2020-03-19T09:45:57.842+0800: 2361.466: [ParNew: 159875K->3284K(176960K), 0.0197840 secs] 266953K->110362K(352632K), 0.0202674 secs] [Times: user=0.03 sys=0.00, real=0.02 secs] 
2020-03-19T09:46:02.475+0800: 2366.100: [GC (Allocation Failure) 2020-03-19T09:46:02.476+0800: 2366.100: [ParNew: 160596K->2391K(176960K), 0.0269248 secs] 267674K->109472K(352632K), 0.0273746 secs] [Times: user=0.04 sys=0.00, real=0.03 secs] 
2020-03-19T09:46:06.891+0800: 2370.515: [GC (Allocation Failure) 2020-03-19T09:46:06.891+0800: 2370.515: [ParNew: 159703K->3208K(176960K), 0.0334024 secs] 266784K->110293K(352632K), 0.0339816 secs] [Times: user=0.03 sys=0.00, real=0.03 secs] 
2020-03-19T09:46:14.158+0800: 2377.783: [GC (Allocation Failure) 2020-03-19T09:46:14.159+0800: 2377.783: [ParNew: 160520K->2182K(176960K), 0.0138820 secs] 267605K->109268K(352632K), 0.0142675 secs] [Times: user=0.03 sys=0.00, real=0.01 secs] 
2020-03-19T09:46:18.602+0800: 2382.227: [GC (Allocation Failure) 2020-03-19T09:46:18.603+0800: 2382.227: [ParNew: 159494K->2437K(176960K), 0.0179359 secs] 266580K->109523K(352632K), 0.0182947 secs] [Times: user=0.03 sys=0.00, real=0.02 secs] 
2020-03-19T09:46:25.483+0800: 2389.107: [GC (Allocation Failure) 2020-03-19T09:46:25.483+0800: 2389.108: [ParNew: 159749K->2560K(176960K), 0.0226583 secs] 266835K->109646K(352632K), 0.0230880 secs] [Times: user=0.02 sys=0.00, real=0.03 secs] 
2020-03-19T09:46:31.173+0800: 2394.798: [GC (Allocation Failure) 2020-03-19T09:46:31.173+0800: 2394.798: [ParNew: 159872K->2681K(176960K), 0.0154661 secs] 266958K->109768K(352632K), 0.0159248 secs] [Times: user=0.03 sys=0.00, real=0.02 secs] 
2020-03-19T09:46:36.829+0800: 2400.454: [GC (Allocation Failure) 2020-03-19T09:46:36.830+0800: 2400.454: [ParNew: 159993K->2141K(176960K), 0.0137452 secs] 267080K->109235K(352632K), 0.0140775 secs] [Times: user=0.02 sys=0.00, real=0.01 secs] 
2020-03-19T09:46:44.149+0800: 2407.773: [GC (Allocation Failure) 2020-03-19T09:46:44.149+0800: 2407.774: [ParNew: 159453K->2834K(176960K), 0.0202319 secs] 266547K->109930K(352632K), 0.0206845 secs] [Times: user=0.03 sys=0.00, real=0.02 secs] 
2020-03-19T09:46:48.549+0800: 2412.174: [GC (Allocation Failure) 2020-03-19T09:46:48.550+0800: 2412.174: [ParNew: 160146K->1853K(176960K), 0.0217866 secs] 267242K->109042K(352632K), 0.0221558 secs] [Times: user=0.02 sys=0.00, real=0.02 secs] 
2020-03-19T09:46:54.856+0800: 2418.481: [GC (Allocation Failure) 2020-03-19T09:46:54.856+0800: 2418.481: [ParNew: 159165K->2530K(176960K), 0.0148335 secs] 266354K->109720K(352632K), 0.0158259 secs] [Times: user=0.02 sys=0.00, real=0.02 secs] 
2020-03-19T09:47:00.088+0800: 2423.713: [GC (Allocation Failure) 2020-03-19T09:47:00.088+0800: 2423.713: [ParNew: 159842K->2568K(176960K), 0.0148262 secs] 267032K->109757K(352632K), 0.0152672 secs] [Times: user=0.03 sys=0.00, real=0.01 secs] 
2020-03-19T09:47:05.559+0800: 2429.184: [GC (Allocation Failure) 2020-03-19T09:47:05.560+0800: 2429.184: [ParNew: 159880K->3078K(176960K), 0.0225682 secs] 267069K->110270K(352632K), 0.0231741 secs] [Times: user=0.02 sys=0.00, real=0.02 secs] 
2020-03-19T09:47:12.371+0800: 2435.996: [GC (Allocation Failure) 2020-03-19T09:47:12.371+0800: 2435.996: [ParNew: 160385K->2342K(176960K), 0.0190726 secs] 267577K->109543K(352632K), 0.0194600 secs] [Times: user=0.02 sys=0.00, real=0.02 secs] 
2020-03-19T09:47:16.336+0800: 2439.961: [GC (Allocation Failure) 2020-03-19T09:47:16.337+0800: 2439.961: [ParNew: 159652K->2277K(176960K), 0.0128669 secs] 266853K->109484K(352632K), 0.0132617 secs] [Times: user=0.02 sys=0.01, real=0.02 secs] 
2020-03-19T09:47:23.209+0800: 2446.833: [GC (Allocation Failure) 2020-03-19T09:47:23.209+0800: 2446.833: [ParNew: 159589K->2503K(176960K), 0.0131659 secs] 266796K->109744K(352632K), 0.0135897 secs] [Times: user=0.02 sys=0.00, real=0.01 secs] 
2020-03-19T09:47:29.781+0800: 2453.405: [GC (Allocation Failure) 2020-03-19T09:47:29.781+0800: 2453.405: [ParNew: 159815K->3300K(176960K), 0.0143255 secs] 267056K->110544K(352632K), 0.0147400 secs] [Times: user=0.02 sys=0.00, real=0.01 secs] 
2020-03-19T09:47:35.292+0800: 2458.916: [GC (Allocation Failure) 2020-03-19T09:47:35.292+0800: 2458.917: [ParNew: 160612K->2228K(176960K), 0.0125593 secs] 267856K->109475K(352632K), 0.0129760 secs] [Times: user=0.02 sys=0.00, real=0.01 secs] 
2020-03-19T09:47:41.129+0800: 2464.753: [GC (Allocation Failure) 2020-03-19T09:47:41.129+0800: 2464.754: [ParNew: 159540K->3031K(176960K), 0.0144302 secs] 266787K->110282K(352632K), 0.0149553 secs] [Times: user=0.02 sys=0.00, real=0.01 secs] 
2020-03-19T09:47:45.779+0800: 2469.404: [GC (Allocation Failure) 2020-03-19T09:47:45.780+0800: 2469.404: [ParNew: 160343K->2433K(176960K), 0.0143494 secs] 267594K->109688K(352632K), 0.0147855 secs] [Times: user=0.02 sys=0.01, real=0.01 secs] 
2020-03-19T09:47:52.630+0800: 2476.254: [GC (Allocation Failure) 2020-03-19T09:47:52.630+0800: 2476.255: [ParNew: 159745K->1913K(176960K), 0.0172499 secs] 267000K->109168K(352632K), 0.0178926 secs] [Times: user=0.03 sys=0.00, real=0.02 secs] 
2020-03-19T09:47:59.148+0800: 2482.773: [GC (Allocation Failure) 2020-03-19T09:47:59.148+0800: 2482.773: [ParNew: 159225K->2581K(176960K), 0.0129825 secs] 266480K->109836K(352632K), 0.0133656 secs] [Times: user=0.03 sys=0.00, real=0.01 secs] 
2020-03-19T09:48:03.229+0800: 2486.854: [GC (Allocation Failure) 2020-03-19T09:48:03.230+0800: 2486.854: [ParNew: 159893K->2445K(176960K), 0.0168398 secs] 267148K->109701K(352632K), 0.0173654 secs] [Times: user=0.02 sys=0.00, real=0.02 secs] 
2020-03-19T09:48:08.881+0800: 2492.505: [GC (Allocation Failure) 2020-03-19T09:48:08.881+0800: 2492.505: [ParNew: 159757K->2508K(176960K), 0.0195537 secs] 267013K->109766K(352632K), 0.0199137 secs] [Times: user=0.03 sys=0.00, real=0.02 secs] 
2020-03-19T09:48:14.673+0800: 2498.298: [GC (Allocation Failure) 2020-03-19T09:48:14.674+0800: 2498.298: [ParNew: 159820K->2428K(176960K), 0.0243815 secs] 267078K->109690K(352632K), 0.0249429 secs] [Times: user=0.03 sys=0.00, real=0.03 secs] 
2020-03-19T09:48:18.685+0800: 2502.310: [GC (Allocation Failure) 2020-03-19T09:48:18.686+0800: 2502.310: [ParNew: 159740K->2501K(176960K), 0.0252664 secs] 267002K->109764K(352632K), 0.0257059 secs] [Times: user=0.03 sys=0.00, real=0.03 secs] 
2020-03-19T09:48:25.653+0800: 2509.278: [GC (Allocation Failure) 2020-03-19T09:48:25.653+0800: 2509.278: [ParNew: 159813K->2436K(176960K), 0.0129226 secs] 267076K->109700K(352632K), 0.0146430 secs] [Times: user=0.02 sys=0.00, real=0.02 secs] 
2020-03-19T09:48:31.493+0800: 2515.117: [GC (Allocation Failure) 2020-03-19T09:48:31.493+0800: 2515.118: [ParNew: 159748K->2502K(176960K), 0.0201542 secs] 267012K->109766K(352632K), 0.0206759 secs] [Times: user=0.02 sys=0.00, real=0.02 secs] 
2020-03-19T09:48:37.272+0800: 2520.896: [GC (Allocation Failure) 2020-03-19T09:48:37.272+0800: 2520.897: [ParNew: 159814K->2431K(176960K), 0.0165853 secs] 267078K->109695K(352632K), 0.0169888 secs] [Times: user=0.02 sys=0.00, real=0.02 secs] 
2020-03-19T09:48:44.632+0800: 2528.257: [GC (Allocation Failure) 2020-03-19T09:48:44.632+0800: 2528.257: [ParNew: 159743K->2500K(176960K), 0.0207815 secs] 267007K->109766K(352632K), 0.0211997 secs] [Times: user=0.02 sys=0.00, real=0.02 secs] 
2020-03-19T09:48:49.153+0800: 2532.778: [GC (Allocation Failure) 2020-03-19T09:48:49.154+0800: 2532.778: [ParNew: 159812K->2504K(176960K), 0.0236997 secs] 267078K->109772K(352632K), 0.0243042 secs] [Times: user=0.03 sys=0.00, real=0.02 secs] 
2020-03-19T09:48:55.336+0800: 2538.960: [GC (Allocation Failure) 2020-03-19T09:48:55.336+0800: 2538.960: [ParNew: 159816K->2430K(176960K), 0.0147379 secs] 267084K->109698K(352632K), 0.0150971 secs] [Times: user=0.02 sys=0.00, real=0.02 secs] 
2020-03-19T09:49:00.700+0800: 2544.325: [GC (Allocation Failure) 2020-03-19T09:49:00.700+0800: 2544.325: [ParNew: 159742K->2511K(176960K), 0.0196162 secs] 267010K->109779K(352632K), 0.0199905 secs] [Times: user=0.02 sys=0.00, real=0.02 secs] 
2020-03-19T09:49:05.813+0800: 2549.438: [GC (Allocation Failure) 2020-03-19T09:49:05.813+0800: 2549.438: [ParNew: 159823K->3261K(176960K), 0.0126650 secs] 267091K->110548K(352632K), 0.0130258 secs] [Times: user=0.02 sys=0.00, real=0.02 secs] 
2020-03-19T09:49:12.635+0800: 2556.259: [GC (Allocation Failure) 2020-03-19T09:49:12.635+0800: 2556.259: [ParNew: 160573K->2243K(176960K), 0.0199516 secs] 267860K->109533K(352632K), 0.0211159 secs] [Times: user=0.03 sys=0.01, real=0.02 secs] 
2020-03-19T09:49:16.635+0800: 2560.260: [GC (Allocation Failure) 2020-03-19T09:49:16.635+0800: 2560.260: [ParNew: 159555K->2215K(176960K), 0.0216190 secs] 266845K->109510K(352632K), 0.0220046 secs] [Times: user=0.02 sys=0.00, real=0.02 secs] 
2020-03-19T09:49:23.697+0800: 2567.321: [GC (Allocation Failure) 2020-03-19T09:49:23.697+0800: 2567.322: [ParNew: 159527K->2442K(176960K), 0.0134894 secs] 266822K->109740K(352632K), 0.0138174 secs] [Times: user=0.03 sys=0.00, real=0.02 secs] 
2020-03-19T09:49:29.933+0800: 2573.558: [GC (Allocation Failure) 2020-03-19T09:49:29.933+0800: 2573.558: [ParNew: 159754K->2484K(176960K), 0.0140513 secs] 267052K->109785K(352632K), 0.0144181 secs] [Times: user=0.02 sys=0.00, real=0.02 secs] 
2020-03-19T09:49:35.730+0800: 2579.355: [GC (Allocation Failure) 2020-03-19T09:49:35.731+0800: 2579.355: [ParNew: 159796K->1994K(176960K), 0.0136834 secs] 267097K->109296K(352632K), 0.0140799 secs] [Times: user=0.03 sys=0.00, real=0.01 secs] 
2020-03-19T09:49:42.687+0800: 2586.312: [GC (Allocation Failure) 2020-03-19T09:49:42.687+0800: 2586.312: [ParNew: 159306K->1769K(176960K), 0.0236252 secs] 266608K->109075K(352632K), 0.0240596 secs] [Times: user=0.02 sys=0.00, real=0.02 secs] 
2020-03-19T09:49:46.767+0800: 2590.392: [GC (Allocation Failure) 2020-03-19T09:49:46.768+0800: 2590.392: [ParNew: 159081K->2417K(176960K), 0.0157080 secs] 266387K->109726K(352632K), 0.0161286 secs] [Times: user=0.03 sys=0.00, real=0.01 secs] 
2020-03-19T09:49:53.654+0800: 2597.279: [GC (Allocation Failure) 2020-03-19T09:49:53.656+0800: 2597.280: [ParNew: 159729K->2487K(176960K), 0.0251024 secs] 267038K->109795K(352632K), 0.0264905 secs] [Times: user=0.03 sys=0.00, real=0.03 secs] 
2020-03-19T09:49:59.824+0800: 2603.449: [GC (Allocation Failure) 2020-03-19T09:49:59.825+0800: 2603.449: [ParNew: 159799K->2496K(176960K), 0.0160346 secs] 267107K->109805K(352632K), 0.0164848 secs] [Times: user=0.03 sys=0.00, real=0.02 secs] 
2020-03-19T09:50:04.586+0800: 2608.211: [GC (Allocation Failure) 2020-03-19T09:50:04.586+0800: 2608.211: [ParNew: 159804K->3011K(176960K), 0.0202794 secs] 267113K->110321K(352632K), 0.0206692 secs] [Times: user=0.02 sys=0.00, real=0.02 secs] 
2020-03-19T09:50:10.669+0800: 2614.293: [GC (Allocation Failure) 2020-03-19T09:50:10.669+0800: 2614.294: [ParNew: 160323K->2284K(176960K), 0.0167996 secs] 267632K->109596K(352632K), 0.0174836 secs] [Times: user=0.03 sys=0.00, real=0.02 secs] 
2020-03-19T09:50:15.397+0800: 2619.022: [GC (Allocation Failure) 2020-03-19T09:50:15.398+0800: 2619.022: [ParNew: 159596K->2981K(176960K), 0.0206862 secs] 266908K->110297K(352632K), 0.0211261 secs] [Times: user=0.02 sys=0.00, real=0.03 secs] 
2020-03-19T09:50:21.891+0800: 2625.516: [GC (Allocation Failure) 2020-03-19T09:50:21.892+0800: 2625.516: [ParNew: 160293K->2039K(176960K), 0.0134957 secs] 267609K->109356K(352632K), 0.0138758 secs] [Times: user=0.03 sys=0.00, real=0.01 secs] 
2020-03-19T09:50:28.758+0800: 2632.382: [GC (Allocation Failure) 2020-03-19T09:50:28.758+0800: 2632.382: [ParNew: 159351K->2994K(176960K), 0.0129434 secs] 266668K->110311K(352632K), 0.0133092 secs] [Times: user=0.03 sys=0.00, real=0.02 secs] 
2020-03-19T09:50:34.427+0800: 2638.052: [GC (Allocation Failure) 2020-03-19T09:50:34.428+0800: 2638.052: [ParNew: 160306K->1942K(176960K), 0.0188414 secs] 267623K->109270K(352632K), 0.0192461 secs] [Times: user=0.01 sys=0.00, real=0.02 secs] 
2020-03-19T09:50:40.752+0800: 2644.377: [GC (Allocation Failure) 2020-03-19T09:50:40.753+0800: 2644.377: [ParNew: 159254K->2962K(176960K), 0.0208450 secs] 266582K->110291K(352632K), 0.0213104 secs] [Times: user=0.02 sys=0.00, real=0.02 secs] 
2020-03-19T09:50:45.748+0800: 2649.373: [GC (Allocation Failure) 2020-03-19T09:50:45.748+0800: 2649.373: [ParNew: 160274K->2405K(176960K), 0.0270365 secs] 267603K->109740K(352632K), 0.0275103 secs] [Times: user=0.03 sys=0.00, real=0.02 secs] 
2020-03-19T09:50:52.150+0800: 2655.774: [GC (Allocation Failure) 2020-03-19T09:50:52.150+0800: 2655.775: [ParNew: 159717K->2482K(176960K), 0.0171578 secs] 267052K->109819K(352632K), 0.0176775 secs] [Times: user=0.02 sys=0.00, real=0.02 secs] 
2020-03-19T09:50:58.689+0800: 2662.313: [GC (Allocation Failure) 2020-03-19T09:50:58.689+0800: 2662.313: [ParNew: 159794K->2478K(176960K), 0.0162975 secs] 267131K->109816K(352632K), 0.0166927 secs] [Times: user=0.03 sys=0.00, real=0.01 secs] 
2020-03-19T09:51:02.800+0800: 2666.424: [GC (Allocation Failure) 2020-03-19T09:51:02.800+0800: 2666.424: [ParNew: 159790K->2405K(176960K), 0.0156779 secs] 267128K->109743K(352632K), 0.0160496 secs] [Times: user=0.02 sys=0.00, real=0.01 secs] 
2020-03-19T09:51:08.687+0800: 2672.311: [GC (Allocation Failure) 2020-03-19T09:51:08.687+0800: 2672.312: [ParNew: 159717K->2474K(176960K), 0.0207182 secs] 267055K->109814K(352632K), 0.0210866 secs] [Times: user=0.02 sys=0.00, real=0.02 secs] 
2020-03-19T09:51:14.786+0800: 2678.410: [GC (Allocation Failure) 2020-03-19T09:51:14.786+0800: 2678.410: [ParNew: 159786K->2415K(176960K), 0.0177662 secs] 267126K->109759K(352632K), 0.0181636 secs] [Times: user=0.03 sys=0.00, real=0.02 secs] 
2020-03-19T09:51:19.804+0800: 2683.428: [GC (Allocation Failure) 2020-03-19T09:51:19.804+0800: 2683.429: [ParNew: 159727K->1908K(176960K), 0.0253705 secs] 267071K->109267K(352632K), 0.0259768 secs] [Times: user=0.02 sys=0.00, real=0.03 secs] 
2020-03-19T09:51:26.819+0800: 2690.443: [GC (Allocation Failure) 2020-03-19T09:51:26.819+0800: 2690.443: [ParNew: 159220K->2473K(176960K), 0.0125090 secs] 266579K->109836K(352632K), 0.0128676 secs] [Times: user=0.02 sys=0.00, real=0.01 secs] 
2020-03-19T09:51:32.803+0800: 2696.427: [GC (Allocation Failure) 2020-03-19T09:51:32.803+0800: 2696.428: [ParNew: 159785K->2470K(176960K), 0.0130049 secs] 267148K->109836K(352632K), 0.0134036 secs] [Times: user=0.02 sys=0.00, real=0.01 secs] 
2020-03-19T09:51:38.752+0800: 2702.377: [GC (Allocation Failure) 2020-03-19T09:51:38.752+0800: 2702.377: [ParNew: 159782K->2457K(176960K), 0.0137910 secs] 267148K->109824K(352632K), 0.0142344 secs] [Times: user=0.02 sys=0.01, real=0.02 secs] 
2020-03-19T09:51:44.830+0800: 2708.454: [GC (Allocation Failure) 2020-03-19T09:51:44.830+0800: 2708.454: [ParNew: 159769K->2374K(176960K), 0.0138862 secs] 267136K->109744K(352632K), 0.0142601 secs] [Times: user=0.02 sys=0.01, real=0.01 secs] 
2020-03-19T09:51:50.127+0800: 2713.752: [GC (Allocation Failure) 2020-03-19T09:51:50.128+0800: 2713.752: [ParNew: 159686K->3032K(176960K), 0.0193078 secs] 267056K->110403K(352632K), 0.0196620 secs] [Times: user=0.02 sys=0.00, real=0.02 secs] 
2020-03-19T09:51:56.738+0800: 2720.362: [GC (Allocation Failure) 2020-03-19T09:51:56.738+0800: 2720.363: [ParNew: 160344K->2170K(176960K), 0.0181777 secs] 267715K->109542K(352632K), 0.0185486 secs] [Times: user=0.02 sys=0.00, real=0.02 secs] 
2020-03-19T09:52:00.861+0800: 2724.486: [GC (Allocation Failure) 2020-03-19T09:52:00.861+0800: 2724.486: [ParNew: 159482K->2990K(176960K), 0.0144793 secs] 266854K->110362K(352632K), 0.0148815 secs] [Times: user=0.03 sys=0.00, real=0.01 secs] 
2020-03-19T09:52:06.584+0800: 2730.208: [GC (Allocation Failure) 2020-03-19T09:52:06.584+0800: 2730.208: [ParNew: 160302K->1950K(176960K), 0.0129243 secs] 267674K->109322K(352632K), 0.0133131 secs] [Times: user=0.03 sys=0.00, real=0.01 secs] 
2020-03-19T09:52:13.664+0800: 2737.288: [GC (Allocation Failure) 2020-03-19T09:52:13.664+0800: 2737.289: [ParNew: 159262K->2602K(176960K), 0.0182600 secs] 266634K->109977K(352632K), 0.0186635 secs] [Times: user=0.03 sys=0.00, real=0.02 secs] 
2020-03-19T09:52:17.636+0800: 2741.260: [GC (Allocation Failure) 2020-03-19T09:52:17.636+0800: 2741.261: [ParNew: 159914K->2500K(176960K), 0.0151791 secs] 267289K->109878K(352632K), 0.0156020 secs] [Times: user=0.03 sys=0.00, real=0.02 secs] 
2020-03-19T09:52:24.909+0800: 2748.534: [GC (Allocation Failure) 2020-03-19T09:52:24.909+0800: 2748.534: [ParNew: 159812K->2406K(176960K), 0.0127552 secs] 267190K->109785K(352632K), 0.0131678 secs] [Times: user=0.02 sys=0.00, real=0.01 secs] 
2020-03-19T09:52:30.795+0800: 2754.419: [GC (Allocation Failure) 2020-03-19T09:52:30.795+0800: 2754.420: [ParNew: 159718K->3257K(176960K), 0.0274181 secs] 267097K->110636K(352632K), 0.0279950 secs] [Times: user=0.03 sys=0.00, real=0.03 secs] 
2020-03-19T09:52:36.711+0800: 2760.335: [GC (Allocation Failure) 2020-03-19T09:52:36.711+0800: 2760.336: [ParNew: 160569K->2971K(176960K), 0.0138980 secs] 267948K->110350K(352632K), 0.0142721 secs] [Times: user=0.02 sys=0.00, real=0.01 secs] 
2020-03-19T09:52:43.889+0800: 2767.514: [GC (Allocation Failure) 2020-03-19T09:52:43.890+0800: 2767.514: [ParNew: 160283K->2256K(176960K), 0.0142834 secs] 267662K->109637K(352632K), 0.0146996 secs] [Times: user=0.02 sys=0.01, real=0.01 secs] 
2020-03-19T09:52:48.278+0800: 2771.902: [GC (Allocation Failure) 2020-03-19T09:52:48.278+0800: 2771.903: [ParNew: 159563K->3007K(176960K), 0.0167345 secs] 266944K->110390K(352632K), 0.0173404 secs] [Times: user=0.02 sys=0.00, real=0.02 secs] 
2020-03-19T09:52:54.857+0800: 2778.482: [GC (Allocation Failure) 2020-03-19T09:52:54.858+0800: 2778.482: [ParNew: 160319K->1923K(176960K), 0.0165088 secs] 267702K->109307K(352632K), 0.0168548 secs] [Times: user=0.02 sys=0.00, real=0.02 secs] 
2020-03-19T09:53:00.097+0800: 2783.722: [GC (Allocation Failure) 2020-03-19T09:53:00.097+0800: 2783.722: [ParNew: 159235K->2933K(176960K), 0.0280762 secs] 266619K->110318K(352632K), 0.0285536 secs] [Times: user=0.03 sys=0.00, real=0.03 secs] 
2020-03-19T09:53:05.482+0800: 2789.107: [GC (Allocation Failure) 2020-03-19T09:53:05.483+0800: 2789.107: [ParNew: 160245K->1943K(176960K), 0.0133824 secs] 267630K->109329K(352632K), 0.0137455 secs] [Times: user=0.03 sys=0.00, real=0.01 secs] 
2020-03-19T09:53:11.895+0800: 2795.520: [GC (Allocation Failure) 2020-03-19T09:53:11.895+0800: 2795.520: [ParNew: 159255K->2584K(176960K), 0.0189768 secs] 266641K->109972K(352632K), 0.0193343 secs] [Times: user=0.02 sys=0.00, real=0.02 secs] 
2020-03-19T09:53:15.926+0800: 2799.551: [GC (Allocation Failure) 2020-03-19T09:53:15.926+0800: 2799.551: [ParNew: 159896K->2419K(176960K), 0.0186964 secs] 267284K->109811K(352632K), 0.0190726 secs] [Times: user=0.02 sys=0.01, real=0.01 secs] 
2020-03-19T09:53:23.220+0800: 2806.845: [GC (Allocation Failure) 2020-03-19T09:53:23.221+0800: 2806.845: [ParNew: 159731K->3055K(176960K), 0.0200149 secs] 267123K->110450K(352632K), 0.0204055 secs] [Times: user=0.02 sys=0.00, real=0.02 secs] 
2020-03-19T09:53:29.808+0800: 2813.433: [GC (Allocation Failure) 2020-03-19T09:53:29.808+0800: 2813.433: [ParNew: 160367K->2806K(176960K), 0.0233423 secs] 267762K->110203K(352632K), 0.0237602 secs] [Times: user=0.03 sys=0.00, real=0.02 secs] 
2020-03-19T09:53:35.296+0800: 2818.921: [GC (Allocation Failure) 2020-03-19T09:53:35.297+0800: 2818.921: [ParNew: 160118K->1814K(176960K), 0.0236190 secs] 267515K->109212K(352632K), 0.0240900 secs] [Times: user=0.02 sys=0.00, real=0.03 secs] 
2020-03-19T09:53:41.971+0800: 2825.595: [GC (Allocation Failure) 2020-03-19T09:53:41.971+0800: 2825.596: [ParNew: 159126K->2533K(176960K), 0.0128311 secs] 266524K->109935K(352632K), 0.0132764 secs] [Times: user=0.02 sys=0.00, real=0.01 secs] 
2020-03-19T09:53:46.565+0800: 2830.189: [GC (Allocation Failure) 2020-03-19T09:53:46.565+0800: 2830.189: [ParNew: 159845K->2397K(176960K), 0.0130367 secs] 267247K->109801K(352632K), 0.0134223 secs] [Times: user=0.03 sys=0.00, real=0.02 secs] 
2020-03-19T09:53:53.073+0800: 2836.697: [GC (Allocation Failure) 2020-03-19T09:53:53.073+0800: 2836.698: [ParNew: 159709K->2467K(176960K), 0.0143788 secs] 267113K->109872K(352632K), 0.0147497 secs] [Times: user=0.02 sys=0.00, real=0.02 secs] 
2020-03-19T09:53:59.771+0800: 2843.396: [GC (Allocation Failure) 2020-03-19T09:53:59.772+0800: 2843.396: [ParNew: 159779K->3255K(176960K), 0.0161382 secs] 267184K->110660K(352632K), 0.0165032 secs] [Times: user=0.02 sys=0.00, real=0.02 secs] 
2020-03-19T09:54:03.935+0800: 2847.559: [GC (Allocation Failure) 2020-03-19T09:54:03.935+0800: 2847.559: [ParNew: 160567K->2112K(176960K), 0.0129304 secs] 267972K->109518K(352632K), 0.0133227 secs] [Times: user=0.02 sys=0.00, real=0.02 secs] 
2020-03-19T09:54:09.869+0800: 2853.493: [GC (Allocation Failure) 2020-03-19T09:54:09.869+0800: 2853.494: [ParNew: 159424K->2259K(176960K), 0.0182057 secs] 266830K->109666K(352632K), 0.0186052 secs] [Times: user=0.02 sys=0.00, real=0.02 secs] 
2020-03-19T09:54:15.109+0800: 2858.733: [GC (Allocation Failure) 2020-03-19T09:54:15.109+0800: 2858.734: [ParNew: 159571K->3117K(176960K), 0.0275661 secs] 266978K->110528K(352632K), 0.0279714 secs] [Times: user=0.02 sys=0.00, real=0.02 secs] 
2020-03-19T09:54:20.992+0800: 2864.617: [GC (Allocation Failure) 2020-03-19T09:54:20.993+0800: 2864.617: [ParNew: 160429K->3039K(176960K), 0.0235403 secs] 267840K->110451K(352632K), 0.0246077 secs] [Times: user=0.02 sys=0.00, real=0.02 secs] 
2020-03-19T09:54:28.090+0800: 2871.714: [GC (Allocation Failure) 2020-03-19T09:54:28.090+0800: 2871.714: [ParNew: 160351K->2259K(176960K), 0.0124751 secs] 267763K->109672K(352632K), 0.0128640 secs] [Times: user=0.02 sys=0.00, real=0.01 secs] 
2020-03-19T09:54:33.684+0800: 2877.308: [GC (Allocation Failure) 2020-03-19T09:54:33.684+0800: 2877.308: [ParNew: 159571K->2935K(176960K), 0.0191935 secs] 266984K->110347K(352632K), 0.0196248 secs] [Times: user=0.02 sys=0.00, real=0.02 secs] 
2020-03-19T09:54:39.669+0800: 2883.293: [GC (Allocation Failure) 2020-03-19T09:54:39.669+0800: 2883.293: [ParNew: 160246K->2006K(176960K), 0.0133632 secs] 267659K->109419K(352632K), 0.0137394 secs] [Times: user=0.02 sys=0.00, real=0.01 secs] 
2020-03-19T09:54:45.331+0800: 2888.956: [GC (Allocation Failure) 2020-03-19T09:54:45.332+0800: 2888.956: [ParNew: 159318K->2871K(176960K), 0.0131915 secs] 266731K->110287K(352632K), 0.0135477 secs] [Times: user=0.02 sys=0.00, real=0.01 secs] 
2020-03-19T09:54:51.376+0800: 2895.001: [GC (Allocation Failure) 2020-03-19T09:54:51.376+0800: 2895.001: [ParNew: 160183K->1994K(176960K), 0.0134859 secs] 267599K->109413K(352632K), 0.0138291 secs] [Times: user=0.02 sys=0.00, real=0.02 secs] 
2020-03-19T09:54:57.635+0800: 2901.259: [GC (Allocation Failure) 2020-03-19T09:54:57.635+0800: 2901.260: [ParNew: 159306K->2944K(176960K), 0.0166340 secs] 266725K->110364K(352632K), 0.0169670 secs] [Times: user=0.02 sys=0.00, real=0.02 secs] 
2020-03-19T09:55:01.985+0800: 2905.610: [GC (Allocation Failure) 2020-03-19T09:55:01.985+0800: 2905.610: [ParNew: 160256K->1921K(176960K), 0.0193341 secs] 267676K->109342K(352632K), 0.0198058 secs] [Times: user=0.02 sys=0.00, real=0.02 secs] 
2020-03-19T09:55:07.612+0800: 2911.237: [GC (Allocation Failure) 2020-03-19T09:55:07.612+0800: 2911.237: [ParNew: 159233K->2229K(176960K), 0.0187437 secs] 266654K->109651K(352632K), 0.0191263 secs] [Times: user=0.02 sys=0.00, real=0.02 secs] 
2020-03-19T09:55:14.455+0800: 2918.080: [GC (Allocation Failure) 2020-03-19T09:55:14.456+0800: 2918.080: [ParNew: 159541K->3100K(176960K), 0.0164094 secs] 266963K->110529K(352632K), 0.0168193 secs] [Times: user=0.03 sys=0.00, real=0.02 secs] 
2020-03-19T09:55:18.989+0800: 2922.614: [GC (Allocation Failure) 2020-03-19T09:55:18.989+0800: 2922.614: [ParNew: 160412K->2050K(176960K), 0.0160951 secs] 267841K->109481K(352632K), 0.0164289 secs] [Times: user=0.03 sys=0.00, real=0.01 secs] 
2020-03-19T09:55:25.936+0800: 2929.560: [GC (Allocation Failure) 2020-03-19T09:55:25.936+0800: 2929.560: [ParNew: 159362K->2156K(176960K), 0.0128713 secs] 266793K->109591K(352632K), 0.0132487 secs] [Times: user=0.02 sys=0.00, real=0.02 secs] 
2020-03-19T09:55:31.372+0800: 2934.997: [GC (Allocation Failure) 2020-03-19T09:55:31.373+0800: 2934.997: [ParNew: 159468K->2391K(176960K), 0.0142332 secs] 266903K->109828K(352632K), 0.0146328 secs] [Times: user=0.02 sys=0.00, real=0.02 secs] 
2020-03-19T09:55:36.884+0800: 2940.508: [GC (Allocation Failure) 2020-03-19T09:55:36.884+0800: 2940.508: [ParNew: 159703K->2398K(176960K), 0.0168738 secs] 267140K->109836K(352632K), 0.0172765 secs] [Times: user=0.03 sys=0.00, real=0.02 secs] 
2020-03-19T09:55:44.099+0800: 2947.723: [GC (Allocation Failure) 2020-03-19T09:55:44.099+0800: 2947.724: [ParNew: 159710K->2479K(176960K), 0.0155156 secs] 267148K->109919K(352632K), 0.0161516 secs] [Times: user=0.03 sys=0.00, real=0.01 secs] 
2020-03-19T09:55:48.687+0800: 2952.312: [GC (Allocation Failure) 2020-03-19T09:55:48.687+0800: 2952.312: [ParNew: 159791K->2488K(176960K), 0.0135474 secs] 267231K->109931K(352632K), 0.0139695 secs] [Times: user=0.02 sys=0.00, real=0.01 secs] 
2020-03-19T09:55:54.925+0800: 2958.549: [GC (Allocation Failure) 2020-03-19T09:55:54.925+0800: 2958.550: [ParNew: 159800K->2417K(176960K), 0.0183797 secs] 267243K->109860K(352632K), 0.0187907 secs] [Times: user=0.02 sys=0.01, real=0.02 secs] 
2020-03-19T09:56:00.089+0800: 2963.713: [GC (Allocation Failure) 2020-03-19T09:56:00.089+0800: 2963.713: [ParNew: 159729K->2505K(176960K), 0.0153352 secs] 267172K->109948K(352632K), 0.0157199 secs] [Times: user=0.03 sys=0.00, real=0.01 secs] 
2020-03-19T09:56:05.297+0800: 2968.922: [GC (Allocation Failure) 2020-03-19T09:56:05.297+0800: 2968.922: [ParNew: 159817K->2008K(176960K), 0.0140929 secs] 267260K->109452K(352632K), 0.0145216 secs] [Times: user=0.02 sys=0.00, real=0.02 secs] 
2020-03-19T09:56:11.176+0800: 2974.801: [GC (Allocation Failure) 2020-03-19T09:56:11.177+0800: 2974.801: [ParNew: 159320K->1824K(176960K), 0.0197639 secs] 266764K->109269K(352632K), 0.0201433 secs] [Times: user=0.03 sys=0.00, real=0.02 secs] 
2020-03-19T09:56:15.732+0800: 2979.357: [GC (Allocation Failure) 2020-03-19T09:56:15.733+0800: 2979.357: [ParNew: 159136K->2478K(176960K), 0.0264704 secs] 266581K->109927K(352632K), 0.0268838 secs] [Times: user=0.02 sys=0.00, real=0.03 secs] 
2020-03-19T09:56:21.728+0800: 2985.352: [GC (Allocation Failure) 2020-03-19T09:56:21.728+0800: 2985.353: [ParNew: 159790K->2556K(176960K), 0.0139981 secs] 267239K->110005K(352632K), 0.0143926 secs] [Times: user=0.03 sys=0.00, real=0.01 secs] 
2020-03-19T09:56:28.684+0800: 2992.308: [GC (Allocation Failure) 2020-03-19T09:56:28.684+0800: 2992.308: [ParNew: 159868K->2518K(176960K), 0.0133242 secs] 267317K->109968K(352632K), 0.0136590 secs] [Times: user=0.03 sys=0.00, real=0.01 secs] 
2020-03-19T09:56:33.454+0800: 2997.079: [GC (Allocation Failure) 2020-03-19T09:56:33.455+0800: 2997.079: [ParNew: 159830K->2456K(176960K), 0.0386677 secs] 267280K->109906K(352632K), 0.0391217 secs] [Times: user=0.02 sys=0.01, real=0.04 secs] 
2020-03-19T09:56:39.230+0800: 3002.855: [GC (Allocation Failure) 2020-03-19T09:56:39.230+0800: 3002.855: [ParNew: 159768K->2588K(176960K), 0.0290602 secs] 267218K->110038K(352632K), 0.0294936 secs] [Times: user=0.03 sys=0.00, real=0.03 secs] 
2020-03-19T09:56:45.023+0800: 3008.648: [GC (Allocation Failure) 2020-03-19T09:56:45.024+0800: 3008.648: [ParNew: 159900K->2457K(176960K), 0.0146533 secs] 267350K->109911K(352632K), 0.0150042 secs] [Times: user=0.03 sys=0.00, real=0.02 secs] 
2020-03-19T09:56:51.006+0800: 3014.631: [GC (Allocation Failure) 2020-03-19T09:56:51.006+0800: 3014.631: [ParNew: 159769K->3106K(176960K), 0.0191739 secs] 267223K->110561K(352632K), 0.0195815 secs] [Times: user=0.03 sys=0.01, real=0.01 secs] 
2020-03-19T09:56:57.038+0800: 3020.663: [GC (Allocation Failure) 2020-03-19T09:56:57.039+0800: 3020.663: [ParNew: 160418K->2233K(176960K), 0.0217261 secs] 267873K->109697K(352632K), 0.0222028 secs] [Times: user=0.02 sys=0.00, real=0.02 secs] 
2020-03-19T09:57:01.370+0800: 3024.995: [GC (Allocation Failure) 2020-03-19T09:57:01.370+0800: 3024.995: [ParNew: 159545K->3055K(176960K), 0.0128206 secs] 267009K->110520K(352632K), 0.0132119 secs] [Times: user=0.03 sys=0.00, real=0.01 secs] 
2020-03-19T09:57:06.956+0800: 3030.580: [GC (Allocation Failure) 2020-03-19T09:57:06.956+0800: 3030.581: [ParNew: 160367K->1968K(176960K), 0.0128692 secs] 267832K->109435K(352632K), 0.0131917 secs] [Times: user=0.02 sys=0.00, real=0.02 secs] 
2020-03-19T09:57:14.142+0800: 3037.767: [GC (Allocation Failure) 2020-03-19T09:57:14.142+0800: 3037.767: [ParNew: 159280K->2987K(176960K), 0.0133856 secs] 266747K->110457K(352632K), 0.0137820 secs] [Times: user=0.02 sys=0.01, real=0.01 secs] 
2020-03-19T09:57:18.071+0800: 3041.696: [GC (Allocation Failure) 2020-03-19T09:57:18.072+0800: 3041.696: [ParNew: 160299K->2020K(176960K), 0.0133577 secs] 267769K->109494K(352632K), 0.0136998 secs] [Times: user=0.03 sys=0.00, real=0.01 secs] 
2020-03-19T09:57:25.094+0800: 3048.718: [GC (Allocation Failure) 2020-03-19T09:57:25.094+0800: 3048.718: [ParNew: 159332K->2192K(176960K), 0.0221057 secs] 266806K->109669K(352632K), 0.0224775 secs] [Times: user=0.03 sys=0.00, real=0.02 secs] 
2020-03-19T09:57:31.086+0800: 3054.711: [GC (Allocation Failure) 2020-03-19T09:57:31.086+0800: 3054.711: [ParNew: 159504K->2442K(176960K), 0.0308408 secs] 266981K->109924K(352632K), 0.0313664 secs] [Times: user=0.03 sys=0.01, real=0.02 secs] 
2020-03-19T09:57:36.969+0800: 3060.594: [GC (Allocation Failure) 2020-03-19T09:57:36.969+0800: 3060.594: [ParNew: 159754K->2000K(176960K), 0.0125910 secs] 267236K->109484K(352632K), 0.0129416 secs] [Times: user=0.03 sys=0.00, real=0.01 secs] 
2020-03-19T09:57:44.139+0800: 3067.763: [GC (Allocation Failure) 2020-03-19T09:57:44.139+0800: 3067.764: [ParNew: 159312K->2637K(176960K), 0.0158294 secs] 266796K->110126K(352632K), 0.0162494 secs] [Times: user=0.03 sys=0.00, real=0.01 secs] 
2020-03-19T09:57:48.694+0800: 3072.319: [GC (Allocation Failure) 2020-03-19T09:57:48.694+0800: 3072.319: [ParNew: 159949K->2530K(176960K), 0.0145131 secs] 267438K->110021K(352632K), 0.0149176 secs] [Times: user=0.03 sys=0.00, real=0.02 secs] 
2020-03-19T09:57:55.146+0800: 3078.770: [GC (Allocation Failure) 2020-03-19T09:57:55.146+0800: 3078.770: [ParNew: 159842K->2437K(176960K), 0.0193117 secs] 267333K->109928K(352632K), 0.0197708 secs] [Times: user=0.02 sys=0.00, real=0.02 secs] 
2020-03-19T09:58:00.092+0800: 3083.716: [GC (Allocation Failure) 2020-03-19T09:58:00.092+0800: 3083.716: [ParNew: 159749K->2499K(176960K), 0.0192666 secs] 267240K->110012K(352632K), 0.0196441 secs] [Times: user=0.03 sys=0.00, real=0.02 secs] 
2020-03-19T09:58:05.670+0800: 3089.294: [GC (Allocation Failure) 2020-03-19T09:58:05.672+0800: 3089.297: [ParNew: 159811K->2995K(176960K), 0.0191537 secs] 267324K->110509K(352632K), 0.0220419 secs] [Times: user=0.03 sys=0.00, real=0.02 secs] 
2020-03-19T09:58:12.563+0800: 3096.187: [GC (Allocation Failure) 2020-03-19T09:58:12.563+0800: 3096.188: [ParNew: 160307K->2269K(176960K), 0.0241011 secs] 267821K->109784K(352632K), 0.0244848 secs] [Times: user=0.02 sys=0.01, real=0.03 secs] 
2020-03-19T09:58:15.761+0800: 3099.385: [GC (Allocation Failure) 2020-03-19T09:58:15.761+0800: 3099.385: [ParNew: 159581K->2947K(176960K), 0.0142081 secs] 267096K->110467K(352632K), 0.0145966 secs] [Times: user=0.03 sys=0.00, real=0.01 secs] 
2020-03-19T09:58:22.223+0800: 3105.847: [GC (Allocation Failure) 2020-03-19T09:58:22.223+0800: 3105.847: [ParNew: 160259K->1941K(176960K), 0.0140589 secs] 267779K->109461K(352632K), 0.0144637 secs] [Times: user=0.03 sys=0.00, real=0.01 secs] 
2020-03-19T09:58:29.156+0800: 3112.781: [GC (Allocation Failure) 2020-03-19T09:58:29.156+0800: 3112.781: [ParNew: 159253K->1740K(176960K), 0.0155559 secs] 266773K->109261K(352632K), 0.0159913 secs] [Times: user=0.03 sys=0.00, real=0.02 secs] 
2020-03-19T09:58:34.804+0800: 3118.429: [GC (Allocation Failure) 2020-03-19T09:58:34.804+0800: 3118.429: [ParNew: 159052K->2427K(176960K), 0.0197806 secs] 266573K->109951K(352632K), 0.0201234 secs] [Times: user=0.02 sys=0.00, real=0.02 secs] 
2020-03-19T09:58:41.062+0800: 3124.687: [GC (Allocation Failure) 2020-03-19T09:58:41.062+0800: 3124.687: [ParNew: 159739K->2471K(176960K), 0.0210584 secs] 267263K->109998K(352632K), 0.0218096 secs] [Times: user=0.02 sys=0.00, real=0.02 secs] 
2020-03-19T09:58:45.761+0800: 3129.385: [GC (Allocation Failure) 2020-03-19T09:58:45.761+0800: 3129.385: [ParNew: 159783K->2386K(176960K), 0.0147412 secs] 267310K->109919K(352632K), 0.0151183 secs] [Times: user=0.02 sys=0.00, real=0.01 secs] 
2020-03-19T09:58:52.569+0800: 3136.193: [GC (Allocation Failure) 2020-03-19T09:58:52.569+0800: 3136.194: [ParNew: 159698K->1963K(176960K), 0.0303775 secs] 267231K->109497K(352632K), 0.0309593 secs] [Times: user=0.03 sys=0.00, real=0.03 secs] 
2020-03-19T09:58:59.101+0800: 3142.725: [GC (Allocation Failure) 2020-03-19T09:58:59.101+0800: 3142.725: [ParNew: 159275K->2573K(176960K), 0.0186051 secs] 266809K->110108K(352632K), 0.0190541 secs] [Times: user=0.03 sys=0.00, real=0.02 secs] 
2020-03-19T09:59:03.132+0800: 3146.756: [GC (Allocation Failure) 2020-03-19T09:59:03.132+0800: 3146.757: [ParNew: 159885K->2410K(176960K), 0.0196026 secs] 267420K->109945K(352632K), 0.0200075 secs] [Times: user=0.02 sys=0.00, real=0.02 secs] 
2020-03-19T09:59:09.028+0800: 3152.653: [GC (Allocation Failure) 2020-03-19T09:59:09.028+0800: 3152.653: [ParNew: 159722K->2457K(176960K), 0.0135900 secs] 267257K->109993K(352632K), 0.0139585 secs] [Times: user=0.02 sys=0.01, real=0.01 secs] 
2020-03-19T09:59:14.828+0800: 3158.452: [GC (Allocation Failure) 2020-03-19T09:59:14.828+0800: 3158.452: [ParNew: 159769K->2380K(176960K), 0.0196587 secs] 267305K->109922K(352632K), 0.0200582 secs] [Times: user=0.03 sys=0.00, real=0.02 secs] 
2020-03-19T09:59:20.048+0800: 3163.673: [GC (Allocation Failure) 2020-03-19T09:59:20.049+0800: 3163.673: [ParNew: 159692K->2051K(176960K), 0.0224674 secs] 267234K->109595K(352632K), 0.0228864 secs] [Times: user=0.03 sys=0.00, real=0.02 secs] 
2020-03-19T09:59:27.038+0800: 3170.663: [GC (Allocation Failure) 2020-03-19T09:59:27.038+0800: 3170.663: [ParNew: 159363K->1680K(176960K), 0.0198990 secs] 266907K->109227K(352632K), 0.0202885 secs] [Times: user=0.01 sys=0.01, real=0.02 secs] 
2020-03-19T09:59:33.141+0800: 3176.766: [GC (Allocation Failure) 2020-03-19T09:59:33.142+0800: 3176.766: [ParNew: 158992K->2480K(176960K), 0.0188771 secs] 266539K->110029K(352632K), 0.0193491 secs] [Times: user=0.02 sys=0.00, real=0.02 secs] 
2020-03-19T09:59:39.148+0800: 3182.772: [GC (Allocation Failure) 2020-03-19T09:59:39.148+0800: 3182.773: [ParNew: 159792K->2459K(176960K), 0.0129321 secs] 267341K->110009K(352632K), 0.0132890 secs] [Times: user=0.02 sys=0.00, real=0.01 secs] 
2020-03-19T09:59:44.923+0800: 3188.548: [GC (Allocation Failure) 2020-03-19T09:59:44.924+0800: 3188.548: [ParNew: 159771K->2374K(176960K), 0.0145483 secs] 267321K->109927K(352632K), 0.0149580 secs] [Times: user=0.03 sys=0.00, real=0.02 secs] 
2020-03-19T09:59:50.581+0800: 3194.206: [GC (Allocation Failure) 2020-03-19T09:59:50.582+0800: 3194.206: [ParNew: 159686K->3050K(176960K), 0.0149306 secs] 267239K->110605K(352632K), 0.0153060 secs] [Times: user=0.03 sys=0.00, real=0.01 secs] 
2020-03-19T09:59:56.948+0800: 3200.573: [GC (Allocation Failure) 2020-03-19T09:59:56.948+0800: 3200.573: [ParNew: 160362K->2176K(176960K), 0.0119827 secs] 267917K->109731K(352632K), 0.0123520 secs] [Times: user=0.02 sys=0.00, real=0.01 secs] 
2020-03-19T10:00:00.650+0800: 3204.275: [GC (Allocation Failure) 2020-03-19T10:00:00.650+0800: 3204.275: [ParNew: 159488K->2988K(176960K), 0.0149571 secs] 267043K->110544K(352632K), 0.0153839 secs] [Times: user=0.02 sys=0.01, real=0.01 secs] 
2020-03-19T10:00:03.695+0800: 3207.319: [GC (Allocation Failure) 2020-03-19T10:00:03.695+0800: 3207.319: [ParNew: 160300K->3927K(176960K), 0.0193745 secs] 267856K->111483K(352632K), 0.0197237 secs] [Times: user=0.03 sys=0.00, real=0.02 secs] 
2020-03-19T10:00:05.827+0800: 3209.452: [GC (Allocation Failure) 2020-03-19T10:00:05.827+0800: 3209.452: [ParNew: 160223K->5711K(176960K), 0.0131740 secs] 267779K->113269K(352632K), 0.0135166 secs] [Times: user=0.02 sys=0.00, real=0.01 secs] 
2020-03-19T10:00:13.219+0800: 3216.843: [GC (Allocation Failure) 2020-03-19T10:00:13.219+0800: 3216.844: [ParNew: 163023K->2692K(176960K), 0.0142603 secs] 270581K->110253K(352632K), 0.0146697 secs] [Times: user=0.03 sys=0.00, real=0.01 secs] 
2020-03-19T10:00:17.086+0800: 3220.710: [GC (Allocation Failure) 2020-03-19T10:00:17.086+0800: 3220.711: [ParNew: 160004K->2949K(176960K), 0.0144518 secs] 267565K->110510K(352632K), 0.0150570 secs] [Times: user=0.02 sys=0.00, real=0.02 secs] 
2020-03-19T10:00:23.656+0800: 3227.280: [GC (Allocation Failure) 2020-03-19T10:00:23.656+0800: 3227.280: [ParNew: 160261K->2379K(176960K), 0.0172188 secs] 267822K->109940K(352632K), 0.0176508 secs] [Times: user=0.02 sys=0.01, real=0.02 secs] 
2020-03-19T10:00:29.815+0800: 3233.439: [GC (Allocation Failure) 2020-03-19T10:00:29.815+0800: 3233.440: [ParNew: 159691K->3793K(176960K), 0.0183157 secs] 267252K->111355K(352632K), 0.0187358 secs] [Times: user=0.04 sys=0.00, real=0.02 secs] 
2020-03-19T10:00:35.670+0800: 3239.294: [GC (Allocation Failure) 2020-03-19T10:00:35.670+0800: 3239.294: [ParNew: 161105K->3645K(176960K), 0.0138034 secs] 268667K->111209K(352632K), 0.0141802 secs] [Times: user=0.03 sys=0.00, real=0.01 secs] 
2020-03-19T10:00:42.631+0800: 3246.256: [GC (Allocation Failure) 2020-03-19T10:00:42.631+0800: 3246.256: [ParNew: 160957K->2862K(176960K), 0.0153481 secs] 268521K->110430K(352632K), 0.0157392 secs] [Times: user=0.03 sys=0.00, real=0.02 secs] 
2020-03-19T10:00:46.830+0800: 3250.454: [GC (Allocation Failure) 2020-03-19T10:00:46.830+0800: 3250.454: [ParNew: 160174K->2871K(176960K), 0.0178644 secs] 267742K->110439K(352632K), 0.0182704 secs] [Times: user=0.02 sys=0.00, real=0.02 secs] 
2020-03-19T10:00:53.443+0800: 3257.067: [GC (Allocation Failure) 2020-03-19T10:00:53.443+0800: 3257.068: [ParNew: 160183K->3156K(176960K), 0.0190697 secs] 267751K->110725K(352632K), 0.0194801 secs] [Times: user=0.03 sys=0.00, real=0.02 secs] 
2020-03-19T10:00:59.815+0800: 3263.440: [GC (Allocation Failure) 2020-03-19T10:00:59.815+0800: 3263.440: [ParNew: 160468K->4244K(176960K), 0.0170651 secs] 268037K->111813K(352632K), 0.0174413 secs] [Times: user=0.03 sys=0.00, real=0.02 secs] 
2020-03-19T10:01:04.151+0800: 3267.776: [GC (Allocation Failure) 2020-03-19T10:01:04.152+0800: 3267.776: [ParNew: 161556K->3721K(176960K), 0.0141318 secs] 269125K->111293K(352632K), 0.0146207 secs] [Times: user=0.03 sys=0.00, real=0.02 secs] 
2020-03-19T10:01:10.173+0800: 3273.798: [GC (Allocation Failure) 2020-03-19T10:01:10.173+0800: 3273.798: [ParNew: 161033K->2879K(176960K), 0.0159640 secs] 268605K->110455K(352632K), 0.0163203 secs] [Times: user=0.02 sys=0.00, real=0.02 secs] 
2020-03-19T10:01:13.685+0800: 3277.310: [GC (Allocation Failure) 2020-03-19T10:01:13.686+0800: 3277.310: [ParNew: 160191K->2868K(176960K), 0.0227389 secs] 267767K->110448K(352632K), 0.0231360 secs] [Times: user=0.03 sys=0.00, real=0.03 secs] 
2020-03-19T10:01:15.140+0800: 3278.765: [GC (Allocation Failure) 2020-03-19T10:01:15.140+0800: 3278.765: [ParNew: 160180K->11260K(176960K), 0.0807315 secs] 267760K->118841K(352632K), 0.0811717 secs] [Times: user=0.05 sys=0.01, real=0.08 secs] 
2020-03-19T10:01:15.635+0800: 3279.259: [GC (Allocation Failure) 2020-03-19T10:01:15.635+0800: 3279.259: [ParNew: 168572K->11429K(176960K), 0.0365317 secs] 276153K->119068K(352632K), 0.0371239 secs] [Times: user=0.04 sys=0.01, real=0.04 secs] 
2020-03-19T10:01:16.200+0800: 3279.824: [GC (Allocation Failure) 2020-03-19T10:01:16.200+0800: 3279.825: [ParNew: 168741K->14569K(176960K), 0.0922176 secs] 276380K->122791K(352632K), 0.0926797 secs] [Times: user=0.04 sys=0.00, real=0.09 secs] 
2020-03-19T10:01:16.796+0800: 3280.420: [GC (Allocation Failure) 2020-03-19T10:01:16.796+0800: 3280.421: [ParNew: 171881K->17973K(176960K), 0.0948075 secs] 280103K->126195K(352632K), 0.0953501 secs] [Times: user=0.05 sys=0.00, real=0.10 secs] 
2020-03-19T10:01:17.233+0800: 3280.857: [GC (Allocation Failure) 2020-03-19T10:01:17.233+0800: 3280.858: [ParNew: 175285K->12760K(176960K), 0.0817115 secs] 283507K->126414K(352632K), 0.0821983 secs] [Times: user=0.06 sys=0.00, real=0.08 secs] 
2020-03-19T10:01:17.807+0800: 3281.432: [GC (Allocation Failure) 2020-03-19T10:01:17.813+0800: 3281.438: [ParNew: 170058K->10388K(176960K), 0.0756148 secs] 283713K->124042K(352632K), 0.0814234 secs] [Times: user=0.04 sys=0.00, real=0.08 secs] 
2020-03-19T10:01:21.424+0800: 3285.049: [GC (Allocation Failure) 2020-03-19T10:01:21.425+0800: 3285.049: [ParNew: 167700K->8442K(176960K), 0.0336831 secs] 281354K->122096K(352632K), 0.0342620 secs] [Times: user=0.02 sys=0.00, real=0.04 secs] 
2020-03-19T10:01:27.338+0800: 3290.963: [GC (Allocation Failure) 2020-03-19T10:01:27.339+0800: 3290.963: [ParNew: 165754K->5284K(176960K), 0.0141041 secs] 279408K->118938K(352632K), 0.0144791 secs] [Times: user=0.03 sys=0.00, real=0.01 secs] 
2020-03-19T10:01:32.639+0800: 3296.263: [GC (Allocation Failure) 2020-03-19T10:01:32.639+0800: 3296.263: [ParNew: 162596K->8789K(176960K), 0.0182736 secs] 276250K->122443K(352632K), 0.0186728 secs] [Times: user=0.03 sys=0.00, real=0.01 secs] 
2020-03-19T10:01:37.759+0800: 3301.384: [GC (Allocation Failure) 2020-03-19T10:01:37.760+0800: 3301.384: [ParNew: 166101K->6041K(176960K), 0.0326535 secs] 279755K->119695K(352632K), 0.0331312 secs] [Times: user=0.03 sys=0.00, real=0.03 secs] 
2020-03-19T10:01:44.456+0800: 3308.081: [GC (Allocation Failure) 2020-03-19T10:01:44.457+0800: 3308.081: [ParNew: 163353K->9391K(176960K), 0.0158605 secs] 277007K->123045K(352632K), 0.0162198 secs] [Times: user=0.04 sys=0.00, real=0.02 secs] 
2020-03-19T10:01:49.154+0800: 3312.779: [GC (Allocation Failure) 2020-03-19T10:01:49.155+0800: 3312.779: [ParNew: 166703K->7599K(176960K), 0.0268747 secs] 280357K->121253K(352632K), 0.0272609 secs] [Times: user=0.04 sys=0.00, real=0.03 secs] 
2020-03-19T10:01:55.148+0800: 3318.773: [GC (Allocation Failure) 2020-03-19T10:01:55.148+0800: 3318.773: [ParNew: 164911K->7015K(176960K), 0.0150033 secs] 278565K->120669K(352632K), 0.0154229 secs] [Times: user=0.02 sys=0.00, real=0.01 secs] 
2020-03-19T10:02:00.059+0800: 3323.684: [GC (Allocation Failure) 2020-03-19T10:02:00.060+0800: 3323.684: [ParNew: 164327K->7738K(176960K), 0.0277847 secs] 277981K->121393K(352632K), 0.0282200 secs] [Times: user=0.03 sys=0.00, real=0.03 secs] 
2020-03-19T10:02:05.329+0800: 3328.954: [GC (Allocation Failure) 2020-03-19T10:02:05.330+0800: 3328.954: [ParNew: 165050K->8432K(176960K), 0.0188298 secs] 278705K->122087K(352632K), 0.0192315 secs] [Times: user=0.02 sys=0.00, real=0.02 secs] 
2020-03-19T10:02:11.095+0800: 3334.719: [GC (Allocation Failure) 2020-03-19T10:02:11.095+0800: 3334.719: [ParNew: 165744K->8107K(176960K), 0.0213289 secs] 279399K->121761K(352632K), 0.0217172 secs] [Times: user=0.03 sys=0.00, real=0.02 secs] 
2020-03-19T10:02:15.745+0800: 3339.369: [GC (Allocation Failure) 2020-03-19T10:02:15.745+0800: 3339.370: [ParNew: 165419K->7988K(176960K), 0.0187813 secs] 279073K->121642K(352632K), 0.0192931 secs] [Times: user=0.03 sys=0.00, real=0.02 secs] 
2020-03-19T10:02:21.857+0800: 3345.482: [GC (Allocation Failure) 2020-03-19T10:02:21.857+0800: 3345.482: [ParNew: 165300K->5535K(176960K), 0.0194791 secs] 278954K->120871K(352632K), 0.0199169 secs] [Times: user=0.03 sys=0.00, real=0.02 secs] 
2020-03-19T10:02:28.226+0800: 3351.851: [GC (Allocation Failure) 2020-03-19T10:02:28.227+0800: 3351.851: [ParNew: 162847K->6253K(176960K), 0.0172428 secs] 278183K->121879K(352632K), 0.0177640 secs] [Times: user=0.03 sys=0.00, real=0.01 secs] 
2020-03-19T10:02:33.963+0800: 3357.587: [GC (Allocation Failure) 2020-03-19T10:02:33.963+0800: 3357.587: [ParNew: 163565K->4586K(176960K), 0.0200710 secs] 279191K->120644K(352632K), 0.0204785 secs] [Times: user=0.03 sys=0.00, real=0.02 secs] 
2020-03-19T10:02:39.996+0800: 3363.621: [GC (Allocation Failure) 2020-03-19T10:02:39.996+0800: 3363.621: [ParNew: 161898K->4244K(176960K), 0.0154637 secs] 277956K->120702K(352632K), 0.0158752 secs] [Times: user=0.04 sys=0.00, real=0.02 secs] 
2020-03-19T10:02:45.469+0800: 3369.093: [GC (Allocation Failure) 2020-03-19T10:02:45.469+0800: 3369.094: [ParNew: 161556K->3922K(176960K), 0.0241098 secs] 278014K->120720K(352632K), 0.0245414 secs] [Times: user=0.04 sys=0.00, real=0.02 secs] 
2020-03-19T10:02:51.506+0800: 3375.131: [GC (Allocation Failure) 2020-03-19T10:02:51.507+0800: 3375.131: [ParNew: 161234K->3075K(176960K), 0.0235307 secs] 278032K->120170K(352632K), 0.0239042 secs] [Times: user=0.03 sys=0.00, real=0.02 secs] 
2020-03-19T10:02:57.460+0800: 3381.085: [GC (Allocation Failure) 2020-03-19T10:02:57.461+0800: 3381.085: [ParNew: 160387K->2776K(176960K), 0.0144286 secs] 277482K->119989K(352632K), 0.0148057 secs] [Times: user=0.02 sys=0.00, real=0.01 secs] 
2020-03-19T10:03:01.415+0800: 3385.040: [GC (Allocation Failure) 2020-03-19T10:03:01.416+0800: 3385.040: [ParNew: 160088K->2920K(176960K), 0.0259401 secs] 277301K->120160K(352632K), 0.0266577 secs] [Times: user=0.02 sys=0.01, real=0.03 secs] 
2020-03-19T10:03:06.710+0800: 3390.335: [GC (Allocation Failure) 2020-03-19T10:03:06.711+0800: 3390.335: [ParNew: 160232K->2803K(176960K), 0.0148344 secs] 277472K->120082K(352632K), 0.0152293 secs] [Times: user=0.03 sys=0.00, real=0.01 secs] 
2020-03-19T10:03:13.695+0800: 3397.320: [GC (Allocation Failure) 2020-03-19T10:03:13.696+0800: 3397.320: [ParNew: 160115K->1953K(176960K), 0.0178575 secs] 277394K->119254K(352632K), 0.0182506 secs] [Times: user=0.03 sys=0.00, real=0.02 secs] 
2020-03-19T10:03:17.977+0800: 3401.601: [GC (Allocation Failure) 2020-03-19T10:03:17.977+0800: 3401.601: [ParNew: 159265K->2848K(176960K), 0.0233769 secs] 276566K->120169K(352632K), 0.0238134 secs] [Times: user=0.02 sys=0.00, real=0.03 secs] 
2020-03-19T10:03:25.298+0800: 3408.922: [GC (Allocation Failure) 2020-03-19T10:03:25.298+0800: 3408.922: [ParNew: 160160K->2743K(176960K), 0.0207588 secs] 277481K->120078K(352632K), 0.0211633 secs] [Times: user=0.03 sys=0.00, real=0.03 secs] 
2020-03-19T10:03:30.936+0800: 3414.561: [GC (Allocation Failure) 2020-03-19T10:03:30.937+0800: 3414.561: [ParNew: 160055K->2813K(176960K), 0.0230638 secs] 277390K->120164K(352632K), 0.0234651 secs] [Times: user=0.03 sys=0.00, real=0.03 secs] 
2020-03-19T10:03:36.382+0800: 3420.007: [GC (Allocation Failure) 2020-03-19T10:03:36.382+0800: 3420.007: [ParNew: 160125K->2242K(176960K), 0.0131120 secs] 277476K->119610K(352632K), 0.0135187 secs] [Times: user=0.02 sys=0.01, real=0.01 secs] 
2020-03-19T10:03:43.227+0800: 3426.851: [GC (Allocation Failure) 2020-03-19T10:03:43.227+0800: 3426.851: [ParNew: 159554K->3009K(176960K), 0.0217229 secs] 276922K->120391K(352632K), 0.0221578 secs] [Times: user=0.03 sys=0.00, real=0.02 secs] 
2020-03-19T10:03:47.417+0800: 3431.041: [GC (Allocation Failure) 2020-03-19T10:03:47.417+0800: 3431.041: [ParNew: 160321K->2797K(176960K), 0.0162972 secs] 277703K->120196K(352632K), 0.0167073 secs] [Times: user=0.02 sys=0.01, real=0.02 secs] 
2020-03-19T10:03:53.993+0800: 3437.617: [GC (Allocation Failure) 2020-03-19T10:03:53.993+0800: 3437.617: [ParNew: 160109K->2824K(176960K), 0.0169144 secs] 277508K->120241K(352632K), 0.0172775 secs] [Times: user=0.02 sys=0.00, real=0.02 secs] 
2020-03-19T10:04:00.031+0800: 3443.656: [GC (Allocation Failure) 2020-03-19T10:04:00.032+0800: 3443.656: [ParNew: 160136K->2827K(176960K), 0.0248611 secs] 277553K->120260K(352632K), 0.0254975 secs] [Times: user=0.03 sys=0.00, real=0.02 secs] 
2020-03-19T10:04:04.934+0800: 3448.559: [GC (Allocation Failure) 2020-03-19T10:04:04.935+0800: 3448.559: [ParNew: 160139K->3347K(176960K), 0.0202386 secs] 277572K->120797K(352632K), 0.0207051 secs] [Times: user=0.03 sys=0.00, real=0.02 secs] 
2020-03-19T10:04:10.048+0800: 3453.672: [GC (Allocation Failure) 2020-03-19T10:04:10.048+0800: 3453.672: [ParNew: 160659K->2566K(176960K), 0.0165486 secs] 278109K->120037K(352632K), 0.0169584 secs] [Times: user=0.02 sys=0.00, real=0.01 secs] 
2020-03-19T10:04:15.304+0800: 3458.928: [GC (Allocation Failure) 2020-03-19T10:04:15.304+0800: 3458.928: [ParNew: 160732K->2523K(176960K), 0.0165016 secs] 278203K->120013K(352632K), 0.0169470 secs] [Times: user=0.03 sys=0.00, real=0.02 secs] 
2020-03-19T10:04:15.323+0800: 3458.948: [GC (GCLocker Initiated GC) 2020-03-19T10:04:15.324+0800: 3458.948: [ParNew: 3183K->2712K(176960K), 0.0113383 secs] 120673K->120216K(352632K), 0.0115784 secs] [Times: user=0.02 sys=0.00, real=0.01 secs] 
2020-03-19T10:04:21.458+0800: 3465.083: [GC (Allocation Failure) 2020-03-19T10:04:21.459+0800: 3465.083: [ParNew: 160024K->2823K(176960K), 0.0178593 secs] 277528K->120339K(352632K), 0.0182265 secs] [Times: user=0.02 sys=0.00, real=0.01 secs] 
2020-03-19T10:04:25.772+0800: 3469.397: [GC (Allocation Failure) 2020-03-19T10:04:25.773+0800: 3469.397: [ParNew: 160135K->2741K(176960K), 0.0213328 secs] 277651K->120273K(352632K), 0.0217471 secs] [Times: user=0.03 sys=0.00, real=0.02 secs] 
2020-03-19T10:04:29.102+0800: 3472.726: [GC (Allocation Failure) 2020-03-19T10:04:29.102+0800: 3472.727: [ParNew: 160053K->2243K(176960K), 0.0262405 secs] 277585K->119796K(352632K), 0.0266261 secs] [Times: user=0.02 sys=0.00, real=0.03 secs] 
2020-03-19T10:04:34.408+0800: 3478.032: [GC (Allocation Failure) 2020-03-19T10:04:34.408+0800: 3478.032: [ParNew: 159555K->1906K(176960K), 0.0133915 secs] 277108K->119474K(352632K), 0.0137654 secs] [Times: user=0.02 sys=0.00, real=0.01 secs] 
2020-03-19T10:04:40.812+0800: 3484.437: [GC (Allocation Failure) 2020-03-19T10:04:40.812+0800: 3484.437: [ParNew: 159218K->2835K(176960K), 0.0191206 secs] 276786K->120425K(352632K), 0.0197840 secs] [Times: user=0.03 sys=0.00, real=0.02 secs] 
2020-03-19T10:04:45.747+0800: 3489.372: [GC (Allocation Failure) 2020-03-19T10:04:45.747+0800: 3489.372: [ParNew: 160147K->2732K(176960K), 0.0204562 secs] 277737K->120337K(352632K), 0.0208554 secs] [Times: user=0.02 sys=0.00, real=0.02 secs] 
2020-03-19T10:04:52.123+0800: 3495.747: [GC (Allocation Failure) 2020-03-19T10:04:52.123+0800: 3495.748: [ParNew: 160044K->2081K(176960K), 0.0206565 secs] 277649K->119700K(352632K), 0.0210452 secs] [Times: user=0.02 sys=0.00, real=0.02 secs] 
2020-03-19T10:04:58.684+0800: 3502.309: [GC (Allocation Failure) 2020-03-19T10:04:58.685+0800: 3502.309: [ParNew: 159393K->2882K(176960K), 0.0286645 secs] 277012K->120528K(352632K), 0.0291928 secs] [Times: user=0.02 sys=0.00, real=0.03 secs] 
2020-03-19T10:05:03.072+0800: 3506.697: [GC (Allocation Failure) 2020-03-19T10:05:03.073+0800: 3506.697: [ParNew: 160194K->2742K(176960K), 0.0195214 secs] 277840K->120404K(352632K), 0.0198949 secs] [Times: user=0.02 sys=0.00, real=0.02 secs] 
2020-03-19T10:05:08.446+0800: 3512.071: [GC (Allocation Failure) 2020-03-19T10:05:08.447+0800: 3512.071: [ParNew: 160054K->2788K(176960K), 0.0140992 secs] 277716K->120475K(352632K), 0.0144585 secs] [Times: user=0.02 sys=0.00, real=0.01 secs] 
2020-03-19T10:05:14.781+0800: 3518.406: [GC (Allocation Failure) 2020-03-19T10:05:14.781+0800: 3518.406: [ParNew: 160100K->2700K(176960K), 0.0166619 secs] 277787K->120406K(352632K), 0.0170465 secs] [Times: user=0.03 sys=0.00, real=0.02 secs] 
2020-03-19T10:05:19.455+0800: 3523.080: [GC (Allocation Failure) 2020-03-19T10:05:19.456+0800: 3523.080: [ParNew: 160012K->3155K(176960K), 0.0180100 secs] 277718K->120875K(352632K), 0.0184825 secs] [Times: user=0.03 sys=0.00, real=0.02 secs] 
2020-03-19T10:05:26.480+0800: 3530.105: [GC (Allocation Failure) 2020-03-19T10:05:26.481+0800: 3530.105: [ParNew: 160467K->2869K(176960K), 0.0132933 secs] 278187K->120605K(352632K), 0.0136487 secs] [Times: user=0.03 sys=0.00, real=0.01 secs] 
2020-03-19T10:05:31.565+0800: 3535.190: [GC (Allocation Failure) 2020-03-19T10:05:31.566+0800: 3535.190: [ParNew: 160181K->2831K(176960K), 0.0223808 secs] 277917K->120586K(352632K), 0.0228682 secs] [Times: user=0.03 sys=0.00, real=0.03 secs] 
2020-03-19T10:05:37.524+0800: 3541.149: [GC (Allocation Failure) 2020-03-19T10:05:37.524+0800: 3541.149: [ParNew: 160143K->2773K(176960K), 0.0221262 secs] 277898K->120528K(352632K), 0.0225849 secs] [Times: user=0.02 sys=0.00, real=0.03 secs] 
2020-03-19T10:05:44.418+0800: 3548.042: [GC (Allocation Failure) 2020-03-19T10:05:44.418+0800: 3548.042: [ParNew: 160085K->2820K(176960K), 0.0215446 secs] 277840K->120593K(352632K), 0.0219070 secs] [Times: user=0.02 sys=0.00, real=0.03 secs] 
2020-03-19T10:05:49.152+0800: 3552.776: [GC (Allocation Failure) 2020-03-19T10:05:49.152+0800: 3552.776: [ParNew: 160132K->2820K(176960K), 0.0206229 secs] 277905K->120608K(352632K), 0.0210815 secs] [Times: user=0.03 sys=0.00, real=0.02 secs] 
2020-03-19T10:05:55.501+0800: 3559.126: [GC (Allocation Failure) 2020-03-19T10:05:55.501+0800: 3559.126: [ParNew: 160132K->2754K(176960K), 0.0215322 secs] 277920K->120560K(352632K), 0.0219911 secs] [Times: user=0.02 sys=0.00, real=0.02 secs] 
2020-03-19T10:06:00.513+0800: 3564.138: [GC (Allocation Failure) 2020-03-19T10:06:00.514+0800: 3564.138: [ParNew: 160066K->2825K(176960K), 0.0164097 secs] 277872K->120646K(352632K), 0.0170717 secs] [Times: user=0.03 sys=0.00, real=0.02 secs] 
2020-03-19T10:06:05.819+0800: 3569.443: [GC (Allocation Failure) 2020-03-19T10:06:05.819+0800: 3569.443: [ParNew: 160137K->4819K(176960K), 0.0145905 secs] 277958K->122656K(352632K), 0.0149483 secs] [Times: user=0.03 sys=0.00, real=0.01 secs] 
2020-03-19T10:06:12.635+0800: 3576.260: [GC (Allocation Failure) 2020-03-19T10:06:12.636+0800: 3576.260: [ParNew: 162131K->2526K(176960K), 0.0148774 secs] 279968K->120381K(352632K), 0.0153113 secs] [Times: user=0.02 sys=0.00, real=0.02 secs] 
2020-03-19T10:06:16.570+0800: 3580.195: [GC (Allocation Failure) 2020-03-19T10:06:16.570+0800: 3580.195: [ParNew: 159838K->2527K(176960K), 0.0146179 secs] 277693K->120402K(352632K), 0.0149929 secs] [Times: user=0.02 sys=0.00, real=0.01 secs] 
2020-03-19T10:06:23.657+0800: 3587.282: [GC (Allocation Failure) 2020-03-19T10:06:23.657+0800: 3587.282: [ParNew: 159839K->2774K(176960K), 0.0191113 secs] 277714K->120666K(352632K), 0.0194577 secs] [Times: user=0.02 sys=0.00, real=0.02 secs] 
2020-03-19T10:06:29.826+0800: 3593.450: [GC (Allocation Failure) 2020-03-19T10:06:29.826+0800: 3593.450: [ParNew: 160086K->2917K(176960K), 0.0230154 secs] 277978K->120820K(352632K), 0.0234513 secs] [Times: user=0.02 sys=0.00, real=0.03 secs] 
2020-03-19T10:06:35.247+0800: 3598.871: [GC (Allocation Failure) 2020-03-19T10:06:35.247+0800: 3598.871: [ParNew: 160229K->2234K(176960K), 0.0198343 secs] 278132K->120151K(352632K), 0.0202076 secs] [Times: user=0.03 sys=0.00, real=0.02 secs] 
2020-03-19T10:06:41.649+0800: 3605.273: [GC (Allocation Failure) 2020-03-19T10:06:41.649+0800: 3605.273: [ParNew: 159546K->2043K(176960K), 0.0142109 secs] 277463K->119984K(352632K), 0.0146118 secs] [Times: user=0.03 sys=0.00, real=0.01 secs] 
2020-03-19T10:06:45.793+0800: 3609.418: [GC (Allocation Failure) 2020-03-19T10:06:45.793+0800: 3609.418: [ParNew: 159355K->2798K(176960K), 0.0196564 secs] 277296K->120766K(352632K), 0.0201111 secs] [Times: user=0.04 sys=0.00, real=0.02 secs] 
2020-03-19T10:06:52.562+0800: 3616.186: [GC (Allocation Failure) 2020-03-19T10:06:52.562+0800: 3616.187: [ParNew: 160110K->2302K(176960K), 0.0145057 secs] 278078K->120286K(352632K), 0.0149113 secs] [Times: user=0.03 sys=0.00, real=0.01 secs] 
2020-03-19T10:06:59.455+0800: 3623.080: [GC (Allocation Failure) 2020-03-19T10:06:59.456+0800: 3623.080: [ParNew: 159614K->2969K(176960K), 0.0145246 secs] 277598K->120970K(352632K), 0.0149029 secs] [Times: user=0.02 sys=0.01, real=0.02 secs] 
2020-03-19T10:07:03.616+0800: 3627.240: [GC (Allocation Failure) 2020-03-19T10:07:03.616+0800: 3627.241: [ParNew: 160281K->2791K(176960K), 0.0239683 secs] 278282K->120806K(352632K), 0.0243914 secs] [Times: user=0.02 sys=0.00, real=0.03 secs] 
2020-03-19T10:07:09.317+0800: 3632.941: [GC (Allocation Failure) 2020-03-19T10:07:09.317+0800: 3632.941: [ParNew: 160103K->2814K(176960K), 0.0136011 secs] 278118K->120850K(352632K), 0.0139980 secs] [Times: user=0.02 sys=0.00, real=0.02 secs] 
2020-03-19T10:07:14.813+0800: 3638.437: [GC (Allocation Failure) 2020-03-19T10:07:14.813+0800: 3638.437: [ParNew: 160126K->2732K(176960K), 0.0145483 secs] 278162K->120787K(352632K), 0.0149113 secs] [Times: user=0.03 sys=0.00, real=0.02 secs] 
2020-03-19T10:07:20.035+0800: 3643.659: [GC (Allocation Failure) 2020-03-19T10:07:20.035+0800: 3643.659: [ParNew: 160044K->2284K(176960K), 0.0141836 secs] 278099K->120361K(352632K), 0.0146217 secs] [Times: user=0.03 sys=0.00, real=0.02 secs] 
2020-03-19T10:07:27.324+0800: 3650.948: [GC (Allocation Failure) 2020-03-19T10:07:27.324+0800: 3650.948: [ParNew: 159596K->2872K(176960K), 0.0191931 secs] 277673K->120963K(352632K), 0.0196138 secs] [Times: user=0.02 sys=0.00, real=0.02 secs] 
2020-03-19T10:07:33.148+0800: 3656.773: [GC (Allocation Failure) 2020-03-19T10:07:33.148+0800: 3656.773: [ParNew: 160184K->2833K(176960K), 0.0147421 secs] 278275K->120938K(352632K), 0.0151193 secs] [Times: user=0.03 sys=0.00, real=0.01 secs] 
2020-03-19T10:07:39.139+0800: 3662.763: [GC (Allocation Failure) 2020-03-19T10:07:39.139+0800: 3662.764: [ParNew: 160145K->2814K(176960K), 0.0219153 secs] 278250K->120937K(352632K), 0.0222993 secs] [Times: user=0.02 sys=0.00, real=0.02 secs] 
2020-03-19T10:07:44.910+0800: 3668.535: [GC (Allocation Failure) 2020-03-19T10:07:44.910+0800: 3668.535: [ParNew: 160126K->2731K(176960K), 0.0171094 secs] 278249K->120871K(352632K), 0.0175289 secs] [Times: user=0.04 sys=0.00, real=0.02 secs] 
2020-03-19T10:07:50.542+0800: 3674.167: [GC (Allocation Failure) 2020-03-19T10:07:50.543+0800: 3674.167: [ParNew: 160043K->2288K(176960K), 0.0203802 secs] 278183K->120445K(352632K), 0.0207349 secs] [Times: user=0.02 sys=0.00, real=0.02 secs] 
2020-03-19T10:07:56.833+0800: 3680.458: [GC (Allocation Failure) 2020-03-19T10:07:56.834+0800: 3680.458: [ParNew: 159600K->1922K(176960K), 0.0132503 secs] 277757K->120106K(352632K), 0.0135781 secs] [Times: user=0.02 sys=0.01, real=0.02 secs] 
2020-03-19T10:08:01.392+0800: 3685.016: [GC (Allocation Failure) 2020-03-19T10:08:01.392+0800: 3685.016: [ParNew: 159234K->2836K(176960K), 0.0235799 secs] 277418K->121040K(352632K), 0.0239993 secs] [Times: user=0.03 sys=0.00, real=0.02 secs] 
2020-03-19T10:08:06.588+0800: 3690.212: [GC (Allocation Failure) 2020-03-19T10:08:06.588+0800: 3690.212: [ParNew: 160148K->2740K(176960K), 0.0189026 secs] 278352K->120958K(352632K), 0.0193588 secs] [Times: user=0.02 sys=0.00, real=0.02 secs] 
2020-03-19T10:08:13.375+0800: 3697.000: [GC (Allocation Failure) 2020-03-19T10:08:13.376+0800: 3697.000: [ParNew: 160052K->2790K(176960K), 0.0139066 secs] 278270K->121027K(352632K), 0.0142702 secs] [Times: user=0.02 sys=0.00, real=0.02 secs] 
2020-03-19T10:08:15.818+0800: 3699.443: [GC (Allocation Failure) 2020-03-19T10:08:15.819+0800: 3699.443: [ParNew: 160102K->2715K(176960K), 0.0229830 secs] 278339K->120980K(352632K), 0.0234048 secs] [Times: user=0.03 sys=0.00, real=0.02 secs] 
2020-03-19T10:08:22.569+0800: 3706.193: [GC (Allocation Failure) 2020-03-19T10:08:22.569+0800: 3706.193: [ParNew: 160027K->2272K(176960K), 0.0184376 secs] 278292K->120557K(352632K), 0.0188232 secs] [Times: user=0.03 sys=0.00, real=0.02 secs] 
2020-03-19T10:08:23.976+0800: 3707.600: [GC (Allocation Failure) 2020-03-19T10:08:23.976+0800: 3707.601: [ParNew: 159584K->8578K(176960K), 0.0577083 secs] 277869K->126872K(352632K), 0.0581987 secs] [Times: user=0.04 sys=0.00, real=0.06 secs] 
2020-03-19T10:08:24.461+0800: 3708.086: [GC (Allocation Failure) 2020-03-19T10:08:24.461+0800: 3708.086: [ParNew: 165890K->12850K(176960K), 0.0412785 secs] 284184K->131162K(352632K), 0.0417250 secs] [Times: user=0.04 sys=0.00, real=0.04 secs] 
2020-03-19T10:08:24.941+0800: 3708.565: [GC (Allocation Failure) 2020-03-19T10:08:24.941+0800: 3708.566: [ParNew: 170162K->13840K(176960K), 0.0983878 secs] 288474K->132484K(352632K), 0.0989956 secs] [Times: user=0.05 sys=0.00, real=0.10 secs] 
2020-03-19T10:08:25.470+0800: 3709.095: [GC (Allocation Failure) 2020-03-19T10:08:25.472+0800: 3709.096: [ParNew: 171152K->16923K(176960K), 0.1493639 secs] 289796K->139034K(352632K), 0.1517805 secs] [Times: user=0.06 sys=0.00, real=0.15 secs] 
2020-03-19T10:08:26.163+0800: 3709.788: [GC (Allocation Failure) 2020-03-19T10:08:26.163+0800: 3709.788: [ParNew: 174235K->16965K(176960K), 0.0644042 secs] 296346K->139076K(352632K), 0.0648141 secs] [Times: user=0.04 sys=0.00, real=0.07 secs] 
2020-03-19T10:08:26.592+0800: 3710.217: [GC (Allocation Failure) 2020-03-19T10:08:26.592+0800: 3710.217: [ParNew: 174277K->19648K(176960K), 0.1245958 secs] 296388K->145678K(352632K), 0.1250444 secs] [Times: user=0.05 sys=0.01, real=0.12 secs] 
2020-03-19T10:08:27.393+0800: 3711.017: [GC (Allocation Failure) 2020-03-19T10:08:27.393+0800: 3711.018: [ParNew: 176960K->11744K(176960K), 0.0653563 secs] 302990K->139187K(352632K), 0.0658362 secs] [Times: user=0.03 sys=0.00, real=0.07 secs] 
2020-03-19T10:08:29.312+0800: 3712.937: [GC (Allocation Failure) 2020-03-19T10:08:29.313+0800: 3712.937: [ParNew: 169056K->8057K(176960K), 0.0169056 secs] 296499K->135500K(352632K), 0.0172691 secs] [Times: user=0.03 sys=0.00, real=0.02 secs] 
2020-03-19T10:08:30.010+0800: 3713.634: [GC (Allocation Failure) 2020-03-19T10:08:30.010+0800: 3713.635: [ParNew: 165369K->7530K(176960K), 0.0342725 secs] 292812K->134973K(352632K), 0.0347209 secs] [Times: user=0.04 sys=0.00, real=0.03 secs] 
2020-03-19T10:08:30.769+0800: 3714.394: [GC (Allocation Failure) 2020-03-19T10:08:30.769+0800: 3714.394: [ParNew: 164842K->9100K(176960K), 0.0702368 secs] 292285K->136543K(352632K), 0.0706936 secs] [Times: user=0.06 sys=0.01, real=0.07 secs] 
2020-03-19T10:08:35.671+0800: 3719.295: [GC (Allocation Failure) 2020-03-19T10:08:35.671+0800: 3719.295: [ParNew: 166412K->9616K(176960K), 0.0313285 secs] 293855K->137059K(352632K), 0.0317299 secs] [Times: user=0.03 sys=0.00, real=0.03 secs] 
2020-03-19T10:08:41.896+0800: 3725.521: [GC (Allocation Failure) 2020-03-19T10:08:41.896+0800: 3725.521: [ParNew: 166928K->10603K(176960K), 0.0685100 secs] 294371K->138047K(352632K), 0.0690662 secs] [Times: user=0.05 sys=0.00, real=0.07 secs] 
2020-03-19T10:08:44.797+0800: 3728.421: [GC (Allocation Failure) 2020-03-19T10:08:44.797+0800: 3728.422: [ParNew: 167915K->11583K(176960K), 0.0238670 secs] 295359K->139027K(352632K), 0.0243223 secs] [Times: user=0.04 sys=0.00, real=0.03 secs] 
2020-03-19T10:08:49.668+0800: 3733.292: [GC (Allocation Failure) 2020-03-19T10:08:49.668+0800: 3733.293: [ParNew: 168895K->12317K(176960K), 0.0314265 secs] 296339K->139760K(352632K), 0.0320234 secs] [Times: user=0.03 sys=0.01, real=0.03 secs] 
2020-03-19T10:08:54.101+0800: 3737.725: [GC (Allocation Failure) 2020-03-19T10:08:54.101+0800: 3737.726: [ParNew: 169629K->12377K(176960K), 0.0310430 secs] 297072K->139820K(352632K), 0.0316849 secs] [Times: user=0.04 sys=0.00, real=0.03 secs] 
2020-03-19T10:08:58.530+0800: 3742.154: [GC (Allocation Failure) 2020-03-19T10:08:58.530+0800: 3742.154: [ParNew: 169689K->12690K(176960K), 0.0355418 secs] 297132K->140133K(352632K), 0.0359378 secs] [Times: user=0.06 sys=0.00, real=0.03 secs] 
2020-03-19T10:09:01.483+0800: 3745.108: [GC (Allocation Failure) 2020-03-19T10:09:01.484+0800: 3745.108: [ParNew: 170002K->13529K(176960K), 0.0293202 secs] 297445K->140972K(352632K), 0.0297651 secs] [Times: user=0.04 sys=0.00, real=0.03 secs] 
2020-03-19T10:09:06.759+0800: 3750.384: [GC (Allocation Failure) 2020-03-19T10:09:06.760+0800: 3750.384: [ParNew: 170841K->13020K(176960K), 0.0345666 secs] 298284K->140463K(352632K), 0.0349759 secs] [Times: user=0.03 sys=0.00, real=0.03 secs] 
2020-03-19T10:09:13.134+0800: 3756.759: [GC (Allocation Failure) 2020-03-19T10:09:13.135+0800: 3756.759: [ParNew: 170332K->12870K(176960K), 0.0247913 secs] 297775K->140313K(352632K), 0.0252044 secs] [Times: user=0.04 sys=0.00, real=0.03 secs] 
2020-03-19T10:09:16.764+0800: 3760.388: [GC (Allocation Failure) 2020-03-19T10:09:16.764+0800: 3760.389: [ParNew: 170182K->12905K(176960K), 0.0255282 secs] 297625K->140349K(352632K), 0.0259134 secs] [Times: user=0.05 sys=0.00, real=0.03 secs] 
2020-03-19T10:09:23.809+0800: 3767.434: [GC (Allocation Failure) 2020-03-19T10:09:23.809+0800: 3767.434: [ParNew: 170217K->8680K(176960K), 0.0591990 secs] 297661K->138045K(352632K), 0.0597026 secs] [Times: user=0.06 sys=0.00, real=0.06 secs] 
2020-03-19T10:09:29.922+0800: 3773.546: [GC (Allocation Failure) 2020-03-19T10:09:29.922+0800: 3773.547: [ParNew: 165992K->7265K(176960K), 0.0256683 secs] 295357K->138110K(352632K), 0.0261560 secs] [Times: user=0.04 sys=0.00, real=0.03 secs] 
2020-03-19T10:09:35.818+0800: 3779.442: [GC (Allocation Failure) 2020-03-19T10:09:35.818+0800: 3779.443: [ParNew: 164577K->6159K(176960K), 0.0467466 secs] 295422K->137989K(352632K), 0.0473512 secs] [Times: user=0.04 sys=0.00, real=0.05 secs] 
2020-03-19T10:09:41.921+0800: 3785.545: [GC (Allocation Failure) 2020-03-19T10:09:41.921+0800: 3785.545: [ParNew: 163471K->5111K(176960K), 0.0278715 secs] 295301K->137751K(352632K), 0.0282547 secs] [Times: user=0.03 sys=0.00, real=0.03 secs] 
2020-03-19T10:09:46.435+0800: 3790.060: [GC (Allocation Failure) 2020-03-19T10:09:46.436+0800: 3790.060: [ParNew: 162423K->3915K(176960K), 0.0194476 secs] 295063K->137336K(352632K), 0.0198416 secs] [Times: user=0.03 sys=0.00, real=0.02 secs] 
2020-03-19T10:09:53.477+0800: 3797.102: [GC (Allocation Failure) 2020-03-19T10:09:53.478+0800: 3797.102: [ParNew: 161227K->3164K(176960K), 0.0192157 secs] 294648K->137034K(352632K), 0.0195755 secs] [Times: user=0.03 sys=0.00, real=0.02 secs] 
2020-03-19T10:09:59.807+0800: 3803.432: [GC (Allocation Failure) 2020-03-19T10:09:59.808+0800: 3803.432: [ParNew: 160476K->3923K(176960K), 0.0231543 secs] 294346K->138037K(352632K), 0.0235325 secs] [Times: user=0.03 sys=0.00, real=0.02 secs] 
2020-03-19T10:10:03.920+0800: 3807.544: [GC (Allocation Failure) 2020-03-19T10:10:03.920+0800: 3807.544: [ParNew: 161235K->2598K(176960K), 0.0147526 secs] 295349K->136750K(352632K), 0.0151414 secs] [Times: user=0.03 sys=0.00, real=0.01 secs] 
2020-03-19T10:10:09.909+0800: 3813.534: [GC (Allocation Failure) 2020-03-19T10:10:09.909+0800: 3813.534: [ParNew: 159910K->3462K(176960K), 0.0150847 secs] 294062K->137682K(352632K), 0.0154894 secs] [Times: user=0.02 sys=0.00, real=0.01 secs] 
2020-03-19T10:10:15.297+0800: 3818.922: [GC (Allocation Failure) 2020-03-19T10:10:15.298+0800: 3818.922: [ParNew: 160774K->3209K(176960K), 0.0194132 secs] 294994K->137665K(352632K), 0.0198146 secs] [Times: user=0.04 sys=0.00, real=0.02 secs] 
2020-03-19T10:10:21.569+0800: 3825.194: [GC (Allocation Failure) 2020-03-19T10:10:21.570+0800: 3825.194: [ParNew: 160521K->2576K(176960K), 0.0262193 secs] 294977K->137054K(352632K), 0.0267121 secs] [Times: user=0.03 sys=0.00, real=0.02 secs] 
2020-03-19T10:10:28.223+0800: 3831.848: [GC (Allocation Failure) 2020-03-19T10:10:28.224+0800: 3831.848: [ParNew: 159888K->3550K(176960K), 0.0139859 secs] 294366K->138049K(352632K), 0.0144064 secs] [Times: user=0.03 sys=0.00, real=0.01 secs] 
2020-03-19T10:10:33.910+0800: 3837.535: [GC (Allocation Failure) 2020-03-19T10:10:33.910+0800: 3837.535: [ParNew: 160862K->2291K(176960K), 0.0160323 secs] 295361K->136807K(352632K), 0.0164460 secs] [Times: user=0.02 sys=0.01, real=0.02 secs] 
2020-03-19T10:10:39.944+0800: 3843.568: [GC (Allocation Failure) 2020-03-19T10:10:39.944+0800: 3843.568: [ParNew: 159603K->3495K(176960K), 0.0134610 secs] 294119K->138041K(352632K), 0.0137982 secs] [Times: user=0.03 sys=0.00, real=0.01 secs] 
2020-03-19T10:10:45.453+0800: 3849.077: [GC (Allocation Failure) 2020-03-19T10:10:45.453+0800: 3849.077: [ParNew: 160807K->2274K(176960K), 0.0151983 secs] 295353K->136843K(352632K), 0.0156039 secs] [Times: user=0.03 sys=0.00, real=0.02 secs] 
2020-03-19T10:10:51.622+0800: 3855.246: [GC (Allocation Failure) 2020-03-19T10:10:51.622+0800: 3855.246: [ParNew: 159586K->2642K(176960K), 0.0228227 secs] 294155K->137237K(352632K), 0.0232516 secs] [Times: user=0.03 sys=0.00, real=0.02 secs] 
2020-03-19T10:10:57.945+0800: 3861.570: [GC (Allocation Failure) 2020-03-19T10:10:57.946+0800: 3861.570: [ParNew: 159954K->2845K(176960K), 0.0271877 secs] 294549K->137461K(352632K), 0.0275896 secs] [Times: user=0.03 sys=0.00, real=0.03 secs] 
2020-03-19T10:11:01.999+0800: 3865.624: [GC (Allocation Failure) 2020-03-19T10:11:02.000+0800: 3865.624: [ParNew: 160157K->2820K(176960K), 0.0188784 secs] 294773K->137457K(352632K), 0.0192742 secs] [Times: user=0.02 sys=0.00, real=0.02 secs] 
2020-03-19T10:11:07.741+0800: 3871.366: [GC (Allocation Failure) 2020-03-19T10:11:07.742+0800: 3871.366: [ParNew: 160132K->2831K(176960K), 0.0145626 secs] 294769K->137498K(352632K), 0.0149162 secs] [Times: user=0.03 sys=0.00, real=0.01 secs] 
2020-03-19T10:11:14.427+0800: 3878.052: [GC (Allocation Failure) 2020-03-19T10:11:14.428+0800: 3878.052: [ParNew: 160143K->2883K(176960K), 0.0148317 secs] 294810K->137570K(352632K), 0.0152234 secs] [Times: user=0.03 sys=0.00, real=0.01 secs] 
2020-03-19T10:11:18.888+0800: 3882.512: [GC (Allocation Failure) 2020-03-19T10:11:18.888+0800: 3882.513: [ParNew: 160195K->2891K(176960K), 0.0213813 secs] 294882K->137604K(352632K), 0.0218493 secs] [Times: user=0.03 sys=0.00, real=0.02 secs] 
2020-03-19T10:11:26.035+0800: 3889.660: [GC (Allocation Failure) 2020-03-19T10:11:26.036+0800: 3889.660: [ParNew: 160203K->2798K(176960K), 0.0207558 secs] 294916K->137538K(352632K), 0.0211370 secs] [Times: user=0.02 sys=0.00, real=0.02 secs] 
2020-03-19T10:11:32.011+0800: 3895.635: [GC (Allocation Failure) 2020-03-19T10:11:32.011+0800: 3895.636: [ParNew: 160110K->2873K(176960K), 0.0141521 secs] 294850K->137626K(352632K), 0.0146205 secs] [Times: user=0.03 sys=0.00, real=0.01 secs] 
2020-03-19T10:11:38.011+0800: 3901.636: [GC (Allocation Failure) 2020-03-19T10:11:38.012+0800: 3901.636: [ParNew: 160185K->2900K(176960K), 0.0198649 secs] 294938K->137673K(352632K), 0.0202544 secs] [Times: user=0.02 sys=0.00, real=0.02 secs] 
2020-03-19T10:11:44.654+0800: 3908.279: [GC (Allocation Failure) 2020-03-19T10:11:44.655+0800: 3908.279: [ParNew: 160212K->2793K(176960K), 0.0180743 secs] 294985K->137592K(352632K), 0.0184611 secs] [Times: user=0.03 sys=0.00, real=0.02 secs] 
2020-03-19T10:11:49.421+0800: 3913.046: [GC (Allocation Failure) 2020-03-19T10:11:49.422+0800: 3913.046: [ParNew: 160105K->2881K(176960K), 0.0138165 secs] 294904K->137702K(352632K), 0.0141971 secs] [Times: user=0.03 sys=0.00, real=0.01 secs] 
2020-03-19T10:11:55.806+0800: 3919.430: [GC (Allocation Failure) 2020-03-19T10:11:55.806+0800: 3919.431: [ParNew: 160193K->2814K(176960K), 0.0335387 secs] 295014K->137656K(352632K), 0.0342033 secs] [Times: user=0.02 sys=0.00, real=0.04 secs] 
2020-03-19T10:12:00.712+0800: 3924.336: [GC (Allocation Failure) 2020-03-19T10:12:00.712+0800: 3924.336: [ParNew: 160126K->2891K(176960K), 0.0222766 secs] 294968K->137754K(352632K), 0.0226709 secs] [Times: user=0.02 sys=0.00, real=0.02 secs] 
2020-03-19T10:12:05.819+0800: 3929.443: [GC (Allocation Failure) 2020-03-19T10:12:05.819+0800: 3929.443: [ParNew: 159614K->6611K(176960K), 0.0190126 secs] 294477K->141495K(352632K), 0.0193680 secs] [Times: user=0.02 sys=0.00, real=0.02 secs] 
2020-03-19T10:12:09.422+0800: 3933.047: [GC (Allocation Failure) 2020-03-19T10:12:09.423+0800: 3933.047: [ParNew: 163923K->4370K(176960K), 0.0318536 secs] 298807K->139278K(352632K), 0.0323046 secs] [Times: user=0.03 sys=0.00, real=0.03 secs] 
2020-03-19T10:12:13.072+0800: 3936.696: [GC (Allocation Failure) 2020-03-19T10:12:13.072+0800: 3936.697: [ParNew: 161682K->4206K(176960K), 0.0231504 secs] 296590K->139136K(352632K), 0.0235918 secs] [Times: user=0.02 sys=0.00, real=0.02 secs] 
2020-03-19T10:12:16.854+0800: 3940.478: [GC (Allocation Failure) 2020-03-19T10:12:16.854+0800: 3940.479: [ParNew: 161518K->4627K(176960K), 0.0160120 secs] 296448K->139579K(352632K), 0.0163982 secs] [Times: user=0.04 sys=0.00, real=0.02 secs] 
2020-03-19T10:12:24.117+0800: 3947.741: [GC (Allocation Failure) 2020-03-19T10:12:24.117+0800: 3947.741: [ParNew: 161939K->3154K(176960K), 0.0155558 secs] 296891K->138121K(352632K), 0.0159488 secs] [Times: user=0.03 sys=0.00, real=0.02 secs] 
2020-03-19T10:12:30.396+0800: 3954.021: [GC (Allocation Failure) 2020-03-19T10:12:30.397+0800: 3954.021: [ParNew: 160466K->4693K(176960K), 0.0208828 secs] 295433K->139678K(352632K), 0.0213816 secs] [Times: user=0.03 sys=0.00, real=0.02 secs] 
2020-03-19T10:12:35.821+0800: 3959.446: [GC (Allocation Failure) 2020-03-19T10:12:35.822+0800: 3959.446: [ParNew: 161457K->4793K(176960K), 0.0208147 secs] 296441K->139801K(352632K), 0.0211956 secs] [Times: user=0.04 sys=0.00, real=0.02 secs] 
2020-03-19T10:12:43.071+0800: 3966.696: [GC (Allocation Failure) 2020-03-19T10:12:43.071+0800: 3966.696: [ParNew: 162105K->3533K(176960K), 0.0203876 secs] 297113K->138565K(352632K), 0.0208619 secs] [Times: user=0.03 sys=0.00, real=0.02 secs] 
2020-03-19T10:12:46.901+0800: 3970.526: [GC (Allocation Failure) 2020-03-19T10:12:46.902+0800: 3970.526: [ParNew: 160845K->3747K(176960K), 0.0269040 secs] 295877K->138801K(352632K), 0.0275338 secs] [Times: user=0.03 sys=0.00, real=0.03 secs] 
2020-03-19T10:12:54.107+0800: 3977.732: [GC (Allocation Failure) 2020-03-19T10:12:54.107+0800: 3977.732: [ParNew: 161059K->3900K(176960K), 0.0164382 secs] 296113K->138975K(352632K), 0.0168346 secs] [Times: user=0.02 sys=0.00, real=0.01 secs] 
2020-03-19T10:13:00.047+0800: 3983.672: [GC (Allocation Failure) 2020-03-19T10:13:00.048+0800: 3983.672: [ParNew: 161212K->5196K(176960K), 0.0425576 secs] 296287K->140290K(352632K), 0.0433003 secs] [Times: user=0.03 sys=0.00, real=0.04 secs] 
2020-03-19T10:13:04.456+0800: 3988.080: [GC (Allocation Failure) 2020-03-19T10:13:04.456+0800: 3988.081: [ParNew: 162508K->4438K(176960K), 0.0212914 secs] 297602K->139559K(352632K), 0.0218486 secs] [Times: user=0.03 sys=0.00, real=0.02 secs] 
2020-03-19T10:13:10.737+0800: 3994.361: [GC (Allocation Failure) 2020-03-19T10:13:10.737+0800: 3994.361: [ParNew: 161750K->3474K(176960K), 0.0218799 secs] 296871K->138620K(352632K), 0.0223293 secs] [Times: user=0.02 sys=0.00, real=0.03 secs] 
2020-03-19T10:13:15.754+0800: 3999.379: [GC (Allocation Failure) 2020-03-19T10:13:15.754+0800: 3999.379: [ParNew: 160786K->3505K(176960K), 0.0209277 secs] 295932K->138675K(352632K), 0.0214208 secs] [Times: user=0.03 sys=0.00, real=0.02 secs] 
2020-03-19T10:13:22.163+0800: 4005.787: [GC (Allocation Failure) 2020-03-19T10:13:22.163+0800: 4005.788: [ParNew: 160817K->4201K(176960K), 0.0159927 secs] 295987K->139389K(352632K), 0.0163686 secs] [Times: user=0.03 sys=0.00, real=0.02 secs] 
2020-03-19T10:13:29.150+0800: 4012.774: [GC (Allocation Failure) 2020-03-19T10:13:29.150+0800: 4012.775: [ParNew: 161513K->3988K(176960K), 0.0148035 secs] 296701K->139195K(352632K), 0.0151623 secs] [Times: user=0.03 sys=0.00, real=0.01 secs] 
2020-03-19T10:13:34.452+0800: 4018.077: [GC (Allocation Failure) 2020-03-19T10:13:34.453+0800: 4018.077: [ParNew: 161300K->3878K(176960K), 0.0166946 secs] 296507K->139436K(352632K), 0.0170601 secs] [Times: user=0.03 sys=0.00, real=0.02 secs] 
2020-03-19T10:13:40.712+0800: 4024.336: [GC (Allocation Failure) 2020-03-19T10:13:40.712+0800: 4024.336: [ParNew: 161190K->2301K(176960K), 0.0250066 secs] 296748K->138253K(352632K), 0.0255653 secs] [Times: user=0.03 sys=0.00, real=0.02 secs] 
2020-03-19T10:13:45.335+0800: 4028.960: [GC (Allocation Failure) 2020-03-19T10:13:45.335+0800: 4028.960: [ParNew: 159613K->2729K(176960K), 0.0144645 secs] 295565K->138701K(352632K), 0.0148120 secs] [Times: user=0.03 sys=0.00, real=0.02 secs] 
2020-03-19T10:13:51.436+0800: 4035.060: [GC (Allocation Failure) 2020-03-19T10:13:51.436+0800: 4035.061: [ParNew: 160040K->2897K(176960K), 0.0220873 secs] 296012K->138895K(352632K), 0.0224608 secs] [Times: user=0.02 sys=0.00, real=0.03 secs] 
2020-03-19T10:13:58.012+0800: 4041.636: [GC (Allocation Failure) 2020-03-19T10:13:58.012+0800: 4041.636: [ParNew: 160209K->2922K(176960K), 0.0360349 secs] 296207K->138944K(352632K), 0.0364957 secs] [Times: user=0.03 sys=0.00, real=0.04 secs] 
2020-03-19T10:14:02.167+0800: 4045.792: [GC (Allocation Failure) 2020-03-19T10:14:02.168+0800: 4045.792: [ParNew: 160234K->2781K(176960K), 0.0205079 secs] 296256K->138821K(352632K), 0.0209299 secs] [Times: user=0.02 sys=0.01, real=0.02 secs] 
2020-03-19T10:14:07.551+0800: 4051.175: [GC (Allocation Failure) 2020-03-19T10:14:07.551+0800: 4051.175: [ParNew: 160093K->2837K(176960K), 0.0138100 secs] 296133K->138901K(352632K), 0.0141968 secs] [Times: user=0.03 sys=0.00, real=0.01 secs] 
2020-03-19T10:14:14.324+0800: 4057.949: [GC (Allocation Failure) 2020-03-19T10:14:14.325+0800: 4057.950: [ParNew: 160149K->2908K(176960K), 0.0190351 secs] 296213K->138993K(352632K), 0.0203783 secs] [Times: user=0.03 sys=0.00, real=0.02 secs] 
2020-03-19T10:14:18.809+0800: 4062.433: [GC (Allocation Failure) 2020-03-19T10:14:18.809+0800: 4062.433: [ParNew: 160220K->2921K(176960K), 0.0208051 secs] 296305K->139031K(352632K), 0.0212577 secs] [Times: user=0.03 sys=0.00, real=0.02 secs] 
2020-03-19T10:14:25.793+0800: 4069.418: [GC (Allocation Failure) 2020-03-19T10:14:25.794+0800: 4069.418: [ParNew: 160233K->2839K(176960K), 0.0275802 secs] 296343K->138970K(352632K), 0.0282529 secs] [Times: user=0.02 sys=0.00, real=0.03 secs] 
2020-03-19T10:14:31.041+0800: 4074.665: [GC (Allocation Failure) 2020-03-19T10:14:31.041+0800: 4074.665: [ParNew: 160151K->3862K(176960K), 0.0305264 secs] 296282K->140007K(352632K), 0.0310247 secs] [Times: user=0.03 sys=0.00, real=0.03 secs] 
2020-03-19T10:14:36.892+0800: 4080.516: [GC (Allocation Failure) 2020-03-19T10:14:36.892+0800: 4080.517: [ParNew: 161174K->2298K(176960K), 0.0203629 secs] 297319K->138464K(352632K), 0.0207375 secs] [Times: user=0.02 sys=0.00, real=0.02 secs] 
2020-03-19T10:14:43.930+0800: 4087.555: [GC (Allocation Failure) 2020-03-19T10:14:43.931+0800: 4087.555: [ParNew: 159610K->3078K(176960K), 0.0218324 secs] 295776K->139268K(352632K), 0.0222829 secs] [Times: user=0.04 sys=0.00, real=0.02 secs] 
2020-03-19T10:14:48.232+0800: 4091.856: [GC (Allocation Failure) 2020-03-19T10:14:48.232+0800: 4091.857: [ParNew: 160390K->2979K(176960K), 0.0525974 secs] 296580K->139196K(352632K), 0.0530774 secs] [Times: user=0.03 sys=0.00, real=0.05 secs] 
2020-03-19T10:14:54.520+0800: 4098.145: [GC (Allocation Failure) 2020-03-19T10:14:54.520+0800: 4098.145: [ParNew: 160291K->2872K(176960K), 0.0227777 secs] 296508K->139111K(352632K), 0.0231507 secs] [Times: user=0.02 sys=0.00, real=0.02 secs] 
2020-03-19T10:15:00.098+0800: 4103.722: [GC (Allocation Failure) 2020-03-19T10:15:00.098+0800: 4103.722: [ParNew: 160184K->2931K(176960K), 0.0288260 secs] 296423K->139187K(352632K), 0.0292828 secs] [Times: user=0.03 sys=0.00, real=0.04 secs] 
2020-03-19T10:15:05.628+0800: 4109.253: [GC (Allocation Failure) 2020-03-19T10:15:05.629+0800: 4109.253: [ParNew: 160243K->2299K(176960K), 0.0141938 secs] 296499K->138577K(352632K), 0.0145454 secs] [Times: user=0.03 sys=0.00, real=0.01 secs] 
2020-03-19T10:15:11.895+0800: 4115.519: [GC (Allocation Failure) 2020-03-19T10:15:11.895+0800: 4115.520: [ParNew: 159611K->3071K(176960K), 0.0251248 secs] 295889K->139388K(352632K), 0.0255402 secs] [Times: user=0.03 sys=0.00, real=0.03 secs] 
2020-03-19T10:15:15.922+0800: 4119.546: [GC (Allocation Failure) 2020-03-19T10:15:15.922+0800: 4119.547: [ParNew: 160383K->2885K(176960K), 0.0300869 secs] 296700K->139228K(352632K), 0.0306115 secs] [Times: user=0.03 sys=0.00, real=0.03 secs] 
2020-03-19T10:15:22.977+0800: 4126.602: [GC (Allocation Failure) 2020-03-19T10:15:22.978+0800: 4126.602: [ParNew: 160197K->2358K(176960K), 0.0143793 secs] 296540K->138723K(352632K), 0.0147608 secs] [Times: user=0.02 sys=0.00, real=0.02 secs] 
2020-03-19T10:15:29.784+0800: 4133.409: [GC (Allocation Failure) 2020-03-19T10:15:29.784+0800: 4133.409: [ParNew: 159670K->4041K(176960K), 0.0180987 secs] 296035K->140423K(352632K), 0.0185515 secs] [Times: user=0.03 sys=0.00, real=0.02 secs] 
2020-03-19T10:15:35.165+0800: 4138.789: [GC (Allocation Failure) 2020-03-19T10:15:35.165+0800: 4138.789: [ParNew: 161353K->1996K(176960K), 0.0239617 secs] 297735K->138395K(352632K), 0.0243489 secs] [Times: user=0.03 sys=0.00, real=0.03 secs] 
2020-03-19T10:15:41.893+0800: 4145.517: [GC (Allocation Failure) 2020-03-19T10:15:41.893+0800: 4145.517: [ParNew: 159308K->3563K(176960K), 0.0140964 secs] 295707K->139988K(352632K), 0.0144660 secs] [Times: user=0.02 sys=0.00, real=0.02 secs] 
2020-03-19T10:15:46.258+0800: 4149.883: [GC (Allocation Failure) 2020-03-19T10:15:46.259+0800: 4149.883: [ParNew: 160875K->2868K(176960K), 0.0322347 secs] 297300K->139313K(352632K), 0.0328701 secs] [Times: user=0.04 sys=0.01, real=0.03 secs] 
2020-03-19T10:15:52.846+0800: 4156.471: [GC (Allocation Failure) 2020-03-19T10:15:52.847+0800: 4156.471: [ParNew: 160180K->3219K(176960K), 0.0140806 secs] 296625K->139690K(352632K), 0.0144250 secs] [Times: user=0.03 sys=0.00, real=0.01 secs] 
2020-03-19T10:15:59.151+0800: 4162.775: [GC (Allocation Failure) 2020-03-19T10:15:59.151+0800: 4162.775: [ParNew: 160531K->2988K(176960K), 0.0146279 secs] 297002K->139480K(352632K), 0.0150994 secs] [Times: user=0.03 sys=0.00, real=0.01 secs] 
2020-03-19T10:16:03.220+0800: 4166.844: [GC (Allocation Failure) 2020-03-19T10:16:03.220+0800: 4166.844: [ParNew: 160300K->2899K(176960K), 0.0351402 secs] 296792K->139408K(352632K), 0.0356445 secs] [Times: user=0.02 sys=0.00, real=0.03 secs] 
2020-03-19T10:16:08.685+0800: 4172.309: [GC (Allocation Failure) 2020-03-19T10:16:08.685+0800: 4172.309: [ParNew: 160211K->2914K(176960K), 0.0138843 secs] 296720K->139453K(352632K), 0.0142308 secs] [Times: user=0.03 sys=0.00, real=0.02 secs] 
2020-03-19T10:16:14.806+0800: 4178.431: [GC (Allocation Failure) 2020-03-19T10:16:14.807+0800: 4178.431: [ParNew: 160226K->3803K(176960K), 0.0230142 secs] 296765K->140362K(352632K), 0.0234494 secs] [Times: user=0.03 sys=0.01, real=0.02 secs] 
2020-03-19T10:16:20.363+0800: 4183.987: [GC (Allocation Failure) 2020-03-19T10:16:20.363+0800: 4183.987: [ParNew: 161115K->2344K(176960K), 0.0198827 secs] 297674K->138925K(352632K), 0.0202747 secs] [Times: user=0.03 sys=0.00, real=0.02 secs] 
2020-03-19T10:16:26.891+0800: 4190.516: [GC (Allocation Failure) 2020-03-19T10:16:26.891+0800: 4190.516: [ParNew: 159656K->2965K(176960K), 0.0133373 secs] 296237K->139564K(352632K), 0.0136905 secs] [Times: user=0.02 sys=0.01, real=0.01 secs] 
2020-03-19T10:16:32.884+0800: 4196.509: [GC (Allocation Failure) 2020-03-19T10:16:32.884+0800: 4196.509: [ParNew: 160277K->2928K(176960K), 0.0200130 secs] 296876K->139546K(352632K), 0.0203638 secs] [Times: user=0.03 sys=0.00, real=0.02 secs] 
2020-03-19T10:16:38.909+0800: 4202.534: [GC (Allocation Failure) 2020-03-19T10:16:38.910+0800: 4202.534: [ParNew: 160240K->2910K(176960K), 0.0192147 secs] 296858K->139549K(352632K), 0.0195912 secs] [Times: user=0.02 sys=0.00, real=0.02 secs] 
2020-03-19T10:16:44.816+0800: 4208.440: [GC (Allocation Failure) 2020-03-19T10:16:44.816+0800: 4208.440: [ParNew: 160222K->2825K(176960K), 0.0182761 secs] 296861K->139481K(352632K), 0.0186828 secs] [Times: user=0.04 sys=0.00, real=0.02 secs] 
2020-03-19T10:16:50.382+0800: 4214.006: [GC (Allocation Failure) 2020-03-19T10:16:50.382+0800: 4214.007: [ParNew: 160137K->2353K(176960K), 0.0237677 secs] 296793K->139035K(352632K), 0.0241922 secs] [Times: user=0.02 sys=0.00, real=0.03 secs] 
2020-03-19T10:16:56.583+0800: 4220.207: [GC (Allocation Failure) 2020-03-19T10:16:56.583+0800: 4220.207: [ParNew: 159665K->2976K(176960K), 0.0296862 secs] 296347K->139681K(352632K), 0.0301007 secs] [Times: user=0.03 sys=0.00, real=0.03 secs] 
2020-03-19T10:17:00.952+0800: 4224.576: [GC (Allocation Failure) 2020-03-19T10:17:00.952+0800: 4224.576: [ParNew: 160288K->2933K(176960K), 0.0159226 secs] 296993K->139656K(352632K), 0.0162819 secs] [Times: user=0.03 sys=0.00, real=0.02 secs] 
2020-03-19T10:17:06.443+0800: 4230.067: [GC (Allocation Failure) 2020-03-19T10:17:06.443+0800: 4230.068: [ParNew: 160245K->2279K(176960K), 0.0257077 secs] 296968K->139024K(352632K), 0.0261334 secs] [Times: user=0.03 sys=0.00, real=0.03 secs] 
2020-03-19T10:17:13.687+0800: 4237.311: [GC (Allocation Failure) 2020-03-19T10:17:13.687+0800: 4237.311: [ParNew: 159591K->2052K(176960K), 0.0138560 secs] 296336K->138820K(352632K), 0.0142443 secs] [Times: user=0.03 sys=0.00, real=0.01 secs] 
2020-03-19T10:17:17.636+0800: 4241.261: [GC (Allocation Failure) 2020-03-19T10:17:17.637+0800: 4241.261: [ParNew: 159290K->2869K(176960K), 0.0213313 secs] 296058K->139664K(352632K), 0.0217101 secs] [Times: user=0.02 sys=0.00, real=0.03 secs] 
2020-03-19T10:17:24.391+0800: 4248.016: [GC (Allocation Failure) 2020-03-19T10:17:24.391+0800: 4248.016: [ParNew: 160181K->2940K(176960K), 0.0162320 secs] 296976K->139758K(352632K), 0.0166381 secs] [Times: user=0.03 sys=0.00, real=0.02 secs] 
2020-03-19T10:17:30.485+0800: 4254.109: [GC (Allocation Failure) 2020-03-19T10:17:30.485+0800: 4254.109: [ParNew: 160252K->2948K(176960K), 0.0171652 secs] 297070K->139781K(352632K), 0.0176344 secs] [Times: user=0.03 sys=0.01, real=0.02 secs] 
2020-03-19T10:17:35.820+0800: 4259.444: [GC (Allocation Failure) 2020-03-19T10:17:35.820+0800: 4259.444: [ParNew: 160108K->7656K(176960K), 0.0188737 secs] 296941K->144509K(352632K), 0.0192608 secs] [Times: user=0.02 sys=0.00, real=0.02 secs] 
2020-03-19T10:17:43.095+0800: 4266.719: [GC (Allocation Failure) 2020-03-19T10:17:43.095+0800: 4266.719: [ParNew: 164968K->3426K(176960K), 0.0145353 secs] 301821K->140304K(352632K), 0.0149274 secs] [Times: user=0.02 sys=0.00, real=0.02 secs] 
2020-03-19T10:17:46.897+0800: 4270.521: [GC (Allocation Failure) 2020-03-19T10:17:46.897+0800: 4270.521: [ParNew: 160738K->2333K(176960K), 0.0228155 secs] 297616K->139236K(352632K), 0.0231669 secs] [Times: user=0.02 sys=0.00, real=0.03 secs] 
2020-03-19T10:17:54.142+0800: 4277.766: [GC (Allocation Failure) 2020-03-19T10:17:54.142+0800: 4277.767: [ParNew: 159645K->2842K(176960K), 0.0172326 secs] 296548K->139763K(352632K), 0.0176251 secs] [Times: user=0.02 sys=0.00, real=0.02 secs] 
2020-03-19T10:18:00.048+0800: 4283.672: [GC (Allocation Failure) 2020-03-19T10:18:00.048+0800: 4283.672: [ParNew: 160154K->3879K(176960K), 0.0210484 secs] 297075K->140823K(352632K), 0.0214228 secs] [Times: user=0.03 sys=0.00, real=0.02 secs] 
2020-03-19T10:18:04.536+0800: 4288.160: [GC (Allocation Failure) 2020-03-19T10:18:04.536+0800: 4288.160: [ParNew: 161191K->2312K(176960K), 0.0164418 secs] 298135K->139274K(352632K), 0.0168616 secs] [Times: user=0.03 sys=0.00, real=0.02 secs] 
2020-03-19T10:18:10.668+0800: 4294.293: [GC (Allocation Failure) 2020-03-19T10:18:10.669+0800: 4294.293: [ParNew: 159624K->2089K(176960K), 0.0146808 secs] 296586K->139076K(352632K), 0.0150369 secs] [Times: user=0.03 sys=0.00, real=0.01 secs] 
2020-03-19T10:18:15.268+0800: 4298.893: [GC (Allocation Failure) 2020-03-19T10:18:15.269+0800: 4298.893: [ParNew: 159401K->2906K(176960K), 0.0155007 secs] 296388K->139918K(352632K), 0.0159168 secs] [Times: user=0.03 sys=0.00, real=0.01 secs] 
2020-03-19T10:18:20.541+0800: 4304.166: [GC (Allocation Failure) 2020-03-19T10:18:20.542+0800: 4304.166: [ParNew: 160218K->3031K(176960K), 0.0181947 secs] 297230K->140061K(352632K), 0.0185690 secs] [Times: user=0.02 sys=0.00, real=0.02 secs] 
2020-03-19T10:18:27.461+0800: 4311.085: [GC (Allocation Failure) 2020-03-19T10:18:27.461+0800: 4311.085: [ParNew: 160336K->2888K(176960K), 0.0160669 secs] 297366K->139932K(352632K), 0.0164835 secs] [Times: user=0.03 sys=0.00, real=0.01 secs] 
2020-03-19T10:18:33.226+0800: 4316.850: [GC (Allocation Failure) 2020-03-19T10:18:33.226+0800: 4316.851: [ParNew: 160200K->2944K(176960K), 0.0388399 secs] 297244K->140011K(352632K), 0.0393532 secs] [Times: user=0.03 sys=0.00, real=0.04 secs] 
2020-03-19T10:18:39.155+0800: 4322.779: [GC (Allocation Failure) 2020-03-19T10:18:39.155+0800: 4322.779: [ParNew: 160256K->2956K(176960K), 0.0140417 secs] 297323K->140048K(352632K), 0.0143775 secs] [Times: user=0.03 sys=0.00, real=0.02 secs] 
2020-03-19T10:18:44.961+0800: 4328.586: [GC (Allocation Failure) 2020-03-19T10:18:44.961+0800: 4328.586: [ParNew: 160268K->3861K(176960K), 0.0229392 secs] 297360K->140975K(352632K), 0.0233541 secs] [Times: user=0.02 sys=0.00, real=0.02 secs] 
2020-03-19T10:18:50.509+0800: 4334.133: [GC (Allocation Failure) 2020-03-19T10:18:50.509+0800: 4334.133: [ParNew: 161173K->2381K(176960K), 0.0145510 secs] 298287K->139547K(352632K), 0.0149243 secs] [Times: user=0.03 sys=0.00, real=0.01 secs] 
2020-03-19T10:18:56.510+0800: 4340.134: [GC (Allocation Failure) 2020-03-19T10:18:56.510+0800: 4340.135: [ParNew: 159693K->1991K(176960K), 0.0141769 secs] 296859K->139177K(352632K), 0.0145711 secs] [Times: user=0.03 sys=0.00, real=0.01 secs] 
2020-03-19T10:19:00.772+0800: 4344.397: [GC (Allocation Failure) 2020-03-19T10:19:00.772+0800: 4344.397: [ParNew: 159303K->3914K(176960K), 0.0182991 secs] 296489K->141117K(352632K), 0.0186966 secs] [Times: user=0.02 sys=0.01, real=0.02 secs] 
2020-03-19T10:19:06.360+0800: 4349.985: [GC (Allocation Failure) 2020-03-19T10:19:06.360+0800: 4349.985: [ParNew: 161226K->3445K(176960K), 0.0161760 secs] 298429K->140672K(352632K), 0.0165728 secs] [Times: user=0.03 sys=0.00, real=0.01 secs] 
2020-03-19T10:19:13.463+0800: 4357.087: [GC (Allocation Failure) 2020-03-19T10:19:13.463+0800: 4357.087: [ParNew: 160757K->2634K(176960K), 0.0194686 secs] 297984K->139884K(352632K), 0.0198891 secs] [Times: user=0.02 sys=0.00, real=0.02 secs] 
2020-03-19T10:19:17.572+0800: 4361.197: [GC (Allocation Failure) 2020-03-19T10:19:17.572+0800: 4361.197: [ParNew: 159946K->2598K(176960K), 0.0185864 secs] 297196K->139875K(352632K), 0.0190667 secs] [Times: user=0.02 sys=0.00, real=0.02 secs] 
2020-03-19T10:19:24.543+0800: 4368.168: [GC (Allocation Failure) 2020-03-19T10:19:24.543+0800: 4368.168: [ParNew: 159910K->2833K(176960K), 0.0145391 secs] 297187K->140134K(352632K), 0.0148949 secs] [Times: user=0.03 sys=0.00, real=0.02 secs] 
2020-03-19T10:19:30.743+0800: 4374.368: [GC (Allocation Failure) 2020-03-19T10:19:30.744+0800: 4374.368: [ParNew: 160145K->2884K(176960K), 0.0143393 secs] 297446K->140199K(352632K), 0.0147286 secs] [Times: user=0.03 sys=0.00, real=0.02 secs] 
2020-03-19T10:19:36.443+0800: 4380.068: [GC (Allocation Failure) 2020-03-19T10:19:36.443+0800: 4380.068: [ParNew: 160196K->3042K(176960K), 0.0156513 secs] 297511K->140378K(352632K), 0.0160697 secs] [Times: user=0.03 sys=0.00, real=0.02 secs] 
2020-03-19T10:19:43.664+0800: 4387.288: [GC (Allocation Failure) 2020-03-19T10:19:43.664+0800: 4387.289: [ParNew: 160354K->2949K(176960K), 0.0140522 secs] 297690K->140304K(352632K), 0.0144452 secs] [Times: user=0.03 sys=0.01, real=0.02 secs] 
2020-03-19T10:19:47.931+0800: 4391.556: [GC (Allocation Failure) 2020-03-19T10:19:47.931+0800: 4391.556: [ParNew: 160261K->2850K(176960K), 0.0234733 secs] 297616K->140226K(352632K), 0.0238370 secs] [Times: user=0.02 sys=0.00, real=0.02 secs] 
2020-03-19T10:19:54.454+0800: 4398.079: [GC (Allocation Failure) 2020-03-19T10:19:54.454+0800: 4398.079: [ParNew: 160162K->2912K(176960K), 0.0241288 secs] 297538K->140309K(352632K), 0.0245116 secs] [Times: user=0.02 sys=0.00, real=0.03 secs] 
2020-03-19T10:20:00.076+0800: 4403.701: [GC (Allocation Failure) 2020-03-19T10:20:00.076+0800: 4403.701: [ParNew: 160224K->2930K(176960K), 0.0182946 secs] 297621K->140347K(352632K), 0.0187617 secs] [Times: user=0.03 sys=0.00, real=0.02 secs] 
2020-03-19T10:20:05.167+0800: 4408.791: [GC (Allocation Failure) 2020-03-19T10:20:05.167+0800: 4408.792: [ParNew: 160242K->3438K(176960K), 0.0197644 secs] 297659K->140875K(352632K), 0.0202867 secs] [Times: user=0.02 sys=0.00, real=0.02 secs] 
2020-03-19T10:20:11.621+0800: 4415.245: [GC (Allocation Failure) 2020-03-19T10:20:11.621+0800: 4415.245: [ParNew: 160750K->2638K(176960K), 0.0293524 secs] 298187K->140100K(352632K), 0.0297863 secs] [Times: user=0.03 sys=0.00, real=0.03 secs] 
2020-03-19T10:20:15.777+0800: 4419.401: [GC (Allocation Failure) 2020-03-19T10:20:15.777+0800: 4419.401: [ParNew: 159950K->2603K(176960K), 0.0152708 secs] 297412K->140087K(352632K), 0.0157039 secs] [Times: user=0.03 sys=0.00, real=0.02 secs] 
2020-03-19T10:20:23.014+0800: 4426.639: [GC (Allocation Failure) 2020-03-19T10:20:23.014+0800: 4426.639: [ParNew: 159915K->2312K(176960K), 0.0151759 secs] 297399K->139846K(352632K), 0.0155420 secs] [Times: user=0.02 sys=0.00, real=0.02 secs] 
2020-03-19T10:20:29.773+0800: 4433.398: [GC (Allocation Failure) 2020-03-19T10:20:29.773+0800: 4433.398: [ParNew: 159624K->3011K(176960K), 0.0171294 secs] 297158K->140560K(352632K), 0.0174871 secs] [Times: user=0.03 sys=0.00, real=0.02 secs] 
2020-03-19T10:20:34.941+0800: 4438.565: [GC (Allocation Failure) 2020-03-19T10:20:34.941+0800: 4438.566: [ParNew: 160323K->3049K(176960K), 0.0265797 secs] 297872K->140617K(352632K), 0.0269469 secs] [Times: user=0.03 sys=0.00, real=0.03 secs] 
2020-03-19T10:20:41.892+0800: 4445.516: [GC (Allocation Failure) 2020-03-19T10:20:41.892+0800: 4445.516: [ParNew: 160361K->1989K(176960K), 0.0144883 secs] 297929K->139584K(352632K), 0.0148697 secs] [Times: user=0.03 sys=0.00, real=0.02 secs] 
2020-03-19T10:20:46.133+0800: 4449.758: [GC (Allocation Failure) 2020-03-19T10:20:46.134+0800: 4449.758: [ParNew: 159301K->3751K(176960K), 0.0440619 secs] 296896K->141363K(352632K), 0.0446388 secs] [Times: user=0.04 sys=0.00, real=0.04 secs] 
2020-03-19T10:20:52.727+0800: 4456.351: [GC (Allocation Failure) 2020-03-19T10:20:52.727+0800: 4456.352: [ParNew: 161063K->2336K(176960K), 0.0313845 secs] 298675K->139976K(352632K), 0.0323188 secs] [Times: user=0.03 sys=0.00, real=0.03 secs] 
2020-03-19T10:20:59.455+0800: 4463.079: [GC (Allocation Failure) 2020-03-19T10:20:59.455+0800: 4463.079: [ParNew: 159648K->3021K(176960K), 0.0153347 secs] 297288K->140680K(352632K), 0.0157072 secs] [Times: user=0.02 sys=0.00, real=0.02 secs] 
2020-03-19T10:21:03.677+0800: 4467.302: [GC (Allocation Failure) 2020-03-19T10:21:03.678+0800: 4467.302: [ParNew: 160333K->1904K(176960K), 0.0140504 secs] 297992K->139581K(352632K), 0.0144196 secs] [Times: user=0.02 sys=0.00, real=0.02 secs] 
2020-03-19T10:21:09.155+0800: 4472.780: [GC (Allocation Failure) 2020-03-19T10:21:09.155+0800: 4472.780: [ParNew: 159216K->2880K(176960K), 0.0148653 secs] 296893K->140585K(352632K), 0.0152711 secs] [Times: user=0.03 sys=0.00, real=0.02 secs] 
2020-03-19T10:21:14.834+0800: 4478.458: [GC (Allocation Failure) 2020-03-19T10:21:14.834+0800: 4478.459: [ParNew: 160192K->2785K(176960K), 0.0158929 secs] 297897K->140511K(352632K), 0.0164745 secs] [Times: user=0.03 sys=0.00, real=0.02 secs] 
2020-03-19T10:21:20.629+0800: 4484.254: [GC (Allocation Failure) 2020-03-19T10:21:20.629+0800: 4484.254: [ParNew: 160097K->2324K(176960K), 0.0150798 secs] 297823K->140077K(352632K), 0.0154204 secs] [Times: user=0.03 sys=0.00, real=0.01 secs] 
2020-03-19T10:21:27.573+0800: 4491.197: [GC (Allocation Failure) 2020-03-19T10:21:27.573+0800: 4491.198: [ParNew: 159636K->2932K(176960K), 0.0297877 secs] 297389K->140704K(352632K), 0.0302850 secs] [Times: user=0.02 sys=0.00, real=0.03 secs] 
2020-03-19T10:21:33.220+0800: 4496.845: [GC (Allocation Failure) 2020-03-19T10:21:33.220+0800: 4496.845: [ParNew: 160244K->2895K(176960K), 0.0233059 secs] 298016K->140684K(352632K), 0.0237013 secs] [Times: user=0.03 sys=0.00, real=0.02 secs] 
2020-03-19T10:21:39.452+0800: 4503.077: [GC (Allocation Failure) 2020-03-19T10:21:39.453+0800: 4503.077: [ParNew: 160207K->2878K(176960K), 0.0219987 secs] 297996K->140688K(352632K), 0.0223914 secs] [Times: user=0.02 sys=0.00, real=0.02 secs] 
2020-03-19T10:21:44.930+0800: 4508.554: [GC (Allocation Failure) 2020-03-19T10:21:44.930+0800: 4508.554: [ParNew: 160190K->3725K(176960K), 0.0233838 secs] 298000K->141556K(352632K), 0.0237723 secs] [Times: user=0.03 sys=0.00, real=0.02 secs] 
2020-03-19T10:21:50.785+0800: 4514.410: [GC (Allocation Failure) 2020-03-19T10:21:50.785+0800: 4514.410: [ParNew: 161037K->2341K(176960K), 0.0314867 secs] 298868K->140197K(352632K), 0.0320892 secs] [Times: user=0.03 sys=0.00, real=0.03 secs] 
2020-03-19T10:21:56.900+0800: 4520.525: [GC (Allocation Failure) 2020-03-19T10:21:56.901+0800: 4520.525: [ParNew: 159653K->2950K(176960K), 0.0198432 secs] 297509K->140831K(352632K), 0.0202586 secs] [Times: user=0.02 sys=0.00, real=0.02 secs] 
2020-03-19T10:22:01.553+0800: 4525.177: [GC (Allocation Failure) 2020-03-19T10:22:01.553+0800: 4525.178: [ParNew: 160262K->2911K(176960K), 0.0360736 secs] 298143K->140809K(352632K), 0.0365818 secs] [Times: user=0.03 sys=0.00, real=0.04 secs] 
2020-03-19T10:22:06.839+0800: 4530.464: [GC (Allocation Failure) 2020-03-19T10:22:06.840+0800: 4530.464: [ParNew: 160223K->2814K(176960K), 0.0234101 secs] 298121K->140732K(352632K), 0.0240266 secs] [Times: user=0.03 sys=0.00, real=0.02 secs] 
2020-03-19T10:22:14.159+0800: 4537.784: [GC (Allocation Failure) 2020-03-19T10:22:14.159+0800: 4537.784: [ParNew: 160126K->2864K(176960K), 0.0139139 secs] 298044K->140805K(352632K), 0.0142994 secs] [Times: user=0.03 sys=0.00, real=0.01 secs] 
2020-03-19T10:22:18.546+0800: 4542.171: [GC (Allocation Failure) 2020-03-19T10:22:18.546+0800: 4542.171: [ParNew: 160176K->2888K(176960K), 0.0280967 secs] 298117K->140852K(352632K), 0.0286533 secs] [Times: user=0.03 sys=0.00, real=0.03 secs] 
2020-03-19T10:22:25.336+0800: 4548.960: [GC (Allocation Failure) 2020-03-19T10:22:25.336+0800: 4548.960: [ParNew: 160200K->2798K(176960K), 0.0198574 secs] 298164K->140787K(352632K), 0.0202089 secs] [Times: user=0.02 sys=0.00, real=0.02 secs] 
2020-03-19T10:22:31.099+0800: 4554.724: [GC (Allocation Failure) 2020-03-19T10:22:31.099+0800: 4554.724: [ParNew: 160110K->3797K(176960K), 0.0491198 secs] 298099K->141798K(352632K), 0.0499538 secs] [Times: user=0.04 sys=0.00, real=0.05 secs] 
2020-03-19T10:22:36.890+0800: 4560.514: [GC (Allocation Failure) 2020-03-19T10:22:36.890+0800: 4560.515: [ParNew: 161109K->2262K(176960K), 0.0166479 secs] 299110K->140282K(352632K), 0.0172220 secs] [Times: user=0.02 sys=0.00, real=0.02 secs] 
2020-03-19T10:22:44.428+0800: 4568.053: [GC (Allocation Failure) 2020-03-19T10:22:44.428+0800: 4568.053: [ParNew: 159574K->3014K(176960K), 0.0235428 secs] 297594K->141059K(352632K), 0.0240369 secs] [Times: user=0.02 sys=0.00, real=0.02 secs] 
2020-03-19T10:22:48.817+0800: 4572.441: [GC (Allocation Failure) 2020-03-19T10:22:48.817+0800: 4572.442: [ParNew: 160326K->2915K(176960K), 0.0156191 secs] 298371K->140985K(352632K), 0.0160682 secs] [Times: user=0.02 sys=0.00, real=0.02 secs] 
2020-03-19T10:22:55.171+0800: 4578.795: [GC (Allocation Failure) 2020-03-19T10:22:55.171+0800: 4578.795: [ParNew: 160227K->2804K(176960K), 0.0162142 secs] 298297K->140894K(352632K), 0.0173856 secs] [Times: user=0.03 sys=0.00, real=0.02 secs] 
2020-03-19T10:23:00.468+0800: 4584.093: [GC (Allocation Failure) 2020-03-19T10:23:00.468+0800: 4584.093: [ParNew: 160116K->2869K(176960K), 0.0135535 secs] 298206K->140980K(352632K), 0.0139069 secs] [Times: user=0.02 sys=0.00, real=0.01 secs] 
2020-03-19T10:23:05.815+0800: 4589.440: [GC (Allocation Failure) 2020-03-19T10:23:05.815+0800: 4589.440: [ParNew: 160181K->2802K(176960K), 0.0143496 secs] 298292K->140932K(352632K), 0.0147257 secs] [Times: user=0.02 sys=0.00, real=0.02 secs] 
2020-03-19T10:23:12.638+0800: 4596.262: [GC (Allocation Failure) 2020-03-19T10:23:12.638+0800: 4596.262: [ParNew: 160114K->3747K(176960K), 0.0394662 secs] 298244K->141906K(352632K), 0.0399405 secs] [Times: user=0.03 sys=0.00, real=0.04 secs] 
2020-03-19T10:23:16.566+0800: 4600.191: [GC (Allocation Failure) 2020-03-19T10:23:16.566+0800: 4600.191: [ParNew: 161059K->2622K(176960K), 0.0168285 secs] 299218K->140805K(352632K), 0.0172170 secs] [Times: user=0.02 sys=0.01, real=0.01 secs] 
2020-03-19T10:23:23.684+0800: 4607.308: [GC (Allocation Failure) 2020-03-19T10:23:23.686+0800: 4607.311: [ParNew: 159934K->3533K(176960K), 0.0145067 secs] 298117K->141736K(352632K), 0.0169676 secs] [Times: user=0.02 sys=0.01, real=0.02 secs] 
2020-03-19T10:23:30.004+0800: 4613.629: [GC (Allocation Failure) 2020-03-19T10:23:30.005+0800: 4613.629: [ParNew: 160845K->2915K(176960K), 0.0154616 secs] 299048K->141134K(352632K), 0.0158670 secs] [Times: user=0.03 sys=0.00, real=0.02 secs] 
2020-03-19T10:23:35.660+0800: 4619.285: [GC (Allocation Failure) 2020-03-19T10:23:35.660+0800: 4619.285: [ParNew: 160227K->2081K(176960K), 0.0235490 secs] 298446K->140318K(352632K), 0.0241252 secs] [Times: user=0.03 sys=0.00, real=0.02 secs] 
2020-03-19T10:23:42.633+0800: 4626.258: [GC (Allocation Failure) 2020-03-19T10:23:42.634+0800: 4626.258: [ParNew: 159393K->2961K(176960K), 0.0345087 secs] 297630K->141226K(352632K), 0.0351285 secs] [Times: user=0.03 sys=0.00, real=0.04 secs] 
2020-03-19T10:23:46.708+0800: 4630.333: [GC (Allocation Failure) 2020-03-19T10:23:46.709+0800: 4630.333: [ParNew: 160273K->2822K(176960K), 0.0184986 secs] 298538K->141106K(352632K), 0.0188526 secs] [Times: user=0.03 sys=0.00, real=0.02 secs] 
2020-03-19T10:23:53.227+0800: 4636.851: [GC (Allocation Failure) 2020-03-19T10:23:53.227+0800: 4636.852: [ParNew: 160134K->2893K(176960K), 0.0144592 secs] 298418K->141199K(352632K), 0.0148585 secs] [Times: user=0.03 sys=0.00, real=0.01 secs] 
2020-03-19T10:23:59.814+0800: 4643.438: [GC (Allocation Failure) 2020-03-19T10:23:59.814+0800: 4643.439: [ParNew: 160205K->2900K(176960K), 0.0144695 secs] 298511K->141228K(352632K), 0.0148466 secs] [Times: user=0.02 sys=0.01, real=0.02 secs] 
2020-03-19T10:24:04.100+0800: 4647.725: [GC (Allocation Failure) 2020-03-19T10:24:04.101+0800: 4647.725: [ParNew: 160212K->3402K(176960K), 0.0139532 secs] 298540K->141747K(352632K), 0.0143217 secs] [Times: user=0.03 sys=0.00, real=0.01 secs] 
2020-03-19T10:24:09.455+0800: 4653.080: [GC (Allocation Failure) 2020-03-19T10:24:09.456+0800: 4653.080: [ParNew: 160714K->2702K(176960K), 0.0155125 secs] 299059K->141074K(352632K), 0.0159216 secs] [Times: user=0.02 sys=0.00, real=0.02 secs] 
2020-03-19T10:24:14.935+0800: 4658.559: [GC (Allocation Failure) 2020-03-19T10:24:14.935+0800: 4658.560: [ParNew: 160014K->2740K(176960K), 0.0338423 secs] 298386K->141132K(352632K), 0.0343658 secs] [Times: user=0.03 sys=0.00, real=0.04 secs] 
2020-03-19T10:24:20.918+0800: 4664.542: [GC (Allocation Failure) 2020-03-19T10:24:20.918+0800: 4664.542: [ParNew: 160052K->3591K(176960K), 0.0202337 secs] 298444K->142006K(352632K), 0.0206432 secs] [Times: user=0.03 sys=0.00, real=0.03 secs] 
2020-03-19T10:24:28.077+0800: 4671.701: [GC (Allocation Failure) 2020-03-19T10:24:28.077+0800: 4671.702: [ParNew: 160903K->2745K(176960K), 0.0140354 secs] 299318K->141179K(352632K), 0.0143718 secs] [Times: user=0.03 sys=0.00, real=0.02 secs] 
2020-03-19T10:24:33.655+0800: 4677.279: [GC (Allocation Failure) 2020-03-19T10:24:33.655+0800: 4677.279: [ParNew: 160057K->2714K(176960K), 0.0149893 secs] 298491K->141175K(352632K), 0.0153411 secs] [Times: user=0.03 sys=0.00, real=0.02 secs] 
2020-03-19T10:24:35.194+0800: 4678.818: [GC (Allocation Failure) 2020-03-19T10:24:35.194+0800: 4678.818: [ParNew: 160026K->14562K(176960K), 0.0719644 secs] 298487K->153047K(352632K), 0.0724146 secs] [Times: user=0.07 sys=0.00, real=0.08 secs] 
2020-03-19T10:24:35.518+0800: 4679.142: [GC (Allocation Failure) 2020-03-19T10:24:35.518+0800: 4679.142: [ParNew: 171874K->10572K(176960K), 0.1057012 secs] 310359K->154807K(352632K), 0.1061820 secs] [Times: user=0.09 sys=0.00, real=0.11 secs] 
2020-03-19T10:24:35.643+0800: 4679.268: [GC (CMS Initial Mark) [1 CMS-initial-mark: 144235K(175672K)] 159358K(352632K), 0.0238121 secs] [Times: user=0.03 sys=0.00, real=0.03 secs] 
2020-03-19T10:24:35.668+0800: 4679.292: [CMS-concurrent-mark-start]
2020-03-19T10:24:36.373+0800: 4679.997: [CMS-concurrent-mark: 0.654/0.705 secs] [Times: user=0.91 sys=0.03, real=0.70 secs] 
2020-03-19T10:24:36.373+0800: 4679.998: [CMS-concurrent-preclean-start]
2020-03-19T10:24:36.388+0800: 4680.013: [CMS-concurrent-preclean: 0.015/0.015 secs] [Times: user=0.02 sys=0.00, real=0.02 secs] 
2020-03-19T10:24:36.388+0800: 4680.013: [CMS-concurrent-abortable-preclean-start]
2020-03-19T10:24:36.444+0800: 4680.069: [GC (Allocation Failure) 2020-03-19T10:24:36.444+0800: 4680.069: [ParNew: 167884K->12684K(176960K), 0.0601196 secs] 312119K->156919K(352632K), 0.0608049 secs] [Times: user=0.05 sys=0.00, real=0.06 secs] 
2020-03-19T10:24:36.871+0800: 4680.496: [CMS-concurrent-abortable-preclean: 0.435/0.483 secs] [Times: user=0.50 sys=0.01, real=0.48 secs] 
2020-03-19T10:24:36.873+0800: 4680.498: [GC (CMS Final Remark) [YG occupancy: 109706 K (176960 K)]2020-03-19T10:24:36.873+0800: 4680.498: [Rescan (parallel) , 0.1034818 secs]2020-03-19T10:24:36.977+0800: 4680.601: [weak refs processing, 0.0017288 secs]2020-03-19T10:24:36.979+0800: 4680.603: [class unloading, 0.0731080 secs]2020-03-19T10:24:37.052+0800: 4680.676: [scrub symbol table, 0.0403917 secs]2020-03-19T10:24:37.092+0800: 4680.717: [scrub string table, 0.0035612 secs][1 CMS-remark: 144235K(175672K)] 253941K(352632K), 0.2230385 secs] [Times: user=0.19 sys=0.00, real=0.22 secs] 
2020-03-19T10:24:37.097+0800: 4680.721: [CMS-concurrent-sweep-start]
2020-03-19T10:24:37.182+0800: 4680.807: [CMS-concurrent-sweep: 0.086/0.086 secs] [Times: user=0.09 sys=0.00, real=0.09 secs] 
2020-03-19T10:24:37.183+0800: 4680.807: [CMS-concurrent-reset-start]
2020-03-19T10:24:37.184+0800: 4680.809: [CMS-concurrent-reset: 0.001/0.001 secs] [Times: user=0.00 sys=0.00, real=0.00 secs] 
2020-03-19T10:24:40.128+0800: 4683.752: [GC (Allocation Failure) 2020-03-19T10:24:40.128+0800: 4683.752: [ParNew: 169996K->4973K(176960K), 0.0217985 secs] 281560K->120193K(362900K), 0.0222135 secs] [Times: user=0.03 sys=0.00, real=0.02 secs] 
2020-03-19T10:24:45.331+0800: 4688.956: [GC (Allocation Failure) 2020-03-19T10:24:45.331+0800: 4688.956: [ParNew: 162285K->1384K(176960K), 0.0117790 secs] 277505K->116605K(362900K), 0.0121357 secs] [Times: user=0.02 sys=0.00, real=0.01 secs] 
2020-03-19T10:24:50.371+0800: 4693.995: [GC (Allocation Failure) 2020-03-19T10:24:50.371+0800: 4693.995: [ParNew: 158696K->2666K(176960K), 0.0206840 secs] 273917K->117886K(362900K), 0.0210495 secs] [Times: user=0.02 sys=0.00, real=0.02 secs] 
2020-03-19T10:24:55.334+0800: 4698.959: [GC (Allocation Failure) 2020-03-19T10:24:55.335+0800: 4698.959: [ParNew: 159978K->4565K(176960K), 0.0179816 secs] 275198K->119785K(362900K), 0.0184665 secs] [Times: user=0.03 sys=0.00, real=0.02 secs] 
2020-03-19T10:25:00.196+0800: 4703.821: [GC (Allocation Failure) 2020-03-19T10:25:00.197+0800: 4703.821: [ParNew: 161877K->5313K(176960K), 0.0173218 secs] 277097K->120533K(362900K), 0.0176832 secs] [Times: user=0.03 sys=0.00, real=0.02 secs] 
2020-03-19T10:25:05.812+0800: 4709.437: [GC (Allocation Failure) 2020-03-19T10:25:05.812+0800: 4709.437: [ParNew: 162625K->3542K(176960K), 0.0152258 secs] 277845K->118763K(362900K), 0.0155748 secs] [Times: user=0.03 sys=0.00, real=0.02 secs] 
2020-03-19T10:25:12.572+0800: 4716.196: [GC (Allocation Failure) 2020-03-19T10:25:12.572+0800: 4716.197: [ParNew: 160854K->4710K(176960K), 0.0279048 secs] 276075K->119930K(362900K), 0.0283119 secs] [Times: user=0.03 sys=0.00, real=0.03 secs] 
2020-03-19T10:25:16.494+0800: 4720.119: [GC (Allocation Failure) 2020-03-19T10:25:16.495+0800: 4720.119: [ParNew: 162022K->4915K(176960K), 0.0149702 secs] 277242K->120135K(362900K), 0.0153962 secs] [Times: user=0.03 sys=0.00, real=0.02 secs] 
2020-03-19T10:25:23.351+0800: 4726.976: [GC (Allocation Failure) 2020-03-19T10:25:23.351+0800: 4726.976: [ParNew: 162227K->4859K(176960K), 0.0361118 secs] 277447K->120079K(362900K), 0.0367772 secs] [Times: user=0.04 sys=0.00, real=0.04 secs] 
2020-03-19T10:25:29.814+0800: 4733.438: [GC (Allocation Failure) 2020-03-19T10:25:29.814+0800: 4733.438: [ParNew: 162171K->4652K(176960K), 0.0213221 secs] 277391K->119872K(362900K), 0.0216950 secs] [Times: user=0.03 sys=0.01, real=0.02 secs] 
2020-03-19T10:25:35.404+0800: 4739.028: [GC (Allocation Failure) 2020-03-19T10:25:35.404+0800: 4739.029: [ParNew: 161964K->5407K(176960K), 0.0212835 secs] 277184K->120627K(362900K), 0.0216682 secs] [Times: user=0.02 sys=0.00, real=0.02 secs] 
2020-03-19T10:25:42.570+0800: 4746.194: [GC (Allocation Failure) 2020-03-19T10:25:42.570+0800: 4746.194: [ParNew: 162719K->5125K(176960K), 0.0305337 secs] 277939K->120346K(362900K), 0.0309492 secs] [Times: user=0.02 sys=0.00, real=0.03 secs] 
2020-03-19T10:25:46.631+0800: 4750.256: [GC (Allocation Failure) 2020-03-19T10:25:46.632+0800: 4750.256: [ParNew: 162437K->5194K(176960K), 0.0219965 secs] 277658K->120414K(362900K), 0.0223439 secs] [Times: user=0.02 sys=0.00, real=0.02 secs] 
2020-03-19T10:25:53.226+0800: 4756.850: [GC (Allocation Failure) 2020-03-19T10:25:53.226+0800: 4756.850: [ParNew: 162506K->5069K(176960K), 0.0158391 secs] 277726K->120289K(362900K), 0.0162969 secs] [Times: user=0.02 sys=0.01, real=0.02 secs] 
2020-03-19T10:25:59.807+0800: 4763.431: [GC (Allocation Failure) 2020-03-19T10:25:59.807+0800: 4763.431: [ParNew: 162381K->4864K(176960K), 0.0169100 secs] 277601K->120146K(362900K), 0.0172623 secs] [Times: user=0.04 sys=0.00, real=0.01 secs] 
2020-03-19T10:26:04.160+0800: 4767.784: [GC (Allocation Failure) 2020-03-19T10:26:04.160+0800: 4767.784: [ParNew: 162176K->3605K(176960K), 0.0166165 secs] 277458K->119252K(362900K), 0.0170040 secs] [Times: user=0.03 sys=0.00, real=0.01 secs] 
2020-03-19T10:26:10.148+0800: 4773.772: [GC (Allocation Failure) 2020-03-19T10:26:10.148+0800: 4773.773: [ParNew: 160917K->4792K(176960K), 0.0166910 secs] 276564K->120637K(362900K), 0.0170473 secs] [Times: user=0.03 sys=0.00, real=0.01 secs] 
2020-03-19T10:26:15.293+0800: 4778.917: [GC (Allocation Failure) 2020-03-19T10:26:15.293+0800: 4778.918: [ParNew: 162104K->3671K(176960K), 0.0156096 secs] 277949K->119840K(362900K), 0.0159772 secs] [Times: user=0.03 sys=0.00, real=0.02 secs] 
2020-03-19T10:26:21.184+0800: 4784.809: [GC (Allocation Failure) 2020-03-19T10:26:21.185+0800: 4784.809: [ParNew: 160983K->2527K(176960K), 0.0303783 secs] 277152K->119263K(362900K), 0.0309927 secs] [Times: user=0.03 sys=0.00, real=0.03 secs] 
2020-03-19T10:26:28.573+0800: 4792.198: [GC (Allocation Failure) 2020-03-19T10:26:28.574+0800: 4792.198: [ParNew: 159839K->2165K(176960K), 0.0139128 secs] 276575K->118965K(362900K), 0.0142968 secs] [Times: user=0.02 sys=0.00, real=0.02 secs] 
2020-03-19T10:26:34.106+0800: 4797.730: [GC (Allocation Failure) 2020-03-19T10:26:34.106+0800: 4797.730: [ParNew: 159477K->2947K(176960K), 0.0155114 secs] 276277K->119794K(362900K), 0.0158964 secs] [Times: user=0.03 sys=0.00, real=0.02 secs] 
2020-03-19T10:26:40.259+0800: 4803.883: [GC (Allocation Failure) 2020-03-19T10:26:40.259+0800: 4803.884: [ParNew: 160259K->2967K(176960K), 0.0260360 secs] 277106K->119855K(362900K), 0.0264754 secs] [Times: user=0.03 sys=0.00, real=0.02 secs] 
2020-03-19T10:26:45.195+0800: 4808.819: [GC (Allocation Failure) 2020-03-19T10:26:45.195+0800: 4808.820: [ParNew: 160279K->4001K(176960K), 0.0168597 secs] 277167K->120918K(362900K), 0.0173148 secs] [Times: user=0.03 sys=0.00, real=0.02 secs] 
2020-03-19T10:26:50.857+0800: 4814.482: [GC (Allocation Failure) 2020-03-19T10:26:50.857+0800: 4814.482: [ParNew: 161313K->2482K(176960K), 0.0272133 secs] 278230K->119427K(362900K), 0.0276491 secs] [Times: user=0.03 sys=0.00, real=0.03 secs] 
2020-03-19T10:26:56.853+0800: 4820.478: [GC (Allocation Failure) 2020-03-19T10:26:56.854+0800: 4820.478: [ParNew: 159794K->3201K(176960K), 0.0190606 secs] 276739K->120168K(362900K), 0.0196439 secs] [Times: user=0.03 sys=0.00, real=0.02 secs] 
2020-03-19T10:27:01.202+0800: 4824.826: [GC (Allocation Failure) 2020-03-19T10:27:01.202+0800: 4824.827: [ParNew: 160513K->3222K(176960K), 0.0273641 secs] 277480K->120211K(362900K), 0.0278932 secs] [Times: user=0.03 sys=0.00, real=0.03 secs] 
2020-03-19T10:27:06.744+0800: 4830.368: [GC (Allocation Failure) 2020-03-19T10:27:06.744+0800: 4830.368: [ParNew: 160534K->2445K(176960K), 0.0136128 secs] 277523K->119457K(362900K), 0.0139639 secs] [Times: user=0.03 sys=0.00, real=0.01 secs] 
2020-03-19T10:27:13.655+0800: 4837.280: [GC (Allocation Failure) 2020-03-19T10:27:13.655+0800: 4837.280: [ParNew: 159757K->3271K(176960K), 0.0225866 secs] 276769K->120305K(362900K), 0.0230417 secs] [Times: user=0.02 sys=0.00, real=0.03 secs] 
2020-03-19T10:27:16.798+0800: 4840.422: [GC (Allocation Failure) 2020-03-19T10:27:16.798+0800: 4840.422: [ParNew: 160583K->4156K(176960K), 0.0354321 secs] 277617K->121215K(362900K), 0.0359920 secs] [Times: user=0.03 sys=0.00, real=0.04 secs] 
2020-03-19T10:27:17.458+0800: 4841.082: [GC (Allocation Failure) 2020-03-19T10:27:17.458+0800: 4841.082: [ParNew: 161468K->5217K(176960K), 0.0318365 secs] 278527K->122301K(362900K), 0.0323249 secs] [Times: user=0.05 sys=0.00, real=0.04 secs] 
2020-03-19T10:27:18.259+0800: 4841.883: [GC (Allocation Failure) 2020-03-19T10:27:18.259+0800: 4841.884: [ParNew: 162529K->7067K(176960K), 0.0606770 secs] 279613K->124165K(362900K), 0.0611561 secs] [Times: user=0.10 sys=0.00, real=0.06 secs] 
2020-03-19T10:27:22.328+0800: 4845.953: [GC (Allocation Failure) 2020-03-19T10:27:22.328+0800: 4845.953: [ParNew: 164379K->8884K(176960K), 0.0259720 secs] 281477K->126002K(362900K), 0.0263534 secs] [Times: user=0.03 sys=0.00, real=0.02 secs] 
2020-03-19T10:27:25.206+0800: 4848.830: [GC (Allocation Failure) 2020-03-19T10:27:25.206+0800: 4848.830: [ParNew: 166196K->7412K(176960K), 0.0284378 secs] 283314K->124552K(362900K), 0.0288233 secs] [Times: user=0.04 sys=0.00, real=0.03 secs] 
2020-03-19T10:27:28.891+0800: 4852.516: [GC (Allocation Failure) 2020-03-19T10:27:28.891+0800: 4852.516: [ParNew: 164724K->9688K(176960K), 0.0302618 secs] 281864K->126852K(362900K), 0.0308158 secs] [Times: user=0.04 sys=0.00, real=0.03 secs] 
2020-03-19T10:27:34.408+0800: 4858.033: [GC (Allocation Failure) 2020-03-19T10:27:34.409+0800: 4858.033: [ParNew: 167000K->8491K(176960K), 0.0210697 secs] 284164K->125677K(362900K), 0.0214644 secs] [Times: user=0.04 sys=0.00, real=0.02 secs] 
2020-03-19T10:27:40.700+0800: 4864.325: [GC (Allocation Failure) 2020-03-19T10:27:40.701+0800: 4864.325: [ParNew: 165803K->8918K(176960K), 0.0213626 secs] 282989K->126144K(362900K), 0.0217678 secs] [Times: user=0.04 sys=0.00, real=0.02 secs] 
2020-03-19T10:27:45.667+0800: 4869.291: [GC (Allocation Failure) 2020-03-19T10:27:45.667+0800: 4869.292: [ParNew: 166230K->8917K(176960K), 0.0204271 secs] 283456K->126164K(362900K), 0.0208487 secs] [Times: user=0.04 sys=0.00, real=0.02 secs] 
2020-03-19T10:27:50.148+0800: 4873.772: [GC (Allocation Failure) 2020-03-19T10:27:50.148+0800: 4873.772: [ParNew: 166229K->9102K(176960K), 0.0693347 secs] 283476K->126499K(362900K), 0.0698638 secs] [Times: user=0.05 sys=0.00, real=0.06 secs] 
2020-03-19T10:27:56.574+0800: 4880.198: [GC (Allocation Failure) 2020-03-19T10:27:56.574+0800: 4880.198: [ParNew: 166414K->9046K(176960K), 0.0212449 secs] 283811K->126475K(362900K), 0.0216202 secs] [Times: user=0.04 sys=0.00, real=0.02 secs] 
2020-03-19T10:28:00.799+0800: 4884.424: [GC (Allocation Failure) 2020-03-19T10:28:00.800+0800: 4884.424: [ParNew: 166358K->12012K(176960K), 0.0216635 secs] 283787K->129461K(362900K), 0.0220521 secs] [Times: user=0.04 sys=0.00, real=0.02 secs] 
2020-03-19T10:28:06.221+0800: 4889.846: [GC (Allocation Failure) 2020-03-19T10:28:06.221+0800: 4889.846: [ParNew: 169324K->7822K(176960K), 0.0204032 secs] 286773K->125286K(362900K), 0.0208240 secs] [Times: user=0.04 sys=0.00, real=0.02 secs] 
2020-03-19T10:28:12.883+0800: 4896.507: [GC (Allocation Failure) 2020-03-19T10:28:12.883+0800: 4896.508: [ParNew: 165134K->8212K(176960K), 0.0214137 secs] 282598K->125694K(362900K), 0.0217699 secs] [Times: user=0.03 sys=0.00, real=0.02 secs] 
2020-03-19T10:28:15.764+0800: 4899.388: [GC (Allocation Failure) 2020-03-19T10:28:15.764+0800: 4899.388: [ParNew: 165524K->8720K(176960K), 0.0241156 secs] 283006K->126226K(362900K), 0.0245252 secs] [Times: user=0.04 sys=0.00, real=0.03 secs] 
2020-03-19T10:28:22.631+0800: 4906.256: [GC (Allocation Failure) 2020-03-19T10:28:22.631+0800: 4906.256: [ParNew: 166032K->9423K(176960K), 0.0258963 secs] 283538K->127290K(362900K), 0.0262878 secs] [Times: user=0.04 sys=0.00, real=0.02 secs] 
2020-03-19T10:28:28.783+0800: 4912.408: [GC (Allocation Failure) 2020-03-19T10:28:28.783+0800: 4912.408: [ParNew: 166735K->7394K(176960K), 0.0321235 secs] 284602K->126403K(362900K), 0.0324817 secs] [Times: user=0.03 sys=0.00, real=0.03 secs] 
2020-03-19T10:28:33.686+0800: 4917.310: [GC (Allocation Failure) 2020-03-19T10:28:33.686+0800: 4917.311: [ParNew: 164706K->4556K(176960K), 0.0272282 secs] 283715K->124640K(362900K), 0.0278529 secs] [Times: user=0.04 sys=0.00, real=0.03 secs] 
2020-03-19T10:28:39.923+0800: 4923.547: [GC (Allocation Failure) 2020-03-19T10:28:39.923+0800: 4923.547: [ParNew: 161868K->4040K(176960K), 0.0177759 secs] 281952K->124478K(362900K), 0.0181686 secs] [Times: user=0.04 sys=0.00, real=0.02 secs] 
2020-03-19T10:28:44.925+0800: 4928.549: [GC (Allocation Failure) 2020-03-19T10:28:44.925+0800: 4928.550: [ParNew: 161352K->5294K(176960K), 0.0184966 secs] 281790K->126013K(362900K), 0.0188928 secs] [Times: user=0.04 sys=0.00, real=0.02 secs] 
2020-03-19T10:28:50.501+0800: 4934.126: [GC (Allocation Failure) 2020-03-19T10:28:50.501+0800: 4934.126: [ParNew: 162606K->3701K(176960K), 0.0184127 secs] 283325K->125329K(362900K), 0.0187700 secs] [Times: user=0.03 sys=0.00, real=0.02 secs] 
2020-03-19T10:28:54.196+0800: 4937.820: [GC (Allocation Failure) 2020-03-19T10:28:54.196+0800: 4937.820: [ParNew: 161013K->3914K(176960K), 0.0141693 secs] 282641K->125562K(362900K), 0.0145895 secs] [Times: user=0.03 sys=0.00, real=0.02 secs] 
2020-03-19T10:29:00.044+0800: 4943.669: [GC (Allocation Failure) 2020-03-19T10:29:00.045+0800: 4943.669: [ParNew: 161226K->3859K(176960K), 0.0233483 secs] 282874K->125530K(362900K), 0.0239450 secs] [Times: user=0.03 sys=0.00, real=0.03 secs] 
2020-03-19T10:29:04.915+0800: 4948.539: [GC (Allocation Failure) 2020-03-19T10:29:04.915+0800: 4948.540: [ParNew: 161171K->3753K(176960K), 0.0217177 secs] 282842K->125449K(362900K), 0.0221427 secs] [Times: user=0.03 sys=0.00, real=0.02 secs] 
2020-03-19T10:29:11.093+0800: 4954.717: [GC (Allocation Failure) 2020-03-19T10:29:11.093+0800: 4954.718: [ParNew: 161065K->2420K(176960K), 0.0354103 secs] 282761K->124298K(362900K), 0.0359668 secs] [Times: user=0.03 sys=0.00, real=0.04 secs] 
2020-03-19T10:29:15.542+0800: 4959.167: [GC (Allocation Failure) 2020-03-19T10:29:15.542+0800: 4959.167: [ParNew: 159732K->3288K(176960K), 0.0211813 secs] 281610K->125188K(362900K), 0.0216492 secs] [Times: user=0.02 sys=0.00, real=0.02 secs] 
2020-03-19T10:29:21.892+0800: 4965.517: [GC (Allocation Failure) 2020-03-19T10:29:21.892+0800: 4965.517: [ParNew: 160600K->3312K(176960K), 0.0151020 secs] 282500K->125228K(362900K), 0.0154595 secs] [Times: user=0.02 sys=0.00, real=0.02 secs] 
2020-03-19T10:29:28.655+0800: 4972.279: [GC (Allocation Failure) 2020-03-19T10:29:28.655+0800: 4972.279: [ParNew: 160624K->3308K(176960K), 0.0250321 secs] 282540K->125242K(362900K), 0.0291031 secs] [Times: user=0.03 sys=0.00, real=0.03 secs] 
2020-03-19T10:29:33.676+0800: 4977.301: [GC (Allocation Failure) 2020-03-19T10:29:33.677+0800: 4977.301: [ParNew: 160620K->3229K(176960K), 0.0139049 secs] 282554K->125186K(362900K), 0.0142999 secs] [Times: user=0.03 sys=0.00, real=0.02 secs] 
2020-03-19T10:29:39.448+0800: 4983.072: [GC (Allocation Failure) 2020-03-19T10:29:39.448+0800: 4983.072: [ParNew: 160541K->3290K(176960K), 0.0143732 secs] 282498K->125263K(362900K), 0.0147464 secs] [Times: user=0.03 sys=0.00, real=0.01 secs] 
2020-03-19T10:29:45.299+0800: 4988.923: [GC (Allocation Failure) 2020-03-19T10:29:45.299+0800: 4988.923: [ParNew: 160602K->3224K(176960K), 0.0229304 secs] 282575K->125222K(362900K), 0.0233571 secs] [Times: user=0.03 sys=0.00, real=0.02 secs] 
2020-03-19T10:29:51.042+0800: 4994.666: [GC (Allocation Failure) 2020-03-19T10:29:51.042+0800: 4994.666: [ParNew: 160536K->2622K(176960K), 0.0158997 secs] 282534K->124791K(362900K), 0.0165239 secs] [Times: user=0.03 sys=0.00, real=0.02 secs] 
2020-03-19T10:29:57.418+0800: 5001.043: [GC (Allocation Failure) 2020-03-19T10:29:57.419+0800: 5001.043: [ParNew: 159934K->3213K(176960K), 0.0228374 secs] 282103K->125439K(362900K), 0.0236287 secs] [Times: user=0.02 sys=0.00, real=0.03 secs] 
2020-03-19T10:30:01.552+0800: 5005.177: [GC (Allocation Failure) 2020-03-19T10:30:01.552+0800: 5005.177: [ParNew: 160525K->3092K(176960K), 0.0144103 secs] 282751K->125339K(362900K), 0.0147937 secs] [Times: user=0.02 sys=0.00, real=0.02 secs] 
2020-03-19T10:30:06.853+0800: 5010.478: [GC (Allocation Failure) 2020-03-19T10:30:06.854+0800: 5010.478: [ParNew: 160404K->3001K(176960K), 0.0137662 secs] 282651K->125301K(362900K), 0.0140900 secs] [Times: user=0.03 sys=0.00, real=0.02 secs] 
2020-03-19T10:30:13.788+0800: 5017.413: [GC (Allocation Failure) 2020-03-19T10:30:13.789+0800: 5017.413: [ParNew: 160313K->3010K(176960K), 0.0144045 secs] 282613K->125334K(362900K), 0.0147616 secs] [Times: user=0.03 sys=0.00, real=0.01 secs] 
2020-03-19T10:30:18.238+0800: 5021.862: [GC (Allocation Failure) 2020-03-19T10:30:18.238+0800: 5021.863: [ParNew: 160322K->2995K(176960K), 0.0164661 secs] 282646K->125397K(362900K), 0.0169106 secs] [Times: user=0.03 sys=0.00, real=0.02 secs] 
2020-03-19T10:30:25.221+0800: 5028.845: [GC (Allocation Failure) 2020-03-19T10:30:25.221+0800: 5028.846: [ParNew: 160307K->2865K(176960K), 0.0227296 secs] 282709K->125287K(362900K), 0.0232089 secs] [Times: user=0.03 sys=0.00, real=0.02 secs] 
2020-03-19T10:30:30.992+0800: 5034.616: [GC (Allocation Failure) 2020-03-19T10:30:30.992+0800: 5034.617: [ParNew: 160177K->3850K(176960K), 0.0224873 secs] 282599K->126287K(362900K), 0.0228706 secs] [Times: user=0.03 sys=0.00, real=0.02 secs] 
2020-03-19T10:30:36.853+0800: 5040.478: [GC (Allocation Failure) 2020-03-19T10:30:36.853+0800: 5040.478: [ParNew: 161162K->2283K(176960K), 0.0136478 secs] 283599K->124740K(362900K), 0.0140099 secs] [Times: user=0.03 sys=0.00, real=0.02 secs] 
2020-03-19T10:30:44.106+0800: 5047.731: [GC (Allocation Failure) 2020-03-19T10:30:44.106+0800: 5047.731: [ParNew: 159595K->3054K(176960K), 0.0219985 secs] 282052K->125540K(362900K), 0.0224656 secs] [Times: user=0.03 sys=0.01, real=0.02 secs] 
2020-03-19T10:30:48.632+0800: 5052.257: [GC (Allocation Failure) 2020-03-19T10:30:48.632+0800: 5052.257: [ParNew: 160366K->2946K(176960K), 0.0141231 secs] 282852K->125456K(362900K), 0.0144967 secs] [Times: user=0.02 sys=0.00, real=0.02 secs] 
2020-03-19T10:30:54.924+0800: 5058.548: [GC (Allocation Failure) 2020-03-19T10:30:54.924+0800: 5058.548: [ParNew: 160258K->2835K(176960K), 0.0135884 secs] 282768K->125369K(362900K), 0.0139218 secs] [Times: user=0.02 sys=0.00, real=0.01 secs] 
2020-03-19T10:31:00.085+0800: 5063.709: [GC (Allocation Failure) 2020-03-19T10:31:00.085+0800: 5063.710: [ParNew: 160147K->2910K(176960K), 0.0158030 secs] 282681K->125458K(362900K), 0.0161936 secs] [Times: user=0.04 sys=0.00, real=0.02 secs] 
2020-03-19T10:31:05.589+0800: 5069.213: [GC (Allocation Failure) 2020-03-19T10:31:05.589+0800: 5069.213: [ParNew: 160222K->3422K(176960K), 0.0222484 secs] 282770K->125994K(362900K), 0.0226350 secs] [Times: user=0.02 sys=0.00, real=0.02 secs] 
2020-03-19T10:31:12.332+0800: 5075.956: [GC (Allocation Failure) 2020-03-19T10:31:12.332+0800: 5075.957: [ParNew: 160733K->2622K(176960K), 0.0144635 secs] 283306K->125222K(362900K), 0.0148324 secs] [Times: user=0.02 sys=0.00, real=0.02 secs] 
2020-03-19T10:31:16.328+0800: 5079.952: [GC (Allocation Failure) 2020-03-19T10:31:16.328+0800: 5079.952: [ParNew: 159934K->3445K(176960K), 0.0137322 secs] 282534K->126067K(362900K), 0.0140991 secs] [Times: user=0.02 sys=0.00, real=0.01 secs] 
2020-03-19T10:31:23.422+0800: 5087.046: [GC (Allocation Failure) 2020-03-19T10:31:23.422+0800: 5087.047: [ParNew: 160757K->2912K(176960K), 0.0144725 secs] 283379K->125558K(362900K), 0.0149561 secs] [Times: user=0.03 sys=0.00, real=0.01 secs] 
2020-03-19T10:31:29.803+0800: 5093.427: [GC (Allocation Failure) 2020-03-19T10:31:29.803+0800: 5093.427: [ParNew: 160195K->3454K(176960K), 0.0149584 secs] 282840K->126115K(362900K), 0.0152961 secs] [Times: user=0.03 sys=0.00, real=0.02 secs] 
2020-03-19T10:31:35.448+0800: 5099.073: [GC (Allocation Failure) 2020-03-19T10:31:35.448+0800: 5099.073: [ParNew: 160766K->2257K(176960K), 0.0166023 secs] 283427K->124944K(362900K), 0.0169809 secs] [Times: user=0.03 sys=0.00, real=0.01 secs] 
2020-03-19T10:31:42.493+0800: 5106.117: [GC (Allocation Failure) 2020-03-19T10:31:42.493+0800: 5106.117: [ParNew: 159569K->3025K(176960K), 0.0216934 secs] 282256K->125747K(362900K), 0.0220694 secs] [Times: user=0.02 sys=0.00, real=0.02 secs] 
2020-03-19T10:31:46.569+0800: 5110.193: [GC (Allocation Failure) 2020-03-19T10:31:46.569+0800: 5110.194: [ParNew: 160337K->2834K(176960K), 0.0142337 secs] 283059K->125576K(362900K), 0.0147081 secs] [Times: user=0.03 sys=0.00, real=0.01 secs] 
2020-03-19T10:31:53.225+0800: 5116.850: [GC (Allocation Failure) 2020-03-19T10:31:53.226+0800: 5116.850: [ParNew: 160146K->2887K(176960K), 0.0265003 secs] 282888K->125654K(362900K), 0.0269051 secs] [Times: user=0.02 sys=0.00, real=0.03 secs] 
2020-03-19T10:31:59.779+0800: 5123.403: [GC (Allocation Failure) 2020-03-19T10:31:59.779+0800: 5123.404: [ParNew: 160199K->2894K(176960K), 0.0162822 secs] 282966K->125679K(362900K), 0.0169080 secs] [Times: user=0.03 sys=0.00, real=0.01 secs] 
2020-03-19T10:32:04.105+0800: 5127.730: [GC (Allocation Failure) 2020-03-19T10:32:04.105+0800: 5127.730: [ParNew: 160206K->3179K(176960K), 0.0200885 secs] 282991K->125984K(362900K), 0.0204835 secs] [Times: user=0.02 sys=0.00, real=0.02 secs] 
2020-03-19T10:32:09.454+0800: 5133.079: [GC (Allocation Failure) 2020-03-19T10:32:09.455+0800: 5133.079: [ParNew: 160491K->2535K(176960K), 0.0214678 secs] 283296K->125366K(362900K), 0.0218819 secs] [Times: user=0.02 sys=0.00, real=0.02 secs] 
2020-03-19T10:32:15.048+0800: 5138.673: [GC (Allocation Failure) 2020-03-19T10:32:15.049+0800: 5138.674: [ParNew: 159847K->2611K(176960K), 0.0223096 secs] 282678K->125464K(362900K), 0.0233693 secs] [Times: user=0.02 sys=0.00, real=0.02 secs] 
2020-03-19T10:32:21.029+0800: 5144.654: [GC (Allocation Failure) 2020-03-19T10:32:21.030+0800: 5144.654: [ParNew: 159923K->2331K(176960K), 0.0204400 secs] 282776K->125208K(362900K), 0.0208052 secs] [Times: user=0.03 sys=0.00, real=0.02 secs] 
2020-03-19T10:32:27.633+0800: 5151.258: [GC (Allocation Failure) 2020-03-19T10:32:27.634+0800: 5151.258: [ParNew: 159643K->2984K(176960K), 0.0236439 secs] 282520K->125878K(362900K), 0.0247536 secs] [Times: user=0.02 sys=0.00, real=0.02 secs] 
2020-03-19T10:32:33.564+0800: 5157.189: [GC (Allocation Failure) 2020-03-19T10:32:33.565+0800: 5157.189: [ParNew: 160296K->2962K(176960K), 0.0208175 secs] 283190K->125873K(362900K), 0.0212890 secs] [Times: user=0.02 sys=0.00, real=0.02 secs] 
2020-03-19T10:32:39.522+0800: 5163.147: [GC (Allocation Failure) 2020-03-19T10:32:39.523+0800: 5163.147: [ParNew: 160274K->2945K(176960K), 0.0256677 secs] 283185K->125879K(362900K), 0.0261784 secs] [Times: user=0.02 sys=0.00, real=0.03 secs] 
2020-03-19T10:32:45.120+0800: 5168.744: [GC (Allocation Failure) 2020-03-19T10:32:45.120+0800: 5168.745: [ParNew: 160257K->3824K(176960K), 0.0516689 secs] 283191K->126777K(362900K), 0.0523872 secs] [Times: user=0.07 sys=0.00, real=0.05 secs] 
2020-03-19T10:32:50.711+0800: 5174.336: [GC (Allocation Failure) 2020-03-19T10:32:50.711+0800: 5174.336: [ParNew: 161136K->2485K(176960K), 0.0216103 secs] 284089K->125463K(362900K), 0.0220185 secs] [Times: user=0.02 sys=0.00, real=0.02 secs] 
2020-03-19T10:32:56.898+0800: 5180.522: [GC (Allocation Failure) 2020-03-19T10:32:56.898+0800: 5180.523: [ParNew: 159797K->3210K(176960K), 0.0146600 secs] 282775K->126210K(362900K), 0.0150906 secs] [Times: user=0.02 sys=0.00, real=0.02 secs] 
2020-03-19T10:33:01.251+0800: 5184.876: [GC (Allocation Failure) 2020-03-19T10:33:01.252+0800: 5184.876: [ParNew: 160522K->3175K(176960K), 0.0260537 secs] 283522K->126196K(362900K), 0.0265406 secs] [Times: user=0.03 sys=0.00, real=0.03 secs] 
2020-03-19T10:33:06.845+0800: 5190.469: [GC (Allocation Failure) 2020-03-19T10:33:06.845+0800: 5190.469: [ParNew: 160487K->2133K(176960K), 0.0140904 secs] 283508K->125176K(362900K), 0.0144833 secs] [Times: user=0.03 sys=0.00, real=0.02 secs] 
2020-03-19T10:33:11.217+0800: 5194.841: [GC (Allocation Failure) 2020-03-19T10:33:11.217+0800: 5194.842: [ParNew: 159445K->3170K(176960K), 0.0284962 secs] 282488K->126234K(362900K), 0.0289663 secs] [Times: user=0.03 sys=0.00, real=0.03 secs] 
2020-03-19T10:33:15.616+0800: 5199.241: [GC (Allocation Failure) 2020-03-19T10:33:15.617+0800: 5199.241: [ParNew: 160482K->2493K(176960K), 0.0143156 secs] 283546K->125584K(362900K), 0.0147331 secs] [Times: user=0.03 sys=0.00, real=0.02 secs] 
2020-03-19T10:33:21.059+0800: 5204.684: [GC (Allocation Failure) 2020-03-19T10:33:21.059+0800: 5204.684: [ParNew: 159805K->3333K(176960K), 0.0141376 secs] 282896K->126448K(362900K), 0.0145368 secs] [Times: user=0.03 sys=0.00, real=0.01 secs] 
2020-03-19T10:33:25.904+0800: 5209.529: [GC (Allocation Failure) 2020-03-19T10:33:25.904+0800: 5209.529: [ParNew: 160645K->4166K(176960K), 0.0202104 secs] 283760K->127295K(362900K), 0.0205756 secs] [Times: user=0.03 sys=0.01, real=0.02 secs] 
2020-03-19T10:33:30.748+0800: 5214.373: [GC (Allocation Failure) 2020-03-19T10:33:30.748+0800: 5214.373: [ParNew: 161478K->4262K(176960K), 0.0162648 secs] 284607K->127444K(362900K), 0.0166358 secs] [Times: user=0.03 sys=0.00, real=0.01 secs] 
2020-03-19T10:33:35.848+0800: 5219.472: [GC (Allocation Failure) 2020-03-19T10:33:35.848+0800: 5219.473: [ParNew: 160886K->7725K(176960K), 0.0203323 secs] 284067K->130929K(362900K), 0.0208737 secs] [Times: user=0.03 sys=0.00, real=0.02 secs] 
2020-03-19T10:33:42.948+0800: 5226.572: [GC (Allocation Failure) 2020-03-19T10:33:42.948+0800: 5226.573: [ParNew: 165037K->3201K(176960K), 0.0212096 secs] 288241K->126427K(362900K), 0.0216193 secs] [Times: user=0.03 sys=0.00, real=0.02 secs] 
2020-03-19T10:33:46.832+0800: 5230.457: [GC (Allocation Failure) 2020-03-19T10:33:46.833+0800: 5230.457: [ParNew: 160513K->3163K(176960K), 0.0143758 secs] 283739K->126411K(362900K), 0.0147212 secs] [Times: user=0.03 sys=0.00, real=0.02 secs] 
2020-03-19T10:33:50.339+0800: 5233.963: [GC (Allocation Failure) 2020-03-19T10:33:50.339+0800: 5233.964: [ParNew: 160475K->3416K(176960K), 0.0156132 secs] 283723K->126683K(362900K), 0.0160181 secs] [Times: user=0.02 sys=0.00, real=0.01 secs] 
2020-03-19T10:33:56.552+0800: 5240.176: [GC (Allocation Failure) 2020-03-19T10:33:56.552+0800: 5240.177: [ParNew: 160728K->3140K(176960K), 0.0191952 secs] 283995K->126429K(362900K), 0.0195685 secs] [Times: user=0.03 sys=0.00, real=0.02 secs] 
2020-03-19T10:34:00.786+0800: 5244.411: [GC (Allocation Failure) 2020-03-19T10:34:00.787+0800: 5244.411: [ParNew: 160452K->3169K(176960K), 0.0255854 secs] 283741K->126593K(362900K), 0.0261550 secs] [Times: user=0.05 sys=0.00, real=0.02 secs] 
2020-03-19T10:34:06.206+0800: 5249.831: [GC (Allocation Failure) 2020-03-19T10:34:06.207+0800: 5249.831: [ParNew: 160481K->2358K(176960K), 0.0139587 secs] 283905K->125840K(362900K), 0.0143557 secs] [Times: user=0.03 sys=0.00, real=0.01 secs] 
2020-03-19T10:34:13.219+0800: 5256.843: [GC (Allocation Failure) 2020-03-19T10:34:13.219+0800: 5256.843: [ParNew: 159670K->3089K(176960K), 0.0152445 secs] 283152K->126591K(362900K), 0.0156426 secs] [Times: user=0.02 sys=0.00, real=0.01 secs] 
2020-03-19T10:34:16.967+0800: 5260.591: [GC (Allocation Failure) 2020-03-19T10:34:16.967+0800: 5260.591: [ParNew: 160401K->2896K(176960K), 0.0134468 secs] 283903K->126411K(362900K), 0.0138113 secs] [Times: user=0.03 sys=0.00, real=0.01 secs] 
2020-03-19T10:34:21.896+0800: 5265.520: [GC (Allocation Failure) 2020-03-19T10:34:21.896+0800: 5265.520: [ParNew: 160208K->3188K(176960K), 0.0324119 secs] 283723K->126722K(362900K), 0.0329348 secs] [Times: user=0.03 sys=0.00, real=0.04 secs] 
2020-03-19T10:34:27.248+0800: 5270.873: [GC (Allocation Failure) 2020-03-19T10:34:27.248+0800: 5270.873: [ParNew: 160500K->2931K(176960K), 0.0160549 secs] 284034K->126499K(362900K), 0.0164553 secs] [Times: user=0.03 sys=0.00, real=0.01 secs] 
2020-03-19T10:34:33.221+0800: 5276.845: [GC (Allocation Failure) 2020-03-19T10:34:33.221+0800: 5276.846: [ParNew: 160243K->2928K(176960K), 0.0270209 secs] 283811K->126516K(362900K), 0.0274500 secs] [Times: user=0.03 sys=0.00, real=0.03 secs] 
2020-03-19T10:34:39.259+0800: 5282.883: [GC (Allocation Failure) 2020-03-19T10:34:39.259+0800: 5282.884: [ParNew: 160240K->2915K(176960K), 0.0132940 secs] 283828K->126525K(362900K), 0.0136504 secs] [Times: user=0.02 sys=0.00, real=0.01 secs] 
2020-03-19T10:34:44.981+0800: 5288.606: [GC (Allocation Failure) 2020-03-19T10:34:44.981+0800: 5288.606: [ParNew: 160227K->2830K(176960K), 0.0159742 secs] 283837K->126463K(362900K), 0.0163205 secs] [Times: user=0.03 sys=0.00, real=0.01 secs] 
2020-03-19T10:34:50.737+0800: 5294.362: [GC (Allocation Failure) 2020-03-19T10:34:50.737+0800: 5294.362: [ParNew: 160142K->2356K(176960K), 0.0140813 secs] 283775K->126011K(362900K), 0.0144504 secs] [Times: user=0.03 sys=0.00, real=0.02 secs] 
2020-03-19T10:34:56.618+0800: 5300.242: [GC (Allocation Failure) 2020-03-19T10:34:56.618+0800: 5300.243: [ParNew: 159668K->1987K(176960K), 0.0313440 secs] 283323K->125659K(362900K), 0.0318222 secs] [Times: user=0.03 sys=0.00, real=0.04 secs] 
2020-03-19T10:35:00.388+0800: 5304.013: [GC (Allocation Failure) 2020-03-19T10:35:00.389+0800: 5304.013: [ParNew: 159299K->3897K(176960K), 0.0266702 secs] 282971K->127601K(362900K), 0.0271047 secs] [Times: user=0.04 sys=0.00, real=0.02 secs] 
2020-03-19T10:35:04.243+0800: 5307.868: [GC (Allocation Failure) 2020-03-19T10:35:04.243+0800: 5307.868: [ParNew: 161209K->2385K(176960K), 0.0139899 secs] 284913K->126111K(362900K), 0.0144051 secs] [Times: user=0.03 sys=0.00, real=0.01 secs] 
2020-03-19T10:35:09.517+0800: 5313.141: [GC (Allocation Failure) 2020-03-19T10:35:09.517+0800: 5313.141: [ParNew: 159697K->3173K(176960K), 0.0295113 secs] 283423K->126927K(362900K), 0.0300348 secs] [Times: user=0.02 sys=0.00, real=0.04 secs] 
2020-03-19T10:35:14.647+0800: 5318.272: [GC (Allocation Failure) 2020-03-19T10:35:14.648+0800: 5318.272: [ParNew: 160485K->2896K(176960K), 0.0164652 secs] 284239K->126670K(362900K), 0.0168446 secs] [Times: user=0.03 sys=0.00, real=0.01 secs] 
2020-03-19T10:35:16.854+0800: 5320.479: [GC (Allocation Failure) 2020-03-19T10:35:16.854+0800: 5320.479: [ParNew: 160208K->2366K(176960K), 0.0134976 secs] 283982K->126155K(362900K), 0.0138640 secs] [Times: user=0.02 sys=0.00, real=0.02 secs] 
2020-03-19T10:35:24.142+0800: 5327.766: [GC (Allocation Failure) 2020-03-19T10:35:24.142+0800: 5327.767: [ParNew: 159678K->2103K(176960K), 0.0183640 secs] 283467K->125910K(362900K), 0.0189073 secs] [Times: user=0.02 sys=0.00, real=0.02 secs] 
2020-03-19T10:35:29.586+0800: 5333.210: [GC (Allocation Failure) 2020-03-19T10:35:29.588+0800: 5333.213: [ParNew: 159415K->2939K(176960K), 0.0386343 secs] 283222K->126770K(362900K), 0.0414518 secs] [Times: user=0.05 sys=0.00, real=0.05 secs] 
2020-03-19T10:35:32.941+0800: 5336.566: [GC (Allocation Failure) 2020-03-19T10:35:32.942+0800: 5336.566: [ParNew: 160251K->2148K(176960K), 0.0141478 secs] 284082K->125999K(362900K), 0.0145293 secs] [Times: user=0.02 sys=0.00, real=0.01 secs] 
2020-03-19T10:35:38.940+0800: 5342.565: [GC (Allocation Failure) 2020-03-19T10:35:38.941+0800: 5342.565: [ParNew: 159460K->2965K(176960K), 0.0143682 secs] 283311K->126832K(362900K), 0.0147174 secs] [Times: user=0.03 sys=0.00, real=0.01 secs] 
2020-03-19T10:35:44.814+0800: 5348.439: [GC (Allocation Failure) 2020-03-19T10:35:44.814+0800: 5348.439: [ParNew: 160277K->2816K(176960K), 0.0185283 secs] 284144K->126702K(362900K), 0.0189360 secs] [Times: user=0.02 sys=0.00, real=0.02 secs] 
2020-03-19T10:35:50.336+0800: 5353.961: [GC (Allocation Failure) 2020-03-19T10:35:50.336+0800: 5353.961: [ParNew: 160128K->3469K(176960K), 0.0181697 secs] 284014K->127374K(362900K), 0.0185713 secs] [Times: user=0.03 sys=0.01, real=0.02 secs] 
2020-03-19T10:35:56.780+0800: 5360.404: [GC (Allocation Failure) 2020-03-19T10:35:56.780+0800: 5360.405: [ParNew: 160781K->2537K(176960K), 0.0133838 secs] 284686K->126461K(362900K), 0.0137750 secs] [Times: user=0.02 sys=0.00, real=0.01 secs] 
2020-03-19T10:36:01.045+0800: 5364.670: [GC (Allocation Failure) 2020-03-19T10:36:01.046+0800: 5364.670: [ParNew: 159849K->3516K(176960K), 0.0316557 secs] 283773K->127466K(362900K), 0.0323115 secs] [Times: user=0.03 sys=0.00, real=0.03 secs] 
2020-03-19T10:36:06.575+0800: 5370.199: [GC (Allocation Failure) 2020-03-19T10:36:06.575+0800: 5370.200: [ParNew: 160828K->3334K(176960K), 0.0174402 secs] 284778K->127308K(362900K), 0.0178860 secs] [Times: user=0.03 sys=0.00, real=0.02 secs] 
2020-03-19T10:36:13.676+0800: 5377.301: [GC (Allocation Failure) 2020-03-19T10:36:13.677+0800: 5377.301: [ParNew: 160646K->2580K(176960K), 0.0184906 secs] 284620K->126573K(362900K), 0.0190341 secs] [Times: user=0.03 sys=0.00, real=0.02 secs] 
2020-03-19T10:36:15.591+0800: 5379.216: [GC (Allocation Failure) 2020-03-19T10:36:15.591+0800: 5379.216: [ParNew: 159892K->2804K(176960K), 0.0277130 secs] 283885K->126814K(362900K), 0.0281218 secs] [Times: user=0.02 sys=0.01, real=0.03 secs] 
2020-03-19T10:36:21.039+0800: 5384.664: [GC (Allocation Failure) 2020-03-19T10:36:21.040+0800: 5384.664: [ParNew: 160116K->2859K(176960K), 0.0149951 secs] 284126K->126883K(362900K), 0.0153994 secs] [Times: user=0.03 sys=0.00, real=0.01 secs] 
2020-03-19T10:36:25.884+0800: 5389.508: [GC (Allocation Failure) 2020-03-19T10:36:25.884+0800: 5389.508: [ParNew: 160171K->3795K(176960K), 0.0161888 secs] 284195K->127837K(362900K), 0.0166508 secs] [Times: user=0.03 sys=0.00, real=0.02 secs] 
2020-03-19T10:36:30.365+0800: 5393.990: [GC (Allocation Failure) 2020-03-19T10:36:30.365+0800: 5393.990: [ParNew: 161107K->3373K(176960K), 0.0135140 secs] 285149K->127435K(362900K), 0.0138977 secs] [Times: user=0.02 sys=0.00, real=0.02 secs] 
2020-03-19T10:36:35.714+0800: 5399.339: [GC (Allocation Failure) 2020-03-19T10:36:35.714+0800: 5399.339: [ParNew: 160685K->2505K(176960K), 0.0192073 secs] 284747K->126581K(362900K), 0.0196433 secs] [Times: user=0.02 sys=0.00, real=0.02 secs] 
2020-03-19T10:36:42.666+0800: 5406.291: [GC (Allocation Failure) 2020-03-19T10:36:42.667+0800: 5406.291: [ParNew: 159817K->2639K(176960K), 0.0153060 secs] 283893K->126740K(362900K), 0.0157030 secs] [Times: user=0.02 sys=0.00, real=0.01 secs] 
2020-03-19T10:36:46.828+0800: 5410.453: [GC (Allocation Failure) 2020-03-19T10:36:46.829+0800: 5410.453: [ParNew: 159951K->2736K(176960K), 0.0199437 secs] 284052K->126859K(362900K), 0.0203272 secs] [Times: user=0.02 sys=0.00, real=0.02 secs] 
2020-03-19T10:36:53.509+0800: 5417.133: [GC (Allocation Failure) 2020-03-19T10:36:53.509+0800: 5417.134: [ParNew: 160048K->2863K(176960K), 0.0286852 secs] 284171K->127007K(362900K), 0.0290777 secs] [Times: user=0.03 sys=0.00, real=0.02 secs] 
2020-03-19T10:36:59.800+0800: 5423.424: [GC (Allocation Failure) 2020-03-19T10:36:59.800+0800: 5423.424: [ParNew: 160175K->2872K(176960K), 0.0308484 secs] 284319K->127037K(362900K), 0.0312964 secs] [Times: user=0.04 sys=0.00, real=0.03 secs] 
2020-03-19T10:37:04.150+0800: 5427.775: [GC (Allocation Failure) 2020-03-19T10:37:04.150+0800: 5427.775: [ParNew: 160184K->3270K(176960K), 0.0210214 secs] 284349K->127460K(362900K), 0.0214300 secs] [Times: user=0.02 sys=0.00, real=0.02 secs] 
2020-03-19T10:37:06.575+0800: 5430.200: [GC (Allocation Failure) 2020-03-19T10:37:06.575+0800: 5430.200: [ParNew: 160582K->2482K(176960K), 0.0188721 secs] 284772K->126699K(362900K), 0.0192387 secs] [Times: user=0.02 sys=0.00, real=0.02 secs] 
2020-03-19T10:37:13.677+0800: 5437.301: [GC (Allocation Failure) 2020-03-19T10:37:13.677+0800: 5437.302: [ParNew: 159794K->2606K(176960K), 0.0197142 secs] 284011K->126843K(362900K), 0.0201568 secs] [Times: user=0.03 sys=0.00, real=0.02 secs] 
2020-03-19T10:37:17.636+0800: 5441.260: [GC (Allocation Failure) 2020-03-19T10:37:17.636+0800: 5441.260: [ParNew: 159918K->2707K(176960K), 0.0166410 secs] 284155K->126958K(362900K), 0.0170508 secs] [Times: user=0.03 sys=0.00, real=0.02 secs] 
2020-03-19T10:37:24.854+0800: 5448.479: [GC (Allocation Failure) 2020-03-19T10:37:24.855+0800: 5448.479: [ParNew: 160019K->2835K(176960K), 0.0147663 secs] 284270K->127104K(362900K), 0.0151132 secs] [Times: user=0.03 sys=0.01, real=0.02 secs] 
2020-03-19T10:37:30.775+0800: 5454.400: [GC (Allocation Failure) 2020-03-19T10:37:30.775+0800: 5454.400: [ParNew: 160147K->2854K(176960K), 0.0150720 secs] 284416K->127149K(362900K), 0.0155172 secs] [Times: user=0.02 sys=0.00, real=0.02 secs] 
2020-03-19T10:37:33.683+0800: 5457.307: [GC (Allocation Failure) 2020-03-19T10:37:33.683+0800: 5457.308: [ParNew: 160166K->3603K(176960K), 0.0166059 secs] 284461K->127910K(362900K), 0.0170467 secs] [Times: user=0.04 sys=0.00, real=0.02 secs] 
2020-03-19T10:37:39.387+0800: 5463.011: [GC (Allocation Failure) 2020-03-19T10:37:39.387+0800: 5463.011: [ParNew: 160915K->2642K(176960K), 0.0156974 secs] 285222K->126969K(362900K), 0.0161073 secs] [Times: user=0.02 sys=0.00, real=0.01 secs] 
2020-03-19T10:37:45.136+0800: 5468.761: [GC (Allocation Failure) 2020-03-19T10:37:45.137+0800: 5468.761: [ParNew: 159954K->3439K(176960K), 0.0230566 secs] 284281K->127781K(362900K), 0.0235106 secs] [Times: user=0.02 sys=0.00, real=0.03 secs] 
2020-03-19T10:37:51.010+0800: 5474.635: [GC (Allocation Failure) 2020-03-19T10:37:51.010+0800: 5474.635: [ParNew: 160751K->2305K(176960K), 0.0143566 secs] 285093K->126665K(362900K), 0.0147157 secs] [Times: user=0.03 sys=0.00, real=0.01 secs] 
2020-03-19T10:37:57.111+0800: 5480.736: [GC (Allocation Failure) 2020-03-19T10:37:57.111+0800: 5480.736: [ParNew: 159617K->2955K(176960K), 0.0136677 secs] 283977K->127332K(362900K), 0.0140011 secs] [Times: user=0.02 sys=0.00, real=0.01 secs] 
2020-03-19T10:38:01.175+0800: 5484.800: [GC (Allocation Failure) 2020-03-19T10:38:01.176+0800: 5484.800: [ParNew: 160267K->2935K(176960K), 0.0182966 secs] 284644K->127334K(362900K), 0.0186478 secs] [Times: user=0.02 sys=0.00, real=0.02 secs] 
2020-03-19T10:38:06.784+0800: 5490.408: [GC (Allocation Failure) 2020-03-19T10:38:06.784+0800: 5490.409: [ParNew: 160247K->2290K(176960K), 0.0144902 secs] 284646K->126709K(362900K), 0.0148579 secs] [Times: user=0.03 sys=0.00, real=0.02 secs] 
2020-03-19T10:38:13.658+0800: 5497.283: [GC (Allocation Failure) 2020-03-19T10:38:13.658+0800: 5497.283: [ParNew: 159602K->3054K(176960K), 0.0191246 secs] 284021K->127498K(362900K), 0.0195390 secs] [Times: user=0.02 sys=0.01, real=0.02 secs] 
2020-03-19T10:38:16.575+0800: 5500.200: [GC (Allocation Failure) 2020-03-19T10:38:16.576+0800: 5500.200: [ParNew: 160366K->2870K(176960K), 0.0153704 secs] 284810K->127336K(362900K), 0.0157774 secs] [Times: user=0.02 sys=0.00, real=0.02 secs] 
2020-03-19T10:38:23.510+0800: 5507.134: [GC (Allocation Failure) 2020-03-19T10:38:23.510+0800: 5507.135: [ParNew: 160182K->3883K(176960K), 0.0742545 secs] 284648K->128362K(362900K), 0.0747075 secs] [Times: user=0.10 sys=0.00, real=0.07 secs] 
2020-03-19T10:38:26.772+0800: 5510.396: [GC (Allocation Failure) 2020-03-19T10:38:26.772+0800: 5510.396: [ParNew: 161195K->2627K(176960K), 0.0174873 secs] 285674K->127114K(362900K), 0.0178223 secs] [Times: user=0.03 sys=0.00, real=0.02 secs] 
2020-03-19T10:38:31.831+0800: 5515.456: [GC (Allocation Failure) 2020-03-19T10:38:31.832+0800: 5515.456: [ParNew: 159939K->2713K(176960K), 0.0199496 secs] 284426K->127226K(362900K), 0.0205434 secs] [Times: user=0.03 sys=0.00, real=0.02 secs] 
2020-03-19T10:38:36.297+0800: 5519.922: [GC (Allocation Failure) 2020-03-19T10:38:36.297+0800: 5519.922: [ParNew: 160025K->2813K(176960K), 0.0156414 secs] 284538K->127347K(362900K), 0.0160851 secs] [Times: user=0.03 sys=0.00, real=0.02 secs] 
2020-03-19T10:38:41.461+0800: 5525.086: [GC (Allocation Failure) 2020-03-19T10:38:41.463+0800: 5525.087: [ParNew: 160125K->3347K(176960K), 0.0203223 secs] 284659K->127905K(362900K), 0.0215201 secs] [Times: user=0.03 sys=0.00, real=0.02 secs] 
2020-03-19T10:38:45.800+0800: 5529.424: [GC (Allocation Failure) 2020-03-19T10:38:45.800+0800: 5529.425: [ParNew: 160659K->3134K(176960K), 0.0255355 secs] 285217K->127713K(362900K), 0.0259754 secs] [Times: user=0.04 sys=0.00, real=0.02 secs] 
2020-03-19T10:38:52.637+0800: 5536.261: [GC (Allocation Failure) 2020-03-19T10:38:52.637+0800: 5536.261: [ParNew: 160446K->3254K(176960K), 0.0240311 secs] 285025K->127866K(362900K), 0.0244462 secs] [Times: user=0.02 sys=0.00, real=0.03 secs] 
2020-03-19T10:38:59.141+0800: 5542.766: [GC (Allocation Failure) 2020-03-19T10:38:59.142+0800: 5542.766: [ParNew: 160566K->2558K(176960K), 0.0137055 secs] 285178K->127189K(362900K), 0.0140948 secs] [Times: user=0.02 sys=0.00, real=0.01 secs] 
2020-03-19T10:39:03.225+0800: 5546.850: [GC (Allocation Failure) 2020-03-19T10:39:03.226+0800: 5546.850: [ParNew: 159870K->2587K(176960K), 0.0165845 secs] 284501K->127244K(362900K), 0.0169085 secs] [Times: user=0.03 sys=0.00, real=0.02 secs] 
2020-03-19T10:39:05.886+0800: 5549.511: [GC (Allocation Failure) 2020-03-19T10:39:05.887+0800: 5549.511: [ParNew: 159899K->2757K(176960K), 0.0141224 secs] 284556K->127441K(362900K), 0.0144628 secs] [Times: user=0.03 sys=0.00, real=0.01 secs] 
2020-03-19T10:39:12.640+0800: 5556.264: [GC (Allocation Failure) 2020-03-19T10:39:12.640+0800: 5556.264: [ParNew: 160069K->3492K(176960K), 0.0220691 secs] 284753K->128197K(362900K), 0.0225728 secs] [Times: user=0.02 sys=0.00, real=0.02 secs] 
2020-03-19T10:39:16.580+0800: 5560.204: [GC (Allocation Failure) 2020-03-19T10:39:16.580+0800: 5560.205: [ParNew: 160804K->2541K(176960K), 0.0135199 secs] 285509K->127269K(362900K), 0.0138569 secs] [Times: user=0.02 sys=0.00, real=0.01 secs] 
2020-03-19T10:39:23.777+0800: 5567.402: [GC (Allocation Failure) 2020-03-19T10:39:23.778+0800: 5567.402: [ParNew: 159853K->2668K(176960K), 0.0243216 secs] 284581K->127415K(362900K), 0.0247353 secs] [Times: user=0.02 sys=0.00, real=0.03 secs] 
2020-03-19T10:39:29.921+0800: 5573.545: [GC (Allocation Failure) 2020-03-19T10:39:29.921+0800: 5573.545: [ParNew: 159980K->2825K(176960K), 0.0209707 secs] 284727K->127595K(362900K), 0.0213408 secs] [Times: user=0.03 sys=0.00, real=0.02 secs] 
2020-03-19T10:39:35.815+0800: 5579.439: [GC (Allocation Failure) 2020-03-19T10:39:35.815+0800: 5579.439: [ParNew: 160137K->3379K(176960K), 0.0266061 secs] 284907K->128169K(362900K), 0.0269937 secs] [Times: user=0.03 sys=0.00, real=0.03 secs] 
2020-03-19T10:39:42.675+0800: 5586.299: [GC (Allocation Failure) 2020-03-19T10:39:42.675+0800: 5586.299: [ParNew: 160691K->2194K(176960K), 0.0247933 secs] 285481K->127007K(362900K), 0.0251475 secs] [Times: user=0.02 sys=0.00, real=0.03 secs] 
2020-03-19T10:39:46.845+0800: 5590.469: [GC (Allocation Failure) 2020-03-19T10:39:46.845+0800: 5590.470: [ParNew: 159506K->2898K(176960K), 0.0155727 secs] 284319K->127723K(362900K), 0.0159614 secs] [Times: user=0.03 sys=0.00, real=0.02 secs] 
2020-03-19T10:39:53.656+0800: 5597.281: [GC (Allocation Failure) 2020-03-19T10:39:53.657+0800: 5597.281: [ParNew: 160210K->2924K(176960K), 0.0158394 secs] 285035K->127767K(362900K), 0.0162133 secs] [Times: user=0.03 sys=0.00, real=0.02 secs] 
2020-03-19T10:39:59.816+0800: 5603.440: [GC (Allocation Failure) 2020-03-19T10:39:59.816+0800: 5603.440: [ParNew: 160236K->2913K(176960K), 0.0180534 secs] 285079K->127772K(362900K), 0.0184538 secs] [Times: user=0.03 sys=0.00, real=0.02 secs] 
2020-03-19T10:40:04.406+0800: 5608.031: [GC (Allocation Failure) 2020-03-19T10:40:04.406+0800: 5608.031: [ParNew: 160225K->2283K(176960K), 0.0133068 secs] 285084K->127170K(362900K), 0.0137537 secs] [Times: user=0.03 sys=0.00, real=0.01 secs] 
2020-03-19T10:40:10.336+0800: 5613.961: [GC (Allocation Failure) 2020-03-19T10:40:10.336+0800: 5613.961: [ParNew: 159595K->3042K(176960K), 0.0137452 secs] 284482K->127949K(362900K), 0.0141309 secs] [Times: user=0.03 sys=0.00, real=0.02 secs] 
2020-03-19T10:40:15.432+0800: 5619.057: [GC (Allocation Failure) 2020-03-19T10:40:15.432+0800: 5619.057: [ParNew: 160349K->2862K(176960K), 0.0136726 secs] 285257K->127795K(362900K), 0.0140623 secs] [Times: user=0.03 sys=0.00, real=0.02 secs] 
2020-03-19T10:40:21.770+0800: 5625.395: [GC (Allocation Failure) 2020-03-19T10:40:21.771+0800: 5625.395: [ParNew: 160174K->2911K(176960K), 0.0218116 secs] 285107K->127865K(362900K), 0.0222287 secs] [Times: user=0.03 sys=0.00, real=0.02 secs] 
2020-03-19T10:40:28.685+0800: 5632.310: [GC (Allocation Failure) 2020-03-19T10:40:28.686+0800: 5632.310: [ParNew: 160223K->2898K(176960K), 0.0272359 secs] 285177K->127869K(362900K), 0.0276734 secs] [Times: user=0.02 sys=0.00, real=0.03 secs] 
2020-03-19T10:40:33.975+0800: 5637.599: [GC (Allocation Failure) 2020-03-19T10:40:33.975+0800: 5637.599: [ParNew: 160210K->2839K(176960K), 0.0237896 secs] 285181K->127834K(362900K), 0.0242109 secs] [Times: user=0.02 sys=0.00, real=0.03 secs] 
2020-03-19T10:40:40.298+0800: 5643.923: [GC (Allocation Failure) 2020-03-19T10:40:40.299+0800: 5643.923: [ParNew: 160151K->2894K(176960K), 0.0182726 secs] 285146K->127923K(362900K), 0.0189087 secs] [Times: user=0.03 sys=0.00, real=0.02 secs] 
2020-03-19T10:40:45.653+0800: 5649.278: [GC (Allocation Failure) 2020-03-19T10:40:45.653+0800: 5649.278: [ParNew: 160206K->2805K(176960K), 0.0254561 secs] 285235K->127855K(362900K), 0.0259401 secs] [Times: user=0.03 sys=0.00, real=0.03 secs] 
2020-03-19T10:40:51.427+0800: 5655.052: [GC (Allocation Failure) 2020-03-19T10:40:51.427+0800: 5655.052: [ParNew: 160117K->2890K(176960K), 0.0174093 secs] 285167K->127964K(362900K), 0.0178384 secs] [Times: user=0.03 sys=0.00, real=0.01 secs] 
2020-03-19T10:40:57.323+0800: 5660.948: [GC (Allocation Failure) 2020-03-19T10:40:57.323+0800: 5660.948: [ParNew: 160202K->2863K(176960K), 0.0136456 secs] 285276K->127959K(362900K), 0.0140270 secs] [Times: user=0.03 sys=0.00, real=0.01 secs] 
2020-03-19T10:41:00.030+0800: 5663.655: [GC (Allocation Failure) 2020-03-19T10:41:00.031+0800: 5663.655: [ParNew: 160175K->3832K(176960K), 0.0348756 secs] 285271K->128950K(362900K), 0.0353434 secs] [Times: user=0.03 sys=0.00, real=0.03 secs] 
2020-03-19T10:41:04.963+0800: 5668.587: [GC (Allocation Failure) 2020-03-19T10:41:04.963+0800: 5668.588: [ParNew: 161144K->3724K(176960K), 0.0235473 secs] 286262K->128865K(362900K), 0.0239598 secs] [Times: user=0.03 sys=0.00, real=0.03 secs] 
2020-03-19T10:41:11.143+0800: 5674.767: [GC (Allocation Failure) 2020-03-19T10:41:11.143+0800: 5674.768: [ParNew: 161036K->2724K(176960K), 0.0210943 secs] 286177K->127886K(362900K), 0.0214533 secs] [Times: user=0.02 sys=0.01, real=0.02 secs] 
2020-03-19T10:41:15.762+0800: 5679.387: [GC (Allocation Failure) 2020-03-19T10:41:15.762+0800: 5679.387: [ParNew: 160036K->2617K(176960K), 0.0157770 secs] 285198K->127806K(362900K), 0.0161602 secs] [Times: user=0.02 sys=0.00, real=0.02 secs] 
2020-03-19T10:41:22.631+0800: 5686.256: [GC (Allocation Failure) 2020-03-19T10:41:22.632+0800: 5686.256: [ParNew: 159929K->2209K(176960K), 0.0144976 secs] 285118K->127420K(362900K), 0.0148981 secs] [Times: user=0.03 sys=0.00, real=0.02 secs] 
2020-03-19T10:41:29.340+0800: 5692.964: [GC (Allocation Failure) 2020-03-19T10:41:29.340+0800: 5692.965: [ParNew: 159521K->2990K(176960K), 0.0134264 secs] 284732K->128215K(362900K), 0.0138183 secs] [Times: user=0.02 sys=0.00, real=0.01 secs] 
2020-03-19T10:41:33.938+0800: 5697.562: [GC (Allocation Failure) 2020-03-19T10:41:33.938+0800: 5697.562: [ParNew: 160302K->2851K(176960K), 0.0138979 secs] 285527K->128097K(362900K), 0.0142905 secs] [Times: user=0.03 sys=0.00, real=0.02 secs] 
2020-03-19T10:41:39.969+0800: 5703.593: [GC (Allocation Failure) 2020-03-19T10:41:39.969+0800: 5703.594: [ParNew: 160163K->2905K(176960K), 0.0224329 secs] 285409K->128175K(362900K), 0.0231223 secs] [Times: user=0.02 sys=0.00, real=0.02 secs] 
2020-03-19T10:41:45.336+0800: 5708.961: [GC (Allocation Failure) 2020-03-19T10:41:45.336+0800: 5708.961: [ParNew: 160217K->2825K(176960K), 0.0138710 secs] 285487K->128119K(362900K), 0.0142325 secs] [Times: user=0.03 sys=0.00, real=0.02 secs] 
2020-03-19T10:41:50.967+0800: 5714.591: [GC (Allocation Failure) 2020-03-19T10:41:50.967+0800: 5714.592: [ParNew: 160137K->2909K(176960K), 0.0143173 secs] 285431K->128226K(362900K), 0.0147007 secs] [Times: user=0.03 sys=0.00, real=0.01 secs] 
2020-03-19T10:41:56.848+0800: 5720.473: [GC (Allocation Failure) 2020-03-19T10:41:56.849+0800: 5720.473: [ParNew: 160221K->2934K(176960K), 0.0146532 secs] 285538K->128270K(362900K), 0.0150809 secs] [Times: user=0.02 sys=0.00, real=0.01 secs] 
2020-03-19T10:42:01.169+0800: 5724.793: [GC (Allocation Failure) 2020-03-19T10:42:01.169+0800: 5724.793: [ParNew: 160246K->3870K(176960K), 0.0397241 secs] 285582K->129227K(362900K), 0.0403631 secs] [Times: user=0.03 sys=0.00, real=0.04 secs] 
2020-03-19T10:42:06.784+0800: 5730.409: [GC (Allocation Failure) 2020-03-19T10:42:06.784+0800: 5730.409: [ParNew: 161182K->3418K(176960K), 0.0167127 secs] 286539K->128799K(362900K), 0.0171436 secs] [Times: user=0.02 sys=0.00, real=0.02 secs] 
2020-03-19T10:42:13.763+0800: 5737.388: [GC (Allocation Failure) 2020-03-19T10:42:13.764+0800: 5737.388: [ParNew: 160730K->2616K(176960K), 0.0175492 secs] 286111K->128018K(362900K), 0.0180564 secs] [Times: user=0.03 sys=0.00, real=0.02 secs] 
2020-03-19T10:42:17.890+0800: 5741.514: [GC (Allocation Failure) 2020-03-19T10:42:17.890+0800: 5741.515: [ParNew: 159928K->2590K(176960K), 0.0268927 secs] 285330K->128013K(362900K), 0.0274272 secs] [Times: user=0.03 sys=0.00, real=0.02 secs] 
2020-03-19T10:42:25.052+0800: 5748.677: [GC (Allocation Failure) 2020-03-19T10:42:25.052+0800: 5748.677: [ParNew: 159902K->2828K(176960K), 0.0212264 secs] 285325K->128275K(362900K), 0.0216432 secs] [Times: user=0.02 sys=0.00, real=0.02 secs] 
2020-03-19T10:42:30.770+0800: 5754.394: [GC (Allocation Failure) 2020-03-19T10:42:30.770+0800: 5754.394: [ParNew: 160140K->2882K(176960K), 0.0185233 secs] 285587K->128344K(362900K), 0.0189431 secs] [Times: user=0.03 sys=0.00, real=0.02 secs] 
2020-03-19T10:42:35.942+0800: 5759.567: [GC (Allocation Failure) 2020-03-19T10:42:35.942+0800: 5759.567: [ParNew: 160194K->2256K(176960K), 0.0151635 secs] 285656K->127739K(362900K), 0.0156133 secs] [Times: user=0.03 sys=0.00, real=0.01 secs] 
2020-03-19T10:42:43.626+0800: 5767.250: [GC (Allocation Failure) 2020-03-19T10:42:43.626+0800: 5767.251: [ParNew: 159562K->3037K(176960K), 0.0286244 secs] 285045K->128539K(362900K), 0.0292854 secs] [Times: user=0.03 sys=0.00, real=0.03 secs] 
2020-03-19T10:42:47.677+0800: 5771.302: [GC (Allocation Failure) 2020-03-19T10:42:47.677+0800: 5771.302: [ParNew: 160349K->2865K(176960K), 0.0211111 secs] 285851K->128391K(362900K), 0.0215185 secs] [Times: user=0.03 sys=0.00, real=0.03 secs] 
2020-03-19T10:42:54.235+0800: 5777.860: [GC (Allocation Failure) 2020-03-19T10:42:54.235+0800: 5777.860: [ParNew: 160177K->2914K(176960K), 0.0142157 secs] 285703K->128464K(362900K), 0.0146343 secs] [Times: user=0.03 sys=0.00, real=0.02 secs] 
2020-03-19T10:43:00.054+0800: 5783.679: [GC (Allocation Failure) 2020-03-19T10:43:00.055+0800: 5783.679: [ParNew: 160226K->2911K(176960K), 0.0223339 secs] 285776K->128479K(362900K), 0.0230091 secs] [Times: user=0.03 sys=0.00, real=0.02 secs] 
2020-03-19T10:43:05.208+0800: 5788.833: [GC (Allocation Failure) 2020-03-19T10:43:05.209+0800: 5788.833: [ParNew: 160223K->2284K(176960K), 0.0323448 secs] 285791K->127874K(362900K), 0.0329225 secs] [Times: user=0.04 sys=0.00, real=0.03 secs] 
2020-03-19T10:43:11.094+0800: 5794.719: [GC (Allocation Failure) 2020-03-19T10:43:11.094+0800: 5794.719: [ParNew: 159596K->3046K(176960K), 0.0182663 secs] 285186K->128660K(362900K), 0.0186190 secs] [Times: user=0.02 sys=0.01, real=0.02 secs] 
2020-03-19T10:43:15.743+0800: 5799.367: [GC (Allocation Failure) 2020-03-19T10:43:15.743+0800: 5799.367: [ParNew: 160358K->2863K(176960K), 0.0172019 secs] 285972K->128501K(362900K), 0.0176173 secs] [Times: user=0.03 sys=0.00, real=0.02 secs] 
2020-03-19T10:43:22.000+0800: 5805.625: [GC (Allocation Failure) 2020-03-19T10:43:22.000+0800: 5805.625: [ParNew: 160175K->3048K(176960K), 0.0141898 secs] 285813K->128706K(362900K), 0.0145542 secs] [Times: user=0.03 sys=0.00, real=0.01 secs] 
2020-03-19T10:43:29.274+0800: 5812.899: [GC (Allocation Failure) 2020-03-19T10:43:29.274+0800: 5812.899: [ParNew: 160360K->2933K(176960K), 0.0143319 secs] 286018K->128607K(362900K), 0.0146684 secs] [Times: user=0.03 sys=0.00, real=0.02 secs] 
2020-03-19T10:43:34.457+0800: 5818.081: [GC (Allocation Failure) 2020-03-19T10:43:34.457+0800: 5818.081: [ParNew: 160245K->2835K(176960K), 0.0212392 secs] 285919K->128526K(362900K), 0.0216481 secs] [Times: user=0.03 sys=0.00, real=0.03 secs] 
2020-03-19T10:43:41.041+0800: 5824.666: [GC (Allocation Failure) 2020-03-19T10:43:41.042+0800: 5824.666: [ParNew: 160147K->2911K(176960K), 0.0288142 secs] 285838K->128629K(362900K), 0.0293717 secs] [Times: user=0.03 sys=0.00, real=0.03 secs] 
2020-03-19T10:43:45.769+0800: 5829.394: [GC (Allocation Failure) 2020-03-19T10:43:45.769+0800: 5829.394: [ParNew: 160223K->2828K(176960K), 0.0213147 secs] 285941K->128566K(362900K), 0.0217510 secs] [Times: user=0.03 sys=0.01, real=0.02 secs] 
2020-03-19T10:43:52.125+0800: 5835.749: [GC (Allocation Failure) 2020-03-19T10:43:52.125+0800: 5835.750: [ParNew: 160140K->3330K(176960K), 0.0228100 secs] 285878K->129092K(362900K), 0.0232640 secs] [Times: user=0.03 sys=0.00, real=0.03 secs] 
2020-03-19T10:43:58.891+0800: 5842.516: [GC (Allocation Failure) 2020-03-19T10:43:58.892+0800: 5842.516: [ParNew: 160642K->2578K(176960K), 0.0173649 secs] 286404K->128364K(362900K), 0.0177997 secs] [Times: user=0.03 sys=0.00, real=0.02 secs] 
2020-03-19T10:44:03.138+0800: 5846.762: [GC (Allocation Failure) 2020-03-19T10:44:03.138+0800: 5846.763: [ParNew: 159890K->2591K(176960K), 0.0245961 secs] 285676K->128394K(362900K), 0.0250044 secs] [Times: user=0.03 sys=0.00, real=0.03 secs] 
2020-03-19T10:44:08.685+0800: 5852.310: [GC (Allocation Failure) 2020-03-19T10:44:08.685+0800: 5852.310: [ParNew: 159903K->2834K(176960K), 0.0134110 secs] 285706K->128663K(362900K), 0.0137940 secs] [Times: user=0.03 sys=0.00, real=0.02 secs] 
2020-03-19T10:44:14.805+0800: 5858.429: [GC (Allocation Failure) 2020-03-19T10:44:14.805+0800: 5858.430: [ParNew: 160146K->2823K(176960K), 0.0158276 secs] 285975K->128672K(362900K), 0.0161901 secs] [Times: user=0.03 sys=0.00, real=0.02 secs] 
2020-03-19T10:44:19.928+0800: 5863.552: [GC (Allocation Failure) 2020-03-19T10:44:19.937+0800: 5863.561: [ParNew: 160135K->3442K(176960K), 0.0309709 secs] 285984K->129315K(362900K), 0.0403672 secs] [Times: user=0.03 sys=0.01, real=0.04 secs] 
2020-03-19T10:44:26.853+0800: 5870.478: [GC (Allocation Failure) 2020-03-19T10:44:26.854+0800: 5870.478: [ParNew: 160754K->2547K(176960K), 0.0181844 secs] 286627K->128440K(362900K), 0.0186154 secs] [Times: user=0.02 sys=0.00, real=0.02 secs] 
2020-03-19T10:44:32.890+0800: 5876.515: [GC (Allocation Failure) 2020-03-19T10:44:32.890+0800: 5876.515: [ParNew: 159859K->2667K(176960K), 0.0201628 secs] 285752K->128578K(362900K), 0.0205674 secs] [Times: user=0.02 sys=0.00, real=0.02 secs] 
2020-03-19T10:44:38.683+0800: 5882.307: [GC (Allocation Failure) 2020-03-19T10:44:38.683+0800: 5882.308: [ParNew: 159979K->2845K(176960K), 0.0225675 secs] 285890K->128786K(362900K), 0.0229173 secs] [Times: user=0.02 sys=0.00, real=0.02 secs] 
2020-03-19T10:44:44.807+0800: 5888.432: [GC (Allocation Failure) 2020-03-19T10:44:44.808+0800: 5888.432: [ParNew: 160157K->3743K(176960K), 0.0156001 secs] 286098K->129713K(362900K), 0.0160079 secs] [Times: user=0.02 sys=0.00, real=0.01 secs] 
2020-03-19T10:44:50.083+0800: 5893.708: [GC (Allocation Failure) 2020-03-19T10:44:50.083+0800: 5893.708: [ParNew: 161055K->2337K(176960K), 0.0159977 secs] 287025K->128331K(362900K), 0.0164006 secs] [Times: user=0.03 sys=0.00, real=0.02 secs] 
2020-03-19T10:44:56.554+0800: 5900.178: [GC (Allocation Failure) 2020-03-19T10:44:56.554+0800: 5900.178: [ParNew: 159649K->2951K(176960K), 0.0211235 secs] 285643K->128969K(362900K), 0.0215314 secs] [Times: user=0.03 sys=0.00, real=0.02 secs] 
2020-03-19T10:45:00.845+0800: 5904.470: [GC (Allocation Failure) 2020-03-19T10:45:00.846+0800: 5904.470: [ParNew: 160263K->2909K(176960K), 0.0209312 secs] 286281K->128945K(362900K), 0.0214021 secs] [Times: user=0.04 sys=0.00, real=0.03 secs] 
2020-03-19T10:45:06.239+0800: 5909.864: [GC (Allocation Failure) 2020-03-19T10:45:06.240+0800: 5909.864: [ParNew: 160221K->2264K(176960K), 0.0247237 secs] 286257K->128323K(362900K), 0.0251193 secs] [Times: user=0.03 sys=0.00, real=0.02 secs] 
2020-03-19T10:45:13.656+0800: 5917.281: [GC (Allocation Failure) 2020-03-19T10:45:13.656+0800: 5917.281: [ParNew: 159576K->3012K(176960K), 0.0188152 secs] 285635K->129093K(362900K), 0.0192308 secs] [Times: user=0.03 sys=0.00, real=0.02 secs] 
2020-03-19T10:45:17.635+0800: 5921.260: [GC (Allocation Failure) 2020-03-19T10:45:17.635+0800: 5921.260: [ParNew: 160324K->2832K(176960K), 0.0222761 secs] 286405K->128941K(362900K), 0.0227599 secs] [Times: user=0.02 sys=0.00, real=0.03 secs] 
2020-03-19T10:45:24.912+0800: 5928.536: [GC (Allocation Failure) 2020-03-19T10:45:24.912+0800: 5928.536: [ParNew: 160144K->2872K(176960K), 0.0221526 secs] 286253K->129002K(362900K), 0.0226189 secs] [Times: user=0.02 sys=0.01, real=0.02 secs] 
2020-03-19T10:45:30.771+0800: 5934.395: [GC (Allocation Failure) 2020-03-19T10:45:30.771+0800: 5934.396: [ParNew: 160184K->2867K(176960K), 0.0153332 secs] 286314K->129011K(362900K), 0.0157630 secs] [Times: user=0.03 sys=0.00, real=0.02 secs] 
2020-03-19T10:45:36.155+0800: 5939.779: [GC (Allocation Failure) 2020-03-19T10:45:36.155+0800: 5939.780: [ParNew: 160179K->3385K(176960K), 0.0269216 secs] 286323K->129547K(362900K), 0.0274292 secs] [Times: user=0.04 sys=0.00, real=0.03 secs] 
2020-03-19T10:45:43.686+0800: 5947.311: [GC (Allocation Failure) 2020-03-19T10:45:43.686+0800: 5947.311: [ParNew: 160697K->2601K(176960K), 0.0181772 secs] 286859K->128792K(362900K), 0.0186378 secs] [Times: user=0.02 sys=0.00, real=0.02 secs] 
2020-03-19T10:45:48.069+0800: 5951.693: [GC (Allocation Failure) 2020-03-19T10:45:48.069+0800: 5951.694: [ParNew: 159913K->3441K(176960K), 0.0173727 secs] 286104K->129654K(362900K), 0.0178123 secs] [Times: user=0.02 sys=0.00, real=0.02 secs] 
2020-03-19T10:45:54.457+0800: 5958.081: [GC (Allocation Failure) 2020-03-19T10:45:54.457+0800: 5958.081: [ParNew: 160753K->2334K(176960K), 0.0205144 secs] 286966K->128568K(362900K), 0.0208651 secs] [Times: user=0.02 sys=0.00, real=0.02 secs] 
2020-03-19T10:46:00.075+0800: 5963.700: [GC (Allocation Failure) 2020-03-19T10:46:00.075+0800: 5963.700: [ParNew: 159646K->3455K(176960K), 0.0237750 secs] 285880K->129710K(362900K), 0.0242135 secs] [Times: user=0.02 sys=0.00, real=0.03 secs] 
2020-03-19T10:46:05.350+0800: 5968.975: [GC (Allocation Failure) 2020-03-19T10:46:05.350+0800: 5968.975: [ParNew: 160767K->3326K(176960K), 0.0132252 secs] 287022K->129599K(362900K), 0.0136070 secs] [Times: user=0.03 sys=0.00, real=0.01 secs] 
2020-03-19T10:46:11.791+0800: 5975.416: [GC (Allocation Failure) 2020-03-19T10:46:11.791+0800: 5975.416: [ParNew: 160638K->2583K(176960K), 0.0149315 secs] 286911K->128882K(362900K), 0.0153759 secs] [Times: user=0.02 sys=0.00, real=0.02 secs] 
2020-03-19T10:46:15.791+0800: 5979.415: [GC (Allocation Failure) 2020-03-19T10:46:15.791+0800: 5979.415: [ParNew: 159894K->3416K(176960K), 0.0178506 secs] 286194K->129738K(362900K), 0.0182975 secs] [Times: user=0.03 sys=0.00, real=0.02 secs] 
2020-03-19T10:46:23.221+0800: 5986.845: [GC (Allocation Failure) 2020-03-19T10:46:23.221+0800: 5986.845: [ParNew: 160728K->2286K(176960K), 0.0140353 secs] 287050K->128628K(362900K), 0.0143788 secs] [Times: user=0.02 sys=0.00, real=0.01 secs] 
2020-03-19T10:46:29.791+0800: 5993.415: [GC (Allocation Failure) 2020-03-19T10:46:29.791+0800: 5993.415: [ParNew: 159598K->3001K(176960K), 0.0145151 secs] 285940K->129360K(362900K), 0.0148885 secs] [Times: user=0.02 sys=0.00, real=0.01 secs] 
2020-03-19T10:46:35.300+0800: 5998.925: [GC (Allocation Failure) 2020-03-19T10:46:35.301+0800: 5998.925: [ParNew: 160313K->2091K(176960K), 0.0220113 secs] 286672K->128467K(362900K), 0.0227140 secs] [Times: user=0.02 sys=0.00, real=0.02 secs] 
2020-03-19T10:46:41.823+0800: 6005.448: [GC (Allocation Failure) 2020-03-19T10:46:41.824+0800: 6005.448: [ParNew: 159403K->2000K(176960K), 0.0219548 secs] 285779K->128402K(362900K), 0.0223415 secs] [Times: user=0.02 sys=0.00, real=0.02 secs] 
2020-03-19T10:46:46.040+0800: 6009.665: [GC (Allocation Failure) 2020-03-19T10:46:46.040+0800: 6009.665: [ParNew: 159312K->3761K(176960K), 0.0312765 secs] 285714K->130183K(362900K), 0.0318129 secs] [Times: user=0.02 sys=0.00, real=0.03 secs] 
2020-03-19T10:46:52.880+0800: 6016.505: [GC (Allocation Failure) 2020-03-19T10:46:52.881+0800: 6016.505: [ParNew: 161073K->3469K(176960K), 0.0209023 secs] 287495K->129917K(362900K), 0.0214209 secs] [Times: user=0.02 sys=0.00, real=0.02 secs] 
2020-03-19T10:46:59.456+0800: 6023.081: [GC (Allocation Failure) 2020-03-19T10:46:59.457+0800: 6023.081: [ParNew: 160781K->2606K(176960K), 0.0153829 secs] 287229K->129077K(362900K), 0.0157817 secs] [Times: user=0.03 sys=0.00, real=0.02 secs] 
2020-03-19T10:47:03.565+0800: 6027.190: [GC (Allocation Failure) 2020-03-19T10:47:03.566+0800: 6027.190: [ParNew: 159918K->2592K(176960K), 0.0135177 secs] 286389K->129079K(362900K), 0.0139005 secs] [Times: user=0.02 sys=0.00, real=0.02 secs] 
2020-03-19T10:47:09.406+0800: 6033.031: [GC (Allocation Failure) 2020-03-19T10:47:09.406+0800: 6033.031: [ParNew: 159904K->2811K(176960K), 0.0136091 secs] 286391K->129326K(362900K), 0.0139616 secs] [Times: user=0.02 sys=0.00, real=0.01 secs] 
2020-03-19T10:47:14.929+0800: 6038.554: [GC (Allocation Failure) 2020-03-19T10:47:14.929+0800: 6038.554: [ParNew: 160123K->3690K(176960K), 0.0183343 secs] 286638K->130228K(362900K), 0.0187507 secs] [Times: user=0.03 sys=0.00, real=0.02 secs] 
2020-03-19T10:47:20.203+0800: 6043.827: [GC (Allocation Failure) 2020-03-19T10:47:20.203+0800: 6043.827: [ParNew: 161002K->2322K(176960K), 0.0317459 secs] 287540K->128885K(362900K), 0.0321978 secs] [Times: user=0.03 sys=0.00, real=0.03 secs] 
2020-03-19T10:47:27.136+0800: 6050.761: [GC (Allocation Failure) 2020-03-19T10:47:27.136+0800: 6050.761: [ParNew: 159634K->2923K(176960K), 0.0159989 secs] 286197K->129506K(362900K), 0.0163992 secs] [Times: user=0.02 sys=0.00, real=0.02 secs] 
2020-03-19T10:47:33.159+0800: 6056.784: [GC (Allocation Failure) 2020-03-19T10:47:33.161+0800: 6056.785: [ParNew: 160235K->2935K(176960K), 0.0162440 secs] 286818K->129535K(362900K), 0.0176614 secs] [Times: user=0.02 sys=0.00, real=0.01 secs] 
2020-03-19T10:47:38.225+0800: 6061.850: [GC (Allocation Failure) 2020-03-19T10:47:38.226+0800: 6061.850: [ParNew: 160247K->2815K(176960K), 0.0201868 secs] 286847K->129434K(362900K), 0.0205708 secs] [Times: user=0.02 sys=0.00, real=0.03 secs] 
2020-03-19T10:47:44.779+0800: 6068.404: [GC (Allocation Failure) 2020-03-19T10:47:44.780+0800: 6068.404: [ParNew: 160127K->3855K(176960K), 0.0157386 secs] 286746K->130493K(362900K), 0.0162240 secs] [Times: user=0.03 sys=0.00, real=0.01 secs] 
2020-03-19T10:47:49.482+0800: 6073.106: [GC (Allocation Failure) 2020-03-19T10:47:49.482+0800: 6073.107: [ParNew: 161167K->2606K(176960K), 0.0213150 secs] 287805K->129268K(362900K), 0.0216965 secs] [Times: user=0.02 sys=0.00, real=0.02 secs] 
2020-03-19T10:47:55.444+0800: 6079.069: [GC (Allocation Failure) 2020-03-19T10:47:55.444+0800: 6079.069: [ParNew: 159918K->2620K(176960K), 0.0157386 secs] 286580K->129307K(362900K), 0.0161542 secs] [Times: user=0.03 sys=0.00, real=0.02 secs] 
2020-03-19T10:48:00.339+0800: 6083.963: [GC (Allocation Failure) 2020-03-19T10:48:00.339+0800: 6083.963: [ParNew: 159932K->2951K(176960K), 0.0278291 secs] 286619K->129659K(362900K), 0.0283203 secs] [Times: user=0.03 sys=0.00, real=0.03 secs] 
2020-03-19T10:48:05.820+0800: 6089.444: [GC (Allocation Failure) 2020-03-19T10:48:05.820+0800: 6089.444: [ParNew: 160034K->4104K(176960K), 0.0246819 secs] 286741K->130831K(362900K), 0.0250766 secs] [Times: user=0.03 sys=0.00, real=0.02 secs] 
2020-03-19T10:48:12.575+0800: 6096.200: [GC (Allocation Failure) 2020-03-19T10:48:12.576+0800: 6096.200: [ParNew: 161416K->3264K(176960K), 0.0314459 secs] 288143K->130011K(362900K), 0.0320815 secs] [Times: user=0.04 sys=0.00, real=0.04 secs] 
2020-03-19T10:48:15.788+0800: 6099.413: [GC (Allocation Failure) 2020-03-19T10:48:15.788+0800: 6099.413: [ParNew: 160576K->3023K(176960K), 0.0175593 secs] 287323K->129794K(362900K), 0.0179634 secs] [Times: user=0.03 sys=0.00, real=0.02 secs] 
2020-03-19T10:48:22.572+0800: 6106.197: [GC (Allocation Failure) 2020-03-19T10:48:22.572+0800: 6106.197: [ParNew: 160335K->2444K(176960K), 0.0149893 secs] 287106K->129238K(362900K), 0.0153908 secs] [Times: user=0.03 sys=0.00, real=0.02 secs] 
2020-03-19T10:48:29.456+0800: 6113.080: [GC (Allocation Failure) 2020-03-19T10:48:29.456+0800: 6113.081: [ParNew: 159756K->2150K(176960K), 0.0154491 secs] 286550K->128957K(362900K), 0.0158263 secs] [Times: user=0.03 sys=0.00, real=0.02 secs] 
2020-03-19T10:48:34.914+0800: 6118.539: [GC (Allocation Failure) 2020-03-19T10:48:34.914+0800: 6118.539: [ParNew: 159462K->3019K(176960K), 0.0205028 secs] 286269K->129845K(362900K), 0.0209559 secs] [Times: user=0.02 sys=0.01, real=0.02 secs] 
2020-03-19T10:48:41.443+0800: 6125.068: [GC (Allocation Failure) 2020-03-19T10:48:41.444+0800: 6125.068: [ParNew: 160331K->3051K(176960K), 0.0138311 secs] 287157K->129898K(362900K), 0.0141752 secs] [Times: user=0.03 sys=0.00, real=0.01 secs] 
2020-03-19T10:48:45.782+0800: 6129.406: [GC (Allocation Failure) 2020-03-19T10:48:45.782+0800: 6129.406: [ParNew: 160363K->3958K(176960K), 0.0218947 secs] 287210K->130829K(362900K), 0.0223214 secs] [Times: user=0.03 sys=0.00, real=0.02 secs] 
2020-03-19T10:48:52.562+0800: 6136.186: [GC (Allocation Failure) 2020-03-19T10:48:52.562+0800: 6136.187: [ParNew: 161270K->2439K(176960K), 0.0145650 secs] 288141K->129332K(362900K), 0.0149439 secs] [Times: user=0.02 sys=0.00, real=0.01 secs] 
2020-03-19T10:48:58.307+0800: 6141.931: [GC (Allocation Failure) 2020-03-19T10:48:58.307+0800: 6141.932: [ParNew: 159751K->3137K(176960K), 0.0212255 secs] 286644K->130051K(362900K), 0.0216081 secs] [Times: user=0.02 sys=0.00, real=0.02 secs] 
2020-03-19T10:49:02.225+0800: 6145.849: [GC (Allocation Failure) 2020-03-19T10:49:02.225+0800: 6145.850: [ParNew: 160449K->3111K(176960K), 0.0137426 secs] 287363K->130045K(362900K), 0.0141097 secs] [Times: user=0.03 sys=0.00, real=0.02 secs] 
2020-03-19T10:49:06.894+0800: 6150.518: [GC (Allocation Failure) 2020-03-19T10:49:06.894+0800: 6150.518: [ParNew: 160423K->2997K(176960K), 0.0141176 secs] 287357K->129960K(362900K), 0.0144618 secs] [Times: user=0.03 sys=0.00, real=0.02 secs] 
2020-03-19T10:49:13.481+0800: 6157.105: [GC (Allocation Failure) 2020-03-19T10:49:13.481+0800: 6157.106: [ParNew: 160302K->3526K(176960K), 0.0271683 secs] 287265K->130516K(362900K), 0.0275730 secs] [Times: user=0.04 sys=0.00, real=0.03 secs] 
2020-03-19T10:49:16.891+0800: 6160.515: [GC (Allocation Failure) 2020-03-19T10:49:16.891+0800: 6160.516: [ParNew: 160838K->2406K(176960K), 0.0207888 secs] 287828K->129500K(362900K), 0.0212870 secs] [Times: user=0.02 sys=0.00, real=0.02 secs] 
2020-03-19T10:49:23.683+0800: 6167.308: [GC (Allocation Failure) 2020-03-19T10:49:23.683+0800: 6167.308: [ParNew: 159718K->3575K(176960K), 0.0147412 secs] 286812K->130685K(362900K), 0.0151836 secs] [Times: user=0.03 sys=0.00, real=0.02 secs] 
2020-03-19T10:49:29.923+0800: 6173.547: [GC (Allocation Failure) 2020-03-19T10:49:29.923+0800: 6173.548: [ParNew: 160887K->4722K(176960K), 0.0260667 secs] 287997K->131850K(362900K), 0.0264509 secs] [Times: user=0.02 sys=0.00, real=0.03 secs] 
2020-03-19T10:49:35.725+0800: 6179.350: [GC (Allocation Failure) 2020-03-19T10:49:35.725+0800: 6179.350: [ParNew: 162034K->2737K(176960K), 0.0246424 secs] 289162K->129887K(362900K), 0.0250835 secs] [Times: user=0.02 sys=0.00, real=0.03 secs] 
2020-03-19T10:49:42.080+0800: 6185.704: [GC (Allocation Failure) 2020-03-19T10:49:42.080+0800: 6185.705: [ParNew: 160049K->3701K(176960K), 0.0143425 secs] 287199K->130869K(362900K), 0.0147717 secs] [Times: user=0.02 sys=0.00, real=0.01 secs] 
2020-03-19T10:49:45.973+0800: 6189.597: [GC (Allocation Failure) 2020-03-19T10:49:45.973+0800: 6189.597: [ParNew: 161013K->4685K(176960K), 0.0236482 secs] 288181K->131879K(362900K), 0.0240675 secs] [Times: user=0.03 sys=0.01, real=0.02 secs] 
2020-03-19T10:49:52.621+0800: 6196.246: [GC (Allocation Failure) 2020-03-19T10:49:52.622+0800: 6196.246: [ParNew: 161997K->2843K(176960K), 0.0224075 secs] 289191K->130060K(362900K), 0.0228750 secs] [Times: user=0.02 sys=0.00, real=0.02 secs] 
2020-03-19T10:49:59.457+0800: 6203.081: [GC (Allocation Failure) 2020-03-19T10:49:59.457+0800: 6203.082: [ParNew: 160151K->3721K(176960K), 0.0153001 secs] 287368K->130955K(362900K), 0.0156566 secs] [Times: user=0.03 sys=0.00, real=0.02 secs] 
2020-03-19T10:50:03.652+0800: 6207.277: [GC (Allocation Failure) 2020-03-19T10:50:03.652+0800: 6207.277: [ParNew: 161033K->2354K(176960K), 0.0146020 secs] 288267K->129608K(362900K), 0.0149967 secs] [Times: user=0.03 sys=0.01, real=0.02 secs] 
2020-03-19T10:50:09.244+0800: 6212.869: [GC (Allocation Failure) 2020-03-19T10:50:09.244+0800: 6212.869: [ParNew: 159666K->3559K(176960K), 0.0143877 secs] 286920K->130834K(362900K), 0.0147299 secs] [Times: user=0.02 sys=0.00, real=0.02 secs] 
2020-03-19T10:50:14.809+0800: 6218.434: [GC (Allocation Failure) 2020-03-19T10:50:14.810+0800: 6218.434: [ParNew: 160871K->3473K(176960K), 0.0154698 secs] 288146K->130773K(362900K), 0.0159406 secs] [Times: user=0.03 sys=0.00, real=0.01 secs] 
2020-03-19T10:50:19.914+0800: 6223.539: [GC (Allocation Failure) 2020-03-19T10:50:19.915+0800: 6223.539: [ParNew: 160785K->4130K(176960K), 0.0284775 secs] 288085K->131455K(362900K), 0.0289436 secs] [Times: user=0.03 sys=0.01, real=0.03 secs] 
2020-03-19T10:50:26.580+0800: 6230.205: [GC (Allocation Failure) 2020-03-19T10:50:26.580+0800: 6230.205: [ParNew: 161442K->3082K(176960K), 0.0149994 secs] 288767K->130426K(362900K), 0.0154306 secs] [Times: user=0.02 sys=0.00, real=0.01 secs] 
2020-03-19T10:50:32.568+0800: 6236.193: [GC (Allocation Failure) 2020-03-19T10:50:32.569+0800: 6236.193: [ParNew: 160394K->2202K(176960K), 0.0156969 secs] 287738K->129996K(362900K), 0.0160996 secs] [Times: user=0.03 sys=0.00, real=0.01 secs] 
2020-03-19T10:50:38.389+0800: 6242.013: [GC (Allocation Failure) 2020-03-19T10:50:38.389+0800: 6242.014: [ParNew: 159514K->1949K(176960K), 0.0164293 secs] 287308K->129766K(362900K), 0.0168171 secs] [Times: user=0.03 sys=0.00, real=0.01 secs] 
2020-03-19T10:50:44.799+0800: 6248.423: [GC (Allocation Failure) 2020-03-19T10:50:44.799+0800: 6248.424: [ParNew: 159261K->2919K(176960K), 0.0153545 secs] 287078K->130760K(362900K), 0.0156911 secs] [Times: user=0.04 sys=0.00, real=0.01 secs] 
2020-03-19T10:50:50.022+0800: 6253.646: [GC (Allocation Failure) 2020-03-19T10:50:50.022+0800: 6253.646: [ParNew: 160231K->3478K(176960K), 0.0159078 secs] 288072K->131343K(362900K), 0.0163841 secs] [Times: user=0.03 sys=0.00, real=0.01 secs] 
2020-03-19T10:50:56.420+0800: 6260.044: [GC (Allocation Failure) 2020-03-19T10:50:56.420+0800: 6260.044: [ParNew: 160790K->2545K(176960K), 0.0134439 secs] 288655K->130434K(362900K), 0.0138366 secs] [Times: user=0.02 sys=0.00, real=0.01 secs] 
2020-03-19T10:51:00.775+0800: 6264.399: [GC (Allocation Failure) 2020-03-19T10:51:00.775+0800: 6264.399: [ParNew: 159857K->3518K(176960K), 0.0150862 secs] 287746K->131426K(362900K), 0.0154503 secs] [Times: user=0.03 sys=0.00, real=0.02 secs] 
2020-03-19T10:51:06.299+0800: 6269.924: [GC (Allocation Failure) 2020-03-19T10:51:06.300+0800: 6269.924: [ParNew: 160830K->3339K(176960K), 0.0170800 secs] 288738K->131270K(362900K), 0.0175414 secs] [Times: user=0.03 sys=0.00, real=0.01 secs] 
2020-03-19T10:51:13.168+0800: 6276.793: [GC (Allocation Failure) 2020-03-19T10:51:13.169+0800: 6276.793: [ParNew: 160651K->2589K(176960K), 0.0219090 secs] 288582K->130541K(362900K), 0.0224956 secs] [Times: user=0.03 sys=0.00, real=0.02 secs] 
2020-03-19T10:51:16.832+0800: 6280.457: [GC (Allocation Failure) 2020-03-19T10:51:16.833+0800: 6280.457: [ParNew: 159901K->2577K(176960K), 0.0144722 secs] 287853K->130554K(362900K), 0.0148496 secs] [Times: user=0.02 sys=0.00, real=0.02 secs] 
2020-03-19T10:51:24.142+0800: 6287.766: [GC (Allocation Failure) 2020-03-19T10:51:24.142+0800: 6287.766: [ParNew: 159889K->2845K(176960K), 0.0184974 secs] 287866K->130846K(362900K), 0.0188835 secs] [Times: user=0.02 sys=0.00, real=0.02 secs] 
2020-03-19T10:51:30.297+0800: 6293.921: [GC (Allocation Failure) 2020-03-19T10:51:30.297+0800: 6293.922: [ParNew: 160157K->3815K(176960K), 0.0251637 secs] 288158K->131828K(362900K), 0.0255676 secs] [Times: user=0.03 sys=0.00, real=0.03 secs] 
2020-03-19T10:51:35.597+0800: 6299.222: [GC (Allocation Failure) 2020-03-19T10:51:35.598+0800: 6299.222: [ParNew: 161127K->2420K(176960K), 0.0225732 secs] 289140K->130452K(362900K), 0.0231429 secs] [Times: user=0.02 sys=0.00, real=0.03 secs] 
2020-03-19T10:51:42.361+0800: 6305.985: [GC (Allocation Failure) 2020-03-19T10:51:42.361+0800: 6305.985: [ParNew: 159732K->3549K(176960K), 0.0177822 secs] 287764K->131605K(362900K), 0.0181545 secs] [Times: user=0.03 sys=0.00, real=0.02 secs] 
2020-03-19T10:51:46.389+0800: 6310.013: [GC (Allocation Failure) 2020-03-19T10:51:46.389+0800: 6310.014: [ParNew: 160861K->2856K(176960K), 0.0165065 secs] 288917K->130934K(362900K), 0.0169156 secs] [Times: user=0.03 sys=0.00, real=0.01 secs] 
2020-03-19T10:51:53.221+0800: 6316.846: [GC (Allocation Failure) 2020-03-19T10:51:53.221+0800: 6316.846: [ParNew: 160168K->3490K(176960K), 0.0226946 secs] 288246K->131589K(362900K), 0.0230700 secs] [Times: user=0.02 sys=0.00, real=0.02 secs] 
2020-03-19T10:51:59.778+0800: 6323.403: [GC (Allocation Failure) 2020-03-19T10:51:59.779+0800: 6323.403: [ParNew: 160802K->2923K(176960K), 0.0168230 secs] 288901K->131042K(362900K), 0.0172013 secs] [Times: user=0.02 sys=0.00, real=0.02 secs] 
2020-03-19T10:52:04.061+0800: 6327.685: [GC (Allocation Failure) 2020-03-19T10:52:04.061+0800: 6327.685: [ParNew: 160235K->2859K(176960K), 0.0243714 secs] 288354K->130997K(362900K), 0.0247740 secs] [Times: user=0.02 sys=0.00, real=0.02 secs] 
2020-03-19T10:52:09.584+0800: 6333.209: [GC (Allocation Failure) 2020-03-19T10:52:09.584+0800: 6333.209: [ParNew: 160171K->2913K(176960K), 0.0172412 secs] 288309K->131076K(362900K), 0.0176207 secs] [Times: user=0.02 sys=0.00, real=0.02 secs] 
2020-03-19T10:52:14.879+0800: 6338.504: [GC (Allocation Failure) 2020-03-19T10:52:14.879+0800: 6338.504: [ParNew: 160225K->3833K(176960K), 0.0196833 secs] 288388K->132019K(362900K), 0.0200582 secs] [Times: user=0.03 sys=0.01, real=0.02 secs] 
2020-03-19T10:52:20.428+0800: 6344.053: [GC (Allocation Failure) 2020-03-19T10:52:20.428+0800: 6344.053: [ParNew: 161145K->3508K(176960K), 0.0227455 secs] 289331K->131713K(362900K), 0.0231177 secs] [Times: user=0.02 sys=0.00, real=0.02 secs] 
2020-03-19T10:52:27.396+0800: 6351.020: [GC (Allocation Failure) 2020-03-19T10:52:27.396+0800: 6351.021: [ParNew: 160820K->2565K(176960K), 0.0145346 secs] 289025K->130785K(362900K), 0.0149027 secs] [Times: user=0.03 sys=0.00, real=0.02 secs] 
2020-03-19T10:52:32.669+0800: 6356.293: [GC (Allocation Failure) 2020-03-19T10:52:32.669+0800: 6356.294: [ParNew: 159877K->2700K(176960K), 0.0214489 secs] 288097K->130938K(362900K), 0.0218514 secs] [Times: user=0.03 sys=0.00, real=0.02 secs] 
2020-03-19T10:52:38.471+0800: 6362.095: [GC (Allocation Failure) 2020-03-19T10:52:38.471+0800: 6362.096: [ParNew: 160012K->2794K(176960K), 0.0161195 secs] 288250K->131056K(362900K), 0.0165104 secs] [Times: user=0.03 sys=0.00, real=0.02 secs] 
2020-03-19T10:52:44.811+0800: 6368.436: [GC (Allocation Failure) 2020-03-19T10:52:44.812+0800: 6368.436: [ParNew: 160106K->3847K(176960K), 0.0158942 secs] 288368K->132134K(362900K), 0.0162555 secs] [Times: user=0.03 sys=0.00, real=0.02 secs] 
2020-03-19T10:52:50.139+0800: 6373.764: [GC (Allocation Failure) 2020-03-19T10:52:50.140+0800: 6373.764: [ParNew: 161159K->3510K(176960K), 0.0212463 secs] 289446K->131822K(362900K), 0.0216163 secs] [Times: user=0.02 sys=0.00, real=0.02 secs] 
2020-03-19T10:52:56.505+0800: 6380.130: [GC (Allocation Failure) 2020-03-19T10:52:56.505+0800: 6380.130: [ParNew: 160822K->2567K(176960K), 0.0140743 secs] 289134K->130903K(362900K), 0.0144660 secs] [Times: user=0.02 sys=0.00, real=0.02 secs] 
2020-03-19T10:53:00.957+0800: 6384.582: [GC (Allocation Failure) 2020-03-19T10:53:00.958+0800: 6384.582: [ParNew: 159879K->3545K(176960K), 0.0208724 secs] 288215K->131913K(362900K), 0.0213178 secs] [Times: user=0.03 sys=0.00, real=0.03 secs] 
2020-03-19T10:53:06.149+0800: 6389.773: [GC (Allocation Failure) 2020-03-19T10:53:06.149+0800: 6389.773: [ParNew: 160857K->2233K(176960K), 0.0152436 secs] 289225K->130623K(362900K), 0.0156656 secs] [Times: user=0.03 sys=0.00, real=0.01 secs] 
2020-03-19T10:53:13.222+0800: 6396.847: [GC (Allocation Failure) 2020-03-19T10:53:13.222+0800: 6396.847: [ParNew: 159545K->3293K(176960K), 0.0178388 secs] 287935K->131705K(362900K), 0.0183337 secs] [Times: user=0.03 sys=0.01, real=0.02 secs] 
2020-03-19T10:53:16.831+0800: 6400.455: [GC (Allocation Failure) 2020-03-19T10:53:16.831+0800: 6400.455: [ParNew: 160605K->2477K(176960K), 0.0208610 secs] 289017K->130916K(362900K), 0.0213104 secs] [Times: user=0.02 sys=0.00, real=0.02 secs] 
2020-03-19T10:53:23.814+0800: 6407.438: [GC (Allocation Failure) 2020-03-19T10:53:23.814+0800: 6407.438: [ParNew: 159789K->3513K(176960K), 0.0144920 secs] 288228K->131974K(362900K), 0.0148427 secs] [Times: user=0.03 sys=0.00, real=0.02 secs] 
2020-03-19T10:53:29.924+0800: 6413.548: [GC (Allocation Failure) 2020-03-19T10:53:29.924+0800: 6413.548: [ParNew: 160825K->2918K(176960K), 0.0158288 secs] 289286K->131392K(362900K), 0.0161739 secs] [Times: user=0.03 sys=0.00, real=0.02 secs] 
2020-03-19T10:53:35.332+0800: 6418.956: [GC (Allocation Failure) 2020-03-19T10:53:35.332+0800: 6418.956: [ParNew: 160230K->3197K(176960K), 0.0137285 secs] 288704K->131694K(362900K), 0.0141434 secs] [Times: user=0.03 sys=0.00, real=0.01 secs] 
2020-03-19T10:53:41.893+0800: 6425.518: [GC (Allocation Failure) 2020-03-19T10:53:41.894+0800: 6425.518: [ParNew: 160509K->2560K(176960K), 0.0202382 secs] 289006K->131080K(362900K), 0.0206358 secs] [Times: user=0.02 sys=0.00, real=0.02 secs] 
2020-03-19T10:53:46.258+0800: 6429.882: [GC (Allocation Failure) 2020-03-19T10:53:46.258+0800: 6429.883: [ParNew: 159872K->2619K(176960K), 0.0189133 secs] 288392K->131164K(362900K), 0.0193157 secs] [Times: user=0.02 sys=0.00, real=0.02 secs] 
2020-03-19T10:53:53.073+0800: 6436.697: [GC (Allocation Failure) 2020-03-19T10:53:53.073+0800: 6436.697: [ParNew: 159931K->2871K(176960K), 0.0140720 secs] 288476K->131437K(362900K), 0.0144183 secs] [Times: user=0.03 sys=0.00, real=0.02 secs] 
2020-03-19T10:53:59.407+0800: 6443.032: [GC (Allocation Failure) 2020-03-19T10:53:59.408+0800: 6443.032: [ParNew: 160183K->2909K(176960K), 0.0180495 secs] 288749K->131499K(362900K), 0.0184263 secs] [Times: user=0.03 sys=0.00, real=0.01 secs] 
2020-03-19T10:54:03.652+0800: 6447.276: [GC (Allocation Failure) 2020-03-19T10:54:03.652+0800: 6447.277: [ParNew: 160221K->2839K(176960K), 0.0152457 secs] 288811K->131446K(362900K), 0.0156938 secs] [Times: user=0.03 sys=0.00, real=0.02 secs] 
2020-03-19T10:54:07.836+0800: 6451.460: [GC (Allocation Failure) 2020-03-19T10:54:07.836+0800: 6451.461: [ParNew: 160151K->2827K(176960K), 0.0265822 secs] 288758K->131458K(362900K), 0.0269809 secs] [Times: user=0.03 sys=0.00, real=0.03 secs] 
2020-03-19T10:54:14.105+0800: 6457.729: [GC (Allocation Failure) 2020-03-19T10:54:14.105+0800: 6457.729: [ParNew: 160139K->3092K(176960K), 0.0277013 secs] 288770K->131749K(362900K), 0.0281586 secs] [Times: user=0.02 sys=0.01, real=0.03 secs] 
2020-03-19T10:54:17.472+0800: 6461.096: [GC (Allocation Failure) 2020-03-19T10:54:17.472+0800: 6461.097: [ParNew: 160404K->3016K(176960K), 0.0280606 secs] 289061K->131692K(362900K), 0.0285799 secs] [Times: user=0.05 sys=0.00, real=0.03 secs] 
2020-03-19T10:54:24.409+0800: 6468.033: [GC (Allocation Failure) 2020-03-19T10:54:24.409+0800: 6468.034: [ParNew: 160328K->3127K(176960K), 0.0155873 secs] 289004K->131818K(362900K), 0.0159818 secs] [Times: user=0.03 sys=0.00, real=0.01 secs] 
2020-03-19T10:54:30.602+0800: 6474.227: [GC (Allocation Failure) 2020-03-19T10:54:30.603+0800: 6474.228: [ParNew: 160439K->3114K(176960K), 0.0150083 secs] 289130K->131822K(362900K), 0.0160667 secs] [Times: user=0.03 sys=0.00, real=0.02 secs] 
2020-03-19T10:54:35.820+0800: 6479.445: [GC (Allocation Failure) 2020-03-19T10:54:35.821+0800: 6479.445: [ParNew: 159709K->5607K(176960K), 0.0168553 secs] 288417K->134339K(362900K), 0.0173747 secs] [Times: user=0.03 sys=0.00, real=0.01 secs] 
2020-03-19T10:54:43.050+0800: 6486.674: [GC (Allocation Failure) 2020-03-19T10:54:43.050+0800: 6486.675: [ParNew: 162919K->2732K(176960K), 0.0335262 secs] 291651K->131487K(362900K), 0.0340204 secs] [Times: user=0.03 sys=0.00, real=0.03 secs] 
2020-03-19T10:54:46.669+0800: 6490.294: [GC (Allocation Failure) 2020-03-19T10:54:46.670+0800: 6490.294: [ParNew: 160044K->3536K(176960K), 0.0198036 secs] 288799K->132316K(362900K), 0.0201833 secs] [Times: user=0.03 sys=0.00, real=0.02 secs] 
2020-03-19T10:54:53.562+0800: 6497.186: [GC (Allocation Failure) 2020-03-19T10:54:53.562+0800: 6497.187: [ParNew: 160848K->2768K(176960K), 0.0146364 secs] 289628K->131571K(362900K), 0.0150444 secs] [Times: user=0.02 sys=0.00, real=0.01 secs] 
2020-03-19T10:54:59.807+0800: 6503.431: [GC (Allocation Failure) 2020-03-19T10:54:59.807+0800: 6503.431: [ParNew: 160080K->3773K(176960K), 0.0154074 secs] 288883K->132602K(362900K), 0.0157374 secs] [Times: user=0.03 sys=0.00, real=0.01 secs] 
2020-03-19T10:55:04.318+0800: 6507.943: [GC (Allocation Failure) 2020-03-19T10:55:04.318+0800: 6507.943: [ParNew: 161085K->2363K(176960K), 0.0206453 secs] 289914K->131213K(362900K), 0.0210568 secs] [Times: user=0.02 sys=0.01, real=0.02 secs] 
2020-03-19T10:55:10.222+0800: 6513.846: [GC (Allocation Failure) 2020-03-19T10:55:10.222+0800: 6513.847: [ParNew: 159675K->3208K(176960K), 0.0208984 secs] 288525K->132081K(362900K), 0.0212761 secs] [Times: user=0.03 sys=0.00, real=0.02 secs] 
2020-03-19T10:55:15.336+0800: 6518.961: [GC (Allocation Failure) 2020-03-19T10:55:15.337+0800: 6518.961: [ParNew: 160520K->3036K(176960K), 0.0257137 secs] 289393K->131937K(362900K), 0.0261945 secs] [Times: user=0.02 sys=0.00, real=0.03 secs] 
2020-03-19T10:55:21.546+0800: 6525.170: [GC (Allocation Failure) 2020-03-19T10:55:21.546+0800: 6525.171: [ParNew: 160348K->3089K(176960K), 0.0153654 secs] 289249K->132011K(362900K), 0.0157349 secs] [Times: user=0.03 sys=0.01, real=0.02 secs] 
2020-03-19T10:55:28.298+0800: 6531.923: [GC (Allocation Failure) 2020-03-19T10:55:28.299+0800: 6531.923: [ParNew: 160401K->3000K(176960K), 0.0208012 secs] 289323K->131935K(362900K), 0.0211662 secs] [Times: user=0.02 sys=0.00, real=0.02 secs] 
2020-03-19T10:55:33.923+0800: 6537.547: [GC (Allocation Failure) 2020-03-19T10:55:33.923+0800: 6537.548: [ParNew: 160312K->3077K(176960K), 0.0148443 secs] 289247K->132109K(362900K), 0.0153169 secs] [Times: user=0.03 sys=0.00, real=0.02 secs] 
2020-03-19T10:55:39.948+0800: 6543.573: [GC (Allocation Failure) 2020-03-19T10:55:39.948+0800: 6543.573: [ParNew: 160389K->3002K(176960K), 0.0156990 secs] 289421K->132064K(362900K), 0.0160975 secs] [Times: user=0.03 sys=0.00, real=0.01 secs] 
2020-03-19T10:55:45.629+0800: 6549.254: [GC (Allocation Failure) 2020-03-19T10:55:45.629+0800: 6549.254: [ParNew: 160314K->2899K(176960K), 0.0142119 secs] 289376K->131984K(362900K), 0.0146486 secs] [Times: user=0.03 sys=0.00, real=0.01 secs] 
2020-03-19T10:55:51.699+0800: 6555.323: [GC (Allocation Failure) 2020-03-19T10:55:51.699+0800: 6555.324: [ParNew: 160211K->2978K(176960K), 0.0146056 secs] 289296K->132088K(362900K), 0.0150368 secs] [Times: user=0.02 sys=0.00, real=0.01 secs] 
2020-03-19T10:55:57.949+0800: 6561.574: [GC (Allocation Failure) 2020-03-19T10:55:57.950+0800: 6561.574: [ParNew: 160290K->2894K(176960K), 0.0357150 secs] 289400K->132026K(362900K), 0.0361944 secs] [Times: user=0.03 sys=0.00, real=0.03 secs] 
2020-03-19T10:56:02.423+0800: 6566.047: [GC (Allocation Failure) 2020-03-19T10:56:02.423+0800: 6566.048: [ParNew: 160206K->2960K(176960K), 0.0141236 secs] 289338K->132109K(362900K), 0.0145249 secs] [Times: user=0.03 sys=0.00, real=0.01 secs] 
2020-03-19T10:56:07.819+0800: 6571.443: [GC (Allocation Failure) 2020-03-19T10:56:07.819+0800: 6571.443: [ParNew: 160272K->2884K(176960K), 0.0159385 secs] 289421K->132055K(362900K), 0.0163262 secs] [Times: user=0.02 sys=0.00, real=0.01 secs] 
2020-03-19T10:56:14.459+0800: 6578.084: [GC (Allocation Failure) 2020-03-19T10:56:14.459+0800: 6578.084: [ParNew: 160196K->2948K(176960K), 0.0235311 secs] 289367K->132177K(362900K), 0.0239641 secs] [Times: user=0.03 sys=0.00, real=0.02 secs] 
2020-03-19T10:56:19.152+0800: 6582.776: [GC (Allocation Failure) 2020-03-19T10:56:19.152+0800: 6582.776: [ParNew: 160260K->2928K(176960K), 0.0223855 secs] 289489K->132189K(362900K), 0.0228149 secs] [Times: user=0.04 sys=0.00, real=0.02 secs] 
2020-03-19T10:56:26.094+0800: 6589.718: [GC (Allocation Failure) 2020-03-19T10:56:26.094+0800: 6589.719: [ParNew: 160240K->2847K(176960K), 0.0141454 secs] 289501K->132130K(362900K), 0.0145250 secs] [Times: user=0.02 sys=0.00, real=0.02 secs] 
2020-03-19T10:56:31.894+0800: 6595.518: [GC (Allocation Failure) 2020-03-19T10:56:31.894+0800: 6595.518: [ParNew: 160159K->2912K(176960K), 0.0146164 secs] 289442K->132210K(362900K), 0.0150052 secs] [Times: user=0.03 sys=0.00, real=0.02 secs] 
2020-03-19T10:56:37.816+0800: 6601.440: [GC (Allocation Failure) 2020-03-19T10:56:37.816+0800: 6601.440: [ParNew: 160224K->2865K(176960K), 0.0163005 secs] 289522K->132185K(362900K), 0.0167107 secs] [Times: user=0.03 sys=0.00, real=0.02 secs] 
2020-03-19T10:56:44.545+0800: 6608.170: [GC (Allocation Failure) 2020-03-19T10:56:44.545+0800: 6608.170: [ParNew: 160177K->2912K(176960K), 0.0213522 secs] 289497K->132263K(362900K), 0.0217708 secs] [Times: user=0.03 sys=0.00, real=0.03 secs] 
2020-03-19T10:56:49.408+0800: 6613.032: [GC (Allocation Failure) 2020-03-19T10:56:49.408+0800: 6613.033: [ParNew: 160224K->2906K(176960K), 0.0232775 secs] 289575K->132282K(362900K), 0.0237566 secs] [Times: user=0.02 sys=0.00, real=0.02 secs] 
2020-03-19T10:56:55.657+0800: 6619.282: [GC (Allocation Failure) 2020-03-19T10:56:55.657+0800: 6619.282: [ParNew: 160218K->2822K(176960K), 0.0152075 secs] 289594K->132222K(362900K), 0.0155862 secs] [Times: user=0.02 sys=0.00, real=0.02 secs] 
2020-03-19T10:57:00.588+0800: 6624.213: [GC (Allocation Failure) 2020-03-19T10:57:00.588+0800: 6624.213: [ParNew: 160134K->2888K(176960K), 0.0188662 secs] 289534K->132308K(362900K), 0.0193028 secs] [Times: user=0.03 sys=0.00, real=0.02 secs] 
2020-03-19T10:57:05.818+0800: 6629.443: [GC (Allocation Failure) 2020-03-19T10:57:05.819+0800: 6629.443: [ParNew: 159248K->5467K(176960K), 0.0142488 secs] 288668K->134911K(362900K), 0.0146356 secs] [Times: user=0.03 sys=0.00, real=0.01 secs] 
2020-03-19T10:57:12.631+0800: 6636.256: [GC (Allocation Failure) 2020-03-19T10:57:12.631+0800: 6636.256: [ParNew: 162779K->2581K(176960K), 0.0192193 secs] 292223K->132048K(362900K), 0.0196386 secs] [Times: user=0.03 sys=0.00, real=0.02 secs] 
2020-03-19T10:57:16.573+0800: 6640.198: [GC (Allocation Failure) 2020-03-19T10:57:16.574+0800: 6640.198: [ParNew: 159893K->2025K(176960K), 0.0162604 secs] 289360K->131518K(362900K), 0.0166840 secs] [Times: user=0.02 sys=0.00, real=0.02 secs] 
2020-03-19T10:57:23.855+0800: 6647.480: [GC (Allocation Failure) 2020-03-19T10:57:23.855+0800: 6647.480: [ParNew: 159337K->2935K(176960K), 0.0150605 secs] 288830K->132448K(362900K), 0.0154472 secs] [Times: user=0.03 sys=0.00, real=0.02 secs] 
2020-03-19T10:57:30.085+0800: 6653.710: [GC (Allocation Failure) 2020-03-19T10:57:30.086+0800: 6653.710: [ParNew: 160247K->2891K(176960K), 0.0170696 secs] 289760K->132419K(362900K), 0.0174642 secs] [Times: user=0.03 sys=0.00, real=0.02 secs] 
2020-03-19T10:57:35.817+0800: 6659.441: [GC (Allocation Failure) 2020-03-19T10:57:35.817+0800: 6659.441: [ParNew: 160203K->3403K(176960K), 0.0144846 secs] 289731K->132948K(362900K), 0.0148133 secs] [Times: user=0.03 sys=0.00, real=0.02 secs] 
2020-03-19T10:57:42.629+0800: 6666.254: [GC (Allocation Failure) 2020-03-19T10:57:42.629+0800: 6666.254: [ParNew: 160715K->3588K(176960K), 0.0152764 secs] 290260K->133163K(362900K), 0.0156471 secs] [Times: user=0.02 sys=0.01, real=0.01 secs] 
2020-03-19T10:57:46.808+0800: 6670.433: [GC (Allocation Failure) 2020-03-19T10:57:46.809+0800: 6670.433: [ParNew: 160900K->2573K(176960K), 0.0137176 secs] 290475K->132179K(362900K), 0.0140679 secs] [Times: user=0.03 sys=0.00, real=0.01 secs] 
2020-03-19T10:57:53.682+0800: 6677.307: [GC (Allocation Failure) 2020-03-19T10:57:53.682+0800: 6677.307: [ParNew: 159885K->2658K(176960K), 0.0208668 secs] 289491K->132286K(362900K), 0.0212328 secs] [Times: user=0.02 sys=0.01, real=0.02 secs] 
2020-03-19T10:57:59.878+0800: 6683.502: [GC (Allocation Failure) 2020-03-19T10:57:59.878+0800: 6683.503: [ParNew: 159970K->2821K(176960K), 0.0160425 secs] 289598K->132470K(362900K), 0.0165115 secs] [Times: user=0.03 sys=0.00, real=0.02 secs] 
2020-03-19T10:58:04.409+0800: 6688.033: [GC (Allocation Failure) 2020-03-19T10:58:04.409+0800: 6688.034: [ParNew: 160133K->2250K(176960K), 0.0136882 secs] 289782K->131916K(362900K), 0.0141429 secs] [Times: user=0.03 sys=0.00, real=0.01 secs] 
2020-03-19T10:58:10.568+0800: 6694.193: [GC (Allocation Failure) 2020-03-19T10:58:10.568+0800: 6694.193: [ParNew: 159562K->3009K(176960K), 0.0227454 secs] 289228K->132702K(362900K), 0.0232019 secs] [Times: user=0.03 sys=0.00, real=0.02 secs] 
2020-03-19T10:58:14.910+0800: 6698.535: [GC (Allocation Failure) 2020-03-19T10:58:14.910+0800: 6698.535: [ParNew: 160321K->3760K(176960K), 0.0218208 secs] 290014K->133475K(362900K), 0.0242136 secs] [Times: user=0.02 sys=0.00, real=0.02 secs] 
2020-03-19T10:58:20.107+0800: 6703.732: [GC (Allocation Failure) 2020-03-19T10:58:20.107+0800: 6703.732: [ParNew: 161072K->2326K(176960K), 0.0134331 secs] 290787K->132063K(362900K), 0.0138148 secs] [Times: user=0.03 sys=0.01, real=0.01 secs] 
2020-03-19T10:58:26.876+0800: 6710.501: [GC (Allocation Failure) 2020-03-19T10:58:26.877+0800: 6710.501: [ParNew: 159638K->1949K(176960K), 0.0218275 secs] 289375K->131703K(362900K), 0.0222064 secs] [Times: user=0.03 sys=0.00, real=0.03 secs] 
2020-03-19T10:58:32.766+0800: 6716.391: [GC (Allocation Failure) 2020-03-19T10:58:32.766+0800: 6716.391: [ParNew: 159261K->2883K(176960K), 0.0141873 secs] 289015K->132654K(362900K), 0.0146237 secs] [Times: user=0.03 sys=0.00, real=0.02 secs] 
2020-03-19T10:58:38.684+0800: 6722.309: [GC (Allocation Failure) 2020-03-19T10:58:38.685+0800: 6722.309: [ParNew: 160195K->2869K(176960K), 0.0138422 secs] 289966K->132663K(362900K), 0.0142604 secs] [Times: user=0.02 sys=0.00, real=0.02 secs] 
2020-03-19T10:58:44.806+0800: 6728.430: [GC (Allocation Failure) 2020-03-19T10:58:44.806+0800: 6728.431: [ParNew: 160181K->3730K(176960K), 0.0153864 secs] 289975K->133541K(362900K), 0.0157908 secs] [Times: user=0.02 sys=0.01, real=0.02 secs] 
2020-03-19T10:58:50.497+0800: 6734.122: [GC (Allocation Failure) 2020-03-19T10:58:50.498+0800: 6734.122: [ParNew: 161038K->2328K(176960K), 0.0142906 secs] 290849K->132167K(362900K), 0.0146540 secs] [Times: user=0.03 sys=0.00, real=0.02 secs] 
2020-03-19T10:58:56.637+0800: 6740.262: [GC (Allocation Failure) 2020-03-19T10:58:56.638+0800: 6740.262: [ParNew: 159640K->2933K(176960K), 0.0208995 secs] 289479K->132796K(362900K), 0.0214108 secs] [Times: user=0.03 sys=0.00, real=0.03 secs] 
2020-03-19T10:59:01.041+0800: 6744.665: [GC (Allocation Failure) 2020-03-19T10:59:01.041+0800: 6744.666: [ParNew: 160245K->2891K(176960K), 0.0303942 secs] 290107K->132773K(362900K), 0.0309731 secs] [Times: user=0.03 sys=0.00, real=0.03 secs] 
2020-03-19T10:59:06.555+0800: 6750.180: [GC (Allocation Failure) 2020-03-19T10:59:06.556+0800: 6750.180: [ParNew: 160203K->2250K(176960K), 0.0229494 secs] 290085K->132155K(362900K), 0.0235541 secs] [Times: user=0.02 sys=0.00, real=0.03 secs] 
2020-03-19T10:59:13.677+0800: 6757.302: [GC (Allocation Failure) 2020-03-19T10:59:13.678+0800: 6757.302: [ParNew: 159562K->3005K(176960K), 0.0142019 secs] 289467K->132930K(362900K), 0.0146794 secs] [Times: user=0.03 sys=0.00, real=0.02 secs] 
2020-03-19T10:59:17.648+0800: 6761.272: [GC (Allocation Failure) 2020-03-19T10:59:17.648+0800: 6761.272: [ParNew: 160317K->2835K(176960K), 0.0146959 secs] 290242K->132787K(362900K), 0.0150600 secs] [Times: user=0.03 sys=0.01, real=0.01 secs] 
2020-03-19T10:59:24.682+0800: 6768.307: [GC (Allocation Failure) 2020-03-19T10:59:24.683+0800: 6768.307: [ParNew: 160147K->2882K(176960K), 0.0136647 secs] 290099K->132856K(362900K), 0.0140233 secs] [Times: user=0.03 sys=0.00, real=0.01 secs] 
2020-03-19T10:59:30.758+0800: 6774.383: [GC (Allocation Failure) 2020-03-19T10:59:30.758+0800: 6774.383: [ParNew: 160194K->2876K(176960K), 0.0182700 secs] 290168K->132865K(362900K), 0.0186657 secs] [Times: user=0.03 sys=0.01, real=0.01 secs] 
2020-03-19T10:59:36.294+0800: 6779.918: [GC (Allocation Failure) 2020-03-19T10:59:36.294+0800: 6779.918: [ParNew: 160188K->3232K(176960K), 0.0164362 secs] 290177K->133241K(362900K), 0.0168005 secs] [Times: user=0.03 sys=0.00, real=0.02 secs] 
2020-03-19T10:59:43.685+0800: 6787.309: [GC (Allocation Failure) 2020-03-19T10:59:43.685+0800: 6787.310: [ParNew: 160544K->2551K(176960K), 0.0224615 secs] 290553K->132577K(362900K), 0.0228139 secs] [Times: user=0.02 sys=0.00, real=0.03 secs] 
2020-03-19T10:59:48.060+0800: 6791.685: [GC (Allocation Failure) 2020-03-19T10:59:48.061+0800: 6791.685: [ParNew: 159863K->2599K(176960K), 0.0141528 secs] 289889K->132646K(362900K), 0.0146218 secs] [Times: user=0.03 sys=0.00, real=0.01 secs] 
2020-03-19T10:59:54.458+0800: 6798.083: [GC (Allocation Failure) 2020-03-19T10:59:54.459+0800: 6798.083: [ParNew: 159911K->3757K(176960K), 0.0190174 secs] 289958K->133823K(362900K), 0.0194194 secs] [Times: user=0.03 sys=0.00, real=0.01 secs] 
2020-03-19T11:00:00.091+0800: 6803.717: [GC (Allocation Failure) 2020-03-19T11:00:00.093+0800: 6803.717: [ParNew: 161069K->3002K(176960K), 0.0273680 secs] 291135K->133089K(362900K), 0.0290486 secs] [Times: user=0.04 sys=0.00, real=0.03 secs] 
2020-03-19T11:00:04.168+0800: 6807.793: [GC (Allocation Failure) 2020-03-19T11:00:04.169+0800: 6807.793: [ParNew: 160314K->2099K(176960K), 0.0193368 secs] 290401K->132206K(362900K), 0.0197430 secs] [Times: user=0.02 sys=0.00, real=0.02 secs] 
2020-03-19T11:00:10.194+0800: 6813.819: [GC (Allocation Failure) 2020-03-19T11:00:10.194+0800: 6813.819: [ParNew: 159411K->2972K(176960K), 0.0171562 secs] 289518K->133104K(362900K), 0.0175360 secs] [Times: user=0.03 sys=0.01, real=0.02 secs] 
2020-03-19T11:00:15.332+0800: 6818.957: [GC (Allocation Failure) 2020-03-19T11:00:15.332+0800: 6818.957: [ParNew: 160284K->2831K(176960K), 0.0140226 secs] 290416K->132988K(362900K), 0.0144322 secs] [Times: user=0.03 sys=0.00, real=0.02 secs] 
2020-03-19T11:00:21.505+0800: 6825.130: [GC (Allocation Failure) 2020-03-19T11:00:21.505+0800: 6825.130: [ParNew: 160143K->2895K(176960K), 0.0293065 secs] 290300K->133071K(362900K), 0.0298317 secs] [Times: user=0.02 sys=0.00, real=0.03 secs] 
2020-03-19T11:00:28.226+0800: 6831.850: [GC (Allocation Failure) 2020-03-19T11:00:28.226+0800: 6831.851: [ParNew: 160207K->2810K(176960K), 0.0192934 secs] 290383K->133001K(362900K), 0.0197511 secs] [Times: user=0.02 sys=0.00, real=0.02 secs] 
2020-03-19T11:00:34.055+0800: 6837.680: [GC (Allocation Failure) 2020-03-19T11:00:34.056+0800: 6837.680: [ParNew: 160122K->2911K(176960K), 0.0205111 secs] 290313K->133120K(362900K), 0.0210558 secs] [Times: user=0.02 sys=0.00, real=0.02 secs] 
2020-03-19T11:00:39.978+0800: 6843.603: [GC (Allocation Failure) 2020-03-19T11:00:39.980+0800: 6843.605: [ParNew: 160223K->2901K(176960K), 0.0226333 secs] 290432K->133137K(362900K), 0.0243677 secs] [Times: user=0.03 sys=0.00, real=0.02 secs] 
2020-03-19T11:00:45.556+0800: 6849.181: [GC (Allocation Failure) 2020-03-19T11:00:45.557+0800: 6849.181: [ParNew: 160213K->2817K(176960K), 0.0316331 secs] 290449K->133073K(362900K), 0.0322576 secs] [Times: user=0.03 sys=0.00, real=0.04 secs] 
2020-03-19T11:00:51.640+0800: 6855.265: [GC (Allocation Failure) 2020-03-19T11:00:51.641+0800: 6855.265: [ParNew: 160129K->2903K(176960K), 0.0141033 secs] 290385K->133186K(362900K), 0.0144759 secs] [Times: user=0.03 sys=0.00, real=0.01 secs] 
2020-03-19T11:00:57.943+0800: 6861.568: [GC (Allocation Failure) 2020-03-19T11:00:57.944+0800: 6861.568: [ParNew: 160215K->2813K(176960K), 0.0254219 secs] 290498K->133115K(362900K), 0.0258320 secs] [Times: user=0.02 sys=0.00, real=0.03 secs] 
2020-03-19T11:01:02.363+0800: 6865.988: [GC (Allocation Failure) 2020-03-19T11:01:02.363+0800: 6865.988: [ParNew: 160125K->2886K(176960K), 0.0133083 secs] 290427K->133208K(362900K), 0.0136732 secs] [Times: user=0.02 sys=0.00, real=0.01 secs] 
2020-03-19T11:01:07.695+0800: 6871.320: [GC (Allocation Failure) 2020-03-19T11:01:07.695+0800: 6871.320: [ParNew: 160195K->1870K(176960K), 0.0136204 secs] 290517K->132219K(362900K), 0.0140011 secs] [Times: user=0.02 sys=0.01, real=0.02 secs] 
2020-03-19T11:01:14.454+0800: 6878.079: [GC (Allocation Failure) 2020-03-19T11:01:14.455+0800: 6878.079: [ParNew: 159182K->2862K(176960K), 0.0246158 secs] 289531K->133234K(362900K), 0.0251116 secs] [Times: user=0.03 sys=0.00, real=0.03 secs] 
2020-03-19T11:01:18.798+0800: 6882.422: [GC (Allocation Failure) 2020-03-19T11:01:18.798+0800: 6882.423: [ParNew: 160174K->2890K(176960K), 0.0209405 secs] 290546K->133287K(362900K), 0.0215491 secs] [Times: user=0.02 sys=0.00, real=0.03 secs] 
2020-03-19T11:01:26.094+0800: 6889.718: [GC (Allocation Failure) 2020-03-19T11:01:26.094+0800: 6889.718: [ParNew: 160202K->2803K(176960K), 0.0144242 secs] 290599K->133218K(362900K), 0.0147981 secs] [Times: user=0.03 sys=0.00, real=0.02 secs] 
2020-03-19T11:01:31.990+0800: 6895.614: [GC (Allocation Failure) 2020-03-19T11:01:31.990+0800: 6895.615: [ParNew: 160115K->2883K(176960K), 0.0154870 secs] 290530K->133312K(362900K), 0.0159698 secs] [Times: user=0.03 sys=0.00, real=0.01 secs] 
2020-03-19T11:01:37.640+0800: 6901.264: [GC (Allocation Failure) 2020-03-19T11:01:37.640+0800: 6901.264: [ParNew: 160195K->2827K(176960K), 0.0283984 secs] 290624K->133276K(362900K), 0.0288047 secs] [Times: user=0.03 sys=0.00, real=0.03 secs] 
2020-03-19T11:01:44.638+0800: 6908.263: [GC (Allocation Failure) 2020-03-19T11:01:44.638+0800: 6908.263: [ParNew: 160139K->2897K(176960K), 0.0216659 secs] 290588K->133368K(362900K), 0.0220353 secs] [Times: user=0.03 sys=0.00, real=0.02 secs] 
2020-03-19T11:01:49.409+0800: 6913.033: [GC (Allocation Failure) 2020-03-19T11:01:49.409+0800: 6913.033: [ParNew: 160209K->2904K(176960K), 0.0152115 secs] 290680K->133411K(362900K), 0.0156696 secs] [Times: user=0.03 sys=0.00, real=0.01 secs] 
2020-03-19T11:01:55.682+0800: 6919.306: [GC (Allocation Failure) 2020-03-19T11:01:55.682+0800: 6919.307: [ParNew: 160216K->2813K(176960K), 0.0247356 secs] 290723K->133342K(362900K), 0.0252013 secs] [Times: user=0.02 sys=0.00, real=0.03 secs] 
2020-03-19T11:02:00.735+0800: 6924.360: [GC (Allocation Failure) 2020-03-19T11:02:00.735+0800: 6924.360: [ParNew: 160125K->2879K(176960K), 0.0191965 secs] 290654K->133427K(362900K), 0.0197101 secs] [Times: user=0.03 sys=0.00, real=0.02 secs] 
2020-03-19T11:02:05.821+0800: 6929.446: [GC (Allocation Failure) 2020-03-19T11:02:05.821+0800: 6929.446: [ParNew: 158567K->4561K(176960K), 0.0160014 secs] 289115K->135131K(362900K), 0.0163764 secs] [Times: user=0.03 sys=0.00, real=0.01 secs] 
2020-03-19T11:02:12.793+0800: 6936.418: [GC (Allocation Failure) 2020-03-19T11:02:12.794+0800: 6936.418: [ParNew: 161873K->2583K(176960K), 0.0243525 secs] 292443K->133176K(362900K), 0.0251075 secs] [Times: user=0.03 sys=0.00, real=0.03 secs] 
2020-03-19T11:02:16.829+0800: 6940.454: [GC (Allocation Failure) 2020-03-19T11:02:16.829+0800: 6940.454: [ParNew: 159895K->3039K(176960K), 0.0134327 secs] 290488K->133654K(362900K), 0.0137931 secs] [Times: user=0.03 sys=0.00, real=0.01 secs] 
2020-03-19T11:02:24.152+0800: 6947.777: [GC (Allocation Failure) 2020-03-19T11:02:24.153+0800: 6947.777: [ParNew: 160351K->2935K(176960K), 0.0229128 secs] 290966K->133573K(362900K), 0.0236951 secs] [Times: user=0.02 sys=0.00, real=0.02 secs] 
2020-03-19T11:02:30.350+0800: 6953.974: [GC (Allocation Failure) 2020-03-19T11:02:30.350+0800: 6953.974: [ParNew: 160247K->2891K(176960K), 0.0339622 secs] 290885K->133542K(362900K), 0.0344366 secs] [Times: user=0.03 sys=0.00, real=0.03 secs] 
2020-03-19T11:02:35.818+0800: 6959.442: [GC (Allocation Failure) 2020-03-19T11:02:35.818+0800: 6959.442: [ParNew: 159491K->3765K(176960K), 0.0137627 secs] 290141K->134434K(362900K), 0.0141965 secs] [Times: user=0.02 sys=0.00, real=0.02 secs] 
2020-03-19T11:02:42.846+0800: 6966.471: [GC (Allocation Failure) 2020-03-19T11:02:42.847+0800: 6966.472: [ParNew: 161077K->2581K(176960K), 0.0274440 secs] 291746K->133280K(362900K), 0.0290328 secs] [Times: user=0.02 sys=0.00, real=0.03 secs] 
2020-03-19T11:02:46.884+0800: 6970.508: [GC (Allocation Failure) 2020-03-19T11:02:46.884+0800: 6970.509: [ParNew: 159893K->2024K(176960K), 0.0145184 secs] 290592K->132745K(362900K), 0.0148949 secs] [Times: user=0.03 sys=0.00, real=0.02 secs] 
2020-03-19T11:02:54.089+0800: 6977.713: [GC (Allocation Failure) 2020-03-19T11:02:54.089+0800: 6977.714: [ParNew: 159336K->2937K(176960K), 0.0145491 secs] 290057K->133682K(362900K), 0.0150142 secs] [Times: user=0.03 sys=0.00, real=0.01 secs] 
2020-03-19T11:03:00.018+0800: 6983.642: [GC (Allocation Failure) 2020-03-19T11:03:00.021+0800: 6983.646: [ParNew: 160249K->3826K(176960K), 0.0483396 secs] 290994K->134592K(362900K), 0.0518764 secs] [Times: user=0.03 sys=0.00, real=0.06 secs] 
2020-03-19T11:03:04.620+0800: 6988.245: [GC (Allocation Failure) 2020-03-19T11:03:04.620+0800: 6988.245: [ParNew: 161138K->3394K(176960K), 0.0272031 secs] 291904K->134179K(362900K), 0.0276250 secs] [Times: user=0.03 sys=0.00, real=0.03 secs] 
2020-03-19T11:03:10.820+0800: 6994.444: [GC (Allocation Failure) 2020-03-19T11:03:10.820+0800: 6994.445: [ParNew: 160706K->2594K(176960K), 0.0320761 secs] 291491K->133408K(362900K), 0.0327164 secs] [Times: user=0.03 sys=0.00, real=0.03 secs] 
2020-03-19T11:03:15.739+0800: 6999.363: [GC (Allocation Failure) 2020-03-19T11:03:15.739+0800: 6999.364: [ParNew: 159906K->2552K(176960K), 0.0182735 secs] 290720K->133389K(362900K), 0.0187074 secs] [Times: user=0.03 sys=0.00, real=0.01 secs] 
2020-03-19T11:03:22.275+0800: 7005.900: [GC (Allocation Failure) 2020-03-19T11:03:22.276+0800: 7005.900: [ParNew: 159864K->2915K(176960K), 0.0144697 secs] 290701K->133774K(362900K), 0.0148719 secs] [Times: user=0.02 sys=0.00, real=0.02 secs] 
2020-03-19T11:03:28.926+0800: 7012.550: [GC (Allocation Failure) 2020-03-19T11:03:28.926+0800: 7012.551: [ParNew: 160227K->2867K(176960K), 0.0133434 secs] 291086K->133744K(362900K), 0.0137421 secs] [Times: user=0.03 sys=0.00, real=0.02 secs] 
2020-03-19T11:03:34.454+0800: 7018.079: [GC (Allocation Failure) 2020-03-19T11:03:34.454+0800: 7018.079: [ParNew: 160179K->2784K(176960K), 0.0141571 secs] 291056K->133675K(362900K), 0.0145383 secs] [Times: user=0.02 sys=0.00, real=0.02 secs] 
2020-03-19T11:03:40.857+0800: 7024.482: [GC (Allocation Failure) 2020-03-19T11:03:40.858+0800: 7024.482: [ParNew: 160096K->2867K(176960K), 0.0138893 secs] 290987K->133782K(362900K), 0.0142624 secs] [Times: user=0.03 sys=0.00, real=0.02 secs] 
2020-03-19T11:03:45.763+0800: 7029.388: [GC (Allocation Failure) 2020-03-19T11:03:45.763+0800: 7029.388: [ParNew: 160179K->2790K(176960K), 0.0164263 secs] 291094K->133722K(362900K), 0.0168594 secs] [Times: user=0.03 sys=0.00, real=0.02 secs] 
2020-03-19T11:03:52.305+0800: 7035.929: [GC (Allocation Failure) 2020-03-19T11:03:52.305+0800: 7035.929: [ParNew: 160102K->2264K(176960K), 0.0215756 secs] 291034K->133224K(362900K), 0.0219412 secs] [Times: user=0.02 sys=0.00, real=0.03 secs] 
2020-03-19T11:03:58.389+0800: 7042.013: [GC (Allocation Failure) 2020-03-19T11:03:58.389+0800: 7042.013: [ParNew: 159576K->1958K(176960K), 0.0165269 secs] 290536K->132941K(362900K), 0.0169340 secs] [Times: user=0.03 sys=0.00, real=0.01 secs] 
2020-03-19T11:04:02.392+0800: 7046.017: [GC (Allocation Failure) 2020-03-19T11:04:02.393+0800: 7046.017: [ParNew: 159270K->2971K(176960K), 0.0154258 secs] 290253K->133969K(362900K), 0.0157793 secs] [Times: user=0.03 sys=0.00, real=0.02 secs] 
2020-03-19T11:04:06.900+0800: 7050.524: [GC (Allocation Failure) 2020-03-19T11:04:06.900+0800: 7050.524: [ParNew: 160283K->2840K(176960K), 0.0139282 secs] 291281K->133862K(362900K), 0.0142604 secs] [Times: user=0.03 sys=0.00, real=0.01 secs] 
2020-03-19T11:04:14.157+0800: 7057.782: [GC (Allocation Failure) 2020-03-19T11:04:14.158+0800: 7057.782: [ParNew: 160152K->3474K(176960K), 0.0154322 secs] 291174K->134515K(362900K), 0.0158577 secs] [Times: user=0.04 sys=0.00, real=0.02 secs] 
2020-03-19T11:04:18.309+0800: 7061.934: [GC (Allocation Failure) 2020-03-19T11:04:18.310+0800: 7061.934: [ParNew: 160786K->3548K(176960K), 0.0368711 secs] 291827K->134613K(362900K), 0.0374438 secs] [Times: user=0.03 sys=0.00, real=0.04 secs] 
2020-03-19T11:04:24.596+0800: 7068.220: [GC (Allocation Failure) 2020-03-19T11:04:24.596+0800: 7068.220: [ParNew: 160860K->3702K(176960K), 0.0205988 secs] 291925K->134791K(362900K), 0.0209474 secs] [Times: user=0.03 sys=0.00, real=0.02 secs] 
2020-03-19T11:04:30.748+0800: 7074.372: [GC (Allocation Failure) 2020-03-19T11:04:30.748+0800: 7074.372: [ParNew: 161014K->3784K(176960K), 0.0158113 secs] 292103K->134886K(362900K), 0.0162049 secs] [Times: user=0.03 sys=0.00, real=0.01 secs] 
2020-03-19T11:04:35.920+0800: 7079.544: [GC (Allocation Failure) 2020-03-19T11:04:35.920+0800: 7079.545: [ParNew: 161096K->2718K(176960K), 0.0262066 secs] 292198K->133840K(362900K), 0.0266493 secs] [Times: user=0.02 sys=0.00, real=0.03 secs] 
2020-03-19T11:04:42.952+0800: 7086.576: [GC (Allocation Failure) 2020-03-19T11:04:42.952+0800: 7086.576: [ParNew: 160030K->3890K(176960K), 0.0316394 secs] 291152K->135034K(362900K), 0.0320161 secs] [Times: user=0.03 sys=0.00, real=0.03 secs] 
2020-03-19T11:04:46.922+0800: 7090.547: [GC (Allocation Failure) 2020-03-19T11:04:46.923+0800: 7090.547: [ParNew: 161202K->3755K(176960K), 0.0181446 secs] 292346K->134925K(362900K), 0.0185191 secs] [Times: user=0.03 sys=0.00, real=0.02 secs] 
2020-03-19T11:04:52.958+0800: 7096.582: [GC (Allocation Failure) 2020-03-19T11:04:52.958+0800: 7096.583: [ParNew: 161067K->3857K(176960K), 0.0156390 secs] 292237K->135049K(362900K), 0.0160099 secs] [Times: user=0.02 sys=0.01, real=0.02 secs] 
2020-03-19T11:04:59.454+0800: 7103.079: [GC (Allocation Failure) 2020-03-19T11:04:59.454+0800: 7103.079: [ParNew: 161169K->3822K(176960K), 0.0158372 secs] 292361K->135035K(362900K), 0.0162288 secs] [Times: user=0.03 sys=0.00, real=0.02 secs] 
2020-03-19T11:05:03.229+0800: 7106.853: [GC (Allocation Failure) 2020-03-19T11:05:03.229+0800: 7106.854: [ParNew: 161134K->3749K(176960K), 0.0355242 secs] 292347K->134985K(362900K), 0.0361904 secs] [Times: user=0.04 sys=0.00, real=0.03 secs] 
2020-03-19T11:05:08.434+0800: 7112.058: [GC (Allocation Failure) 2020-03-19T11:05:08.434+0800: 7112.058: [ParNew: 161061K->3770K(176960K), 0.0204477 secs] 292297K->135028K(362900K), 0.0209504 secs] [Times: user=0.03 sys=0.00, real=0.02 secs] 
2020-03-19T11:05:14.781+0800: 7118.406: [GC (Allocation Failure) 2020-03-19T11:05:14.782+0800: 7118.406: [ParNew: 161082K->5053K(176960K), 0.0155153 secs] 292340K->136337K(362900K), 0.0158833 secs] [Times: user=0.04 sys=0.00, real=0.01 secs] 
2020-03-19T11:05:19.845+0800: 7123.470: [GC (Allocation Failure) 2020-03-19T11:05:19.846+0800: 7123.470: [ParNew: 162365K->3441K(176960K), 0.0232061 secs] 293649K->134748K(362900K), 0.0238715 secs] [Times: user=0.03 sys=0.00, real=0.03 secs] 
2020-03-19T11:05:26.601+0800: 7130.226: [GC (Allocation Failure) 2020-03-19T11:05:26.601+0800: 7130.226: [ParNew: 160753K->3430K(176960K), 0.0529884 secs] 292060K->134751K(362900K), 0.0537952 secs] [Times: user=0.03 sys=0.00, real=0.05 secs] 
2020-03-19T11:05:32.630+0800: 7136.254: [GC (Allocation Failure) 2020-03-19T11:05:32.630+0800: 7136.255: [ParNew: 160742K->2517K(176960K), 0.0288188 secs] 292063K->134340K(362900K), 0.0295121 secs] [Times: user=0.03 sys=0.00, real=0.03 secs] 
2020-03-19T11:05:38.448+0800: 7142.072: [GC (Allocation Failure) 2020-03-19T11:05:38.448+0800: 7142.073: [ParNew: 159829K->3190K(176960K), 0.0205455 secs] 291652K->135040K(362900K), 0.0209701 secs] [Times: user=0.02 sys=0.00, real=0.02 secs] 
2020-03-19T11:05:44.798+0800: 7148.422: [GC (Allocation Failure) 2020-03-19T11:05:44.798+0800: 7148.423: [ParNew: 160502K->4152K(176960K), 0.0158838 secs] 292352K->136022K(362900K), 0.0163403 secs] [Times: user=0.03 sys=0.00, real=0.02 secs] 
2020-03-19T11:05:49.984+0800: 7153.609: [GC (Allocation Failure) 2020-03-19T11:05:49.985+0800: 7153.609: [ParNew: 161464K->3629K(176960K), 0.0227874 secs] 293334K->135642K(362900K), 0.0232500 secs] [Times: user=0.02 sys=0.00, real=0.03 secs] 
2020-03-19T11:05:56.551+0800: 7160.175: [GC (Allocation Failure) 2020-03-19T11:05:56.551+0800: 7160.175: [ParNew: 160941K->2610K(176960K), 0.0152858 secs] 292954K->134643K(362900K), 0.0157050 secs] [Times: user=0.02 sys=0.01, real=0.02 secs] 
2020-03-19T11:06:00.777+0800: 7164.401: [GC (Allocation Failure) 2020-03-19T11:06:00.777+0800: 7164.402: [ParNew: 159922K->3575K(176960K), 0.0158504 secs] 291955K->135625K(362900K), 0.0162055 secs] [Times: user=0.03 sys=0.00, real=0.02 secs] 
2020-03-19T11:06:06.292+0800: 7169.916: [GC (Allocation Failure) 2020-03-19T11:06:06.292+0800: 7169.916: [ParNew: 160887K->3380K(176960K), 0.0136219 secs] 292937K->135453K(362900K), 0.0140355 secs] [Times: user=0.03 sys=0.00, real=0.01 secs] 
2020-03-19T11:06:13.652+0800: 7177.277: [GC (Allocation Failure) 2020-03-19T11:06:13.653+0800: 7177.277: [ParNew: 160692K->2620K(176960K), 0.0165287 secs] 292765K->134716K(362900K), 0.0168908 secs] [Times: user=0.03 sys=0.00, real=0.02 secs] 
2020-03-19T11:06:17.633+0800: 7181.257: [GC (Allocation Failure) 2020-03-19T11:06:17.633+0800: 7181.258: [ParNew: 159932K->2613K(176960K), 0.0135888 secs] 292028K->134730K(362900K), 0.0139471 secs] [Times: user=0.02 sys=0.00, real=0.02 secs] 
2020-03-19T11:06:24.630+0800: 7188.254: [GC (Allocation Failure) 2020-03-19T11:06:24.630+0800: 7188.255: [ParNew: 159925K->2859K(176960K), 0.0157000 secs] 292042K->134997K(362900K), 0.0161194 secs] [Times: user=0.03 sys=0.00, real=0.01 secs] 
2020-03-19T11:06:30.766+0800: 7194.390: [GC (Allocation Failure) 2020-03-19T11:06:30.766+0800: 7194.390: [ParNew: 160171K->2912K(176960K), 0.0157633 secs] 292309K->135063K(362900K), 0.0161666 secs] [Times: user=0.02 sys=0.01, real=0.02 secs] 
2020-03-19T11:06:36.315+0800: 7199.940: [GC (Allocation Failure) 2020-03-19T11:06:36.315+0800: 7199.940: [ParNew: 160224K->2245K(176960K), 0.0161020 secs] 292375K->134455K(362900K), 0.0164647 secs] [Times: user=0.02 sys=0.00, real=0.02 secs] 
2020-03-19T11:06:43.678+0800: 7207.302: [GC (Allocation Failure) 2020-03-19T11:06:43.678+0800: 7207.303: [ParNew: 159557K->2032K(176960K), 0.0164266 secs] 291767K->134269K(362900K), 0.0168253 secs] [Times: user=0.03 sys=0.00, real=0.02 secs] 
2020-03-19T11:06:47.782+0800: 7211.406: [GC (Allocation Failure) 2020-03-19T11:06:47.782+0800: 7211.407: [ParNew: 159344K->2836K(176960K), 0.0201349 secs] 291581K->135094K(362900K), 0.0207005 secs] [Times: user=0.03 sys=0.00, real=0.02 secs] 
2020-03-19T11:06:54.408+0800: 7218.033: [GC (Allocation Failure) 2020-03-19T11:06:54.409+0800: 7218.033: [ParNew: 160148K->2873K(176960K), 0.0237107 secs] 292406K->135155K(362900K), 0.0241025 secs] [Times: user=0.02 sys=0.00, real=0.02 secs] 
2020-03-19T11:07:00.067+0800: 7223.691: [GC (Allocation Failure) 2020-03-19T11:07:00.067+0800: 7223.692: [ParNew: 160185K->2872K(176960K), 0.0236877 secs] 292467K->135175K(362900K), 0.0241397 secs] [Times: user=0.03 sys=0.00, real=0.02 secs] 
2020-03-19T11:07:05.104+0800: 7228.728: [GC (Allocation Failure) 2020-03-19T11:07:05.104+0800: 7228.729: [ParNew: 160184K->2256K(176960K), 0.0252068 secs] 292487K->134579K(362900K), 0.0257116 secs] [Times: user=0.03 sys=0.01, real=0.03 secs] 
2020-03-19T11:07:11.295+0800: 7234.920: [GC (Allocation Failure) 2020-03-19T11:07:11.295+0800: 7234.920: [ParNew: 159568K->3006K(176960K), 0.0138964 secs] 291891K->135356K(362900K), 0.0142303 secs] [Times: user=0.03 sys=0.00, real=0.02 secs] 
2020-03-19T11:07:15.764+0800: 7239.388: [GC (Allocation Failure) 2020-03-19T11:07:15.764+0800: 7239.388: [ParNew: 160318K->3751K(176960K), 0.0252100 secs] 292668K->136126K(362900K), 0.0256699 secs] [Times: user=0.03 sys=0.00, real=0.03 secs] 
2020-03-19T11:07:21.109+0800: 7244.734: [GC (Allocation Failure) 2020-03-19T11:07:21.109+0800: 7244.734: [ParNew: 161063K->2699K(176960K), 0.0185776 secs] 293438K->135093K(362900K), 0.0189242 secs] [Times: user=0.02 sys=0.00, real=0.02 secs] 
2020-03-19T11:07:27.157+0800: 7250.782: [GC (Allocation Failure) 2020-03-19T11:07:27.158+0800: 7250.782: [ParNew: 160011K->2751K(176960K), 0.0291892 secs] 292405K->135160K(362900K), 0.0298515 secs] [Times: user=0.04 sys=0.00, real=0.04 secs] 
2020-03-19T11:07:33.140+0800: 7256.765: [GC (Allocation Failure) 2020-03-19T11:07:33.140+0800: 7256.765: [ParNew: 160063K->2973K(176960K), 0.0217879 secs] 292472K->135400K(362900K), 0.0221945 secs] [Times: user=0.02 sys=0.00, real=0.02 secs] 
2020-03-19T11:07:38.577+0800: 7262.201: [GC (Allocation Failure) 2020-03-19T11:07:38.577+0800: 7262.201: [ParNew: 160285K->2920K(176960K), 0.0392592 secs] 292712K->135372K(362900K), 0.0396973 secs] [Times: user=0.03 sys=0.00, real=0.04 secs] 
2020-03-19T11:07:44.806+0800: 7268.430: [GC (Allocation Failure) 2020-03-19T11:07:44.806+0800: 7268.430: [ParNew: 160232K->3077K(176960K), 0.0151413 secs] 292684K->135548K(362900K), 0.0154749 secs] [Times: user=0.03 sys=0.00, real=0.02 secs] 
2020-03-19T11:07:49.930+0800: 7273.555: [GC (Allocation Failure) 2020-03-19T11:07:49.931+0800: 7273.555: [ParNew: 160386K->3457K(176960K), 0.0210556 secs] 292857K->135955K(362900K), 0.0215077 secs] [Times: user=0.03 sys=0.00, real=0.02 secs] 
2020-03-19T11:07:56.431+0800: 7280.055: [GC (Allocation Failure) 2020-03-19T11:07:56.431+0800: 7280.056: [ParNew: 160769K->2577K(176960K), 0.0144670 secs] 293267K->135094K(362900K), 0.0148123 secs] [Times: user=0.02 sys=0.00, real=0.01 secs] 
2020-03-19T11:08:00.777+0800: 7284.401: [GC (Allocation Failure) 2020-03-19T11:08:00.777+0800: 7284.401: [ParNew: 159889K->3608K(176960K), 0.0231138 secs] 292406K->136143K(362900K), 0.0242894 secs] [Times: user=0.03 sys=0.00, real=0.03 secs] 
2020-03-19T11:08:06.307+0800: 7289.932: [GC (Allocation Failure) 2020-03-19T11:08:06.307+0800: 7289.932: [ParNew: 160920K->3416K(176960K), 0.0207040 secs] 293455K->135976K(362900K), 0.0210984 secs] [Times: user=0.02 sys=0.00, real=0.02 secs] 
2020-03-19T11:08:13.076+0800: 7296.700: [GC (Allocation Failure) 2020-03-19T11:08:13.076+0800: 7296.701: [ParNew: 160728K->2652K(176960K), 0.0201254 secs] 293288K->135232K(362900K), 0.0205253 secs] [Times: user=0.03 sys=0.00, real=0.02 secs] 
2020-03-19T11:08:15.752+0800: 7299.376: [GC (Allocation Failure) 2020-03-19T11:08:15.752+0800: 7299.377: [ParNew: 159964K->2651K(176960K), 0.0203519 secs] 292544K->135254K(362900K), 0.0207652 secs] [Times: user=0.04 sys=0.00, real=0.02 secs] 
2020-03-19T11:08:21.896+0800: 7305.521: [GC (Allocation Failure) 2020-03-19T11:08:21.897+0800: 7305.521: [ParNew: 159963K->3303K(176960K), 0.0207799 secs] 292566K->135926K(362900K), 0.0211336 secs] [Times: user=0.02 sys=0.00, real=0.02 secs] 
2020-03-19T11:08:28.685+0800: 7312.309: [GC (Allocation Failure) 2020-03-19T11:08:28.685+0800: 7312.309: [ParNew: 160615K->2993K(176960K), 0.0140746 secs] 293238K->135634K(362900K), 0.0145596 secs] [Times: user=0.03 sys=0.00, real=0.02 secs] 
2020-03-19T11:08:34.302+0800: 7317.927: [GC (Allocation Failure) 2020-03-19T11:08:34.303+0800: 7317.927: [ParNew: 160305K->3011K(176960K), 0.0219235 secs] 292946K->135671K(362900K), 0.0223540 secs] [Times: user=0.03 sys=0.00, real=0.02 secs] 
2020-03-19T11:08:40.665+0800: 7324.290: [GC (Allocation Failure) 2020-03-19T11:08:40.666+0800: 7324.290: [ParNew: 160323K->2980K(176960K), 0.0186732 secs] 292983K->135660K(362900K), 0.0190368 secs] [Times: user=0.03 sys=0.00, real=0.02 secs] 
2020-03-19T11:08:45.739+0800: 7329.364: [GC (Allocation Failure) 2020-03-19T11:08:45.739+0800: 7329.364: [ParNew: 160292K->2889K(176960K), 0.0182714 secs] 292972K->135641K(362900K), 0.0186958 secs] [Times: user=0.03 sys=0.00, real=0.01 secs] 
2020-03-19T11:08:52.003+0800: 7335.628: [GC (Allocation Failure) 2020-03-19T11:08:52.003+0800: 7335.628: [ParNew: 160201K->3066K(176960K), 0.0223138 secs] 292953K->135842K(362900K), 0.0228084 secs] [Times: user=0.02 sys=0.00, real=0.03 secs] 
2020-03-19T11:08:58.488+0800: 7342.113: [GC (Allocation Failure) 2020-03-19T11:08:58.488+0800: 7342.113: [ParNew: 160378K->1905K(176960K), 0.0145930 secs] 293154K->134701K(362900K), 0.0149813 secs] [Times: user=0.02 sys=0.00, real=0.01 secs] 
2020-03-19T11:09:02.683+0800: 7346.308: [GC (Allocation Failure) 2020-03-19T11:09:02.684+0800: 7346.308: [ParNew: 159217K->2897K(176960K), 0.0147097 secs] 292013K->135721K(362900K), 0.0150495 secs] [Times: user=0.03 sys=0.00, real=0.02 secs] 
2020-03-19T11:09:08.229+0800: 7351.854: [GC (Allocation Failure) 2020-03-19T11:09:08.229+0800: 7351.854: [ParNew: 160209K->2805K(176960K), 0.0256801 secs] 293033K->135668K(362900K), 0.0260413 secs] [Times: user=0.03 sys=0.00, real=0.02 secs] 
2020-03-19T11:09:14.770+0800: 7358.395: [GC (Allocation Failure) 2020-03-19T11:09:14.771+0800: 7358.395: [ParNew: 160117K->2872K(176960K), 0.0154958 secs] 292980K->135759K(362900K), 0.0158765 secs] [Times: user=0.02 sys=0.00, real=0.02 secs] 
2020-03-19T11:09:19.250+0800: 7362.875: [GC (Allocation Failure) 2020-03-19T11:09:19.250+0800: 7362.875: [ParNew: 160184K->3031K(176960K), 0.0148556 secs] 293071K->135938K(362900K), 0.0152421 secs] [Times: user=0.02 sys=0.00, real=0.01 secs] 
2020-03-19T11:09:26.575+0800: 7370.200: [GC (Allocation Failure) 2020-03-19T11:09:26.575+0800: 7370.200: [ParNew: 160343K->2828K(176960K), 0.0143773 secs] 293250K->135749K(362900K), 0.0147751 secs] [Times: user=0.02 sys=0.01, real=0.02 secs] 
2020-03-19T11:09:32.562+0800: 7376.187: [GC (Allocation Failure) 2020-03-19T11:09:32.562+0800: 7376.187: [ParNew: 160140K->2880K(176960K), 0.0161082 secs] 293061K->135819K(362900K), 0.0166343 secs] [Times: user=0.03 sys=0.00, real=0.02 secs] 
2020-03-19T11:09:38.339+0800: 7381.964: [GC (Allocation Failure) 2020-03-19T11:09:38.339+0800: 7381.964: [ParNew: 160192K->2810K(176960K), 0.0263047 secs] 293131K->135774K(362900K), 0.0267549 secs] [Times: user=0.03 sys=0.00, real=0.03 secs] 
2020-03-19T11:09:44.795+0800: 7388.419: [GC (Allocation Failure) 2020-03-19T11:09:44.795+0800: 7388.419: [ParNew: 160122K->2873K(176960K), 0.0157838 secs] 293086K->135853K(362900K), 0.0161651 secs] [Times: user=0.03 sys=0.00, real=0.02 secs] 
2020-03-19T11:09:49.805+0800: 7393.429: [GC (Allocation Failure) 2020-03-19T11:09:49.805+0800: 7393.430: [ParNew: 160185K->2290K(176960K), 0.0374772 secs] 293165K->135292K(362900K), 0.0379947 secs] [Times: user=0.02 sys=0.00, real=0.04 secs] 
2020-03-19T11:09:56.381+0800: 7400.005: [GC (Allocation Failure) 2020-03-19T11:09:56.381+0800: 7400.006: [ParNew: 159602K->2943K(176960K), 0.0215473 secs] 292604K->135968K(362900K), 0.0219517 secs] [Times: user=0.02 sys=0.00, real=0.02 secs] 
2020-03-19T11:10:00.784+0800: 7404.408: [GC (Allocation Failure) 2020-03-19T11:10:00.784+0800: 7404.408: [ParNew: 160255K->2917K(176960K), 0.0154869 secs] 293280K->135961K(362900K), 0.0158433 secs] [Times: user=0.03 sys=0.00, real=0.02 secs] 
2020-03-19T11:10:06.337+0800: 7409.962: [GC (Allocation Failure) 2020-03-19T11:10:06.337+0800: 7409.962: [ParNew: 160229K->2268K(176960K), 0.0139672 secs] 293273K->135332K(362900K), 0.0143618 secs] [Times: user=0.03 sys=0.00, real=0.02 secs] 
2020-03-19T11:10:13.286+0800: 7416.911: [GC (Allocation Failure) 2020-03-19T11:10:13.287+0800: 7416.911: [ParNew: 159580K->3022K(176960K), 0.0145008 secs] 292644K->136109K(362900K), 0.0148777 secs] [Times: user=0.03 sys=0.00, real=0.01 secs] 
2020-03-19T11:10:17.282+0800: 7420.906: [GC (Allocation Failure) 2020-03-19T11:10:17.282+0800: 7420.906: [ParNew: 160334K->2841K(176960K), 0.0212401 secs] 293421K->135952K(362900K), 0.0217652 secs] [Times: user=0.02 sys=0.00, real=0.02 secs] 
2020-03-19T11:10:24.634+0800: 7428.259: [GC (Allocation Failure) 2020-03-19T11:10:24.635+0800: 7428.259: [ParNew: 160153K->2879K(176960K), 0.0142985 secs] 293264K->136012K(362900K), 0.0146654 secs] [Times: user=0.03 sys=0.00, real=0.02 secs] 
2020-03-19T11:10:30.749+0800: 7434.374: [GC (Allocation Failure) 2020-03-19T11:10:30.750+0800: 7434.374: [ParNew: 160191K->3818K(176960K), 0.0153645 secs] 293324K->136968K(362900K), 0.0157297 secs] [Times: user=0.03 sys=0.00, real=0.01 secs] 
2020-03-19T11:10:36.132+0800: 7439.756: [GC (Allocation Failure) 2020-03-19T11:10:36.132+0800: 7439.757: [ParNew: 161130K->2592K(176960K), 0.0141998 secs] 294280K->135761K(362900K), 0.0146501 secs] [Times: user=0.03 sys=0.00, real=0.02 secs] 
2020-03-19T11:10:37.499+0800: 7441.124: [GC (Allocation Failure) 2020-03-19T11:10:37.501+0800: 7441.125: [ParNew: 159904K->8623K(176960K), 0.0992611 secs] 293073K->141821K(362900K), 0.1009350 secs] [Times: user=0.08 sys=0.00, real=0.10 secs] 
2020-03-19T11:10:37.968+0800: 7441.593: [GC (Allocation Failure) 2020-03-19T11:10:37.969+0800: 7441.593: [ParNew: 165935K->12936K(176960K), 0.0343174 secs] 299133K->146160K(362900K), 0.0348453 secs] [Times: user=0.05 sys=0.00, real=0.03 secs] 
2020-03-19T11:10:38.482+0800: 7442.107: [GC (Allocation Failure) 2020-03-19T11:10:38.482+0800: 7442.107: [ParNew: 170248K->18301K(176960K), 0.0811911 secs] 303472K->151780K(362900K), 0.0816420 secs] [Times: user=0.06 sys=0.00, real=0.08 secs] 
2020-03-19T11:10:38.971+0800: 7442.595: [GC (Allocation Failure) 2020-03-19T11:10:38.971+0800: 7442.595: [ParNew: 175063K->13319K(176960K), 0.1418516 secs] 308541K->152817K(362900K), 0.1423376 secs] [Times: user=0.08 sys=0.00, real=0.14 secs] 
2020-03-19T11:10:39.477+0800: 7443.102: [GC (Allocation Failure) 2020-03-19T11:10:39.477+0800: 7443.102: [ParNew: 170631K->11290K(176960K), 0.1335966 secs] 310129K->154342K(362900K), 0.1340426 secs] [Times: user=0.06 sys=0.00, real=0.14 secs] 
2020-03-19T11:10:39.977+0800: 7443.601: [GC (Allocation Failure) 2020-03-19T11:10:39.977+0800: 7443.602: [ParNew: 168602K->13091K(176960K), 0.0430520 secs] 311654K->156143K(362900K), 0.0434785 secs] [Times: user=0.03 sys=0.00, real=0.05 secs] 
2020-03-19T11:10:40.378+0800: 7444.003: [GC (Allocation Failure) 2020-03-19T11:10:40.379+0800: 7444.003: [ParNew: 170403K->13979K(176960K), 0.0499761 secs] 313455K->157031K(362900K), 0.0504127 secs] [Times: user=0.03 sys=0.00, real=0.05 secs] 
2020-03-19T11:10:41.885+0800: 7445.510: [GC (Allocation Failure) 2020-03-19T11:10:41.886+0800: 7445.510: [ParNew: 171291K->18110K(176960K), 0.0349580 secs] 314343K->161162K(362900K), 0.0354268 secs] [Times: user=0.06 sys=0.00, real=0.04 secs] 
2020-03-19T11:10:42.172+0800: 7445.796: [GC (Allocation Failure) 2020-03-19T11:10:42.172+0800: 7445.796: [ParNew: 175422K->12093K(176960K), 0.0508090 secs] 318474K->156610K(362900K), 0.0513544 secs] [Times: user=0.04 sys=0.00, real=0.05 secs] 
2020-03-19T11:10:42.561+0800: 7446.185: [GC (Allocation Failure) 2020-03-19T11:10:42.561+0800: 7446.186: [ParNew: 169405K->18612K(176960K), 0.0893711 secs] 313922K->164293K(362900K), 0.0899673 secs] [Times: user=0.04 sys=0.01, real=0.09 secs] 
2020-03-19T11:10:43.097+0800: 7446.721: [GC (Allocation Failure) 2020-03-19T11:10:43.104+0800: 7446.728: [ParNew: 175924K->12719K(176960K), 0.0868126 secs] 321605K->159358K(362900K), 0.0941090 secs] [Times: user=0.06 sys=0.01, real=0.10 secs] 
2020-03-19T11:10:43.615+0800: 7447.240: [GC (Allocation Failure) 2020-03-19T11:10:43.615+0800: 7447.240: [ParNew: 170031K->11367K(176960K), 0.0754050 secs] 316670K->159930K(362900K), 0.0758779 secs] [Times: user=0.05 sys=0.00, real=0.08 secs] 
2020-03-19T11:10:44.080+0800: 7447.704: [GC (Allocation Failure) 2020-03-19T11:10:44.080+0800: 7447.705: [ParNew: 168679K->9162K(176960K), 0.0672476 secs] 317242K->160565K(362900K), 0.0678465 secs] [Times: user=0.03 sys=0.00, real=0.07 secs] 
2020-03-19T11:10:44.153+0800: 7447.777: [GC (CMS Initial Mark) [1 CMS-initial-mark: 151403K(185940K)] 161197K(362900K), 0.0277687 secs] [Times: user=0.02 sys=0.00, real=0.03 secs] 
2020-03-19T11:10:44.181+0800: 7447.806: [CMS-concurrent-mark-start]
2020-03-19T11:10:44.575+0800: 7448.200: [CMS-concurrent-mark: 0.394/0.394 secs] [Times: user=0.30 sys=0.03, real=0.39 secs] 
2020-03-19T11:10:44.575+0800: 7448.200: [CMS-concurrent-preclean-start]
2020-03-19T11:10:44.581+0800: 7448.205: [CMS-concurrent-preclean: 0.005/0.005 secs] [Times: user=0.01 sys=0.00, real=0.01 secs] 
2020-03-19T11:10:44.581+0800: 7448.205: [CMS-concurrent-abortable-preclean-start]
2020-03-19T11:10:45.803+0800: 7449.427: [GC (Allocation Failure) 2020-03-19T11:10:45.803+0800: 7449.427: [ParNew: 166474K->9523K(176960K), 0.0432070 secs] 317877K->160926K(362900K), 0.0437193 secs] [Times: user=0.04 sys=0.00, real=0.05 secs] 
2020-03-19T11:10:46.208+0800: 7449.832: [CMS-concurrent-abortable-preclean: 0.876/1.627 secs] [Times: user=1.19 sys=0.08, real=1.63 secs] 
2020-03-19T11:10:46.224+0800: 7449.849: [GC (CMS Final Remark) [YG occupancy: 150158 K (176960 K)]2020-03-19T11:10:46.225+0800: 7449.849: [Rescan (parallel) , 0.2714425 secs]2020-03-19T11:10:46.496+0800: 7450.121: [weak refs processing, 0.0020966 secs]2020-03-19T11:10:46.498+0800: 7450.123: [class unloading, 0.0648870 secs]2020-03-19T11:10:46.563+0800: 7450.188: [scrub symbol table, 0.0253603 secs]2020-03-19T11:10:46.589+0800: 7450.213: [scrub string table, 0.0027669 secs][1 CMS-remark: 151403K(185940K)] 301561K(362900K), 0.3672278 secs] [Times: user=0.30 sys=0.01, real=0.37 secs] 
2020-03-19T11:10:46.592+0800: 7450.217: [CMS-concurrent-sweep-start]
2020-03-19T11:10:46.650+0800: 7450.275: [GC (Allocation Failure) 2020-03-19T11:10:46.650+0800: 7450.275: [ParNew: 166835K->12622K(176960K), 0.0207016 secs] 315952K->161740K(362900K), 0.0210557 secs] [Times: user=0.04 sys=0.01, real=0.02 secs] 
2020-03-19T11:10:47.049+0800: 7450.673: [CMS-concurrent-sweep: 0.428/0.456 secs] [Times: user=0.62 sys=0.03, real=0.46 secs] 
2020-03-19T11:10:47.051+0800: 7450.675: [CMS-concurrent-reset-start]
2020-03-19T11:10:47.052+0800: 7450.677: [CMS-concurrent-reset: 0.001/0.001 secs] [Times: user=0.00 sys=0.00, real=0.00 secs] 
2020-03-19T11:10:47.224+0800: 7450.848: [GC (Allocation Failure) 2020-03-19T11:10:47.224+0800: 7450.848: [ParNew: 169934K->16799K(176960K), 0.0242068 secs] 283957K->130822K(367000K), 0.0246240 secs] [Times: user=0.03 sys=0.00, real=0.03 secs] 
2020-03-19T11:10:47.743+0800: 7451.368: [GC (Allocation Failure) 2020-03-19T11:10:47.743+0800: 7451.368: [ParNew: 174111K->13852K(176960K), 0.0378467 secs] 288134K->127875K(367000K), 0.0382339 secs] [Times: user=0.04 sys=0.00, real=0.04 secs] 
2020-03-19T11:10:48.163+0800: 7451.787: [GC (Allocation Failure) 2020-03-19T11:10:48.163+0800: 7451.787: [ParNew: 171164K->15010K(176960K), 0.0805447 secs] 285187K->131726K(367000K), 0.0810020 secs] [Times: user=0.04 sys=0.00, real=0.08 secs] 
2020-03-19T11:10:48.565+0800: 7452.190: [GC (Allocation Failure) 2020-03-19T11:10:48.566+0800: 7452.190: [ParNew: 172322K->15529K(176960K), 0.0439891 secs] 289038K->134581K(367000K), 0.0443983 secs] [Times: user=0.05 sys=0.00, real=0.05 secs] 
2020-03-19T11:10:51.895+0800: 7455.519: [GC (Allocation Failure) 2020-03-19T11:10:51.895+0800: 7455.519: [ParNew: 172841K->10991K(176960K), 0.0141761 secs] 291893K->132259K(367000K), 0.0145768 secs] [Times: user=0.02 sys=0.00, real=0.02 secs] 
2020-03-19T11:10:58.640+0800: 7462.264: [GC (Allocation Failure) 2020-03-19T11:10:58.640+0800: 7462.264: [ParNew: 168303K->4692K(176960K), 0.0146833 secs] 289571K->125960K(367000K), 0.0150447 secs] [Times: user=0.03 sys=0.00, real=0.01 secs] 
2020-03-19T11:11:02.688+0800: 7466.313: [GC (Allocation Failure) 2020-03-19T11:11:02.688+0800: 7466.313: [ParNew: 162004K->3671K(176960K), 0.0165258 secs] 283272K->124939K(367000K), 0.0168917 secs] [Times: user=0.03 sys=0.00, real=0.01 secs] 
2020-03-19T11:11:08.292+0800: 7471.917: [GC (Allocation Failure) 2020-03-19T11:11:08.293+0800: 7471.917: [ParNew: 160983K->5675K(176960K), 0.0227762 secs] 282251K->126942K(367000K), 0.0232323 secs] [Times: user=0.03 sys=0.00, real=0.02 secs] 
2020-03-19T11:11:14.763+0800: 7478.388: [GC (Allocation Failure) 2020-03-19T11:11:14.764+0800: 7478.389: [ParNew: 162987K->3939K(176960K), 0.0226543 secs] 284254K->125207K(367000K), 0.0237452 secs] [Times: user=0.02 sys=0.00, real=0.03 secs] 
2020-03-19T11:11:19.352+0800: 7482.977: [GC (Allocation Failure) 2020-03-19T11:11:19.353+0800: 7482.977: [ParNew: 161251K->4557K(176960K), 0.0181129 secs] 282519K->125825K(367000K), 0.0185194 secs] [Times: user=0.03 sys=0.00, real=0.02 secs] 
2020-03-19T11:11:26.651+0800: 7490.276: [GC (Allocation Failure) 2020-03-19T11:11:26.652+0800: 7490.276: [ParNew: 161869K->6248K(176960K), 0.0171938 secs] 283137K->127516K(367000K), 0.0177702 secs] [Times: user=0.02 sys=0.00, real=0.02 secs] 
2020-03-19T11:11:32.631+0800: 7496.255: [GC (Allocation Failure) 2020-03-19T11:11:32.631+0800: 7496.256: [ParNew: 163560K->4222K(176960K), 0.0209320 secs] 284828K->125490K(367000K), 0.0214774 secs] [Times: user=0.03 sys=0.00, real=0.02 secs] 
2020-03-19T11:11:38.290+0800: 7501.914: [GC (Allocation Failure) 2020-03-19T11:11:38.290+0800: 7501.915: [ParNew: 161532K->6265K(176960K), 0.0175160 secs] 282800K->127533K(367000K), 0.0179557 secs] [Times: user=0.03 sys=0.00, real=0.02 secs] 
2020-03-19T11:11:44.783+0800: 7508.408: [GC (Allocation Failure) 2020-03-19T11:11:44.784+0800: 7508.408: [ParNew: 163577K->5317K(176960K), 0.0175893 secs] 284845K->126585K(367000K), 0.0180469 secs] [Times: user=0.03 sys=0.00, real=0.02 secs] 
2020-03-19T11:11:49.888+0800: 7513.513: [GC (Allocation Failure) 2020-03-19T11:11:49.889+0800: 7513.513: [ParNew: 162629K->5230K(176960K), 0.0263179 secs] 283896K->126497K(367000K), 0.0268082 secs] [Times: user=0.03 sys=0.00, real=0.02 secs] 
2020-03-19T11:11:56.324+0800: 7519.949: [GC (Allocation Failure) 2020-03-19T11:11:56.326+0800: 7519.950: [ParNew: 162542K->7049K(176960K), 0.0205396 secs] 283809K->128316K(367000K), 0.0225465 secs] [Times: user=0.04 sys=0.00, real=0.03 secs] 
2020-03-19T11:12:00.774+0800: 7524.399: [GC (Allocation Failure) 2020-03-19T11:12:00.775+0800: 7524.399: [ParNew: 164361K->4717K(176960K), 0.0205447 secs] 285628K->126144K(367000K), 0.0209230 secs] [Times: user=0.03 sys=0.00, real=0.02 secs] 
2020-03-19T11:12:06.275+0800: 7529.900: [GC (GCLocker Initiated GC) 2020-03-19T11:12:06.276+0800: 7529.900: [ParNew: 162069K->5170K(176960K), 0.0158865 secs] 283496K->126698K(367000K), 0.0162294 secs] [Times: user=0.02 sys=0.00, real=0.02 secs] 
2020-03-19T11:12:13.337+0800: 7536.961: [GC (Allocation Failure) 2020-03-19T11:12:13.337+0800: 7536.962: [ParNew: 162482K->5166K(176960K), 0.0229513 secs] 284010K->127083K(367000K), 0.0234014 secs] [Times: user=0.02 sys=0.00, real=0.03 secs] 
2020-03-19T11:12:17.367+0800: 7540.991: [GC (Allocation Failure) 2020-03-19T11:12:17.367+0800: 7540.992: [ParNew: 162478K->3945K(176960K), 0.0430434 secs] 284395K->126586K(367000K), 0.0436631 secs] [Times: user=0.03 sys=0.00, real=0.04 secs] 
2020-03-19T11:12:24.686+0800: 7548.310: [GC (Allocation Failure) 2020-03-19T11:12:24.686+0800: 7548.310: [ParNew: 161257K->2780K(176960K), 0.0246500 secs] 283898K->125672K(367000K), 0.0251076 secs] [Times: user=0.03 sys=0.00, real=0.03 secs] 
2020-03-19T11:12:30.752+0800: 7554.377: [GC (Allocation Failure) 2020-03-19T11:12:30.753+0800: 7554.377: [ParNew: 160092K->3857K(176960K), 0.0216853 secs] 282984K->126858K(367000K), 0.0222120 secs] [Times: user=0.03 sys=0.00, real=0.02 secs] 
2020-03-19T11:12:36.013+0800: 7559.638: [GC (Allocation Failure) 2020-03-19T11:12:36.014+0800: 7559.638: [ParNew: 161169K->2232K(176960K), 0.0145075 secs] 284170K->125323K(367000K), 0.0149217 secs] [Times: user=0.03 sys=0.00, real=0.02 secs] 
2020-03-19T11:12:43.431+0800: 7567.055: [GC (Allocation Failure) 2020-03-19T11:12:43.431+0800: 7567.056: [ParNew: 159544K->3049K(176960K), 0.0156621 secs] 282635K->126184K(367000K), 0.0160663 secs] [Times: user=0.02 sys=0.00, real=0.02 secs] 
2020-03-19T11:12:47.631+0800: 7571.256: [GC (Allocation Failure) 2020-03-19T11:12:47.632+0800: 7571.256: [ParNew: 160361K->2861K(176960K), 0.0340441 secs] 283496K->126028K(367000K), 0.0348163 secs] [Times: user=0.03 sys=0.01, real=0.03 secs] 
2020-03-19T11:12:52.795+0800: 7576.420: [GC (Allocation Failure) 2020-03-19T11:12:52.796+0800: 7576.420: [ParNew: 160173K->3047K(176960K), 0.0262808 secs] 283340K->126241K(367000K), 0.0267134 secs] [Times: user=0.03 sys=0.00, real=0.03 secs] 
2020-03-19T11:12:59.455+0800: 7583.080: [GC (Allocation Failure) 2020-03-19T11:12:59.455+0800: 7583.080: [ParNew: 160359K->3004K(176960K), 0.0153730 secs] 283553K->126225K(367000K), 0.0157513 secs] [Times: user=0.03 sys=0.00, real=0.02 secs] 
2020-03-19T11:13:03.486+0800: 7587.111: [GC (Allocation Failure) 2020-03-19T11:13:03.487+0800: 7587.111: [ParNew: 160316K->2952K(176960K), 0.0257234 secs] 283537K->126193K(367000K), 0.0262257 secs] [Times: user=0.02 sys=0.01, real=0.02 secs] 
2020-03-19T11:13:09.408+0800: 7593.033: [GC (Allocation Failure) 2020-03-19T11:13:09.408+0800: 7593.033: [ParNew: 160264K->3010K(176960K), 0.0218327 secs] 283505K->126276K(367000K), 0.0222531 secs] [Times: user=0.02 sys=0.00, real=0.02 secs] 
2020-03-19T11:13:14.831+0800: 7598.455: [GC (Allocation Failure) 2020-03-19T11:13:14.831+0800: 7598.456: [ParNew: 160322K->2925K(176960K), 0.0153227 secs] 283588K->126215K(367000K), 0.0157794 secs] [Times: user=0.02 sys=0.00, real=0.02 secs] 
2020-03-19T11:13:20.669+0800: 7604.293: [GC (Allocation Failure) 2020-03-19T11:13:20.669+0800: 7604.294: [ParNew: 160237K->2432K(176960K), 0.0144236 secs] 283527K->125743K(367000K), 0.0148947 secs] [Times: user=0.03 sys=0.00, real=0.01 secs] 
2020-03-19T11:13:26.864+0800: 7610.488: [GC (Allocation Failure) 2020-03-19T11:13:26.864+0800: 7610.489: [ParNew: 159744K->3106K(176960K), 0.0232361 secs] 283055K->126431K(367000K), 0.0236596 secs] [Times: user=0.03 sys=0.00, real=0.03 secs] 
2020-03-19T11:13:32.638+0800: 7616.263: [GC (Allocation Failure) 2020-03-19T11:13:32.638+0800: 7616.263: [ParNew: 160418K->3073K(176960K), 0.0146935 secs] 283743K->126426K(367000K), 0.0150415 secs] [Times: user=0.02 sys=0.01, real=0.01 secs] 
2020-03-19T11:13:37.636+0800: 7621.260: [GC (Allocation Failure) 2020-03-19T11:13:37.636+0800: 7621.260: [ParNew: 160385K->2973K(176960K), 0.0161667 secs] 283738K->126350K(367000K), 0.0165503 secs] [Times: user=0.02 sys=0.00, real=0.02 secs] 
2020-03-19T11:13:44.769+0800: 7628.394: [GC (Allocation Failure) 2020-03-19T11:13:44.769+0800: 7628.394: [ParNew: 160285K->3036K(176960K), 0.0212947 secs] 283662K->126431K(367000K), 0.0217196 secs] [Times: user=0.03 sys=0.00, real=0.02 secs] 
2020-03-19T11:13:49.471+0800: 7633.096: [GC (Allocation Failure) 2020-03-19T11:13:49.472+0800: 7633.096: [ParNew: 160348K->3135K(176960K), 0.0244894 secs] 283743K->126554K(367000K), 0.0249074 secs] [Times: user=0.03 sys=0.01, real=0.02 secs] 
2020-03-19T11:13:55.628+0800: 7639.252: [GC (Allocation Failure) 2020-03-19T11:13:55.628+0800: 7639.253: [ParNew: 160447K->2991K(176960K), 0.0211632 secs] 283866K->126429K(367000K), 0.0216016 secs] [Times: user=0.02 sys=0.00, real=0.02 secs] 
2020-03-19T11:14:00.752+0800: 7644.376: [GC (Allocation Failure) 2020-03-19T11:14:00.752+0800: 7644.376: [ParNew: 160303K->4031K(176960K), 0.0153260 secs] 283741K->127484K(367000K), 0.0157554 secs] [Times: user=0.02 sys=0.01, real=0.02 secs] 
2020-03-19T11:14:05.819+0800: 7649.444: [GC (Allocation Failure) 2020-03-19T11:14:05.820+0800: 7649.444: [ParNew: 160688K->4455K(176960K), 0.0155511 secs] 284141K->127932K(367000K), 0.0159502 secs] [Times: user=0.02 sys=0.00, real=0.01 secs] 
2020-03-19T11:14:12.888+0800: 7656.513: [GC (Allocation Failure) 2020-03-19T11:14:12.888+0800: 7656.513: [ParNew: 161767K->2799K(176960K), 0.0166725 secs] 285244K->126294K(367000K), 0.0171106 secs] [Times: user=0.03 sys=0.00, real=0.01 secs] 
2020-03-19T11:14:16.554+0800: 7660.178: [GC (Allocation Failure) 2020-03-19T11:14:16.554+0800: 7660.179: [ParNew: 160111K->2924K(176960K), 0.0238510 secs] 283606K->126540K(367000K), 0.0249530 secs] [Times: user=0.02 sys=0.00, real=0.03 secs] 
2020-03-19T11:14:23.655+0800: 7667.280: [GC (Allocation Failure) 2020-03-19T11:14:23.656+0800: 7667.281: [ParNew: 160236K->2917K(176960K), 0.0141540 secs] 283852K->126555K(367000K), 0.0152366 secs] [Times: user=0.03 sys=0.00, real=0.02 secs] 
2020-03-19T11:14:29.921+0800: 7673.546: [GC (Allocation Failure) 2020-03-19T11:14:29.922+0800: 7673.546: [ParNew: 160229K->2889K(176960K), 0.0158035 secs] 283867K->126537K(367000K), 0.0162479 secs] [Times: user=0.03 sys=0.00, real=0.01 secs] 
2020-03-19T11:14:35.576+0800: 7679.200: [GC (Allocation Failure) 2020-03-19T11:14:35.576+0800: 7679.200: [ParNew: 160201K->2275K(176960K), 0.0142818 secs] 283849K->125941K(367000K), 0.0146873 secs] [Times: user=0.02 sys=0.00, real=0.02 secs] 
2020-03-19T11:14:42.631+0800: 7686.256: [GC (Allocation Failure) 2020-03-19T11:14:42.631+0800: 7686.256: [ParNew: 159587K->3039K(176960K), 0.0155110 secs] 283253K->126726K(367000K), 0.0159281 secs] [Times: user=0.03 sys=0.00, real=0.02 secs] 
2020-03-19T11:14:46.767+0800: 7690.391: [GC (Allocation Failure) 2020-03-19T11:14:46.767+0800: 7690.392: [ParNew: 160351K->2854K(176960K), 0.0175329 secs] 284038K->126565K(367000K), 0.0179872 secs] [Times: user=0.02 sys=0.01, real=0.01 secs] 
2020-03-19T11:14:53.551+0800: 7697.175: [GC (Allocation Failure) 2020-03-19T11:14:53.551+0800: 7697.176: [ParNew: 160166K->2903K(176960K), 0.0234270 secs] 283877K->126633K(367000K), 0.0241287 secs] [Times: user=0.03 sys=0.00, real=0.02 secs] 
2020-03-19T11:14:59.800+0800: 7703.425: [GC (Allocation Failure) 2020-03-19T11:14:59.800+0800: 7703.425: [ParNew: 160215K->3832K(176960K), 0.0163397 secs] 283945K->127582K(367000K), 0.0167193 secs] [Times: user=0.03 sys=0.00, real=0.01 secs] 
2020-03-19T11:15:04.154+0800: 7707.778: [GC (Allocation Failure) 2020-03-19T11:15:04.154+0800: 7707.779: [ParNew: 161144K->3355K(176960K), 0.0422053 secs] 284894K->127136K(367000K), 0.0426626 secs] [Times: user=0.05 sys=0.00, real=0.04 secs] 
2020-03-19T11:15:10.337+0800: 7713.962: [GC (Allocation Failure) 2020-03-19T11:15:10.337+0800: 7713.962: [ParNew: 160667K->2587K(176960K), 0.0215899 secs] 284448K->126398K(367000K), 0.0220378 secs] [Times: user=0.02 sys=0.00, real=0.03 secs] 
2020-03-19T11:15:15.396+0800: 7719.020: [GC (Allocation Failure) 2020-03-19T11:15:15.396+0800: 7719.020: [ParNew: 159899K->2555K(176960K), 0.0138339 secs] 283710K->126387K(367000K), 0.0142009 secs] [Times: user=0.03 sys=0.00, real=0.02 secs] 
2020-03-19T11:15:21.558+0800: 7725.182: [GC (Allocation Failure) 2020-03-19T11:15:21.558+0800: 7725.182: [ParNew: 159867K->2802K(176960K), 0.0218410 secs] 283699K->126652K(367000K), 0.0223101 secs] [Times: user=0.03 sys=0.00, real=0.03 secs] 
2020-03-19T11:15:28.654+0800: 7732.279: [GC (Allocation Failure) 2020-03-19T11:15:28.655+0800: 7732.279: [ParNew: 160114K->2768K(176960K), 0.0144177 secs] 283964K->126634K(367000K), 0.0147837 secs] [Times: user=0.03 sys=0.00, real=0.02 secs] 
2020-03-19T11:15:34.140+0800: 7737.764: [GC (Allocation Failure) 2020-03-19T11:15:34.140+0800: 7737.764: [ParNew: 160080K->2855K(176960K), 0.0184014 secs] 283946K->126735K(367000K), 0.0188274 secs] [Times: user=0.03 sys=0.00, real=0.02 secs] 
2020-03-19T11:15:40.335+0800: 7743.959: [GC (Allocation Failure) 2020-03-19T11:15:40.335+0800: 7743.960: [ParNew: 160167K->2869K(176960K), 0.0139554 secs] 284047K->126770K(367000K), 0.0143169 secs] [Times: user=0.03 sys=0.00, real=0.02 secs] 
2020-03-19T11:15:45.612+0800: 7749.237: [GC (Allocation Failure) 2020-03-19T11:15:45.612+0800: 7749.237: [ParNew: 160181K->2795K(176960K), 0.0210419 secs] 284082K->126735K(367000K), 0.0214220 secs] [Times: user=0.02 sys=0.00, real=0.02 secs] 
2020-03-19T11:15:51.644+0800: 7755.269: [GC (Allocation Failure) 2020-03-19T11:15:51.644+0800: 7755.269: [ParNew: 160107K->2860K(176960K), 0.0144158 secs] 284047K->126820K(367000K), 0.0147933 secs] [Times: user=0.02 sys=0.01, real=0.02 secs] 
2020-03-19T11:15:58.184+0800: 7761.809: [GC (Allocation Failure) 2020-03-19T11:15:58.184+0800: 7761.809: [ParNew: 160172K->2774K(176960K), 0.0280358 secs] 284132K->126755K(367000K), 0.0286546 secs] [Times: user=0.03 sys=0.00, real=0.03 secs] 
2020-03-19T11:16:02.630+0800: 7766.255: [GC (Allocation Failure) 2020-03-19T11:16:02.631+0800: 7766.255: [ParNew: 160086K->2840K(176960K), 0.0214377 secs] 284067K->126840K(367000K), 0.0223308 secs] [Times: user=0.02 sys=0.00, real=0.02 secs] 
2020-03-19T11:16:07.677+0800: 7771.302: [GC (Allocation Failure) 2020-03-19T11:16:07.678+0800: 7771.302: [ParNew: 160152K->2761K(176960K), 0.0226340 secs] 284152K->126782K(367000K), 0.0230018 secs] [Times: user=0.02 sys=0.00, real=0.03 secs] 
2020-03-19T11:16:14.777+0800: 7778.401: [GC (Allocation Failure) 2020-03-19T11:16:14.777+0800: 7778.401: [ParNew: 160073K->3742K(176960K), 0.0154502 secs] 284094K->127782K(367000K), 0.0158344 secs] [Times: user=0.03 sys=0.00, real=0.02 secs] 
2020-03-19T11:16:19.454+0800: 7783.078: [GC (Allocation Failure) 2020-03-19T11:16:19.454+0800: 7783.079: [ParNew: 161054K->2529K(176960K), 0.0157006 secs] 285094K->126589K(367000K), 0.0161320 secs] [Times: user=0.03 sys=0.00, real=0.02 secs] 
2020-03-19T11:16:26.487+0800: 7790.112: [GC (Allocation Failure) 2020-03-19T11:16:26.488+0800: 7790.112: [ParNew: 159841K->2547K(176960K), 0.0134250 secs] 283901K->126629K(367000K), 0.0137844 secs] [Times: user=0.03 sys=0.00, real=0.01 secs] 
2020-03-19T11:16:32.489+0800: 7796.113: [GC (Allocation Failure) 2020-03-19T11:16:32.489+0800: 7796.113: [ParNew: 159859K->2777K(176960K), 0.0231611 secs] 283941K->126873K(367000K), 0.0235447 secs] [Times: user=0.03 sys=0.00, real=0.02 secs] 
2020-03-19T11:16:37.720+0800: 7801.345: [GC (Allocation Failure) 2020-03-19T11:16:37.720+0800: 7801.345: [ParNew: 160089K->2750K(176960K), 0.0199725 secs] 284185K->126865K(367000K), 0.0203449 secs] [Times: user=0.02 sys=0.00, real=0.02 secs] 
2020-03-19T11:16:44.788+0800: 7808.412: [GC (Allocation Failure) 2020-03-19T11:16:44.788+0800: 7808.412: [ParNew: 160062K->2829K(176960K), 0.0144425 secs] 284177K->126967K(367000K), 0.0148186 secs] [Times: user=0.02 sys=0.01, real=0.01 secs] 
2020-03-19T11:16:49.457+0800: 7813.081: [GC (Allocation Failure) 2020-03-19T11:16:49.457+0800: 7813.081: [ParNew: 160141K->3193K(176960K), 0.0153576 secs] 284279K->127352K(367000K), 0.0157287 secs] [Times: user=0.03 sys=0.00, real=0.02 secs] 
2020-03-19T11:16:55.649+0800: 7819.273: [GC (Allocation Failure) 2020-03-19T11:16:55.649+0800: 7819.274: [ParNew: 160505K->2430K(176960K), 0.0147134 secs] 284664K->126611K(367000K), 0.0151058 secs] [Times: user=0.03 sys=0.00, real=0.01 secs] 
2020-03-19T11:17:00.742+0800: 7824.367: [GC (Allocation Failure) 2020-03-19T11:17:00.742+0800: 7824.367: [ParNew: 159742K->3601K(176960K), 0.0147684 secs] 283923K->127801K(367000K), 0.0151393 secs] [Times: user=0.03 sys=0.00, real=0.01 secs] 
2020-03-19T11:17:05.817+0800: 7829.442: [GC (Allocation Failure) 2020-03-19T11:17:05.817+0800: 7829.442: [ParNew: 160913K->4198K(176960K), 0.0179556 secs] 285113K->128419K(367000K), 0.0183348 secs] [Times: user=0.03 sys=0.00, real=0.02 secs] 
2020-03-19T11:17:12.934+0800: 7836.558: [GC (Allocation Failure) 2020-03-19T11:17:12.934+0800: 7836.559: [ParNew: 161510K->3255K(176960K), 0.0250956 secs] 285731K->127498K(367000K), 0.0255147 secs] [Times: user=0.03 sys=0.00, real=0.03 secs] 
2020-03-19T11:17:16.855+0800: 7840.479: [GC (Allocation Failure) 2020-03-19T11:17:16.855+0800: 7840.479: [ParNew: 160567K->2978K(176960K), 0.0137722 secs] 284810K->127241K(367000K), 0.0141823 secs] [Times: user=0.03 sys=0.00, real=0.02 secs] 
2020-03-19T11:17:23.727+0800: 7847.351: [GC (Allocation Failure) 2020-03-19T11:17:23.727+0800: 7847.352: [ParNew: 160290K->3011K(176960K), 0.0206996 secs] 284553K->127294K(367000K), 0.0211761 secs] [Times: user=0.03 sys=0.00, real=0.02 secs] 
2020-03-19T11:17:30.142+0800: 7853.766: [GC (Allocation Failure) 2020-03-19T11:17:30.142+0800: 7853.766: [ParNew: 160323K->2996K(176960K), 0.0168167 secs] 284606K->127292K(367000K), 0.0172233 secs] [Times: user=0.03 sys=0.00, real=0.02 secs] 
2020-03-19T11:17:35.814+0800: 7859.439: [GC (Allocation Failure) 2020-03-19T11:17:35.815+0800: 7859.439: [ParNew: 160308K->3516K(176960K), 0.0151318 secs] 284604K->127829K(367000K), 0.0155440 secs] [Times: user=0.02 sys=0.00, real=0.02 secs] 
2020-03-19T11:17:42.940+0800: 7866.564: [GC (Allocation Failure) 2020-03-19T11:17:42.940+0800: 7866.565: [ParNew: 160828K->3541K(176960K), 0.0322228 secs] 285141K->127877K(367000K), 0.0327106 secs] [Times: user=0.03 sys=0.00, real=0.03 secs] 
2020-03-19T11:17:46.895+0800: 7870.520: [GC (Allocation Failure) 2020-03-19T11:17:46.896+0800: 7870.520: [ParNew: 160785K->2619K(176960K), 0.0195084 secs] 285121K->126977K(367000K), 0.0199583 secs] [Times: user=0.03 sys=0.00, real=0.02 secs] 
2020-03-19T11:17:53.683+0800: 7877.307: [GC (Allocation Failure) 2020-03-19T11:17:53.683+0800: 7877.308: [ParNew: 159931K->2774K(176960K), 0.0246347 secs] 284289K->127151K(367000K), 0.0252851 secs] [Times: user=0.02 sys=0.00, real=0.03 secs] 
2020-03-19T11:17:59.811+0800: 7883.436: [GC (Allocation Failure) 2020-03-19T11:17:59.812+0800: 7883.436: [ParNew: 160086K->2948K(176960K), 0.0152002 secs] 284463K->127344K(367000K), 0.0155389 secs] [Times: user=0.03 sys=0.01, real=0.02 secs] 
2020-03-19T11:18:04.550+0800: 7888.174: [GC (Allocation Failure) 2020-03-19T11:18:04.550+0800: 7888.175: [ParNew: 160260K->3502K(176960K), 0.0248280 secs] 284656K->127916K(367000K), 0.0252404 secs] [Times: user=0.02 sys=0.00, real=0.02 secs] 
2020-03-19T11:18:10.630+0800: 7894.254: [GC (Allocation Failure) 2020-03-19T11:18:10.630+0800: 7894.255: [ParNew: 160814K->2703K(176960K), 0.0177326 secs] 285228K->127140K(367000K), 0.0181494 secs] [Times: user=0.03 sys=0.00, real=0.02 secs] 
2020-03-19T11:18:15.106+0800: 7898.730: [GC (Allocation Failure) 2020-03-19T11:18:15.106+0800: 7898.731: [ParNew: 160015K->3575K(176960K), 0.0277322 secs] 284452K->128035K(367000K), 0.0282680 secs] [Times: user=0.03 sys=0.00, real=0.03 secs] 
2020-03-19T11:18:20.304+0800: 7903.929: [GC (Allocation Failure) 2020-03-19T11:18:20.304+0800: 7903.929: [ParNew: 160887K->2369K(176960K), 0.0149632 secs] 285347K->126958K(367000K), 0.0153236 secs] [Times: user=0.03 sys=0.00, real=0.02 secs] 
2020-03-19T11:18:27.033+0800: 7910.658: [GC (Allocation Failure) 2020-03-19T11:18:27.034+0800: 7910.658: [ParNew: 159681K->2923K(176960K), 0.0134292 secs] 284270K->127528K(367000K), 0.0137991 secs] [Times: user=0.02 sys=0.00, real=0.02 secs] 
2020-03-19T11:18:33.074+0800: 7916.698: [GC (Allocation Failure) 2020-03-19T11:18:33.074+0800: 7916.699: [ParNew: 160235K->2869K(176960K), 0.0142117 secs] 284840K->127489K(367000K), 0.0146663 secs] [Times: user=0.03 sys=0.00, real=0.02 secs] 
2020-03-19T11:18:39.126+0800: 7922.751: [GC (Allocation Failure) 2020-03-19T11:18:39.126+0800: 7922.751: [ParNew: 160181K->2848K(176960K), 0.0223149 secs] 284801K->127490K(367000K), 0.0228348 secs] [Times: user=0.01 sys=0.00, real=0.02 secs] 
2020-03-19T11:18:44.922+0800: 7928.547: [GC (Allocation Failure) 2020-03-19T11:18:44.923+0800: 7928.547: [ParNew: 160160K->3669K(176960K), 0.0157621 secs] 284802K->128328K(367000K), 0.0161132 secs] [Times: user=0.03 sys=0.00, real=0.02 secs] 
2020-03-19T11:18:50.609+0800: 7934.233: [GC (Allocation Failure) 2020-03-19T11:18:50.609+0800: 7934.234: [ParNew: 160981K->2318K(176960K), 0.0149562 secs] 285640K->127003K(367000K), 0.0153306 secs] [Times: user=0.03 sys=0.00, real=0.01 secs] 
2020-03-19T11:18:56.894+0800: 7940.518: [GC (Allocation Failure) 2020-03-19T11:18:56.894+0800: 7940.519: [ParNew: 159630K->2909K(176960K), 0.0135681 secs] 284315K->127617K(367000K), 0.0139598 secs] [Times: user=0.02 sys=0.00, real=0.02 secs] 
2020-03-19T11:19:01.096+0800: 7944.720: [GC (Allocation Failure) 2020-03-19T11:19:01.096+0800: 7944.721: [ParNew: 160221K->2874K(176960K), 0.0579961 secs] 284929K->127598K(367000K), 0.0586214 secs] [Times: user=0.03 sys=0.00, real=0.06 secs] 
2020-03-19T11:19:06.845+0800: 7950.469: [GC (Allocation Failure) 2020-03-19T11:19:06.845+0800: 7950.469: [ParNew: 160186K->2236K(176960K), 0.0133753 secs] 284910K->126985K(367000K), 0.0137527 secs] [Times: user=0.02 sys=0.00, real=0.02 secs] 
2020-03-19T11:19:13.703+0800: 7957.328: [GC (Allocation Failure) 2020-03-19T11:19:13.703+0800: 7957.328: [ParNew: 159548K->2957K(176960K), 0.0199472 secs] 284297K->127725K(367000K), 0.0203564 secs] [Times: user=0.03 sys=0.00, real=0.02 secs] 
2020-03-19T11:19:17.892+0800: 7961.517: [GC (Allocation Failure) 2020-03-19T11:19:17.893+0800: 7961.517: [ParNew: 160269K->2779K(176960K), 0.0129857 secs] 285037K->127568K(367000K), 0.0133784 secs] [Times: user=0.03 sys=0.00, real=0.01 secs] 
2020-03-19T11:19:25.109+0800: 7968.734: [GC (Allocation Failure) 2020-03-19T11:19:25.109+0800: 7968.734: [ParNew: 160091K->2818K(176960K), 0.0168434 secs] 284880K->127628K(367000K), 0.0172500 secs] [Times: user=0.03 sys=0.00, real=0.02 secs] 
2020-03-19T11:19:30.992+0800: 7974.617: [GC (Allocation Failure) 2020-03-19T11:19:30.993+0800: 7974.617: [ParNew: 160130K->3735K(176960K), 0.0199369 secs] 284940K->128558K(367000K), 0.0203358 secs] [Times: user=0.03 sys=0.00, real=0.02 secs] 
2020-03-19T11:19:36.854+0800: 7980.479: [GC (Allocation Failure) 2020-03-19T11:19:36.855+0800: 7980.479: [ParNew: 161047K->2228K(176960K), 0.0180762 secs] 285870K->127071K(367000K), 0.0185864 secs] [Times: user=0.02 sys=0.00, real=0.02 secs] 
2020-03-19T11:19:43.836+0800: 7987.461: [GC (Allocation Failure) 2020-03-19T11:19:43.837+0800: 7987.461: [ParNew: 159540K->2966K(176960K), 0.0184622 secs] 284383K->127826K(367000K), 0.0188618 secs] [Times: user=0.02 sys=0.00, real=0.02 secs] 
2020-03-19T11:19:48.636+0800: 7992.260: [GC (Allocation Failure) 2020-03-19T11:19:48.636+0800: 7992.261: [ParNew: 160278K->2793K(176960K), 0.0203308 secs] 285138K->127673K(367000K), 0.0206963 secs] [Times: user=0.02 sys=0.00, real=0.02 secs] 
2020-03-19T11:19:55.008+0800: 7998.633: [GC (Allocation Failure) 2020-03-19T11:19:55.009+0800: 7998.633: [ParNew: 160105K->2837K(176960K), 0.0176983 secs] 284985K->127737K(367000K), 0.0181947 secs] [Times: user=0.03 sys=0.00, real=0.02 secs] 
2020-03-19T11:20:00.083+0800: 8003.707: [GC (Allocation Failure) 2020-03-19T11:20:00.083+0800: 8003.708: [ParNew: 160149K->2841K(176960K), 0.0164033 secs] 285049K->127759K(367000K), 0.0167712 secs] [Times: user=0.03 sys=0.00, real=0.02 secs] 
2020-03-19T11:20:05.669+0800: 8009.293: [GC (Allocation Failure) 2020-03-19T11:20:05.669+0800: 8009.294: [ParNew: 160153K->2236K(176960K), 0.0136054 secs] 285071K->127171K(367000K), 0.0140989 secs] [Times: user=0.03 sys=0.00, real=0.01 secs] 
2020-03-19T11:20:11.935+0800: 8015.559: [GC (Allocation Failure) 2020-03-19T11:20:11.935+0800: 8015.560: [ParNew: 159543K->2980K(176960K), 0.0138430 secs] 284478K->127938K(367000K), 0.0142510 secs] [Times: user=0.03 sys=0.00, real=0.02 secs] 
2020-03-19T11:20:16.175+0800: 8019.799: [GC (Allocation Failure) 2020-03-19T11:20:16.175+0800: 8019.800: [ParNew: 160292K->3722K(176960K), 0.0173811 secs] 285250K->128703K(367000K), 0.0177733 secs] [Times: user=0.03 sys=0.00, real=0.02 secs] 
2020-03-19T11:20:23.629+0800: 8027.254: [GC (Allocation Failure) 2020-03-19T11:20:23.630+0800: 8027.254: [ParNew: 161034K->2307K(176960K), 0.0137084 secs] 286015K->127306K(367000K), 0.0140977 secs] [Times: user=0.02 sys=0.00, real=0.01 secs] 
2020-03-19T11:20:29.813+0800: 8033.438: [GC (Allocation Failure) 2020-03-19T11:20:29.814+0800: 8033.438: [ParNew: 159619K->2985K(176960K), 0.0313968 secs] 284618K->127998K(367000K), 0.0318539 secs] [Times: user=0.06 sys=0.00, real=0.03 secs] 
2020-03-19T11:20:35.635+0800: 8039.259: [GC (Allocation Failure) 2020-03-19T11:20:35.635+0800: 8039.260: [ParNew: 160297K->3335K(176960K), 0.0238331 secs] 285310K->128363K(367000K), 0.0242295 secs] [Times: user=0.03 sys=0.00, real=0.03 secs] 
2020-03-19T11:20:42.340+0800: 8045.965: [GC (Allocation Failure) 2020-03-19T11:20:42.341+0800: 8045.965: [ParNew: 160647K->2571K(176960K), 0.0194327 secs] 285675K->127624K(367000K), 0.0198061 secs] [Times: user=0.02 sys=0.00, real=0.02 secs] 
2020-03-19T11:20:46.562+0800: 8050.186: [GC (Allocation Failure) 2020-03-19T11:20:46.562+0800: 8050.186: [ParNew: 159883K->2542K(176960K), 0.0162391 secs] 284936K->127611K(367000K), 0.0166631 secs] [Times: user=0.02 sys=0.00, real=0.02 secs] 
2020-03-19T11:20:53.233+0800: 8056.857: [GC (Allocation Failure) 2020-03-19T11:20:53.233+0800: 8056.858: [ParNew: 159854K->2799K(176960K), 0.0215769 secs] 284923K->127895K(367000K), 0.0222136 secs] [Times: user=0.03 sys=0.00, real=0.02 secs] 
2020-03-19T11:20:59.792+0800: 8063.416: [GC (Allocation Failure) 2020-03-19T11:20:59.792+0800: 8063.416: [ParNew: 160111K->2840K(176960K), 0.0145767 secs] 285207K->127955K(367000K), 0.0149303 secs] [Times: user=0.03 sys=0.00, real=0.02 secs] 
2020-03-19T11:21:03.895+0800: 8067.519: [GC (Allocation Failure) 2020-03-19T11:21:03.895+0800: 8067.519: [ParNew: 160152K->2137K(176960K), 0.0260081 secs] 285267K->127268K(367000K), 0.0264327 secs] [Times: user=0.03 sys=0.00, real=0.03 secs] 
2020-03-19T11:21:09.824+0800: 8073.449: [GC (Allocation Failure) 2020-03-19T11:21:09.824+0800: 8073.449: [ParNew: 159449K->2940K(176960K), 0.0133519 secs] 284580K->128099K(367000K), 0.0137361 secs] [Times: user=0.02 sys=0.00, real=0.01 secs] 
2020-03-19T11:21:15.298+0800: 8078.923: [GC (Allocation Failure) 2020-03-19T11:21:15.298+0800: 8078.923: [ParNew: 160252K->2777K(176960K), 0.0224721 secs] 285411K->127955K(367000K), 0.0228501 secs] [Times: user=0.03 sys=0.00, real=0.02 secs] 
2020-03-19T11:21:21.339+0800: 8084.964: [GC (Allocation Failure) 2020-03-19T11:21:21.340+0800: 8084.964: [ParNew: 160089K->2845K(176960K), 0.0176681 secs] 285267K->128047K(367000K), 0.0180663 secs] [Times: user=0.03 sys=0.00, real=0.01 secs] 
2020-03-19T11:21:28.224+0800: 8091.849: [GC (Allocation Failure) 2020-03-19T11:21:28.224+0800: 8091.849: [ParNew: 160157K->2753K(176960K), 0.0194681 secs] 285359K->127970K(367000K), 0.0198740 secs] [Times: user=0.03 sys=0.00, real=0.02 secs] 
2020-03-19T11:21:33.783+0800: 8097.408: [GC (Allocation Failure) 2020-03-19T11:21:33.783+0800: 8097.408: [ParNew: 160065K->2828K(176960K), 0.0204131 secs] 285282K->128063K(367000K), 0.0208860 secs] [Times: user=0.02 sys=0.00, real=0.02 secs] 
2020-03-19T11:21:39.923+0800: 8103.547: [GC (Allocation Failure) 2020-03-19T11:21:39.923+0800: 8103.548: [ParNew: 160140K->2837K(176960K), 0.0208711 secs] 285375K->128091K(367000K), 0.0212479 secs] [Times: user=0.02 sys=0.00, real=0.02 secs] 
2020-03-19T11:21:45.408+0800: 8109.033: [GC (Allocation Failure) 2020-03-19T11:21:45.408+0800: 8109.033: [ParNew: 160149K->2767K(176960K), 0.0196455 secs] 285403K->128040K(367000K), 0.0200170 secs] [Times: user=0.02 sys=0.00, real=0.02 secs] 
2020-03-19T11:21:51.574+0800: 8115.198: [GC (Allocation Failure) 2020-03-19T11:21:51.574+0800: 8115.199: [ParNew: 160079K->2850K(176960K), 0.0206015 secs] 285352K->128146K(367000K), 0.0210669 secs] [Times: user=0.02 sys=0.00, real=0.02 secs] 
2020-03-19T11:21:57.767+0800: 8121.392: [GC (Allocation Failure) 2020-03-19T11:21:57.768+0800: 8121.392: [ParNew: 160162K->2765K(176960K), 0.0165806 secs] 285458K->128082K(367000K), 0.0169211 secs] [Times: user=0.03 sys=0.00, real=0.01 secs] 
2020-03-19T11:22:01.935+0800: 8125.560: [GC (Allocation Failure) 2020-03-19T11:22:01.936+0800: 8125.560: [ParNew: 160077K->2831K(176960K), 0.0248805 secs] 285394K->128167K(367000K), 0.0253211 secs] [Times: user=0.03 sys=0.00, real=0.03 secs] 
2020-03-19T11:22:07.637+0800: 8131.261: [GC (Allocation Failure) 2020-03-19T11:22:07.637+0800: 8131.262: [ParNew: 160143K->2766K(176960K), 0.0141162 secs] 285479K->128121K(367000K), 0.0144782 secs] [Times: user=0.03 sys=0.00, real=0.02 secs] 
2020-03-19T11:22:14.418+0800: 8138.042: [GC (Allocation Failure) 2020-03-19T11:22:14.418+0800: 8138.042: [ParNew: 160078K->2832K(176960K), 0.0164939 secs] 285433K->128207K(367000K), 0.0168933 secs] [Times: user=0.03 sys=0.00, real=0.02 secs] 
2020-03-19T11:22:19.151+0800: 8142.775: [GC (Allocation Failure) 2020-03-19T11:22:19.151+0800: 8142.776: [ParNew: 160144K->2836K(176960K), 0.0148777 secs] 285519K->128233K(367000K), 0.0152608 secs] [Times: user=0.02 sys=0.00, real=0.02 secs] 
2020-03-19T11:22:25.862+0800: 8149.486: [GC (Allocation Failure) 2020-03-19T11:22:25.862+0800: 8149.486: [ParNew: 160148K->2771K(176960K), 0.0138184 secs] 285545K->128188K(367000K), 0.0141951 secs] [Times: user=0.03 sys=0.00, real=0.01 secs] 
2020-03-19T11:22:31.885+0800: 8155.510: [GC (Allocation Failure) 2020-03-19T11:22:31.885+0800: 8155.510: [ParNew: 160083K->2828K(176960K), 0.0205403 secs] 285500K->128259K(367000K), 0.0209455 secs] [Times: user=0.02 sys=0.00, real=0.03 secs] 
2020-03-19T11:22:37.703+0800: 8161.328: [GC (Allocation Failure) 2020-03-19T11:22:37.704+0800: 8161.328: [ParNew: 160140K->2770K(176960K), 0.0205441 secs] 285571K->128219K(367000K), 0.0209247 secs] [Times: user=0.02 sys=0.00, real=0.02 secs] 
2020-03-19T11:22:44.715+0800: 8168.340: [GC (Allocation Failure) 2020-03-19T11:22:44.716+0800: 8168.340: [ParNew: 160082K->2833K(176960K), 0.0239543 secs] 285531K->128304K(367000K), 0.0245441 secs] [Times: user=0.03 sys=0.00, real=0.03 secs] 
2020-03-19T11:22:49.387+0800: 8173.012: [GC (Allocation Failure) 2020-03-19T11:22:49.387+0800: 8173.012: [ParNew: 160145K->2845K(176960K), 0.0155471 secs] 285616K->128337K(367000K), 0.0159567 secs] [Times: user=0.02 sys=0.00, real=0.01 secs] 
2020-03-19T11:22:55.738+0800: 8179.363: [GC (Allocation Failure) 2020-03-19T11:22:55.738+0800: 8179.363: [ParNew: 160157K->2764K(176960K), 0.0139329 secs] 285649K->128275K(367000K), 0.0143326 secs] [Times: user=0.02 sys=0.00, real=0.02 secs] 
2020-03-19T11:23:00.760+0800: 8184.385: [GC (Allocation Failure) 2020-03-19T11:23:00.761+0800: 8184.385: [ParNew: 160076K->2834K(176960K), 0.0150481 secs] 285587K->128366K(367000K), 0.0154203 secs] [Times: user=0.03 sys=0.00, real=0.01 secs] 
2020-03-19T11:23:05.820+0800: 8189.444: [GC (Allocation Failure) 2020-03-19T11:23:05.820+0800: 8189.444: [ParNew: 160085K->5608K(176960K), 0.0144451 secs] 285617K->131160K(367000K), 0.0148318 secs] [Times: user=0.02 sys=0.01, real=0.01 secs] 
2020-03-19T11:23:13.219+0800: 8196.843: [GC (Allocation Failure) 2020-03-19T11:23:13.219+0800: 8196.844: [ParNew: 162920K->2593K(176960K), 0.0148069 secs] 288472K->128169K(367000K), 0.0152070 secs] [Times: user=0.03 sys=0.00, real=0.01 secs] 
2020-03-19T11:23:16.831+0800: 8200.456: [GC (Allocation Failure) 2020-03-19T11:23:16.831+0800: 8200.456: [ParNew: 159905K->3003K(176960K), 0.0207043 secs] 285481K->128599K(367000K), 0.0211656 secs] [Times: user=0.03 sys=0.00, real=0.02 secs] 
2020-03-19T11:23:24.064+0800: 8207.689: [GC (Allocation Failure) 2020-03-19T11:23:24.064+0800: 8207.689: [ParNew: 160315K->2893K(176960K), 0.0245450 secs] 285911K->128509K(367000K), 0.0249723 secs] [Times: user=0.02 sys=0.00, real=0.03 secs] 
2020-03-19T11:23:30.297+0800: 8213.922: [GC (Allocation Failure) 2020-03-19T11:23:30.297+0800: 8213.922: [ParNew: 160205K->2845K(176960K), 0.0142249 secs] 285821K->128475K(367000K), 0.0145574 secs] [Times: user=0.02 sys=0.00, real=0.02 secs] 
2020-03-19T11:23:35.817+0800: 8219.441: [GC (Allocation Failure) 2020-03-19T11:23:35.817+0800: 8219.441: [ParNew: 159888K->3912K(176960K), 0.0223222 secs] 285518K->129559K(367000K), 0.0227625 secs] [Times: user=0.03 sys=0.00, real=0.03 secs] 
2020-03-19T11:23:43.225+0800: 8226.850: [GC (Allocation Failure) 2020-03-19T11:23:43.226+0800: 8226.850: [ParNew: 161224K->2075K(176960K), 0.0293432 secs] 286871K->127745K(367000K), 0.0300495 secs] [Times: user=0.03 sys=0.01, real=0.03 secs] 
2020-03-19T11:23:46.894+0800: 8230.519: [GC (Allocation Failure) 2020-03-19T11:23:46.895+0800: 8230.519: [ParNew: 159387K->2822K(176960K), 0.0211139 secs] 285057K->128512K(367000K), 0.0215301 secs] [Times: user=0.03 sys=0.00, real=0.02 secs] 
2020-03-19T11:23:53.876+0800: 8237.501: [GC (Allocation Failure) 2020-03-19T11:23:53.877+0800: 8237.501: [ParNew: 160134K->2870K(176960K), 0.0140086 secs] 285824K->128579K(367000K), 0.0144442 secs] [Times: user=0.03 sys=0.00, real=0.02 secs] 
2020-03-19T11:23:59.925+0800: 8243.549: [GC (Allocation Failure) 2020-03-19T11:23:59.925+0800: 8243.549: [ParNew: 160182K->2848K(176960K), 0.0158987 secs] 285891K->128575K(367000K), 0.0162655 secs] [Times: user=0.03 sys=0.00, real=0.02 secs] 
2020-03-19T11:24:04.495+0800: 8248.120: [GC (Allocation Failure) 2020-03-19T11:24:04.495+0800: 8248.120: [ParNew: 160160K->2245K(176960K), 0.0132512 secs] 285887K->127992K(367000K), 0.0136203 secs] [Times: user=0.02 sys=0.00, real=0.02 secs] 
2020-03-19T11:24:10.795+0800: 8254.419: [GC (Allocation Failure) 2020-03-19T11:24:10.795+0800: 8254.419: [ParNew: 159557K->2982K(176960K), 0.0237467 secs] 285304K->128754K(367000K), 0.0242480 secs] [Times: user=0.04 sys=0.00, real=0.03 secs] 
2020-03-19T11:24:15.745+0800: 8259.370: [GC (Allocation Failure) 2020-03-19T11:24:15.746+0800: 8259.370: [ParNew: 160294K->2793K(176960K), 0.0141445 secs] 286066K->128584K(367000K), 0.0146351 secs] [Times: user=0.03 sys=0.00, real=0.02 secs] 
2020-03-19T11:24:22.050+0800: 8265.675: [GC (Allocation Failure) 2020-03-19T11:24:22.051+0800: 8265.675: [ParNew: 160097K->2906K(176960K), 0.0192122 secs] 285888K->128717K(367000K), 0.0196295 secs] [Times: user=0.04 sys=0.00, real=0.02 secs] 
2020-03-19T11:24:29.162+0800: 8272.787: [GC (Allocation Failure) 2020-03-19T11:24:29.163+0800: 8272.787: [ParNew: 160218K->2852K(176960K), 0.0181862 secs] 286029K->128678K(367000K), 0.0185519 secs] [Times: user=0.03 sys=0.00, real=0.02 secs] 
2020-03-19T11:24:34.437+0800: 8278.062: [GC (Allocation Failure) 2020-03-19T11:24:34.438+0800: 8278.062: [ParNew: 160164K->2780K(176960K), 0.0146198 secs] 285990K->128621K(367000K), 0.0149894 secs] [Times: user=0.03 sys=0.00, real=0.02 secs] 
2020-03-19T11:24:40.812+0800: 8284.436: [GC (Allocation Failure) 2020-03-19T11:24:40.812+0800: 8284.437: [ParNew: 160092K->2840K(176960K), 0.0320085 secs] 285933K->128704K(367000K), 0.0326903 secs] [Times: user=0.04 sys=0.00, real=0.03 secs] 
2020-03-19T11:24:45.755+0800: 8289.379: [GC (Allocation Failure) 2020-03-19T11:24:45.755+0800: 8289.380: [ParNew: 160152K->2766K(176960K), 0.0147065 secs] 286016K->128648K(367000K), 0.0151116 secs] [Times: user=0.03 sys=0.00, real=0.02 secs] 
2020-03-19T11:24:52.055+0800: 8295.679: [GC (Allocation Failure) 2020-03-19T11:24:52.055+0800: 8295.679: [ParNew: 160078K->3257K(176960K), 0.0244977 secs] 285960K->129164K(367000K), 0.0249121 secs] [Times: user=0.03 sys=0.00, real=0.03 secs] 
2020-03-19T11:24:58.684+0800: 8302.308: [GC (Allocation Failure) 2020-03-19T11:24:58.684+0800: 8302.308: [ParNew: 160569K->2440K(176960K), 0.0158882 secs] 286476K->128368K(367000K), 0.0162901 secs] [Times: user=0.03 sys=0.00, real=0.02 secs] 
2020-03-19T11:25:03.072+0800: 8306.697: [GC (Allocation Failure) 2020-03-19T11:25:03.072+0800: 8306.697: [ParNew: 159752K->2619K(176960K), 0.0141651 secs] 285680K->128566K(367000K), 0.0145265 secs] [Times: user=0.03 sys=0.00, real=0.02 secs] 
2020-03-19T11:25:08.382+0800: 8312.007: [GC (Allocation Failure) 2020-03-19T11:25:08.382+0800: 8312.007: [ParNew: 159931K->2700K(176960K), 0.0142776 secs] 285878K->128670K(367000K), 0.0146861 secs] [Times: user=0.03 sys=0.00, real=0.01 secs] 
2020-03-19T11:25:14.804+0800: 8318.428: [GC (Allocation Failure) 2020-03-19T11:25:14.804+0800: 8318.428: [ParNew: 160012K->2799K(176960K), 0.0170138 secs] 285982K->128788K(367000K), 0.0174036 secs] [Times: user=0.02 sys=0.00, real=0.02 secs] 
2020-03-19T11:25:19.845+0800: 8323.469: [GC (Allocation Failure) 2020-03-19T11:25:19.845+0800: 8323.469: [ParNew: 160111K->2235K(176960K), 0.0213915 secs] 286100K->128246K(367000K), 0.0218207 secs] [Times: user=0.02 sys=0.00, real=0.03 secs] 
2020-03-19T11:25:26.830+0800: 8330.454: [GC (Allocation Failure) 2020-03-19T11:25:26.830+0800: 8330.454: [ParNew: 159547K->2874K(176960K), 0.0198488 secs] 285558K->128905K(367000K), 0.0202225 secs] [Times: user=0.02 sys=0.00, real=0.02 secs] 
2020-03-19T11:25:32.623+0800: 8336.248: [GC (Allocation Failure) 2020-03-19T11:25:32.623+0800: 8336.248: [ParNew: 160186K->2855K(176960K), 0.0266139 secs] 286217K->128899K(367000K), 0.0271857 secs] [Times: user=0.02 sys=0.00, real=0.03 secs] 
2020-03-19T11:25:38.308+0800: 8341.933: [GC (Allocation Failure) 2020-03-19T11:25:38.308+0800: 8341.933: [ParNew: 160167K->2767K(176960K), 0.0315824 secs] 286211K->128833K(367000K), 0.0320723 secs] [Times: user=0.04 sys=0.00, real=0.03 secs] 
2020-03-19T11:25:44.804+0800: 8348.429: [GC (Allocation Failure) 2020-03-19T11:25:44.804+0800: 8348.429: [ParNew: 160079K->2828K(176960K), 0.0155494 secs] 286145K->128914K(367000K), 0.0158864 secs] [Times: user=0.02 sys=0.00, real=0.02 secs] 
2020-03-19T11:25:49.928+0800: 8353.553: [GC (Allocation Failure) 2020-03-19T11:25:49.929+0800: 8353.553: [ParNew: 160140K->3431K(176960K), 0.0243443 secs] 286226K->129539K(367000K), 0.0247635 secs] [Times: user=0.03 sys=0.00, real=0.02 secs] 
2020-03-19T11:25:56.508+0800: 8360.133: [GC (Allocation Failure) 2020-03-19T11:25:56.508+0800: 8360.133: [ParNew: 160743K->2506K(176960K), 0.0140188 secs] 286851K->128635K(367000K), 0.0144159 secs] [Times: user=0.02 sys=0.00, real=0.01 secs] 
2020-03-19T11:26:00.773+0800: 8364.397: [GC (Allocation Failure) 2020-03-19T11:26:00.773+0800: 8364.398: [ParNew: 159818K->2611K(176960K), 0.0275507 secs] 285947K->128755K(367000K), 0.0280530 secs] [Times: user=0.03 sys=0.00, real=0.03 secs] 
2020-03-19T11:26:06.237+0800: 8369.861: [GC (Allocation Failure) 2020-03-19T11:26:06.237+0800: 8369.861: [ParNew: 159923K->3291K(176960K), 0.0131229 secs] 286067K->129456K(367000K), 0.0135113 secs] [Times: user=0.02 sys=0.00, real=0.02 secs] 
2020-03-19T11:26:13.530+0800: 8377.154: [GC (Allocation Failure) 2020-03-19T11:26:13.530+0800: 8377.154: [ParNew: 160603K->2546K(176960K), 0.0229766 secs] 286768K->128732K(367000K), 0.0234629 secs] [Times: user=0.03 sys=0.00, real=0.02 secs] 
2020-03-19T11:26:17.523+0800: 8381.147: [GC (Allocation Failure) 2020-03-19T11:26:17.523+0800: 8381.148: [ParNew: 159858K->3375K(176960K), 0.0198026 secs] 286044K->129583K(367000K), 0.0202304 secs] [Times: user=0.03 sys=0.00, real=0.02 secs] 
2020-03-19T11:26:24.573+0800: 8388.197: [GC (Allocation Failure) 2020-03-19T11:26:24.573+0800: 8388.198: [ParNew: 160687K->2290K(176960K), 0.0142331 secs] 286895K->128517K(367000K), 0.0146976 secs] [Times: user=0.03 sys=0.00, real=0.02 secs] 
2020-03-19T11:26:30.763+0800: 8394.388: [GC (Allocation Failure) 2020-03-19T11:26:30.763+0800: 8394.388: [ParNew: 159602K->2559K(176960K), 0.0149029 secs] 285829K->128799K(367000K), 0.0152344 secs] [Times: user=0.02 sys=0.00, real=0.02 secs] 
2020-03-19T11:26:36.107+0800: 8399.732: [GC (Allocation Failure) 2020-03-19T11:26:36.108+0800: 8399.732: [ParNew: 159871K->3113K(176960K), 0.0131668 secs] 286111K->129370K(367000K), 0.0135858 secs] [Times: user=0.03 sys=0.00, real=0.01 secs] 
2020-03-19T11:26:43.655+0800: 8407.279: [GC (Allocation Failure) 2020-03-19T11:26:43.655+0800: 8407.280: [ParNew: 160425K->2493K(176960K), 0.0146032 secs] 286682K->128774K(367000K), 0.0150044 secs] [Times: user=0.03 sys=0.00, real=0.02 secs] 
2020-03-19T11:26:47.639+0800: 8411.264: [GC (Allocation Failure) 2020-03-19T11:26:47.640+0800: 8411.264: [ParNew: 159805K->2529K(176960K), 0.0205155 secs] 286086K->128834K(367000K), 0.0210592 secs] [Times: user=0.02 sys=0.00, real=0.02 secs] 
2020-03-19T11:26:54.172+0800: 8417.796: [GC (Allocation Failure) 2020-03-19T11:26:54.172+0800: 8417.797: [ParNew: 159841K->2780K(176960K), 0.0143733 secs] 286146K->129105K(367000K), 0.0147506 secs] [Times: user=0.02 sys=0.00, real=0.02 secs] 
2020-03-19T11:27:00.059+0800: 8423.684: [GC (Allocation Failure) 2020-03-19T11:27:00.060+0800: 8423.684: [ParNew: 160092K->2833K(176960K), 0.0150329 secs] 286417K->129179K(367000K), 0.0153938 secs] [Times: user=0.02 sys=0.00, real=0.01 secs] 
2020-03-19T11:27:05.051+0800: 8428.676: [GC (Allocation Failure) 2020-03-19T11:27:05.051+0800: 8428.676: [ParNew: 160145K->3347K(176960K), 0.0251332 secs] 286491K->129710K(367000K), 0.0256141 secs] [Times: user=0.03 sys=0.00, real=0.02 secs] 
2020-03-19T11:27:11.404+0800: 8435.028: [GC (Allocation Failure) 2020-03-19T11:27:11.404+0800: 8435.029: [ParNew: 160659K->2565K(176960K), 0.0142203 secs] 287022K->128954K(367000K), 0.0145821 secs] [Times: user=0.02 sys=0.00, real=0.02 secs] 
2020-03-19T11:27:15.767+0800: 8439.392: [GC (Allocation Failure) 2020-03-19T11:27:15.768+0800: 8439.392: [ParNew: 159877K->3366K(176960K), 0.0146710 secs] 286266K->129778K(367000K), 0.0150258 secs] [Times: user=0.03 sys=0.00, real=0.01 secs] 
2020-03-19T11:27:22.560+0800: 8446.185: [GC (Allocation Failure) 2020-03-19T11:27:22.560+0800: 8446.185: [ParNew: 160678K->2223K(176960K), 0.0237109 secs] 287090K->128653K(367000K), 0.0241424 secs] [Times: user=0.02 sys=0.00, real=0.02 secs] 
2020-03-19T11:27:29.430+0800: 8453.054: [GC (Allocation Failure) 2020-03-19T11:27:29.430+0800: 8453.055: [ParNew: 159535K->2942K(176960K), 0.0165689 secs] 285965K->129387K(367000K), 0.0170033 secs] [Times: user=0.03 sys=0.00, real=0.02 secs] 
2020-03-19T11:27:34.626+0800: 8458.251: [GC (Allocation Failure) 2020-03-19T11:27:34.627+0800: 8458.251: [ParNew: 160254K->2785K(176960K), 0.0137354 secs] 286699K->129245K(367000K), 0.0141241 secs] [Times: user=0.02 sys=0.00, real=0.01 secs] 
2020-03-19T11:27:41.413+0800: 8465.037: [GC (Allocation Failure) 2020-03-19T11:27:41.413+0800: 8465.038: [ParNew: 160097K->2839K(176960K), 0.0215597 secs] 286557K->129322K(367000K), 0.0219667 secs] [Times: user=0.02 sys=0.00, real=0.02 secs] 
2020-03-19T11:27:45.790+0800: 8469.415: [GC (Allocation Failure) 2020-03-19T11:27:45.791+0800: 8469.415: [ParNew: 160151K->2757K(176960K), 0.0155130 secs] 286634K->129257K(367000K), 0.0159375 secs] [Times: user=0.03 sys=0.00, real=0.02 secs] 
2020-03-19T11:27:52.353+0800: 8475.978: [GC (Allocation Failure) 2020-03-19T11:27:52.353+0800: 8475.978: [ParNew: 160069K->2304K(176960K), 0.0144034 secs] 286569K->128828K(367000K), 0.0149192 secs] [Times: user=0.02 sys=0.00, real=0.02 secs] 
2020-03-19T11:27:59.288+0800: 8482.912: [GC (Allocation Failure) 2020-03-19T11:27:59.288+0800: 8482.913: [ParNew: 159616K->2985K(176960K), 0.0201168 secs] 286140K->129528K(367000K), 0.0204945 secs] [Times: user=0.04 sys=0.00, real=0.02 secs] 
2020-03-19T11:28:03.232+0800: 8486.856: [GC (Allocation Failure) 2020-03-19T11:28:03.232+0800: 8486.857: [ParNew: 160297K->2798K(176960K), 0.0188528 secs] 286840K->129356K(367000K), 0.0193014 secs] [Times: user=0.01 sys=0.01, real=0.02 secs] 
2020-03-19T11:28:08.881+0800: 8492.505: [GC (Allocation Failure) 2020-03-19T11:28:08.881+0800: 8492.505: [ParNew: 160110K->2768K(176960K), 0.0190701 secs] 286668K->129351K(367000K), 0.0194784 secs] [Times: user=0.03 sys=0.00, real=0.02 secs] 
2020-03-19T11:28:14.455+0800: 8498.080: [GC (Allocation Failure) 2020-03-19T11:28:14.455+0800: 8498.080: [ParNew: 160080K->2822K(176960K), 0.0180893 secs] 286663K->129423K(367000K), 0.0184380 secs] [Times: user=0.03 sys=0.00, real=0.02 secs] 
2020-03-19T11:28:18.582+0800: 8502.207: [GC (Allocation Failure) 2020-03-19T11:28:18.583+0800: 8502.207: [ParNew: 160134K->2762K(176960K), 0.0133226 secs] 286735K->129385K(367000K), 0.0136604 secs] [Times: user=0.02 sys=0.00, real=0.01 secs] 
2020-03-19T11:28:25.485+0800: 8509.110: [GC (Allocation Failure) 2020-03-19T11:28:25.486+0800: 8509.110: [ParNew: 160074K->2819K(176960K), 0.0202749 secs] 286697K->129460K(367000K), 0.0207486 secs] [Times: user=0.03 sys=0.00, real=0.03 secs] 
2020-03-19T11:28:31.466+0800: 8515.091: [GC (Allocation Failure) 2020-03-19T11:28:31.467+0800: 8515.091: [ParNew: 160131K->2828K(176960K), 0.0167318 secs] 286772K->129486K(367000K), 0.0171209 secs] [Times: user=0.03 sys=0.00, real=0.01 secs] 
2020-03-19T11:28:37.148+0800: 8520.772: [GC (Allocation Failure) 2020-03-19T11:28:37.148+0800: 8520.773: [ParNew: 160140K->2764K(176960K), 0.0135688 secs] 286798K->129440K(367000K), 0.0139352 secs] [Times: user=0.03 sys=0.00, real=0.01 secs] 
2020-03-19T11:28:44.166+0800: 8527.790: [GC (Allocation Failure) 2020-03-19T11:28:44.166+0800: 8527.791: [ParNew: 160076K->2824K(176960K), 0.0143542 secs] 286752K->129518K(367000K), 0.0147816 secs] [Times: user=0.03 sys=0.00, real=0.02 secs] 
2020-03-19T11:28:49.006+0800: 8532.631: [GC (Allocation Failure) 2020-03-19T11:28:49.007+0800: 8532.631: [ParNew: 160136K->2759K(176960K), 0.0145575 secs] 286830K->129477K(367000K), 0.0149079 secs] [Times: user=0.03 sys=0.00, real=0.01 secs] 
2020-03-19T11:28:55.361+0800: 8538.986: [GC (Allocation Failure) 2020-03-19T11:28:55.361+0800: 8538.986: [ParNew: 160071K->2823K(176960K), 0.0252619 secs] 286789K->129563K(367000K), 0.0257228 secs] [Times: user=0.03 sys=0.01, real=0.03 secs] 
2020-03-19T11:29:00.306+0800: 8543.930: [GC (Allocation Failure) 2020-03-19T11:29:00.306+0800: 8543.930: [ParNew: 160135K->3743K(176960K), 0.0242389 secs] 286875K->130503K(367000K), 0.0246953 secs] [Times: user=0.02 sys=0.00, real=0.03 secs] 
2020-03-19T11:29:05.825+0800: 8549.449: [GC (Allocation Failure) 2020-03-19T11:29:05.825+0800: 8549.450: [ParNew: 161055K->3562K(176960K), 0.0252212 secs] 287815K->130340K(367000K), 0.0256265 secs] [Times: user=0.03 sys=0.00, real=0.03 secs] 
2020-03-19T11:29:12.633+0800: 8556.257: [GC (Allocation Failure) 2020-03-19T11:29:12.633+0800: 8556.257: [ParNew: 160874K->2817K(176960K), 0.0147613 secs] 287652K->129616K(367000K), 0.0151275 secs] [Times: user=0.03 sys=0.00, real=0.02 secs] 
2020-03-19T11:29:16.569+0800: 8560.194: [GC (Allocation Failure) 2020-03-19T11:29:16.569+0800: 8560.194: [ParNew: 160129K->2741K(176960K), 0.0150005 secs] 286928K->129565K(367000K), 0.0153731 secs] [Times: user=0.02 sys=0.00, real=0.01 secs] 
2020-03-19T11:29:23.963+0800: 8567.587: [GC (Allocation Failure) 2020-03-19T11:29:23.963+0800: 8567.587: [ParNew: 160053K->2822K(176960K), 0.0139958 secs] 286877K->129666K(367000K), 0.0143857 secs] [Times: user=0.02 sys=0.00, real=0.01 secs] 
2020-03-19T11:29:30.165+0800: 8573.789: [GC (Allocation Failure) 2020-03-19T11:29:30.165+0800: 8573.789: [ParNew: 160134K->2820K(176960K), 0.0219906 secs] 286978K->129675K(367000K), 0.0223745 secs] [Times: user=0.02 sys=0.00, real=0.03 secs] 
2020-03-19T11:29:35.817+0800: 8579.441: [GC (Allocation Failure) 2020-03-19T11:29:35.817+0800: 8579.441: [ParNew: 160132K->4478K(176960K), 0.0299734 secs] 286987K->131351K(367000K), 0.0303628 secs] [Times: user=0.03 sys=0.00, real=0.04 secs] 
2020-03-19T11:29:42.637+0800: 8586.261: [GC (Allocation Failure) 2020-03-19T11:29:42.637+0800: 8586.261: [ParNew: 161790K->2951K(176960K), 0.0147672 secs] 288663K->129845K(367000K), 0.0151606 secs] [Times: user=0.03 sys=0.00, real=0.02 secs] 
2020-03-19T11:29:46.830+0800: 8590.455: [GC (Allocation Failure) 2020-03-19T11:29:46.831+0800: 8590.455: [ParNew: 160263K->2631K(176960K), 0.0213073 secs] 287157K->129541K(367000K), 0.0217439 secs] [Times: user=0.02 sys=0.00, real=0.02 secs] 
2020-03-19T11:29:53.678+0800: 8597.302: [GC (Allocation Failure) 2020-03-19T11:29:53.678+0800: 8597.302: [ParNew: 159943K->2833K(176960K), 0.0145916 secs] 286853K->129767K(367000K), 0.0149370 secs] [Times: user=0.03 sys=0.00, real=0.02 secs] 
2020-03-19T11:29:59.922+0800: 8603.546: [GC (Allocation Failure) 2020-03-19T11:29:59.922+0800: 8603.546: [ParNew: 160145K->3776K(176960K), 0.0158940 secs] 287079K->130725K(367000K), 0.0162888 secs] [Times: user=0.03 sys=0.00, real=0.01 secs] 
2020-03-19T11:30:04.335+0800: 8607.959: [GC (Allocation Failure) 2020-03-19T11:30:04.335+0800: 8607.960: [ParNew: 161088K->2253K(176960K), 0.0202229 secs] 288037K->129221K(367000K), 0.0206948 secs] [Times: user=0.02 sys=0.00, real=0.02 secs] 
2020-03-19T11:30:10.414+0800: 8614.039: [GC (Allocation Failure) 2020-03-19T11:30:10.414+0800: 8614.039: [ParNew: 159565K->2998K(176960K), 0.0137162 secs] 286533K->129990K(367000K), 0.0140695 secs] [Times: user=0.02 sys=0.01, real=0.02 secs] 
2020-03-19T11:30:15.566+0800: 8619.191: [GC (Allocation Failure) 2020-03-19T11:30:15.566+0800: 8619.191: [ParNew: 160310K->2806K(176960K), 0.0191144 secs] 287302K->129817K(367000K), 0.0194946 secs] [Times: user=0.03 sys=0.00, real=0.01 secs] 
2020-03-19T11:30:21.997+0800: 8625.622: [GC (Allocation Failure) 2020-03-19T11:30:21.997+0800: 8625.622: [ParNew: 160118K->2867K(176960K), 0.0154201 secs] 287129K->129901K(367000K), 0.0158904 secs] [Times: user=0.04 sys=0.00, real=0.02 secs] 
2020-03-19T11:30:28.683+0800: 8632.307: [GC (Allocation Failure) 2020-03-19T11:30:28.683+0800: 8632.307: [ParNew: 160179K->2775K(176960K), 0.0134179 secs] 287213K->129822K(367000K), 0.0137996 secs] [Times: user=0.03 sys=0.00, real=0.01 secs] 
2020-03-19T11:30:34.181+0800: 8637.806: [GC (Allocation Failure) 2020-03-19T11:30:34.181+0800: 8637.806: [ParNew: 160087K->2856K(176960K), 0.0282124 secs] 287134K->129919K(367000K), 0.0286695 secs] [Times: user=0.02 sys=0.00, real=0.03 secs] 
2020-03-19T11:30:40.355+0800: 8643.980: [GC (Allocation Failure) 2020-03-19T11:30:40.355+0800: 8643.980: [ParNew: 160168K->2860K(176960K), 0.0140777 secs] 287231K->129945K(367000K), 0.0144790 secs] [Times: user=0.02 sys=0.01, real=0.02 secs] 
2020-03-19T11:30:45.697+0800: 8649.322: [GC (Allocation Failure) 2020-03-19T11:30:45.697+0800: 8649.322: [ParNew: 160172K->2780K(176960K), 0.0184585 secs] 287257K->129882K(367000K), 0.0188405 secs] [Times: user=0.02 sys=0.00, real=0.02 secs] 
2020-03-19T11:30:52.034+0800: 8655.658: [GC (Allocation Failure) 2020-03-19T11:30:52.034+0800: 8655.659: [ParNew: 160092K->2866K(176960K), 0.0141080 secs] 287194K->129994K(367000K), 0.0145431 secs] [Times: user=0.03 sys=0.00, real=0.02 secs] 
2020-03-19T11:30:58.296+0800: 8661.920: [GC (Allocation Failure) 2020-03-19T11:30:58.296+0800: 8661.920: [ParNew: 160178K->1854K(176960K), 0.0201815 secs] 287306K->129017K(367000K), 0.0206203 secs] [Times: user=0.01 sys=0.01, real=0.02 secs] 
2020-03-19T11:31:02.636+0800: 8666.260: [GC (Allocation Failure) 2020-03-19T11:31:02.636+0800: 8666.261: [ParNew: 159166K->2830K(176960K), 0.0131158 secs] 286329K->130012K(367000K), 0.0135066 secs] [Times: user=0.02 sys=0.00, real=0.02 secs] 
2020-03-19T11:31:08.239+0800: 8671.863: [GC (Allocation Failure) 2020-03-19T11:31:08.239+0800: 8671.864: [ParNew: 160142K->2758K(176960K), 0.0194385 secs] 287324K->129961K(367000K), 0.0198210 secs] [Times: user=0.02 sys=0.00, real=0.02 secs] 
2020-03-19T11:31:14.770+0800: 8678.394: [GC (Allocation Failure) 2020-03-19T11:31:14.770+0800: 8678.394: [ParNew: 160070K->2815K(176960K), 0.0203416 secs] 287273K->130038K(367000K), 0.0207413 secs] [Times: user=0.02 sys=0.01, real=0.02 secs] 
2020-03-19T11:31:19.610+0800: 8683.235: [GC (Allocation Failure) 2020-03-19T11:31:19.610+0800: 8683.235: [ParNew: 160127K->2914K(176960K), 0.0229879 secs] 287350K->130158K(367000K), 0.0234414 secs] [Times: user=0.03 sys=0.00, real=0.02 secs] 
2020-03-19T11:31:26.469+0800: 8690.093: [GC (Allocation Failure) 2020-03-19T11:31:26.469+0800: 8690.093: [ParNew: 160226K->1847K(176960K), 0.0138444 secs] 287470K->129111K(367000K), 0.0142366 secs] [Times: user=0.03 sys=0.00, real=0.01 secs] 
2020-03-19T11:31:32.396+0800: 8696.020: [GC (Allocation Failure) 2020-03-19T11:31:32.396+0800: 8696.021: [ParNew: 159159K->2821K(176960K), 0.0262723 secs] 286423K->130099K(367000K), 0.0267453 secs] [Times: user=0.02 sys=0.00, real=0.03 secs] 
2020-03-19T11:31:38.282+0800: 8701.906: [GC (Allocation Failure) 2020-03-19T11:31:38.282+0800: 8701.906: [ParNew: 160133K->2755K(176960K), 0.0205681 secs] 287411K->130052K(367000K), 0.0209557 secs] [Times: user=0.02 sys=0.00, real=0.02 secs] 
2020-03-19T11:31:44.793+0800: 8708.418: [GC (Allocation Failure) 2020-03-19T11:31:44.793+0800: 8708.418: [ParNew: 160067K->2828K(176960K), 0.0155770 secs] 287364K->130146K(367000K), 0.0159486 secs] [Times: user=0.03 sys=0.00, real=0.02 secs] 
2020-03-19T11:31:49.924+0800: 8713.549: [GC (Allocation Failure) 2020-03-19T11:31:49.925+0800: 8713.549: [ParNew: 160140K->2270K(176960K), 0.0267705 secs] 287458K->129609K(367000K), 0.0273716 secs] [Times: user=0.03 sys=0.00, real=0.03 secs] 
2020-03-19T11:31:56.317+0800: 8719.942: [GC (Allocation Failure) 2020-03-19T11:31:56.318+0800: 8719.942: [ParNew: 159582K->2899K(176960K), 0.0183408 secs] 286921K->130258K(367000K), 0.0187492 secs] [Times: user=0.03 sys=0.00, real=0.02 secs] 
2020-03-19T11:32:00.774+0800: 8724.399: [GC (Allocation Failure) 2020-03-19T11:32:00.774+0800: 8724.399: [ParNew: 160211K->2865K(176960K), 0.0154852 secs] 287570K->130242K(367000K), 0.0159456 secs] [Times: user=0.02 sys=0.01, real=0.02 secs] 
2020-03-19T11:32:06.294+0800: 8729.918: [GC (Allocation Failure) 2020-03-19T11:32:06.294+0800: 8729.918: [ParNew: 160177K->2242K(176960K), 0.0201037 secs] 287554K->129638K(367000K), 0.0204907 secs] [Times: user=0.02 sys=0.00, real=0.02 secs] 
2020-03-19T11:32:13.651+0800: 8737.276: [GC (Allocation Failure) 2020-03-19T11:32:13.651+0800: 8737.276: [ParNew: 159554K->2974K(176960K), 0.0293857 secs] 286950K->130392K(367000K), 0.0298641 secs] [Times: user=0.02 sys=0.00, real=0.03 secs] 
2020-03-19T11:32:17.633+0800: 8741.258: [GC (Allocation Failure) 2020-03-19T11:32:17.633+0800: 8741.258: [ParNew: 160286K->2791K(176960K), 0.0225988 secs] 287704K->130229K(367000K), 0.0230418 secs] [Times: user=0.02 sys=0.00, real=0.02 secs] 
2020-03-19T11:32:24.457+0800: 8748.082: [GC (Allocation Failure) 2020-03-19T11:32:24.458+0800: 8748.082: [ParNew: 160103K->2832K(176960K), 0.0256736 secs] 287541K->130289K(367000K), 0.0260627 secs] [Times: user=0.02 sys=0.00, real=0.03 secs] 
2020-03-19T11:32:30.752+0800: 8754.376: [GC (Allocation Failure) 2020-03-19T11:32:30.752+0800: 8754.376: [ParNew: 160144K->3761K(176960K), 0.0148595 secs] 287601K->131231K(367000K), 0.0152171 secs] [Times: user=0.02 sys=0.01, real=0.02 secs] 
2020-03-19T11:32:36.155+0800: 8759.780: [GC (Allocation Failure) 2020-03-19T11:32:36.156+0800: 8759.780: [ParNew: 161073K->1932K(176960K), 0.0224428 secs] 288543K->129420K(367000K), 0.0228571 secs] [Times: user=0.03 sys=0.00, real=0.03 secs] 
2020-03-19T11:32:43.678+0800: 8767.303: [GC (Allocation Failure) 2020-03-19T11:32:43.678+0800: 8767.303: [ParNew: 159244K->3476K(176960K), 0.0316402 secs] 286732K->130988K(367000K), 0.0322281 secs] [Times: user=0.02 sys=0.00, real=0.04 secs] 
2020-03-19T11:32:47.786+0800: 8771.410: [GC (Allocation Failure) 2020-03-19T11:32:47.786+0800: 8771.411: [ParNew: 160788K->2232K(176960K), 0.0315091 secs] 288300K->129765K(367000K), 0.0318780 secs] [Times: user=0.02 sys=0.00, real=0.03 secs] 
2020-03-19T11:32:54.374+0800: 8777.999: [GC (Allocation Failure) 2020-03-19T11:32:54.374+0800: 8777.999: [ParNew: 159544K->2557K(176960K), 0.0138986 secs] 287077K->130110K(367000K), 0.0143312 secs] [Times: user=0.03 sys=0.00, real=0.02 secs] 
2020-03-19T11:33:00.064+0800: 8783.689: [GC (Allocation Failure) 2020-03-19T11:33:00.065+0800: 8783.689: [ParNew: 159869K->2769K(176960K), 0.0155338 secs] 287422K->130342K(367000K), 0.0159321 secs] [Times: user=0.03 sys=0.00, real=0.02 secs] 
2020-03-19T11:33:05.299+0800: 8788.924: [GC (Allocation Failure) 2020-03-19T11:33:05.299+0800: 8788.924: [ParNew: 160081K->2222K(176960K), 0.0209107 secs] 287654K->129815K(367000K), 0.0213267 secs] [Times: user=0.02 sys=0.00, real=0.02 secs] 
2020-03-19T11:33:11.734+0800: 8795.359: [GC (Allocation Failure) 2020-03-19T11:33:11.734+0800: 8795.359: [ParNew: 159534K->2966K(176960K), 0.0217256 secs] 287127K->130583K(367000K), 0.0220687 secs] [Times: user=0.02 sys=0.00, real=0.02 secs] 
2020-03-19T11:33:15.780+0800: 8799.404: [GC (Allocation Failure) 2020-03-19T11:33:15.780+0800: 8799.405: [ParNew: 160278K->3709K(176960K), 0.0172458 secs] 287895K->131347K(367000K), 0.0176248 secs] [Times: user=0.02 sys=0.01, real=0.01 secs] 
2020-03-19T11:33:22.801+0800: 8806.425: [GC (Allocation Failure) 2020-03-19T11:33:22.801+0800: 8806.426: [ParNew: 161021K->2300K(176960K), 0.0142236 secs] 288659K->129956K(367000K), 0.0145962 secs] [Times: user=0.02 sys=0.00, real=0.01 secs] 
2020-03-19T11:33:29.773+0800: 8813.398: [GC (Allocation Failure) 2020-03-19T11:33:29.774+0800: 8813.398: [ParNew: 159612K->2978K(176960K), 0.0173727 secs] 287268K->130648K(367000K), 0.0177323 secs] [Times: user=0.03 sys=0.00, real=0.02 secs] 
2020-03-19T11:33:35.160+0800: 8818.784: [GC (Allocation Failure) 2020-03-19T11:33:35.160+0800: 8818.785: [ParNew: 160290K->3001K(176960K), 0.0255518 secs] 287960K->130688K(367000K), 0.0260056 secs] [Times: user=0.02 sys=0.00, real=0.02 secs] 
2020-03-19T11:33:41.805+0800: 8825.429: [GC (Allocation Failure) 2020-03-19T11:33:41.805+0800: 8825.429: [ParNew: 160313K->2902K(176960K), 0.0144213 secs] 288000K->130612K(367000K), 0.0147775 secs] [Times: user=0.02 sys=0.00, real=0.02 secs] 
2020-03-19T11:33:46.175+0800: 8829.799: [GC (Allocation Failure) 2020-03-19T11:33:46.175+0800: 8829.799: [ParNew: 160214K->2785K(176960K), 0.0272818 secs] 287924K->130512K(367000K), 0.0278635 secs] [Times: user=0.03 sys=0.00, real=0.03 secs] 
2020-03-19T11:33:52.792+0800: 8836.417: [GC (Allocation Failure) 2020-03-19T11:33:52.793+0800: 8836.417: [ParNew: 160097K->2317K(176960K), 0.0164431 secs] 287824K->130069K(367000K), 0.0168437 secs] [Times: user=0.02 sys=0.01, real=0.02 secs] 
2020-03-19T11:33:59.661+0800: 8843.286: [GC (Allocation Failure) 2020-03-19T11:33:59.662+0800: 8843.286: [ParNew: 159629K->2996K(176960K), 0.0178332 secs] 287381K->130767K(367000K), 0.0183531 secs] [Times: user=0.03 sys=0.00, real=0.02 secs] 
2020-03-19T11:34:03.689+0800: 8847.314: [GC (Allocation Failure) 2020-03-19T11:34:03.689+0800: 8847.314: [ParNew: 160308K->2809K(176960K), 0.0217248 secs] 288079K->130597K(367000K), 0.0221423 secs] [Times: user=0.02 sys=0.00, real=0.02 secs] 
2020-03-19T11:34:09.455+0800: 8853.080: [GC (Allocation Failure) 2020-03-19T11:34:09.455+0800: 8853.080: [ParNew: 160121K->2865K(176960K), 0.0203619 secs] 287909K->130675K(367000K), 0.0207375 secs] [Times: user=0.02 sys=0.00, real=0.02 secs] 
2020-03-19T11:34:14.909+0800: 8858.534: [GC (Allocation Failure) 2020-03-19T11:34:14.910+0800: 8858.534: [ParNew: 160177K->2782K(176960K), 0.0152244 secs] 287987K->130612K(367000K), 0.0155926 secs] [Times: user=0.03 sys=0.00, real=0.01 secs] 
2020-03-19T11:34:20.484+0800: 8864.109: [GC (Allocation Failure) 2020-03-19T11:34:20.484+0800: 8864.109: [ParNew: 160094K->3426K(176960K), 0.0246033 secs] 287924K->131279K(367000K), 0.0250076 secs] [Times: user=0.03 sys=0.00, real=0.03 secs] 
2020-03-19T11:34:27.636+0800: 8871.261: [GC (Allocation Failure) 2020-03-19T11:34:27.637+0800: 8871.261: [ParNew: 160738K->2495K(176960K), 0.0160878 secs] 288591K->130367K(367000K), 0.0164644 secs] [Times: user=0.03 sys=0.00, real=0.02 secs] 
2020-03-19T11:34:33.624+0800: 8877.248: [GC (Allocation Failure) 2020-03-19T11:34:33.624+0800: 8877.249: [ParNew: 159807K->2646K(176960K), 0.0211086 secs] 287679K->130531K(367000K), 0.0215043 secs] [Times: user=0.02 sys=0.00, real=0.02 secs] 
2020-03-19T11:34:39.456+0800: 8883.081: [GC (Allocation Failure) 2020-03-19T11:34:39.456+0800: 8883.081: [ParNew: 159958K->2795K(176960K), 0.0145370 secs] 287843K->130701K(367000K), 0.0149169 secs] [Times: user=0.03 sys=0.00, real=0.02 secs] 
2020-03-19T11:34:44.939+0800: 8888.564: [GC (Allocation Failure) 2020-03-19T11:34:44.939+0800: 8888.564: [ParNew: 160107K->3693K(176960K), 0.0187658 secs] 288013K->131619K(367000K), 0.0191465 secs] [Times: user=0.03 sys=0.00, real=0.02 secs] 
2020-03-19T11:34:50.825+0800: 8894.449: [GC (Allocation Failure) 2020-03-19T11:34:50.825+0800: 8894.449: [ParNew: 161005K->3429K(176960K), 0.0269162 secs] 288931K->131381K(367000K), 0.0273359 secs] [Times: user=0.02 sys=0.00, real=0.03 secs] 
2020-03-19T11:34:57.248+0800: 8900.872: [GC (Allocation Failure) 2020-03-19T11:34:57.248+0800: 8900.872: [ParNew: 160741K->2496K(176960K), 0.0131876 secs] 288693K->130473K(367000K), 0.0135225 secs] [Times: user=0.02 sys=0.00, real=0.01 secs] 
2020-03-19T11:35:01.756+0800: 8905.380: [GC (Allocation Failure) 2020-03-19T11:35:01.756+0800: 8905.380: [ParNew: 159808K->2602K(176960K), 0.0282495 secs] 287785K->130596K(367000K), 0.0287272 secs] [Times: user=0.02 sys=0.01, real=0.03 secs] 
2020-03-19T11:35:06.893+0800: 8910.518: [GC (Allocation Failure) 2020-03-19T11:35:06.894+0800: 8910.518: [ParNew: 159914K->2702K(176960K), 0.0134580 secs] 287908K->130717K(367000K), 0.0138023 secs] [Times: user=0.02 sys=0.00, real=0.02 secs] 
2020-03-19T11:35:14.152+0800: 8917.777: [GC (Allocation Failure) 2020-03-19T11:35:14.152+0800: 8917.777: [ParNew: 160014K->2809K(176960K), 0.0146782 secs] 288029K->130843K(367000K), 0.0150809 secs] [Times: user=0.03 sys=0.00, real=0.02 secs] 
2020-03-19T11:35:18.457+0800: 8922.082: [GC (Allocation Failure) 2020-03-19T11:35:18.458+0800: 8922.082: [ParNew: 160121K->2756K(176960K), 0.0183399 secs] 288155K->130812K(367000K), 0.0187692 secs] [Times: user=0.03 sys=0.00, real=0.02 secs] 
2020-03-19T11:35:25.630+0800: 8929.254: [GC (Allocation Failure) 2020-03-19T11:35:25.630+0800: 8929.254: [ParNew: 160068K->2815K(176960K), 0.0246554 secs] 288124K->130893K(367000K), 0.0252037 secs] [Times: user=0.02 sys=0.00, real=0.02 secs] 
2020-03-19T11:35:31.271+0800: 8934.896: [GC (GCLocker Initiated GC) 2020-03-19T11:35:31.272+0800: 8934.896: [ParNew: 160360K->2821K(176960K), 0.0205569 secs] 288438K->130908K(367000K), 0.0210758 secs] [Times: user=0.04 sys=0.00, real=0.02 secs] 
2020-03-19T11:35:36.894+0800: 8940.519: [GC (Allocation Failure) 2020-03-19T11:35:36.894+0800: 8940.519: [ParNew: 160133K->2776K(176960K), 0.0132285 secs] 288220K->130883K(367000K), 0.0135780 secs] [Times: user=0.02 sys=0.00, real=0.02 secs] 
2020-03-19T11:35:44.376+0800: 8948.001: [GC (Allocation Failure) 2020-03-19T11:35:44.376+0800: 8948.001: [ParNew: 160088K->2845K(176960K), 0.0268884 secs] 288195K->130970K(367000K), 0.0273561 secs] [Times: user=0.02 sys=0.00, real=0.03 secs] 
2020-03-19T11:35:48.896+0800: 8952.520: [GC (Allocation Failure) 2020-03-19T11:35:48.896+0800: 8952.520: [ParNew: 160157K->2770K(176960K), 0.0153279 secs] 288282K->130919K(367000K), 0.0157156 secs] [Times: user=0.03 sys=0.00, real=0.02 secs] 
2020-03-19T11:35:55.332+0800: 8958.957: [GC (Allocation Failure) 2020-03-19T11:35:55.332+0800: 8958.957: [ParNew: 160082K->2834K(176960K), 0.0148987 secs] 288231K->131002K(367000K), 0.0153539 secs] [Times: user=0.03 sys=0.00, real=0.02 secs] 
2020-03-19T11:36:00.450+0800: 8964.075: [GC (Allocation Failure) 2020-03-19T11:36:00.450+0800: 8964.075: [ParNew: 160146K->2840K(176960K), 0.0145725 secs] 288314K->131028K(367000K), 0.0149986 secs] [Times: user=0.03 sys=0.01, real=0.01 secs] 
2020-03-19T11:36:05.817+0800: 8969.441: [GC (Allocation Failure) 2020-03-19T11:36:05.817+0800: 8969.442: [ParNew: 160152K->3907K(176960K), 0.0186719 secs] 288340K->132113K(367000K), 0.0192365 secs] [Times: user=0.03 sys=0.00, real=0.02 secs] 
2020-03-19T11:36:12.578+0800: 8976.202: [GC (Allocation Failure) 2020-03-19T11:36:12.578+0800: 8976.203: [ParNew: 161219K->2069K(176960K), 0.0317506 secs] 289425K->130297K(367000K), 0.0324471 secs] [Times: user=0.02 sys=0.00, real=0.04 secs] 
2020-03-19T11:36:16.552+0800: 8980.177: [GC (Allocation Failure) 2020-03-19T11:36:16.553+0800: 8980.177: [ParNew: 159381K->2815K(176960K), 0.0147725 secs] 287609K->131064K(367000K), 0.0152312 secs] [Times: user=0.02 sys=0.00, real=0.02 secs] 
2020-03-19T11:36:23.899+0800: 8987.524: [GC (Allocation Failure) 2020-03-19T11:36:23.900+0800: 8987.524: [ParNew: 160127K->2845K(176960K), 0.0221212 secs] 288376K->131113K(367000K), 0.0225320 secs] [Times: user=0.02 sys=0.00, real=0.02 secs] 
2020-03-19T11:36:30.306+0800: 8993.930: [GC (Allocation Failure) 2020-03-19T11:36:30.306+0800: 8993.930: [ParNew: 160157K->2838K(176960K), 0.0134070 secs] 288425K->131121K(367000K), 0.0137384 secs] [Times: user=0.03 sys=0.00, real=0.02 secs] 
2020-03-19T11:36:35.818+0800: 8999.443: [GC (Allocation Failure) 2020-03-19T11:36:35.818+0800: 8999.443: [ParNew: 160150K->2777K(176960K), 0.0153032 secs] 288433K->131075K(367000K), 0.0156609 secs] [Times: user=0.02 sys=0.00, real=0.01 secs] 
2020-03-19T11:36:42.640+0800: 9006.264: [GC (Allocation Failure) 2020-03-19T11:36:42.640+0800: 9006.264: [ParNew: 160089K->2506K(176960K), 0.0150457 secs] 288387K->130829K(367000K), 0.0153798 secs] [Times: user=0.03 sys=0.00, real=0.01 secs] 
2020-03-19T11:36:46.665+0800: 9010.289: [GC (Allocation Failure) 2020-03-19T11:36:46.665+0800: 9010.290: [ParNew: 159818K->1999K(176960K), 0.0139284 secs] 288141K->130340K(367000K), 0.0143063 secs] [Times: user=0.02 sys=0.00, real=0.02 secs] 
2020-03-19T11:36:53.677+0800: 9017.302: [GC (Allocation Failure) 2020-03-19T11:36:53.677+0800: 9017.302: [ParNew: 159311K->2910K(176960K), 0.0212720 secs] 287652K->131275K(367000K), 0.0216609 secs] [Times: user=0.02 sys=0.00, real=0.03 secs] 
2020-03-19T11:36:59.831+0800: 9023.456: [GC (Allocation Failure) 2020-03-19T11:36:59.831+0800: 9023.456: [ParNew: 160222K->2859K(176960K), 0.0173921 secs] 288587K->131243K(367000K), 0.0178182 secs] [Times: user=0.03 sys=0.00, real=0.02 secs] 
2020-03-19T11:37:04.344+0800: 9027.969: [GC (Allocation Failure) 2020-03-19T11:37:04.344+0800: 9027.969: [ParNew: 160171K->2240K(176960K), 0.0141442 secs] 288555K->130642K(367000K), 0.0145371 secs] [Times: user=0.03 sys=0.00, real=0.02 secs] 
2020-03-19T11:37:10.365+0800: 9033.989: [GC (Allocation Failure) 2020-03-19T11:37:10.365+0800: 9033.989: [ParNew: 159552K->2980K(176960K), 0.0136489 secs] 287954K->131409K(367000K), 0.0140260 secs] [Times: user=0.02 sys=0.00, real=0.02 secs] 
2020-03-19T11:37:15.336+0800: 9038.961: [GC (Allocation Failure) 2020-03-19T11:37:15.336+0800: 9038.961: [ParNew: 160292K->2788K(176960K), 0.0177425 secs] 288721K->131236K(367000K), 0.0181505 secs] [Times: user=0.02 sys=0.00, real=0.02 secs] 
2020-03-19T11:37:21.551+0800: 9045.176: [GC (Allocation Failure) 2020-03-19T11:37:21.552+0800: 9045.176: [ParNew: 160100K->2862K(176960K), 0.0148831 secs] 288548K->131331K(367000K), 0.0153662 secs] [Times: user=0.03 sys=0.00, real=0.02 secs] 
2020-03-19T11:37:28.354+0800: 9051.978: [GC (Allocation Failure) 2020-03-19T11:37:28.354+0800: 9051.978: [ParNew: 160174K->2760K(176960K), 0.0137328 secs] 288643K->131245K(367000K), 0.0141238 secs] [Times: user=0.03 sys=0.00, real=0.02 secs] 
2020-03-19T11:37:33.969+0800: 9057.593: [GC (Allocation Failure) 2020-03-19T11:37:33.969+0800: 9057.594: [ParNew: 160072K->2832K(176960K), 0.0188634 secs] 288557K->131333K(367000K), 0.0194265 secs] [Times: user=0.03 sys=0.00, real=0.02 secs] 
2020-03-19T11:37:40.298+0800: 9063.922: [GC (Allocation Failure) 2020-03-19T11:37:40.298+0800: 9063.923: [ParNew: 160144K->2842K(176960K), 0.0264719 secs] 288645K->131364K(367000K), 0.0269644 secs] [Times: user=0.02 sys=0.00, real=0.03 secs] 
2020-03-19T11:37:45.624+0800: 9069.248: [GC (Allocation Failure) 2020-03-19T11:37:45.624+0800: 9069.248: [ParNew: 160154K->2768K(176960K), 0.0228805 secs] 288676K->131305K(367000K), 0.0232873 secs] [Times: user=0.02 sys=0.00, real=0.03 secs] 
2020-03-19T11:37:51.751+0800: 9075.376: [GC (Allocation Failure) 2020-03-19T11:37:51.752+0800: 9075.376: [ParNew: 160080K->2858K(176960K), 0.0206329 secs] 288617K->131421K(367000K), 0.0210243 secs] [Times: user=0.02 sys=0.00, real=0.02 secs] 
2020-03-19T11:37:57.980+0800: 9081.604: [GC (Allocation Failure) 2020-03-19T11:37:57.980+0800: 9081.605: [ParNew: 160170K->2770K(176960K), 0.0189227 secs] 288733K->131354K(367000K), 0.0193728 secs] [Times: user=0.02 sys=0.00, real=0.02 secs] 
2020-03-19T11:38:02.403+0800: 9086.027: [GC (Allocation Failure) 2020-03-19T11:38:02.403+0800: 9086.028: [ParNew: 160082K->2836K(176960K), 0.0145869 secs] 288666K->131440K(367000K), 0.0150115 secs] [Times: user=0.03 sys=0.00, real=0.01 secs] 
2020-03-19T11:38:07.900+0800: 9091.524: [GC (Allocation Failure) 2020-03-19T11:38:07.900+0800: 9091.524: [ParNew: 160148K->2755K(176960K), 0.0205901 secs] 288752K->131377K(367000K), 0.0210437 secs] [Times: user=0.03 sys=0.00, real=0.02 secs] 
2020-03-19T11:38:14.142+0800: 9097.766: [GC (Allocation Failure) 2020-03-19T11:38:14.142+0800: 9097.766: [ParNew: 160067K->2822K(176960K), 0.0160189 secs] 288689K->131465K(367000K), 0.0166579 secs] [Times: user=0.03 sys=0.00, real=0.02 secs] 
2020-03-19T11:38:17.445+0800: 9101.069: [GC (Allocation Failure) 2020-03-19T11:38:17.445+0800: 9101.069: [ParNew: 160134K->2748K(176960K), 0.0207140 secs] 288777K->131415K(367000K), 0.0212078 secs] [Times: user=0.02 sys=0.00, real=0.02 secs] 
2020-03-19T11:38:24.582+0800: 9108.206: [GC (Allocation Failure) 2020-03-19T11:38:24.582+0800: 9108.206: [ParNew: 160060K->2813K(176960K), 0.0275364 secs] 288727K->131499K(367000K), 0.0279520 secs] [Times: user=0.03 sys=0.00, real=0.03 secs] 
2020-03-19T11:38:30.743+0800: 9114.367: [GC (Allocation Failure) 2020-03-19T11:38:30.743+0800: 9114.367: [ParNew: 160125K->2822K(176960K), 0.0148433 secs] 288811K->131522K(367000K), 0.0151856 secs] [Times: user=0.03 sys=0.00, real=0.01 secs] 
2020-03-19T11:38:36.099+0800: 9119.724: [GC (Allocation Failure) 2020-03-19T11:38:36.099+0800: 9119.724: [ParNew: 160134K->1966K(176960K), 0.0139357 secs] 288834K->130686K(367000K), 0.0143076 secs] [Times: user=0.02 sys=0.00, real=0.01 secs] 
2020-03-19T11:38:43.678+0800: 9127.303: [GC (Allocation Failure) 2020-03-19T11:38:43.678+0800: 9127.303: [ParNew: 159278K->2870K(176960K), 0.0136876 secs] 287998K->131609K(367000K), 0.0140671 secs] [Times: user=0.03 sys=0.00, real=0.01 secs] 
2020-03-19T11:38:47.808+0800: 9131.432: [GC (Allocation Failure) 2020-03-19T11:38:47.808+0800: 9131.433: [ParNew: 160182K->2765K(176960K), 0.0249951 secs] 288921K->131526K(367000K), 0.0254407 secs] [Times: user=0.03 sys=0.00, real=0.02 secs] 
2020-03-19T11:38:54.426+0800: 9138.051: [GC (Allocation Failure) 2020-03-19T11:38:54.426+0800: 9138.051: [ParNew: 160077K->2822K(176960K), 0.0278896 secs] 288838K->131605K(367000K), 0.0283701 secs] [Times: user=0.03 sys=0.00, real=0.02 secs] 
2020-03-19T11:39:00.068+0800: 9143.693: [GC (Allocation Failure) 2020-03-19T11:39:00.068+0800: 9143.693: [ParNew: 160134K->2826K(176960K), 0.0197432 secs] 288917K->131628K(367000K), 0.0202236 secs] [Times: user=0.02 sys=0.00, real=0.02 secs] 
2020-03-19T11:39:05.252+0800: 9148.877: [GC (Allocation Failure) 2020-03-19T11:39:05.252+0800: 9148.877: [ParNew: 160138K->2229K(176960K), 0.0135846 secs] 288940K->131051K(367000K), 0.0139445 secs] [Times: user=0.03 sys=0.00, real=0.02 secs] 
2020-03-19T11:39:11.575+0800: 9155.199: [GC (Allocation Failure) 2020-03-19T11:39:11.575+0800: 9155.199: [ParNew: 159541K->2964K(176960K), 0.0182223 secs] 288363K->131808K(367000K), 0.0185951 secs] [Times: user=0.02 sys=0.00, real=0.02 secs] 
2020-03-19T11:39:15.789+0800: 9159.413: [GC (Allocation Failure) 2020-03-19T11:39:15.789+0800: 9159.414: [ParNew: 160276K->2786K(176960K), 0.0153190 secs] 289120K->131651K(367000K), 0.0158371 secs] [Times: user=0.03 sys=0.00, real=0.01 secs] 
2020-03-19T11:39:22.682+0800: 9166.307: [GC (Allocation Failure) 2020-03-19T11:39:22.683+0800: 9166.307: [ParNew: 160098K->2297K(176960K), 0.0271059 secs] 288963K->131181K(367000K), 0.0276549 secs] [Times: user=0.03 sys=0.00, real=0.03 secs] 
2020-03-19T11:39:29.787+0800: 9173.411: [GC (Allocation Failure) 2020-03-19T11:39:29.787+0800: 9173.412: [ParNew: 159609K->2970K(176960K), 0.0162557 secs] 288493K->131867K(367000K), 0.0166598 secs] [Times: user=0.03 sys=0.00, real=0.01 secs] 
2020-03-19T11:39:34.926+0800: 9178.551: [GC (Allocation Failure) 2020-03-19T11:39:34.927+0800: 9178.551: [ParNew: 160282K->3060K(176960K), 0.0262155 secs] 289179K->131973K(367000K), 0.0266757 secs] [Times: user=0.02 sys=0.00, real=0.02 secs] 
2020-03-19T11:39:41.826+0800: 9185.450: [GC (Allocation Failure) 2020-03-19T11:39:41.826+0800: 9185.451: [ParNew: 160372K->2918K(176960K), 0.0242497 secs] 289285K->131853K(367000K), 0.0246737 secs] [Times: user=0.03 sys=0.00, real=0.03 secs] 
2020-03-19T11:39:46.073+0800: 9189.697: [GC (Allocation Failure) 2020-03-19T11:39:46.073+0800: 9189.698: [ParNew: 160230K->2785K(176960K), 0.0426487 secs] 289165K->131737K(367000K), 0.0433630 secs] [Times: user=0.03 sys=0.00, real=0.04 secs] 
2020-03-19T11:39:52.658+0800: 9196.283: [GC (Allocation Failure) 2020-03-19T11:39:52.659+0800: 9196.283: [ParNew: 160097K->2317K(176960K), 0.0164245 secs] 289049K->131292K(367000K), 0.0168149 secs] [Times: user=0.03 sys=0.00, real=0.01 secs] 
2020-03-19T11:39:59.416+0800: 9203.040: [GC (Allocation Failure) 2020-03-19T11:39:59.416+0800: 9203.041: [ParNew: 159629K->2998K(176960K), 0.0259940 secs] 288604K->131992K(367000K), 0.0263978 secs] [Times: user=0.03 sys=0.00, real=0.03 secs] 
2020-03-19T11:40:03.657+0800: 9207.281: [GC (Allocation Failure) 2020-03-19T11:40:03.657+0800: 9207.281: [ParNew: 160310K->2795K(176960K), 0.0132829 secs] 289304K->131805K(367000K), 0.0136970 secs] [Times: user=0.03 sys=0.00, real=0.02 secs] 
2020-03-19T11:40:09.154+0800: 9212.779: [GC (Allocation Failure) 2020-03-19T11:40:09.154+0800: 9212.779: [ParNew: 160107K->2766K(176960K), 0.0156714 secs] 289117K->131799K(367000K), 0.0161043 secs] [Times: user=0.03 sys=0.01, real=0.02 secs] 
2020-03-19T11:40:14.840+0800: 9218.464: [GC (Allocation Failure) 2020-03-19T11:40:14.840+0800: 9218.464: [ParNew: 160078K->2853K(176960K), 0.0183464 secs] 289111K->131907K(367000K), 0.0187856 secs] [Times: user=0.04 sys=0.00, real=0.02 secs] 
2020-03-19T11:40:20.544+0800: 9224.168: [GC (Allocation Failure) 2020-03-19T11:40:20.544+0800: 9224.168: [ParNew: 160165K->3432K(176960K), 0.0210584 secs] 289219K->132506K(367000K), 0.0215261 secs] [Times: user=0.03 sys=0.00, real=0.02 secs] 
2020-03-19T11:40:27.540+0800: 9231.165: [GC (Allocation Failure) 2020-03-19T11:40:27.541+0800: 9231.165: [ParNew: 160744K->2503K(176960K), 0.0131592 secs] 289818K->131596K(367000K), 0.0135856 secs] [Times: user=0.02 sys=0.00, real=0.01 secs] 
2020-03-19T11:40:33.224+0800: 9236.848: [GC (Allocation Failure) 2020-03-19T11:40:33.224+0800: 9236.848: [ParNew: 159815K->3460K(176960K), 0.0273605 secs] 288908K->132570K(367000K), 0.0278296 secs] [Times: user=0.02 sys=0.00, real=0.03 secs] 
2020-03-19T11:40:39.150+0800: 9242.775: [GC (Allocation Failure) 2020-03-19T11:40:39.150+0800: 9242.775: [ParNew: 160772K->2232K(176960K), 0.0140925 secs] 289882K->131361K(367000K), 0.0144952 secs] [Times: user=0.03 sys=0.00, real=0.01 secs] 
2020-03-19T11:40:44.932+0800: 9248.556: [GC (Allocation Failure) 2020-03-19T11:40:44.932+0800: 9248.556: [ParNew: 159544K->3409K(176960K), 0.0199836 secs] 288673K->132557K(367000K), 0.0203557 secs] [Times: user=0.02 sys=0.00, real=0.02 secs] 
2020-03-19T11:40:50.719+0800: 9254.343: [GC (Allocation Failure) 2020-03-19T11:40:50.719+0800: 9254.344: [ParNew: 160721K->2284K(176960K), 0.0221157 secs] 289869K->131459K(367000K), 0.0225510 secs] [Times: user=0.02 sys=0.00, real=0.02 secs] 
2020-03-19T11:40:56.894+0800: 9260.519: [GC (Allocation Failure) 2020-03-19T11:40:56.894+0800: 9260.519: [ParNew: 159596K->2906K(176960K), 0.0149365 secs] 288771K->132104K(367000K), 0.0153781 secs] [Times: user=0.02 sys=0.01, real=0.02 secs] 
2020-03-19T11:41:01.552+0800: 9265.177: [GC (Allocation Failure) 2020-03-19T11:41:01.552+0800: 9265.177: [ParNew: 160218K->2877K(176960K), 0.0137168 secs] 289416K->132095K(367000K), 0.0141235 secs] [Times: user=0.03 sys=0.00, real=0.02 secs] 
2020-03-19T11:41:06.845+0800: 9270.470: [GC (Allocation Failure) 2020-03-19T11:41:06.845+0800: 9270.470: [ParNew: 160189K->2778K(176960K), 0.0234176 secs] 289407K->132016K(367000K), 0.0238892 secs] [Times: user=0.03 sys=0.00, real=0.03 secs] 
2020-03-19T11:41:14.141+0800: 9277.765: [GC (Allocation Failure) 2020-03-19T11:41:14.141+0800: 9277.766: [ParNew: 160090K->2825K(176960K), 0.0161722 secs] 289328K->132082K(367000K), 0.0166259 secs] [Times: user=0.04 sys=0.00, real=0.01 secs] 
2020-03-19T11:41:18.273+0800: 9281.897: [GC (Allocation Failure) 2020-03-19T11:41:18.273+0800: 9281.898: [ParNew: 160137K->2755K(176960K), 0.0256438 secs] 289394K->132036K(367000K), 0.0262325 secs] [Times: user=0.03 sys=0.00, real=0.03 secs] 
2020-03-19T11:41:25.329+0800: 9288.954: [GC (Allocation Failure) 2020-03-19T11:41:25.329+0800: 9288.954: [ParNew: 160067K->2822K(176960K), 0.0219114 secs] 289348K->132125K(367000K), 0.0223115 secs] [Times: user=0.02 sys=0.00, real=0.02 secs] 
2020-03-19T11:41:31.070+0800: 9294.695: [GC (Allocation Failure) 2020-03-19T11:41:31.071+0800: 9294.695: [ParNew: 160134K->3750K(176960K), 0.0305854 secs] 289437K->133063K(367000K), 0.0310252 secs] [Times: user=0.04 sys=0.00, real=0.03 secs] 
2020-03-19T11:41:36.836+0800: 9300.460: [GC (Allocation Failure) 2020-03-19T11:41:36.836+0800: 9300.460: [ParNew: 161062K->2229K(176960K), 0.0203245 secs] 290375K->131560K(367000K), 0.0206805 secs] [Times: user=0.03 sys=0.00, real=0.02 secs] 
2020-03-19T11:41:44.152+0800: 9307.776: [GC (Allocation Failure) 2020-03-19T11:41:44.152+0800: 9307.776: [ParNew: 159541K->2982K(176960K), 0.0144721 secs] 288872K->132334K(367000K), 0.0148312 secs] [Times: user=0.03 sys=0.00, real=0.02 secs] 
2020-03-19T11:41:48.750+0800: 9312.374: [GC (Allocation Failure) 2020-03-19T11:41:48.750+0800: 9312.374: [ParNew: 160294K->2816K(176960K), 0.0138987 secs] 289646K->132194K(367000K), 0.0142553 secs] [Times: user=0.03 sys=0.00, real=0.01 secs] 
2020-03-19T11:41:54.922+0800: 9318.547: [GC (Allocation Failure) 2020-03-19T11:41:54.923+0800: 9318.547: [ParNew: 160128K->2851K(176960K), 0.0267064 secs] 289506K->132246K(367000K), 0.0271605 secs] [Times: user=0.03 sys=0.00, real=0.03 secs] 
2020-03-19T11:42:00.208+0800: 9323.833: [GC (Allocation Failure) 2020-03-19T11:42:00.208+0800: 9323.833: [ParNew: 160163K->3794K(176960K), 0.0260542 secs] 289558K->133209K(367000K), 0.0264228 secs] [Times: user=0.02 sys=0.00, real=0.02 secs] 
2020-03-19T11:42:05.817+0800: 9329.441: [GC (Allocation Failure) 2020-03-19T11:42:05.817+0800: 9329.442: [ParNew: 161106K->3366K(176960K), 0.0162064 secs] 290521K->132799K(367000K), 0.0166876 secs] [Times: user=0.03 sys=0.00, real=0.02 secs] 
2020-03-19T11:42:12.566+0800: 9336.191: [GC (Allocation Failure) 2020-03-19T11:42:12.567+0800: 9336.191: [ParNew: 160678K->2597K(176960K), 0.0272318 secs] 290111K->132052K(367000K), 0.0277252 secs] [Times: user=0.03 sys=0.00, real=0.02 secs] 
2020-03-19T11:42:16.558+0800: 9340.182: [GC (Allocation Failure) 2020-03-19T11:42:16.558+0800: 9340.182: [ParNew: 159909K->2013K(176960K), 0.0135761 secs] 289364K->131490K(367000K), 0.0139485 secs] [Times: user=0.02 sys=0.00, real=0.02 secs] 
2020-03-19T11:42:23.686+0800: 9347.310: [GC (Allocation Failure) 2020-03-19T11:42:23.686+0800: 9347.311: [ParNew: 159325K->2906K(176960K), 0.0141219 secs] 288802K->132401K(367000K), 0.0146625 secs] [Times: user=0.02 sys=0.00, real=0.02 secs] 
2020-03-19T11:42:30.006+0800: 9353.631: [GC (Allocation Failure) 2020-03-19T11:42:30.006+0800: 9353.631: [ParNew: 160218K->2863K(176960K), 0.0250774 secs] 289713K->132373K(367000K), 0.0254298 secs] [Times: user=0.03 sys=0.01, real=0.02 secs] 
2020-03-19T11:42:35.815+0800: 9359.440: [GC (Allocation Failure) 2020-03-19T11:42:35.815+0800: 9359.440: [ParNew: 160175K->3370K(176960K), 0.0142071 secs] 289685K->132894K(367000K), 0.0145556 secs] [Times: user=0.02 sys=0.00, real=0.02 secs] 
2020-03-19T11:42:42.570+0800: 9366.195: [GC (Allocation Failure) 2020-03-19T11:42:42.570+0800: 9366.195: [ParNew: 160682K->2176K(176960K), 0.0434092 secs] 290206K->131727K(367000K), 0.0438859 secs] [Times: user=0.03 sys=0.01, real=0.04 secs] 
2020-03-19T11:42:46.688+0800: 9370.312: [GC (Allocation Failure) 2020-03-19T11:42:46.688+0800: 9370.312: [ParNew: 159488K->2865K(176960K), 0.0233667 secs] 289039K->132438K(367000K), 0.0237436 secs] [Times: user=0.02 sys=0.00, real=0.02 secs] 
2020-03-19T11:42:53.623+0800: 9377.248: [GC (Allocation Failure) 2020-03-19T11:42:53.624+0800: 9377.248: [ParNew: 160177K->2866K(176960K), 0.0206398 secs] 289750K->132462K(367000K), 0.0210959 secs] [Times: user=0.03 sys=0.00, real=0.02 secs] 
2020-03-19T11:42:59.810+0800: 9383.435: [GC (Allocation Failure) 2020-03-19T11:42:59.811+0800: 9383.435: [ParNew: 160178K->3768K(176960K), 0.0159980 secs] 289774K->133382K(367000K), 0.0164546 secs] [Times: user=0.02 sys=0.00, real=0.02 secs] 
2020-03-19T11:43:04.284+0800: 9387.909: [GC (Allocation Failure) 2020-03-19T11:43:04.284+0800: 9387.909: [ParNew: 161080K->2233K(176960K), 0.0208170 secs] 290694K->131865K(367000K), 0.0212360 secs] [Times: user=0.02 sys=0.00, real=0.02 secs] 
2020-03-19T11:43:10.335+0800: 9393.959: [GC (Allocation Failure) 2020-03-19T11:43:10.335+0800: 9393.960: [ParNew: 159545K->2976K(176960K), 0.0136378 secs] 289177K->132635K(367000K), 0.0140164 secs] [Times: user=0.02 sys=0.00, real=0.02 secs] 
2020-03-19T11:43:15.335+0800: 9398.959: [GC (Allocation Failure) 2020-03-19T11:43:15.335+0800: 9398.959: [ParNew: 160288K->2783K(176960K), 0.0139344 secs] 289947K->132464K(367000K), 0.0143027 secs] [Times: user=0.03 sys=0.00, real=0.02 secs] 
2020-03-19T11:43:21.575+0800: 9405.200: [GC (Allocation Failure) 2020-03-19T11:43:21.575+0800: 9405.200: [ParNew: 160095K->2838K(176960K), 0.0233938 secs] 289776K->132539K(367000K), 0.0237754 secs] [Times: user=0.03 sys=0.00, real=0.03 secs] 
2020-03-19T11:43:28.428+0800: 9412.052: [GC (Allocation Failure) 2020-03-19T11:43:28.428+0800: 9412.053: [ParNew: 160150K->2770K(176960K), 0.0190209 secs] 289851K->132488K(367000K), 0.0193999 secs] [Times: user=0.04 sys=0.00, real=0.02 secs] 
2020-03-19T11:43:34.143+0800: 9417.767: [GC (Allocation Failure) 2020-03-19T11:43:34.143+0800: 9417.767: [ParNew: 160082K->2829K(176960K), 0.0240574 secs] 289800K->132561K(367000K), 0.0244942 secs] [Times: user=0.03 sys=0.00, real=0.03 secs] 
2020-03-19T11:43:40.329+0800: 9423.953: [GC (Allocation Failure) 2020-03-19T11:43:40.329+0800: 9423.954: [ParNew: 160141K->2838K(176960K), 0.0164535 secs] 289873K->132592K(367000K), 0.0168417 secs] [Times: user=0.02 sys=0.00, real=0.01 secs] 
2020-03-19T11:43:45.629+0800: 9429.254: [GC (Allocation Failure) 2020-03-19T11:43:45.630+0800: 9429.254: [ParNew: 160150K->2760K(176960K), 0.0241275 secs] 289904K->132531K(367000K), 0.0245720 secs] [Times: user=0.02 sys=0.00, real=0.02 secs] 
2020-03-19T11:43:51.791+0800: 9435.415: [GC (Allocation Failure) 2020-03-19T11:43:51.791+0800: 9435.416: [ParNew: 160072K->2851K(176960K), 0.0199906 secs] 289843K->132645K(367000K), 0.0203908 secs] [Times: user=0.02 sys=0.00, real=0.02 secs] 
2020-03-19T11:43:58.197+0800: 9441.822: [GC (Allocation Failure) 2020-03-19T11:43:58.197+0800: 9441.822: [ParNew: 160163K->2767K(176960K), 0.0193731 secs] 289957K->132582K(367000K), 0.0197650 secs] [Times: user=0.02 sys=0.00, real=0.02 secs] 
2020-03-19T11:44:02.343+0800: 9445.968: [GC (Allocation Failure) 2020-03-19T11:44:02.343+0800: 9445.968: [ParNew: 160079K->2835K(176960K), 0.0137910 secs] 289894K->132668K(367000K), 0.0141420 secs] [Times: user=0.03 sys=0.00, real=0.01 secs] 
2020-03-19T11:44:08.090+0800: 9451.714: [GC (Allocation Failure) 2020-03-19T11:44:08.090+0800: 9451.715: [ParNew: 160147K->2755K(176960K), 0.0134571 secs] 289980K->132609K(367000K), 0.0138444 secs] [Times: user=0.03 sys=0.00, real=0.01 secs] 
2020-03-19T11:44:14.582+0800: 9458.206: [GC (Allocation Failure) 2020-03-19T11:44:14.582+0800: 9458.207: [ParNew: 160067K->2820K(176960K), 0.0305021 secs] 289921K->132690K(367000K), 0.0309196 secs] [Times: user=0.03 sys=0.00, real=0.03 secs] 
2020-03-19T11:44:19.150+0800: 9462.775: [GC (Allocation Failure) 2020-03-19T11:44:19.150+0800: 9462.775: [ParNew: 160132K->2756K(176960K), 0.0150618 secs] 290002K->132648K(367000K), 0.0154849 secs] [Times: user=0.03 sys=0.00, real=0.01 secs] 
2020-03-19T11:44:26.311+0800: 9469.935: [GC (Allocation Failure) 2020-03-19T11:44:26.311+0800: 9469.936: [ParNew: 160068K->2853K(176960K), 0.0261107 secs] 289960K->132766K(367000K), 0.0265647 secs] [Times: user=0.03 sys=0.00, real=0.02 secs] 
2020-03-19T11:44:32.223+0800: 9475.848: [GC (Allocation Failure) 2020-03-19T11:44:32.223+0800: 9475.848: [ParNew: 160165K->2843K(176960K), 0.0191509 secs] 290078K->132771K(367000K), 0.0195255 secs] [Times: user=0.02 sys=0.00, real=0.02 secs] 
2020-03-19T11:44:38.121+0800: 9481.746: [GC (Allocation Failure) 2020-03-19T11:44:38.122+0800: 9481.746: [ParNew: 160155K->2779K(176960K), 0.0135859 secs] 290083K->132727K(367000K), 0.0139549 secs] [Times: user=0.02 sys=0.00, real=0.01 secs] 
2020-03-19T11:44:44.698+0800: 9488.323: [GC (Allocation Failure) 2020-03-19T11:44:44.698+0800: 9488.323: [ParNew: 160091K->2836K(176960K), 0.0199381 secs] 290039K->132803K(367000K), 0.0203686 secs] [Times: user=0.03 sys=0.00, real=0.03 secs] 
2020-03-19T11:44:49.455+0800: 9493.079: [GC (Allocation Failure) 2020-03-19T11:44:49.455+0800: 9493.080: [ParNew: 160148K->1848K(176960K), 0.0162687 secs] 290115K->131838K(367000K), 0.0168036 secs] [Times: user=0.03 sys=0.00, real=0.02 secs] 
2020-03-19T11:44:56.125+0800: 9499.749: [GC (Allocation Failure) 2020-03-19T11:44:56.125+0800: 9499.750: [ParNew: 159160K->2847K(176960K), 0.0147439 secs] 289150K->132858K(367000K), 0.0151426 secs] [Times: user=0.03 sys=0.00, real=0.02 secs] 
2020-03-19T11:45:00.748+0800: 9504.372: [GC (Allocation Failure) 2020-03-19T11:45:00.748+0800: 9504.372: [ParNew: 160159K->2841K(176960K), 0.0148222 secs] 290170K->132871K(367000K), 0.0152020 secs] [Times: user=0.03 sys=0.00, real=0.01 secs] 
2020-03-19T11:45:05.827+0800: 9509.451: [GC (Allocation Failure) 2020-03-19T11:45:05.827+0800: 9509.452: [ParNew: 159931K->4796K(176960K), 0.0286793 secs] 289961K->134846K(367000K), 0.0291930 secs] [Times: user=0.03 sys=0.00, real=0.02 secs] 
2020-03-19T11:45:13.073+0800: 9516.698: [GC (Allocation Failure) 2020-03-19T11:45:13.073+0800: 9516.698: [ParNew: 162108K->3863K(176960K), 0.0337818 secs] 292158K->133937K(367000K), 0.0343129 secs] [Times: user=0.04 sys=0.00, real=0.04 secs] 
2020-03-19T11:45:16.900+0800: 9520.525: [GC (Allocation Failure) 2020-03-19T11:45:16.900+0800: 9520.525: [ParNew: 161175K->2636K(176960K), 0.0144683 secs] 291249K->132732K(367000K), 0.0148169 secs] [Times: user=0.02 sys=0.00, real=0.01 secs] 
2020-03-19T11:45:24.379+0800: 9528.004: [GC (Allocation Failure) 2020-03-19T11:45:24.379+0800: 9528.004: [ParNew: 159948K->3514K(176960K), 0.0158553 secs] 290044K->133628K(367000K), 0.0162357 secs] [Times: user=0.03 sys=0.00, real=0.01 secs] 
2020-03-19T11:45:30.663+0800: 9534.287: [GC (Allocation Failure) 2020-03-19T11:45:30.663+0800: 9534.288: [ParNew: 160826K->2872K(176960K), 0.0142463 secs] 290940K->133000K(367000K), 0.0146488 secs] [Times: user=0.03 sys=0.00, real=0.03 secs] 
2020-03-19T11:45:35.818+0800: 9539.443: [GC (Allocation Failure) 2020-03-19T11:45:35.819+0800: 9539.443: [ParNew: 158864K->5895K(176960K), 0.0173229 secs] 288992K->136038K(367000K), 0.0178890 secs] [Times: user=0.03 sys=0.00, real=0.01 secs] 
2020-03-19T11:45:43.219+0800: 9546.844: [GC (Allocation Failure) 2020-03-19T11:45:43.219+0800: 9546.844: [ParNew: 163207K->2290K(176960K), 0.0205601 secs] 293350K->132458K(367000K), 0.0209422 secs] [Times: user=0.02 sys=0.00, real=0.02 secs] 
2020-03-19T11:45:46.957+0800: 9550.582: [GC (Allocation Failure) 2020-03-19T11:45:46.957+0800: 9550.582: [ParNew: 159602K->3319K(176960K), 0.0147875 secs] 289770K->133506K(367000K), 0.0151996 secs] [Times: user=0.02 sys=0.00, real=0.02 secs] 
2020-03-19T11:45:54.159+0800: 9557.784: [GC (Allocation Failure) 2020-03-19T11:45:54.159+0800: 9557.784: [ParNew: 160631K->2293K(176960K), 0.0163612 secs] 290818K->132503K(367000K), 0.0167514 secs] [Times: user=0.03 sys=0.00, real=0.01 secs] 
2020-03-19T11:46:00.043+0800: 9563.667: [GC (Allocation Failure) 2020-03-19T11:46:00.043+0800: 9563.668: [ParNew: 159605K->2567K(176960K), 0.0283106 secs] 289815K->132795K(367000K), 0.0289397 secs] [Times: user=0.03 sys=0.01, real=0.03 secs] 
2020-03-19T11:46:04.798+0800: 9568.422: [GC (Allocation Failure) 2020-03-19T11:46:04.798+0800: 9568.423: [ParNew: 159879K->3288K(176960K), 0.0201860 secs] 290107K->133532K(367000K), 0.0208539 secs] [Times: user=0.03 sys=0.01, real=0.03 secs] 
2020-03-19T11:46:10.955+0800: 9574.580: [GC (Allocation Failure) 2020-03-19T11:46:10.956+0800: 9574.580: [ParNew: 160600K->2550K(176960K), 0.0248580 secs] 290844K->132822K(367000K), 0.0252615 secs] [Times: user=0.03 sys=0.00, real=0.03 secs] 
2020-03-19T11:46:15.759+0800: 9579.384: [GC (Allocation Failure) 2020-03-19T11:46:15.760+0800: 9579.384: [ParNew: 159862K->3365K(176960K), 0.0190925 secs] 290134K->133656K(367000K), 0.0195218 secs] [Times: user=0.02 sys=0.00, real=0.02 secs] 
2020-03-19T11:46:22.588+0800: 9586.213: [GC (Allocation Failure) 2020-03-19T11:46:22.588+0800: 9586.213: [ParNew: 160677K->2098K(176960K), 0.0139848 secs] 290968K->132409K(367000K), 0.0143962 secs] [Times: user=0.03 sys=0.00, real=0.01 secs] 
2020-03-19T11:46:29.148+0800: 9592.772: [GC (Allocation Failure) 2020-03-19T11:46:29.148+0800: 9592.773: [ParNew: 159410K->2822K(176960K), 0.0245290 secs] 289721K->133148K(367000K), 0.0248931 secs] [Times: user=0.03 sys=0.00, real=0.02 secs] 
2020-03-19T11:46:34.576+0800: 9598.200: [GC (Allocation Failure) 2020-03-19T11:46:34.576+0800: 9598.201: [ParNew: 160134K->2849K(176960K), 0.0201831 secs] 290460K->133193K(367000K), 0.0206157 secs] [Times: user=0.02 sys=0.00, real=0.02 secs] 
2020-03-19T11:46:41.001+0800: 9604.626: [GC (Allocation Failure) 2020-03-19T11:46:41.001+0800: 9604.626: [ParNew: 160161K->2842K(176960K), 0.0203671 secs] 290505K->133207K(367000K), 0.0208260 secs] [Times: user=0.02 sys=0.00, real=0.02 secs] 
2020-03-19T11:46:45.763+0800: 9609.388: [GC (Allocation Failure) 2020-03-19T11:46:45.763+0800: 9609.388: [ParNew: 160154K->3679K(176960K), 0.0154692 secs] 290519K->134063K(367000K), 0.0158232 secs] [Times: user=0.02 sys=0.00, real=0.02 secs] 
2020-03-19T11:46:52.310+0800: 9615.935: [GC (Allocation Failure) 2020-03-19T11:46:52.311+0800: 9615.935: [ParNew: 160991K->2236K(176960K), 0.0142795 secs] 291375K->132645K(367000K), 0.0146779 secs] [Times: user=0.03 sys=0.00, real=0.01 secs] 
2020-03-19T11:46:58.764+0800: 9622.388: [GC (Allocation Failure) 2020-03-19T11:46:58.764+0800: 9622.388: [ParNew: 159548K->2876K(176960K), 0.0143078 secs] 289957K->133308K(367000K), 0.0146845 secs] [Times: user=0.03 sys=0.00, real=0.02 secs] 
2020-03-19T11:47:03.013+0800: 9626.638: [GC (Allocation Failure) 2020-03-19T11:47:03.013+0800: 9626.638: [ParNew: 160188K->2854K(176960K), 0.0200513 secs] 290620K->133300K(367000K), 0.0203957 secs] [Times: user=0.02 sys=0.00, real=0.02 secs] 
2020-03-19T11:47:08.443+0800: 9632.068: [GC (Allocation Failure) 2020-03-19T11:47:08.443+0800: 9632.068: [ParNew: 160166K->2755K(176960K), 0.0177312 secs] 290612K->133223K(367000K), 0.0181116 secs] [Times: user=0.02 sys=0.00, real=0.02 secs] 
2020-03-19T11:47:14.782+0800: 9638.406: [GC (Allocation Failure) 2020-03-19T11:47:14.782+0800: 9638.407: [ParNew: 160067K->2817K(176960K), 0.0158742 secs] 290535K->133306K(367000K), 0.0162440 secs] [Times: user=0.02 sys=0.00, real=0.02 secs] 
2020-03-19T11:47:19.456+0800: 9643.081: [GC (Allocation Failure) 2020-03-19T11:47:19.456+0800: 9643.081: [ParNew: 160129K->3157K(176960K), 0.0149242 secs] 290618K->133668K(367000K), 0.0152928 secs] [Times: user=0.03 sys=0.00, real=0.02 secs] 
2020-03-19T11:47:26.575+0800: 9650.200: [GC (Allocation Failure) 2020-03-19T11:47:26.575+0800: 9650.200: [ParNew: 160469K->2500K(176960K), 0.0255200 secs] 290980K->133030K(367000K), 0.0261754 secs] [Times: user=0.03 sys=0.00, real=0.03 secs] 
2020-03-19T11:47:32.453+0800: 9656.078: [GC (Allocation Failure) 2020-03-19T11:47:32.453+0800: 9656.078: [ParNew: 159812K->3431K(176960K), 0.0146238 secs] 290342K->133976K(367000K), 0.0150101 secs] [Times: user=0.03 sys=0.00, real=0.02 secs] 
2020-03-19T11:47:38.349+0800: 9661.973: [GC (Allocation Failure) 2020-03-19T11:47:38.349+0800: 9661.973: [ParNew: 160743K->2770K(176960K), 0.0218316 secs] 291288K->133333K(367000K), 0.0225101 secs] [Times: user=0.03 sys=0.00, real=0.02 secs] 
2020-03-19T11:47:44.794+0800: 9668.419: [GC (Allocation Failure) 2020-03-19T11:47:44.795+0800: 9668.419: [ParNew: 160082K->2553K(176960K), 0.0167137 secs] 290645K->133136K(367000K), 0.0171180 secs] [Times: user=0.03 sys=0.00, real=0.02 secs] 
2020-03-19T11:47:49.882+0800: 9673.506: [GC (Allocation Failure) 2020-03-19T11:47:49.882+0800: 9673.507: [ParNew: 159865K->2177K(176960K), 0.0141357 secs] 290448K->132782K(367000K), 0.0144901 secs] [Times: user=0.02 sys=0.00, real=0.01 secs] 
2020-03-19T11:47:56.422+0800: 9680.047: [GC (Allocation Failure) 2020-03-19T11:47:56.422+0800: 9680.047: [ParNew: 159489K->2858K(176960K), 0.0190668 secs] 290094K->133485K(367000K), 0.0194987 secs] [Times: user=0.02 sys=0.00, real=0.02 secs] 
2020-03-19T11:48:00.775+0800: 9684.399: [GC (Allocation Failure) 2020-03-19T11:48:00.775+0800: 9684.400: [ParNew: 160170K->2853K(176960K), 0.0155250 secs] 290797K->133497K(367000K), 0.0159204 secs] [Times: user=0.02 sys=0.01, real=0.02 secs] 
2020-03-19T11:48:06.333+0800: 9689.958: [GC (Allocation Failure) 2020-03-19T11:48:06.334+0800: 9689.958: [ParNew: 160165K->2228K(176960K), 0.0143770 secs] 290809K->132890K(367000K), 0.0147403 secs] [Times: user=0.03 sys=0.00, real=0.02 secs] 
2020-03-19T11:48:13.077+0800: 9696.702: [GC (Allocation Failure) 2020-03-19T11:48:13.078+0800: 9696.702: [ParNew: 159540K->2968K(176960K), 0.0209676 secs] 290202K->133650K(367000K), 0.0213294 secs] [Times: user=0.03 sys=0.00, real=0.03 secs] 
2020-03-19T11:48:16.483+0800: 9700.107: [GC (Allocation Failure) 2020-03-19T11:48:16.483+0800: 9700.108: [ParNew: 160280K->2786K(176960K), 0.0220206 secs] 290962K->133492K(367000K), 0.0224309 secs] [Times: user=0.03 sys=0.00, real=0.02 secs] 
2020-03-19T11:48:23.311+0800: 9706.936: [GC (Allocation Failure) 2020-03-19T11:48:23.312+0800: 9706.936: [ParNew: 160098K->2839K(176960K), 0.0274821 secs] 290804K->133563K(367000K), 0.0280089 secs] [Times: user=0.03 sys=0.00, real=0.03 secs] 
2020-03-19T11:48:29.812+0800: 9713.436: [GC (Allocation Failure) 2020-03-19T11:48:29.812+0800: 9713.437: [ParNew: 160151K->2828K(176960K), 0.0158413 secs] 290875K->133564K(367000K), 0.0162275 secs] [Times: user=0.03 sys=0.00, real=0.02 secs] 
2020-03-19T11:48:35.340+0800: 9718.964: [GC (Allocation Failure) 2020-03-19T11:48:35.340+0800: 9718.965: [ParNew: 160140K->2223K(176960K), 0.0139461 secs] 290876K->132979K(367000K), 0.0143175 secs] [Times: user=0.02 sys=0.00, real=0.01 secs] 
2020-03-19T11:48:42.419+0800: 9726.043: [GC (Allocation Failure) 2020-03-19T11:48:42.419+0800: 9726.043: [ParNew: 159535K->2976K(176960K), 0.0144853 secs] 290291K->133753K(367000K), 0.0148548 secs] [Times: user=0.03 sys=0.00, real=0.01 secs] 
2020-03-19T11:48:46.551+0800: 9730.175: [GC (Allocation Failure) 2020-03-19T11:48:46.551+0800: 9730.176: [ParNew: 160288K->2789K(176960K), 0.0189027 secs] 291065K->133587K(367000K), 0.0192993 secs] [Times: user=0.03 sys=0.01, real=0.02 secs] 
2020-03-19T11:48:53.126+0800: 9736.750: [GC (Allocation Failure) 2020-03-19T11:48:53.126+0800: 9736.750: [ParNew: 160101K->2841K(176960K), 0.0152539 secs] 290899K->133660K(367000K), 0.0156683 secs] [Times: user=0.03 sys=0.00, real=0.02 secs] 
2020-03-19T11:48:59.793+0800: 9743.418: [GC (Allocation Failure) 2020-03-19T11:48:59.794+0800: 9743.418: [ParNew: 160153K->2830K(176960K), 0.0202351 secs] 290972K->133671K(367000K), 0.0206517 secs] [Times: user=0.03 sys=0.00, real=0.02 secs] 
2020-03-19T11:49:04.142+0800: 9747.767: [GC (Allocation Failure) 2020-03-19T11:49:04.143+0800: 9747.767: [ParNew: 160142K->2085K(176960K), 0.0139726 secs] 290983K->132943K(367000K), 0.0143703 secs] [Times: user=0.03 sys=0.01, real=0.01 secs] 
2020-03-19T11:49:09.906+0800: 9753.531: [GC (Allocation Failure) 2020-03-19T11:49:09.907+0800: 9753.531: [ParNew: 159396K->2907K(176960K), 0.0147963 secs] 290254K->133788K(367000K), 0.0151540 secs] [Times: user=0.03 sys=0.00, real=0.01 secs] 
2020-03-19T11:49:15.136+0800: 9758.761: [GC (Allocation Failure) 2020-03-19T11:49:15.137+0800: 9758.761: [ParNew: 160219K->2758K(176960K), 0.0177396 secs] 291100K->133661K(367000K), 0.0182323 secs] [Times: user=0.02 sys=0.00, real=0.02 secs] 
2020-03-19T11:49:21.144+0800: 9764.768: [GC (Allocation Failure) 2020-03-19T11:49:21.144+0800: 9764.769: [ParNew: 160070K->2296K(176960K), 0.0147495 secs] 290973K->133218K(367000K), 0.0151284 secs] [Times: user=0.03 sys=0.00, real=0.02 secs] 
2020-03-19T11:49:28.226+0800: 9771.851: [GC (Allocation Failure) 2020-03-19T11:49:28.227+0800: 9771.851: [ParNew: 159608K->2890K(176960K), 0.0176532 secs] 290530K->133825K(367000K), 0.0181326 secs] [Times: user=0.02 sys=0.00, real=0.01 secs] 
2020-03-19T11:49:33.686+0800: 9777.311: [GC (Allocation Failure) 2020-03-19T11:49:33.686+0800: 9777.311: [ParNew: 160202K->2882K(176960K), 0.0138389 secs] 291137K->133834K(367000K), 0.0142641 secs] [Times: user=0.03 sys=0.01, real=0.01 secs] 
2020-03-19T11:49:39.964+0800: 9783.588: [GC (Allocation Failure) 2020-03-19T11:49:39.964+0800: 9783.589: [ParNew: 160194K->2861K(176960K), 0.0138962 secs] 291146K->133835K(367000K), 0.0142688 secs] [Times: user=0.03 sys=0.00, real=0.02 secs] 
2020-03-19T11:49:45.338+0800: 9788.963: [GC (Allocation Failure) 2020-03-19T11:49:45.339+0800: 9788.963: [ParNew: 160173K->2767K(176960K), 0.0257498 secs] 291147K->133756K(367000K), 0.0261860 secs] [Times: user=0.03 sys=0.00, real=0.02 secs] 
2020-03-19T11:49:51.180+0800: 9794.804: [GC (Allocation Failure) 2020-03-19T11:49:51.180+0800: 9794.804: [ParNew: 160079K->2849K(176960K), 0.0234574 secs] 291068K->133860K(367000K), 0.0238589 secs] [Times: user=0.03 sys=0.00, real=0.02 secs] 
2020-03-19T11:49:57.638+0800: 9801.262: [GC (Allocation Failure) 2020-03-19T11:49:57.638+0800: 9801.262: [ParNew: 160161K->2768K(176960K), 0.0183875 secs] 291172K->133801K(367000K), 0.0188420 secs] [Times: user=0.03 sys=0.00, real=0.02 secs] 
2020-03-19T11:50:02.367+0800: 9805.991: [GC (Allocation Failure) 2020-03-19T11:50:02.367+0800: 9805.991: [ParNew: 160080K->2833K(176960K), 0.0137137 secs] 291113K->133883K(367000K), 0.0140923 secs] [Times: user=0.03 sys=0.00, real=0.01 secs] 
2020-03-19T11:50:07.641+0800: 9811.266: [GC (Allocation Failure) 2020-03-19T11:50:07.641+0800: 9811.266: [ParNew: 160145K->2750K(176960K), 0.0166276 secs] 291195K->133819K(367000K), 0.0169938 secs] [Times: user=0.03 sys=0.00, real=0.02 secs] 
2020-03-19T11:50:14.429+0800: 9818.054: [GC (Allocation Failure) 2020-03-19T11:50:14.430+0800: 9818.054: [ParNew: 160062K->2836K(176960K), 0.0225951 secs] 291131K->133924K(367000K), 0.0230006 secs] [Times: user=0.03 sys=0.00, real=0.02 secs] 
2020-03-19T11:50:19.021+0800: 9822.646: [GC (Allocation Failure) 2020-03-19T11:50:19.021+0800: 9822.646: [ParNew: 160148K->2764K(176960K), 0.0152190 secs] 291236K->133874K(367000K), 0.0156228 secs] [Times: user=0.03 sys=0.00, real=0.01 secs] 
2020-03-19T11:50:26.011+0800: 9829.635: [GC (Allocation Failure) 2020-03-19T11:50:26.011+0800: 9829.635: [ParNew: 160076K->2827K(176960K), 0.0235811 secs] 291186K->133958K(367000K), 0.0240238 secs] [Times: user=0.03 sys=0.00, real=0.02 secs] 
2020-03-19T11:50:31.574+0800: 9835.198: [GC (Allocation Failure) 2020-03-19T11:50:31.574+0800: 9835.199: [ParNew: 160139K->2829K(176960K), 0.0299888 secs] 291270K->133972K(367000K), 0.0305165 secs] [Times: user=0.02 sys=0.00, real=0.03 secs] 
2020-03-19T11:50:37.334+0800: 9840.958: [GC (Allocation Failure) 2020-03-19T11:50:37.334+0800: 9840.959: [ParNew: 160141K->2775K(176960K), 0.0227426 secs] 291284K->133940K(367000K), 0.0233658 secs] [Times: user=0.03 sys=0.00, real=0.02 secs] 
2020-03-19T11:50:44.578+0800: 9848.203: [GC (Allocation Failure) 2020-03-19T11:50:44.579+0800: 9848.203: [ParNew: 160087K->2832K(176960K), 0.0146049 secs] 291252K->134019K(367000K), 0.0150454 secs] [Times: user=0.03 sys=0.00, real=0.01 secs] 
2020-03-19T11:50:49.198+0800: 9852.823: [GC (Allocation Failure) 2020-03-19T11:50:49.198+0800: 9852.823: [ParNew: 160144K->2757K(176960K), 0.0203579 secs] 291331K->133966K(367000K), 0.0207365 secs] [Times: user=0.02 sys=0.01, real=0.02 secs] 
2020-03-19T11:50:55.442+0800: 9859.066: [GC (Allocation Failure) 2020-03-19T11:50:55.442+0800: 9859.067: [ParNew: 160069K->2824K(176960K), 0.0143962 secs] 291278K->134056K(367000K), 0.0148022 secs] [Times: user=0.03 sys=0.00, real=0.01 secs] 
2020-03-19T11:51:00.736+0800: 9864.361: [GC (Allocation Failure) 2020-03-19T11:51:00.737+0800: 9864.361: [ParNew: 160136K->2827K(176960K), 0.0226166 secs] 291368K->134078K(367000K), 0.0230201 secs] [Times: user=0.02 sys=0.00, real=0.03 secs] 
2020-03-19T11:51:05.820+0800: 9869.444: [GC (Allocation Failure) 2020-03-19T11:51:05.820+0800: 9869.444: [ParNew: 159663K->4623K(176960K), 0.0156611 secs] 290914K->135894K(367000K), 0.0160277 secs] [Times: user=0.02 sys=0.00, real=0.01 secs] 
2020-03-19T11:51:12.779+0800: 9876.403: [GC (Allocation Failure) 2020-03-19T11:51:12.779+0800: 9876.404: [ParNew: 161935K->3787K(176960K), 0.0224031 secs] 293206K->135079K(367000K), 0.0228027 secs] [Times: user=0.02 sys=0.01, real=0.02 secs] 
2020-03-19T11:51:16.835+0800: 9880.460: [GC (Allocation Failure) 2020-03-19T11:51:16.836+0800: 9880.460: [ParNew: 161099K->2606K(176960K), 0.0235960 secs] 292391K->133921K(367000K), 0.0241911 secs] [Times: user=0.03 sys=0.00, real=0.03 secs] 
2020-03-19T11:51:24.151+0800: 9887.775: [GC (Allocation Failure) 2020-03-19T11:51:24.151+0800: 9887.775: [ParNew: 159918K->2626K(176960K), 0.0222429 secs] 291233K->133958K(367000K), 0.0227959 secs] [Times: user=0.03 sys=0.00, real=0.02 secs] 
2020-03-19T11:51:30.567+0800: 9894.191: [GC (Allocation Failure) 2020-03-19T11:51:30.567+0800: 9894.192: [ParNew: 159938K->2805K(176960K), 0.0140407 secs] 291270K->134150K(367000K), 0.0143896 secs] [Times: user=0.02 sys=0.00, real=0.01 secs] 
2020-03-19T11:51:35.820+0800: 9899.444: [GC (Allocation Failure) 2020-03-19T11:51:35.820+0800: 9899.444: [ParNew: 160117K->3901K(176960K), 0.0141629 secs] 291462K->135262K(367000K), 0.0145979 secs] [Times: user=0.02 sys=0.00, real=0.01 secs] 
2020-03-19T11:51:43.072+0800: 9906.697: [GC (Allocation Failure) 2020-03-19T11:51:43.072+0800: 9906.697: [ParNew: 161213K->3067K(176960K), 0.0213734 secs] 292574K->134453K(367000K), 0.0217377 secs] [Times: user=0.02 sys=0.00, real=0.02 secs] 
2020-03-19T11:51:47.034+0800: 9910.659: [GC (Allocation Failure) 2020-03-19T11:51:47.034+0800: 9910.659: [ParNew: 160379K->2814K(176960K), 0.0133098 secs] 291765K->134219K(367000K), 0.0136789 secs] [Times: user=0.03 sys=0.00, real=0.02 secs] 
2020-03-19T11:51:53.686+0800: 9917.310: [GC (Allocation Failure) 2020-03-19T11:51:53.686+0800: 9917.310: [ParNew: 160126K->2852K(176960K), 0.0330212 secs] 291531K->134276K(367000K), 0.0334426 secs] [Times: user=0.03 sys=0.01, real=0.04 secs] 
2020-03-19T11:52:00.012+0800: 9923.637: [GC (Allocation Failure) 2020-03-19T11:52:00.012+0800: 9923.637: [ParNew: 160164K->2850K(176960K), 0.0489736 secs] 291588K->134293K(367000K), 0.0494821 secs] [Times: user=0.03 sys=0.00, real=0.05 secs] 
2020-03-19T11:52:04.657+0800: 9928.282: [GC (Allocation Failure) 2020-03-19T11:52:04.658+0800: 9928.282: [ParNew: 160162K->2237K(176960K), 0.0135246 secs] 291605K->133698K(367000K), 0.0139500 secs] [Times: user=0.03 sys=0.00, real=0.02 secs] 
2020-03-19T11:52:10.982+0800: 9934.607: [GC (Allocation Failure) 2020-03-19T11:52:10.983+0800: 9934.607: [ParNew: 159549K->2973K(176960K), 0.0148976 secs] 291010K->134457K(367000K), 0.0152884 secs] [Times: user=0.03 sys=0.00, real=0.01 secs] 
2020-03-19T11:52:15.670+0800: 9939.294: [GC (Allocation Failure) 2020-03-19T11:52:15.670+0800: 9939.295: [ParNew: 160285K->2784K(176960K), 0.0226443 secs] 291769K->134286K(367000K), 0.0232153 secs] [Times: user=0.03 sys=0.00, real=0.02 secs] 
2020-03-19T11:52:22.506+0800: 9946.130: [GC (Allocation Failure) 2020-03-19T11:52:22.506+0800: 9946.131: [ParNew: 160096K->2841K(176960K), 0.0142181 secs] 291598K->134363K(367000K), 0.0146165 secs] [Times: user=0.02 sys=0.00, real=0.02 secs] 
2020-03-19T11:52:29.152+0800: 9952.776: [GC (Allocation Failure) 2020-03-19T11:52:29.152+0800: 9952.776: [ParNew: 160153K->2753K(176960K), 0.0141184 secs] 291675K->134290K(367000K), 0.0145209 secs] [Times: user=0.03 sys=0.00, real=0.02 secs] 
2020-03-19T11:52:34.455+0800: 9958.079: [GC (Allocation Failure) 2020-03-19T11:52:34.455+0800: 9958.079: [ParNew: 160065K->2850K(176960K), 0.0148814 secs] 291602K->134404K(367000K), 0.0152860 secs] [Times: user=0.02 sys=0.00, real=0.02 secs] 
2020-03-19T11:52:40.959+0800: 9964.583: [GC (Allocation Failure) 2020-03-19T11:52:40.959+0800: 9964.583: [ParNew: 160162K->2851K(176960K), 0.0140218 secs] 291716K->134428K(367000K), 0.0143940 secs] [Times: user=0.02 sys=0.01, real=0.01 secs] 
2020-03-19T11:52:45.768+0800: 9969.393: [GC (Allocation Failure) 2020-03-19T11:52:45.769+0800: 9969.393: [ParNew: 160163K->2760K(176960K), 0.0145889 secs] 291740K->134354K(367000K), 0.0150434 secs] [Times: user=0.03 sys=0.00, real=0.01 secs] 
2020-03-19T11:52:52.452+0800: 9976.077: [GC (Allocation Failure) 2020-03-19T11:52:52.452+0800: 9976.077: [ParNew: 160072K->3313K(176960K), 0.0158515 secs] 291666K->134932K(367000K), 0.0161994 secs] [Times: user=0.03 sys=0.00, real=0.02 secs] 
2020-03-19T11:52:58.841+0800: 9982.466: [GC (Allocation Failure) 2020-03-19T11:52:58.842+0800: 9982.466: [ParNew: 160625K->2454K(176960K), 0.0167273 secs] 292244K->134095K(367000K), 0.0171816 secs] [Times: user=0.03 sys=0.00, real=0.02 secs] 
2020-03-19T11:53:03.071+0800: 9986.696: [GC (Allocation Failure) 2020-03-19T11:53:03.071+0800: 9986.696: [ParNew: 159766K->3429K(176960K), 0.0138165 secs] 291407K->135088K(367000K), 0.0141471 secs] [Times: user=0.02 sys=0.00, real=0.01 secs] 
2020-03-19T11:53:08.683+0800: 9992.308: [GC (Allocation Failure) 2020-03-19T11:53:08.683+0800: 9992.308: [ParNew: 160741K->2207K(176960K), 0.0145095 secs] 292400K->133887K(367000K), 0.0148855 secs] [Times: user=0.03 sys=0.00, real=0.02 secs] 
2020-03-19T11:53:14.781+0800: 9998.405: [GC (Allocation Failure) 2020-03-19T11:53:14.781+0800: 9998.406: [ParNew: 159519K->3365K(176960K), 0.0154782 secs] 291199K->135065K(367000K), 0.0159362 secs] [Times: user=0.03 sys=0.00, real=0.01 secs] 
2020-03-19T11:53:19.522+0800: 10003.146: [GC (Allocation Failure) 2020-03-19T11:53:19.522+0800: 10003.147: [ParNew: 160677K->2064K(176960K), 0.0138516 secs] 292377K->133786K(367000K), 0.0142954 secs] [Times: user=0.02 sys=0.00, real=0.01 secs] 
2020-03-19T11:53:26.720+0800: 10010.345: [GC (Allocation Failure) 2020-03-19T11:53:26.721+0800: 10010.345: [ParNew: 159376K->2905K(176960K), 0.0140616 secs] 291098K->134646K(367000K), 0.0144172 secs] [Times: user=0.03 sys=0.00, real=0.01 secs] 
2020-03-19T11:53:32.659+0800: 10016.284: [GC (Allocation Failure) 2020-03-19T11:53:32.659+0800: 10016.284: [ParNew: 160217K->2846K(176960K), 0.0139720 secs] 291958K->134600K(367000K), 0.0143169 secs] [Times: user=0.03 sys=0.00, real=0.01 secs] 
2020-03-19T11:53:38.561+0800: 10022.186: [GC (Allocation Failure) 2020-03-19T11:53:38.561+0800: 10022.186: [ParNew: 160158K->2762K(176960K), 0.0141141 secs] 291912K->134535K(367000K), 0.0144479 secs] [Times: user=0.03 sys=0.00, real=0.01 secs] 
2020-03-19T11:53:44.803+0800: 10028.428: [GC (Allocation Failure) 2020-03-19T11:53:44.803+0800: 10028.428: [ParNew: 160074K->3750K(176960K), 0.0183210 secs] 291847K->135544K(367000K), 0.0187058 secs] [Times: user=0.03 sys=0.01, real=0.02 secs] 
2020-03-19T11:53:50.164+0800: 10033.789: [GC (Allocation Failure) 2020-03-19T11:53:50.165+0800: 10033.789: [ParNew: 161062K->2323K(176960K), 0.0347573 secs] 292856K->134138K(367000K), 0.0351694 secs] [Times: user=0.02 sys=0.00, real=0.04 secs] 
2020-03-19T11:53:56.553+0800: 10040.178: [GC (Allocation Failure) 2020-03-19T11:53:56.554+0800: 10040.178: [ParNew: 159635K->2917K(176960K), 0.0245741 secs] 291450K->134752K(367000K), 0.0249750 secs] [Times: user=0.03 sys=0.00, real=0.03 secs] 
2020-03-19T11:54:00.775+0800: 10044.400: [GC (Allocation Failure) 2020-03-19T11:54:00.776+0800: 10044.400: [ParNew: 160229K->3807K(176960K), 0.0152971 secs] 292064K->135661K(367000K), 0.0157057 secs] [Times: user=0.03 sys=0.00, real=0.02 secs] 
2020-03-19T11:54:06.518+0800: 10050.142: [GC (Allocation Failure) 2020-03-19T11:54:06.518+0800: 10050.143: [ParNew: 161119K->2236K(176960K), 0.0136856 secs] 292973K->134108K(367000K), 0.0140715 secs] [Times: user=0.02 sys=0.00, real=0.02 secs] 
2020-03-19T11:54:13.574+0800: 10057.199: [GC (Allocation Failure) 2020-03-19T11:54:13.575+0800: 10057.199: [ParNew: 159548K->2973K(176960K), 0.0212470 secs] 291420K->134864K(367000K), 0.0216993 secs] [Times: user=0.03 sys=0.00, real=0.02 secs] 
2020-03-19T11:54:17.370+0800: 10060.994: [GC (Allocation Failure) 2020-03-19T11:54:17.370+0800: 10060.994: [ParNew: 160285K->2790K(176960K), 0.0153551 secs] 292176K->134704K(367000K), 0.0157280 secs] [Times: user=0.02 sys=0.00, real=0.01 secs] 
2020-03-19T11:54:24.805+0800: 10068.430: [GC (Allocation Failure) 2020-03-19T11:54:24.805+0800: 10068.430: [ParNew: 160102K->2834K(176960K), 0.0139080 secs] 292016K->134767K(367000K), 0.0142794 secs] [Times: user=0.02 sys=0.00, real=0.02 secs] 
2020-03-19T11:54:30.785+0800: 10074.410: [GC (Allocation Failure) 2020-03-19T11:54:30.785+0800: 10074.410: [ParNew: 160146K->2833K(176960K), 0.0153113 secs] 292079K->134777K(367000K), 0.0156766 secs] [Times: user=0.03 sys=0.00, real=0.02 secs] 
2020-03-19T11:54:36.534+0800: 10080.159: [GC (Allocation Failure) 2020-03-19T11:54:36.534+0800: 10080.159: [ParNew: 160145K->2210K(176960K), 0.0200173 secs] 292089K->134172K(367000K), 0.0204445 secs] [Times: user=0.02 sys=0.00, real=0.02 secs] 
2020-03-19T11:54:43.633+0800: 10087.258: [GC (Allocation Failure) 2020-03-19T11:54:43.638+0800: 10087.262: [ParNew: 159522K->2969K(176960K), 0.0326859 secs] 291484K->134960K(367000K), 0.0373156 secs] [Times: user=0.03 sys=0.00, real=0.04 secs] 
2020-03-19T11:54:48.025+0800: 10091.649: [GC (Allocation Failure) 2020-03-19T11:54:48.025+0800: 10091.649: [ParNew: 160281K->2790K(176960K), 0.0177615 secs] 292272K->134800K(367000K), 0.0182094 secs] [Times: user=0.02 sys=0.00, real=0.02 secs] 
2020-03-19T11:54:54.648+0800: 10098.273: [GC (Allocation Failure) 2020-03-19T11:54:54.648+0800: 10098.273: [ParNew: 160102K->2834K(176960K), 0.0147654 secs] 292112K->134866K(367000K), 0.0151241 secs] [Times: user=0.02 sys=0.00, real=0.01 secs] 
2020-03-19T11:55:00.071+0800: 10103.695: [GC (Allocation Failure) 2020-03-19T11:55:00.071+0800: 10103.696: [ParNew: 160146K->2829K(176960K), 0.0338325 secs] 292178K->134881K(367000K), 0.0343099 secs] [Times: user=0.04 sys=0.00, real=0.03 secs] 
2020-03-19T11:55:05.298+0800: 10108.922: [GC (Allocation Failure) 2020-03-19T11:55:05.298+0800: 10108.923: [ParNew: 160141K->2230K(176960K), 0.0221990 secs] 292193K->134301K(367000K), 0.0226357 secs] [Times: user=0.03 sys=0.00, real=0.03 secs] 
2020-03-19T11:55:11.598+0800: 10115.223: [GC (Allocation Failure) 2020-03-19T11:55:11.599+0800: 10115.223: [ParNew: 159542K->2966K(176960K), 0.0366418 secs] 291613K->135059K(367000K), 0.0370488 secs] [Times: user=0.03 sys=0.00, real=0.03 secs] 
2020-03-19T11:55:15.779+0800: 10119.403: [GC (Allocation Failure) 2020-03-19T11:55:15.779+0800: 10119.404: [ParNew: 160278K->2777K(176960K), 0.0148013 secs] 292371K->134893K(367000K), 0.0151945 secs] [Times: user=0.03 sys=0.00, real=0.01 secs] 
2020-03-19T11:55:23.068+0800: 10126.692: [GC (Allocation Failure) 2020-03-19T11:55:23.068+0800: 10126.692: [ParNew: 160089K->2293K(176960K), 0.0142182 secs] 292205K->134429K(367000K), 0.0146194 secs] [Times: user=0.02 sys=0.00, real=0.01 secs] 
2020-03-19T11:55:29.778+0800: 10133.403: [GC (Allocation Failure) 2020-03-19T11:55:29.779+0800: 10133.403: [ParNew: 159605K->2965K(176960K), 0.0164697 secs] 291741K->135114K(367000K), 0.0169245 secs] [Times: user=0.02 sys=0.00, real=0.01 secs] 
2020-03-19T11:55:35.297+0800: 10138.921: [GC (Allocation Failure) 2020-03-19T11:55:35.297+0800: 10138.922: [ParNew: 160277K->1959K(176960K), 0.0138459 secs] 292426K->134122K(367000K), 0.0142202 secs] [Times: user=0.02 sys=0.00, real=0.02 secs] 
2020-03-19T11:55:41.620+0800: 10145.244: [GC (Allocation Failure) 2020-03-19T11:55:41.620+0800: 10145.244: [ParNew: 159271K->2876K(176960K), 0.0287900 secs] 291434K->135061K(367000K), 0.0292234 secs] [Times: user=0.02 sys=0.01, real=0.03 secs] 
2020-03-19T11:55:46.211+0800: 10149.836: [GC (Allocation Failure) 2020-03-19T11:55:46.211+0800: 10149.836: [ParNew: 160188K->2769K(176960K), 0.0155068 secs] 292373K->134973K(367000K), 0.0158747 secs] [Times: user=0.03 sys=0.00, real=0.02 secs] 
2020-03-19T11:55:53.072+0800: 10156.696: [GC (Allocation Failure) 2020-03-19T11:55:53.072+0800: 10156.697: [ParNew: 160081K->3424K(176960K), 0.0140484 secs] 292285K->135649K(367000K), 0.0144860 secs] [Times: user=0.03 sys=0.00, real=0.02 secs] 
2020-03-19T11:55:59.454+0800: 10163.079: [GC (Allocation Failure) 2020-03-19T11:55:59.455+0800: 10163.079: [ParNew: 160736K->2493K(176960K), 0.0147722 secs] 292961K->134737K(367000K), 0.0151120 secs] [Times: user=0.03 sys=0.00, real=0.02 secs] 
2020-03-19T11:56:03.654+0800: 10167.279: [GC (Allocation Failure) 2020-03-19T11:56:03.654+0800: 10167.279: [ParNew: 159805K->2615K(176960K), 0.0144040 secs] 292049K->134875K(367000K), 0.0147576 secs] [Times: user=0.02 sys=0.00, real=0.02 secs] 
2020-03-19T11:56:09.451+0800: 10173.076: [GC (Allocation Failure) 2020-03-19T11:56:09.451+0800: 10173.076: [ParNew: 159927K->2701K(176960K), 0.0130179 secs] 292187K->134985K(367000K), 0.0133730 secs] [Times: user=0.03 sys=0.00, real=0.01 secs] 
2020-03-19T11:56:15.089+0800: 10178.714: [GC (Allocation Failure) 2020-03-19T11:56:15.089+0800: 10178.714: [ParNew: 160013K->3714K(176960K), 0.0222458 secs] 292297K->136017K(367000K), 0.0226583 secs] [Times: user=0.03 sys=0.00, real=0.02 secs] 
2020-03-19T11:56:20.752+0800: 10184.377: [GC (Allocation Failure) 2020-03-19T11:56:20.752+0800: 10184.377: [ParNew: 161026K->2304K(176960K), 0.0212082 secs] 293329K->134628K(367000K), 0.0216631 secs] [Times: user=0.02 sys=0.00, real=0.02 secs] 
2020-03-19T11:56:27.635+0800: 10191.259: [GC (Allocation Failure) 2020-03-19T11:56:27.635+0800: 10191.260: [ParNew: 159616K->2900K(176960K), 0.0148131 secs] 291940K->135243K(367000K), 0.0151795 secs] [Times: user=0.03 sys=0.00, real=0.02 secs] 
2020-03-19T11:56:33.453+0800: 10197.077: [GC (Allocation Failure) 2020-03-19T11:56:33.453+0800: 10197.077: [ParNew: 160212K->2865K(176960K), 0.0217651 secs] 292555K->135223K(367000K), 0.0221615 secs] [Times: user=0.02 sys=0.00, real=0.02 secs] 
2020-03-19T11:56:39.452+0800: 10203.077: [GC (Allocation Failure) 2020-03-19T11:56:39.453+0800: 10203.077: [ParNew: 160177K->2763K(176960K), 0.0157333 secs] 292535K->135139K(367000K), 0.0161854 secs] [Times: user=0.03 sys=0.00, real=0.02 secs] 
2020-03-19T11:56:45.062+0800: 10208.687: [GC (Allocation Failure) 2020-03-19T11:56:45.063+0800: 10208.687: [ParNew: 160075K->3745K(176960K), 0.0268390 secs] 292451K->136141K(367000K), 0.0274634 secs] [Times: user=0.03 sys=0.00, real=0.03 secs] 
2020-03-19T11:56:50.881+0800: 10214.505: [GC (Allocation Failure) 2020-03-19T11:56:50.881+0800: 10214.505: [ParNew: 161056K->2310K(176960K), 0.0150645 secs] 293452K->134731K(367000K), 0.0155981 secs] [Times: user=0.03 sys=0.00, real=0.01 secs] 
2020-03-19T11:56:57.334+0800: 10220.958: [GC (Allocation Failure) 2020-03-19T11:56:57.334+0800: 10220.959: [ParNew: 159622K->1930K(176960K), 0.0136537 secs] 292043K->134375K(367000K), 0.0140304 secs] [Times: user=0.03 sys=0.00, real=0.02 secs] 
2020-03-19T11:57:01.389+0800: 10225.013: [GC (Allocation Failure) 2020-03-19T11:57:01.389+0800: 10225.014: [ParNew: 159242K->2856K(176960K), 0.0167640 secs] 291687K->135317K(367000K), 0.0171685 secs] [Times: user=0.03 sys=0.00, real=0.02 secs] 
2020-03-19T11:57:06.891+0800: 10230.516: [GC (Allocation Failure) 2020-03-19T11:57:06.892+0800: 10230.516: [ParNew: 160168K->2767K(176960K), 0.0159354 secs] 292629K->135248K(367000K), 0.0165947 secs] [Times: user=0.03 sys=0.00, real=0.02 secs] 
2020-03-19T11:57:14.151+0800: 10237.776: [GC (Allocation Failure) 2020-03-19T11:57:14.151+0800: 10237.776: [ParNew: 160079K->2815K(176960K), 0.0227574 secs] 292560K->135315K(367000K), 0.0232144 secs] [Times: user=0.03 sys=0.00, real=0.02 secs] 
2020-03-19T11:57:18.228+0800: 10241.852: [GC (Allocation Failure) 2020-03-19T11:57:18.228+0800: 10241.853: [ParNew: 160127K->2750K(176960K), 0.0401392 secs] 292627K->135271K(367000K), 0.0406870 secs] [Times: user=0.03 sys=0.00, real=0.04 secs] 
2020-03-19T11:57:25.129+0800: 10248.754: [GC (Allocation Failure) 2020-03-19T11:57:25.130+0800: 10248.754: [ParNew: 160062K->2830K(176960K), 0.0206958 secs] 292583K->135373K(367000K), 0.0211271 secs] [Times: user=0.03 sys=0.00, real=0.02 secs] 
2020-03-19T11:57:31.039+0800: 10254.664: [GC (Allocation Failure) 2020-03-19T11:57:31.039+0800: 10254.664: [ParNew: 160142K->3750K(176960K), 0.0231728 secs] 292685K->136304K(367000K), 0.0237726 secs] [Times: user=0.04 sys=0.00, real=0.02 secs] 
2020-03-19T11:57:36.830+0800: 10260.454: [GC (Allocation Failure) 2020-03-19T11:57:36.830+0800: 10260.454: [ParNew: 161062K->2238K(176960K), 0.0141993 secs] 293616K->134810K(367000K), 0.0145819 secs] [Times: user=0.03 sys=0.00, real=0.01 secs] 
2020-03-19T11:57:44.107+0800: 10267.731: [GC (Allocation Failure) 2020-03-19T11:57:44.107+0800: 10267.731: [ParNew: 159550K->2982K(176960K), 0.0152457 secs] 292122K->135576K(367000K), 0.0155976 secs] [Times: user=0.03 sys=0.00, real=0.01 secs] 
2020-03-19T11:57:48.654+0800: 10272.279: [GC (Allocation Failure) 2020-03-19T11:57:48.655+0800: 10272.279: [ParNew: 160294K->2805K(176960K), 0.0140531 secs] 292888K->135423K(367000K), 0.0144784 secs] [Times: user=0.03 sys=0.00, real=0.02 secs] 
2020-03-19T11:57:54.923+0800: 10278.548: [GC (Allocation Failure) 2020-03-19T11:57:54.923+0800: 10278.548: [ParNew: 160117K->2843K(176960K), 0.0138341 secs] 292735K->135478K(367000K), 0.0142290 secs] [Times: user=0.02 sys=0.00, real=0.01 secs] 
2020-03-19T11:58:00.089+0800: 10283.713: [GC (Allocation Failure) 2020-03-19T11:58:00.089+0800: 10283.714: [ParNew: 160155K->2852K(176960K), 0.0270058 secs] 292790K->135506K(367000K), 0.0274808 secs] [Times: user=0.03 sys=0.00, real=0.02 secs] 
2020-03-19T11:58:05.628+0800: 10289.253: [GC (Allocation Failure) 2020-03-19T11:58:05.628+0800: 10289.253: [ParNew: 160164K->3358K(176960K), 0.0278595 secs] 292818K->136030K(367000K), 0.0283473 secs] [Times: user=0.02 sys=0.01, real=0.02 secs] 
2020-03-19T11:58:12.249+0800: 10295.874: [GC (Allocation Failure) 2020-03-19T11:58:12.250+0800: 10295.874: [ParNew: 160670K->2572K(176960K), 0.0318855 secs] 293342K->135266K(367000K), 0.0323341 secs] [Times: user=0.03 sys=0.00, real=0.03 secs] 
2020-03-19T11:58:15.740+0800: 10299.365: [GC (Allocation Failure) 2020-03-19T11:58:15.740+0800: 10299.365: [ParNew: 159884K->2537K(176960K), 0.0211167 secs] 292578K->135254K(367000K), 0.0214897 secs] [Times: user=0.02 sys=0.00, real=0.02 secs] 
2020-03-19T11:58:21.897+0800: 10305.522: [GC (Allocation Failure) 2020-03-19T11:58:21.897+0800: 10305.522: [ParNew: 159849K->1989K(176960K), 0.0149680 secs] 292566K->134725K(367000K), 0.0153415 secs] [Times: user=0.03 sys=0.00, real=0.02 secs] 
2020-03-19T11:58:28.852+0800: 10312.476: [GC (Allocation Failure) 2020-03-19T11:58:28.852+0800: 10312.476: [ParNew: 159301K->2790K(176960K), 0.0151345 secs] 292037K->135541K(367000K), 0.0155223 secs] [Times: user=0.02 sys=0.00, real=0.02 secs] 
2020-03-19T11:58:34.423+0800: 10318.048: [GC (Allocation Failure) 2020-03-19T11:58:34.423+0800: 10318.048: [ParNew: 160102K->2836K(176960K), 0.0205894 secs] 292853K->135603K(367000K), 0.0210431 secs] [Times: user=0.02 sys=0.00, real=0.02 secs] 
2020-03-19T11:58:40.746+0800: 10324.370: [GC (Allocation Failure) 2020-03-19T11:58:40.746+0800: 10324.371: [ParNew: 160148K->2837K(176960K), 0.0148576 secs] 292915K->135629K(367000K), 0.0152593 secs] [Times: user=0.02 sys=0.00, real=0.02 secs] 
2020-03-19T11:58:45.732+0800: 10329.357: [GC (Allocation Failure) 2020-03-19T11:58:45.732+0800: 10329.357: [ParNew: 160149K->2752K(176960K), 0.0147371 secs] 292941K->135565K(367000K), 0.0151215 secs] [Times: user=0.03 sys=0.00, real=0.02 secs] 
2020-03-19T11:58:52.346+0800: 10335.971: [GC (Allocation Failure) 2020-03-19T11:58:52.346+0800: 10335.971: [ParNew: 160064K->2881K(176960K), 0.0205961 secs] 292877K->135720K(367000K), 0.0210761 secs] [Times: user=0.03 sys=0.01, real=0.02 secs] 
2020-03-19T11:58:58.686+0800: 10342.310: [GC (Allocation Failure) 2020-03-19T11:58:58.686+0800: 10342.311: [ParNew: 160193K->2755K(176960K), 0.0135020 secs] 293032K->135612K(367000K), 0.0140630 secs] [Times: user=0.03 sys=0.00, real=0.02 secs] 
2020-03-19T11:59:02.801+0800: 10346.426: [GC (Allocation Failure) 2020-03-19T11:59:02.801+0800: 10346.426: [ParNew: 160067K->2824K(176960K), 0.0142420 secs] 292924K->135697K(367000K), 0.0146454 secs] [Times: user=0.02 sys=0.00, real=0.01 secs] 
2020-03-19T11:59:08.380+0800: 10352.004: [GC (Allocation Failure) 2020-03-19T11:59:08.380+0800: 10352.005: [ParNew: 160136K->2734K(176960K), 0.0357745 secs] 293009K->135632K(367000K), 0.0365402 secs] [Times: user=0.04 sys=0.00, real=0.03 secs] 
2020-03-19T11:59:14.787+0800: 10358.411: [GC (Allocation Failure) 2020-03-19T11:59:14.787+0800: 10358.412: [ParNew: 160046K->3705K(176960K), 0.0192303 secs] 292944K->136623K(367000K), 0.0196598 secs] [Times: user=0.02 sys=0.00, real=0.02 secs] 
2020-03-19T11:59:19.594+0800: 10363.218: [GC (Allocation Failure) 2020-03-19T11:59:19.594+0800: 10363.219: [ParNew: 161017K->2508K(176960K), 0.0204215 secs] 293935K->135447K(367000K), 0.0210943 secs] [Times: user=0.03 sys=0.00, real=0.02 secs] 
2020-03-19T11:59:26.732+0800: 10370.357: [GC (Allocation Failure) 2020-03-19T11:59:26.733+0800: 10370.357: [ParNew: 159813K->2587K(176960K), 0.0140703 secs] 292752K->135540K(367000K), 0.0143893 secs] [Times: user=0.02 sys=0.00, real=0.02 secs] 
2020-03-19T11:59:32.668+0800: 10376.293: [GC (Allocation Failure) 2020-03-19T11:59:32.668+0800: 10376.293: [ParNew: 159899K->3653K(176960K), 0.0254338 secs] 292852K->136623K(367000K), 0.0257915 secs] [Times: user=0.03 sys=0.00, real=0.02 secs] 
2020-03-19T11:59:38.685+0800: 10382.310: [GC (Allocation Failure) 2020-03-19T11:59:38.685+0800: 10382.310: [ParNew: 160965K->2267K(176960K), 0.0239603 secs] 293935K->135256K(367000K), 0.0243241 secs] [Times: user=0.02 sys=0.00, real=0.03 secs] 
2020-03-19T11:59:44.797+0800: 10388.421: [GC (Allocation Failure) 2020-03-19T11:59:44.797+0800: 10388.421: [ParNew: 159579K->2595K(176960K), 0.0230158 secs] 292568K->135599K(367000K), 0.0234473 secs] [Times: user=0.02 sys=0.00, real=0.03 secs] 
2020-03-19T11:59:49.851+0800: 10393.476: [GC (Allocation Failure) 2020-03-19T11:59:49.852+0800: 10393.476: [ParNew: 159907K->3268K(176960K), 0.0274125 secs] 292911K->136294K(367000K), 0.0278793 secs] [Times: user=0.02 sys=0.00, real=0.03 secs] 
2020-03-19T11:59:56.577+0800: 10400.202: [GC (Allocation Failure) 2020-03-19T11:59:56.578+0800: 10400.202: [ParNew: 160580K->2439K(176960K), 0.0331233 secs] 293606K->135485K(367000K), 0.0336423 secs] [Times: user=0.03 sys=0.00, real=0.04 secs] 
2020-03-19T12:00:00.170+0800: 10403.795: [GC (Allocation Failure) 2020-03-19T12:00:00.171+0800: 10403.795: [ParNew: 159751K->3428K(176960K), 0.0153684 secs] 292797K->136491K(367000K), 0.0157815 secs] [Times: user=0.03 sys=0.00, real=0.02 secs] 
2020-03-19T12:00:05.607+0800: 10409.232: [GC (Allocation Failure) 2020-03-19T12:00:05.607+0800: 10409.232: [ParNew: 160740K->3276K(176960K), 0.0139404 secs] 293803K->136357K(367000K), 0.0143016 secs] [Times: user=0.02 sys=0.01, real=0.01 secs] 
2020-03-19T12:00:12.457+0800: 10416.082: [GC (Allocation Failure) 2020-03-19T12:00:12.457+0800: 10416.082: [ParNew: 160588K->2537K(176960K), 0.0174702 secs] 293669K->135639K(367000K), 0.0179369 secs] [Times: user=0.02 sys=0.00, real=0.02 secs] 
2020-03-19T12:00:16.425+0800: 10420.050: [GC (Allocation Failure) 2020-03-19T12:00:16.426+0800: 10420.050: [ParNew: 159849K->3352K(176960K), 0.0266436 secs] 292951K->136475K(367000K), 0.0270638 secs] [Times: user=0.04 sys=0.00, real=0.03 secs] 
2020-03-19T12:00:23.479+0800: 10427.103: [GC (Allocation Failure) 2020-03-19T12:00:23.479+0800: 10427.104: [ParNew: 160664K->2287K(176960K), 0.0145798 secs] 293787K->135429K(367000K), 0.0151520 secs] [Times: user=0.03 sys=0.00, real=0.01 secs] 
2020-03-19T12:00:29.809+0800: 10433.434: [GC (Allocation Failure) 2020-03-19T12:00:29.809+0800: 10433.434: [ParNew: 159599K->2547K(176960K), 0.0146981 secs] 292741K->135704K(367000K), 0.0150367 secs] [Times: user=0.02 sys=0.00, real=0.01 secs] 
2020-03-19T12:00:35.587+0800: 10439.211: [GC (Allocation Failure) 2020-03-19T12:00:35.587+0800: 10439.212: [ParNew: 159859K->3223K(176960K), 0.0191349 secs] 293016K->136396K(367000K), 0.0195368 secs] [Times: user=0.03 sys=0.00, real=0.02 secs] 
2020-03-19T12:00:42.622+0800: 10446.246: [GC (Allocation Failure) 2020-03-19T12:00:42.622+0800: 10446.246: [ParNew: 160535K->2522K(176960K), 0.0212245 secs] 293708K->135717K(367000K), 0.0216731 secs] [Times: user=0.02 sys=0.00, real=0.02 secs] 
2020-03-19T12:00:46.569+0800: 10450.194: [GC (Allocation Failure) 2020-03-19T12:00:46.569+0800: 10450.194: [ParNew: 159834K->2517K(176960K), 0.0151556 secs] 293029K->135732K(367000K), 0.0154978 secs] [Times: user=0.02 sys=0.00, real=0.01 secs] 
2020-03-19T12:00:53.306+0800: 10456.930: [GC (Allocation Failure) 2020-03-19T12:00:53.306+0800: 10456.930: [ParNew: 159829K->2773K(176960K), 0.0282349 secs] 293044K->136011K(367000K), 0.0286050 secs] [Times: user=0.02 sys=0.00, real=0.03 secs] 
2020-03-19T12:00:59.796+0800: 10463.421: [GC (Allocation Failure) 2020-03-19T12:00:59.796+0800: 10463.421: [ParNew: 160085K->2808K(176960K), 0.0148664 secs] 293323K->136065K(367000K), 0.0152015 secs] [Times: user=0.03 sys=0.00, real=0.02 secs] 
2020-03-19T12:01:04.143+0800: 10467.767: [GC (Allocation Failure) 2020-03-19T12:01:04.143+0800: 10467.767: [ParNew: 160120K->2105K(176960K), 0.0142240 secs] 293377K->135379K(367000K), 0.0146278 secs] [Times: user=0.03 sys=0.01, real=0.01 secs] 
2020-03-19T12:01:09.923+0800: 10473.547: [GC (Allocation Failure) 2020-03-19T12:01:09.923+0800: 10473.548: [ParNew: 159417K->2914K(176960K), 0.0238017 secs] 292691K->136213K(367000K), 0.0242744 secs] [Times: user=0.03 sys=0.00, real=0.03 secs] 
2020-03-19T12:01:15.332+0800: 10478.956: [GC (Allocation Failure) 2020-03-19T12:01:15.332+0800: 10478.956: [ParNew: 160226K->2771K(176960K), 0.0137378 secs] 293525K->136090K(367000K), 0.0140892 secs] [Times: user=0.02 sys=0.00, real=0.01 secs] 
2020-03-19T12:01:21.507+0800: 10485.132: [GC (Allocation Failure) 2020-03-19T12:01:21.508+0800: 10485.132: [ParNew: 160083K->2824K(176960K), 0.0142647 secs] 293402K->136160K(367000K), 0.0146620 secs] [Times: user=0.03 sys=0.01, real=0.01 secs] 
2020-03-19T12:01:28.434+0800: 10492.059: [GC (Allocation Failure) 2020-03-19T12:01:28.435+0800: 10492.059: [ParNew: 160136K->2741K(176960K), 0.0232472 secs] 293472K->136090K(367000K), 0.0236534 secs] [Times: user=0.02 sys=0.01, real=0.03 secs] 
2020-03-19T12:01:33.921+0800: 10497.545: [GC (Allocation Failure) 2020-03-19T12:01:33.921+0800: 10497.545: [ParNew: 160053K->2820K(176960K), 0.0152658 secs] 293402K->136187K(367000K), 0.0156942 secs] [Times: user=0.03 sys=0.00, real=0.01 secs] 
2020-03-19T12:01:40.297+0800: 10503.922: [GC (Allocation Failure) 2020-03-19T12:01:40.297+0800: 10503.922: [ParNew: 160132K->2830K(176960K), 0.0219450 secs] 293499K->136217K(367000K), 0.0224002 secs] [Times: user=0.03 sys=0.00, real=0.03 secs] 
2020-03-19T12:01:45.526+0800: 10509.150: [GC (Allocation Failure) 2020-03-19T12:01:45.527+0800: 10509.151: [ParNew: 160142K->2755K(176960K), 0.0221070 secs] 293529K->136159K(367000K), 0.0230132 secs] [Times: user=0.04 sys=0.00, real=0.03 secs] 
2020-03-19T12:01:51.560+0800: 10515.184: [GC (Allocation Failure) 2020-03-19T12:01:51.560+0800: 10515.185: [ParNew: 160067K->2843K(176960K), 0.0146722 secs] 293471K->136270K(367000K), 0.0150370 secs] [Times: user=0.03 sys=0.00, real=0.01 secs] 
2020-03-19T12:01:58.024+0800: 10521.648: [GC (Allocation Failure) 2020-03-19T12:01:58.024+0800: 10521.648: [ParNew: 160155K->2760K(176960K), 0.0148342 secs] 293582K->136208K(367000K), 0.0152668 secs] [Times: user=0.03 sys=0.00, real=0.02 secs] 
2020-03-19T12:02:02.571+0800: 10526.196: [GC (Allocation Failure) 2020-03-19T12:02:02.572+0800: 10526.196: [ParNew: 160072K->2823K(176960K), 0.0178222 secs] 293520K->136287K(367000K), 0.0183667 secs] [Times: user=0.03 sys=0.00, real=0.02 secs] 
2020-03-19T12:02:07.633+0800: 10531.257: [GC (Allocation Failure) 2020-03-19T12:02:07.633+0800: 10531.258: [ParNew: 160135K->2752K(176960K), 0.0139874 secs] 293599K->136235K(367000K), 0.0144555 secs] [Times: user=0.02 sys=0.00, real=0.02 secs] 
2020-03-19T12:02:14.591+0800: 10538.216: [GC (Allocation Failure) 2020-03-19T12:02:14.592+0800: 10538.216: [ParNew: 160064K->2818K(176960K), 0.0267258 secs] 293547K->136323K(367000K), 0.0272091 secs] [Times: user=0.03 sys=0.00, real=0.03 secs] 
2020-03-19T12:02:19.252+0800: 10542.876: [GC (Allocation Failure) 2020-03-19T12:02:19.252+0800: 10542.877: [ParNew: 160130K->2743K(176960K), 0.0134926 secs] 293635K->136269K(367000K), 0.0138667 secs] [Times: user=0.03 sys=0.00, real=0.01 secs] 
2020-03-19T12:02:26.093+0800: 10549.718: [GC (Allocation Failure) 2020-03-19T12:02:26.095+0800: 10549.719: [ParNew: 160055K->2814K(176960K), 0.0280713 secs] 293581K->136361K(367000K), 0.0301700 secs] [Times: user=0.03 sys=0.00, real=0.03 secs] 
2020-03-19T12:02:31.893+0800: 10555.518: [GC (Allocation Failure) 2020-03-19T12:02:31.893+0800: 10555.518: [ParNew: 160126K->2821K(176960K), 0.0140360 secs] 293673K->136380K(367000K), 0.0143849 secs] [Times: user=0.02 sys=0.00, real=0.02 secs] 
2020-03-19T12:02:37.671+0800: 10561.296: [GC (Allocation Failure) 2020-03-19T12:02:37.672+0800: 10561.296: [ParNew: 160133K->2776K(176960K), 0.0160977 secs] 293692K->136354K(367000K), 0.0164605 secs] [Times: user=0.03 sys=0.00, real=0.02 secs] 
2020-03-19T12:02:44.776+0800: 10568.400: [GC (Allocation Failure) 2020-03-19T12:02:44.776+0800: 10568.401: [ParNew: 160088K->2821K(176960K), 0.0156406 secs] 293666K->136419K(367000K), 0.0159998 secs] [Times: user=0.03 sys=0.00, real=0.02 secs] 
2020-03-19T12:02:49.408+0800: 10573.032: [GC (Allocation Failure) 2020-03-19T12:02:49.408+0800: 10573.033: [ParNew: 160133K->2971K(176960K), 0.0273153 secs] 293731K->136591K(367000K), 0.0277687 secs] [Times: user=0.02 sys=0.00, real=0.02 secs] 
2020-03-19T12:02:55.658+0800: 10579.283: [GC (Allocation Failure) 2020-03-19T12:02:55.659+0800: 10579.283: [ParNew: 160283K->2876K(176960K), 0.0239253 secs] 293903K->136518K(367000K), 0.0243666 secs] [Times: user=0.02 sys=0.00, real=0.02 secs] 
2020-03-19T12:03:00.759+0800: 10584.384: [GC (Allocation Failure) 2020-03-19T12:03:00.760+0800: 10584.384: [ParNew: 160188K->2835K(176960K), 0.0239941 secs] 293830K->136496K(367000K), 0.0246954 secs] [Times: user=0.02 sys=0.00, real=0.02 secs] 
2020-03-19T12:03:05.820+0800: 10589.445: [GC (Allocation Failure) 2020-03-19T12:03:05.821+0800: 10589.445: [ParNew: 159844K->5738K(176960K), 0.0160920 secs] 293506K->139418K(367000K), 0.0164607 secs] [Times: user=0.03 sys=0.00, real=0.01 secs] 
2020-03-19T12:03:13.071+0800: 10596.696: [GC (Allocation Failure) 2020-03-19T12:03:13.072+0800: 10596.696: [ParNew: 163050K->2607K(176960K), 0.0144571 secs] 296730K->136308K(367000K), 0.0148652 secs] [Times: user=0.03 sys=0.00, real=0.02 secs] 
2020-03-19T12:03:16.918+0800: 10600.543: [GC (Allocation Failure) 2020-03-19T12:03:16.919+0800: 10600.543: [ParNew: 159919K->3001K(176960K), 0.0139766 secs] 293620K->136722K(367000K), 0.0143352 secs] [Times: user=0.02 sys=0.01, real=0.01 secs] 
2020-03-19T12:03:24.407+0800: 10608.032: [GC (Allocation Failure) 2020-03-19T12:03:24.408+0800: 10608.032: [ParNew: 160313K->2882K(176960K), 0.0147373 secs] 294034K->136621K(367000K), 0.0151478 secs] [Times: user=0.03 sys=0.01, real=0.01 secs] 
2020-03-19T12:03:30.714+0800: 10614.338: [GC (Allocation Failure) 2020-03-19T12:03:30.714+0800: 10614.339: [ParNew: 160194K->2835K(176960K), 0.0283692 secs] 293933K->136589K(367000K), 0.0288741 secs] [Times: user=0.04 sys=0.00, real=0.03 secs] 
2020-03-19T12:03:35.817+0800: 10619.441: [GC (Allocation Failure) 2020-03-19T12:03:35.817+0800: 10619.442: [ParNew: 159821K->4828K(176960K), 0.0149440 secs] 293575K->138598K(367000K), 0.0153442 secs] [Times: user=0.03 sys=0.00, real=0.02 secs] 
2020-03-19T12:03:43.224+0800: 10626.849: [GC (Allocation Failure) 2020-03-19T12:03:43.224+0800: 10626.849: [ParNew: 162140K->2707K(176960K), 0.0139977 secs] 295910K->136500K(367000K), 0.0143679 secs] [Times: user=0.03 sys=0.00, real=0.02 secs] 
2020-03-19T12:03:47.386+0800: 10631.011: [GC (Allocation Failure) 2020-03-19T12:03:47.386+0800: 10631.011: [ParNew: 160019K->2042K(176960K), 0.0136848 secs] 293812K->135855K(367000K), 0.0140400 secs] [Times: user=0.03 sys=0.01, real=0.01 secs] 
2020-03-19T12:03:54.100+0800: 10637.725: [GC (Allocation Failure) 2020-03-19T12:03:54.101+0800: 10637.725: [ParNew: 159354K->2911K(176960K), 0.0149978 secs] 293167K->136744K(367000K), 0.0153888 secs] [Times: user=0.03 sys=0.00, real=0.01 secs] 
2020-03-19T12:04:00.029+0800: 10643.654: [GC (Allocation Failure) 2020-03-19T12:04:00.030+0800: 10643.654: [ParNew: 160223K->2851K(176960K), 0.0356128 secs] 294056K->136700K(367000K), 0.0360881 secs] [Times: user=0.04 sys=0.00, real=0.03 secs] 
2020-03-19T12:04:04.916+0800: 10648.541: [GC (Allocation Failure) 2020-03-19T12:04:04.917+0800: 10648.541: [ParNew: 160163K->3351K(176960K), 0.0349455 secs] 294012K->137217K(367000K), 0.0353409 secs] [Times: user=0.03 sys=0.00, real=0.04 secs] 
2020-03-19T12:04:11.039+0800: 10654.663: [GC (Allocation Failure) 2020-03-19T12:04:11.039+0800: 10654.664: [ParNew: 160663K->2565K(176960K), 0.0144128 secs] 294529K->136455K(367000K), 0.0147514 secs] [Times: user=0.02 sys=0.00, real=0.01 secs] 
2020-03-19T12:04:15.740+0800: 10659.365: [GC (Allocation Failure) 2020-03-19T12:04:15.740+0800: 10659.365: [ParNew: 159877K->2525K(176960K), 0.0143424 secs] 293767K->136437K(367000K), 0.0147234 secs] [Times: user=0.03 sys=0.00, real=0.01 secs] 
2020-03-19T12:04:22.603+0800: 10666.228: [GC (Allocation Failure) 2020-03-19T12:04:22.603+0800: 10666.228: [ParNew: 159837K->2826K(176960K), 0.0166185 secs] 293749K->136757K(367000K), 0.0170109 secs] [Times: user=0.02 sys=0.00, real=0.02 secs] 
2020-03-19T12:04:29.159+0800: 10672.784: [GC (Allocation Failure) 2020-03-19T12:04:29.160+0800: 10672.784: [ParNew: 160138K->2744K(176960K), 0.0137249 secs] 294069K->136690K(367000K), 0.0140564 secs] [Times: user=0.03 sys=0.00, real=0.01 secs] 
2020-03-19T12:04:34.573+0800: 10678.198: [GC (Allocation Failure) 2020-03-19T12:04:34.573+0800: 10678.198: [ParNew: 160056K->2849K(176960K), 0.0198552 secs] 294002K->136809K(367000K), 0.0203124 secs] [Times: user=0.03 sys=0.00, real=0.02 secs] 
2020-03-19T12:04:41.080+0800: 10684.705: [GC (Allocation Failure) 2020-03-19T12:04:41.080+0800: 10684.705: [ParNew: 160161K->2840K(176960K), 0.0144582 secs] 294121K->136825K(367000K), 0.0148507 secs] [Times: user=0.03 sys=0.00, real=0.01 secs] 
2020-03-19T12:04:45.767+0800: 10689.391: [GC (Allocation Failure) 2020-03-19T12:04:45.767+0800: 10689.391: [ParNew: 160152K->2753K(176960K), 0.0184976 secs] 294137K->136754K(367000K), 0.0188584 secs] [Times: user=0.03 sys=0.00, real=0.01 secs] 
2020-03-19T12:04:52.572+0800: 10696.197: [GC (Allocation Failure) 2020-03-19T12:04:52.573+0800: 10696.197: [ParNew: 160065K->3387K(176960K), 0.0254019 secs] 294066K->137414K(367000K), 0.0260926 secs] [Times: user=0.02 sys=0.01, real=0.03 secs] 
2020-03-19T12:04:59.085+0800: 10702.710: [GC (Allocation Failure) 2020-03-19T12:04:59.085+0800: 10702.710: [ParNew: 160699K->2479K(176960K), 0.0148012 secs] 294726K->136528K(367000K), 0.0152518 secs] [Times: user=0.03 sys=0.00, real=0.02 secs] 
2020-03-19T12:05:03.221+0800: 10706.846: [GC (Allocation Failure) 2020-03-19T12:05:03.221+0800: 10706.846: [ParNew: 159791K->2594K(176960K), 0.0172440 secs] 293840K->136659K(367000K), 0.0177123 secs] [Times: user=0.02 sys=0.00, real=0.02 secs] 
2020-03-19T12:05:09.000+0800: 10712.625: [GC (Allocation Failure) 2020-03-19T12:05:09.000+0800: 10712.625: [ParNew: 159906K->2684K(176960K), 0.0146294 secs] 293971K->136770K(367000K), 0.0149599 secs] [Times: user=0.02 sys=0.00, real=0.01 secs] 
2020-03-19T12:05:14.811+0800: 10718.435: [GC (Allocation Failure) 2020-03-19T12:05:14.811+0800: 10718.436: [ParNew: 159996K->2791K(176960K), 0.0168762 secs] 294082K->136896K(367000K), 0.0172005 secs] [Times: user=0.03 sys=0.00, real=0.02 secs] 
2020-03-19T12:05:19.944+0800: 10723.569: [GC (Allocation Failure) 2020-03-19T12:05:19.945+0800: 10723.569: [ParNew: 160103K->2301K(176960K), 0.0145255 secs] 294208K->136428K(367000K), 0.0148872 secs] [Times: user=0.03 sys=0.00, real=0.02 secs] 
2020-03-19T12:05:26.911+0800: 10730.535: [GC (Allocation Failure) 2020-03-19T12:05:26.911+0800: 10730.535: [ParNew: 159613K->2900K(176960K), 0.0203211 secs] 293740K->137044K(367000K), 0.0207580 secs] [Times: user=0.03 sys=0.00, real=0.02 secs] 
2020-03-19T12:05:32.939+0800: 10736.564: [GC (Allocation Failure) 2020-03-19T12:05:32.939+0800: 10736.564: [ParNew: 160212K->2861K(176960K), 0.0145898 secs] 294356K->137019K(367000K), 0.0149698 secs] [Times: user=0.03 sys=0.00, real=0.01 secs] 
2020-03-19T12:05:38.920+0800: 10742.545: [GC (Allocation Failure) 2020-03-19T12:05:38.921+0800: 10742.545: [ParNew: 160173K->2768K(176960K), 0.0181983 secs] 294331K->136946K(367000K), 0.0186136 secs] [Times: user=0.02 sys=0.00, real=0.02 secs] 
2020-03-19T12:05:44.892+0800: 10748.516: [GC (Allocation Failure) 2020-03-19T12:05:44.892+0800: 10748.516: [ParNew: 160080K->2831K(176960K), 0.0319047 secs] 294258K->137028K(367000K), 0.0325013 secs] [Times: user=0.03 sys=0.00, real=0.03 secs] 
2020-03-19T12:05:50.335+0800: 10753.959: [GC (Allocation Failure) 2020-03-19T12:05:50.335+0800: 10753.960: [ParNew: 160143K->2314K(176960K), 0.0243658 secs] 294340K->136532K(367000K), 0.0247752 secs] [Times: user=0.02 sys=0.00, real=0.03 secs] 
2020-03-19T12:05:56.667+0800: 10760.292: [GC (Allocation Failure) 2020-03-19T12:05:56.667+0800: 10760.292: [ParNew: 159626K->2911K(176960K), 0.0181044 secs] 293844K->137151K(367000K), 0.0185609 secs] [Times: user=0.02 sys=0.00, real=0.01 secs] 
2020-03-19T12:06:01.043+0800: 10764.667: [GC (Allocation Failure) 2020-03-19T12:06:01.043+0800: 10764.668: [ParNew: 160223K->3798K(176960K), 0.0270510 secs] 294463K->138056K(367000K), 0.0276148 secs] [Times: user=0.04 sys=0.00, real=0.03 secs] 
2020-03-19T12:06:06.582+0800: 10770.207: [GC (Allocation Failure) 2020-03-19T12:06:06.583+0800: 10770.207: [ParNew: 161110K->3352K(176960K), 0.0168249 secs] 295368K->137626K(367000K), 0.0172474 secs] [Times: user=0.03 sys=0.00, real=0.02 secs] 
2020-03-19T12:06:13.678+0800: 10777.303: [GC (Allocation Failure) 2020-03-19T12:06:13.678+0800: 10777.303: [ParNew: 160664K->2563K(176960K), 0.0197612 secs] 294938K->136858K(367000K), 0.0201498 secs] [Times: user=0.02 sys=0.01, real=0.02 secs] 
2020-03-19T12:06:17.637+0800: 10781.261: [GC (Allocation Failure) 2020-03-19T12:06:17.637+0800: 10781.261: [ParNew: 159875K->2532K(176960K), 0.0247025 secs] 294170K->136849K(367000K), 0.0251078 secs] [Times: user=0.03 sys=0.00, real=0.03 secs] 
2020-03-19T12:06:24.954+0800: 10788.579: [GC (Allocation Failure) 2020-03-19T12:06:24.955+0800: 10788.579: [ParNew: 159844K->2764K(176960K), 0.0280302 secs] 294161K->137101K(367000K), 0.0284872 secs] [Times: user=0.04 sys=0.00, real=0.03 secs] 
2020-03-19T12:06:30.947+0800: 10794.572: [GC (Allocation Failure) 2020-03-19T12:06:30.947+0800: 10794.572: [ParNew: 160075K->2810K(176960K), 0.0166380 secs] 294413K->137159K(367000K), 0.0170243 secs] [Times: user=0.03 sys=0.00, real=0.01 secs] 
2020-03-19T12:06:36.568+0800: 10800.193: [GC (Allocation Failure) 2020-03-19T12:06:36.569+0800: 10800.193: [ParNew: 160122K->2221K(176960K), 0.0140708 secs] 294471K->136587K(367000K), 0.0144192 secs] [Times: user=0.03 sys=0.00, real=0.01 secs] 
2020-03-19T12:06:43.724+0800: 10807.348: [GC (Allocation Failure) 2020-03-19T12:06:43.724+0800: 10807.349: [ParNew: 159533K->2970K(176960K), 0.0139805 secs] 293899K->137363K(367000K), 0.0143475 secs] [Times: user=0.03 sys=0.00, real=0.02 secs] 
2020-03-19T12:06:47.891+0800: 10811.515: [GC (Allocation Failure) 2020-03-19T12:06:47.891+0800: 10811.516: [ParNew: 160282K->2790K(176960K), 0.0138701 secs] 294675K->137205K(367000K), 0.0142672 secs] [Times: user=0.03 sys=0.00, real=0.01 secs] 
2020-03-19T12:06:54.455+0800: 10818.080: [GC (Allocation Failure) 2020-03-19T12:06:54.455+0800: 10818.080: [ParNew: 160102K->2824K(176960K), 0.0155079 secs] 294517K->137261K(367000K), 0.0160220 secs] [Times: user=0.03 sys=0.00, real=0.02 secs] 
2020-03-19T12:07:00.072+0800: 10823.696: [GC (Allocation Failure) 2020-03-19T12:07:00.072+0800: 10823.696: [ParNew: 160136K->2842K(176960K), 0.0157423 secs] 294573K->137298K(367000K), 0.0161026 secs] [Times: user=0.03 sys=0.00, real=0.02 secs] 
2020-03-19T12:07:05.335+0800: 10828.959: [GC (Allocation Failure) 2020-03-19T12:07:05.335+0800: 10828.960: [ParNew: 160154K->2225K(176960K), 0.0137351 secs] 294610K->136699K(367000K), 0.0141045 secs] [Times: user=0.03 sys=0.00, real=0.02 secs] 
2020-03-19T12:07:11.757+0800: 10835.381: [GC (Allocation Failure) 2020-03-19T12:07:11.757+0800: 10835.381: [ParNew: 159537K->2957K(176960K), 0.0136799 secs] 294011K->137454K(367000K), 0.0140175 secs] [Times: user=0.03 sys=0.00, real=0.02 secs] 
2020-03-19T12:07:15.776+0800: 10839.400: [GC (Allocation Failure) 2020-03-19T12:07:15.776+0800: 10839.400: [ParNew: 160269K->2769K(176960K), 0.0160473 secs] 294766K->137286K(367000K), 0.0164666 secs] [Times: user=0.03 sys=0.00, real=0.02 secs] 
2020-03-19T12:07:23.059+0800: 10846.683: [GC (Allocation Failure) 2020-03-19T12:07:23.059+0800: 10846.684: [ParNew: 160081K->2291K(176960K), 0.0344239 secs] 294598K->136828K(367000K), 0.0348462 secs] [Times: user=0.02 sys=0.01, real=0.03 secs] 
2020-03-19T12:07:29.748+0800: 10853.373: [GC (Allocation Failure) 2020-03-19T12:07:29.748+0800: 10853.373: [ParNew: 159603K->2884K(176960K), 0.0137865 secs] 294140K->137433K(367000K), 0.0142329 secs] [Times: user=0.03 sys=0.00, real=0.01 secs] 
2020-03-19T12:07:34.955+0800: 10858.579: [GC (Allocation Failure) 2020-03-19T12:07:34.955+0800: 10858.580: [ParNew: 160196K->2862K(176960K), 0.0251266 secs] 294745K->137426K(367000K), 0.0256162 secs] [Times: user=0.03 sys=0.01, real=0.03 secs] 
2020-03-19T12:07:41.552+0800: 10865.176: [GC (Allocation Failure) 2020-03-19T12:07:41.552+0800: 10865.176: [ParNew: 160174K->2856K(176960K), 0.0143563 secs] 294738K->137443K(367000K), 0.0147469 secs] [Times: user=0.03 sys=0.00, real=0.02 secs] 
2020-03-19T12:07:45.782+0800: 10869.406: [GC (Allocation Failure) 2020-03-19T12:07:45.782+0800: 10869.407: [ParNew: 160168K->2760K(176960K), 0.0152997 secs] 294755K->137365K(367000K), 0.0160245 secs] [Times: user=0.02 sys=0.01, real=0.01 secs] 
2020-03-19T12:07:52.737+0800: 10876.361: [GC (Allocation Failure) 2020-03-19T12:07:52.737+0800: 10876.361: [ParNew: 160072K->2300K(176960K), 0.0257654 secs] 294677K->136927K(367000K), 0.0263325 secs] [Times: user=0.02 sys=0.00, real=0.03 secs] 
2020-03-19T12:07:59.447+0800: 10883.071: [GC (Allocation Failure) 2020-03-19T12:07:59.447+0800: 10883.071: [ParNew: 159612K->1932K(176960K), 0.0146433 secs] 294239K->136576K(367000K), 0.0150462 secs] [Times: user=0.03 sys=0.00, real=0.01 secs] 
2020-03-19T12:08:03.652+0800: 10887.277: [GC (Allocation Failure) 2020-03-19T12:08:03.653+0800: 10887.277: [ParNew: 159244K->2866K(176960K), 0.0137642 secs] 293888K->137527K(367000K), 0.0141200 secs] [Times: user=0.03 sys=0.00, real=0.02 secs] 
2020-03-19T12:08:09.200+0800: 10892.824: [GC (Allocation Failure) 2020-03-19T12:08:09.200+0800: 10892.824: [ParNew: 160178K->2759K(176960K), 0.0198955 secs] 294839K->137441K(367000K), 0.0203390 secs] [Times: user=0.02 sys=0.00, real=0.02 secs] 
2020-03-19T12:08:14.410+0800: 10898.035: [GC (Allocation Failure) 2020-03-19T12:08:14.410+0800: 10898.035: [ParNew: 160071K->2819K(176960K), 0.0310456 secs] 294753K->137520K(367000K), 0.0314538 secs] [Times: user=0.04 sys=0.00, real=0.03 secs] 
2020-03-19T12:08:17.129+0800: 10900.754: [GC (Allocation Failure) 2020-03-19T12:08:17.130+0800: 10900.754: [ParNew: 160131K->2748K(176960K), 0.0229570 secs] 294832K->137472K(367000K), 0.0235291 secs] [Times: user=0.03 sys=0.00, real=0.02 secs] 
2020-03-19T12:08:24.453+0800: 10908.077: [GC (Allocation Failure) 2020-03-19T12:08:24.453+0800: 10908.077: [ParNew: 160060K->2822K(176960K), 0.0138945 secs] 294784K->137563K(367000K), 0.0143766 secs] [Times: user=0.02 sys=0.00, real=0.02 secs] 
2020-03-19T12:08:30.746+0800: 10914.371: [GC (Allocation Failure) 2020-03-19T12:08:30.746+0800: 10914.371: [ParNew: 160134K->2819K(176960K), 0.0175667 secs] 294875K->137576K(367000K), 0.0179490 secs] [Times: user=0.03 sys=0.00, real=0.02 secs] 
2020-03-19T12:08:35.823+0800: 10919.448: [GC (Allocation Failure) 2020-03-19T12:08:35.824+0800: 10919.448: [ParNew: 159312K->3944K(176960K), 0.0149587 secs] 294070K->138720K(367000K), 0.0153479 secs] [Times: user=0.02 sys=0.00, real=0.02 secs] 
2020-03-19T12:08:43.238+0800: 10926.862: [GC (Allocation Failure) 2020-03-19T12:08:43.238+0800: 10926.862: [ParNew: 161256K->2597K(176960K), 0.0142141 secs] 296032K->137392K(367000K), 0.0146070 secs] [Times: user=0.03 sys=0.00, real=0.02 secs] 
2020-03-19T12:08:47.564+0800: 10931.189: [GC (Allocation Failure) 2020-03-19T12:08:47.564+0800: 10931.189: [ParNew: 159909K->3003K(176960K), 0.0145508 secs] 294704K->137824K(367000K), 0.0149329 secs] [Times: user=0.03 sys=0.00, real=0.02 secs] 
2020-03-19T12:08:54.164+0800: 10937.789: [GC (Allocation Failure) 2020-03-19T12:08:54.164+0800: 10937.789: [ParNew: 160315K->2871K(176960K), 0.0198654 secs] 295136K->137716K(367000K), 0.0202153 secs] [Times: user=0.02 sys=0.00, real=0.02 secs] 
2020-03-19T12:09:00.072+0800: 10943.697: [GC (Allocation Failure) 2020-03-19T12:09:00.072+0800: 10943.697: [ParNew: 160183K->2829K(176960K), 0.0157673 secs] 295028K->137692K(367000K), 0.0161262 secs] [Times: user=0.02 sys=0.00, real=0.02 secs] 
2020-03-19T12:09:05.060+0800: 10948.685: [GC (Allocation Failure) 2020-03-19T12:09:05.061+0800: 10948.685: [ParNew: 160141K->3329K(176960K), 0.0159637 secs] 295004K->138209K(367000K), 0.0163067 secs] [Times: user=0.03 sys=0.00, real=0.01 secs] 
2020-03-19T12:09:11.249+0800: 10954.873: [GC (Allocation Failure) 2020-03-19T12:09:11.249+0800: 10954.873: [ParNew: 160641K->2549K(176960K), 0.0179892 secs] 295521K->137448K(367000K), 0.0183924 secs] [Times: user=0.03 sys=0.00, real=0.02 secs] 
2020-03-19T12:09:15.763+0800: 10959.387: [GC (Allocation Failure) 2020-03-19T12:09:15.763+0800: 10959.388: [ParNew: 159861K->3351K(176960K), 0.0219562 secs] 294760K->138274K(367000K), 0.0224598 secs] [Times: user=0.03 sys=0.00, real=0.02 secs] 
2020-03-19T12:09:22.634+0800: 10966.259: [GC (Allocation Failure) 2020-03-19T12:09:22.635+0800: 10966.259: [ParNew: 160663K->2142K(176960K), 0.0252468 secs] 295586K->137086K(367000K), 0.0256382 secs] [Times: user=0.03 sys=0.00, real=0.03 secs] 
2020-03-19T12:09:29.499+0800: 10973.124: [GC (Allocation Failure) 2020-03-19T12:09:29.499+0800: 10973.124: [ParNew: 159454K->2833K(176960K), 0.0144105 secs] 294398K->137786K(367000K), 0.0148157 secs] [Times: user=0.03 sys=0.00, real=0.01 secs] 
2020-03-19T12:09:34.924+0800: 10978.548: [GC (Allocation Failure) 2020-03-19T12:09:34.925+0800: 10978.550: [ParNew: 160145K->2848K(176960K), 0.0436906 secs] 295098K->137820K(367000K), 0.0454494 secs] [Times: user=0.04 sys=0.00, real=0.05 secs] 
2020-03-19T12:09:41.254+0800: 10984.879: [GC (Allocation Failure) 2020-03-19T12:09:41.255+0800: 10984.879: [ParNew: 160160K->2837K(176960K), 0.0252424 secs] 295132K->137828K(367000K), 0.0256132 secs] [Times: user=0.03 sys=0.00, real=0.03 secs] 
2020-03-19T12:09:45.779+0800: 10989.404: [GC (Allocation Failure) 2020-03-19T12:09:45.780+0800: 10989.404: [ParNew: 160149K->2756K(176960K), 0.0222729 secs] 295140K->137761K(367000K), 0.0226586 secs] [Times: user=0.04 sys=0.00, real=0.02 secs] 
2020-03-19T12:09:52.635+0800: 10996.259: [GC (Allocation Failure) 2020-03-19T12:09:52.635+0800: 10996.260: [ParNew: 160068K->3418K(176960K), 0.0288151 secs] 295073K->138443K(367000K), 0.0292759 secs] [Times: user=0.02 sys=0.00, real=0.03 secs] 
2020-03-19T12:09:59.159+0800: 11002.784: [GC (Allocation Failure) 2020-03-19T12:09:59.160+0800: 11002.784: [ParNew: 160728K->2508K(176960K), 0.0256677 secs] 295753K->137554K(367000K), 0.0261141 secs] [Times: user=0.03 sys=0.00, real=0.02 secs] 
2020-03-19T12:10:03.289+0800: 11006.913: [GC (Allocation Failure) 2020-03-19T12:10:03.289+0800: 11006.914: [ParNew: 159820K->2618K(176960K), 0.0310111 secs] 294866K->137680K(367000K), 0.0317345 secs] [Times: user=0.03 sys=0.00, real=0.03 secs] 
2020-03-19T12:10:09.155+0800: 11012.779: [GC (Allocation Failure) 2020-03-19T12:10:09.155+0800: 11012.779: [ParNew: 159930K->2707K(176960K), 0.0133444 secs] 294992K->137790K(367000K), 0.0136756 secs] [Times: user=0.02 sys=0.00, real=0.02 secs] 
2020-03-19T12:10:14.822+0800: 11018.447: [GC (Allocation Failure) 2020-03-19T12:10:14.823+0800: 11018.447: [ParNew: 160019K->2831K(176960K), 0.0156949 secs] 295102K->137931K(367000K), 0.0160703 secs] [Times: user=0.03 sys=0.00, real=0.02 secs] 
2020-03-19T12:10:20.188+0800: 11023.813: [GC (Allocation Failure) 2020-03-19T12:10:20.189+0800: 11023.813: [ParNew: 160143K->3426K(176960K), 0.0220415 secs] 295243K->138549K(367000K), 0.0224817 secs] [Times: user=0.03 sys=0.01, real=0.02 secs] 
2020-03-19T12:10:27.236+0800: 11030.861: [GC (Allocation Failure) 2020-03-19T12:10:27.237+0800: 11030.861: [ParNew: 160738K->2498K(176960K), 0.0258251 secs] 295861K->137642K(367000K), 0.0263588 secs] [Times: user=0.02 sys=0.01, real=0.03 secs] 
2020-03-19T12:10:33.235+0800: 11036.859: [GC (Allocation Failure) 2020-03-19T12:10:33.236+0800: 11036.860: [ParNew: 159810K->2607K(176960K), 0.0285364 secs] 294954K->137767K(367000K), 0.0300165 secs] [Times: user=0.03 sys=0.00, real=0.03 secs] 
2020-03-19T12:10:39.113+0800: 11042.737: [GC (Allocation Failure) 2020-03-19T12:10:39.113+0800: 11042.738: [ParNew: 159919K->2710K(176960K), 0.0141485 secs] 295079K->137889K(367000K), 0.0144970 secs] [Times: user=0.03 sys=0.00, real=0.02 secs] 
2020-03-19T12:10:44.917+0800: 11048.542: [GC (Allocation Failure) 2020-03-19T12:10:44.918+0800: 11048.542: [ParNew: 160022K->3736K(176960K), 0.0253088 secs] 295201K->138938K(367000K), 0.0257964 secs] [Times: user=0.03 sys=0.00, real=0.03 secs] 
2020-03-19T12:10:50.712+0800: 11054.336: [GC (Allocation Failure) 2020-03-19T12:10:50.712+0800: 11054.336: [ParNew: 161048K->2307K(176960K), 0.0277342 secs] 296250K->137532K(367000K), 0.0281843 secs] [Times: user=0.03 sys=0.00, real=0.03 secs] 
2020-03-19T12:10:56.896+0800: 11060.520: [GC (Allocation Failure) 2020-03-19T12:10:56.896+0800: 11060.521: [ParNew: 159619K->2902K(176960K), 0.0234992 secs] 294844K->138151K(367000K), 0.0239804 secs] [Times: user=0.04 sys=0.00, real=0.03 secs] 
2020-03-19T12:11:01.229+0800: 11064.853: [GC (Allocation Failure) 2020-03-19T12:11:01.229+0800: 11064.853: [ParNew: 160214K->2862K(176960K), 0.0305222 secs] 295463K->138129K(367000K), 0.0309798 secs] [Times: user=0.04 sys=0.00, real=0.03 secs] 
2020-03-19T12:11:06.845+0800: 11070.469: [GC (Allocation Failure) 2020-03-19T12:11:06.845+0800: 11070.469: [ParNew: 160174K->2230K(176960K), 0.0138172 secs] 295441K->137515K(367000K), 0.0141926 secs] [Times: user=0.03 sys=0.00, real=0.02 secs] 
2020-03-19T12:11:13.905+0800: 11077.529: [GC (Allocation Failure) 2020-03-19T12:11:13.905+0800: 11077.530: [ParNew: 159542K->2959K(176960K), 0.0144203 secs] 294827K->138263K(367000K), 0.0152194 secs] [Times: user=0.02 sys=0.00, real=0.02 secs] 
2020-03-19T12:11:17.927+0800: 11081.551: [GC (Allocation Failure) 2020-03-19T12:11:17.927+0800: 11081.551: [ParNew: 160271K->1853K(176960K), 0.0148076 secs] 295575K->137181K(367000K), 0.0152109 secs] [Times: user=0.03 sys=0.00, real=0.01 secs] 
2020-03-19T12:11:25.299+0800: 11088.924: [GC (Allocation Failure) 2020-03-19T12:11:25.300+0800: 11088.924: [ParNew: 159165K->2824K(176960K), 0.0245258 secs] 294493K->138175K(367000K), 0.0249970 secs] [Times: user=0.03 sys=0.00, real=0.02 secs] 
2020-03-19T12:11:31.127+0800: 11094.751: [GC (Allocation Failure) 2020-03-19T12:11:31.130+0800: 11094.755: [ParNew: 160136K->2822K(176960K), 0.0347573 secs] 295487K->138184K(367000K), 0.0386701 secs] [Times: user=0.03 sys=0.00, real=0.03 secs] 
2020-03-19T12:11:36.889+0800: 11100.513: [GC (Allocation Failure) 2020-03-19T12:11:36.889+0800: 11100.514: [ParNew: 160134K->2230K(176960K), 0.0139453 secs] 295496K->137608K(367000K), 0.0145377 secs] [Times: user=0.03 sys=0.00, real=0.01 secs] 
2020-03-19T12:11:44.106+0800: 11107.730: [GC (Allocation Failure) 2020-03-19T12:11:44.106+0800: 11107.730: [ParNew: 159542K->2007K(176960K), 0.0151786 secs] 294920K->137405K(367000K), 0.0155605 secs] [Times: user=0.03 sys=0.00, real=0.02 secs] 
2020-03-19T12:11:48.688+0800: 11112.313: [GC (Allocation Failure) 2020-03-19T12:11:48.688+0800: 11112.313: [ParNew: 159319K->1864K(176960K), 0.0143676 secs] 294717K->137286K(367000K), 0.0146932 secs] [Times: user=0.03 sys=0.00, real=0.01 secs] 
2020-03-19T12:11:55.183+0800: 11118.808: [GC (Allocation Failure) 2020-03-19T12:11:55.184+0800: 11118.808: [ParNew: 159176K->2843K(176960K), 0.0149327 secs] 294598K->138284K(367000K), 0.0153376 secs] [Times: user=0.02 sys=0.01, real=0.02 secs] 
2020-03-19T12:12:00.095+0800: 11123.720: [GC (Allocation Failure) 2020-03-19T12:12:00.095+0800: 11123.720: [ParNew: 160155K->3759K(176960K), 0.0163911 secs] 295596K->139217K(367000K), 0.0167793 secs] [Times: user=0.03 sys=0.00, real=0.02 secs] 
2020-03-19T12:12:05.681+0800: 11129.306: [GC (Allocation Failure) 2020-03-19T12:12:05.681+0800: 11129.306: [ParNew: 161071K->2232K(176960K), 0.0143412 secs] 296529K->137710K(367000K), 0.0147258 secs] [Times: user=0.02 sys=0.00, real=0.01 secs] 
2020-03-19T12:12:12.314+0800: 11135.938: [GC (Allocation Failure) 2020-03-19T12:12:12.314+0800: 11135.938: [ParNew: 159544K->2971K(176960K), 0.0220580 secs] 295022K->138468K(367000K), 0.0224783 secs] [Times: user=0.03 sys=0.00, real=0.02 secs] 
2020-03-19T12:12:16.361+0800: 11139.985: [GC (Allocation Failure) 2020-03-19T12:12:16.361+0800: 11139.986: [ParNew: 160283K->2788K(176960K), 0.0143626 secs] 295780K->138309K(367000K), 0.0147863 secs] [Times: user=0.03 sys=0.00, real=0.01 secs] 
2020-03-19T12:12:23.620+0800: 11147.245: [GC (Allocation Failure) 2020-03-19T12:12:23.620+0800: 11147.245: [ParNew: 160100K->2840K(176960K), 0.0152333 secs] 295621K->138379K(367000K), 0.0155853 secs] [Times: user=0.03 sys=0.00, real=0.01 secs] 
2020-03-19T12:12:29.807+0800: 11153.432: [GC (Allocation Failure) 2020-03-19T12:12:29.807+0800: 11153.432: [ParNew: 160152K->2754K(176960K), 0.0146475 secs] 295691K->138308K(367000K), 0.0150161 secs] [Times: user=0.03 sys=0.01, real=0.01 secs] 
2020-03-19T12:12:35.659+0800: 11159.283: [GC (Allocation Failure) 2020-03-19T12:12:35.659+0800: 11159.283: [ParNew: 160066K->2301K(176960K), 0.0140101 secs] 295620K->137870K(367000K), 0.0143845 secs] [Times: user=0.03 sys=0.00, real=0.01 secs] 
2020-03-19T12:12:42.325+0800: 11165.950: [GC (Allocation Failure) 2020-03-19T12:12:42.325+0800: 11165.950: [ParNew: 159613K->2983K(176960K), 0.0149044 secs] 295182K->138576K(367000K), 0.0153070 secs] [Times: user=0.02 sys=0.00, real=0.02 secs] 
2020-03-19T12:12:46.570+0800: 11170.194: [GC (Allocation Failure) 2020-03-19T12:12:46.570+0800: 11170.195: [ParNew: 160295K->2793K(176960K), 0.0149582 secs] 295888K->138405K(367000K), 0.0154007 secs] [Times: user=0.02 sys=0.00, real=0.01 secs] 
2020-03-19T12:12:53.453+0800: 11177.077: [GC (Allocation Failure) 2020-03-19T12:12:53.453+0800: 11177.077: [ParNew: 160105K->2845K(176960K), 0.0356411 secs] 295717K->138483K(367000K), 0.0360541 secs] [Times: user=0.02 sys=0.00, real=0.04 secs] 
2020-03-19T12:12:59.793+0800: 11183.417: [GC (Allocation Failure) 2020-03-19T12:12:59.793+0800: 11183.418: [ParNew: 160157K->2751K(176960K), 0.0146461 secs] 295795K->138406K(367000K), 0.0150130 secs] [Times: user=0.03 sys=0.00, real=0.02 secs] 
2020-03-19T12:13:04.100+0800: 11187.725: [GC (Allocation Failure) 2020-03-19T12:13:04.100+0800: 11187.725: [ParNew: 160063K->2215K(176960K), 0.0148590 secs] 295718K->137887K(367000K), 0.0153066 secs] [Times: user=0.03 sys=0.00, real=0.01 secs] 
2020-03-19T12:13:09.960+0800: 11193.585: [GC (Allocation Failure) 2020-03-19T12:13:09.960+0800: 11193.585: [ParNew: 159527K->2861K(176960K), 0.0157509 secs] 295199K->138557K(367000K), 0.0162190 secs] [Times: user=0.02 sys=0.00, real=0.01 secs] 
2020-03-19T12:13:15.336+0800: 11198.961: [GC (Allocation Failure) 2020-03-19T12:13:15.337+0800: 11198.961: [ParNew: 160173K->2840K(176960K), 0.0145468 secs] 295869K->138554K(367000K), 0.0149240 secs] [Times: user=0.03 sys=0.00, real=0.02 secs] 
2020-03-19T12:13:21.413+0800: 11205.038: [GC (Allocation Failure) 2020-03-19T12:13:21.414+0800: 11205.038: [ParNew: 160152K->2849K(176960K), 0.0139922 secs] 295866K->138585K(367000K), 0.0143473 secs] [Times: user=0.02 sys=0.00, real=0.02 secs] 
2020-03-19T12:13:28.226+0800: 11211.851: [GC (Allocation Failure) 2020-03-19T12:13:28.227+0800: 11211.851: [ParNew: 160161K->2754K(176960K), 0.0137441 secs] 295897K->138506K(367000K), 0.0140980 secs] [Times: user=0.02 sys=0.00, real=0.01 secs] 
2020-03-19T12:13:33.990+0800: 11217.615: [GC (Allocation Failure) 2020-03-19T12:13:33.990+0800: 11217.615: [ParNew: 160066K->2844K(176960K), 0.0148130 secs] 295818K->138612K(367000K), 0.0151792 secs] [Times: user=0.03 sys=0.00, real=0.01 secs] 
2020-03-19T12:13:40.025+0800: 11223.649: [GC (Allocation Failure) 2020-03-19T12:13:40.025+0800: 11223.649: [ParNew: 160156K->2840K(176960K), 0.0149946 secs] 295924K->138626K(367000K), 0.0153986 secs] [Times: user=0.03 sys=0.00, real=0.02 secs] 
2020-03-19T12:13:45.451+0800: 11229.075: [GC (Allocation Failure) 2020-03-19T12:13:45.451+0800: 11229.075: [ParNew: 160152K->2761K(176960K), 0.0175887 secs] 295938K->138566K(367000K), 0.0179574 secs] [Times: user=0.03 sys=0.00, real=0.02 secs] 
2020-03-19T12:13:51.682+0800: 11235.306: [GC (Allocation Failure) 2020-03-19T12:13:51.682+0800: 11235.306: [ParNew: 160073K->2850K(176960K), 0.0204058 secs] 295878K->138679K(367000K), 0.0207957 secs] [Times: user=0.02 sys=0.00, real=0.02 secs] 
2020-03-19T12:13:58.047+0800: 11241.672: [GC (Allocation Failure) 2020-03-19T12:13:58.048+0800: 11241.672: [ParNew: 160162K->2763K(176960K), 0.0156854 secs] 295991K->138610K(367000K), 0.0160532 secs] [Times: user=0.03 sys=0.00, real=0.01 secs] 
2020-03-19T12:14:02.198+0800: 11245.822: [GC (Allocation Failure) 2020-03-19T12:14:02.198+0800: 11245.823: [ParNew: 160075K->2829K(176960K), 0.0140989 secs] 295922K->138694K(367000K), 0.0144794 secs] [Times: user=0.03 sys=0.00, real=0.02 secs] 
2020-03-19T12:14:07.717+0800: 11251.342: [GC (Allocation Failure) 2020-03-19T12:14:07.717+0800: 11251.342: [ParNew: 160141K->2757K(176960K), 0.0133288 secs] 296006K->138643K(367000K), 0.0136740 secs] [Times: user=0.03 sys=0.01, real=0.02 secs] 
2020-03-19T12:14:14.460+0800: 11258.085: [GC (Allocation Failure) 2020-03-19T12:14:14.460+0800: 11258.085: [ParNew: 160069K->2821K(176960K), 0.0158809 secs] 295955K->138725K(367000K), 0.0162054 secs] [Times: user=0.03 sys=0.00, real=0.01 secs] 
2020-03-19T12:14:19.394+0800: 11263.018: [GC (Allocation Failure) 2020-03-19T12:14:19.394+0800: 11263.019: [ParNew: 160133K->2756K(176960K), 0.0139535 secs] 296037K->138682K(367000K), 0.0143241 secs] [Times: user=0.03 sys=0.00, real=0.02 secs] 
2020-03-19T12:14:26.004+0800: 11269.629: [GC (Allocation Failure) 2020-03-19T12:14:26.004+0800: 11269.629: [ParNew: 160068K->2821K(176960K), 0.0249738 secs] 295994K->138769K(367000K), 0.0254122 secs] [Times: user=0.02 sys=0.00, real=0.03 secs] 
2020-03-19T12:14:31.895+0800: 11275.520: [GC (Allocation Failure) 2020-03-19T12:14:31.895+0800: 11275.520: [ParNew: 160133K->2825K(176960K), 0.0213485 secs] 296081K->138787K(367000K), 0.0217353 secs] [Times: user=0.02 sys=0.00, real=0.02 secs] 
2020-03-19T12:14:37.768+0800: 11281.392: [GC (Allocation Failure) 2020-03-19T12:14:37.768+0800: 11281.393: [ParNew: 160137K->2777K(176960K), 0.0134173 secs] 296099K->138757K(367000K), 0.0137572 secs] [Times: user=0.03 sys=0.00, real=0.01 secs] 
2020-03-19T12:14:44.579+0800: 11288.203: [GC (Allocation Failure) 2020-03-19T12:14:44.579+0800: 11288.204: [ParNew: 160089K->2828K(176960K), 0.0142130 secs] 296069K->138831K(367000K), 0.0145695 secs] [Times: user=0.03 sys=0.00, real=0.01 secs] 
2020-03-19T12:14:49.461+0800: 11293.086: [GC (Allocation Failure) 2020-03-19T12:14:49.461+0800: 11293.086: [ParNew: 160140K->2753K(176960K), 0.0210541 secs] 296143K->138780K(367000K), 0.0214311 secs] [Times: user=0.02 sys=0.00, real=0.02 secs] 
2020-03-19T12:14:55.792+0800: 11299.417: [GC (Allocation Failure) 2020-03-19T12:14:55.793+0800: 11299.417: [ParNew: 160065K->2819K(176960K), 0.0248499 secs] 296092K->138867K(367000K), 0.0252748 secs] [Times: user=0.02 sys=0.00, real=0.02 secs] 
2020-03-19T12:15:00.747+0800: 11304.371: [GC (Allocation Failure) 2020-03-19T12:15:00.747+0800: 11304.372: [ParNew: 160131K->2821K(176960K), 0.0187272 secs] 296179K->138886K(367000K), 0.0191210 secs] [Times: user=0.02 sys=0.00, real=0.02 secs] 
2020-03-19T12:15:05.818+0800: 11309.443: [GC (Allocation Failure) 2020-03-19T12:15:05.818+0800: 11309.443: [ParNew: 160091K->3937K(176960K), 0.0146399 secs] 296156K->140022K(367000K), 0.0150385 secs] [Times: user=0.03 sys=0.00, real=0.01 secs] 
2020-03-19T12:15:13.226+0800: 11316.851: [GC (Allocation Failure) 2020-03-19T12:15:13.226+0800: 11316.851: [ParNew: 161249K->2595K(176960K), 0.0213499 secs] 297334K->138702K(367000K), 0.0218189 secs] [Times: user=0.02 sys=0.00, real=0.03 secs] 
2020-03-19T12:15:16.904+0800: 11320.528: [GC (Allocation Failure) 2020-03-19T12:15:16.904+0800: 11320.528: [ParNew: 159907K->3005K(176960K), 0.0155761 secs] 296014K->139130K(367000K), 0.0159276 secs] [Times: user=0.02 sys=0.00, real=0.02 secs] 
2020-03-19T12:15:24.171+0800: 11327.795: [GC (Allocation Failure) 2020-03-19T12:15:24.171+0800: 11327.795: [ParNew: 160309K->2887K(176960K), 0.0209224 secs] 296434K->139030K(367000K), 0.0212893 secs] [Times: user=0.03 sys=0.00, real=0.02 secs] 
2020-03-19T12:15:30.580+0800: 11334.204: [GC (Allocation Failure) 2020-03-19T12:15:30.580+0800: 11334.204: [ParNew: 160199K->2842K(176960K), 0.0143664 secs] 296342K->138999K(367000K), 0.0147115 secs] [Times: user=0.03 sys=0.00, real=0.01 secs] 
2020-03-19T12:15:35.819+0800: 11339.443: [GC (Allocation Failure) 2020-03-19T12:15:35.819+0800: 11339.443: [ParNew: 159639K->4545K(176960K), 0.0141457 secs] 295797K->140719K(367000K), 0.0145244 secs] [Times: user=0.02 sys=0.00, real=0.01 secs] 
2020-03-19T12:15:43.226+0800: 11346.850: [GC (Allocation Failure) 2020-03-19T12:15:43.226+0800: 11346.851: [ParNew: 161857K->2550K(176960K), 0.0178843 secs] 298031K->138746K(367000K), 0.0184422 secs] [Times: user=0.03 sys=0.00, real=0.02 secs] 
2020-03-19T12:15:47.319+0800: 11350.943: [GC (Allocation Failure) 2020-03-19T12:15:47.319+0800: 11350.943: [ParNew: 159862K->3011K(176960K), 0.0137417 secs] 296058K->139227K(367000K), 0.0141072 secs] [Times: user=0.03 sys=0.00, real=0.01 secs] 
2020-03-19T12:15:54.150+0800: 11357.774: [GC (Allocation Failure) 2020-03-19T12:15:54.150+0800: 11357.774: [ParNew: 160323K->2889K(176960K), 0.0213219 secs] 296539K->139126K(367000K), 0.0217692 secs] [Times: user=0.02 sys=0.00, real=0.02 secs] 
2020-03-19T12:16:00.044+0800: 11363.669: [GC (Allocation Failure) 2020-03-19T12:16:00.045+0800: 11363.669: [ParNew: 160201K->3701K(176960K), 0.0292565 secs] 296438K->139956K(367000K), 0.0297631 secs] [Times: user=0.04 sys=0.00, real=0.03 secs] 
2020-03-19T12:16:04.806+0800: 11368.430: [GC (Allocation Failure) 2020-03-19T12:16:04.806+0800: 11368.431: [ParNew: 161013K->2308K(176960K), 0.0317454 secs] 297268K->138579K(367000K), 0.0326098 secs] [Times: user=0.03 sys=0.00, real=0.04 secs] 
2020-03-19T12:16:11.093+0800: 11374.717: [GC (Allocation Failure) 2020-03-19T12:16:11.093+0800: 11374.718: [ParNew: 159620K->2981K(176960K), 0.0186899 secs] 295891K->139278K(367000K), 0.0191013 secs] [Times: user=0.03 sys=0.00, real=0.02 secs] 
2020-03-19T12:16:15.759+0800: 11379.383: [GC (Allocation Failure) 2020-03-19T12:16:15.759+0800: 11379.383: [ParNew: 160293K->3710K(176960K), 0.0289973 secs] 296590K->140025K(367000K), 0.0295134 secs] [Times: user=0.03 sys=0.00, real=0.03 secs] 
2020-03-19T12:16:22.538+0800: 11386.162: [GC (Allocation Failure) 2020-03-19T12:16:22.538+0800: 11386.162: [ParNew: 161022K->2647K(176960K), 0.0148603 secs] 297337K->138980K(367000K), 0.0152464 secs] [Times: user=0.03 sys=0.01, real=0.02 secs] 
2020-03-19T12:16:29.350+0800: 11392.974: [GC (Allocation Failure) 2020-03-19T12:16:29.350+0800: 11392.974: [ParNew: 159959K->3390K(176960K), 0.0144553 secs] 296292K->139738K(367000K), 0.0148215 secs] [Times: user=0.03 sys=0.00, real=0.01 secs] 
2020-03-19T12:16:34.539+0800: 11398.163: [GC (Allocation Failure) 2020-03-19T12:16:34.539+0800: 11398.164: [ParNew: 160702K->2300K(176960K), 0.0150537 secs] 297050K->138668K(367000K), 0.0154221 secs] [Times: user=0.03 sys=0.00, real=0.01 secs] 
2020-03-19T12:16:41.307+0800: 11404.932: [GC (Allocation Failure) 2020-03-19T12:16:41.308+0800: 11404.932: [ParNew: 159612K->2560K(176960K), 0.0135823 secs] 295980K->138947K(367000K), 0.0139144 secs] [Times: user=0.03 sys=0.00, real=0.01 secs] 
2020-03-19T12:16:45.771+0800: 11409.396: [GC (Allocation Failure) 2020-03-19T12:16:45.772+0800: 11409.396: [ParNew: 159872K->3579K(176960K), 0.0489997 secs] 296259K->139986K(367000K), 0.0495764 secs] [Times: user=0.03 sys=0.00, real=0.05 secs] 
2020-03-19T12:16:52.391+0800: 11416.015: [GC (Allocation Failure) 2020-03-19T12:16:52.391+0800: 11416.016: [ParNew: 160891K->3245K(176960K), 0.0138646 secs] 297298K->139677K(367000K), 0.0143093 secs] [Times: user=0.03 sys=0.00, real=0.01 secs] 
2020-03-19T12:16:59.003+0800: 11422.628: [GC (Allocation Failure) 2020-03-19T12:16:59.004+0800: 11422.628: [ParNew: 160557K->2430K(176960K), 0.0135637 secs] 296989K->138882K(367000K), 0.0140264 secs] [Times: user=0.03 sys=0.00, real=0.01 secs] 
2020-03-19T12:17:03.222+0800: 11426.847: [GC (Allocation Failure) 2020-03-19T12:17:03.222+0800: 11426.847: [ParNew: 159742K->3420K(176960K), 0.0277052 secs] 296194K->139887K(367000K), 0.0281678 secs] [Times: user=0.03 sys=0.00, real=0.03 secs] 
2020-03-19T12:17:08.478+0800: 11432.103: [GC (Allocation Failure) 2020-03-19T12:17:08.479+0800: 11432.103: [ParNew: 160732K->2205K(176960K), 0.0177301 secs] 297199K->138696K(367000K), 0.0181474 secs] [Times: user=0.03 sys=0.00, real=0.01 secs] 
2020-03-19T12:17:14.790+0800: 11438.414: [GC (Allocation Failure) 2020-03-19T12:17:14.790+0800: 11438.414: [ParNew: 159517K->2536K(176960K), 0.0150724 secs] 296008K->139046K(367000K), 0.0155876 secs] [Times: user=0.02 sys=0.00, real=0.01 secs] 
2020-03-19T12:17:19.670+0800: 11443.295: [GC (Allocation Failure) 2020-03-19T12:17:19.670+0800: 11443.295: [ParNew: 159848K->2074K(176960K), 0.0259883 secs] 296358K->138604K(367000K), 0.0265978 secs] [Times: user=0.03 sys=0.00, real=0.02 secs] 
2020-03-19T12:17:26.552+0800: 11450.177: [GC (Allocation Failure) 2020-03-19T12:17:26.552+0800: 11450.177: [ParNew: 159386K->2902K(176960K), 0.0214357 secs] 295916K->139450K(367000K), 0.0218631 secs] [Times: user=0.03 sys=0.00, real=0.02 secs] 
2020-03-19T12:17:32.562+0800: 11456.187: [GC (Allocation Failure) 2020-03-19T12:17:32.563+0800: 11456.187: [ParNew: 160214K->2842K(176960K), 0.0233094 secs] 296762K->139406K(367000K), 0.0237329 secs] [Times: user=0.02 sys=0.00, real=0.03 secs] 
2020-03-19T12:17:38.465+0800: 11462.090: [GC (Allocation Failure) 2020-03-19T12:17:38.465+0800: 11462.090: [ParNew: 160154K->2758K(176960K), 0.0131060 secs] 296718K->139339K(367000K), 0.0134459 secs] [Times: user=0.03 sys=0.00, real=0.02 secs] 
2020-03-19T12:17:44.797+0800: 11468.421: [GC (Allocation Failure) 2020-03-19T12:17:44.797+0800: 11468.422: [ParNew: 160070K->3735K(176960K), 0.0159248 secs] 296651K->140336K(367000K), 0.0162762 secs] [Times: user=0.03 sys=0.00, real=0.02 secs] 
2020-03-19T12:17:49.874+0800: 11473.499: [GC (Allocation Failure) 2020-03-19T12:17:49.875+0800: 11473.499: [ParNew: 161047K->2172K(176960K), 0.0184074 secs] 297648K->138794K(367000K), 0.0188627 secs] [Times: user=0.03 sys=0.00, real=0.02 secs] 
2020-03-19T12:17:56.505+0800: 11480.129: [GC (Allocation Failure) 2020-03-19T12:17:56.505+0800: 11480.129: [ParNew: 159484K->2953K(176960K), 0.0200333 secs] 296106K->139599K(367000K), 0.0204171 secs] [Times: user=0.02 sys=0.00, real=0.02 secs] 
2020-03-19T12:18:00.772+0800: 11484.396: [GC (Allocation Failure) 2020-03-19T12:18:00.772+0800: 11484.396: [ParNew: 160265K->2858K(176960K), 0.0150352 secs] 296911K->139518K(367000K), 0.0154086 secs] [Times: user=0.03 sys=0.00, real=0.02 secs] 
2020-03-19T12:18:06.329+0800: 11489.953: [GC (Allocation Failure) 2020-03-19T12:18:06.329+0800: 11489.953: [ParNew: 160170K->2227K(176960K), 0.0223628 secs] 296830K->138906K(367000K), 0.0227316 secs] [Times: user=0.02 sys=0.00, real=0.02 secs] 
2020-03-19T12:18:13.223+0800: 11496.847: [GC (Allocation Failure) 2020-03-19T12:18:13.224+0800: 11496.849: [ParNew: 159539K->2964K(176960K), 0.0202284 secs] 296218K->139663K(367000K), 0.0219204 secs] [Times: user=0.03 sys=0.00, real=0.02 secs] 
2020-03-19T12:18:16.550+0800: 11500.175: [GC (Allocation Failure) 2020-03-19T12:18:16.550+0800: 11500.175: [ParNew: 160276K->1853K(176960K), 0.0136475 secs] 296975K->138576K(367000K), 0.0139911 secs] [Times: user=0.02 sys=0.00, real=0.01 secs] 
2020-03-19T12:18:23.633+0800: 11507.257: [GC (Allocation Failure) 2020-03-19T12:18:23.633+0800: 11507.257: [ParNew: 159165K->2824K(176960K), 0.0176751 secs] 295888K->139566K(367000K), 0.0180584 secs] [Times: user=0.03 sys=0.00, real=0.02 secs] 
2020-03-19T12:18:29.807+0800: 11513.432: [GC (Allocation Failure) 2020-03-19T12:18:29.807+0800: 11513.432: [ParNew: 160136K->3651K(176960K), 0.0152561 secs] 296878K->140404K(367000K), 0.0157049 secs] [Times: user=0.03 sys=0.00, real=0.01 secs] 
2020-03-19T12:18:35.628+0800: 11519.252: [GC (Allocation Failure) 2020-03-19T12:18:35.628+0800: 11519.253: [ParNew: 160963K->3404K(176960K), 0.0230958 secs] 297716K->140177K(367000K), 0.0235352 secs] [Times: user=0.02 sys=0.00, real=0.02 secs] 
2020-03-19T12:18:42.348+0800: 11525.973: [GC (Allocation Failure) 2020-03-19T12:18:42.349+0800: 11525.973: [ParNew: 160716K->2559K(176960K), 0.0138932 secs] 297489K->139355K(367000K), 0.0142689 secs] [Times: user=0.02 sys=0.00, real=0.01 secs] 
2020-03-19T12:18:46.561+0800: 11530.186: [GC (Allocation Failure) 2020-03-19T12:18:46.561+0800: 11530.186: [ParNew: 159871K->3364K(176960K), 0.0135158 secs] 296667K->140179K(367000K), 0.0138867 secs] [Times: user=0.02 sys=0.00, real=0.01 secs] 
2020-03-19T12:18:53.385+0800: 11537.010: [GC (Allocation Failure) 2020-03-19T12:18:53.386+0800: 11537.010: [ParNew: 160676K->2290K(176960K), 0.0194518 secs] 297491K->139127K(367000K), 0.0198694 secs] [Times: user=0.02 sys=0.00, real=0.02 secs] 
2020-03-19T12:18:59.805+0800: 11543.429: [GC (Allocation Failure) 2020-03-19T12:18:59.805+0800: 11543.430: [ParNew: 159602K->3293K(176960K), 0.0148549 secs] 296439K->140149K(367000K), 0.0154211 secs] [Times: user=0.02 sys=0.00, real=0.02 secs] 
2020-03-19T12:19:04.141+0800: 11547.766: [GC (Allocation Failure) 2020-03-19T12:19:04.142+0800: 11547.766: [ParNew: 160605K->3329K(176960K), 0.0240850 secs] 297461K->140201K(367000K), 0.0245087 secs] [Times: user=0.02 sys=0.01, real=0.02 secs] 
2020-03-19T12:19:09.930+0800: 11553.554: [GC (Allocation Failure) 2020-03-19T12:19:09.930+0800: 11553.554: [ParNew: 160641K->2451K(176960K), 0.0193128 secs] 297513K->139347K(367000K), 0.0196595 secs] [Times: user=0.02 sys=0.01, real=0.02 secs] 
2020-03-19T12:19:15.336+0800: 11558.960: [GC (Allocation Failure) 2020-03-19T12:19:15.336+0800: 11558.961: [ParNew: 159763K->2581K(176960K), 0.0156276 secs] 296659K->139499K(367000K), 0.0160268 secs] [Times: user=0.02 sys=0.00, real=0.02 secs] 
2020-03-19T12:19:21.575+0800: 11565.200: [GC (Allocation Failure) 2020-03-19T12:19:21.575+0800: 11565.200: [ParNew: 159857K->2764K(176960K), 0.0142268 secs] 296775K->139700K(367000K), 0.0146021 secs] [Times: user=0.02 sys=0.00, real=0.02 secs] 
2020-03-19T12:19:28.334+0800: 11571.958: [GC (Allocation Failure) 2020-03-19T12:19:28.334+0800: 11571.959: [ParNew: 160076K->2739K(176960K), 0.0139120 secs] 297012K->139688K(367000K), 0.0143019 secs] [Times: user=0.02 sys=0.00, real=0.02 secs] 
2020-03-19T12:19:33.944+0800: 11577.568: [GC (Allocation Failure) 2020-03-19T12:19:33.944+0800: 11577.568: [ParNew: 160051K->2815K(176960K), 0.0224794 secs] 297000K->139781K(367000K), 0.0229476 secs] [Times: user=0.03 sys=0.00, real=0.03 secs] 
2020-03-19T12:19:40.140+0800: 11583.764: [GC (Allocation Failure) 2020-03-19T12:19:40.140+0800: 11583.765: [ParNew: 160127K->2746K(176960K), 0.0133937 secs] 297093K->139733K(367000K), 0.0137925 secs] [Times: user=0.03 sys=0.00, real=0.01 secs] 
2020-03-19T12:19:45.629+0800: 11589.254: [GC (Allocation Failure) 2020-03-19T12:19:45.629+0800: 11589.254: [ParNew: 160058K->2827K(176960K), 0.0194799 secs] 297045K->139828K(367000K), 0.0198363 secs] [Times: user=0.03 sys=0.00, real=0.02 secs] 
2020-03-19T12:19:51.575+0800: 11595.200: [GC (Allocation Failure) 2020-03-19T12:19:51.575+0800: 11595.200: [ParNew: 160139K->2848K(176960K), 0.0146955 secs] 297140K->139870K(367000K), 0.0151158 secs] [Times: user=0.03 sys=0.00, real=0.02 secs] 
2020-03-19T12:19:57.989+0800: 11601.614: [GC (Allocation Failure) 2020-03-19T12:19:57.990+0800: 11601.614: [ParNew: 160160K->2770K(176960K), 0.0223984 secs] 297182K->139815K(367000K), 0.0232294 secs] [Times: user=0.03 sys=0.00, real=0.02 secs] 
2020-03-19T12:20:02.394+0800: 11606.018: [GC (Allocation Failure) 2020-03-19T12:20:02.394+0800: 11606.019: [ParNew: 160082K->2825K(176960K), 0.0200944 secs] 297127K->139886K(367000K), 0.0204909 secs] [Times: user=0.02 sys=0.00, real=0.02 secs] 
2020-03-19T12:20:07.669+0800: 11611.294: [GC (Allocation Failure) 2020-03-19T12:20:07.669+0800: 11611.294: [ParNew: 160137K->2743K(176960K), 0.0137579 secs] 297198K->139825K(367000K), 0.0141131 secs] [Times: user=0.03 sys=0.00, real=0.01 secs] 
2020-03-19T12:20:14.424+0800: 11618.048: [GC (Allocation Failure) 2020-03-19T12:20:14.424+0800: 11618.049: [ParNew: 160055K->2811K(176960K), 0.0177411 secs] 297137K->139907K(367000K), 0.0181204 secs] [Times: user=0.03 sys=0.00, real=0.02 secs] 
2020-03-19T12:20:19.206+0800: 11622.831: [GC (Allocation Failure) 2020-03-19T12:20:19.207+0800: 11622.831: [ParNew: 160123K->2750K(176960K), 0.0134935 secs] 297219K->139871K(367000K), 0.0138796 secs] [Times: user=0.02 sys=0.00, real=0.01 secs] 
2020-03-19T12:20:26.148+0800: 11629.773: [GC (Allocation Failure) 2020-03-19T12:20:26.148+0800: 11629.773: [ParNew: 160062K->2816K(176960K), 0.0137814 secs] 297183K->139957K(367000K), 0.0141612 secs] [Times: user=0.03 sys=0.00, real=0.01 secs] 
2020-03-19T12:20:31.829+0800: 11635.453: [GC (Allocation Failure) 2020-03-19T12:20:31.829+0800: 11635.454: [ParNew: 160128K->2821K(176960K), 0.0214409 secs] 297269K->139974K(367000K), 0.0218137 secs] [Times: user=0.03 sys=0.00, real=0.02 secs] 
2020-03-19T12:20:37.690+0800: 11641.315: [GC (Allocation Failure) 2020-03-19T12:20:37.690+0800: 11641.315: [ParNew: 160133K->2765K(176960K), 0.0193312 secs] 297286K->139942K(367000K), 0.0197261 secs] [Times: user=0.02 sys=0.01, real=0.02 secs] 
2020-03-19T12:20:44.535+0800: 11648.159: [GC (Allocation Failure) 2020-03-19T12:20:44.535+0800: 11648.159: [ParNew: 160076K->2818K(176960K), 0.0208284 secs] 297252K->140014K(367000K), 0.0212458 secs] [Times: user=0.02 sys=0.00, real=0.02 secs] 
2020-03-19T12:20:49.456+0800: 11653.080: [GC (Allocation Failure) 2020-03-19T12:20:49.456+0800: 11653.080: [ParNew: 160130K->2742K(176960K), 0.0158110 secs] 297326K->139959K(367000K), 0.0162223 secs] [Times: user=0.02 sys=0.00, real=0.02 secs] 
2020-03-19T12:20:55.669+0800: 11659.294: [GC (Allocation Failure) 2020-03-19T12:20:55.669+0800: 11659.294: [ParNew: 160054K->2838K(176960K), 0.0144352 secs] 297271K->140077K(367000K), 0.0149373 secs] [Times: user=0.03 sys=0.00, real=0.01 secs] 
2020-03-19T12:21:00.737+0800: 11664.362: [GC (Allocation Failure) 2020-03-19T12:21:00.737+0800: 11664.362: [ParNew: 160150K->3745K(176960K), 0.0144420 secs] 297389K->141003K(367000K), 0.0149971 secs] [Times: user=0.03 sys=0.01, real=0.02 secs] 
2020-03-19T12:21:05.820+0800: 11669.445: [GC (Allocation Failure) 2020-03-19T12:21:05.820+0800: 11669.445: [ParNew: 160119K->4895K(176960K), 0.0140049 secs] 297377K->142170K(367000K), 0.0143569 secs] [Times: user=0.02 sys=0.00, real=0.01 secs] 
2020-03-19T12:21:12.771+0800: 11676.396: [GC (Allocation Failure) 2020-03-19T12:21:12.771+0800: 11676.396: [ParNew: 162207K->2560K(176960K), 0.0206468 secs] 299482K->139857K(367000K), 0.0210180 secs] [Times: user=0.02 sys=0.01, real=0.02 secs] 
2020-03-19T12:21:16.830+0800: 11680.454: [GC (Allocation Failure) 2020-03-19T12:21:16.830+0800: 11680.454: [ParNew: 159872K->2678K(176960K), 0.0138304 secs] 297169K->139996K(367000K), 0.0142194 secs] [Times: user=0.03 sys=0.00, real=0.01 secs] 
2020-03-19T12:21:24.301+0800: 11687.926: [GC (Allocation Failure) 2020-03-19T12:21:24.302+0800: 11687.926: [ParNew: 159990K->2811K(176960K), 0.0373587 secs] 297308K->140146K(367000K), 0.0377778 secs] [Times: user=0.05 sys=0.00, real=0.04 secs] 
2020-03-19T12:21:30.625+0800: 11694.249: [GC (Allocation Failure) 2020-03-19T12:21:30.625+0800: 11694.250: [ParNew: 160123K->2826K(176960K), 0.0142165 secs] 297458K->140175K(367000K), 0.0145519 secs] [Times: user=0.03 sys=0.00, real=0.02 secs] 
2020-03-19T12:21:35.818+0800: 11699.443: [GC (Allocation Failure) 2020-03-19T12:21:35.818+0800: 11699.443: [ParNew: 159816K->4835K(176960K), 0.0177015 secs] 297164K->142200K(367000K), 0.0180939 secs] [Times: user=0.03 sys=0.00, real=0.02 secs] 
2020-03-19T12:21:43.227+0800: 11706.852: [GC (Allocation Failure) 2020-03-19T12:21:43.228+0800: 11706.852: [ParNew: 162147K->2537K(176960K), 0.0149550 secs] 299512K->139927K(367000K), 0.0153422 secs] [Times: user=0.03 sys=0.00, real=0.01 secs] 
2020-03-19T12:21:47.278+0800: 11710.902: [GC (Allocation Failure) 2020-03-19T12:21:47.278+0800: 11710.903: [ParNew: 159849K->2538K(176960K), 0.0137134 secs] 297239K->139947K(367000K), 0.0140965 secs] [Times: user=0.03 sys=0.00, real=0.02 secs] 
2020-03-19T12:21:54.101+0800: 11717.726: [GC (Allocation Failure) 2020-03-19T12:21:54.101+0800: 11717.726: [ParNew: 159850K->2785K(176960K), 0.0149606 secs] 297259K->140214K(367000K), 0.0153552 secs] [Times: user=0.03 sys=0.00, real=0.01 secs] 
2020-03-19T12:22:00.032+0800: 11723.657: [GC (Allocation Failure) 2020-03-19T12:22:00.033+0800: 11723.657: [ParNew: 160097K->3665K(176960K), 0.0302449 secs] 297526K->141113K(367000K), 0.0306946 secs] [Times: user=0.03 sys=0.00, real=0.03 secs] 
2020-03-19T12:22:04.753+0800: 11728.377: [GC (Allocation Failure) 2020-03-19T12:22:04.753+0800: 11728.377: [ParNew: 160977K->2305K(176960K), 0.0166372 secs] 298425K->139770K(367000K), 0.0170559 secs] [Times: user=0.02 sys=0.00, real=0.02 secs] 
2020-03-19T12:22:11.036+0800: 11734.661: [GC (Allocation Failure) 2020-03-19T12:22:11.037+0800: 11734.661: [ParNew: 159617K->2979K(176960K), 0.0139433 secs] 297082K->140467K(367000K), 0.0143768 secs] [Times: user=0.02 sys=0.00, real=0.02 secs] 
2020-03-19T12:22:15.743+0800: 11739.368: [GC (Allocation Failure) 2020-03-19T12:22:15.744+0800: 11739.368: [ParNew: 160291K->3715K(176960K), 0.0151693 secs] 297779K->141223K(367000K), 0.0155975 secs] [Times: user=0.03 sys=0.00, real=0.02 secs] 
2020-03-19T12:22:22.505+0800: 11746.129: [GC (Allocation Failure) 2020-03-19T12:22:22.505+0800: 11746.129: [ParNew: 161027K->2523K(176960K), 0.0155492 secs] 298535K->140051K(367000K), 0.0159493 secs] [Times: user=0.02 sys=0.00, real=0.02 secs] 
2020-03-19T12:22:29.325+0800: 11752.950: [GC (Allocation Failure) 2020-03-19T12:22:29.326+0800: 11752.950: [ParNew: 159835K->2519K(176960K), 0.0134762 secs] 297363K->140062K(367000K), 0.0138359 secs] [Times: user=0.03 sys=0.00, real=0.02 secs] 
2020-03-19T12:22:34.476+0800: 11758.101: [GC (Allocation Failure) 2020-03-19T12:22:34.476+0800: 11758.101: [ParNew: 159831K->2767K(176960K), 0.0149033 secs] 297374K->140326K(367000K), 0.0152413 secs] [Times: user=0.02 sys=0.00, real=0.02 secs] 
2020-03-19T12:22:40.936+0800: 11764.561: [GC (Allocation Failure) 2020-03-19T12:22:40.937+0800: 11764.561: [ParNew: 160079K->2819K(176960K), 0.0138767 secs] 297638K->140403K(367000K), 0.0142616 secs] [Times: user=0.02 sys=0.00, real=0.02 secs] 
2020-03-19T12:22:45.773+0800: 11769.398: [GC (Allocation Failure) 2020-03-19T12:22:45.773+0800: 11769.398: [ParNew: 160131K->2746K(176960K), 0.0152422 secs] 297715K->140350K(367000K), 0.0156139 secs] [Times: user=0.03 sys=0.00, real=0.02 secs] 
2020-03-19T12:22:52.514+0800: 11776.138: [GC (Allocation Failure) 2020-03-19T12:22:52.514+0800: 11776.139: [ParNew: 160058K->2294K(176960K), 0.0141267 secs] 297662K->139922K(367000K), 0.0145227 secs] [Times: user=0.03 sys=0.00, real=0.02 secs] 
2020-03-19T12:22:58.685+0800: 11782.310: [GC (Allocation Failure) 2020-03-19T12:22:58.686+0800: 11782.310: [ParNew: 159606K->2891K(176960K), 0.0151408 secs] 297234K->140540K(367000K), 0.0155149 secs] [Times: user=0.03 sys=0.00, real=0.02 secs] 
2020-03-19T12:23:03.223+0800: 11786.848: [GC (Allocation Failure) 2020-03-19T12:23:03.224+0800: 11786.849: [ParNew: 160203K->2862K(176960K), 0.0314010 secs] 297852K->140529K(367000K), 0.0326584 secs] [Times: user=0.03 sys=0.00, real=0.03 secs] 
2020-03-19T12:23:08.684+0800: 11792.308: [GC (Allocation Failure) 2020-03-19T12:23:08.684+0800: 11792.309: [ParNew: 160174K->2747K(176960K), 0.0195752 secs] 297841K->140432K(367000K), 0.0199744 secs] [Times: user=0.02 sys=0.00, real=0.02 secs] 
2020-03-19T12:23:14.784+0800: 11798.409: [GC (Allocation Failure) 2020-03-19T12:23:14.784+0800: 11798.409: [ParNew: 160059K->2830K(176960K), 0.0158984 secs] 297744K->140534K(367000K), 0.0162572 secs] [Times: user=0.04 sys=0.00, real=0.02 secs] 
2020-03-19T12:23:19.850+0800: 11803.475: [GC (Allocation Failure) 2020-03-19T12:23:19.851+0800: 11803.475: [ParNew: 160142K->3231K(176960K), 0.0220897 secs] 297846K->140959K(367000K), 0.0225336 secs] [Times: user=0.04 sys=0.00, real=0.02 secs] 
2020-03-19T12:23:26.818+0800: 11810.443: [GC (Allocation Failure) 2020-03-19T12:23:26.819+0800: 11810.443: [ParNew: 160543K->2518K(176960K), 0.0142968 secs] 298271K->140264K(367000K), 0.0146754 secs] [Times: user=0.03 sys=0.00, real=0.01 secs] 
2020-03-19T12:23:32.635+0800: 11816.260: [GC (Allocation Failure) 2020-03-19T12:23:32.635+0800: 11816.260: [ParNew: 159830K->2590K(176960K), 0.0141768 secs] 297576K->140348K(367000K), 0.0145710 secs] [Times: user=0.02 sys=0.00, real=0.02 secs] 
2020-03-19T12:23:38.542+0800: 11822.166: [GC (Allocation Failure) 2020-03-19T12:23:38.542+0800: 11822.166: [ParNew: 159902K->2710K(176960K), 0.0139108 secs] 297660K->140487K(367000K), 0.0143201 secs] [Times: user=0.03 sys=0.00, real=0.01 secs] 
2020-03-19T12:23:44.804+0800: 11828.429: [GC (Allocation Failure) 2020-03-19T12:23:44.804+0800: 11828.429: [ParNew: 160022K->2808K(176960K), 0.0151727 secs] 297799K->140606K(367000K), 0.0155206 secs] [Times: user=0.03 sys=0.00, real=0.02 secs] 
2020-03-19T12:23:50.276+0800: 11833.900: [GC (Allocation Failure) 2020-03-19T12:23:50.276+0800: 11833.901: [ParNew: 160120K->3414K(176960K), 0.0148825 secs] 297918K->141231K(367000K), 0.0152605 secs] [Times: user=0.03 sys=0.00, real=0.02 secs] 
2020-03-19T12:23:56.550+0800: 11840.174: [GC (Allocation Failure) 2020-03-19T12:23:56.550+0800: 11840.175: [ParNew: 160726K->2491K(176960K), 0.0153836 secs] 298543K->140329K(367000K), 0.0157553 secs] [Times: user=0.03 sys=0.00, real=0.01 secs] 
2020-03-19T12:24:00.776+0800: 11844.401: [GC (Allocation Failure) 2020-03-19T12:24:00.776+0800: 11844.401: [ParNew: 159803K->2601K(176960K), 0.0154196 secs] 297641K->140458K(367000K), 0.0158945 secs] [Times: user=0.03 sys=0.00, real=0.02 secs] 
2020-03-19T12:24:06.556+0800: 11850.180: [GC (Allocation Failure) 2020-03-19T12:24:06.556+0800: 11850.181: [ParNew: 159913K->3276K(176960K), 0.0134887 secs] 297770K->141149K(367000K), 0.0138716 secs] [Times: user=0.02 sys=0.00, real=0.02 secs] 
2020-03-19T12:24:13.665+0800: 11857.289: [GC (Allocation Failure) 2020-03-19T12:24:13.665+0800: 11857.290: [ParNew: 160588K->2534K(176960K), 0.0206610 secs] 298461K->140426K(367000K), 0.0210938 secs] [Times: user=0.02 sys=0.00, real=0.02 secs] 
2020-03-19T12:24:17.616+0800: 11861.241: [GC (Allocation Failure) 2020-03-19T12:24:17.616+0800: 11861.241: [ParNew: 159846K->3364K(176960K), 0.0144954 secs] 297738K->141279K(367000K), 0.0148850 secs] [Times: user=0.03 sys=0.00, real=0.02 secs] 
2020-03-19T12:24:24.805+0800: 11868.430: [GC (Allocation Failure) 2020-03-19T12:24:24.805+0800: 11868.430: [ParNew: 160676K->2837K(176960K), 0.0136985 secs] 298591K->140773K(367000K), 0.0140447 secs] [Times: user=0.02 sys=0.01, real=0.02 secs] 
2020-03-19T12:24:30.764+0800: 11874.389: [GC (Allocation Failure) 2020-03-19T12:24:30.764+0800: 11874.389: [ParNew: 160149K->2549K(176960K), 0.0154183 secs] 298085K->140495K(367000K), 0.0159113 secs] [Times: user=0.03 sys=0.00, real=0.02 secs] 
2020-03-19T12:24:36.446+0800: 11880.070: [GC (Allocation Failure) 2020-03-19T12:24:36.446+0800: 11880.071: [ParNew: 159861K->2127K(176960K), 0.0304321 secs] 297807K->140091K(367000K), 0.0309857 secs] [Times: user=0.03 sys=0.00, real=0.03 secs] 
2020-03-19T12:24:43.686+0800: 11887.311: [GC (Allocation Failure) 2020-03-19T12:24:43.686+0800: 11887.311: [ParNew: 159435K->2935K(176960K), 0.0323508 secs] 297399K->140925K(367000K), 0.0327792 secs] [Times: user=0.03 sys=0.00, real=0.03 secs] 
2020-03-19T12:24:48.208+0800: 11891.833: [GC (Allocation Failure) 2020-03-19T12:24:48.208+0800: 11891.833: [ParNew: 160247K->2786K(176960K), 0.0250683 secs] 298237K->140796K(367000K), 0.0277885 secs] [Times: user=0.02 sys=0.00, real=0.02 secs] 
2020-03-19T12:24:54.596+0800: 11898.221: [GC (Allocation Failure) 2020-03-19T12:24:54.596+0800: 11898.221: [ParNew: 160098K->2828K(176960K), 0.0331403 secs] 298108K->140858K(367000K), 0.0336834 secs] [Times: user=0.03 sys=0.00, real=0.04 secs] 
2020-03-19T12:25:00.063+0800: 11903.687: [GC (Allocation Failure) 2020-03-19T12:25:00.063+0800: 11903.688: [ParNew: 160140K->2751K(176960K), 0.0214312 secs] 298170K->140801K(367000K), 0.0220448 secs] [Times: user=0.03 sys=0.01, real=0.02 secs] 
2020-03-19T12:25:05.336+0800: 11908.960: [GC (Allocation Failure) 2020-03-19T12:25:05.336+0800: 11908.961: [ParNew: 160063K->2302K(176960K), 0.0135162 secs] 298113K->140370K(367000K), 0.0139453 secs] [Times: user=0.02 sys=0.00, real=0.02 secs] 
2020-03-19T12:25:11.890+0800: 11915.514: [GC (Allocation Failure) 2020-03-19T12:25:11.890+0800: 11915.515: [ParNew: 159614K->2977K(176960K), 0.0211957 secs] 297682K->141066K(367000K), 0.0215910 secs] [Times: user=0.02 sys=0.00, real=0.02 secs] 
2020-03-19T12:25:15.890+0800: 11919.515: [GC (Allocation Failure) 2020-03-19T12:25:15.891+0800: 11919.515: [ParNew: 160289K->2783K(176960K), 0.0182307 secs] 298378K->140894K(367000K), 0.0186337 secs] [Times: user=0.03 sys=0.00, real=0.02 secs] 
2020-03-19T12:25:23.071+0800: 11926.695: [GC (Allocation Failure) 2020-03-19T12:25:23.071+0800: 11926.696: [ParNew: 160095K->2301K(176960K), 0.0149768 secs] 298206K->140431K(367000K), 0.0153711 secs] [Times: user=0.04 sys=0.00, real=0.02 secs] 
2020-03-19T12:25:29.805+0800: 11933.429: [GC (Allocation Failure) 2020-03-19T12:25:29.805+0800: 11933.429: [ParNew: 159613K->2894K(176960K), 0.0149809 secs] 297743K->141038K(367000K), 0.0153306 secs] [Times: user=0.03 sys=0.01, real=0.02 secs] 
2020-03-19T12:25:35.329+0800: 11938.953: [GC (Allocation Failure) 2020-03-19T12:25:35.329+0800: 11938.954: [ParNew: 160206K->2237K(176960K), 0.0210394 secs] 298350K->140394K(367000K), 0.0214170 secs] [Times: user=0.03 sys=0.00, real=0.02 secs] 
2020-03-19T12:25:41.897+0800: 11945.521: [GC (Allocation Failure) 2020-03-19T12:25:41.897+0800: 11945.522: [ParNew: 159549K->2001K(176960K), 0.0152591 secs] 297706K->140182K(367000K), 0.0155755 secs] [Times: user=0.03 sys=0.00, real=0.02 secs] 
2020-03-19T12:25:46.157+0800: 11949.781: [GC (Allocation Failure) 2020-03-19T12:25:46.157+0800: 11949.781: [ParNew: 159313K->2808K(176960K), 0.0168243 secs] 297494K->141009K(367000K), 0.0171796 secs] [Times: user=0.03 sys=0.00, real=0.02 secs] 
2020-03-19T12:25:52.904+0800: 11956.528: [GC (Allocation Failure) 2020-03-19T12:25:52.904+0800: 11956.528: [ParNew: 160120K->2313K(176960K), 0.0140807 secs] 298321K->140535K(367000K), 0.0144627 secs] [Times: user=0.02 sys=0.00, real=0.02 secs] 
2020-03-19T12:25:59.665+0800: 11963.289: [GC (Allocation Failure) 2020-03-19T12:25:59.665+0800: 11963.289: [ParNew: 159625K->2907K(176960K), 0.0232857 secs] 297847K->141148K(367000K), 0.0237380 secs] [Times: user=0.03 sys=0.00, real=0.03 secs] 
2020-03-19T12:26:03.694+0800: 11967.318: [GC (Allocation Failure) 2020-03-19T12:26:03.694+0800: 11967.318: [ParNew: 160219K->2869K(176960K), 0.0139266 secs] 298460K->141128K(367000K), 0.0142919 secs] [Times: user=0.02 sys=0.01, real=0.02 secs] 
2020-03-19T12:26:09.800+0800: 11973.425: [GC (Allocation Failure) 2020-03-19T12:26:09.801+0800: 11973.425: [ParNew: 160181K->2785K(176960K), 0.0299438 secs] 298440K->141066K(367000K), 0.0303101 secs] [Times: user=0.03 sys=0.00, real=0.03 secs] 
2020-03-19T12:26:14.939+0800: 11978.564: [GC (Allocation Failure) 2020-03-19T12:26:14.939+0800: 11978.564: [ParNew: 160097K->3776K(176960K), 0.0159280 secs] 298378K->142076K(367000K), 0.0163003 secs] [Times: user=0.03 sys=0.01, real=0.01 secs] 
2020-03-19T12:26:20.711+0800: 11984.335: [GC (Allocation Failure) 2020-03-19T12:26:20.711+0800: 11984.335: [ParNew: 161088K->2307K(176960K), 0.0293059 secs] 299388K->140629K(367000K), 0.0300122 secs] [Times: user=0.04 sys=0.00, real=0.03 secs] 
2020-03-19T12:26:27.948+0800: 11991.573: [GC (Allocation Failure) 2020-03-19T12:26:27.948+0800: 11991.573: [ParNew: 159619K->1930K(176960K), 0.0230173 secs] 297941K->140272K(367000K), 0.0234360 secs] [Times: user=0.03 sys=0.00, real=0.02 secs] 
2020-03-19T12:26:33.675+0800: 11997.299: [GC (Allocation Failure) 2020-03-19T12:26:33.675+0800: 11997.300: [ParNew: 159242K->2850K(176960K), 0.0158065 secs] 297584K->141207K(367000K), 0.0162690 secs] [Times: user=0.02 sys=0.01, real=0.02 secs] 
2020-03-19T12:26:39.656+0800: 12003.281: [GC (Allocation Failure) 2020-03-19T12:26:39.656+0800: 12003.281: [ParNew: 160162K->2755K(176960K), 0.0163994 secs] 298519K->141131K(367000K), 0.0168090 secs] [Times: user=0.03 sys=0.00, real=0.02 secs] 
2020-03-19T12:26:45.105+0800: 12008.730: [GC (Allocation Failure) 2020-03-19T12:26:45.106+0800: 12008.730: [ParNew: 160067K->2824K(176960K), 0.0219644 secs] 298443K->141218K(367000K), 0.0224043 secs] [Times: user=0.03 sys=0.00, real=0.03 secs] 
2020-03-19T12:26:50.947+0800: 12014.572: [GC (Allocation Failure) 2020-03-19T12:26:50.948+0800: 12014.572: [ParNew: 160136K->3423K(176960K), 0.0260556 secs] 298530K->141842K(367000K), 0.0264549 secs] [Times: user=0.03 sys=0.00, real=0.02 secs] 
2020-03-19T12:26:56.986+0800: 12020.610: [GC (Allocation Failure) 2020-03-19T12:26:56.986+0800: 12020.611: [ParNew: 160735K->2488K(176960K), 0.0132981 secs] 299154K->140930K(367000K), 0.0136776 secs] [Times: user=0.02 sys=0.00, real=0.02 secs] 
2020-03-19T12:27:01.575+0800: 12025.199: [GC (Allocation Failure) 2020-03-19T12:27:01.575+0800: 12025.200: [ParNew: 159800K->3429K(176960K), 0.0161183 secs] 298242K->141886K(367000K), 0.0164822 secs] [Times: user=0.03 sys=0.00, real=0.02 secs] 
2020-03-19T12:27:06.893+0800: 12030.517: [GC (Allocation Failure) 2020-03-19T12:27:06.893+0800: 12030.518: [ParNew: 160741K->2221K(176960K), 0.0131595 secs] 299198K->140699K(367000K), 0.0135506 secs] [Times: user=0.02 sys=0.00, real=0.02 secs] 
2020-03-19T12:27:14.148+0800: 12037.773: [GC (Allocation Failure) 2020-03-19T12:27:14.148+0800: 12037.773: [ParNew: 159533K->2545K(176960K), 0.0213503 secs] 298011K->141040K(367000K), 0.0217503 secs] [Times: user=0.03 sys=0.00, real=0.02 secs] 
2020-03-19T12:27:18.229+0800: 12041.854: [GC (Allocation Failure) 2020-03-19T12:27:18.229+0800: 12041.854: [ParNew: 159857K->2675K(176960K), 0.0339316 secs] 298352K->141191K(367000K), 0.0345271 secs] [Times: user=0.03 sys=0.01, real=0.03 secs] 
2020-03-19T12:27:25.297+0800: 12048.922: [GC (Allocation Failure) 2020-03-19T12:27:25.297+0800: 12048.922: [ParNew: 159987K->2799K(176960K), 0.0242209 secs] 298503K->141339K(367000K), 0.0246459 secs] [Times: user=0.03 sys=0.00, real=0.03 secs] 
2020-03-19T12:27:31.043+0800: 12054.668: [GC (Allocation Failure) 2020-03-19T12:27:31.043+0800: 12054.668: [ParNew: 160111K->2815K(176960K), 0.0527977 secs] 298651K->141365K(367000K), 0.0534459 secs] [Times: user=0.04 sys=0.00, real=0.05 secs] 
2020-03-19T12:27:36.847+0800: 12060.472: [GC (Allocation Failure) 2020-03-19T12:27:36.847+0800: 12060.472: [ParNew: 160127K->2227K(176960K), 0.0259383 secs] 298677K->140794K(367000K), 0.0264428 secs] [Times: user=0.03 sys=0.00, real=0.02 secs] 
2020-03-19T12:27:44.106+0800: 12067.730: [GC (Allocation Failure) 2020-03-19T12:27:44.106+0800: 12067.731: [ParNew: 159539K->2970K(176960K), 0.0146064 secs] 298106K->141556K(367000K), 0.0149903 secs] [Times: user=0.03 sys=0.00, real=0.02 secs] 
2020-03-19T12:27:48.682+0800: 12072.307: [GC (Allocation Failure) 2020-03-19T12:27:48.683+0800: 12072.307: [ParNew: 160282K->2794K(176960K), 0.0265500 secs] 298868K->141403K(367000K), 0.0271158 secs] [Times: user=0.03 sys=0.00, real=0.03 secs] 
2020-03-19T12:27:54.921+0800: 12078.546: [GC (Allocation Failure) 2020-03-19T12:27:54.921+0800: 12078.546: [ParNew: 160106K->2832K(176960K), 0.0145703 secs] 298715K->141459K(367000K), 0.0149310 secs] [Times: user=0.03 sys=0.00, real=0.01 secs] 
2020-03-19T12:28:00.091+0800: 12083.716: [GC (Allocation Failure) 2020-03-19T12:28:00.091+0800: 12083.716: [ParNew: 160144K->3674K(176960K), 0.0192131 secs] 298771K->142320K(367000K), 0.0195796 secs] [Times: user=0.02 sys=0.00, real=0.02 secs] 
2020-03-19T12:28:05.724+0800: 12089.348: [GC (Allocation Failure) 2020-03-19T12:28:05.724+0800: 12089.348: [ParNew: 160986K->2302K(176960K), 0.0150230 secs] 299632K->140969K(367000K), 0.0154216 secs] [Times: user=0.02 sys=0.00, real=0.02 secs] 
2020-03-19T12:28:12.300+0800: 12095.924: [GC (Allocation Failure) 2020-03-19T12:28:12.300+0800: 12095.924: [ParNew: 159614K->2971K(176960K), 0.0143985 secs] 298281K->141659K(367000K), 0.0147902 secs] [Times: user=0.03 sys=0.00, real=0.01 secs] 
2020-03-19T12:28:15.752+0800: 12099.376: [GC (Allocation Failure) 2020-03-19T12:28:15.752+0800: 12099.377: [ParNew: 160283K->2783K(176960K), 0.0149090 secs] 298971K->141490K(367000K), 0.0153810 secs] [Times: user=0.03 sys=0.00, real=0.02 secs] 
2020-03-19T12:28:22.098+0800: 12105.722: [GC (Allocation Failure) 2020-03-19T12:28:22.098+0800: 12105.722: [ParNew: 160095K->2152K(176960K), 0.0149681 secs] 298802K->140878K(367000K), 0.0154204 secs] [Times: user=0.03 sys=0.00, real=0.02 secs] 
2020-03-19T12:28:28.911+0800: 12112.535: [GC (Allocation Failure) 2020-03-19T12:28:28.911+0800: 12112.536: [ParNew: 159464K->2836K(176960K), 0.0217535 secs] 298190K->141577K(367000K), 0.0221922 secs] [Times: user=0.02 sys=0.00, real=0.02 secs] 
2020-03-19T12:28:34.462+0800: 12118.086: [GC (Allocation Failure) 2020-03-19T12:28:34.462+0800: 12118.086: [ParNew: 160148K->2842K(176960K), 0.0171421 secs] 298889K->141599K(367000K), 0.0174929 secs] [Times: user=0.03 sys=0.00, real=0.02 secs] 
2020-03-19T12:28:40.760+0800: 12124.385: [GC (Allocation Failure) 2020-03-19T12:28:40.760+0800: 12124.385: [ParNew: 160154K->2839K(176960K), 0.0287627 secs] 298911K->141620K(367000K), 0.0292094 secs] [Times: user=0.04 sys=0.00, real=0.03 secs] 
2020-03-19T12:28:45.754+0800: 12129.379: [GC (Allocation Failure) 2020-03-19T12:28:45.755+0800: 12129.379: [ParNew: 160151K->2744K(176960K), 0.0150710 secs] 298932K->141545K(367000K), 0.0157134 secs] [Times: user=0.02 sys=0.00, real=0.02 secs] 
2020-03-19T12:28:52.421+0800: 12136.045: [GC (Allocation Failure) 2020-03-19T12:28:52.421+0800: 12136.046: [ParNew: 160056K->2128K(176960K), 0.0147682 secs] 298857K->140953K(367000K), 0.0151779 secs] [Times: user=0.03 sys=0.00, real=0.01 secs] 
2020-03-19T12:28:58.765+0800: 12142.390: [GC (Allocation Failure) 2020-03-19T12:28:58.766+0800: 12142.390: [ParNew: 159440K->1882K(176960K), 0.0201556 secs] 298265K->140723K(367000K), 0.0206033 secs] [Times: user=0.02 sys=0.00, real=0.02 secs] 
2020-03-19T12:29:02.817+0800: 12146.442: [GC (Allocation Failure) 2020-03-19T12:29:02.818+0800: 12146.442: [ParNew: 159194K->2837K(176960K), 0.0308829 secs] 298035K->141695K(367000K), 0.0313016 secs] [Times: user=0.04 sys=0.00, real=0.04 secs] 
2020-03-19T12:29:08.632+0800: 12152.257: [GC (Allocation Failure) 2020-03-19T12:29:08.632+0800: 12152.257: [ParNew: 160149K->2745K(176960K), 0.0135906 secs] 299007K->141628K(367000K), 0.0139508 secs] [Times: user=0.02 sys=0.00, real=0.02 secs] 
2020-03-19T12:29:14.797+0800: 12158.421: [GC (Allocation Failure) 2020-03-19T12:29:14.797+0800: 12158.421: [ParNew: 160057K->3711K(176960K), 0.0158849 secs] 298940K->142613K(367000K), 0.0162226 secs] [Times: user=0.03 sys=0.00, real=0.02 secs] 
2020-03-19T12:29:19.933+0800: 12163.558: [GC (Allocation Failure) 2020-03-19T12:29:19.933+0800: 12163.558: [ParNew: 161023K->2174K(176960K), 0.0168825 secs] 299925K->141097K(367000K), 0.0173305 secs] [Times: user=0.03 sys=0.00, real=0.02 secs] 
2020-03-19T12:29:26.691+0800: 12170.316: [GC (Allocation Failure) 2020-03-19T12:29:26.691+0800: 12170.316: [ParNew: 159486K->2952K(176960K), 0.0140695 secs] 298409K->141891K(367000K), 0.0144975 secs] [Times: user=0.02 sys=0.00, real=0.01 secs] 
2020-03-19T12:29:32.644+0800: 12176.268: [GC (Allocation Failure) 2020-03-19T12:29:32.644+0800: 12176.268: [ParNew: 160264K->2861K(176960K), 0.0157522 secs] 299203K->141817K(367000K), 0.0161051 secs] [Times: user=0.03 sys=0.00, real=0.02 secs] 
2020-03-19T12:29:38.682+0800: 12182.307: [GC (Allocation Failure) 2020-03-19T12:29:38.682+0800: 12182.307: [ParNew: 160173K->2773K(176960K), 0.0135600 secs] 299129K->141748K(367000K), 0.0138846 secs] [Times: user=0.03 sys=0.00, real=0.01 secs] 
2020-03-19T12:29:44.796+0800: 12188.421: [GC (Allocation Failure) 2020-03-19T12:29:44.796+0800: 12188.421: [ParNew: 160085K->3743K(176960K), 0.0162090 secs] 299060K->142733K(367000K), 0.0165821 secs] [Times: user=0.03 sys=0.00, real=0.02 secs] 
2020-03-19T12:29:50.148+0800: 12193.773: [GC (Allocation Failure) 2020-03-19T12:29:50.149+0800: 12193.773: [ParNew: 161055K->2182K(176960K), 0.0157346 secs] 300045K->141196K(367000K), 0.0162200 secs] [Times: user=0.03 sys=0.00, real=0.01 secs] 
2020-03-19T12:29:56.552+0800: 12200.177: [GC (Allocation Failure) 2020-03-19T12:29:56.553+0800: 12200.177: [ParNew: 159494K->2958K(176960K), 0.0206267 secs] 298508K->141989K(367000K), 0.0210289 secs] [Times: user=0.02 sys=0.00, real=0.02 secs] 
2020-03-19T12:30:00.841+0800: 12204.465: [GC (Allocation Failure) 2020-03-19T12:30:00.841+0800: 12204.466: [ParNew: 160270K->2869K(176960K), 0.0166022 secs] 299301K->141918K(367000K), 0.0170459 secs] [Times: user=0.03 sys=0.00, real=0.02 secs] 
2020-03-19T12:30:06.398+0800: 12210.023: [GC (Allocation Failure) 2020-03-19T12:30:06.399+0800: 12210.023: [ParNew: 160181K->2237K(176960K), 0.0145293 secs] 299230K->141304K(367000K), 0.0149053 secs] [Times: user=0.02 sys=0.00, real=0.01 secs] 
2020-03-19T12:30:13.679+0800: 12217.303: [GC (Allocation Failure) 2020-03-19T12:30:13.679+0800: 12217.304: [ParNew: 159549K->2973K(176960K), 0.0231575 secs] 298616K->142062K(367000K), 0.0237674 secs] [Times: user=0.03 sys=0.00, real=0.02 secs] 
2020-03-19T12:30:17.635+0800: 12221.259: [GC (Allocation Failure) 2020-03-19T12:30:17.635+0800: 12221.259: [ParNew: 160285K->2789K(176960K), 0.0223483 secs] 299374K->141900K(367000K), 0.0227870 secs] [Times: user=0.02 sys=0.00, real=0.02 secs] 
2020-03-19T12:30:24.806+0800: 12228.431: [GC (Allocation Failure) 2020-03-19T12:30:24.806+0800: 12228.431: [ParNew: 160101K->2839K(176960K), 0.0143033 secs] 299212K->141970K(367000K), 0.0146747 secs] [Times: user=0.02 sys=0.00, real=0.01 secs] 
2020-03-19T12:30:30.770+0800: 12234.394: [GC (Allocation Failure) 2020-03-19T12:30:30.770+0800: 12234.394: [ParNew: 160151K->2829K(176960K), 0.0157212 secs] 299282K->141973K(367000K), 0.0161561 secs] [Times: user=0.03 sys=0.00, real=0.01 secs] 
2020-03-19T12:30:36.552+0800: 12240.177: [GC (Allocation Failure) 2020-03-19T12:30:36.553+0800: 12240.177: [ParNew: 160141K->2218K(176960K), 0.0146454 secs] 299285K->141379K(367000K), 0.0151510 secs] [Times: user=0.02 sys=0.01, real=0.02 secs] 
2020-03-19T12:30:43.685+0800: 12247.309: [GC (Allocation Failure) 2020-03-19T12:30:43.685+0800: 12247.310: [ParNew: 159530K->2967K(176960K), 0.0315676 secs] 298691K->142154K(367000K), 0.0320518 secs] [Times: user=0.02 sys=0.00, real=0.03 secs] 
2020-03-19T12:30:47.859+0800: 12251.483: [GC (Allocation Failure) 2020-03-19T12:30:47.859+0800: 12251.483: [ParNew: 160279K->1862K(176960K), 0.0221231 secs] 299466K->141074K(367000K), 0.0225119 secs] [Times: user=0.03 sys=0.00, real=0.02 secs] 
2020-03-19T12:30:54.513+0800: 12258.138: [GC (Allocation Failure) 2020-03-19T12:30:54.514+0800: 12258.138: [ParNew: 159174K->2825K(176960K), 0.0177441 secs] 298386K->142058K(367000K), 0.0181736 secs] [Times: user=0.03 sys=0.00, real=0.02 secs] 
2020-03-19T12:31:00.075+0800: 12263.700: [GC (Allocation Failure) 2020-03-19T12:31:00.075+0800: 12263.700: [ParNew: 160137K->2741K(176960K), 0.0154460 secs] 299370K->141991K(367000K), 0.0158760 secs] [Times: user=0.02 sys=0.00, real=0.02 secs] 
2020-03-19T12:31:05.148+0800: 12268.772: [GC (Allocation Failure) 2020-03-19T12:31:05.148+0800: 12268.773: [ParNew: 160053K->3403K(176960K), 0.0327885 secs] 299303K->142669K(367000K), 0.0332412 secs] [Times: user=0.04 sys=0.00, real=0.03 secs] 
2020-03-19T12:31:11.868+0800: 12275.492: [GC (Allocation Failure) 2020-03-19T12:31:11.868+0800: 12275.493: [ParNew: 160715K->2558K(176960K), 0.0140610 secs] 299981K->141850K(367000K), 0.0144056 secs] [Times: user=0.02 sys=0.00, real=0.01 secs] 
2020-03-19T12:31:15.903+0800: 12279.527: [GC (Allocation Failure) 2020-03-19T12:31:15.903+0800: 12279.527: [ParNew: 159870K->3352K(176960K), 0.0155064 secs] 299162K->142664K(367000K), 0.0158738 secs] [Times: user=0.03 sys=0.00, real=0.02 secs] 
2020-03-19T12:31:23.059+0800: 12286.684: [GC (Allocation Failure) 2020-03-19T12:31:23.059+0800: 12286.684: [ParNew: 160664K->2253K(176960K), 0.0287801 secs] 299976K->141582K(367000K), 0.0292000 secs] [Times: user=0.02 sys=0.00, real=0.03 secs] 
2020-03-19T12:31:29.779+0800: 12293.404: [GC (Allocation Failure) 2020-03-19T12:31:29.780+0800: 12293.404: [ParNew: 159565K->2874K(176960K), 0.0288575 secs] 298894K->142217K(367000K), 0.0294439 secs] [Times: user=0.03 sys=0.00, real=0.03 secs] 
2020-03-19T12:31:35.117+0800: 12298.741: [GC (Allocation Failure) 2020-03-19T12:31:35.117+0800: 12298.741: [ParNew: 160186K->3195K(176960K), 0.0280200 secs] 299529K->142555K(367000K), 0.0285489 secs] [Times: user=0.04 sys=0.00, real=0.03 secs] 
2020-03-19T12:31:41.895+0800: 12305.520: [GC (Allocation Failure) 2020-03-19T12:31:41.895+0800: 12305.520: [ParNew: 160507K->2495K(176960K), 0.0139913 secs] 299867K->141875K(367000K), 0.0143156 secs] [Times: user=0.03 sys=0.00, real=0.02 secs] 
2020-03-19T12:31:46.142+0800: 12309.767: [GC (Allocation Failure) 2020-03-19T12:31:46.143+0800: 12309.767: [ParNew: 159807K->3371K(176960K), 0.0182215 secs] 299187K->142768K(367000K), 0.0187114 secs] [Times: user=0.02 sys=0.01, real=0.02 secs] 
2020-03-19T12:31:52.924+0800: 12316.548: [GC (Allocation Failure) 2020-03-19T12:31:52.924+0800: 12316.548: [ParNew: 160683K->2267K(176960K), 0.0230484 secs] 300080K->141687K(367000K), 0.0236321 secs] [Times: user=0.02 sys=0.00, real=0.03 secs] 
2020-03-19T12:31:59.658+0800: 12323.282: [GC (Allocation Failure) 2020-03-19T12:31:59.658+0800: 12323.282: [ParNew: 159579K->2888K(176960K), 0.0433696 secs] 298999K->142327K(367000K), 0.0438125 secs] [Times: user=0.03 sys=0.00, real=0.05 secs] 
2020-03-19T12:32:03.692+0800: 12327.316: [GC (Allocation Failure) 2020-03-19T12:32:03.692+0800: 12327.317: [ParNew: 160200K->2859K(176960K), 0.0311323 secs] 299639K->142313K(367000K), 0.0315823 secs] [Times: user=0.03 sys=0.00, real=0.03 secs] 
2020-03-19T12:32:09.172+0800: 12332.797: [GC (Allocation Failure) 2020-03-19T12:32:09.172+0800: 12332.797: [ParNew: 160171K->2767K(176960K), 0.0235645 secs] 299625K->142243K(367000K), 0.0239541 secs] [Times: user=0.03 sys=0.00, real=0.02 secs] 
2020-03-19T12:32:14.941+0800: 12338.565: [GC (Allocation Failure) 2020-03-19T12:32:14.941+0800: 12338.566: [ParNew: 160079K->2823K(176960K), 0.0179821 secs] 299555K->142320K(367000K), 0.0185175 secs] [Times: user=0.02 sys=0.01, real=0.02 secs] 
2020-03-19T12:32:20.715+0800: 12344.340: [GC (Allocation Failure) 2020-03-19T12:32:20.716+0800: 12344.340: [ParNew: 160135K->2302K(176960K), 0.0159531 secs] 299632K->141820K(367000K), 0.0163612 secs] [Times: user=0.03 sys=0.00, real=0.02 secs] 
2020-03-19T12:32:27.634+0800: 12351.259: [GC (Allocation Failure) 2020-03-19T12:32:27.634+0800: 12351.259: [ParNew: 159614K->2895K(176960K), 0.0183279 secs] 299132K->142431K(367000K), 0.0188050 secs] [Times: user=0.03 sys=0.00, real=0.02 secs] 
2020-03-19T12:32:33.653+0800: 12357.277: [GC (Allocation Failure) 2020-03-19T12:32:33.653+0800: 12357.278: [ParNew: 160207K->2868K(176960K), 0.0209536 secs] 299743K->142421K(367000K), 0.0214382 secs] [Times: user=0.02 sys=0.00, real=0.02 secs] 
2020-03-19T12:32:39.455+0800: 12363.080: [GC (Allocation Failure) 2020-03-19T12:32:39.456+0800: 12363.080: [ParNew: 160178K->2759K(176960K), 0.0157631 secs] 299731K->142330K(367000K), 0.0161506 secs] [Times: user=0.03 sys=0.00, real=0.02 secs] 
2020-03-19T12:32:45.044+0800: 12368.669: [GC (Allocation Failure) 2020-03-19T12:32:45.044+0800: 12368.669: [ParNew: 160071K->2826K(176960K), 0.0183173 secs] 299642K->142417K(367000K), 0.0187369 secs] [Times: user=0.03 sys=0.00, real=0.02 secs] 
2020-03-19T12:32:50.928+0800: 12374.552: [GC (Allocation Failure) 2020-03-19T12:32:50.928+0800: 12374.553: [ParNew: 160138K->2307K(176960K), 0.0194339 secs] 299729K->141923K(367000K), 0.0198078 secs] [Times: user=0.03 sys=0.00, real=0.02 secs] 
2020-03-19T12:32:57.074+0800: 12380.699: [GC (Allocation Failure) 2020-03-19T12:32:57.075+0800: 12380.699: [ParNew: 159619K->2897K(176960K), 0.0160196 secs] 299235K->142536K(367000K), 0.0165526 secs] [Times: user=0.02 sys=0.00, real=0.02 secs] 
2020-03-19T12:33:01.665+0800: 12385.290: [GC (Allocation Failure) 2020-03-19T12:33:01.665+0800: 12385.290: [ParNew: 160209K->2849K(176960K), 0.0245244 secs] 299848K->142504K(367000K), 0.0249377 secs] [Times: user=0.02 sys=0.00, real=0.03 secs] 
2020-03-19T12:33:06.905+0800: 12390.529: [GC (Allocation Failure) 2020-03-19T12:33:06.905+0800: 12390.530: [ParNew: 160161K->2756K(176960K), 0.0145874 secs] 299816K->142431K(367000K), 0.0149363 secs] [Times: user=0.03 sys=0.00, real=0.02 secs] 
2020-03-19T12:33:14.152+0800: 12397.776: [GC (Allocation Failure) 2020-03-19T12:33:14.152+0800: 12397.777: [ParNew: 160068K->2817K(176960K), 0.0147268 secs] 299743K->142510K(367000K), 0.0151836 secs] [Times: user=0.03 sys=0.00, real=0.02 secs] 
2020-03-19T12:33:18.689+0800: 12402.314: [GC (Allocation Failure) 2020-03-19T12:33:18.689+0800: 12402.314: [ParNew: 160129K->2753K(176960K), 0.0142433 secs] 299822K->142468K(367000K), 0.0145543 secs] [Times: user=0.02 sys=0.00, real=0.01 secs] 
2020-03-19T12:33:25.336+0800: 12408.961: [GC (Allocation Failure) 2020-03-19T12:33:25.336+0800: 12408.961: [ParNew: 160065K->2836K(176960K), 0.0142496 secs] 299780K->142571K(367000K), 0.0146038 secs] [Times: user=0.03 sys=0.00, real=0.02 secs] 
2020-03-19T12:33:31.064+0800: 12414.689: [GC (Allocation Failure) 2020-03-19T12:33:31.065+0800: 12414.689: [ParNew: 160148K->3757K(176960K), 0.0476110 secs] 299883K->143503K(367000K), 0.0481592 secs] [Times: user=0.03 sys=0.00, real=0.05 secs] 
2020-03-19T12:33:37.012+0800: 12420.636: [GC (Allocation Failure) 2020-03-19T12:33:37.012+0800: 12420.636: [ParNew: 161069K->3350K(176960K), 0.0192859 secs] 300815K->143115K(367000K), 0.0196715 secs] [Times: user=0.03 sys=0.00, real=0.02 secs] 
2020-03-19T12:33:44.335+0800: 12427.960: [GC (Allocation Failure) 2020-03-19T12:33:44.335+0800: 12427.960: [ParNew: 160662K->2565K(176960K), 0.0149872 secs] 300427K->142349K(367000K), 0.0155641 secs] [Times: user=0.03 sys=0.00, real=0.02 secs] 
2020-03-19T12:33:48.762+0800: 12432.387: [GC (Allocation Failure) 2020-03-19T12:33:48.763+0800: 12432.387: [ParNew: 159877K->2536K(176960K), 0.0213922 secs] 299661K->142343K(367000K), 0.0218678 secs] [Times: user=0.02 sys=0.00, real=0.02 secs] 
2020-03-19T12:33:55.148+0800: 12438.773: [GC (Allocation Failure) 2020-03-19T12:33:55.149+0800: 12438.773: [ParNew: 159848K->2766K(176960K), 0.0141114 secs] 299655K->142593K(367000K), 0.0144641 secs] [Times: user=0.02 sys=0.00, real=0.01 secs] 
2020-03-19T12:34:00.345+0800: 12443.970: [GC (Allocation Failure) 2020-03-19T12:34:00.346+0800: 12443.970: [ParNew: 160078K->2735K(176960K), 0.0133887 secs] 299905K->142578K(367000K), 0.0137374 secs] [Times: user=0.02 sys=0.00, real=0.02 secs] 
2020-03-19T12:34:05.817+0800: 12449.441: [GC (Allocation Failure) 2020-03-19T12:34:05.817+0800: 12449.441: [ParNew: 158995K->2942K(176960K), 0.0153898 secs] 298838K->142803K(367000K), 0.0158209 secs] [Times: user=0.03 sys=0.00, real=0.02 secs] 
2020-03-19T12:34:12.569+0800: 12456.194: [GC (Allocation Failure) 2020-03-19T12:34:12.569+0800: 12456.194: [ParNew: 160254K->3729K(176960K), 0.0282688 secs] 300115K->143612K(367000K), 0.0287375 secs] [Times: user=0.03 sys=0.00, real=0.02 secs] 
2020-03-19T12:34:16.574+0800: 12460.198: [GC (Allocation Failure) 2020-03-19T12:34:16.574+0800: 12460.198: [ParNew: 161041K->2592K(176960K), 0.0148695 secs] 300924K->142498K(367000K), 0.0152302 secs] [Times: user=0.03 sys=0.00, real=0.02 secs] 
2020-03-19T12:34:23.751+0800: 12467.375: [GC (Allocation Failure) 2020-03-19T12:34:23.751+0800: 12467.376: [ParNew: 159904K->2622K(176960K), 0.0250092 secs] 299810K->142546K(367000K), 0.0255076 secs] [Times: user=0.03 sys=0.00, real=0.02 secs] 
2020-03-19T12:34:29.938+0800: 12473.563: [GC (Allocation Failure) 2020-03-19T12:34:29.938+0800: 12473.563: [ParNew: 159934K->3590K(176960K), 0.0262476 secs] 299857K->143528K(367000K), 0.0267593 secs] [Times: user=0.03 sys=0.00, real=0.03 secs] 
2020-03-19T12:34:35.813+0800: 12479.438: [GC (Allocation Failure) 2020-03-19T12:34:35.813+0800: 12479.438: [ParNew: 160902K->3394K(176960K), 0.0171409 secs] 300840K->143349K(367000K), 0.0175490 secs] [Times: user=0.03 sys=0.00, real=0.02 secs] 
2020-03-19T12:34:42.640+0800: 12486.264: [GC (Allocation Failure) 2020-03-19T12:34:42.640+0800: 12486.264: [ParNew: 160706K->2173K(176960K), 0.0184599 secs] 300661K->142154K(367000K), 0.0188469 secs] [Times: user=0.03 sys=0.00, real=0.02 secs] 
2020-03-19T12:34:46.830+0800: 12490.455: [GC (Allocation Failure) 2020-03-19T12:34:46.830+0800: 12490.455: [ParNew: 159485K->2858K(176960K), 0.0205518 secs] 299466K->142856K(367000K), 0.0209972 secs] [Times: user=0.03 sys=0.01, real=0.02 secs] 
2020-03-19T12:34:53.517+0800: 12497.142: [GC (Allocation Failure) 2020-03-19T12:34:53.518+0800: 12497.142: [ParNew: 160170K->2859K(176960K), 0.0294310 secs] 300168K->142881K(367000K), 0.0300336 secs] [Times: user=0.03 sys=0.00, real=0.04 secs] 
2020-03-19T12:34:59.815+0800: 12503.440: [GC (Allocation Failure) 2020-03-19T12:34:59.816+0800: 12503.440: [ParNew: 160171K->3674K(176960K), 0.0144593 secs] 300193K->143715K(367000K), 0.0148044 secs] [Times: user=0.03 sys=0.00, real=0.02 secs] 
2020-03-19T12:35:04.398+0800: 12508.023: [GC (Allocation Failure) 2020-03-19T12:35:04.398+0800: 12508.023: [ParNew: 160986K->3405K(176960K), 0.0138417 secs] 301027K->143462K(367000K), 0.0142082 secs] [Times: user=0.03 sys=0.00, real=0.01 secs] 
2020-03-19T12:35:10.337+0800: 12513.962: [GC (Allocation Failure) 2020-03-19T12:35:10.337+0800: 12513.962: [ParNew: 160717K->2480K(176960K), 0.0139280 secs] 300774K->142561K(367000K), 0.0143821 secs] [Times: user=0.03 sys=0.00, real=0.02 secs] 
2020-03-19T12:35:15.332+0800: 12518.957: [GC (Allocation Failure) 2020-03-19T12:35:15.332+0800: 12518.957: [ParNew: 159792K->2619K(176960K), 0.0143554 secs] 299873K->142718K(367000K), 0.0146999 secs] [Times: user=0.02 sys=0.01, real=0.02 secs] 
2020-03-19T12:35:21.892+0800: 12525.517: [GC (Allocation Failure) 2020-03-19T12:35:21.893+0800: 12525.517: [ParNew: 159931K->2781K(176960K), 0.0145145 secs] 300030K->142901K(367000K), 0.0148855 secs] [Times: user=0.03 sys=0.00, real=0.02 secs] 
2020-03-19T12:35:28.685+0800: 12532.310: [GC (Allocation Failure) 2020-03-19T12:35:28.685+0800: 12532.310: [ParNew: 160093K->2743K(176960K), 0.0143168 secs] 300213K->142877K(367000K), 0.0146754 secs] [Times: user=0.02 sys=0.00, real=0.02 secs] 
2020-03-19T12:35:34.139+0800: 12537.764: [GC (Allocation Failure) 2020-03-19T12:35:34.140+0800: 12537.764: [ParNew: 160055K->2827K(176960K), 0.0147381 secs] 300189K->142977K(367000K), 0.0153233 secs] [Times: user=0.03 sys=0.00, real=0.01 secs] 
2020-03-19T12:35:40.452+0800: 12544.077: [GC (Allocation Failure) 2020-03-19T12:35:40.452+0800: 12544.077: [ParNew: 160139K->2833K(176960K), 0.0135931 secs] 300289K->143005K(367000K), 0.0140091 secs] [Times: user=0.02 sys=0.00, real=0.02 secs] 
2020-03-19T12:35:45.670+0800: 12549.294: [GC (Allocation Failure) 2020-03-19T12:35:45.670+0800: 12549.295: [ParNew: 160145K->2751K(176960K), 0.0147252 secs] 300317K->142940K(367000K), 0.0151052 secs] [Times: user=0.02 sys=0.00, real=0.01 secs] 
2020-03-19T12:35:51.847+0800: 12555.471: [GC (Allocation Failure) 2020-03-19T12:35:51.847+0800: 12555.472: [ParNew: 160063K->2845K(176960K), 0.0146293 secs] 300252K->143056K(367000K), 0.0150457 secs] [Times: user=0.03 sys=0.00, real=0.01 secs] 
2020-03-19T12:35:58.398+0800: 12562.023: [GC (Allocation Failure) 2020-03-19T12:35:58.398+0800: 12562.023: [ParNew: 160157K->2758K(176960K), 0.0136115 secs] 300368K->142992K(367000K), 0.0139834 secs] [Times: user=0.02 sys=0.00, real=0.01 secs] 
2020-03-19T12:36:02.697+0800: 12566.322: [GC (Allocation Failure) 2020-03-19T12:36:02.697+0800: 12566.322: [ParNew: 160070K->2820K(176960K), 0.0199846 secs] 300304K->143069K(367000K), 0.0203307 secs] [Times: user=0.02 sys=0.00, real=0.02 secs] 
2020-03-19T12:36:08.278+0800: 12571.902: [GC (Allocation Failure) 2020-03-19T12:36:08.278+0800: 12571.903: [ParNew: 160132K->2741K(176960K), 0.0135429 secs] 300381K->143011K(367000K), 0.0138967 secs] [Times: user=0.02 sys=0.00, real=0.02 secs] 
2020-03-19T12:36:14.682+0800: 12578.307: [GC (Allocation Failure) 2020-03-19T12:36:14.683+0800: 12578.307: [ParNew: 160053K->2810K(176960K), 0.0240943 secs] 300323K->143098K(367000K), 0.0245205 secs] [Times: user=0.03 sys=0.00, real=0.03 secs] 
2020-03-19T12:36:19.353+0800: 12582.977: [GC (Allocation Failure) 2020-03-19T12:36:19.353+0800: 12582.978: [ParNew: 160122K->2745K(176960K), 0.0141099 secs] 300410K->143057K(367000K), 0.0146100 secs] [Times: user=0.03 sys=0.00, real=0.02 secs] 
2020-03-19T12:36:26.538+0800: 12590.163: [GC (Allocation Failure) 2020-03-19T12:36:26.539+0800: 12590.163: [ParNew: 160057K->2811K(176960K), 0.0147847 secs] 300369K->143142K(367000K), 0.0152104 secs] [Times: user=0.02 sys=0.00, real=0.01 secs] 
2020-03-19T12:36:32.374+0800: 12595.999: [GC (Allocation Failure) 2020-03-19T12:36:32.375+0800: 12595.999: [ParNew: 160123K->2816K(176960K), 0.0141893 secs] 300454K->143162K(367000K), 0.0145547 secs] [Times: user=0.03 sys=0.00, real=0.02 secs] 
2020-03-19T12:36:38.225+0800: 12601.850: [GC (Allocation Failure) 2020-03-19T12:36:38.226+0800: 12601.850: [ParNew: 160128K->2747K(176960K), 0.0139075 secs] 300474K->143114K(367000K), 0.0142353 secs] [Times: user=0.03 sys=0.00, real=0.02 secs] 
2020-03-19T12:36:44.792+0800: 12608.417: [GC (Allocation Failure) 2020-03-19T12:36:44.792+0800: 12608.417: [ParNew: 160059K->3754K(176960K), 0.0157603 secs] 300426K->144139K(367000K), 0.0161133 secs] [Times: user=0.03 sys=0.00, real=0.02 secs] 
2020-03-19T12:36:49.547+0800: 12613.171: [GC (Allocation Failure) 2020-03-19T12:36:49.547+0800: 12613.172: [ParNew: 161066K->3216K(176960K), 0.0220790 secs] 301451K->143623K(367000K), 0.0224842 secs] [Times: user=0.02 sys=0.00, real=0.02 secs] 
2020-03-19T12:36:55.727+0800: 12619.352: [GC (Allocation Failure) 2020-03-19T12:36:55.728+0800: 12619.352: [ParNew: 160528K->2517K(176960K), 0.0268303 secs] 300935K->142945K(367000K), 0.0273169 secs] [Times: user=0.03 sys=0.00, real=0.02 secs] 
2020-03-19T12:37:00.762+0800: 12624.387: [GC (Allocation Failure) 2020-03-19T12:37:00.763+0800: 12624.387: [ParNew: 159829K->3436K(176960K), 0.0158667 secs] 300257K->143881K(367000K), 0.0162244 secs] [Times: user=0.02 sys=0.00, real=0.02 secs] 
2020-03-19T12:37:06.094+0800: 12629.719: [GC (Allocation Failure) 2020-03-19T12:37:06.094+0800: 12629.719: [ParNew: 160748K->3170K(176960K), 0.0161576 secs] 301193K->143635K(367000K), 0.0165976 secs] [Times: user=0.02 sys=0.01, real=0.02 secs] 
2020-03-19T12:37:13.092+0800: 12636.717: [GC (Allocation Failure) 2020-03-19T12:37:13.093+0800: 12636.717: [ParNew: 160482K->2498K(176960K), 0.0234994 secs] 300947K->142981K(367000K), 0.0239060 secs] [Times: user=0.03 sys=0.00, real=0.02 secs] 
2020-03-19T12:37:16.863+0800: 12640.488: [GC (Allocation Failure) 2020-03-19T12:37:16.864+0800: 12640.488: [ParNew: 159810K->3350K(176960K), 0.0141137 secs] 300293K->143855K(367000K), 0.0144871 secs] [Times: user=0.02 sys=0.00, real=0.01 secs] 
2020-03-19T12:37:24.407+0800: 12648.032: [GC (Allocation Failure) 2020-03-19T12:37:24.408+0800: 12648.032: [ParNew: 160662K->2291K(176960K), 0.0143238 secs] 301167K->142815K(367000K), 0.0147259 secs] [Times: user=0.03 sys=0.00, real=0.01 secs] 
2020-03-19T12:37:30.629+0800: 12654.254: [GC (Allocation Failure) 2020-03-19T12:37:30.629+0800: 12654.254: [ParNew: 159603K->3370K(176960K), 0.0145288 secs] 300127K->143906K(367000K), 0.0149163 secs] [Times: user=0.03 sys=0.00, real=0.01 secs] 
2020-03-19T12:37:35.824+0800: 12659.448: [GC (Allocation Failure) 2020-03-19T12:37:35.824+0800: 12659.448: [ParNew: 160141K->5605K(176960K), 0.0171130 secs] 300677K->146158K(367000K), 0.0174965 secs] [Times: user=0.02 sys=0.00, real=0.02 secs] 
2020-03-19T12:37:43.185+0800: 12666.809: [GC (Allocation Failure) 2020-03-19T12:37:43.185+0800: 12666.810: [ParNew: 162917K->2791K(176960K), 0.0191551 secs] 303470K->143370K(367000K), 0.0196157 secs] [Times: user=0.03 sys=0.00, real=0.02 secs] 
2020-03-19T12:37:47.114+0800: 12670.738: [GC (Allocation Failure) 2020-03-19T12:37:47.114+0800: 12670.738: [ParNew: 160103K->2743K(176960K), 0.0142014 secs] 300682K->143338K(367000K), 0.0146623 secs] [Times: user=0.03 sys=0.01, real=0.02 secs] 
2020-03-19T12:37:54.106+0800: 12677.731: [GC (Allocation Failure) 2020-03-19T12:37:54.106+0800: 12677.731: [ParNew: 160055K->2838K(176960K), 0.0185238 secs] 300650K->143454K(367000K), 0.0189131 secs] [Times: user=0.03 sys=0.00, real=0.01 secs] 
2020-03-19T12:38:00.048+0800: 12683.673: [GC (Allocation Failure) 2020-03-19T12:38:00.049+0800: 12683.673: [ParNew: 160150K->2761K(176960K), 0.0285624 secs] 300766K->143396K(367000K), 0.0291286 secs] [Times: user=0.03 sys=0.00, real=0.02 secs] 
2020-03-19T12:38:04.877+0800: 12688.501: [GC (Allocation Failure) 2020-03-19T12:38:04.877+0800: 12688.502: [ParNew: 160073K->2308K(176960K), 0.0138906 secs] 300708K->142959K(367000K), 0.0142952 secs] [Times: user=0.03 sys=0.00, real=0.02 secs] 
2020-03-19T12:38:11.036+0800: 12694.661: [GC (Allocation Failure) 2020-03-19T12:38:11.036+0800: 12694.661: [ParNew: 159620K->2980K(176960K), 0.0207344 secs] 300271K->143654K(367000K), 0.0211407 secs] [Times: user=0.02 sys=0.00, real=0.02 secs] 
2020-03-19T12:38:15.127+0800: 12698.752: [GC (Allocation Failure) 2020-03-19T12:38:15.127+0800: 12698.752: [ParNew: 160292K->2786K(176960K), 0.0174571 secs] 300966K->143483K(367000K), 0.0178283 secs] [Times: user=0.03 sys=0.00, real=0.01 secs] 
2020-03-19T12:38:20.508+0800: 12704.133: [GC (Allocation Failure) 2020-03-19T12:38:20.509+0800: 12704.133: [ParNew: 160098K->3418K(176960K), 0.0217496 secs] 300795K->144136K(367000K), 0.0221095 secs] [Times: user=0.03 sys=0.00, real=0.02 secs] 
2020-03-19T12:38:27.292+0800: 12710.917: [GC (Allocation Failure) 2020-03-19T12:38:27.293+0800: 12710.917: [ParNew: 160730K->1863K(176960K), 0.0199648 secs] 301448K->142595K(367000K), 0.0203512 secs] [Times: user=0.02 sys=0.00, real=0.02 secs] 
2020-03-19T12:38:33.219+0800: 12716.844: [GC (Allocation Failure) 2020-03-19T12:38:33.219+0800: 12716.844: [ParNew: 159175K->2599K(176960K), 0.0256043 secs] 299907K->143346K(367000K), 0.0261151 secs] [Times: user=0.03 sys=0.00, real=0.02 secs] 
2020-03-19T12:38:39.149+0800: 12722.774: [GC (Allocation Failure) 2020-03-19T12:38:39.149+0800: 12722.774: [ParNew: 159906K->2696K(176960K), 0.0203598 secs] 300653K->143468K(367000K), 0.0207336 secs] [Times: user=0.02 sys=0.00, real=0.02 secs] 
2020-03-19T12:38:44.925+0800: 12728.550: [GC (Allocation Failure) 2020-03-19T12:38:44.925+0800: 12728.550: [ParNew: 160008K->3729K(176960K), 0.0224485 secs] 300780K->144519K(367000K), 0.0228227 secs] [Times: user=0.02 sys=0.00, real=0.03 secs] 
2020-03-19T12:38:50.715+0800: 12734.339: [GC (Allocation Failure) 2020-03-19T12:38:50.715+0800: 12734.339: [ParNew: 161041K->3411K(176960K), 0.0149404 secs] 301831K->144226K(367000K), 0.0153710 secs] [Times: user=0.02 sys=0.01, real=0.02 secs] 
2020-03-19T12:38:56.894+0800: 12740.518: [GC (Allocation Failure) 2020-03-19T12:38:56.894+0800: 12740.518: [ParNew: 160723K->2482K(176960K), 0.0215650 secs] 301538K->143318K(367000K), 0.0219223 secs] [Times: user=0.02 sys=0.00, real=0.02 secs] 
2020-03-19T12:39:01.239+0800: 12744.864: [GC (Allocation Failure) 2020-03-19T12:39:01.240+0800: 12744.864: [ParNew: 159794K->2613K(176960K), 0.0315839 secs] 300630K->143464K(367000K), 0.0320347 secs] [Times: user=0.03 sys=0.00, real=0.03 secs] 
2020-03-19T12:39:06.892+0800: 12750.517: [GC (Allocation Failure) 2020-03-19T12:39:06.893+0800: 12750.517: [ParNew: 159925K->2188K(176960K), 0.0130531 secs] 300776K->143060K(367000K), 0.0133744 secs] [Times: user=0.03 sys=0.00, real=0.01 secs] 
2020-03-19T12:39:13.944+0800: 12757.568: [GC (Allocation Failure) 2020-03-19T12:39:13.944+0800: 12757.568: [ParNew: 159500K->2954K(176960K), 0.0293180 secs] 300372K->143847K(367000K), 0.0297624 secs] [Times: user=0.03 sys=0.00, real=0.03 secs] 
2020-03-19T12:39:18.113+0800: 12761.738: [GC (Allocation Failure) 2020-03-19T12:39:18.113+0800: 12761.738: [ParNew: 160266K->2775K(176960K), 0.0144629 secs] 301159K->143690K(367000K), 0.0149127 secs] [Times: user=0.03 sys=0.00, real=0.02 secs] 
2020-03-19T12:39:25.297+0800: 12768.921: [GC (Allocation Failure) 2020-03-19T12:39:25.297+0800: 12768.921: [ParNew: 160087K->2825K(176960K), 0.0212992 secs] 301002K->143758K(367000K), 0.0217315 secs] [Times: user=0.03 sys=0.00, real=0.03 secs] 
2020-03-19T12:39:31.013+0800: 12774.637: [GC (Allocation Failure) 2020-03-19T12:39:31.013+0800: 12774.638: [ParNew: 160137K->3743K(176960K), 0.0294629 secs] 301070K->144688K(367000K), 0.0299361 secs] [Times: user=0.03 sys=0.00, real=0.03 secs] 
2020-03-19T12:39:36.831+0800: 12780.456: [GC (Allocation Failure) 2020-03-19T12:39:36.831+0800: 12780.456: [ParNew: 161055K->2234K(176960K), 0.0164563 secs] 302000K->143198K(367000K), 0.0169230 secs] [Times: user=0.03 sys=0.00, real=0.02 secs] 
2020-03-19T12:39:44.149+0800: 12787.773: [GC (Allocation Failure) 2020-03-19T12:39:44.149+0800: 12787.773: [ParNew: 159546K->2977K(176960K), 0.0213707 secs] 300510K->143962K(367000K), 0.0217884 secs] [Times: user=0.03 sys=0.00, real=0.02 secs] 
2020-03-19T12:39:48.683+0800: 12792.308: [GC (Allocation Failure) 2020-03-19T12:39:48.683+0800: 12792.308: [ParNew: 160289K->2795K(176960K), 0.0136834 secs] 301274K->143800K(367000K), 0.0140381 secs] [Times: user=0.03 sys=0.00, real=0.01 secs] 
2020-03-19T12:39:54.927+0800: 12798.551: [GC (Allocation Failure) 2020-03-19T12:39:54.927+0800: 12798.551: [ParNew: 160107K->2854K(176960K), 0.0141991 secs] 301112K->143877K(367000K), 0.0145270 secs] [Times: user=0.02 sys=0.01, real=0.01 secs] 
2020-03-19T12:40:00.111+0800: 12803.735: [GC (Allocation Failure) 2020-03-19T12:40:00.111+0800: 12803.736: [ParNew: 160166K->2791K(176960K), 0.0190652 secs] 301189K->143832K(367000K), 0.0194730 secs] [Times: user=0.03 sys=0.00, real=0.02 secs] 
2020-03-19T12:40:05.657+0800: 12809.282: [GC (Allocation Failure) 2020-03-19T12:40:05.657+0800: 12809.282: [ParNew: 160103K->2312K(176960K), 0.0147582 secs] 301144K->143371K(367000K), 0.0151379 secs] [Times: user=0.03 sys=0.00, real=0.02 secs] 
2020-03-19T12:40:12.425+0800: 12816.050: [GC (Allocation Failure) 2020-03-19T12:40:12.425+0800: 12816.050: [ParNew: 159624K->2983K(176960K), 0.0172229 secs] 300683K->144063K(367000K), 0.0175891 secs] [Times: user=0.02 sys=0.00, real=0.02 secs] 
2020-03-19T12:40:16.297+0800: 12819.922: [GC (Allocation Failure) 2020-03-19T12:40:16.297+0800: 12819.922: [ParNew: 160295K->2789K(176960K), 0.0140543 secs] 301375K->143892K(367000K), 0.0144152 secs] [Times: user=0.02 sys=0.00, real=0.02 secs] 
2020-03-19T12:40:23.374+0800: 12826.998: [GC (Allocation Failure) 2020-03-19T12:40:23.374+0800: 12826.999: [ParNew: 160101K->2840K(176960K), 0.0297380 secs] 301204K->143963K(367000K), 0.0302632 secs] [Times: user=0.03 sys=0.00, real=0.03 secs] 
2020-03-19T12:40:29.808+0800: 12833.433: [GC (Allocation Failure) 2020-03-19T12:40:29.808+0800: 12833.433: [ParNew: 160152K->3673K(176960K), 0.0154395 secs] 301275K->144811K(367000K), 0.0159425 secs] [Times: user=0.03 sys=0.00, real=0.01 secs] 
2020-03-19T12:40:35.419+0800: 12839.043: [GC (Allocation Failure) 2020-03-19T12:40:35.419+0800: 12839.044: [ParNew: 160985K->3413K(176960K), 0.0229177 secs] 302123K->144567K(367000K), 0.0234450 secs] [Times: user=0.03 sys=0.00, real=0.02 secs] 
2020-03-19T12:40:42.278+0800: 12845.903: [GC (Allocation Failure) 2020-03-19T12:40:42.279+0800: 12845.903: [ParNew: 160725K->2570K(176960K), 0.0142875 secs] 301879K->143749K(367000K), 0.0147207 secs] [Times: user=0.03 sys=0.00, real=0.01 secs] 
2020-03-19T12:40:46.569+0800: 12850.194: [GC (Allocation Failure) 2020-03-19T12:40:46.569+0800: 12850.194: [ParNew: 159882K->3379K(176960K), 0.0149171 secs] 301061K->144582K(367000K), 0.0152723 secs] [Times: user=0.02 sys=0.00, real=0.01 secs] 
2020-03-19T12:40:53.239+0800: 12856.864: [GC (Allocation Failure) 2020-03-19T12:40:53.239+0800: 12856.864: [ParNew: 160691K->2300K(176960K), 0.0227104 secs] 301894K->143523K(367000K), 0.0231565 secs] [Times: user=0.02 sys=0.00, real=0.02 secs] 
2020-03-19T12:40:59.780+0800: 12863.405: [GC (Allocation Failure) 2020-03-19T12:40:59.781+0800: 12863.405: [ParNew: 159612K->3306K(176960K), 0.0149643 secs] 300835K->144549K(367000K), 0.0153907 secs] [Times: user=0.03 sys=0.01, real=0.01 secs] 
2020-03-19T12:41:04.141+0800: 12867.766: [GC (Allocation Failure) 2020-03-19T12:41:04.142+0800: 12867.766: [ParNew: 160618K->2092K(176960K), 0.0310402 secs] 301861K->143353K(367000K), 0.0315612 secs] [Times: user=0.03 sys=0.00, real=0.03 secs] 
2020-03-19T12:41:10.036+0800: 12873.661: [GC (Allocation Failure) 2020-03-19T12:41:10.036+0800: 12873.661: [ParNew: 159404K->1875K(176960K), 0.0216250 secs] 300665K->143158K(367000K), 0.0220208 secs] [Times: user=0.02 sys=0.00, real=0.03 secs] 
2020-03-19T12:41:15.305+0800: 12878.930: [GC (Allocation Failure) 2020-03-19T12:41:15.305+0800: 12878.930: [ParNew: 159187K->2830K(176960K), 0.0161680 secs] 300470K->144131K(367000K), 0.0165454 secs] [Times: user=0.03 sys=0.00, real=0.02 secs] 
2020-03-19T12:41:21.249+0800: 12884.874: [GC (Allocation Failure) 2020-03-19T12:41:21.249+0800: 12884.874: [ParNew: 160142K->2840K(176960K), 0.0148995 secs] 301443K->144163K(367000K), 0.0152738 secs] [Times: user=0.02 sys=0.00, real=0.01 secs] 
2020-03-19T12:41:28.447+0800: 12892.072: [GC (Allocation Failure) 2020-03-19T12:41:28.448+0800: 12892.072: [ParNew: 160152K->2752K(176960K), 0.0256137 secs] 301475K->144091K(367000K), 0.0259876 secs] [Times: user=0.03 sys=0.00, real=0.02 secs] 
2020-03-19T12:41:34.102+0800: 12897.727: [GC (Allocation Failure) 2020-03-19T12:41:34.103+0800: 12897.727: [ParNew: 160064K->2824K(176960K), 0.0233077 secs] 301403K->144178K(367000K), 0.0237342 secs] [Times: user=0.02 sys=0.00, real=0.03 secs] 
2020-03-19T12:41:39.927+0800: 12903.551: [GC (Allocation Failure) 2020-03-19T12:41:39.927+0800: 12903.552: [ParNew: 160136K->2755K(176960K), 0.0247257 secs] 301490K->144129K(367000K), 0.0251157 secs] [Times: user=0.04 sys=0.00, real=0.02 secs] 
2020-03-19T12:41:45.372+0800: 12908.996: [GC (Allocation Failure) 2020-03-19T12:41:45.372+0800: 12908.996: [ParNew: 160067K->2844K(176960K), 0.0145495 secs] 301441K->144236K(367000K), 0.0149452 secs] [Times: user=0.03 sys=0.00, real=0.02 secs] 
2020-03-19T12:41:51.488+0800: 12915.112: [GC (Allocation Failure) 2020-03-19T12:41:51.488+0800: 12915.113: [ParNew: 160156K->2856K(176960K), 0.0232115 secs] 301548K->144271K(367000K), 0.0236749 secs] [Times: user=0.04 sys=0.00, real=0.02 secs] 
2020-03-19T12:41:57.637+0800: 12921.261: [GC (Allocation Failure) 2020-03-19T12:41:57.637+0800: 12921.262: [ParNew: 160168K->2764K(176960K), 0.0179444 secs] 301583K->144199K(367000K), 0.0185147 secs] [Times: user=0.03 sys=0.00, real=0.02 secs] 
2020-03-19T12:42:02.302+0800: 12925.926: [GC (Allocation Failure) 2020-03-19T12:42:02.302+0800: 12925.926: [ParNew: 160076K->2839K(176960K), 0.0205840 secs] 301511K->144292K(367000K), 0.0209831 secs] [Times: user=0.03 sys=0.00, real=0.02 secs] 
2020-03-19T12:42:07.584+0800: 12931.208: [GC (Allocation Failure) 2020-03-19T12:42:07.584+0800: 12931.209: [ParNew: 160151K->2755K(176960K), 0.0202256 secs] 301604K->144229K(367000K), 0.0206110 secs] [Times: user=0.02 sys=0.00, real=0.02 secs] 
2020-03-19T12:42:14.463+0800: 12938.087: [GC (Allocation Failure) 2020-03-19T12:42:14.463+0800: 12938.087: [ParNew: 160067K->2818K(176960K), 0.0149146 secs] 301541K->144309K(367000K), 0.0153124 secs] [Times: user=0.02 sys=0.00, real=0.02 secs] 
2020-03-19T12:42:19.093+0800: 12942.717: [GC (Allocation Failure) 2020-03-19T12:42:19.093+0800: 12942.717: [ParNew: 160130K->2750K(176960K), 0.0136160 secs] 301621K->144264K(367000K), 0.0139804 secs] [Times: user=0.03 sys=0.00, real=0.02 secs] 
2020-03-19T12:42:26.093+0800: 12949.718: [GC (Allocation Failure) 2020-03-19T12:42:26.094+0800: 12949.718: [ParNew: 160062K->2816K(176960K), 0.0221973 secs] 301576K->144353K(367000K), 0.0226706 secs] [Times: user=0.02 sys=0.00, real=0.02 secs] 
2020-03-19T12:42:31.895+0800: 12955.519: [GC (Allocation Failure) 2020-03-19T12:42:31.895+0800: 12955.520: [ParNew: 160128K->2820K(176960K), 0.0146763 secs] 301665K->144369K(367000K), 0.0152076 secs] [Times: user=0.03 sys=0.00, real=0.02 secs] 
2020-03-19T12:42:37.554+0800: 12961.178: [GC (Allocation Failure) 2020-03-19T12:42:37.554+0800: 12961.178: [ParNew: 160132K->2771K(176960K), 0.0233998 secs] 301681K->144341K(367000K), 0.0238686 secs] [Times: user=0.03 sys=0.00, real=0.02 secs] 
2020-03-19T12:42:44.573+0800: 12968.197: [GC (Allocation Failure) 2020-03-19T12:42:44.573+0800: 12968.198: [ParNew: 160083K->2824K(176960K), 0.0210354 secs] 301653K->144413K(367000K), 0.0214250 secs] [Times: user=0.02 sys=0.00, real=0.02 secs] 
2020-03-19T12:42:49.407+0800: 12973.031: [GC (Allocation Failure) 2020-03-19T12:42:49.407+0800: 12973.032: [ParNew: 160136K->2753K(176960K), 0.0242647 secs] 301725K->144365K(367000K), 0.0246699 secs] [Times: user=0.03 sys=0.00, real=0.02 secs] 
2020-03-19T12:42:55.624+0800: 12979.248: [GC (Allocation Failure) 2020-03-19T12:42:55.624+0800: 12979.248: [ParNew: 160065K->2818K(176960K), 0.0194508 secs] 301677K->144450K(367000K), 0.0198417 secs] [Times: user=0.03 sys=0.00, real=0.02 secs] 
2020-03-19T12:43:00.737+0800: 12984.361: [GC (Allocation Failure) 2020-03-19T12:43:00.737+0800: 12984.362: [ParNew: 160130K->2825K(176960K), 0.0146006 secs] 301762K->144475K(367000K), 0.0150524 secs] [Times: user=0.03 sys=0.00, real=0.02 secs] 
2020-03-19T12:43:05.818+0800: 12989.443: [GC (Allocation Failure) 2020-03-19T12:43:05.819+0800: 12989.443: [ParNew: 159948K->3691K(176960K), 0.0171575 secs] 301599K->145361K(367000K), 0.0175368 secs] [Times: user=0.03 sys=0.01, real=0.01 secs] 
2020-03-19T12:43:13.082+0800: 12996.707: [GC (Allocation Failure) 2020-03-19T12:43:13.082+0800: 12996.707: [ParNew: 161003K->2556K(176960K), 0.0226660 secs] 302673K->144246K(367000K), 0.0231002 secs] [Times: user=0.03 sys=0.00, real=0.02 secs] 
2020-03-19T12:43:16.894+0800: 13000.518: [GC (Allocation Failure) 2020-03-19T12:43:16.894+0800: 13000.518: [ParNew: 159868K->2991K(176960K), 0.0218588 secs] 301558K->144701K(367000K), 0.0222634 secs] [Times: user=0.03 sys=0.00, real=0.02 secs] 
2020-03-19T12:43:24.160+0800: 13007.785: [GC (Allocation Failure) 2020-03-19T12:43:24.161+0800: 13007.785: [ParNew: 160303K->2895K(176960K), 0.0276940 secs] 302013K->144625K(367000K), 0.0281670 secs] [Times: user=0.03 sys=0.00, real=0.03 secs] 
2020-03-19T12:43:30.672+0800: 13014.296: [GC (Allocation Failure) 2020-03-19T12:43:30.672+0800: 13014.296: [ParNew: 160207K->2849K(176960K), 0.0145705 secs] 301937K->144593K(367000K), 0.0149740 secs] [Times: user=0.02 sys=0.00, real=0.02 secs] 
2020-03-19T12:43:35.818+0800: 13019.442: [GC (Allocation Failure) 2020-03-19T12:43:35.818+0800: 13019.442: [ParNew: 159311K->6615K(176960K), 0.0149503 secs] 301056K->148374K(367000K), 0.0153160 secs] [Times: user=0.03 sys=0.00, real=0.02 secs] 
2020-03-19T12:43:43.073+0800: 13026.698: [GC (Allocation Failure) 2020-03-19T12:43:43.074+0800: 13026.698: [ParNew: 163927K->2712K(176960K), 0.0148151 secs] 305686K->144494K(367000K), 0.0151935 secs] [Times: user=0.02 sys=0.00, real=0.02 secs] 
2020-03-19T12:43:47.103+0800: 13030.727: [GC (Allocation Failure) 2020-03-19T12:43:47.103+0800: 13030.727: [ParNew: 160024K->3059K(176960K), 0.0244635 secs] 301806K->144860K(367000K), 0.0248954 secs] [Times: user=0.03 sys=0.00, real=0.03 secs] 
2020-03-19T12:43:54.143+0800: 13037.767: [GC (Allocation Failure) 2020-03-19T12:43:54.143+0800: 13037.768: [ParNew: 160371K->2916K(176960K), 0.0291670 secs] 302172K->144739K(367000K), 0.0299438 secs] [Times: user=0.03 sys=0.00, real=0.03 secs] 
2020-03-19T12:44:00.044+0800: 13043.669: [GC (Allocation Failure) 2020-03-19T12:44:00.045+0800: 13043.669: [ParNew: 160228K->3706K(176960K), 0.0180812 secs] 302051K->145546K(367000K), 0.0186375 secs] [Times: user=0.03 sys=0.00, real=0.02 secs] 
2020-03-19T12:44:04.714+0800: 13048.339: [GC (Allocation Failure) 2020-03-19T12:44:04.714+0800: 13048.339: [ParNew: 161018K->2313K(176960K), 0.0228687 secs] 302858K->144170K(367000K), 0.0232586 secs] [Times: user=0.02 sys=0.00, real=0.02 secs] 
2020-03-19T12:44:11.040+0800: 13054.664: [GC (Allocation Failure) 2020-03-19T12:44:11.040+0800: 13054.664: [ParNew: 159625K->2984K(176960K), 0.0146809 secs] 301482K->144867K(367000K), 0.0150606 secs] [Times: user=0.03 sys=0.00, real=0.01 secs] 
2020-03-19T12:44:15.673+0800: 13059.298: [GC (Allocation Failure) 2020-03-19T12:44:15.673+0800: 13059.298: [ParNew: 160296K->2786K(176960K), 0.0235676 secs] 302179K->144687K(367000K), 0.0240737 secs] [Times: user=0.03 sys=0.00, real=0.02 secs] 
2020-03-19T12:44:22.393+0800: 13066.017: [GC (Allocation Failure) 2020-03-19T12:44:22.393+0800: 13066.018: [ParNew: 160098K->2841K(176960K), 0.0148463 secs] 301999K->144762K(367000K), 0.0152626 secs] [Times: user=0.03 sys=0.00, real=0.02 secs] 
2020-03-19T12:44:29.162+0800: 13072.786: [GC (Allocation Failure) 2020-03-19T12:44:29.162+0800: 13072.787: [ParNew: 160153K->2755K(176960K), 0.0285934 secs] 302074K->144696K(367000K), 0.0291732 secs] [Times: user=0.02 sys=0.01, real=0.03 secs] 
2020-03-19T12:44:34.653+0800: 13078.278: [GC (Allocation Failure) 2020-03-19T12:44:34.653+0800: 13078.278: [ParNew: 160067K->2825K(176960K), 0.0190308 secs] 302008K->144781K(367000K), 0.0194192 secs] [Times: user=0.02 sys=0.00, real=0.02 secs] 
2020-03-19T12:44:41.057+0800: 13084.682: [GC (Allocation Failure) 2020-03-19T12:44:41.058+0800: 13084.682: [ParNew: 160137K->2830K(176960K), 0.0147369 secs] 302093K->144811K(367000K), 0.0151047 secs] [Times: user=0.02 sys=0.00, real=0.02 secs] 
2020-03-19T12:44:45.749+0800: 13089.374: [GC (Allocation Failure) 2020-03-19T12:44:45.749+0800: 13089.374: [ParNew: 160142K->2755K(176960K), 0.0204613 secs] 302123K->144753K(367000K), 0.0208436 secs] [Times: user=0.02 sys=0.00, real=0.02 secs] 
2020-03-19T12:44:52.438+0800: 13096.063: [GC (Allocation Failure) 2020-03-19T12:44:52.438+0800: 13096.063: [ParNew: 160067K->3097K(176960K), 0.0172328 secs] 302065K->145122K(367000K), 0.0176663 secs] [Times: user=0.03 sys=0.00, real=0.02 secs] 
2020-03-19T12:44:58.890+0800: 13102.514: [GC (Allocation Failure) 2020-03-19T12:44:58.890+0800: 13102.515: [ParNew: 160409K->2821K(176960K), 0.0188785 secs] 302434K->144865K(367000K), 0.0193749 secs] [Times: user=0.02 sys=0.01, real=0.02 secs] 
2020-03-19T12:45:03.073+0800: 13106.697: [GC (Allocation Failure) 2020-03-19T12:45:03.073+0800: 13106.698: [ParNew: 160133K->2847K(176960K), 0.0145068 secs] 302177K->144906K(367000K), 0.0149080 secs] [Times: user=0.03 sys=0.00, real=0.02 secs] 
2020-03-19T12:45:08.683+0800: 13112.308: [GC (Allocation Failure) 2020-03-19T12:45:08.684+0800: 13112.308: [ParNew: 160159K->2760K(176960K), 0.0138693 secs] 302218K->144841K(367000K), 0.0142752 secs] [Times: user=0.03 sys=0.00, real=0.01 secs] 
2020-03-19T12:45:12.361+0800: 13115.986: [GC (Allocation Failure) 2020-03-19T12:45:12.362+0800: 13115.986: [ParNew: 160072K->5595K(176960K), 0.0737008 secs] 302153K->147694K(367000K), 0.0742036 secs] [Times: user=0.04 sys=0.00, real=0.07 secs] 
2020-03-19T12:45:13.100+0800: 13116.725: [GC (Allocation Failure) 2020-03-19T12:45:13.100+0800: 13116.725: [ParNew: 162907K->12395K(176960K), 0.0743466 secs] 305006K->154516K(367000K), 0.0748172 secs] [Times: user=0.05 sys=0.00, real=0.07 secs] 
2020-03-19T12:45:13.692+0800: 13117.317: [GC (Allocation Failure) 2020-03-19T12:45:13.692+0800: 13117.317: [ParNew: 169707K->15867K(176960K), 0.0747944 secs] 311828K->158008K(367000K), 0.0752402 secs] [Times: user=0.06 sys=0.00, real=0.08 secs] 
2020-03-19T12:45:15.409+0800: 13119.033: [GC (Allocation Failure) 2020-03-19T12:45:15.409+0800: 13119.034: [ParNew: 173179K->9722K(176960K), 0.0161979 secs] 315320K->152632K(367000K), 0.0165721 secs] [Times: user=0.02 sys=0.00, real=0.01 secs] 
2020-03-19T12:45:17.103+0800: 13120.728: [GC (Allocation Failure) 2020-03-19T12:45:17.103+0800: 13120.728: [ParNew: 167034K->11852K(176960K), 0.0630409 secs] 309944K->154763K(367000K), 0.0635373 secs] [Times: user=0.05 sys=0.00, real=0.07 secs] 
2020-03-19T12:45:17.521+0800: 13121.146: [GC (Allocation Failure) 2020-03-19T12:45:17.522+0800: 13121.146: [ParNew: 169164K->9356K(176960K), 0.0481606 secs] 312075K->156473K(367000K), 0.0485933 secs] [Times: user=0.06 sys=0.01, real=0.05 secs] 
2020-03-19T12:45:18.005+0800: 13121.630: [GC (Allocation Failure) 2020-03-19T12:45:18.006+0800: 13121.630: [ParNew: 166668K->14210K(176960K), 0.0633434 secs] 313785K->161327K(367000K), 0.0637611 secs] [Times: user=0.04 sys=0.00, real=0.07 secs] 
2020-03-19T12:45:21.667+0800: 13125.291: [GC (Allocation Failure) 2020-03-19T12:45:21.667+0800: 13125.291: [ParNew: 171522K->5701K(176960K), 0.0231077 secs] 318639K->157415K(367000K), 0.0235321 secs] [Times: user=0.03 sys=0.00, real=0.02 secs] 
2020-03-19T12:45:27.574+0800: 13131.198: [GC (Allocation Failure) 2020-03-19T12:45:27.574+0800: 13131.199: [ParNew: 163013K->2852K(176960K), 0.0301942 secs] 314727K->154565K(367000K), 0.0307736 secs] [Times: user=0.02 sys=0.00, real=0.03 secs] 
2020-03-19T12:45:33.197+0800: 13136.821: [GC (Allocation Failure) 2020-03-19T12:45:33.197+0800: 13136.822: [ParNew: 160164K->3644K(176960K), 0.0222340 secs] 311877K->155358K(367000K), 0.0227471 secs] [Times: user=0.03 sys=0.00, real=0.03 secs] 
2020-03-19T12:45:39.151+0800: 13142.775: [GC (Allocation Failure) 2020-03-19T12:45:39.151+0800: 13142.776: [ParNew: 160956K->3574K(176960K), 0.0146029 secs] 312670K->155288K(367000K), 0.0149995 secs] [Times: user=0.03 sys=0.00, real=0.01 secs] 
2020-03-19T12:45:44.811+0800: 13148.435: [GC (Allocation Failure) 2020-03-19T12:45:44.811+0800: 13148.435: [ParNew: 160886K->3996K(176960K), 0.0168411 secs] 312600K->155709K(367000K), 0.0172381 secs] [Times: user=0.04 sys=0.00, real=0.02 secs] 
2020-03-19T12:45:50.670+0800: 13154.295: [GC (Allocation Failure) 2020-03-19T12:45:50.670+0800: 13154.295: [ParNew: 161308K->5153K(176960K), 0.0157308 secs] 313021K->156866K(367000K), 0.0161284 secs] [Times: user=0.03 sys=0.00, real=0.02 secs] 
2020-03-19T12:45:56.896+0800: 13160.521: [GC (Allocation Failure) 2020-03-19T12:45:56.897+0800: 13160.521: [ParNew: 162465K->5061K(176960K), 0.0147888 secs] 314178K->156774K(367000K), 0.0151068 secs] [Times: user=0.03 sys=0.00, real=0.02 secs] 
2020-03-19T12:46:00.774+0800: 13164.399: [GC (Allocation Failure) 2020-03-19T12:46:00.774+0800: 13164.399: [ParNew: 162373K->4867K(176960K), 0.0164931 secs] 314086K->156581K(367000K), 0.0168824 secs] [Times: user=0.03 sys=0.00, real=0.02 secs] 
2020-03-19T12:46:06.095+0800: 13169.719: [GC (Allocation Failure) 2020-03-19T12:46:06.095+0800: 13169.719: [ParNew: 162179K->5301K(176960K), 0.0161558 secs] 313893K->157014K(367000K), 0.0166439 secs] [Times: user=0.03 sys=0.00, real=0.02 secs] 
2020-03-19T12:46:13.240+0800: 13176.864: [GC (Allocation Failure) 2020-03-19T12:46:13.240+0800: 13176.865: [ParNew: 162613K->5036K(176960K), 0.0173194 secs] 314326K->156749K(367000K), 0.0177130 secs] [Times: user=0.02 sys=0.00, real=0.01 secs] 
2020-03-19T12:46:17.264+0800: 13180.889: [GC (Allocation Failure) 2020-03-19T12:46:17.264+0800: 13180.889: [ParNew: 162348K->4864K(176960K), 0.0154599 secs] 314061K->156578K(367000K), 0.0158787 secs] [Times: user=0.03 sys=0.00, real=0.02 secs] 
2020-03-19T12:46:24.431+0800: 13188.055: [GC (Allocation Failure) 2020-03-19T12:46:24.431+0800: 13188.055: [ParNew: 162176K->6490K(176960K), 0.0284376 secs] 313890K->158204K(367000K), 0.0288911 secs] [Times: user=0.04 sys=0.00, real=0.03 secs] 
2020-03-19T12:46:30.739+0800: 13194.364: [GC (Allocation Failure) 2020-03-19T12:46:30.740+0800: 13194.364: [ParNew: 163802K->3957K(176960K), 0.0163742 secs] 315516K->155671K(367000K), 0.0167589 secs] [Times: user=0.03 sys=0.00, real=0.01 secs] 
2020-03-19T12:46:35.815+0800: 13199.440: [GC (Allocation Failure) 2020-03-19T12:46:35.815+0800: 13199.440: [ParNew: 161269K->5115K(176960K), 0.0156800 secs] 312983K->156828K(367000K), 0.0160097 secs] [Times: user=0.03 sys=0.00, real=0.02 secs] 
2020-03-19T12:46:42.632+0800: 13206.257: [GC (Allocation Failure) 2020-03-19T12:46:42.632+0800: 13206.257: [ParNew: 162427K->4880K(176960K), 0.0350837 secs] 314140K->156853K(367000K), 0.0355491 secs] [Times: user=0.03 sys=0.00, real=0.04 secs] 
2020-03-19T12:46:46.576+0800: 13210.201: [GC (Allocation Failure) 2020-03-19T12:46:46.576+0800: 13210.201: [ParNew: 162192K->4734K(176960K), 0.0569296 secs] 314165K->157082K(367000K), 0.0574206 secs] [Times: user=0.03 sys=0.00, real=0.06 secs] 
2020-03-19T12:46:46.644+0800: 13210.269: [GC (CMS Initial Mark) [1 CMS-initial-mark: 152347K(190040K)] 158613K(367000K), 0.0128173 secs] [Times: user=0.01 sys=0.00, real=0.01 secs] 
2020-03-19T12:46:46.657+0800: 13210.282: [CMS-concurrent-mark-start]
2020-03-19T12:46:46.842+0800: 13210.466: [CMS-concurrent-mark: 0.184/0.184 secs] [Times: user=0.21 sys=0.00, real=0.19 secs] 
2020-03-19T12:46:46.842+0800: 13210.466: [CMS-concurrent-preclean-start]
2020-03-19T12:46:46.846+0800: 13210.471: [CMS-concurrent-preclean: 0.004/0.004 secs] [Times: user=0.00 sys=0.00, real=0.01 secs] 
2020-03-19T12:46:46.847+0800: 13210.471: [CMS-concurrent-abortable-preclean-start]
2020-03-19T12:46:49.498+0800: 13213.123: [CMS-concurrent-abortable-preclean: 1.450/2.652 secs] [Times: user=1.64 sys=0.05, real=2.65 secs] 
2020-03-19T12:46:49.501+0800: 13213.125: [GC (CMS Final Remark) [YG occupancy: 86769 K (176960 K)]2020-03-19T12:46:49.501+0800: 13213.125: [Rescan (parallel) , 0.0380346 secs]2020-03-19T12:46:49.539+0800: 13213.163: [weak refs processing, 0.0012257 secs]2020-03-19T12:46:49.540+0800: 13213.165: [class unloading, 0.0424468 secs]2020-03-19T12:46:49.583+0800: 13213.207: [scrub symbol table, 0.0301345 secs]2020-03-19T12:46:49.613+0800: 13213.237: [scrub string table, 0.0028659 secs][1 CMS-remark: 152347K(190040K)] 239117K(367000K), 0.1151314 secs] [Times: user=0.15 sys=0.00, real=0.11 secs] 
2020-03-19T12:46:49.617+0800: 13213.241: [CMS-concurrent-sweep-start]
2020-03-19T12:46:49.714+0800: 13213.338: [CMS-concurrent-sweep: 0.097/0.097 secs] [Times: user=0.09 sys=0.01, real=0.10 secs] 
2020-03-19T12:46:49.714+0800: 13213.339: [CMS-concurrent-reset-start]
2020-03-19T12:46:49.715+0800: 13213.340: [CMS-concurrent-reset: 0.001/0.001 secs] [Times: user=0.00 sys=0.00, real=0.00 secs] 
2020-03-19T12:46:52.634+0800: 13216.259: [GC (Allocation Failure) 2020-03-19T12:46:52.635+0800: 13216.259: [ParNew: 162046K->2834K(176960K), 0.0377393 secs] 270764K->111880K(367000K), 0.0384225 secs] [Times: user=0.04 sys=0.00, real=0.04 secs] 
2020-03-19T12:46:58.797+0800: 13222.421: [GC (Allocation Failure) 2020-03-19T12:46:58.797+0800: 13222.421: [ParNew: 160146K->1899K(176960K), 0.0151607 secs] 269192K->110954K(367000K), 0.0155822 secs] [Times: user=0.03 sys=0.00, real=0.02 secs] 
2020-03-19T12:47:03.046+0800: 13226.670: [GC (Allocation Failure) 2020-03-19T12:47:03.046+0800: 13226.670: [ParNew: 159211K->2661K(176960K), 0.0138913 secs] 268266K->111717K(367000K), 0.0142754 secs] [Times: user=0.02 sys=0.00, real=0.02 secs] 
2020-03-19T12:47:08.546+0800: 13232.170: [GC (Allocation Failure) 2020-03-19T12:47:08.546+0800: 13232.171: [ParNew: 159973K->2524K(176960K), 0.0234466 secs] 269029K->111583K(367000K), 0.0239503 secs] [Times: user=0.02 sys=0.01, real=0.03 secs] 
2020-03-19T12:47:14.459+0800: 13238.083: [GC (Allocation Failure) 2020-03-19T12:47:14.459+0800: 13238.083: [ParNew: 159836K->2593K(176960K), 0.0169232 secs] 268895K->111657K(367000K), 0.0173710 secs] [Times: user=0.03 sys=0.00, real=0.01 secs] 
2020-03-19T12:47:18.601+0800: 13242.226: [GC (Allocation Failure) 2020-03-19T12:47:18.601+0800: 13242.226: [ParNew: 159905K->2522K(176960K), 0.0271861 secs] 268969K->111586K(367000K), 0.0278008 secs] [Times: user=0.02 sys=0.00, real=0.03 secs] 
2020-03-19T12:47:25.353+0800: 13248.978: [GC (Allocation Failure) 2020-03-19T12:47:25.354+0800: 13248.978: [ParNew: 159834K->2598K(176960K), 0.0257836 secs] 268898K->111669K(367000K), 0.0261694 secs] [Times: user=0.03 sys=0.00, real=0.03 secs] 
2020-03-19T12:47:30.762+0800: 13254.387: [GC (Allocation Failure) 2020-03-19T12:47:30.762+0800: 13254.387: [ParNew: 159910K->3437K(176960K), 0.0167470 secs] 268981K->112510K(367000K), 0.0171164 secs] [Times: user=0.01 sys=0.01, real=0.02 secs] 
2020-03-19T12:47:36.094+0800: 13259.719: [GC (Allocation Failure) 2020-03-19T12:47:36.094+0800: 13259.719: [ParNew: 160749K->2336K(176960K), 0.0134179 secs] 269822K->111410K(367000K), 0.0138970 secs] [Times: user=0.03 sys=0.00, real=0.02 secs] 
2020-03-19T12:47:43.633+0800: 13267.258: [GC (Allocation Failure) 2020-03-19T12:47:43.633+0800: 13267.258: [ParNew: 159648K->2411K(176960K), 0.0196789 secs] 268722K->111489K(367000K), 0.0201453 secs] [Times: user=0.02 sys=0.00, real=0.02 secs] 
2020-03-19T12:47:47.640+0800: 13271.264: [GC (Allocation Failure) 2020-03-19T12:47:47.640+0800: 13271.265: [ParNew: 159723K->2476K(176960K), 0.0138676 secs] 268801K->111555K(367000K), 0.0142300 secs] [Times: user=0.03 sys=0.00, real=0.01 secs] 
2020-03-19T12:47:54.453+0800: 13278.078: [GC (Allocation Failure) 2020-03-19T12:47:54.454+0800: 13278.078: [ParNew: 159788K->2602K(176960K), 0.0152346 secs] 268867K->111681K(367000K), 0.0156302 secs] [Times: user=0.02 sys=0.00, real=0.02 secs] 
2020-03-19T12:48:00.053+0800: 13283.678: [GC (Allocation Failure) 2020-03-19T12:48:00.054+0800: 13283.678: [ParNew: 159914K->3383K(176960K), 0.0371635 secs] 268993K->112462K(367000K), 0.0376828 secs] [Times: user=0.02 sys=0.01, real=0.04 secs] 
2020-03-19T12:48:05.223+0800: 13288.848: [GC (Allocation Failure) 2020-03-19T12:48:05.224+0800: 13288.848: [ParNew: 160695K->2155K(176960K), 0.0145383 secs] 269774K->111236K(367000K), 0.0149430 secs] [Times: user=0.02 sys=0.00, real=0.02 secs] 
2020-03-19T12:48:11.038+0800: 13294.662: [GC (Allocation Failure) 2020-03-19T12:48:11.038+0800: 13294.662: [ParNew: 159467K->1852K(176960K), 0.0147861 secs] 268548K->110936K(367000K), 0.0151396 secs] [Times: user=0.03 sys=0.00, real=0.02 secs] 
2020-03-19T12:48:15.335+0800: 13298.959: [GC (Allocation Failure) 2020-03-19T12:48:15.335+0800: 13298.960: [ParNew: 159164K->2559K(176960K), 0.0150524 secs] 268248K->111646K(367000K), 0.0155388 secs] [Times: user=0.03 sys=0.00, real=0.02 secs] 
2020-03-19T12:48:20.864+0800: 13304.488: [GC (Allocation Failure) 2020-03-19T12:48:20.864+0800: 13304.489: [ParNew: 159871K->2619K(176960K), 0.0196877 secs] 268958K->111707K(367000K), 0.0200769 secs] [Times: user=0.02 sys=0.00, real=0.02 secs] 
2020-03-19T12:48:26.793+0800: 13310.417: [GC (Allocation Failure) 2020-03-19T12:48:26.793+0800: 13310.418: [ParNew: 159931K->2581K(176960K), 0.0148657 secs] 269019K->111674K(367000K), 0.0152016 secs] [Times: user=0.03 sys=0.00, real=0.02 secs] 
2020-03-19T12:48:32.631+0800: 13316.255: [GC (Allocation Failure) 2020-03-19T12:48:32.631+0800: 13316.255: [ParNew: 159893K->2663K(176960K), 0.0236324 secs] 268986K->111769K(367000K), 0.0240132 secs] [Times: user=0.02 sys=0.00, real=0.02 secs] 
2020-03-19T12:48:38.655+0800: 13322.279: [GC (Allocation Failure) 2020-03-19T12:48:38.655+0800: 13322.280: [ParNew: 159975K->2581K(176960K), 0.0226932 secs] 269081K->111691K(367000K), 0.0230881 secs] [Times: user=0.03 sys=0.00, real=0.03 secs] 
2020-03-19T12:48:44.835+0800: 13328.459: [GC (Allocation Failure) 2020-03-19T12:48:44.835+0800: 13328.460: [ParNew: 159893K->3503K(176960K), 0.0251848 secs] 269003K->112617K(367000K), 0.0258597 secs] [Times: user=0.02 sys=0.00, real=0.03 secs] 
2020-03-19T12:48:49.699+0800: 13333.323: [GC (Allocation Failure) 2020-03-19T12:48:49.699+0800: 13333.323: [ParNew: 160815K->2050K(176960K), 0.0245370 secs] 269929K->111166K(367000K), 0.0249137 secs] [Times: user=0.02 sys=0.00, real=0.02 secs] 
2020-03-19T12:48:56.116+0800: 13339.740: [GC (Allocation Failure) 2020-03-19T12:48:56.116+0800: 13339.741: [ParNew: 159362K->2814K(176960K), 0.0262517 secs] 268478K->111970K(367000K), 0.0268441 secs] [Times: user=0.03 sys=0.00, real=0.03 secs] 
2020-03-19T12:49:00.758+0800: 13344.383: [GC (Allocation Failure) 2020-03-19T12:49:00.758+0800: 13344.383: [ParNew: 160126K->2690K(176960K), 0.0231473 secs] 269282K->111846K(367000K), 0.0236046 secs] [Times: user=0.02 sys=0.00, real=0.02 secs] 
2020-03-19T12:49:05.817+0800: 13349.442: [GC (Allocation Failure) 2020-03-19T12:49:05.817+0800: 13349.442: [ParNew: 159291K->4192K(176960K), 0.0140581 secs] 268447K->113349K(367000K), 0.0143914 secs] [Times: user=0.03 sys=0.00, real=0.02 secs] 
2020-03-19T12:49:12.631+0800: 13356.255: [GC (Allocation Failure) 2020-03-19T12:49:12.631+0800: 13356.255: [ParNew: 161504K->2032K(176960K), 0.0139282 secs] 270661K->111193K(367000K), 0.0143533 secs] [Times: user=0.02 sys=0.00, real=0.01 secs] 
2020-03-19T12:49:16.606+0800: 13360.231: [GC (Allocation Failure) 2020-03-19T12:49:16.606+0800: 13360.231: [ParNew: 159344K->1749K(176960K), 0.0167025 secs] 268505K->110911K(367000K), 0.0171672 secs] [Times: user=0.03 sys=0.00, real=0.02 secs] 
2020-03-19T12:49:23.336+0800: 13366.960: [GC (Allocation Failure) 2020-03-19T12:49:23.336+0800: 13366.960: [ParNew: 159061K->2637K(176960K), 0.0272439 secs] 268223K->111801K(367000K), 0.0278237 secs] [Times: user=0.03 sys=0.00, real=0.03 secs] 
2020-03-19T12:49:29.106+0800: 13372.731: [GC (Allocation Failure) 2020-03-19T12:49:29.106+0800: 13372.731: [ParNew: 159949K->2542K(176960K), 0.0155322 secs] 269113K->111706K(367000K), 0.0159116 secs] [Times: user=0.02 sys=0.01, real=0.01 secs] 
2020-03-19T12:49:34.152+0800: 13377.776: [GC (Allocation Failure) 2020-03-19T12:49:34.152+0800: 13377.777: [ParNew: 159854K->2706K(176960K), 0.0208291 secs] 269018K->111872K(367000K), 0.0212023 secs] [Times: user=0.03 sys=0.00, real=0.02 secs] 
2020-03-19T12:49:40.704+0800: 13384.329: [GC (Allocation Failure) 2020-03-19T12:49:40.705+0800: 13384.329: [ParNew: 160018K->1813K(176960K), 0.0135975 secs] 269184K->110983K(367000K), 0.0139635 secs] [Times: user=0.02 sys=0.00, real=0.02 secs] 
2020-03-19T12:49:45.736+0800: 13389.361: [GC (Allocation Failure) 2020-03-19T12:49:45.736+0800: 13389.361: [ParNew: 159125K->2532K(176960K), 0.0137540 secs] 268295K->111706K(367000K), 0.0141182 secs] [Times: user=0.03 sys=0.00, real=0.02 secs] 
2020-03-19T12:49:51.758+0800: 13395.382: [GC (Allocation Failure) 2020-03-19T12:49:51.758+0800: 13395.383: [ParNew: 159844K->1840K(176960K), 0.0151111 secs] 269018K->111064K(367000K), 0.0155131 secs] [Times: user=0.02 sys=0.00, real=0.02 secs] 
2020-03-19T12:49:57.743+0800: 13401.367: [GC (Allocation Failure) 2020-03-19T12:49:57.743+0800: 13401.368: [ParNew: 159152K->2544K(176960K), 0.0276854 secs] 268376K->111768K(367000K), 0.0280585 secs] [Times: user=0.03 sys=0.00, real=0.03 secs] 
2020-03-19T12:50:01.843+0800: 13405.467: [GC (Allocation Failure) 2020-03-19T12:50:01.843+0800: 13405.467: [ParNew: 159856K->2639K(176960K), 0.0137464 secs] 269080K->111864K(367000K), 0.0141119 secs] [Times: user=0.02 sys=0.00, real=0.01 secs] 
2020-03-19T12:50:06.831+0800: 13410.456: [GC (Allocation Failure) 2020-03-19T12:50:06.831+0800: 13410.456: [ParNew: 159951K->2532K(176960K), 0.0153400 secs] 269176K->111760K(367000K), 0.0157581 secs] [Times: user=0.03 sys=0.00, real=0.02 secs] 
2020-03-19T12:50:13.656+0800: 13417.281: [GC (Allocation Failure) 2020-03-19T12:50:13.657+0800: 13417.281: [ParNew: 159844K->2577K(176960K), 0.0143260 secs] 269072K->111809K(367000K), 0.0146823 secs] [Times: user=0.03 sys=0.00, real=0.02 secs] 
2020-03-19T12:50:17.636+0800: 13421.261: [GC (Allocation Failure) 2020-03-19T12:50:17.636+0800: 13421.261: [ParNew: 159889K->2504K(176960K), 0.0210667 secs] 269121K->111737K(367000K), 0.0214287 secs] [Times: user=0.02 sys=0.00, real=0.02 secs] 
2020-03-19T12:50:24.408+0800: 13428.033: [GC (Allocation Failure) 2020-03-19T12:50:24.408+0800: 13428.033: [ParNew: 159816K->2586K(176960K), 0.0145744 secs] 269049K->111821K(367000K), 0.0149686 secs] [Times: user=0.03 sys=0.00, real=0.01 secs] 
2020-03-19T12:50:30.359+0800: 13433.984: [GC (Allocation Failure) 2020-03-19T12:50:30.360+0800: 13433.984: [ParNew: 159898K->2527K(176960K), 0.0154333 secs] 269133K->111764K(367000K), 0.0157714 secs] [Times: user=0.03 sys=0.00, real=0.01 secs] 
2020-03-19T12:50:35.623+0800: 13439.248: [GC (Allocation Failure) 2020-03-19T12:50:35.623+0800: 13439.248: [ParNew: 159839K->2589K(176960K), 0.0254501 secs] 269076K->111828K(367000K), 0.0259852 secs] [Times: user=0.03 sys=0.00, real=0.03 secs] 
2020-03-19T12:50:42.570+0800: 13446.195: [GC (Allocation Failure) 2020-03-19T12:50:42.571+0800: 13446.195: [ParNew: 159901K->2578K(176960K), 0.0268126 secs] 269140K->111822K(367000K), 0.0271876 secs] [Times: user=0.03 sys=0.00, real=0.02 secs] 
2020-03-19T12:50:46.576+0800: 13450.200: [GC (Allocation Failure) 2020-03-19T12:50:46.576+0800: 13450.201: [ParNew: 159890K->2497K(176960K), 0.0145780 secs] 269134K->111750K(367000K), 0.0149434 secs] [Times: user=0.03 sys=0.00, real=0.02 secs] 
2020-03-19T12:50:53.421+0800: 13457.046: [GC (Allocation Failure) 2020-03-19T12:50:53.422+0800: 13457.046: [ParNew: 159809K->2569K(176960K), 0.0153909 secs] 269062K->111823K(367000K), 0.0158545 secs] [Times: user=0.03 sys=0.00, real=0.01 secs] 
2020-03-19T12:50:59.800+0800: 13463.424: [GC (Allocation Failure) 2020-03-19T12:50:59.800+0800: 13463.424: [ParNew: 159881K->3316K(176960K), 0.0147694 secs] 269135K->112572K(367000K), 0.0151346 secs] [Times: user=0.03 sys=0.00, real=0.01 secs] 
2020-03-19T12:51:03.672+0800: 13467.297: [GC (Allocation Failure) 2020-03-19T12:51:03.672+0800: 13467.297: [ParNew: 160628K->2116K(176960K), 0.0144431 secs] 269884K->111371K(367000K), 0.0147978 secs] [Times: user=0.03 sys=0.00, real=0.02 secs] 
2020-03-19T12:51:08.790+0800: 13472.414: [GC (Allocation Failure) 2020-03-19T12:51:08.790+0800: 13472.414: [ParNew: 159428K->2627K(176960K), 0.0132613 secs] 268683K->111886K(367000K), 0.0136482 secs] [Times: user=0.02 sys=0.00, real=0.01 secs] 
2020-03-19T12:51:14.695+0800: 13478.320: [GC (Allocation Failure) 2020-03-19T12:51:14.696+0800: 13478.320: [ParNew: 159939K->2592K(176960K), 0.0316668 secs] 269198K->111852K(367000K), 0.0322660 secs] [Times: user=0.04 sys=0.00, real=0.04 secs] 
2020-03-19T12:51:18.735+0800: 13482.359: [GC (Allocation Failure) 2020-03-19T12:51:18.735+0800: 13482.359: [ParNew: 159904K->2556K(176960K), 0.0146109 secs] 269164K->111818K(367000K), 0.0149861 secs] [Times: user=0.03 sys=0.00, real=0.02 secs] 
2020-03-19T12:51:25.632+0800: 13489.256: [GC (Allocation Failure) 2020-03-19T12:51:25.632+0800: 13489.256: [ParNew: 159868K->2580K(176960K), 0.0234993 secs] 269130K->111842K(367000K), 0.0239152 secs] [Times: user=0.02 sys=0.00, real=0.02 secs] 
2020-03-19T12:51:31.467+0800: 13495.091: [GC (Allocation Failure) 2020-03-19T12:51:31.467+0800: 13495.091: [ParNew: 160117K->2577K(176960K), 0.0135418 secs] 269379K->111840K(367000K), 0.0138605 secs] [Times: user=0.03 sys=0.00, real=0.01 secs] 
2020-03-19T12:51:31.483+0800: 13495.107: [GC (GCLocker Initiated GC) 2020-03-19T12:51:31.483+0800: 13495.107: [ParNew: 3942K->2522K(176960K), 0.0132680 secs] 113205K->111785K(367000K), 0.0134941 secs] [Times: user=0.02 sys=0.00, real=0.01 secs] 
2020-03-19T12:51:37.452+0800: 13501.076: [GC (Allocation Failure) 2020-03-19T12:51:37.452+0800: 13501.076: [ParNew: 159834K->1735K(176960K), 0.0130050 secs] 269097K->111002K(367000K), 0.0133736 secs] [Times: user=0.02 sys=0.00, real=0.01 secs] 
2020-03-19T12:51:44.453+0800: 13508.077: [GC (Allocation Failure) 2020-03-19T12:51:44.453+0800: 13508.077: [ParNew: 159047K->2589K(176960K), 0.0199263 secs] 268314K->111857K(367000K), 0.0203326 secs] [Times: user=0.02 sys=0.00, real=0.02 secs] 
2020-03-19T12:51:49.126+0800: 13512.751: [GC (Allocation Failure) 2020-03-19T12:51:49.127+0800: 13512.751: [ParNew: 159901K->2500K(176960K), 0.0252440 secs] 269169K->111768K(367000K), 0.0258095 secs] [Times: user=0.03 sys=0.00, real=0.02 secs] 
2020-03-19T12:51:55.478+0800: 13519.102: [GC (Allocation Failure) 2020-03-19T12:51:55.478+0800: 13519.103: [ParNew: 159812K->2568K(176960K), 0.0138508 secs] 269080K->111838K(367000K), 0.0142130 secs] [Times: user=0.03 sys=0.00, real=0.02 secs] 
2020-03-19T12:52:00.740+0800: 13524.364: [GC (Allocation Failure) 2020-03-19T12:52:00.740+0800: 13524.364: [ParNew: 159880K->2573K(176960K), 0.0207327 secs] 269150K->111844K(367000K), 0.0212082 secs] [Times: user=0.03 sys=0.00, real=0.02 secs] 
2020-03-19T12:52:05.817+0800: 13529.442: [GC (Allocation Failure) 2020-03-19T12:52:05.817+0800: 13529.442: [ParNew: 159036K->4481K(176960K), 0.0171815 secs] 268308K->113757K(367000K), 0.0175697 secs] [Times: user=0.03 sys=0.00, real=0.02 secs] 
2020-03-19T12:52:12.794+0800: 13536.418: [GC (Allocation Failure) 2020-03-19T12:52:12.794+0800: 13536.418: [ParNew: 161793K->1890K(176960K), 0.0315285 secs] 271069K->111168K(367000K), 0.0319868 secs] [Times: user=0.03 sys=0.01, real=0.03 secs] 
2020-03-19T12:52:16.584+0800: 13540.208: [GC (Allocation Failure) 2020-03-19T12:52:16.584+0800: 13540.208: [ParNew: 159202K->2545K(176960K), 0.0139047 secs] 268480K->111824K(367000K), 0.0142450 secs] [Times: user=0.03 sys=0.00, real=0.01 secs] 
2020-03-19T12:52:23.933+0800: 13547.558: [GC (Allocation Failure) 2020-03-19T12:52:23.934+0800: 13547.558: [ParNew: 159857K->2591K(176960K), 0.0138131 secs] 269136K->111903K(367000K), 0.0142786 secs] [Times: user=0.03 sys=0.00, real=0.02 secs] 
2020-03-19T12:52:30.067+0800: 13553.691: [GC (Allocation Failure) 2020-03-19T12:52:30.067+0800: 13553.691: [ParNew: 159903K->2463K(176960K), 0.0195498 secs] 269215K->111777K(367000K), 0.0199968 secs] [Times: user=0.02 sys=0.00, real=0.02 secs] 
2020-03-19T12:52:35.815+0800: 13559.439: [GC (Allocation Failure) 2020-03-19T12:52:35.815+0800: 13559.440: [ParNew: 159643K->3109K(176960K), 0.0146516 secs] 268957K->112428K(367000K), 0.0150758 secs] [Times: user=0.03 sys=0.00, real=0.02 secs] 
2020-03-19T12:52:42.853+0800: 13566.478: [GC (Allocation Failure) 2020-03-19T12:52:42.854+0800: 13566.478: [ParNew: 160421K->2014K(176960K), 0.0160144 secs] 269740K->111368K(367000K), 0.0164986 secs] [Times: user=0.02 sys=0.01, real=0.02 secs] 
2020-03-19T12:52:46.894+0800: 13570.519: [GC (Allocation Failure) 2020-03-19T12:52:46.894+0800: 13570.519: [ParNew: 159326K->2517K(176960K), 0.0155057 secs] 268680K->111872K(367000K), 0.0159462 secs] [Times: user=0.02 sys=0.01, real=0.02 secs] 
2020-03-19T12:52:53.695+0800: 13577.319: [GC (Allocation Failure) 2020-03-19T12:52:53.695+0800: 13577.319: [ParNew: 159829K->2515K(176960K), 0.0230735 secs] 269184K->111871K(367000K), 0.0234403 secs] [Times: user=0.02 sys=0.00, real=0.03 secs] 
2020-03-19T12:52:59.884+0800: 13583.508: [GC (Allocation Failure) 2020-03-19T12:52:59.884+0800: 13583.508: [ParNew: 159827K->2416K(176960K), 0.0143930 secs] 269183K->111772K(367000K), 0.0147401 secs] [Times: user=0.03 sys=0.00, real=0.02 secs] 
2020-03-19T12:53:04.456+0800: 13588.081: [GC (Allocation Failure) 2020-03-19T12:53:04.456+0800: 13588.081: [ParNew: 159728K->2071K(176960K), 0.0228449 secs] 269084K->111427K(367000K), 0.0232141 secs] [Times: user=0.03 sys=0.00, real=0.03 secs] 
2020-03-19T12:53:10.712+0800: 13594.337: [GC (Allocation Failure) 2020-03-19T12:53:10.713+0800: 13594.337: [ParNew: 159383K->2548K(176960K), 0.0185294 secs] 268739K->111907K(367000K), 0.0190109 secs] [Times: user=0.02 sys=0.00, real=0.02 secs] 
2020-03-19T12:53:15.548+0800: 13599.173: [GC (Allocation Failure) 2020-03-19T12:53:15.549+0800: 13599.173: [ParNew: 159860K->2508K(176960K), 0.0208392 secs] 269219K->111869K(367000K), 0.0212238 secs] [Times: user=0.02 sys=0.00, real=0.02 secs] 
2020-03-19T12:53:21.890+0800: 13605.514: [GC (Allocation Failure) 2020-03-19T12:53:21.890+0800: 13605.515: [ParNew: 159820K->2506K(176960K), 0.0140226 secs] 269181K->111868K(367000K), 0.0144400 secs] [Times: user=0.01 sys=0.01, real=0.01 secs] 
2020-03-19T12:53:28.860+0800: 13612.484: [GC (Allocation Failure) 2020-03-19T12:53:28.860+0800: 13612.484: [ParNew: 159814K->2419K(176960K), 0.0223949 secs] 269176K->111781K(367000K), 0.0228048 secs] [Times: user=0.02 sys=0.00, real=0.02 secs] 
2020-03-19T12:53:34.106+0800: 13617.730: [GC (Allocation Failure) 2020-03-19T12:53:34.106+0800: 13617.731: [ParNew: 159731K->2485K(176960K), 0.0137705 secs] 269093K->111848K(367000K), 0.0142033 secs] [Times: user=0.03 sys=0.00, real=0.02 secs] 
2020-03-19T12:53:40.437+0800: 13624.062: [GC (Allocation Failure) 2020-03-19T12:53:40.437+0800: 13624.062: [ParNew: 159796K->2415K(176960K), 0.0149191 secs] 269159K->111779K(367000K), 0.0152652 secs] [Times: user=0.03 sys=0.00, real=0.02 secs] 
2020-03-19T12:53:45.716+0800: 13629.341: [GC (Allocation Failure) 2020-03-19T12:53:45.717+0800: 13629.341: [ParNew: 159727K->3287K(176960K), 0.0210220 secs] 269091K->112657K(367000K), 0.0214676 secs] [Times: user=0.02 sys=0.00, real=0.02 secs] 
2020-03-19T12:53:51.892+0800: 13635.517: [GC (Allocation Failure) 2020-03-19T12:53:51.892+0800: 13635.517: [ParNew: 160599K->2096K(176960K), 0.0145661 secs] 269969K->111468K(367000K), 0.0149517 secs] [Times: user=0.03 sys=0.00, real=0.02 secs] 
2020-03-19T12:53:58.224+0800: 13641.848: [GC (Allocation Failure) 2020-03-19T12:53:58.224+0800: 13641.848: [ParNew: 159408K->2935K(176960K), 0.0137775 secs] 268780K->112307K(367000K), 0.0142261 secs] [Times: user=0.02 sys=0.00, real=0.01 secs] 
2020-03-19T12:54:02.634+0800: 13646.259: [GC (Allocation Failure) 2020-03-19T12:54:02.634+0800: 13646.259: [ParNew: 160247K->2013K(176960K), 0.0139748 secs] 269619K->111386K(367000K), 0.0143311 secs] [Times: user=0.02 sys=0.01, real=0.02 secs] 
2020-03-19T12:54:08.037+0800: 13651.662: [GC (Allocation Failure) 2020-03-19T12:54:08.038+0800: 13651.662: [ParNew: 159325K->2906K(176960K), 0.0209936 secs] 268698K->112281K(367000K), 0.0213894 secs] [Times: user=0.03 sys=0.01, real=0.03 secs] 
2020-03-19T12:54:14.776+0800: 13658.401: [GC (Allocation Failure) 2020-03-19T12:54:14.776+0800: 13658.401: [ParNew: 160218K->2485K(176960K), 0.0286330 secs] 269593K->111864K(367000K), 0.0290421 secs] [Times: user=0.03 sys=0.00, real=0.03 secs] 
2020-03-19T12:54:19.453+0800: 13663.077: [GC (Allocation Failure) 2020-03-19T12:54:19.453+0800: 13663.078: [ParNew: 159797K->2251K(176960K), 0.0158053 secs] 269176K->111636K(367000K), 0.0162271 secs] [Times: user=0.03 sys=0.00, real=0.02 secs] 
2020-03-19T12:54:26.569+0800: 13670.194: [GC (Allocation Failure) 2020-03-19T12:54:26.569+0800: 13670.194: [ParNew: 159563K->2435K(176960K), 0.0142159 secs] 268948K->111820K(367000K), 0.0146608 secs] [Times: user=0.03 sys=0.00, real=0.01 secs] 
2020-03-19T12:54:32.347+0800: 13675.972: [GC (Allocation Failure) 2020-03-19T12:54:32.348+0800: 13675.972: [ParNew: 159747K->2467K(176960K), 0.0138754 secs] 269132K->111854K(367000K), 0.0142798 secs] [Times: user=0.03 sys=0.00, real=0.01 secs] 
2020-03-19T12:54:37.945+0800: 13681.569: [GC (Allocation Failure) 2020-03-19T12:54:37.945+0800: 13681.570: [ParNew: 159779K->2395K(176960K), 0.0129878 secs] 269166K->111782K(367000K), 0.0133870 secs] [Times: user=0.03 sys=0.00, real=0.02 secs] 
2020-03-19T12:54:44.790+0800: 13688.415: [GC (Allocation Failure) 2020-03-19T12:54:44.791+0800: 13688.415: [ParNew: 159707K->2466K(176960K), 0.0223788 secs] 269094K->111863K(367000K), 0.0228069 secs] [Times: user=0.03 sys=0.00, real=0.02 secs] 
2020-03-19T12:54:49.797+0800: 13693.421: [GC (Allocation Failure) 2020-03-19T12:54:49.797+0800: 13693.421: [ParNew: 159778K->1886K(176960K), 0.0374824 secs] 269175K->111288K(367000K), 0.0379233 secs] [Times: user=0.04 sys=0.00, real=0.04 secs] 
2020-03-19T12:54:55.952+0800: 13699.576: [GC (Allocation Failure) 2020-03-19T12:54:55.952+0800: 13699.577: [ParNew: 159198K->2565K(176960K), 0.0213324 secs] 268600K->111967K(367000K), 0.0216929 secs] [Times: user=0.02 sys=0.00, real=0.02 secs] 
2020-03-19T12:55:00.779+0800: 13704.403: [GC (Allocation Failure) 2020-03-19T12:55:00.779+0800: 13704.404: [ParNew: 159877K->2412K(176960K), 0.0175128 secs] 269279K->111815K(367000K), 0.0179631 secs] [Times: user=0.03 sys=0.00, real=0.01 secs] 
2020-03-19T12:55:06.007+0800: 13709.632: [GC (Allocation Failure) 2020-03-19T12:55:06.008+0800: 13709.632: [ParNew: 159724K->2093K(176960K), 0.0173527 secs] 269127K->111496K(367000K), 0.0177361 secs] [Times: user=0.03 sys=0.00, real=0.01 secs] 
2020-03-19T12:55:13.227+0800: 13716.852: [GC (Allocation Failure) 2020-03-19T12:55:13.227+0800: 13716.852: [ParNew: 159405K->1774K(176960K), 0.0140979 secs] 268808K->111180K(367000K), 0.0144777 secs] [Times: user=0.03 sys=0.00, real=0.01 secs] 
2020-03-19T12:55:17.093+0800: 13720.718: [GC (Allocation Failure) 2020-03-19T12:55:17.094+0800: 13720.718: [ParNew: 159086K->2432K(176960K), 0.0199310 secs] 268492K->111840K(367000K), 0.0203547 secs] [Times: user=0.02 sys=0.00, real=0.02 secs] 
2020-03-19T12:55:24.454+0800: 13728.078: [GC (Allocation Failure) 2020-03-19T12:55:24.454+0800: 13728.078: [ParNew: 159744K->2485K(176960K), 0.0218906 secs] 269152K->111893K(367000K), 0.0222766 secs] [Times: user=0.02 sys=0.00, real=0.02 secs] 
2020-03-19T12:55:30.746+0800: 13734.370: [GC (Allocation Failure) 2020-03-19T12:55:30.746+0800: 13734.370: [ParNew: 159797K->2408K(176960K), 0.0140964 secs] 269205K->111817K(367000K), 0.0145103 secs] [Times: user=0.03 sys=0.00, real=0.02 secs] 
2020-03-19T12:55:35.917+0800: 13739.542: [GC (Allocation Failure) 2020-03-19T12:55:35.917+0800: 13739.542: [ParNew: 159720K->1900K(176960K), 0.0151124 secs] 269129K->111309K(367000K), 0.0154918 secs] [Times: user=0.02 sys=0.00, real=0.02 secs] 
2020-03-19T12:55:43.334+0800: 13746.958: [GC (Allocation Failure) 2020-03-19T12:55:43.334+0800: 13746.959: [ParNew: 159212K->2556K(176960K), 0.0210689 secs] 268621K->111966K(367000K), 0.0215461 secs] [Times: user=0.03 sys=0.00, real=0.02 secs] 
2020-03-19T12:55:47.633+0800: 13751.257: [GC (Allocation Failure) 2020-03-19T12:55:47.633+0800: 13751.258: [ParNew: 159868K->2418K(176960K), 0.0129034 secs] 269278K->111831K(367000K), 0.0133331 secs] [Times: user=0.02 sys=0.01, real=0.02 secs] 
2020-03-19T12:55:54.144+0800: 13757.768: [GC (Allocation Failure) 2020-03-19T12:55:54.144+0800: 13757.769: [ParNew: 159730K->2479K(176960K), 0.0172318 secs] 269143K->111893K(367000K), 0.0176156 secs] [Times: user=0.03 sys=0.00, real=0.02 secs] 
2020-03-19T12:56:00.042+0800: 13763.666: [GC (Allocation Failure) 2020-03-19T12:56:00.042+0800: 13763.666: [ParNew: 159791K->3202K(176960K), 0.0241762 secs] 269205K->112616K(367000K), 0.0245670 secs] [Times: user=0.03 sys=0.00, real=0.03 secs] 
2020-03-19T12:56:05.088+0800: 13768.712: [GC (Allocation Failure) 2020-03-19T12:56:05.088+0800: 13768.713: [ParNew: 160514K->2070K(176960K), 0.0144838 secs] 269928K->111485K(367000K), 0.0148334 secs] [Times: user=0.03 sys=0.00, real=0.01 secs] 
2020-03-19T12:56:11.257+0800: 13774.881: [GC (Allocation Failure) 2020-03-19T12:56:11.257+0800: 13774.881: [ParNew: 159382K->2625K(176960K), 0.0139376 secs] 268797K->112042K(367000K), 0.0143320 secs] [Times: user=0.03 sys=0.00, real=0.02 secs] 
2020-03-19T12:56:15.747+0800: 13779.371: [GC (Allocation Failure) 2020-03-19T12:56:15.747+0800: 13779.371: [ParNew: 159937K->2436K(176960K), 0.0219122 secs] 269354K->111856K(367000K), 0.0224005 secs] [Times: user=0.02 sys=0.00, real=0.02 secs] 
2020-03-19T12:56:21.152+0800: 13784.777: [GC (Allocation Failure) 2020-03-19T12:56:21.152+0800: 13784.777: [ParNew: 159748K->1871K(176960K), 0.0145989 secs] 269168K->111292K(367000K), 0.0149938 secs] [Times: user=0.03 sys=0.00, real=0.02 secs] 
2020-03-19T12:56:28.115+0800: 13791.739: [GC (Allocation Failure) 2020-03-19T12:56:28.115+0800: 13791.739: [ParNew: 159183K->2549K(176960K), 0.0132914 secs] 268604K->111973K(367000K), 0.0136610 secs] [Times: user=0.02 sys=0.00, real=0.02 secs] 
2020-03-19T12:56:33.687+0800: 13797.311: [GC (Allocation Failure) 2020-03-19T12:56:33.687+0800: 13797.312: [ParNew: 159861K->2582K(176960K), 0.0139994 secs] 269285K->112006K(367000K), 0.0143951 secs] [Times: user=0.03 sys=0.00, real=0.01 secs] 
2020-03-19T12:56:39.920+0800: 13803.545: [GC (Allocation Failure) 2020-03-19T12:56:39.921+0800: 13803.545: [ParNew: 159894K->2511K(176960K), 0.0131841 secs] 269318K->111939K(367000K), 0.0135510 secs] [Times: user=0.03 sys=0.00, real=0.01 secs] 
2020-03-19T12:56:45.335+0800: 13808.959: [GC (Allocation Failure) 2020-03-19T12:56:45.335+0800: 13808.959: [ParNew: 159823K->2569K(176960K), 0.0144036 secs] 269251K->112003K(367000K), 0.0147464 secs] [Times: user=0.02 sys=0.00, real=0.02 secs] 
2020-03-19T12:56:51.320+0800: 13814.944: [GC (Allocation Failure) 2020-03-19T12:56:51.320+0800: 13814.944: [ParNew: 159881K->2586K(176960K), 0.0156789 secs] 269315K->112022K(367000K), 0.0161168 secs] [Times: user=0.03 sys=0.00, real=0.01 secs] 
2020-03-19T12:56:57.394+0800: 13821.019: [GC (Allocation Failure) 2020-03-19T12:56:57.395+0800: 13821.019: [ParNew: 159898K->3331K(176960K), 0.0155840 secs] 269334K->112769K(367000K), 0.0160838 secs] [Times: user=0.03 sys=0.01, real=0.02 secs] 
2020-03-19T12:57:01.574+0800: 13825.198: [GC (Allocation Failure) 2020-03-19T12:57:01.574+0800: 13825.199: [ParNew: 160643K->2192K(176960K), 0.0304732 secs] 270081K->111631K(367000K), 0.0312970 secs] [Times: user=0.04 sys=0.00, real=0.03 secs] 
2020-03-19T12:57:06.551+0800: 13830.176: [GC (Allocation Failure) 2020-03-19T12:57:06.552+0800: 13830.176: [ParNew: 159504K->2280K(176960K), 0.0127098 secs] 268943K->111720K(367000K), 0.0130815 secs] [Times: user=0.02 sys=0.00, real=0.01 secs] 
2020-03-19T12:57:13.072+0800: 13836.696: [GC (Allocation Failure) 2020-03-19T12:57:13.072+0800: 13836.696: [ParNew: 159592K->2518K(176960K), 0.0135703 secs] 269032K->111962K(367000K), 0.0139545 secs] [Times: user=0.02 sys=0.00, real=0.01 secs] 
2020-03-19T12:57:16.669+0800: 13840.293: [GC (Allocation Failure) 2020-03-19T12:57:16.669+0800: 13840.294: [ParNew: 159830K->2548K(176960K), 0.0141260 secs] 269274K->111992K(367000K), 0.0145057 secs] [Times: user=0.03 sys=0.00, real=0.01 secs] 
2020-03-19T12:57:23.709+0800: 13847.333: [GC (Allocation Failure) 2020-03-19T12:57:23.709+0800: 13847.333: [ParNew: 159860K->2603K(176960K), 0.0137858 secs] 269304K->112048K(367000K), 0.0141421 secs] [Times: user=0.02 sys=0.00, real=0.01 secs] 
2020-03-19T12:57:30.151+0800: 13853.775: [GC (Allocation Failure) 2020-03-19T12:57:30.151+0800: 13853.776: [ParNew: 159915K->2515K(176960K), 0.0148077 secs] 269360K->111960K(367000K), 0.0152059 secs] [Times: user=0.02 sys=0.00, real=0.02 secs] 
2020-03-19T12:57:35.815+0800: 13859.440: [GC (Allocation Failure) 2020-03-19T12:57:35.815+0800: 13859.440: [ParNew: 159679K->3176K(176960K), 0.0267729 secs] 269124K->112621K(367000K), 0.0272790 secs] [Times: user=0.02 sys=0.00, real=0.03 secs] 
2020-03-19T12:57:42.636+0800: 13866.260: [GC (Allocation Failure) 2020-03-19T12:57:42.636+0800: 13866.261: [ParNew: 160488K->2115K(176960K), 0.0152091 secs] 269933K->111564K(367000K), 0.0155474 secs] [Times: user=0.03 sys=0.00, real=0.02 secs] 
2020-03-19T12:57:46.891+0800: 13870.516: [GC (Allocation Failure) 2020-03-19T12:57:46.891+0800: 13870.516: [ParNew: 159427K->2653K(176960K), 0.0132089 secs] 268876K->112113K(367000K), 0.0136312 secs] [Times: user=0.02 sys=0.00, real=0.01 secs] 
2020-03-19T12:57:53.686+0800: 13877.310: [GC (Allocation Failure) 2020-03-19T12:57:53.686+0800: 13877.311: [ParNew: 159965K->2617K(176960K), 0.0277545 secs] 269425K->112078K(367000K), 0.0282126 secs] [Times: user=0.03 sys=0.01, real=0.03 secs] 
2020-03-19T12:57:59.778+0800: 13883.402: [GC (Allocation Failure) 2020-03-19T12:57:59.778+0800: 13883.403: [ParNew: 159929K->2518K(176960K), 0.0163785 secs] 269390K->111980K(367000K), 0.0168428 secs] [Times: user=0.03 sys=0.00, real=0.02 secs] 
2020-03-19T12:58:04.099+0800: 13887.723: [GC (Allocation Failure) 2020-03-19T12:58:04.099+0800: 13887.724: [ParNew: 159830K->2913K(176960K), 0.0230342 secs] 269292K->112375K(367000K), 0.0235253 secs] [Times: user=0.03 sys=0.00, real=0.02 secs] 
2020-03-19T12:58:09.433+0800: 13893.057: [GC (Allocation Failure) 2020-03-19T12:58:09.433+0800: 13893.058: [ParNew: 160225K->2189K(176960K), 0.0242432 secs] 269687K->111656K(367000K), 0.0246700 secs] [Times: user=0.03 sys=0.00, real=0.02 secs] 
2020-03-19T12:58:14.780+0800: 13898.405: [GC (Allocation Failure) 2020-03-19T12:58:14.781+0800: 13898.405: [ParNew: 159501K->3184K(176960K), 0.0254631 secs] 268968K->112654K(367000K), 0.0260457 secs] [Times: user=0.03 sys=0.00, real=0.03 secs] 
2020-03-19T12:58:18.683+0800: 13902.308: [GC (Allocation Failure) 2020-03-19T12:58:18.684+0800: 13902.308: [ParNew: 160496K->1866K(176960K), 0.0137614 secs] 269966K->111339K(367000K), 0.0141291 secs] [Times: user=0.02 sys=0.00, real=0.01 secs] 
2020-03-19T12:58:24.991+0800: 13908.615: [GC (Allocation Failure) 2020-03-19T12:58:24.991+0800: 13908.616: [ParNew: 159178K->2641K(176960K), 0.0190350 secs] 268651K->112115K(367000K), 0.0194440 secs] [Times: user=0.03 sys=0.00, real=0.02 secs] 
2020-03-19T12:58:30.628+0800: 13914.253: [GC (Allocation Failure) 2020-03-19T12:58:30.629+0800: 13914.253: [ParNew: 159953K->2506K(176960K), 0.0136945 secs] 269427K->111981K(367000K), 0.0140539 secs] [Times: user=0.02 sys=0.00, real=0.01 secs] 
2020-03-19T12:58:35.818+0800: 13919.443: [GC (Allocation Failure) 2020-03-19T12:58:35.819+0800: 13919.443: [ParNew: 159009K->4628K(176960K), 0.0147899 secs] 268484K->114129K(367000K), 0.0152005 secs] [Times: user=0.02 sys=0.00, real=0.01 secs] 
2020-03-19T12:58:43.162+0800: 13926.787: [GC (Allocation Failure) 2020-03-19T12:58:43.162+0800: 13926.787: [ParNew: 161940K->1885K(176960K), 0.0141122 secs] 271441K->111390K(367000K), 0.0144846 secs] [Times: user=0.02 sys=0.01, real=0.01 secs] 
2020-03-19T12:58:47.185+0800: 13930.810: [GC (Allocation Failure) 2020-03-19T12:58:47.186+0800: 13930.810: [ParNew: 159197K->1672K(176960K), 0.0134580 secs] 268702K->111180K(367000K), 0.0138249 secs] [Times: user=0.02 sys=0.00, real=0.02 secs] 
2020-03-19T12:58:53.995+0800: 13937.620: [GC (Allocation Failure) 2020-03-19T12:58:53.996+0800: 13937.620: [ParNew: 158984K->2543K(176960K), 0.0183520 secs] 268492K->112051K(367000K), 0.0188886 secs] [Times: user=0.03 sys=0.01, real=0.02 secs] 
2020-03-19T12:59:00.028+0800: 13943.653: [GC (Allocation Failure) 2020-03-19T12:59:00.029+0800: 13943.653: [ParNew: 159855K->3269K(176960K), 0.0431751 secs] 269363K->112778K(367000K), 0.0436855 secs] [Times: user=0.03 sys=0.00, real=0.04 secs] 
2020-03-19T12:59:04.456+0800: 13948.081: [GC (Allocation Failure) 2020-03-19T12:59:04.456+0800: 13948.081: [ParNew: 160581K->2102K(176960K), 0.0144225 secs] 270090K->111611K(367000K), 0.0148390 secs] [Times: user=0.03 sys=0.00, real=0.02 secs] 
2020-03-19T12:59:11.041+0800: 13954.665: [GC (Allocation Failure) 2020-03-19T12:59:11.041+0800: 13954.665: [ParNew: 159414K->1822K(176960K), 0.0220779 secs] 268923K->111335K(367000K), 0.0225041 secs] [Times: user=0.03 sys=0.00, real=0.02 secs] 
2020-03-19T12:59:15.739+0800: 13959.364: [GC (Allocation Failure) 2020-03-19T12:59:15.739+0800: 13959.364: [ParNew: 159134K->2492K(176960K), 0.0218751 secs] 268647K->112006K(367000K), 0.0223051 secs] [Times: user=0.02 sys=0.00, real=0.02 secs] 
2020-03-19T12:59:22.189+0800: 13965.814: [GC (Allocation Failure) 2020-03-19T12:59:22.190+0800: 13965.814: [ParNew: 159804K->2713K(176960K), 0.0246884 secs] 269318K->112228K(367000K), 0.0252038 secs] [Times: user=0.03 sys=0.00, real=0.02 secs] 
2020-03-19T12:59:29.221+0800: 13972.846: [GC (Allocation Failure) 2020-03-19T12:59:29.221+0800: 13972.846: [ParNew: 160025K->2500K(176960K), 0.0132697 secs] 269540K->112016K(367000K), 0.0136142 secs] [Times: user=0.02 sys=0.00, real=0.01 secs] 
2020-03-19T12:59:34.455+0800: 13978.079: [GC (Allocation Failure) 2020-03-19T12:59:34.455+0800: 13978.080: [ParNew: 159812K->2536K(176960K), 0.0200920 secs] 269328K->112052K(367000K), 0.0206183 secs] [Times: user=0.02 sys=0.00, real=0.02 secs] 
2020-03-19T12:59:41.042+0800: 13984.667: [GC (Allocation Failure) 2020-03-19T12:59:41.042+0800: 13984.667: [ParNew: 159848K->2544K(176960K), 0.0165378 secs] 269364K->112060K(367000K), 0.0169407 secs] [Times: user=0.03 sys=0.00, real=0.02 secs] 
2020-03-19T12:59:45.752+0800: 13989.376: [GC (Allocation Failure) 2020-03-19T12:59:45.752+0800: 13989.376: [ParNew: 159856K->2398K(176960K), 0.0203299 secs] 269372K->111918K(367000K), 0.0207593 secs] [Times: user=0.02 sys=0.00, real=0.02 secs] 
2020-03-19T12:59:52.343+0800: 13995.968: [GC (Allocation Failure) 2020-03-19T12:59:52.344+0800: 13995.968: [ParNew: 159710K->2915K(176960K), 0.0153878 secs] 269230K->112436K(367000K), 0.0158762 secs] [Times: user=0.03 sys=0.00, real=0.02 secs] 
2020-03-19T12:59:58.795+0800: 14002.420: [GC (Allocation Failure) 2020-03-19T12:59:58.795+0800: 14002.420: [ParNew: 160227K->2172K(176960K), 0.0151158 secs] 269748K->111720K(367000K), 0.0154904 secs] [Times: user=0.03 sys=0.00, real=0.02 secs] 
2020-03-19T13:00:01.576+0800: 14005.200: [GC (Allocation Failure) 2020-03-19T13:00:01.576+0800: 14005.200: [ParNew: 159484K->2290K(176960K), 0.0210445 secs] 269032K->111847K(367000K), 0.0214301 secs] [Times: user=0.02 sys=0.00, real=0.02 secs] 
2020-03-19T13:00:06.894+0800: 14010.519: [GC (Allocation Failure) 2020-03-19T13:00:06.894+0800: 14010.519: [ParNew: 159602K->2379K(176960K), 0.0134815 secs] 269159K->111938K(367000K), 0.0138590 secs] [Times: user=0.03 sys=0.00, real=0.02 secs] 
2020-03-19T13:00:14.145+0800: 14017.769: [GC (Allocation Failure) 2020-03-19T13:00:14.145+0800: 14017.770: [ParNew: 159691K->2485K(176960K), 0.0293073 secs] 269250K->112047K(367000K), 0.0298248 secs] [Times: user=0.03 sys=0.00, real=0.03 secs] 
2020-03-19T13:00:18.259+0800: 14021.883: [GC (Allocation Failure) 2020-03-19T13:00:18.259+0800: 14021.884: [ParNew: 159797K->2400K(176960K), 0.0420657 secs] 269359K->111965K(367000K), 0.0426887 secs] [Times: user=0.02 sys=0.00, real=0.04 secs] 
2020-03-19T13:00:25.335+0800: 14028.959: [GC (Allocation Failure) 2020-03-19T13:00:25.335+0800: 14028.959: [ParNew: 159712K->2470K(176960K), 0.0293109 secs] 269277K->112037K(367000K), 0.0297602 secs] [Times: user=0.02 sys=0.00, real=0.03 secs] 
2020-03-19T13:00:31.286+0800: 14034.911: [GC (Allocation Failure) 2020-03-19T13:00:31.286+0800: 14034.911: [ParNew: 159782K->2473K(176960K), 0.0166413 secs] 269349K->112041K(367000K), 0.0171088 secs] [Times: user=0.02 sys=0.01, real=0.02 secs] 
2020-03-19T13:00:37.249+0800: 14040.873: [GC (Allocation Failure) 2020-03-19T13:00:37.249+0800: 14040.874: [ParNew: 159785K->2415K(176960K), 0.0205838 secs] 269353K->111984K(367000K), 0.0209634 secs] [Times: user=0.02 sys=0.00, real=0.02 secs] 
2020-03-19T13:00:44.156+0800: 14047.780: [GC (Allocation Failure) 2020-03-19T13:00:44.156+0800: 14047.781: [ParNew: 159727K->2470K(176960K), 0.0201616 secs] 269296K->112045K(367000K), 0.0205444 secs] [Times: user=0.03 sys=0.00, real=0.02 secs] 
2020-03-19T13:00:48.772+0800: 14052.397: [GC (Allocation Failure) 2020-03-19T13:00:48.772+0800: 14052.397: [ParNew: 159782K->2392K(176960K), 0.0131927 secs] 269357K->111970K(367000K), 0.0135871 secs] [Times: user=0.03 sys=0.00, real=0.01 secs] 
2020-03-19T13:00:55.296+0800: 14058.921: [GC (Allocation Failure) 2020-03-19T13:00:55.297+0800: 14058.921: [ParNew: 159704K->3256K(176960K), 0.0133736 secs] 269282K->112835K(367000K), 0.0138024 secs] [Times: user=0.03 sys=0.00, real=0.02 secs] 
2020-03-19T13:01:00.234+0800: 14063.858: [GC (Allocation Failure) 2020-03-19T13:01:00.234+0800: 14063.859: [ParNew: 160568K->2491K(176960K), 0.0149251 secs] 270147K->112070K(367000K), 0.0154095 secs] [Times: user=0.03 sys=0.00, real=0.02 secs] 
2020-03-19T13:01:05.816+0800: 14069.440: [GC (Allocation Failure) 2020-03-19T13:01:05.816+0800: 14069.441: [ParNew: 159803K->2835K(176960K), 0.0155881 secs] 269382K->112415K(367000K), 0.0159516 secs] [Times: user=0.03 sys=0.01, real=0.02 secs] 
2020-03-19T13:01:12.631+0800: 14076.256: [GC (Allocation Failure) 2020-03-19T13:01:12.632+0800: 14076.256: [ParNew: 160147K->2962K(176960K), 0.0252779 secs] 269727K->112545K(367000K), 0.0257562 secs] [Times: user=0.02 sys=0.00, real=0.02 secs] 
2020-03-19T13:01:16.554+0800: 14080.179: [GC (Allocation Failure) 2020-03-19T13:01:16.555+0800: 14080.179: [ParNew: 160274K->2161K(176960K), 0.0133643 secs] 269857K->111746K(367000K), 0.0138741 secs] [Times: user=0.02 sys=0.01, real=0.02 secs] 
2020-03-19T13:01:23.796+0800: 14087.421: [GC (Allocation Failure) 2020-03-19T13:01:23.796+0800: 14087.421: [ParNew: 159473K->3033K(176960K), 0.0143539 secs] 269058K->112620K(367000K), 0.0147223 secs] [Times: user=0.03 sys=0.00, real=0.02 secs] 
2020-03-19T13:01:29.922+0800: 14093.547: [GC (Allocation Failure) 2020-03-19T13:01:29.922+0800: 14093.547: [ParNew: 160345K->2426K(176960K), 0.0221716 secs] 269932K->112015K(367000K), 0.0225413 secs] [Times: user=0.02 sys=0.00, real=0.02 secs] 
2020-03-19T13:01:35.816+0800: 14099.441: [GC (Allocation Failure) 2020-03-19T13:01:35.816+0800: 14099.441: [ParNew: 159738K->2855K(176960K), 0.0151558 secs] 269327K->112444K(367000K), 0.0155371 secs] [Times: user=0.03 sys=0.00, real=0.02 secs] 
2020-03-19T13:01:42.583+0800: 14106.208: [GC (Allocation Failure) 2020-03-19T13:01:42.583+0800: 14106.208: [ParNew: 160167K->2010K(176960K), 0.0313069 secs] 269756K->111600K(367000K), 0.0319815 secs] [Times: user=0.03 sys=0.00, real=0.03 secs] 
2020-03-19T13:01:46.574+0800: 14110.198: [GC (Allocation Failure) 2020-03-19T13:01:46.574+0800: 14110.198: [ParNew: 159322K->2531K(176960K), 0.0176308 secs] 268912K->112124K(367000K), 0.0179844 secs] [Times: user=0.03 sys=0.00, real=0.02 secs] 
2020-03-19T13:01:53.677+0800: 14117.301: [GC (Allocation Failure) 2020-03-19T13:01:53.677+0800: 14117.301: [ParNew: 159843K->1708K(176960K), 0.0135520 secs] 269436K->111302K(367000K), 0.0139193 secs] [Times: user=0.03 sys=0.00, real=0.02 secs] 
2020-03-19T13:01:59.811+0800: 14123.436: [GC (Allocation Failure) 2020-03-19T13:01:59.812+0800: 14123.436: [ParNew: 159020K->2419K(176960K), 0.0145743 secs] 268614K->112013K(367000K), 0.0149899 secs] [Times: user=0.03 sys=0.00, real=0.02 secs] 
2020-03-19T13:02:04.268+0800: 14127.893: [GC (Allocation Failure) 2020-03-19T13:02:04.269+0800: 14127.893: [ParNew: 159731K->3073K(176960K), 0.0231834 secs] 269325K->112668K(367000K), 0.0238042 secs] [Times: user=0.03 sys=0.00, real=0.02 secs] 
2020-03-19T13:02:10.303+0800: 14133.928: [GC (Allocation Failure) 2020-03-19T13:02:10.304+0800: 14133.928: [ParNew: 160385K->2203K(176960K), 0.0194017 secs] 269980K->111801K(367000K), 0.0198556 secs] [Times: user=0.03 sys=0.00, real=0.02 secs] 
2020-03-19T13:02:15.477+0800: 14139.102: [GC (Allocation Failure) 2020-03-19T13:02:15.477+0800: 14139.102: [ParNew: 159515K->3022K(176960K), 0.0137748 secs] 269113K->112625K(367000K), 0.0141167 secs] [Times: user=0.03 sys=0.00, real=0.02 secs] 
2020-03-19T13:02:21.848+0800: 14145.473: [GC (Allocation Failure) 2020-03-19T13:02:21.848+0800: 14145.473: [ParNew: 160334K->2026K(176960K), 0.0184755 secs] 269937K->111630K(367000K), 0.0188345 secs] [Times: user=0.03 sys=0.00, real=0.02 secs] 
2020-03-19T13:02:28.341+0800: 14151.966: [GC (Allocation Failure) 2020-03-19T13:02:28.341+0800: 14151.966: [ParNew: 159338K->2888K(176960K), 0.0248021 secs] 268942K->112494K(367000K), 0.0252846 secs] [Times: user=0.03 sys=0.00, real=0.03 secs] 
2020-03-19T13:02:34.148+0800: 14157.773: [GC (Allocation Failure) 2020-03-19T13:02:34.148+0800: 14157.773: [ParNew: 160200K->1994K(176960K), 0.0136482 secs] 269806K->111602K(367000K), 0.0140776 secs] [Times: user=0.02 sys=0.00, real=0.01 secs] 
2020-03-19T13:02:40.388+0800: 14164.013: [GC (Allocation Failure) 2020-03-19T13:02:40.388+0800: 14164.013: [ParNew: 159306K->2878K(176960K), 0.0131218 secs] 268914K->112488K(367000K), 0.0134910 secs] [Times: user=0.03 sys=0.00, real=0.01 secs] 
2020-03-19T13:02:45.657+0800: 14169.282: [GC (Allocation Failure) 2020-03-19T13:02:45.657+0800: 14169.282: [ParNew: 160190K->1990K(176960K), 0.0143693 secs] 269800K->111607K(367000K), 0.0147810 secs] [Times: user=0.03 sys=0.00, real=0.02 secs] 
2020-03-19T13:02:51.886+0800: 14175.511: [GC (Allocation Failure) 2020-03-19T13:02:51.887+0800: 14175.511: [ParNew: 159302K->2244K(176960K), 0.0161645 secs] 268919K->111865K(367000K), 0.0165872 secs] [Times: user=0.03 sys=0.00, real=0.01 secs] 
2020-03-19T13:02:58.334+0800: 14181.958: [GC (Allocation Failure) 2020-03-19T13:02:58.334+0800: 14181.958: [ParNew: 159556K->2334K(176960K), 0.0135243 secs] 269177K->111955K(367000K), 0.0138738 secs] [Times: user=0.02 sys=0.00, real=0.02 secs] 
2020-03-19T13:03:02.513+0800: 14186.138: [GC (Allocation Failure) 2020-03-19T13:03:02.514+0800: 14186.138: [ParNew: 159646K->2447K(176960K), 0.0206679 secs] 269267K->112070K(367000K), 0.0211070 secs] [Times: user=0.03 sys=0.00, real=0.02 secs] 
2020-03-19T13:03:07.918+0800: 14191.543: [GC (Allocation Failure) 2020-03-19T13:03:07.919+0800: 14191.543: [ParNew: 159759K->2386K(176960K), 0.0131295 secs] 269382K->112010K(367000K), 0.0134926 secs] [Times: user=0.03 sys=0.00, real=0.01 secs] 
2020-03-19T13:03:14.602+0800: 14198.227: [GC (Allocation Failure) 2020-03-19T13:03:14.603+0800: 14198.227: [ParNew: 159696K->2460K(176960K), 0.0236026 secs] 269321K->112088K(367000K), 0.0240286 secs] [Times: user=0.04 sys=0.00, real=0.03 secs] 
2020-03-19T13:03:19.454+0800: 14203.079: [GC (Allocation Failure) 2020-03-19T13:03:19.454+0800: 14203.079: [ParNew: 159772K->2390K(176960K), 0.0198444 secs] 269400K->112019K(367000K), 0.0202327 secs] [Times: user=0.02 sys=0.00, real=0.02 secs] 
2020-03-19T13:03:26.375+0800: 14209.999: [GC (Allocation Failure) 2020-03-19T13:03:26.375+0800: 14209.999: [ParNew: 159702K->2480K(176960K), 0.0143088 secs] 269331K->112109K(367000K), 0.0147020 secs] [Times: user=0.02 sys=0.00, real=0.02 secs] 
2020-03-19T13:03:32.176+0800: 14215.800: [GC (Allocation Failure) 2020-03-19T13:03:32.176+0800: 14215.800: [ParNew: 159792K->2475K(176960K), 0.0135330 secs] 269421K->112105K(367000K), 0.0139039 secs] [Times: user=0.02 sys=0.00, real=0.02 secs] 
2020-03-19T13:03:38.225+0800: 14221.849: [GC (Allocation Failure) 2020-03-19T13:03:38.225+0800: 14221.850: [ParNew: 159787K->2411K(176960K), 0.0127964 secs] 269417K->112041K(367000K), 0.0131428 secs] [Times: user=0.02 sys=0.01, real=0.01 secs] 
2020-03-19T13:03:44.778+0800: 14228.402: [GC (Allocation Failure) 2020-03-19T13:03:44.778+0800: 14228.402: [ParNew: 159723K->2491K(176960K), 0.0201797 secs] 269353K->112124K(367000K), 0.0205734 secs] [Times: user=0.04 sys=0.00, real=0.03 secs] 
2020-03-19T13:03:49.545+0800: 14233.170: [GC (Allocation Failure) 2020-03-19T13:03:49.546+0800: 14233.170: [ParNew: 159803K->1784K(176960K), 0.0212174 secs] 269436K->111418K(367000K), 0.0216459 secs] [Times: user=0.02 sys=0.00, real=0.03 secs] 
2020-03-19T13:03:56.170+0800: 14239.794: [GC (Allocation Failure) 2020-03-19T13:03:56.170+0800: 14239.794: [ParNew: 159088K->2540K(176960K), 0.0131671 secs] 268722K->112175K(367000K), 0.0136932 secs] [Times: user=0.03 sys=0.00, real=0.01 secs] 
2020-03-19T13:04:00.764+0800: 14244.389: [GC (Allocation Failure) 2020-03-19T13:04:00.765+0800: 14244.389: [ParNew: 159852K->3212K(176960K), 0.0159256 secs] 269487K->112848K(367000K), 0.0163771 secs] [Times: user=0.02 sys=0.00, real=0.02 secs] 
2020-03-19T13:04:06.094+0800: 14249.718: [GC (Allocation Failure) 2020-03-19T13:04:06.094+0800: 14249.718: [ParNew: 160524K->2021K(176960K), 0.0170670 secs] 270160K->111658K(367000K), 0.0174667 secs] [Times: user=0.03 sys=0.00, real=0.02 secs] 
2020-03-19T13:04:13.358+0800: 14256.983: [GC (Allocation Failure) 2020-03-19T13:04:13.358+0800: 14256.983: [ParNew: 159333K->2603K(176960K), 0.0135195 secs] 268970K->112242K(367000K), 0.0139598 secs] [Times: user=0.03 sys=0.00, real=0.02 secs] 
2020-03-19T13:04:17.379+0800: 14261.004: [GC (Allocation Failure) 2020-03-19T13:04:17.380+0800: 14261.004: [ParNew: 159915K->2426K(176960K), 0.0146085 secs] 269554K->112068K(367000K), 0.0149958 secs] [Times: user=0.03 sys=0.00, real=0.01 secs] 
2020-03-19T13:04:24.408+0800: 14268.033: [GC (Allocation Failure) 2020-03-19T13:04:24.409+0800: 14268.033: [ParNew: 159738K->2474K(176960K), 0.0177930 secs] 269380K->112118K(367000K), 0.0182854 secs] [Times: user=0.02 sys=0.00, real=0.02 secs] 
2020-03-19T13:04:30.712+0800: 14274.337: [GC (Allocation Failure) 2020-03-19T13:04:30.712+0800: 14274.337: [ParNew: 159786K->2396K(176960K), 0.0137791 secs] 269430K->112041K(367000K), 0.0141689 secs] [Times: user=0.03 sys=0.00, real=0.02 secs] 
2020-03-19T13:04:35.924+0800: 14279.548: [GC (Allocation Failure) 2020-03-19T13:04:35.924+0800: 14279.549: [ParNew: 159708K->2478K(176960K), 0.0137885 secs] 269353K->112125K(367000K), 0.0142124 secs] [Times: user=0.02 sys=0.00, real=0.02 secs] 
2020-03-19T13:04:43.461+0800: 14287.086: [GC (Allocation Failure) 2020-03-19T13:04:43.461+0800: 14287.086: [ParNew: 159790K->2472K(176960K), 0.0140315 secs] 269437K->112122K(367000K), 0.0144852 secs] [Times: user=0.03 sys=0.00, real=0.01 secs] 
2020-03-19T13:04:47.608+0800: 14291.232: [GC (Allocation Failure) 2020-03-19T13:04:47.608+0800: 14291.232: [ParNew: 159784K->2391K(176960K), 0.0144364 secs] 269434K->112046K(367000K), 0.0147748 secs] [Times: user=0.03 sys=0.01, real=0.01 secs] 
2020-03-19T13:04:54.233+0800: 14297.858: [GC (Allocation Failure) 2020-03-19T13:04:54.233+0800: 14297.858: [ParNew: 159703K->2465K(176960K), 0.0140295 secs] 269358K->112120K(367000K), 0.0143912 secs] [Times: user=0.02 sys=0.00, real=0.02 secs] 
2020-03-19T13:05:00.056+0800: 14303.681: [GC (Allocation Failure) 2020-03-19T13:05:00.057+0800: 14303.681: [ParNew: 159777K->2388K(176960K), 0.0335323 secs] 269432K->112044K(367000K), 0.0340626 secs] [Times: user=0.03 sys=0.00, real=0.04 secs] 
2020-03-19T13:05:04.969+0800: 14308.594: [GC (Allocation Failure) 2020-03-19T13:05:04.969+0800: 14308.594: [ParNew: 159700K->2062K(176960K), 0.0136306 secs] 269356K->111718K(367000K), 0.0140191 secs] [Times: user=0.02 sys=0.00, real=0.01 secs] 
2020-03-19T13:05:11.400+0800: 14315.025: [GC (Allocation Failure) 2020-03-19T13:05:11.400+0800: 14315.025: [ParNew: 159374K->1771K(176960K), 0.0134731 secs] 269030K->111428K(367000K), 0.0138402 secs] [Times: user=0.02 sys=0.00, real=0.01 secs] 
2020-03-19T13:05:15.771+0800: 14319.396: [GC (Allocation Failure) 2020-03-19T13:05:15.771+0800: 14319.396: [ParNew: 159083K->2432K(176960K), 0.0150281 secs] 268740K->112091K(367000K), 0.0154448 secs] [Times: user=0.02 sys=0.00, real=0.02 secs] 
2020-03-19T13:05:22.642+0800: 14326.267: [GC (Allocation Failure) 2020-03-19T13:05:22.642+0800: 14326.267: [ParNew: 159744K->2048K(176960K), 0.0349551 secs] 269403K->111708K(367000K), 0.0356041 secs] [Times: user=0.04 sys=0.00, real=0.03 secs] 
2020-03-19T13:05:29.651+0800: 14333.276: [GC (Allocation Failure) 2020-03-19T13:05:29.651+0800: 14333.276: [ParNew: 159360K->2548K(176960K), 0.0192931 secs] 269020K->112208K(367000K), 0.0197159 secs] [Times: user=0.02 sys=0.00, real=0.02 secs] 
2020-03-19T13:05:34.910+0800: 14338.534: [GC (Allocation Failure) 2020-03-19T13:05:34.910+0800: 14338.535: [ParNew: 159860K->2511K(176960K), 0.0306808 secs] 269520K->112172K(367000K), 0.0311348 secs] [Times: user=0.02 sys=0.01, real=0.03 secs] 
2020-03-19T13:05:41.574+0800: 14345.198: [GC (Allocation Failure) 2020-03-19T13:05:41.574+0800: 14345.198: [ParNew: 159823K->2491K(176960K), 0.0161964 secs] 269484K->112154K(367000K), 0.0165698 secs] [Times: user=0.03 sys=0.00, real=0.02 secs] 
2020-03-19T13:05:45.792+0800: 14349.417: [GC (Allocation Failure) 2020-03-19T13:05:45.793+0800: 14349.417: [ParNew: 159803K->2404K(176960K), 0.0152701 secs] 269466K->112072K(367000K), 0.0156582 secs] [Times: user=0.03 sys=0.00, real=0.02 secs] 
2020-03-19T13:05:52.570+0800: 14356.195: [GC (Allocation Failure) 2020-03-19T13:05:52.570+0800: 14356.195: [ParNew: 159716K->2067K(176960K), 0.0148065 secs] 269384K->111736K(367000K), 0.0152435 secs] [Times: user=0.03 sys=0.00, real=0.01 secs] 
2020-03-19T13:05:59.439+0800: 14363.063: [GC (Allocation Failure) 2020-03-19T13:05:59.439+0800: 14363.063: [ParNew: 159379K->2549K(176960K), 0.0127765 secs] 269048K->112219K(367000K), 0.0131232 secs] [Times: user=0.02 sys=0.00, real=0.01 secs] 
2020-03-19T13:06:03.480+0800: 14367.105: [GC (Allocation Failure) 2020-03-19T13:06:03.481+0800: 14367.105: [ParNew: 159861K->2507K(176960K), 0.0196093 secs] 269531K->112178K(367000K), 0.0199688 secs] [Times: user=0.02 sys=0.00, real=0.02 secs] 
2020-03-19T13:06:09.150+0800: 14372.774: [GC (Allocation Failure) 2020-03-19T13:06:09.150+0800: 14372.774: [ParNew: 159819K->2404K(176960K), 0.0159450 secs] 269490K->112075K(367000K), 0.0163472 secs] [Times: user=0.03 sys=0.00, real=0.02 secs] 
2020-03-19T13:06:14.818+0800: 14378.442: [GC (Allocation Failure) 2020-03-19T13:06:14.818+0800: 14378.443: [ParNew: 159716K->2480K(176960K), 0.0224510 secs] 269387K->112156K(367000K), 0.0228685 secs] [Times: user=0.03 sys=0.00, real=0.03 secs] 
2020-03-19T13:06:20.420+0800: 14384.044: [GC (Allocation Failure) 2020-03-19T13:06:20.420+0800: 14384.045: [ParNew: 159792K->1989K(176960K), 0.0130981 secs] 269468K->111668K(367000K), 0.0135360 secs] [Times: user=0.03 sys=0.00, real=0.01 secs] 
2020-03-19T13:06:27.390+0800: 14391.015: [GC (Allocation Failure) 2020-03-19T13:06:27.390+0800: 14391.015: [ParNew: 159300K->2612K(176960K), 0.0223029 secs] 268978K->112291K(367000K), 0.0229607 secs] [Times: user=0.03 sys=0.01, real=0.02 secs] 
2020-03-19T13:06:33.071+0800: 14396.696: [GC (Allocation Failure) 2020-03-19T13:06:33.071+0800: 14396.696: [ParNew: 159924K->2503K(176960K), 0.0204151 secs] 269603K->112185K(367000K), 0.0208309 secs] [Times: user=0.02 sys=0.00, real=0.02 secs] 
2020-03-19T13:06:39.155+0800: 14402.779: [GC (Allocation Failure) 2020-03-19T13:06:39.155+0800: 14402.780: [ParNew: 159815K->3204K(176960K), 0.0129633 secs] 269497K->112886K(367000K), 0.0133509 secs] [Times: user=0.03 sys=0.00, real=0.02 secs] 
2020-03-19T13:06:44.875+0800: 14408.499: [GC (Allocation Failure) 2020-03-19T13:06:44.875+0800: 14408.499: [ParNew: 160516K->2588K(176960K), 0.0238346 secs] 270198K->112276K(367000K), 0.0242256 secs] [Times: user=0.02 sys=0.00, real=0.03 secs] 
2020-03-19T13:06:50.378+0800: 14414.002: [GC (Allocation Failure) 2020-03-19T13:06:50.378+0800: 14414.002: [ParNew: 159900K->1841K(176960K), 0.0134422 secs] 269588K->111532K(367000K), 0.0137849 secs] [Times: user=0.02 sys=0.00, real=0.02 secs] 
2020-03-19T13:06:56.575+0800: 14420.199: [GC (Allocation Failure) 2020-03-19T13:06:56.575+0800: 14420.199: [ParNew: 159153K->2553K(176960K), 0.0139341 secs] 268844K->112244K(367000K), 0.0143950 secs] [Times: user=0.02 sys=0.01, real=0.02 secs] 
2020-03-19T13:07:01.080+0800: 14424.705: [GC (Allocation Failure) 2020-03-19T13:07:01.081+0800: 14424.705: [ParNew: 159865K->2492K(176960K), 0.0609587 secs] 269556K->112184K(367000K), 0.0615909 secs] [Times: user=0.04 sys=0.00, real=0.06 secs] 
2020-03-19T13:07:06.552+0800: 14430.176: [GC (Allocation Failure) 2020-03-19T13:07:06.552+0800: 14430.177: [ParNew: 159804K->1993K(176960K), 0.0215844 secs] 269496K->111685K(367000K), 0.0219670 secs] [Times: user=0.04 sys=0.00, real=0.02 secs] 
2020-03-19T13:07:13.688+0800: 14437.312: [GC (Allocation Failure) 2020-03-19T13:07:13.688+0800: 14437.312: [ParNew: 159305K->1768K(176960K), 0.0208059 secs] 268997K->111464K(367000K), 0.0212068 secs] [Times: user=0.03 sys=0.00, real=0.02 secs] 
2020-03-19T13:07:17.635+0800: 14441.259: [GC (Allocation Failure) 2020-03-19T13:07:17.635+0800: 14441.260: [ParNew: 159080K->1632K(176960K), 0.0208433 secs] 268776K->111329K(367000K), 0.0212715 secs] [Times: user=0.02 sys=0.00, real=0.02 secs] 
2020-03-19T13:07:24.909+0800: 14448.533: [GC (Allocation Failure) 2020-03-19T13:07:24.909+0800: 14448.533: [ParNew: 158944K->2492K(176960K), 0.0155358 secs] 268641K->112190K(367000K), 0.0158894 secs] [Times: user=0.03 sys=0.00, real=0.01 secs] 
2020-03-19T13:07:30.773+0800: 14454.397: [GC (Allocation Failure) 2020-03-19T13:07:30.773+0800: 14454.398: [ParNew: 159804K->3200K(176960K), 0.0196109 secs] 269502K->112899K(367000K), 0.0200843 secs] [Times: user=0.02 sys=0.00, real=0.02 secs] 
2020-03-19T13:07:36.414+0800: 14460.039: [GC (Allocation Failure) 2020-03-19T13:07:36.415+0800: 14460.039: [ParNew: 160512K->2010K(176960K), 0.0136889 secs] 270211K->111709K(367000K), 0.0141332 secs] [Times: user=0.03 sys=0.00, real=0.02 secs] 
2020-03-19T13:07:43.692+0800: 14467.317: [GC (Allocation Failure) 2020-03-19T13:07:43.692+0800: 14467.317: [ParNew: 159322K->1759K(176960K), 0.0146019 secs] 269021K->111460K(367000K), 0.0149686 secs] [Times: user=0.03 sys=0.00, real=0.02 secs] 
2020-03-19T13:07:48.092+0800: 14471.716: [GC (Allocation Failure) 2020-03-19T13:07:48.092+0800: 14471.717: [ParNew: 159071K->2431K(176960K), 0.0233490 secs] 268772K->112134K(367000K), 0.0237287 secs] [Times: user=0.03 sys=0.00, real=0.02 secs] 
2020-03-19T13:07:54.456+0800: 14478.081: [GC (Allocation Failure) 2020-03-19T13:07:54.457+0800: 14478.081: [ParNew: 159743K->2478K(176960K), 0.0148622 secs] 269446K->112182K(367000K), 0.0152393 secs] [Times: user=0.03 sys=0.00, real=0.02 secs] 
2020-03-19T13:08:00.074+0800: 14483.698: [GC (Allocation Failure) 2020-03-19T13:08:00.074+0800: 14483.699: [ParNew: 159790K->3208K(176960K), 0.0196032 secs] 269494K->112913K(367000K), 0.0200493 secs] [Times: user=0.04 sys=0.00, real=0.02 secs] 
2020-03-19T13:08:05.496+0800: 14489.120: [GC (Allocation Failure) 2020-03-19T13:08:05.496+0800: 14489.120: [ParNew: 160520K->2065K(176960K), 0.0136608 secs] 270225K->111771K(367000K), 0.0140400 secs] [Times: user=0.02 sys=0.01, real=0.02 secs] 
2020-03-19T13:08:11.523+0800: 14495.148: [GC (Allocation Failure) 2020-03-19T13:08:11.523+0800: 14495.148: [ParNew: 159377K->2619K(176960K), 0.0135417 secs] 269083K->112327K(367000K), 0.0138729 secs] [Times: user=0.03 sys=0.00, real=0.01 secs] 
2020-03-19T13:08:14.960+0800: 14498.585: [GC (Allocation Failure) 2020-03-19T13:08:14.960+0800: 14498.585: [ParNew: 159931K->3238K(176960K), 0.0167802 secs] 269639K->112951K(367000K), 0.0171882 secs] [Times: user=0.02 sys=0.01, real=0.01 secs] 
2020-03-19T13:08:19.585+0800: 14503.209: [GC (Allocation Failure) 2020-03-19T13:08:19.585+0800: 14503.210: [ParNew: 160550K->2984K(176960K), 0.0174860 secs] 270263K->112698K(367000K), 0.0179129 secs] [Times: user=0.03 sys=0.01, real=0.02 secs] 
2020-03-19T13:08:26.588+0800: 14510.212: [GC (Allocation Failure) 2020-03-19T13:08:26.588+0800: 14510.213: [ParNew: 160296K->2264K(176960K), 0.0328248 secs] 270010K->111980K(367000K), 0.0333853 secs] [Times: user=0.02 sys=0.00, real=0.03 secs] 
2020-03-19T13:08:32.605+0800: 14516.230: [GC (Allocation Failure) 2020-03-19T13:08:32.605+0800: 14516.230: [ParNew: 159576K->3015K(176960K), 0.0138683 secs] 269292K->112733K(367000K), 0.0142230 secs] [Times: user=0.03 sys=0.00, real=0.02 secs] 
2020-03-19T13:08:38.453+0800: 14522.077: [GC (Allocation Failure) 2020-03-19T13:08:38.453+0800: 14522.077: [ParNew: 160327K->1929K(176960K), 0.0132817 secs] 270045K->111649K(367000K), 0.0137069 secs] [Times: user=0.03 sys=0.00, real=0.02 secs] 
2020-03-19T13:08:44.799+0800: 14528.424: [GC (Allocation Failure) 2020-03-19T13:08:44.799+0800: 14528.424: [ParNew: 159241K->2938K(176960K), 0.0378711 secs] 268961K->112662K(367000K), 0.0383766 secs] [Times: user=0.03 sys=0.00, real=0.03 secs] 
2020-03-19T13:08:50.149+0800: 14533.773: [GC (Allocation Failure) 2020-03-19T13:08:50.149+0800: 14533.773: [ParNew: 160250K->1925K(176960K), 0.0135095 secs] 269974K->111650K(367000K), 0.0139360 secs] [Times: user=0.03 sys=0.00, real=0.01 secs] 
2020-03-19T13:08:56.449+0800: 14540.073: [GC (Allocation Failure) 2020-03-19T13:08:56.449+0800: 14540.074: [ParNew: 159237K->2582K(176960K), 0.0136318 secs] 268962K->112308K(367000K), 0.0140382 secs] [Times: user=0.03 sys=0.00, real=0.01 secs] 
2020-03-19T13:09:00.772+0800: 14544.396: [GC (Allocation Failure) 2020-03-19T13:09:00.772+0800: 14544.396: [ParNew: 159894K->2421K(176960K), 0.0151520 secs] 269620K->112147K(367000K), 0.0155534 secs] [Times: user=0.03 sys=0.00, real=0.02 secs] 
2020-03-19T13:09:06.455+0800: 14550.079: [GC (Allocation Failure) 2020-03-19T13:09:06.455+0800: 14550.080: [ParNew: 159733K->2065K(176960K), 0.0139823 secs] 269459K->111793K(367000K), 0.0143452 secs] [Times: user=0.02 sys=0.00, real=0.02 secs] 
2020-03-19T13:09:13.646+0800: 14557.270: [GC (Allocation Failure) 2020-03-19T13:09:13.646+0800: 14557.270: [ParNew: 159370K->1777K(176960K), 0.0147966 secs] 269098K->111508K(367000K), 0.0152169 secs] [Times: user=0.02 sys=0.00, real=0.02 secs] 
2020-03-19T13:09:17.552+0800: 14561.176: [GC (Allocation Failure) 2020-03-19T13:09:17.552+0800: 14561.177: [ParNew: 159089K->2442K(176960K), 0.0193543 secs] 268820K->112174K(367000K), 0.0197358 secs] [Times: user=0.02 sys=0.00, real=0.02 secs] 
2020-03-19T13:09:24.603+0800: 14568.227: [GC (Allocation Failure) 2020-03-19T13:09:24.603+0800: 14568.227: [ParNew: 159754K->2495K(176960K), 0.0212653 secs] 269486K->112227K(367000K), 0.0216379 secs] [Times: user=0.02 sys=0.00, real=0.02 secs] 
2020-03-19T13:09:30.749+0800: 14574.373: [GC (Allocation Failure) 2020-03-19T13:09:30.749+0800: 14574.373: [ParNew: 159807K->2420K(176960K), 0.0141301 secs] 269539K->112153K(367000K), 0.0145395 secs] [Times: user=0.03 sys=0.00, real=0.01 secs] 
2020-03-19T13:09:36.219+0800: 14579.843: [GC (Allocation Failure) 2020-03-19T13:09:36.219+0800: 14579.843: [ParNew: 159732K->2871K(176960K), 0.0237838 secs] 269465K->112604K(367000K), 0.0242377 secs] [Times: user=0.02 sys=0.00, real=0.02 secs] 
2020-03-19T13:09:43.664+0800: 14587.289: [GC (Allocation Failure) 2020-03-19T13:09:43.664+0800: 14587.289: [ParNew: 160183K->2221K(176960K), 0.0140837 secs] 269916K->111958K(367000K), 0.0144677 secs] [Times: user=0.02 sys=0.01, real=0.02 secs] 
2020-03-19T13:09:48.023+0800: 14591.648: [GC (Allocation Failure) 2020-03-19T13:09:48.024+0800: 14591.648: [ParNew: 159533K->2962K(176960K), 0.0192025 secs] 269270K->112702K(367000K), 0.0196033 secs] [Times: user=0.02 sys=0.00, real=0.02 secs] 
2020-03-19T13:09:49.102+0800: 14592.726: [GC (Allocation Failure) 2020-03-19T13:09:49.102+0800: 14592.727: [ParNew: 160274K->8782K(176960K), 0.0250231 secs] 270014K->118523K(367000K), 0.0254102 secs] [Times: user=0.05 sys=0.00, real=0.03 secs] 
2020-03-19T13:09:49.396+0800: 14593.021: [GC (Allocation Failure) 2020-03-19T13:09:49.397+0800: 14593.021: [ParNew: 166094K->12595K(176960K), 0.0246846 secs] 275835K->122336K(367000K), 0.0251264 secs] [Times: user=0.04 sys=0.00, real=0.03 secs] 
2020-03-19T13:09:49.830+0800: 14593.455: [GC (Allocation Failure) 2020-03-19T13:09:49.830+0800: 14593.455: [ParNew: 169907K->12809K(176960K), 0.0686021 secs] 279648K->122551K(367000K), 0.0690668 secs] [Times: user=0.05 sys=0.00, real=0.07 secs] 
2020-03-19T13:09:50.359+0800: 14593.984: [GC (Allocation Failure) 2020-03-19T13:09:50.362+0800: 14593.987: [ParNew: 170121K->10871K(176960K), 0.0735658 secs] 279863K->124500K(367000K), 0.0766118 secs] [Times: user=0.06 sys=0.00, real=0.07 secs] 
2020-03-19T13:09:50.732+0800: 14594.356: [GC (Allocation Failure) 2020-03-19T13:09:50.732+0800: 14594.356: [ParNew: 168183K->14491K(176960K), 0.0414607 secs] 281812K->128120K(367000K), 0.0420713 secs] [Times: user=0.03 sys=0.00, real=0.04 secs] 
2020-03-19T13:09:52.483+0800: 14596.108: [GC (Allocation Failure) 2020-03-19T13:09:52.483+0800: 14596.108: [ParNew: 171803K->14501K(176960K), 0.0201273 secs] 285432K->128130K(367000K), 0.0204976 secs] [Times: user=0.02 sys=0.00, real=0.02 secs] 
2020-03-19T13:09:58.619+0800: 14602.244: [GC (Allocation Failure) 2020-03-19T13:09:58.620+0800: 14602.244: [ParNew: 171813K->7753K(176960K), 0.0174849 secs] 285442K->121382K(367000K), 0.0178670 secs] [Times: user=0.03 sys=0.00, real=0.01 secs] 
2020-03-19T13:10:03.038+0800: 14606.663: [GC (Allocation Failure) 2020-03-19T13:10:03.039+0800: 14606.663: [ParNew: 165065K->10996K(176960K), 0.0304274 secs] 278694K->124625K(367000K), 0.0309079 secs] [Times: user=0.04 sys=0.00, real=0.03 secs] 
2020-03-19T13:10:08.590+0800: 14612.215: [GC (Allocation Failure) 2020-03-19T13:10:08.591+0800: 14612.215: [ParNew: 168308K->9348K(176960K), 0.0162912 secs] 281937K->122977K(367000K), 0.0167442 secs] [Times: user=0.03 sys=0.00, real=0.02 secs] 
2020-03-19T13:10:09.458+0800: 14613.082: [GC (Allocation Failure) 2020-03-19T13:10:09.458+0800: 14613.083: [ParNew: 166660K->16669K(176960K), 0.0245602 secs] 280289K->130298K(367000K), 0.0249533 secs] [Times: user=0.04 sys=0.00, real=0.03 secs] 
2020-03-19T13:10:09.745+0800: 14613.370: [GC (Allocation Failure) 2020-03-19T13:10:09.746+0800: 14613.370: [ParNew: 173981K->16844K(176960K), 0.0374693 secs] 287610K->133963K(367000K), 0.0378581 secs] [Times: user=0.05 sys=0.00, real=0.04 secs] 
2020-03-19T13:10:10.173+0800: 14613.798: [GC (Allocation Failure) 2020-03-19T13:10:10.174+0800: 14613.798: [ParNew: 174156K->17042K(176960K), 0.0532437 secs] 291275K->136222K(367000K), 0.0536992 secs] [Times: user=0.05 sys=0.00, real=0.06 secs] 
2020-03-19T13:10:10.577+0800: 14614.201: [GC (Allocation Failure) 2020-03-19T13:10:10.577+0800: 14614.202: [ParNew: 174354K->15837K(176960K), 0.0606546 secs] 293534K->135825K(367000K), 0.0611139 secs] [Times: user=0.04 sys=0.01, real=0.07 secs] 
2020-03-19T13:10:10.932+0800: 14614.557: [GC (Allocation Failure) 2020-03-19T13:10:10.932+0800: 14614.557: [ParNew: 173149K->16298K(176960K), 0.1392653 secs] 293137K->138814K(367000K), 0.1397317 secs] [Times: user=0.05 sys=0.00, real=0.14 secs] 
2020-03-19T13:10:13.196+0800: 14616.820: [GC (Allocation Failure) 2020-03-19T13:10:13.196+0800: 14616.821: [ParNew: 173610K->11401K(176960K), 0.0212146 secs] 296126K->136551K(367000K), 0.0217565 secs] [Times: user=0.02 sys=0.01, real=0.02 secs] 
2020-03-19T13:10:15.443+0800: 14619.067: [GC (Allocation Failure) 2020-03-19T13:10:15.443+0800: 14619.067: [ParNew: 168713K->7117K(176960K), 0.0216846 secs] 293863K->132267K(367000K), 0.0220824 secs] [Times: user=0.03 sys=0.00, real=0.02 secs] 
2020-03-19T13:10:15.696+0800: 14619.321: [GC (Allocation Failure) 2020-03-19T13:10:15.696+0800: 14619.321: [ParNew: 164429K->11954K(176960K), 0.0192887 secs] 289579K->137103K(367000K), 0.0196170 secs] [Times: user=0.03 sys=0.00, real=0.02 secs] 
2020-03-19T13:10:16.056+0800: 14619.680: [GC (Allocation Failure) 2020-03-19T13:10:16.056+0800: 14619.681: [ParNew: 169266K->13462K(176960K), 0.0761712 secs] 294415K->139733K(367000K), 0.0768255 secs] [Times: user=0.04 sys=0.00, real=0.08 secs] 
2020-03-19T13:10:16.629+0800: 14620.253: [GC (Allocation Failure) 2020-03-19T13:10:16.630+0800: 14620.254: [ParNew: 170774K->19648K(176960K), 0.0891340 secs] 297045K->147253K(367000K), 0.0906380 secs] [Times: user=0.04 sys=0.00, real=0.09 secs] 
2020-03-19T13:10:17.030+0800: 14620.655: [GC (Allocation Failure) 2020-03-19T13:10:17.031+0800: 14620.655: [ParNew: 176960K->12730K(176960K), 0.0745549 secs] 304565K->144271K(367000K), 0.0752093 secs] [Times: user=0.04 sys=0.00, real=0.07 secs] 
2020-03-19T13:10:17.425+0800: 14621.050: [GC (Allocation Failure) 2020-03-19T13:10:17.425+0800: 14621.050: [ParNew: 170042K->8684K(176960K), 0.0342313 secs] 301583K->140225K(367000K), 0.0349075 secs] [Times: user=0.04 sys=0.00, real=0.04 secs] 
2020-03-19T13:10:21.893+0800: 14625.518: [GC (Allocation Failure) 2020-03-19T13:10:21.897+0800: 14625.521: [ParNew: 165996K->6713K(176960K), 0.0203947 secs] 297537K->138253K(367000K), 0.0237640 secs] [Times: user=0.03 sys=0.01, real=0.02 secs] 
2020-03-19T13:10:26.336+0800: 14629.960: [GC (Allocation Failure) 2020-03-19T13:10:26.336+0800: 14629.960: [ParNew: 164025K->10184K(176960K), 0.0382176 secs] 295565K->141724K(367000K), 0.0386723 secs] [Times: user=0.04 sys=0.00, real=0.04 secs] 
2020-03-19T13:10:30.922+0800: 14634.546: [GC (Allocation Failure) 2020-03-19T13:10:30.922+0800: 14634.546: [ParNew: 167496K->10800K(176960K), 0.0215253 secs] 299036K->142340K(367000K), 0.0219060 secs] [Times: user=0.04 sys=0.00, real=0.02 secs] 
2020-03-19T13:10:35.664+0800: 14639.289: [GC (Allocation Failure) 2020-03-19T13:10:35.664+0800: 14639.289: [ParNew: 168112K->12698K(176960K), 0.0519694 secs] 299652K->144239K(367000K), 0.0524613 secs] [Times: user=0.04 sys=0.00, real=0.05 secs] 
2020-03-19T13:10:36.054+0800: 14639.679: [GC (Allocation Failure) 2020-03-19T13:10:36.055+0800: 14639.679: [ParNew: 170010K->18730K(176960K), 0.0295892 secs] 301551K->150270K(367000K), 0.0299381 secs] [Times: user=0.05 sys=0.00, real=0.03 secs] 
2020-03-19T13:10:36.351+0800: 14639.975: [GC (Allocation Failure) 2020-03-19T13:10:36.351+0800: 14639.975: [ParNew: 176042K->19648K(176960K), 0.0671187 secs] 307582K->158795K(367000K), 0.0675923 secs] [Times: user=0.07 sys=0.00, real=0.07 secs] 
2020-03-19T13:10:36.732+0800: 14640.357: [GC (Allocation Failure) 2020-03-19T13:10:36.733+0800: 14640.357: [ParNew: 176960K->13832K(176960K), 0.0886701 secs] 316107K->152979K(367000K), 0.0891076 secs] [Times: user=0.05 sys=0.00, real=0.09 secs] 
2020-03-19T13:10:37.125+0800: 14640.750: [GC (Allocation Failure) 2020-03-19T13:10:37.126+0800: 14640.750: [ParNew: 171144K->18684K(176960K), 0.1289668 secs] 310291K->161356K(367000K), 0.1294343 secs] [Times: user=0.07 sys=0.00, real=0.13 secs] 
2020-03-19T13:10:37.478+0800: 14641.102: [GC (Allocation Failure) 2020-03-19T13:10:37.478+0800: 14641.102: [ParNew: 175996K->9559K(176960K), 0.0466841 secs] 318668K->154962K(367000K), 0.0472280 secs] [Times: user=0.03 sys=0.00, real=0.05 secs] 
2020-03-19T13:10:39.400+0800: 14643.024: [GC (Allocation Failure) 2020-03-19T13:10:39.400+0800: 14643.025: [ParNew: 166871K->6122K(176960K), 0.0234412 secs] 312274K->151525K(367000K), 0.0239484 secs] [Times: user=0.03 sys=0.00, real=0.02 secs] 
2020-03-19T13:10:42.850+0800: 14646.474: [GC (Allocation Failure) 2020-03-19T13:10:42.850+0800: 14646.475: [ParNew: 163434K->4074K(176960K), 0.0167420 secs] 308837K->149478K(367000K), 0.0171216 secs] [Times: user=0.02 sys=0.00, real=0.02 secs] 
2020-03-19T13:10:45.838+0800: 14649.462: [GC (Allocation Failure) 2020-03-19T13:10:45.838+0800: 14649.462: [ParNew: 161386K->9112K(176960K), 0.0335807 secs] 306790K->154515K(367000K), 0.0340274 secs] [Times: user=0.04 sys=0.00, real=0.04 secs] 
2020-03-19T13:10:46.155+0800: 14649.780: [GC (Allocation Failure) 2020-03-19T13:10:46.156+0800: 14649.780: [ParNew: 166424K->12378K(176960K), 0.0360442 secs] 311827K->157782K(367000K), 0.0364914 secs] [Times: user=0.05 sys=0.00, real=0.04 secs] 
2020-03-19T13:10:46.662+0800: 14650.286: [GC (Allocation Failure) 2020-03-19T13:10:46.662+0800: 14650.287: [ParNew: 169690K->14644K(176960K), 0.0477659 secs] 315094K->161538K(367000K), 0.0483522 secs] [Times: user=0.04 sys=0.00, real=0.05 secs] 
2020-03-19T13:10:47.199+0800: 14650.824: [GC (Allocation Failure) 2020-03-19T13:10:47.199+0800: 14650.824: [ParNew: 171694K->15267K(176960K), 0.0648323 secs] 318589K->163506K(367000K), 0.0652675 secs] [Times: user=0.04 sys=0.00, real=0.06 secs] 
2020-03-19T13:10:47.646+0800: 14651.270: [GC (Allocation Failure) 2020-03-19T13:10:47.649+0800: 14651.274: [ParNew: 172579K->14520K(176960K), 0.0675334 secs] 320818K->162760K(367000K), 0.0708349 secs] [Times: user=0.06 sys=0.00, real=0.07 secs] 
2020-03-19T13:10:48.116+0800: 14651.741: [GC (Allocation Failure) 2020-03-19T13:10:48.117+0800: 14651.741: [ParNew: 171832K->10497K(176960K), 0.0218503 secs] 320072K->159637K(367000K), 0.0222934 secs] [Times: user=0.04 sys=0.00, real=0.03 secs] 
2020-03-19T13:10:51.629+0800: 14655.253: [GC (Allocation Failure) 2020-03-19T13:10:51.629+0800: 14655.253: [ParNew: 167809K->6345K(176960K), 0.0209217 secs] 316949K->155484K(367000K), 0.0212753 secs] [Times: user=0.02 sys=0.00, real=0.02 secs] 
2020-03-19T13:10:57.735+0800: 14661.359: [GC (Allocation Failure) 2020-03-19T13:10:57.735+0800: 14661.360: [ParNew: 163657K->6150K(176960K), 0.0344251 secs] 312796K->155290K(367000K), 0.0349075 secs] [Times: user=0.03 sys=0.00, real=0.04 secs] 
2020-03-19T13:11:02.289+0800: 14665.913: [GC (Allocation Failure) 2020-03-19T13:11:02.289+0800: 14665.914: [ParNew: 163462K->6109K(176960K), 0.0168474 secs] 312602K->155248K(367000K), 0.0172534 secs] [Times: user=0.03 sys=0.00, real=0.02 secs] 
2020-03-19T13:11:07.737+0800: 14671.361: [GC (Allocation Failure) 2020-03-19T13:11:07.737+0800: 14671.362: [ParNew: 163421K->7077K(176960K), 0.0149911 secs] 312560K->156217K(367000K), 0.0153240 secs] [Times: user=0.03 sys=0.00, real=0.02 secs] 
2020-03-19T13:11:14.428+0800: 14678.053: [GC (Allocation Failure) 2020-03-19T13:11:14.428+0800: 14678.053: [ParNew: 164389K->7551K(176960K), 0.0172640 secs] 313529K->156691K(367000K), 0.0176297 secs] [Times: user=0.03 sys=0.00, real=0.01 secs] 
2020-03-19T13:11:18.886+0800: 14682.510: [GC (Allocation Failure) 2020-03-19T13:11:18.886+0800: 14682.510: [ParNew: 164863K->7742K(176960K), 0.0272875 secs] 314003K->156881K(367000K), 0.0277709 secs] [Times: user=0.03 sys=0.00, real=0.03 secs] 
2020-03-19T13:11:25.997+0800: 14689.621: [GC (Allocation Failure) 2020-03-19T13:11:25.997+0800: 14689.622: [ParNew: 165054K->7958K(176960K), 0.0198477 secs] 314193K->157098K(367000K), 0.0202890 secs] [Times: user=0.03 sys=0.00, real=0.02 secs] 
2020-03-19T13:11:31.913+0800: 14695.537: [GC (Allocation Failure) 2020-03-19T13:11:31.913+0800: 14695.537: [ParNew: 165270K->8026K(176960K), 0.0260845 secs] 314410K->157166K(367000K), 0.0264947 secs] [Times: user=0.03 sys=0.00, real=0.03 secs] 
2020-03-19T13:11:37.683+0800: 14701.308: [GC (Allocation Failure) 2020-03-19T13:11:37.683+0800: 14701.308: [ParNew: 165338K->8011K(176960K), 0.0258043 secs] 314478K->157151K(367000K), 0.0262813 secs] [Times: user=0.03 sys=0.00, real=0.03 secs] 
2020-03-19T13:11:44.458+0800: 14708.083: [GC (Allocation Failure) 2020-03-19T13:11:44.458+0800: 14708.083: [ParNew: 165323K->8106K(176960K), 0.0236548 secs] 314463K->157246K(367000K), 0.0241804 secs] [Times: user=0.04 sys=0.00, real=0.03 secs] 
2020-03-19T13:11:49.431+0800: 14713.056: [GC (Allocation Failure) 2020-03-19T13:11:49.432+0800: 14713.056: [ParNew: 165418K->5390K(176960K), 0.0189752 secs] 314558K->155331K(367000K), 0.0194154 secs] [Times: user=0.04 sys=0.00, real=0.02 secs] 
2020-03-19T13:11:55.658+0800: 14719.283: [GC (Allocation Failure) 2020-03-19T13:11:55.658+0800: 14719.283: [ParNew: 162702K->7279K(176960K), 0.0218614 secs] 312643K->157904K(367000K), 0.0223377 secs] [Times: user=0.03 sys=0.00, real=0.02 secs] 
2020-03-19T13:12:00.670+0800: 14724.295: [GC (Allocation Failure) 2020-03-19T13:12:00.671+0800: 14724.295: [ParNew: 164591K->4025K(176960K), 0.0247821 secs] 315216K->155567K(367000K), 0.0251634 secs] [Times: user=0.03 sys=0.00, real=0.02 secs] 
2020-03-19T13:12:05.825+0800: 14729.450: [GC (Allocation Failure) 2020-03-19T13:12:05.825+0800: 14729.450: [ParNew: 161263K->7376K(176960K), 0.0164142 secs] 312805K->158925K(367000K), 0.0168065 secs] [Times: user=0.03 sys=0.00, real=0.02 secs] 
2020-03-19T13:12:12.961+0800: 14736.585: [GC (Allocation Failure) 2020-03-19T13:12:12.961+0800: 14736.586: [ParNew: 164682K->5838K(176960K), 0.0223297 secs] 316231K->157421K(367000K), 0.0230275 secs] [Times: user=0.03 sys=0.00, real=0.02 secs] 
2020-03-19T13:12:16.840+0800: 14740.465: [GC (Allocation Failure) 2020-03-19T13:12:16.841+0800: 14740.465: [ParNew: 163150K->3153K(176960K), 0.0162135 secs] 314733K->155498K(367000K), 0.0165981 secs] [Times: user=0.04 sys=0.00, real=0.01 secs] 
2020-03-19T13:12:16.859+0800: 14740.484: [GC (CMS Initial Mark) [1 CMS-initial-mark: 152345K(190040K)] 155958K(367000K), 0.0084803 secs] [Times: user=0.01 sys=0.00, real=0.01 secs] 
2020-03-19T13:12:16.868+0800: 14740.492: [CMS-concurrent-mark-start]
2020-03-19T13:12:17.060+0800: 14740.685: [CMS-concurrent-mark: 0.192/0.192 secs] [Times: user=0.20 sys=0.02, real=0.19 secs] 
2020-03-19T13:12:17.060+0800: 14740.685: [CMS-concurrent-preclean-start]
2020-03-19T13:12:17.064+0800: 14740.689: [CMS-concurrent-preclean: 0.004/0.004 secs] [Times: user=0.01 sys=0.00, real=0.00 secs] 
2020-03-19T13:12:17.065+0800: 14740.689: [CMS-concurrent-abortable-preclean-start]
2020-03-19T13:12:20.591+0800: 14744.216: [CMS-concurrent-abortable-preclean: 1.624/3.526 secs] [Times: user=1.72 sys=0.06, real=3.53 secs] 
2020-03-19T13:12:20.593+0800: 14744.218: [GC (CMS Final Remark) [YG occupancy: 83503 K (176960 K)]2020-03-19T13:12:20.593+0800: 14744.218: [Rescan (parallel) , 0.0372795 secs]2020-03-19T13:12:20.631+0800: 14744.255: [weak refs processing, 0.0015359 secs]2020-03-19T13:12:20.632+0800: 14744.257: [class unloading, 0.0649572 secs]2020-03-19T13:12:20.697+0800: 14744.322: [scrub symbol table, 0.0280752 secs]2020-03-19T13:12:20.725+0800: 14744.350: [scrub string table, 0.0027255 secs][1 CMS-remark: 152345K(190040K)] 235848K(367000K), 0.1607802 secs] [Times: user=0.19 sys=0.00, real=0.16 secs] 
2020-03-19T13:12:20.755+0800: 14744.380: [CMS-concurrent-sweep-start]
2020-03-19T13:12:20.844+0800: 14744.468: [CMS-concurrent-sweep: 0.087/0.089 secs] [Times: user=0.10 sys=0.01, real=0.09 secs] 
2020-03-19T13:12:20.844+0800: 14744.469: [CMS-concurrent-reset-start]
2020-03-19T13:12:20.845+0800: 14744.470: [CMS-concurrent-reset: 0.001/0.001 secs] [Times: user=0.00 sys=0.00, real=0.00 secs] 
2020-03-19T13:12:24.152+0800: 14747.777: [GC (Allocation Failure) 2020-03-19T13:12:24.152+0800: 14747.777: [ParNew: 160465K->2341K(176960K), 0.0233596 secs] 275434K->117312K(368576K), 0.0238286 secs] [Times: user=0.02 sys=0.00, real=0.02 secs] 
2020-03-19T13:12:30.541+0800: 14754.165: [GC (Allocation Failure) 2020-03-19T13:12:30.541+0800: 14754.166: [ParNew: 159653K->1776K(176960K), 0.0131542 secs] 274624K->116749K(368576K), 0.0136121 secs] [Times: user=0.03 sys=0.00, real=0.01 secs] 
2020-03-19T13:12:35.817+0800: 14759.442: [GC (Allocation Failure) 2020-03-19T13:12:35.817+0800: 14759.442: [ParNew: 158925K->3687K(176960K), 0.0145806 secs] 273897K->118661K(368576K), 0.0149446 secs] [Times: user=0.03 sys=0.00, real=0.02 secs] 
2020-03-19T13:12:42.938+0800: 14766.562: [GC (Allocation Failure) 2020-03-19T13:12:42.938+0800: 14766.563: [ParNew: 160999K->2750K(176960K), 0.0286482 secs] 275973K->117729K(368576K), 0.0290588 secs] [Times: user=0.03 sys=0.00, real=0.04 secs] 
2020-03-19T13:12:46.918+0800: 14770.543: [GC (Allocation Failure) 2020-03-19T13:12:46.918+0800: 14770.543: [ParNew: 160062K->2496K(176960K), 0.0153960 secs] 275041K->117479K(368576K), 0.0157751 secs] [Times: user=0.02 sys=0.00, real=0.01 secs] 
2020-03-19T13:12:54.031+0800: 14777.655: [GC (Allocation Failure) 2020-03-19T13:12:54.031+0800: 14777.655: [ParNew: 159808K->2526K(176960K), 0.0203700 secs] 274791K->117510K(368576K), 0.0207291 secs] [Times: user=0.02 sys=0.01, real=0.02 secs] 
2020-03-19T13:13:00.039+0800: 14783.664: [GC (Allocation Failure) 2020-03-19T13:13:00.040+0800: 14783.664: [ParNew: 159838K->3255K(176960K), 0.0205845 secs] 274822K->118239K(368576K), 0.0210745 secs] [Times: user=0.03 sys=0.00, real=0.02 secs] 
2020-03-19T13:13:04.484+0800: 14788.109: [GC (Allocation Failure) 2020-03-19T13:13:04.485+0800: 14788.109: [ParNew: 160567K->2095K(176960K), 0.0257154 secs] 275551K->117080K(368576K), 0.0264216 secs] [Times: user=0.03 sys=0.00, real=0.03 secs] 
2020-03-19T13:13:10.916+0800: 14794.540: [GC (Allocation Failure) 2020-03-19T13:13:10.916+0800: 14794.540: [ParNew: 159407K->2587K(176960K), 0.0128445 secs] 274392K->117574K(368576K), 0.0132409 secs] [Times: user=0.03 sys=0.00, real=0.02 secs] 
2020-03-19T13:13:15.739+0800: 14799.363: [GC (Allocation Failure) 2020-03-19T13:13:15.739+0800: 14799.363: [ParNew: 159899K->2548K(176960K), 0.0241983 secs] 274886K->117540K(368576K), 0.0246341 secs] [Times: user=0.03 sys=0.00, real=0.02 secs] 
2020-03-19T13:13:22.149+0800: 14805.773: [GC (Allocation Failure) 2020-03-19T13:13:22.149+0800: 14805.773: [ParNew: 159860K->2659K(176960K), 0.0150857 secs] 274852K->117651K(368576K), 0.0154661 secs] [Times: user=0.03 sys=0.00, real=0.01 secs] 
2020-03-19T13:13:29.148+0800: 14812.773: [GC (Allocation Failure) 2020-03-19T13:13:29.149+0800: 14812.773: [ParNew: 159971K->2478K(176960K), 0.0237162 secs] 274963K->117470K(368576K), 0.0241176 secs] [Times: user=0.03 sys=0.00, real=0.02 secs] 
2020-03-19T13:13:34.444+0800: 14818.068: [GC (Allocation Failure) 2020-03-19T13:13:34.444+0800: 14818.069: [ParNew: 159790K->2523K(176960K), 0.0221868 secs] 274782K->117517K(368576K), 0.0225709 secs] [Times: user=0.02 sys=0.00, real=0.03 secs] 
2020-03-19T13:13:40.932+0800: 14824.557: [GC (Allocation Failure) 2020-03-19T13:13:40.932+0800: 14824.557: [ParNew: 159835K->2444K(176960K), 0.0134870 secs] 274829K->117438K(368576K), 0.0138459 secs] [Times: user=0.02 sys=0.00, real=0.02 secs] 
2020-03-19T13:13:45.758+0800: 14829.383: [GC (Allocation Failure) 2020-03-19T13:13:45.758+0800: 14829.383: [ParNew: 159756K->2513K(176960K), 0.0212954 secs] 274750K->117511K(368576K), 0.0217986 secs] [Times: user=0.03 sys=0.00, real=0.03 secs] 
2020-03-19T13:13:52.387+0800: 14836.011: [GC (Allocation Failure) 2020-03-19T13:13:52.387+0800: 14836.012: [ParNew: 159825K->2950K(176960K), 0.0194514 secs] 274823K->117950K(368576K), 0.0199030 secs] [Times: user=0.03 sys=0.00, real=0.02 secs] 
2020-03-19T13:13:58.786+0800: 14842.411: [GC (Allocation Failure) 2020-03-19T13:13:58.786+0800: 14842.411: [ParNew: 160262K->2182K(176960K), 0.0142263 secs] 275262K->117186K(368576K), 0.0145720 secs] [Times: user=0.02 sys=0.00, real=0.01 secs] 
2020-03-19T13:14:02.959+0800: 14846.584: [GC (Allocation Failure) 2020-03-19T13:14:02.959+0800: 14846.584: [ParNew: 159494K->2309K(176960K), 0.0198187 secs] 274498K->117326K(368576K), 0.0201820 secs] [Times: user=0.02 sys=0.00, real=0.02 secs] 
2020-03-19T13:14:08.593+0800: 14852.218: [GC (Allocation Failure) 2020-03-19T13:14:08.593+0800: 14852.218: [ParNew: 159621K->2373K(176960K), 0.0167919 secs] 274638K->117405K(368576K), 0.0172307 secs] [Times: user=0.03 sys=0.00, real=0.02 secs] 
2020-03-19T13:14:14.802+0800: 14858.427: [GC (Allocation Failure) 2020-03-19T13:14:14.802+0800: 14858.427: [ParNew: 159685K->3258K(176960K), 0.0153242 secs] 274717K->118293K(368576K), 0.0156841 secs] [Times: user=0.03 sys=0.00, real=0.01 secs] 
2020-03-19T13:14:19.923+0800: 14863.548: [GC (Allocation Failure) 2020-03-19T13:14:19.924+0800: 14863.548: [ParNew: 160570K->3015K(176960K), 0.0281095 secs] 275605K->118053K(368576K), 0.0287218 secs] [Times: user=0.03 sys=0.00, real=0.03 secs] 
2020-03-19T13:14:26.832+0800: 14870.457: [GC (Allocation Failure) 2020-03-19T13:14:26.832+0800: 14870.457: [ParNew: 160327K->2284K(176960K), 0.0134587 secs] 275365K->117324K(368576K), 0.0138045 secs] [Times: user=0.03 sys=0.00, real=0.02 secs] 
2020-03-19T13:14:32.640+0800: 14876.265: [GC (Allocation Failure) 2020-03-19T13:14:32.640+0800: 14876.265: [ParNew: 159596K->2289K(176960K), 0.0215661 secs] 274636K->117331K(368576K), 0.0220360 secs] [Times: user=0.02 sys=0.00, real=0.02 secs] 
2020-03-19T13:14:38.439+0800: 14882.064: [GC (Allocation Failure) 2020-03-19T13:14:38.439+0800: 14882.064: [ParNew: 159601K->2357K(176960K), 0.0195696 secs] 274643K->117400K(368576K), 0.0199376 secs] [Times: user=0.02 sys=0.00, real=0.02 secs] 
2020-03-19T13:14:44.805+0800: 14888.430: [GC (Allocation Failure) 2020-03-19T13:14:44.805+0800: 14888.430: [ParNew: 159669K->3249K(176960K), 0.0153684 secs] 274712K->118296K(368576K), 0.0157258 secs] [Times: user=0.03 sys=0.00, real=0.02 secs] 
2020-03-19T13:14:50.149+0800: 14893.773: [GC (Allocation Failure) 2020-03-19T13:14:50.149+0800: 14893.774: [ParNew: 160561K->1986K(176960K), 0.0134472 secs] 275608K->117036K(368576K), 0.0139007 secs] [Times: user=0.03 sys=0.00, real=0.01 secs] 
2020-03-19T13:14:56.553+0800: 14900.177: [GC (Allocation Failure) 2020-03-19T13:14:56.553+0800: 14900.177: [ParNew: 159298K->1765K(176960K), 0.0143255 secs] 274348K->116815K(368576K), 0.0147126 secs] [Times: user=0.03 sys=0.00, real=0.02 secs] 
2020-03-19T13:15:00.870+0800: 14904.495: [GC (Allocation Failure) 2020-03-19T13:15:00.870+0800: 14904.495: [ParNew: 159077K->3240K(176960K), 0.0216056 secs] 274127K->118290K(368576K), 0.0220158 secs] [Times: user=0.02 sys=0.00, real=0.02 secs] 
2020-03-19T13:15:06.450+0800: 14910.074: [GC (Allocation Failure) 2020-03-19T13:15:06.450+0800: 14910.074: [ParNew: 160552K->3066K(176960K), 0.0208649 secs] 275602K->118117K(368576K), 0.0213095 secs] [Times: user=0.02 sys=0.00, real=0.02 secs] 
2020-03-19T13:15:13.684+0800: 14917.308: [GC (Allocation Failure) 2020-03-19T13:15:13.684+0800: 14917.309: [ParNew: 160378K->2272K(176960K), 0.0140723 secs] 275429K->117328K(368576K), 0.0144971 secs] [Times: user=0.03 sys=0.00, real=0.02 secs] 
2020-03-19T13:15:17.774+0800: 14921.398: [GC (Allocation Failure) 2020-03-19T13:15:17.774+0800: 14921.399: [ParNew: 159584K->2962K(176960K), 0.0282487 secs] 274640K->118020K(368576K), 0.0287745 secs] [Times: user=0.03 sys=0.00, real=0.03 secs] 
2020-03-19T13:15:24.807+0800: 14928.431: [GC (Allocation Failure) 2020-03-19T13:15:24.807+0800: 14928.431: [ParNew: 160274K->2011K(176960K), 0.0139152 secs] 275332K->117069K(368576K), 0.0142797 secs] [Times: user=0.03 sys=0.00, real=0.01 secs] 
2020-03-19T13:15:30.771+0800: 14934.396: [GC (Allocation Failure) 2020-03-19T13:15:30.771+0800: 14934.396: [ParNew: 159323K->2876K(176960K), 0.0146651 secs] 274381K->117934K(368576K), 0.0151055 secs] [Times: user=0.03 sys=0.00, real=0.02 secs] 
2020-03-19T13:15:36.553+0800: 14940.177: [GC (Allocation Failure) 2020-03-19T13:15:36.553+0800: 14940.177: [ParNew: 160188K->2021K(176960K), 0.0134956 secs] 275246K->117081K(368576K), 0.0139748 secs] [Times: user=0.03 sys=0.00, real=0.02 secs] 
2020-03-19T13:15:43.788+0800: 14947.413: [GC (Allocation Failure) 2020-03-19T13:15:43.788+0800: 14947.413: [ParNew: 159333K->2604K(176960K), 0.0250507 secs] 274393K->117666K(368576K), 0.0254569 secs] [Times: user=0.02 sys=0.00, real=0.02 secs] 
2020-03-19T13:15:48.072+0800: 14951.696: [GC (Allocation Failure) 2020-03-19T13:15:48.072+0800: 14951.697: [ParNew: 159916K->2432K(176960K), 0.0171650 secs] 274978K->117496K(368576K), 0.0176875 secs] [Times: user=0.03 sys=0.00, real=0.02 secs] 
2020-03-19T13:15:54.547+0800: 14958.172: [GC (Allocation Failure) 2020-03-19T13:15:54.548+0800: 14958.172: [ParNew: 159744K->2480K(176960K), 0.0193566 secs] 274808K->117544K(368576K), 0.0197968 secs] [Times: user=0.03 sys=0.00, real=0.02 secs] 
2020-03-19T13:16:00.075+0800: 14963.700: [GC (Allocation Failure) 2020-03-19T13:16:00.075+0800: 14963.700: [ParNew: 159792K->3196K(176960K), 0.0206585 secs] 274856K->118262K(368576K), 0.0211214 secs] [Times: user=0.03 sys=0.00, real=0.02 secs] 
2020-03-19T13:16:05.336+0800: 14968.961: [GC (Allocation Failure) 2020-03-19T13:16:05.336+0800: 14968.961: [ParNew: 160508K->2066K(176960K), 0.0204719 secs] 275574K->117132K(368576K), 0.0208371 secs] [Times: user=0.03 sys=0.00, real=0.02 secs] 
2020-03-19T13:16:11.892+0800: 14975.516: [GC (Allocation Failure) 2020-03-19T13:16:11.892+0800: 14975.517: [ParNew: 159378K->1778K(176960K), 0.0150031 secs] 274444K->116847K(368576K), 0.0155969 secs] [Times: user=0.03 sys=0.00, real=0.02 secs] 
2020-03-19T13:16:15.921+0800: 14979.545: [GC (Allocation Failure) 2020-03-19T13:16:15.921+0800: 14979.546: [ParNew: 159090K->2435K(176960K), 0.0247422 secs] 274159K->117507K(368576K), 0.0251843 secs] [Times: user=0.02 sys=0.00, real=0.03 secs] 
2020-03-19T13:16:23.105+0800: 14986.730: [GC (Allocation Failure) 2020-03-19T13:16:23.106+0800: 14986.730: [ParNew: 159747K->2071K(176960K), 0.0157108 secs] 274819K->117145K(368576K), 0.0160727 secs] [Times: user=0.03 sys=0.00, real=0.02 secs] 
2020-03-19T13:16:29.810+0800: 14993.434: [GC (Allocation Failure) 2020-03-19T13:16:29.810+0800: 14993.435: [ParNew: 159383K->2543K(176960K), 0.0193061 secs] 274457K->117618K(368576K), 0.0196505 secs] [Times: user=0.02 sys=0.01, real=0.02 secs] 
2020-03-19T13:16:35.299+0800: 14998.923: [GC (Allocation Failure) 2020-03-19T13:16:35.299+0800: 14998.923: [ParNew: 159855K->2005K(176960K), 0.0165962 secs] 274930K->117082K(368576K), 0.0170028 secs] [Times: user=0.02 sys=0.00, real=0.01 secs] 
2020-03-19T13:16:41.896+0800: 15005.520: [GC (Allocation Failure) 2020-03-19T13:16:41.896+0800: 15005.521: [ParNew: 159317K->2599K(176960K), 0.0139303 secs] 274394K->117678K(368576K), 0.0142618 secs] [Times: user=0.03 sys=0.00, real=0.02 secs] 
2020-03-19T13:16:46.096+0800: 15009.720: [GC (Allocation Failure) 2020-03-19T13:16:46.096+0800: 15009.721: [ParNew: 159911K->3250K(176960K), 0.0456818 secs] 274990K->118334K(368576K), 0.0463746 secs] [Times: user=0.04 sys=0.00, real=0.05 secs] 
2020-03-19T13:16:52.990+0800: 15016.615: [GC (Allocation Failure) 2020-03-19T13:16:52.990+0800: 15016.615: [ParNew: 160562K->2080K(176960K), 0.0137511 secs] 275646K->117165K(368576K), 0.0141241 secs] [Times: user=0.02 sys=0.01, real=0.01 secs] 
2020-03-19T13:16:59.664+0800: 15023.288: [GC (Allocation Failure) 2020-03-19T13:16:59.664+0800: 15023.288: [ParNew: 159392K->1697K(176960K), 0.0138554 secs] 274477K->116782K(368576K), 0.0142321 secs] [Times: user=0.02 sys=0.00, real=0.02 secs] 
2020-03-19T13:17:03.685+0800: 15027.309: [GC (Allocation Failure) 2020-03-19T13:17:03.685+0800: 15027.310: [ParNew: 159009K->1698K(176960K), 0.0133865 secs] 274094K->116784K(368576K), 0.0138045 secs] [Times: user=0.03 sys=0.00, real=0.02 secs] 
2020-03-19T13:17:09.454+0800: 15033.078: [GC (Allocation Failure) 2020-03-19T13:17:09.454+0800: 15033.079: [ParNew: 159010K->2419K(176960K), 0.0166633 secs] 274096K->117506K(368576K), 0.0171201 secs] [Times: user=0.03 sys=0.00, real=0.02 secs] 
2020-03-19T13:17:14.924+0800: 15038.549: [GC (Allocation Failure) 2020-03-19T13:17:14.924+0800: 15038.549: [ParNew: 159731K->3289K(176960K), 0.0153705 secs] 274818K->118380K(368576K), 0.0158011 secs] [Times: user=0.03 sys=0.00, real=0.02 secs] 
2020-03-19T13:17:20.494+0800: 15044.119: [GC (Allocation Failure) 2020-03-19T13:17:20.494+0800: 15044.119: [ParNew: 160601K->2001K(176960K), 0.0136122 secs] 275692K->117092K(368576K), 0.0139657 secs] [Times: user=0.02 sys=0.00, real=0.02 secs] 
2020-03-19T13:17:27.137+0800: 15050.762: [GC (Allocation Failure) 2020-03-19T13:17:27.137+0800: 15050.762: [ParNew: 159313K->2628K(176960K), 0.0152287 secs] 274404K->117720K(368576K), 0.0156092 secs] [Times: user=0.03 sys=0.00, real=0.02 secs] 
2020-03-19T13:17:33.144+0800: 15056.769: [GC (Allocation Failure) 2020-03-19T13:17:33.145+0800: 15056.769: [ParNew: 159940K->2524K(176960K), 0.0221366 secs] 275032K->117616K(368576K), 0.0226687 secs] [Times: user=0.02 sys=0.00, real=0.03 secs] 
2020-03-19T13:17:39.173+0800: 15062.798: [GC (Allocation Failure) 2020-03-19T13:17:39.174+0800: 15062.798: [ParNew: 159836K->2419K(176960K), 0.0129451 secs] 274928K->117511K(368576K), 0.0133167 secs] [Times: user=0.03 sys=0.00, real=0.02 secs] 
2020-03-19T13:17:44.962+0800: 15068.587: [GC (Allocation Failure) 2020-03-19T13:17:44.963+0800: 15068.587: [ParNew: 159731K->3283K(176960K), 0.0156309 secs] 274823K->118379K(368576K), 0.0160142 secs] [Times: user=0.03 sys=0.00, real=0.02 secs] 
2020-03-19T13:17:50.711+0800: 15074.336: [GC (Allocation Failure) 2020-03-19T13:17:50.711+0800: 15074.336: [ParNew: 160595K->2000K(176960K), 0.0151096 secs] 275691K->117098K(368576K), 0.0154943 secs] [Times: user=0.03 sys=0.00, real=0.02 secs] 
2020-03-19T13:17:56.992+0800: 15080.616: [GC (Allocation Failure) 2020-03-19T13:17:56.992+0800: 15080.617: [ParNew: 159312K->1778K(176960K), 0.0134753 secs] 274410K->116876K(368576K), 0.0138735 secs] [Times: user=0.03 sys=0.00, real=0.01 secs] 
2020-03-19T13:18:01.552+0800: 15085.177: [GC (Allocation Failure) 2020-03-19T13:18:01.552+0800: 15085.177: [ParNew: 159090K->1707K(176960K), 0.0133820 secs] 274188K->116808K(368576K), 0.0137499 secs] [Times: user=0.03 sys=0.00, real=0.02 secs] 
2020-03-19T13:18:06.890+0800: 15090.515: [GC (Allocation Failure) 2020-03-19T13:18:06.891+0800: 15090.515: [ParNew: 159019K->3120K(176960K), 0.0190260 secs] 274120K->118222K(368576K), 0.0195568 secs] [Times: user=0.02 sys=0.00, real=0.02 secs] 
2020-03-19T13:18:13.685+0800: 15097.310: [GC (Allocation Failure) 2020-03-19T13:18:13.685+0800: 15097.310: [ParNew: 160432K->2056K(176960K), 0.0137201 secs] 275534K->117161K(368576K), 0.0141710 secs] [Times: user=0.03 sys=0.00, real=0.02 secs] 
2020-03-19T13:18:16.857+0800: 15100.481: [GC (Allocation Failure) 2020-03-19T13:18:16.857+0800: 15100.481: [ParNew: 159368K->2193K(176960K), 0.0180286 secs] 274473K->117302K(368576K), 0.0184240 secs] [Times: user=0.03 sys=0.00, real=0.02 secs] 
2020-03-19T13:18:24.143+0800: 15107.768: [GC (Allocation Failure) 2020-03-19T13:18:24.144+0800: 15107.768: [ParNew: 159505K->2433K(176960K), 0.0242960 secs] 274614K->117544K(368576K), 0.0247961 secs] [Times: user=0.02 sys=0.00, real=0.03 secs] 
2020-03-19T13:18:30.335+0800: 15113.959: [GC (Allocation Failure) 2020-03-19T13:18:30.335+0800: 15113.960: [ParNew: 159745K->2387K(176960K), 0.0201676 secs] 274856K->117499K(368576K), 0.0205392 secs] [Times: user=0.02 sys=0.00, real=0.02 secs] 
2020-03-19T13:18:35.817+0800: 15119.442: [GC (Allocation Failure) 2020-03-19T13:18:35.817+0800: 15119.442: [ParNew: 159158K->4415K(176960K), 0.0140991 secs] 274270K->119529K(368576K), 0.0144298 secs] [Times: user=0.02 sys=0.00, real=0.02 secs] 
2020-03-19T13:18:43.072+0800: 15126.697: [GC (Allocation Failure) 2020-03-19T13:18:43.072+0800: 15126.697: [ParNew: 161727K->2235K(176960K), 0.0138497 secs] 276841K->117354K(368576K), 0.0142049 secs] [Times: user=0.02 sys=0.00, real=0.02 secs] 
2020-03-19T13:18:47.015+0800: 15130.640: [GC (Allocation Failure) 2020-03-19T13:18:47.016+0800: 15130.640: [ParNew: 159547K->2931K(176960K), 0.0133950 secs] 274666K->118057K(368576K), 0.0137722 secs] [Times: user=0.03 sys=0.00, real=0.02 secs] 
2020-03-19T13:18:53.936+0800: 15137.560: [GC (Allocation Failure) 2020-03-19T13:18:53.936+0800: 15137.560: [ParNew: 160243K->2491K(176960K), 0.0283499 secs] 275369K->117617K(368576K), 0.0287804 secs] [Times: user=0.03 sys=0.00, real=0.03 secs] 
2020-03-19T13:19:00.046+0800: 15143.671: [GC (Allocation Failure) 2020-03-19T13:19:00.047+0800: 15143.671: [ParNew: 159803K->2871K(176960K), 0.0290177 secs] 274929K->117997K(368576K), 0.0295044 secs] [Times: user=0.03 sys=0.00, real=0.02 secs] 
2020-03-19T13:19:04.552+0800: 15148.176: [GC (Allocation Failure) 2020-03-19T13:19:04.552+0800: 15148.177: [ParNew: 160183K->2024K(176960K), 0.0147544 secs] 275309K->117150K(368576K), 0.0151661 secs] [Times: user=0.03 sys=0.00, real=0.02 secs] 
2020-03-19T13:19:10.711+0800: 15154.335: [GC (Allocation Failure) 2020-03-19T13:19:10.711+0800: 15154.336: [ParNew: 159336K->2526K(176960K), 0.0180634 secs] 274462K->117655K(368576K), 0.0184474 secs] [Times: user=0.02 sys=0.00, real=0.02 secs] 
2020-03-19T13:19:15.738+0800: 15159.362: [GC (Allocation Failure) 2020-03-19T13:19:15.738+0800: 15159.363: [ParNew: 159838K->2496K(176960K), 0.0185715 secs] 274967K->117628K(368576K), 0.0190114 secs] [Times: user=0.02 sys=0.00, real=0.02 secs] 
2020-03-19T13:19:22.243+0800: 15165.867: [GC (Allocation Failure) 2020-03-19T13:19:22.243+0800: 15165.867: [ParNew: 159808K->2588K(176960K), 0.0168482 secs] 274940K->117720K(368576K), 0.0172763 secs] [Times: user=0.02 sys=0.01, real=0.02 secs] 
2020-03-19T13:19:29.131+0800: 15172.755: [GC (Allocation Failure) 2020-03-19T13:19:29.131+0800: 15172.755: [ParNew: 159900K->2427K(176960K), 0.0194754 secs] 275032K->117561K(368576K), 0.0198432 secs] [Times: user=0.02 sys=0.00, real=0.02 secs] 
2020-03-19T13:19:34.429+0800: 15178.053: [GC (Allocation Failure) 2020-03-19T13:19:34.429+0800: 15178.054: [ParNew: 159739K->2475K(176960K), 0.0206098 secs] 274873K->117609K(368576K), 0.0210618 secs] [Times: user=0.02 sys=0.00, real=0.02 secs] 
2020-03-19T13:19:40.800+0800: 15184.424: [GC (Allocation Failure) 2020-03-19T13:19:40.800+0800: 15184.425: [ParNew: 159787K->2398K(176960K), 0.0264505 secs] 274921K->117533K(368576K), 0.0269774 secs] [Times: user=0.03 sys=0.00, real=0.03 secs] 
2020-03-19T13:19:45.759+0800: 15189.384: [GC (Allocation Failure) 2020-03-19T13:19:45.760+0800: 15189.384: [ParNew: 159710K->3266K(176960K), 0.0149837 secs] 274845K->118403K(368576K), 0.0153427 secs] [Times: user=0.03 sys=0.00, real=0.01 secs] 
2020-03-19T13:19:52.330+0800: 15195.954: [GC (Allocation Failure) 2020-03-19T13:19:52.330+0800: 15195.954: [ParNew: 160578K->1957K(176960K), 0.0139085 secs] 275715K->117095K(368576K), 0.0142810 secs] [Times: user=0.03 sys=0.00, real=0.01 secs] 
2020-03-19T13:19:58.684+0800: 15202.308: [GC (Allocation Failure) 2020-03-19T13:19:58.684+0800: 15202.309: [ParNew: 159269K->2505K(176960K), 0.0157826 secs] 274407K->117644K(368576K), 0.0162200 secs] [Times: user=0.03 sys=0.00, real=0.02 secs] 
2020-03-19T13:20:03.042+0800: 15206.667: [GC (Allocation Failure) 2020-03-19T13:20:03.043+0800: 15206.667: [ParNew: 159817K->1702K(176960K), 0.0140000 secs] 274956K->116842K(368576K), 0.0145665 secs] [Times: user=0.02 sys=0.01, real=0.01 secs] 
2020-03-19T13:20:08.602+0800: 15212.226: [GC (Allocation Failure) 2020-03-19T13:20:08.602+0800: 15212.227: [ParNew: 159014K->2407K(176960K), 0.0135670 secs] 274154K->117548K(368576K), 0.0141252 secs] [Times: user=0.03 sys=0.00, real=0.01 secs] 
2020-03-19T13:20:14.783+0800: 15218.408: [GC (Allocation Failure) 2020-03-19T13:20:14.784+0800: 15218.408: [ParNew: 159719K->2468K(176960K), 0.0235617 secs] 274860K->117614K(368576K), 0.0239955 secs] [Times: user=0.02 sys=0.00, real=0.03 secs] 
2020-03-19T13:20:19.932+0800: 15223.557: [GC (Allocation Failure) 2020-03-19T13:20:19.933+0800: 15223.557: [ParNew: 159780K->1851K(176960K), 0.0282929 secs] 274926K->116999K(368576K), 0.0289210 secs] [Times: user=0.02 sys=0.00, real=0.03 secs] 
2020-03-19T13:20:26.639+0800: 15230.263: [GC (Allocation Failure) 2020-03-19T13:20:26.639+0800: 15230.264: [ParNew: 159163K->2565K(176960K), 0.0231762 secs] 274311K->117715K(368576K), 0.0235784 secs] [Times: user=0.03 sys=0.00, real=0.02 secs] 
2020-03-19T13:20:32.633+0800: 15236.257: [GC (Allocation Failure) 2020-03-19T13:20:32.633+0800: 15236.258: [ParNew: 159877K->2495K(176960K), 0.0199979 secs] 275027K->117645K(368576K), 0.0203824 secs] [Times: user=0.03 sys=0.00, real=0.02 secs] 
2020-03-19T13:20:38.654+0800: 15242.278: [GC (Allocation Failure) 2020-03-19T13:20:38.654+0800: 15242.279: [ParNew: 159807K->2397K(176960K), 0.0192622 secs] 274957K->117550K(368576K), 0.0197415 secs] [Times: user=0.03 sys=0.00, real=0.02 secs] 
2020-03-19T13:20:44.806+0800: 15248.430: [GC (Allocation Failure) 2020-03-19T13:20:44.806+0800: 15248.431: [ParNew: 159709K->2463K(176960K), 0.0249461 secs] 274862K->117620K(368576K), 0.0254334 secs] [Times: user=0.04 sys=0.00, real=0.03 secs] 
2020-03-19T13:20:50.247+0800: 15253.872: [GC (Allocation Failure) 2020-03-19T13:20:50.248+0800: 15253.872: [ParNew: 159775K->1978K(176960K), 0.0381483 secs] 274932K->117138K(368576K), 0.0386736 secs] [Times: user=0.03 sys=0.00, real=0.04 secs] 
2020-03-19T13:20:56.553+0800: 15260.177: [GC (Allocation Failure) 2020-03-19T13:20:56.553+0800: 15260.178: [ParNew: 159290K->1764K(176960K), 0.0204841 secs] 274450K->116925K(368576K), 0.0209310 secs] [Times: user=0.02 sys=0.00, real=0.02 secs] 
2020-03-19T13:21:00.776+0800: 15264.401: [GC (Allocation Failure) 2020-03-19T13:21:00.776+0800: 15264.401: [ParNew: 159076K->3239K(176960K), 0.0143268 secs] 274237K->118400K(368576K), 0.0147352 secs] [Times: user=0.02 sys=0.00, real=0.02 secs] 
2020-03-19T13:21:06.452+0800: 15270.076: [GC (Allocation Failure) 2020-03-19T13:21:06.452+0800: 15270.076: [ParNew: 160551K->2066K(176960K), 0.0154907 secs] 275712K->117227K(368576K), 0.0158596 secs] [Times: user=0.02 sys=0.00, real=0.02 secs] 
2020-03-19T13:21:13.655+0800: 15277.280: [GC (Allocation Failure) 2020-03-19T13:21:13.655+0800: 15277.280: [ParNew: 159378K->1773K(176960K), 0.0144187 secs] 274539K->116937K(368576K), 0.0148109 secs] [Times: user=0.03 sys=0.00, real=0.02 secs] 
2020-03-19T13:21:17.634+0800: 15281.258: [GC (Allocation Failure) 2020-03-19T13:21:17.634+0800: 15281.259: [ParNew: 159085K->1624K(176960K), 0.0151419 secs] 274249K->116790K(368576K), 0.0156020 secs] [Times: user=0.03 sys=0.00, real=0.02 secs] 
2020-03-19T13:21:24.797+0800: 15288.422: [GC (Allocation Failure) 2020-03-19T13:21:24.798+0800: 15288.422: [ParNew: 158936K->1686K(176960K), 0.0139935 secs] 274102K->116851K(368576K), 0.0143800 secs] [Times: user=0.03 sys=0.00, real=0.02 secs] 
2020-03-19T13:21:30.764+0800: 15294.389: [GC (Allocation Failure) 2020-03-19T13:21:30.764+0800: 15294.389: [ParNew: 158998K->3209K(176960K), 0.0187427 secs] 274163K->118375K(368576K), 0.0191020 secs] [Times: user=0.03 sys=0.00, real=0.02 secs] 
2020-03-19T13:21:36.393+0800: 15300.017: [GC (Allocation Failure) 2020-03-19T13:21:36.393+0800: 15300.017: [ParNew: 160521K->2021K(176960K), 0.0135851 secs] 275687K->117187K(368576K), 0.0139562 secs] [Times: user=0.02 sys=0.00, real=0.02 secs] 
2020-03-19T13:21:43.684+0800: 15307.308: [GC (Allocation Failure) 2020-03-19T13:21:43.684+0800: 15307.308: [ParNew: 159333K->1765K(176960K), 0.0145528 secs] 274499K->116934K(368576K), 0.0149417 secs] [Times: user=0.03 sys=0.00, real=0.02 secs] 
2020-03-19T13:21:47.980+0800: 15311.604: [GC (Allocation Failure) 2020-03-19T13:21:47.980+0800: 15311.604: [ParNew: 159070K->2443K(176960K), 0.0205271 secs] 274238K->117614K(368576K), 0.0209273 secs] [Times: user=0.03 sys=0.00, real=0.02 secs] 
2020-03-19T13:21:54.429+0800: 15318.053: [GC (Allocation Failure) 2020-03-19T13:21:54.429+0800: 15318.054: [ParNew: 159755K->2482K(176960K), 0.0172238 secs] 274926K->117654K(368576K), 0.0177764 secs] [Times: user=0.03 sys=0.00, real=0.02 secs] 
2020-03-19T13:22:00.084+0800: 15323.709: [GC (Allocation Failure) 2020-03-19T13:22:00.085+0800: 15323.709: [ParNew: 159794K->2402K(176960K), 0.0193529 secs] 274966K->117575K(368576K), 0.0199846 secs] [Times: user=0.03 sys=0.01, real=0.02 secs] 
2020-03-19T13:22:05.292+0800: 15328.916: [GC (Allocation Failure) 2020-03-19T13:22:05.292+0800: 15328.917: [ParNew: 159714K->2067K(176960K), 0.0242819 secs] 274887K->117241K(368576K), 0.0246981 secs] [Times: user=0.03 sys=0.00, real=0.02 secs] 
2020-03-19T13:22:11.891+0800: 15335.515: [GC (Allocation Failure) 2020-03-19T13:22:11.891+0800: 15335.516: [ParNew: 159379K->2623K(176960K), 0.0262830 secs] 274553K->117801K(368576K), 0.0267089 secs] [Times: user=0.02 sys=0.00, real=0.02 secs] 
2020-03-19T13:22:15.804+0800: 15339.429: [GC (Allocation Failure) 2020-03-19T13:22:15.805+0800: 15339.429: [ParNew: 159935K->2431K(176960K), 0.0172308 secs] 275113K->117614K(368576K), 0.0176877 secs] [Times: user=0.03 sys=0.00, real=0.02 secs] 
2020-03-19T13:22:23.123+0800: 15346.747: [GC (Allocation Failure) 2020-03-19T13:22:23.123+0800: 15346.747: [ParNew: 159743K->2067K(176960K), 0.0141399 secs] 274926K->117252K(368576K), 0.0145307 secs] [Times: user=0.03 sys=0.00, real=0.01 secs] 
2020-03-19T13:22:29.777+0800: 15353.401: [GC (Allocation Failure) 2020-03-19T13:22:29.777+0800: 15353.402: [ParNew: 159379K->2542K(176960K), 0.0205773 secs] 274564K->117727K(368576K), 0.0210599 secs] [Times: user=0.02 sys=0.00, real=0.02 secs] 
2020-03-19T13:22:35.136+0800: 15358.760: [GC (Allocation Failure) 2020-03-19T13:22:35.136+0800: 15358.760: [ParNew: 159854K->1917K(176960K), 0.0207454 secs] 275039K->117104K(368576K), 0.0211716 secs] [Times: user=0.02 sys=0.00, real=0.02 secs] 
2020-03-19T13:22:41.895+0800: 15365.520: [GC (Allocation Failure) 2020-03-19T13:22:41.895+0800: 15365.520: [ParNew: 159229K->2561K(176960K), 0.0268863 secs] 274416K->117751K(368576K), 0.0273550 secs] [Times: user=0.03 sys=0.00, real=0.03 secs] 
2020-03-19T13:22:46.149+0800: 15369.774: [GC (Allocation Failure) 2020-03-19T13:22:46.150+0800: 15369.774: [ParNew: 159873K->3279K(176960K), 0.0276515 secs] 275063K->118473K(368576K), 0.0282609 secs] [Times: user=0.03 sys=0.00, real=0.02 secs] 
2020-03-19T13:22:52.953+0800: 15376.578: [GC (Allocation Failure) 2020-03-19T13:22:52.953+0800: 15376.578: [ParNew: 160591K->2071K(176960K), 0.0268198 secs] 275785K->117266K(368576K), 0.0272368 secs] [Times: user=0.02 sys=0.00, real=0.03 secs] 
2020-03-19T13:22:59.511+0800: 15383.136: [GC (Allocation Failure) 2020-03-19T13:22:59.512+0800: 15383.136: [ParNew: 159383K->2542K(176960K), 0.0156824 secs] 274578K->117737K(368576K), 0.0161505 secs] [Times: user=0.02 sys=0.00, real=0.02 secs] 
2020-03-19T13:23:03.684+0800: 15387.308: [GC (Allocation Failure) 2020-03-19T13:23:03.684+0800: 15387.308: [ParNew: 159854K->1693K(176960K), 0.0134628 secs] 275049K->116889K(368576K), 0.0138940 secs] [Times: user=0.02 sys=0.00, real=0.01 secs] 
2020-03-19T13:23:09.293+0800: 15392.918: [GC (Allocation Failure) 2020-03-19T13:23:09.294+0800: 15392.918: [ParNew: 159005K->2410K(176960K), 0.0199149 secs] 274201K->117607K(368576K), 0.0203706 secs] [Times: user=0.02 sys=0.00, real=0.02 secs] 
2020-03-19T13:23:14.907+0800: 15398.531: [GC (Allocation Failure) 2020-03-19T13:23:14.907+0800: 15398.532: [ParNew: 159722K->3271K(176960K), 0.0336427 secs] 274919K->118470K(368576K), 0.0341723 secs] [Times: user=0.02 sys=0.00, real=0.03 secs] 
2020-03-19T13:23:20.670+0800: 15404.295: [GC (Allocation Failure) 2020-03-19T13:23:20.671+0800: 15404.295: [ParNew: 160583K->2993K(176960K), 0.0198553 secs] 275782K->118193K(368576K), 0.0202611 secs] [Times: user=0.02 sys=0.00, real=0.02 secs] 
2020-03-19T13:23:27.519+0800: 15411.144: [GC (Allocation Failure) 2020-03-19T13:23:27.520+0800: 15411.144: [ParNew: 160305K->2275K(176960K), 0.0136062 secs] 275505K->117476K(368576K), 0.0139587 secs] [Times: user=0.03 sys=0.00, real=0.01 secs] 
2020-03-19T13:23:33.288+0800: 15416.912: [GC (Allocation Failure) 2020-03-19T13:23:33.288+0800: 15416.912: [ParNew: 159587K->3032K(176960K), 0.0139074 secs] 274788K->118233K(368576K), 0.0142810 secs] [Times: user=0.03 sys=0.00, real=0.01 secs] 
2020-03-19T13:23:39.308+0800: 15422.933: [GC (Allocation Failure) 2020-03-19T13:23:39.309+0800: 15422.933: [ParNew: 160344K->1941K(176960K), 0.0133592 secs] 275545K->117143K(368576K), 0.0137305 secs] [Times: user=0.03 sys=0.00, real=0.01 secs] 
2020-03-19T13:23:45.012+0800: 15428.636: [GC (Allocation Failure) 2020-03-19T13:23:45.012+0800: 15428.637: [ParNew: 159253K->2956K(176960K), 0.0249017 secs] 274455K->118161K(368576K), 0.0253448 secs] [Times: user=0.04 sys=0.00, real=0.02 secs] 
2020-03-19T13:23:50.742+0800: 15434.367: [GC (Allocation Failure) 2020-03-19T13:23:50.743+0800: 15434.367: [ParNew: 160268K->1955K(176960K), 0.0140567 secs] 275473K->117163K(368576K), 0.0144633 secs] [Times: user=0.02 sys=0.00, real=0.01 secs] 
2020-03-19T13:23:56.894+0800: 15440.518: [GC (Allocation Failure) 2020-03-19T13:23:56.894+0800: 15440.519: [ParNew: 159262K->1760K(176960K), 0.0154407 secs] 274470K->116968K(368576K), 0.0158796 secs] [Times: user=0.03 sys=0.00, real=0.02 secs] 
2020-03-19T13:24:01.523+0800: 15445.147: [GC (Allocation Failure) 2020-03-19T13:24:01.523+0800: 15445.148: [ParNew: 159072K->2514K(176960K), 0.0174160 secs] 274280K->117723K(368576K), 0.0178926 secs] [Times: user=0.03 sys=0.00, real=0.02 secs] 
2020-03-19T13:24:06.853+0800: 15450.478: [GC (Allocation Failure) 2020-03-19T13:24:06.854+0800: 15450.478: [ParNew: 159826K->2421K(176960K), 0.0129922 secs] 275035K->117631K(368576K), 0.0133661 secs] [Times: user=0.02 sys=0.00, real=0.02 secs] 
2020-03-19T13:24:14.151+0800: 15457.775: [GC (Allocation Failure) 2020-03-19T13:24:14.151+0800: 15457.775: [ParNew: 159733K->3275K(176960K), 0.0139516 secs] 274943K->118489K(368576K), 0.0143266 secs] [Times: user=0.03 sys=0.00, real=0.01 secs] 
2020-03-19T13:24:18.347+0800: 15461.971: [GC (Allocation Failure) 2020-03-19T13:24:18.347+0800: 15461.972: [ParNew: 160587K->2504K(176960K), 0.0200269 secs] 275801K->117722K(368576K), 0.0204729 secs] [Times: user=0.03 sys=0.00, real=0.02 secs] 
2020-03-19T13:24:25.405+0800: 15469.030: [GC (Allocation Failure) 2020-03-19T13:24:25.406+0800: 15469.030: [ParNew: 159816K->2968K(176960K), 0.0147996 secs] 275034K->118188K(368576K), 0.0152334 secs] [Times: user=0.03 sys=0.00, real=0.02 secs] 
2020-03-19T13:24:31.196+0800: 15474.821: [GC (Allocation Failure) 2020-03-19T13:24:31.197+0800: 15474.821: [ParNew: 160280K->2401K(176960K), 0.0156841 secs] 275500K->117622K(368576K), 0.0162572 secs] [Times: user=0.04 sys=0.00, real=0.02 secs] 
2020-03-19T13:24:36.831+0800: 15480.456: [GC (Allocation Failure) 2020-03-19T13:24:36.831+0800: 15480.456: [ParNew: 159713K->1905K(176960K), 0.0132422 secs] 274934K->117128K(368576K), 0.0135966 secs] [Times: user=0.02 sys=0.00, real=0.01 secs] 
2020-03-19T13:24:44.326+0800: 15487.950: [GC (Allocation Failure) 2020-03-19T13:24:44.326+0800: 15487.951: [ParNew: 159217K->2560K(176960K), 0.0219747 secs] 274440K->117787K(368576K), 0.0225417 secs] [Times: user=0.02 sys=0.00, real=0.03 secs] 
2020-03-19T13:24:48.692+0800: 15492.317: [GC (Allocation Failure) 2020-03-19T13:24:48.693+0800: 15492.317: [ParNew: 159872K->2417K(176960K), 0.0235845 secs] 275099K->117647K(368576K), 0.0239824 secs] [Times: user=0.02 sys=0.00, real=0.02 secs] 
2020-03-19T13:24:55.233+0800: 15498.858: [GC (Allocation Failure) 2020-03-19T13:24:55.234+0800: 15498.858: [ParNew: 159729K->2480K(176960K), 0.0140565 secs] 274959K->117710K(368576K), 0.0144600 secs] [Times: user=0.03 sys=0.00, real=0.02 secs] 
2020-03-19T13:25:00.282+0800: 15503.906: [GC (Allocation Failure) 2020-03-19T13:25:00.282+0800: 15503.906: [ParNew: 159792K->3197K(176960K), 0.0150316 secs] 275022K->118428K(368576K), 0.0154240 secs] [Times: user=0.03 sys=0.00, real=0.01 secs] 
2020-03-19T13:25:05.816+0800: 15509.441: [GC (Allocation Failure) 2020-03-19T13:25:05.816+0800: 15509.441: [ParNew: 160355K->3056K(176960K), 0.0138349 secs] 275585K->118287K(368576K), 0.0141863 secs] [Times: user=0.03 sys=0.00, real=0.02 secs] 
2020-03-19T13:25:12.503+0800: 15516.127: [GC (Allocation Failure) 2020-03-19T13:25:12.503+0800: 15516.128: [ParNew: 160368K->2144K(176960K), 0.0202407 secs] 275599K->117377K(368576K), 0.0206343 secs] [Times: user=0.02 sys=0.00, real=0.02 secs] 
2020-03-19T13:25:16.531+0800: 15520.155: [GC (Allocation Failure) 2020-03-19T13:25:16.531+0800: 15520.155: [ParNew: 159456K->2576K(176960K), 0.0136342 secs] 274689K->117810K(368576K), 0.0140617 secs] [Times: user=0.03 sys=0.00, real=0.01 secs] 
2020-03-19T13:25:23.677+0800: 15527.301: [GC (Allocation Failure) 2020-03-19T13:25:23.677+0800: 15527.302: [ParNew: 159888K->2532K(176960K), 0.0157317 secs] 275122K->117766K(368576K), 0.0161086 secs] [Times: user=0.02 sys=0.00, real=0.02 secs] 
2020-03-19T13:25:29.924+0800: 15533.549: [GC (Allocation Failure) 2020-03-19T13:25:29.925+0800: 15533.549: [ParNew: 159814K->3228K(176960K), 0.0151578 secs] 275048K->118463K(368576K), 0.0155722 secs] [Times: user=0.02 sys=0.00, real=0.02 secs] 
2020-03-19T13:25:35.680+0800: 15539.305: [GC (Allocation Failure) 2020-03-19T13:25:35.680+0800: 15539.305: [ParNew: 160540K->2081K(176960K), 0.0134464 secs] 275775K->117318K(368576K), 0.0138626 secs] [Times: user=0.02 sys=0.01, real=0.01 secs] 
2020-03-19T13:25:42.572+0800: 15546.197: [GC (Allocation Failure) 2020-03-19T13:25:42.573+0800: 15546.198: [ParNew: 159393K->2633K(176960K), 0.0274476 secs] 274630K->117872K(368576K), 0.0287816 secs] [Times: user=0.03 sys=0.00, real=0.03 secs] 
2020-03-19T13:25:46.651+0800: 15550.275: [GC (Allocation Failure) 2020-03-19T13:25:46.651+0800: 15550.276: [ParNew: 159945K->2450K(176960K), 0.0139368 secs] 275184K->117693K(368576K), 0.0143147 secs] [Times: user=0.02 sys=0.00, real=0.01 secs] 
2020-03-19T13:25:53.469+0800: 15557.094: [GC (Allocation Failure) 2020-03-19T13:25:53.469+0800: 15557.094: [ParNew: 159762K->2498K(176960K), 0.0165710 secs] 275005K->117742K(368576K), 0.0169848 secs] [Times: user=0.03 sys=0.00, real=0.02 secs] 
2020-03-19T13:25:59.805+0800: 15563.429: [GC (Allocation Failure) 2020-03-19T13:25:59.805+0800: 15563.430: [ParNew: 159810K->3215K(176960K), 0.0146619 secs] 275054K->118460K(368576K), 0.0150240 secs] [Times: user=0.03 sys=0.00, real=0.02 secs] 
2020-03-19T13:26:04.335+0800: 15567.960: [GC (Allocation Failure) 2020-03-19T13:26:04.335+0800: 15567.960: [ParNew: 160527K->2072K(176960K), 0.0132596 secs] 275772K->117318K(368576K), 0.0137044 secs] [Times: user=0.02 sys=0.00, real=0.02 secs] 
2020-03-19T13:26:10.335+0800: 15573.959: [GC (Allocation Failure) 2020-03-19T13:26:10.335+0800: 15573.959: [ParNew: 159384K->2552K(176960K), 0.0130716 secs] 274630K->117800K(368576K), 0.0134285 secs] [Times: user=0.03 sys=0.00, real=0.02 secs] 
2020-03-19T13:26:15.336+0800: 15578.961: [GC (Allocation Failure) 2020-03-19T13:26:15.336+0800: 15578.961: [ParNew: 159864K->2511K(176960K), 0.0141650 secs] 275112K->117765K(368576K), 0.0145059 secs] [Times: user=0.03 sys=0.00, real=0.02 secs] 
2020-03-19T13:26:21.515+0800: 15585.140: [GC (Allocation Failure) 2020-03-19T13:26:21.516+0800: 15585.140: [ParNew: 159823K->1699K(176960K), 0.0141148 secs] 275077K->116954K(368576K), 0.0145492 secs] [Times: user=0.03 sys=0.00, real=0.02 secs] 
2020-03-19T13:26:28.549+0800: 15592.174: [GC (Allocation Failure) 2020-03-19T13:26:28.550+0800: 15592.174: [ParNew: 159011K->2409K(176960K), 0.0148378 secs] 274266K->117665K(368576K), 0.0152618 secs] [Times: user=0.02 sys=0.00, real=0.01 secs] 
2020-03-19T13:26:34.107+0800: 15597.731: [GC (Allocation Failure) 2020-03-19T13:26:34.107+0800: 15597.731: [ParNew: 159721K->2474K(176960K), 0.0140952 secs] 274977K->117732K(368576K), 0.0145417 secs] [Times: user=0.02 sys=0.00, real=0.01 secs] 
2020-03-19T13:26:40.313+0800: 15603.938: [GC (Allocation Failure) 2020-03-19T13:26:40.313+0800: 15603.938: [ParNew: 159786K->2401K(176960K), 0.0141713 secs] 275044K->117662K(368576K), 0.0145313 secs] [Times: user=0.02 sys=0.00, real=0.02 secs] 
2020-03-19T13:26:45.530+0800: 15609.155: [GC (Allocation Failure) 2020-03-19T13:26:45.530+0800: 15609.155: [ParNew: 159713K->2468K(176960K), 0.0213125 secs] 274974K->117735K(368576K), 0.0217616 secs] [Times: user=0.03 sys=0.00, real=0.02 secs] 
2020-03-19T13:26:51.552+0800: 15615.176: [GC (Allocation Failure) 2020-03-19T13:26:51.552+0800: 15615.177: [ParNew: 159780K->2488K(176960K), 0.0208918 secs] 275047K->117756K(368576K), 0.0213053 secs] [Times: user=0.02 sys=0.00, real=0.02 secs] 
2020-03-19T13:26:58.047+0800: 15621.672: [GC (Allocation Failure) 2020-03-19T13:26:58.048+0800: 15621.672: [ParNew: 159800K->2401K(176960K), 0.0177571 secs] 275068K->117670K(368576K), 0.0182347 secs] [Times: user=0.03 sys=0.00, real=0.01 secs] 
2020-03-19T13:27:02.435+0800: 15626.059: [GC (Allocation Failure) 2020-03-19T13:27:02.435+0800: 15626.060: [ParNew: 159713K->2472K(176960K), 0.0194648 secs] 274982K->117742K(368576K), 0.0199509 secs] [Times: user=0.03 sys=0.00, real=0.02 secs] 
2020-03-19T13:27:07.664+0800: 15631.289: [GC (Allocation Failure) 2020-03-19T13:27:07.665+0800: 15631.289: [ParNew: 159784K->2401K(176960K), 0.0127853 secs] 275054K->117673K(368576K), 0.0131270 secs] [Times: user=0.03 sys=0.00, real=0.01 secs] 
2020-03-19T13:27:14.429+0800: 15638.053: [GC (Allocation Failure) 2020-03-19T13:27:14.429+0800: 15638.054: [ParNew: 159713K->2469K(176960K), 0.0231859 secs] 274985K->117745K(368576K), 0.0237363 secs] [Times: user=0.04 sys=0.00, real=0.02 secs] 
2020-03-19T13:27:18.835+0800: 15642.459: [GC (Allocation Failure) 2020-03-19T13:27:18.835+0800: 15642.459: [ParNew: 159781K->2398K(176960K), 0.0134059 secs] 275057K->117675K(368576K), 0.0137812 secs] [Times: user=0.03 sys=0.00, real=0.02 secs] 
2020-03-19T13:27:25.676+0800: 15649.300: [GC (Allocation Failure) 2020-03-19T13:27:25.676+0800: 15649.300: [ParNew: 159710K->2472K(176960K), 0.0150398 secs] 274987K->117749K(368576K), 0.0154318 secs] [Times: user=0.02 sys=0.00, real=0.02 secs] 
2020-03-19T13:27:31.575+0800: 15655.199: [GC (Allocation Failure) 2020-03-19T13:27:31.575+0800: 15655.199: [ParNew: 159784K->2479K(176960K), 0.0149168 secs] 275061K->117757K(368576K), 0.0152459 secs] [Times: user=0.02 sys=0.00, real=0.02 secs] 
2020-03-19T13:27:37.573+0800: 15661.198: [GC (Allocation Failure) 2020-03-19T13:27:37.573+0800: 15661.198: [ParNew: 159791K->1618K(176960K), 0.0223736 secs] 275069K->116896K(368576K), 0.0227700 secs] [Times: user=0.02 sys=0.00, real=0.02 secs] 
2020-03-19T13:27:44.463+0800: 15668.088: [GC (Allocation Failure) 2020-03-19T13:27:44.464+0800: 15668.088: [ParNew: 158930K->2477K(176960K), 0.0207343 secs] 274208K->117759K(368576K), 0.0211795 secs] [Times: user=0.02 sys=0.00, real=0.02 secs] 
2020-03-19T13:27:49.338+0800: 15672.962: [GC (Allocation Failure) 2020-03-19T13:27:49.338+0800: 15672.962: [ParNew: 159789K->2400K(176960K), 0.0131140 secs] 275071K->117685K(368576K), 0.0135214 secs] [Times: user=0.03 sys=0.00, real=0.02 secs] 
2020-03-19T13:27:55.611+0800: 15679.236: [GC (Allocation Failure) 2020-03-19T13:27:55.612+0800: 15679.236: [ParNew: 159712K->2470K(176960K), 0.0164056 secs] 274997K->117755K(368576K), 0.0167901 secs] [Times: user=0.03 sys=0.00, real=0.02 secs] 
2020-03-19T13:28:00.670+0800: 15684.294: [GC (Allocation Failure) 2020-03-19T13:28:00.670+0800: 15684.294: [ParNew: 159782K->2397K(176960K), 0.0213581 secs] 275067K->117684K(368576K), 0.0217562 secs] [Times: user=0.03 sys=0.00, real=0.02 secs] 
2020-03-19T13:28:05.820+0800: 15689.444: [GC (Allocation Failure) 2020-03-19T13:28:05.820+0800: 15689.445: [ParNew: 159525K->5272K(176960K), 0.0160528 secs] 274812K->120560K(368576K), 0.0164830 secs] [Times: user=0.03 sys=0.00, real=0.01 secs] 
2020-03-19T13:28:12.633+0800: 15696.258: [GC (Allocation Failure) 2020-03-19T13:28:12.634+0800: 15696.258: [ParNew: 162584K->2234K(176960K), 0.0195010 secs] 277872K->117526K(368576K), 0.0200092 secs] [Times: user=0.03 sys=0.00, real=0.02 secs] 
2020-03-19T13:28:15.775+0800: 15699.400: [GC (Allocation Failure) 2020-03-19T13:28:15.775+0800: 15699.400: [ParNew: 159546K->2932K(176960K), 0.0149754 secs] 274838K->118228K(368576K), 0.0153916 secs] [Times: user=0.03 sys=0.00, real=0.02 secs] 
2020-03-19T13:28:22.641+0800: 15706.266: [GC (Allocation Failure) 2020-03-19T13:28:22.641+0800: 15706.266: [ParNew: 160244K->2997K(176960K), 0.0177494 secs] 275540K->118294K(368576K), 0.0181356 secs] [Times: user=0.03 sys=0.00, real=0.02 secs] 
2020-03-19T13:28:29.733+0800: 15713.357: [GC (Allocation Failure) 2020-03-19T13:28:29.733+0800: 15713.358: [ParNew: 160309K->2174K(176960K), 0.0185269 secs] 275606K->117473K(368576K), 0.0189230 secs] [Times: user=0.03 sys=0.00, real=0.02 secs] 
2020-03-19T13:28:34.882+0800: 15718.507: [GC (Allocation Failure) 2020-03-19T13:28:34.882+0800: 15718.507: [ParNew: 159486K->3002K(176960K), 0.0135473 secs] 274785K->118302K(368576K), 0.0139450 secs] [Times: user=0.02 sys=0.00, real=0.01 secs] 
2020-03-19T13:28:41.574+0800: 15725.198: [GC (Allocation Failure) 2020-03-19T13:28:41.574+0800: 15725.199: [ParNew: 160314K->2005K(176960K), 0.0133773 secs] 275614K->117307K(368576K), 0.0137841 secs] [Times: user=0.03 sys=0.00, real=0.02 secs] 
2020-03-19T13:28:45.777+0800: 15729.401: [GC (Allocation Failure) 2020-03-19T13:28:45.777+0800: 15729.402: [ParNew: 159317K->2870K(176960K), 0.0147294 secs] 274619K->118175K(368576K), 0.0151274 secs] [Times: user=0.03 sys=0.00, real=0.02 secs] 
2020-03-19T13:28:52.636+0800: 15736.261: [GC (Allocation Failure) 2020-03-19T13:28:52.637+0800: 15736.261: [ParNew: 160182K->2017K(176960K), 0.0143381 secs] 275487K->117323K(368576K), 0.0146963 secs] [Times: user=0.03 sys=0.00, real=0.02 secs] 
2020-03-19T13:28:59.185+0800: 15742.810: [GC (Allocation Failure) 2020-03-19T13:28:59.185+0800: 15742.810: [ParNew: 159329K->2543K(176960K), 0.0137722 secs] 274635K->117850K(368576K), 0.0141661 secs] [Times: user=0.03 sys=0.00, real=0.02 secs] 
2020-03-19T13:29:03.245+0800: 15746.870: [GC (Allocation Failure) 2020-03-19T13:29:03.246+0800: 15746.870: [ParNew: 159855K->2502K(176960K), 0.0183081 secs] 275162K->117809K(368576K), 0.0187946 secs] [Times: user=0.03 sys=0.00, real=0.02 secs] 
2020-03-19T13:29:09.149+0800: 15752.774: [GC (Allocation Failure) 2020-03-19T13:29:09.150+0800: 15752.774: [ParNew: 159814K->2404K(176960K), 0.0131218 secs] 275121K->117712K(368576K), 0.0134979 secs] [Times: user=0.03 sys=0.00, real=0.01 secs] 
2020-03-19T13:29:14.825+0800: 15758.450: [GC (Allocation Failure) 2020-03-19T13:29:14.826+0800: 15758.450: [ParNew: 159716K->3282K(176960K), 0.0329320 secs] 275024K->118594K(368576K), 0.0333923 secs] [Times: user=0.03 sys=0.00, real=0.04 secs] 
2020-03-19T13:29:20.422+0800: 15764.046: [GC (Allocation Failure) 2020-03-19T13:29:20.422+0800: 15764.046: [ParNew: 160594K->2988K(176960K), 0.0215865 secs] 275906K->118300K(368576K), 0.0219617 secs] [Times: user=0.03 sys=0.00, real=0.02 secs] 
2020-03-19T13:29:26.981+0800: 15770.606: [GC (Allocation Failure) 2020-03-19T13:29:26.981+0800: 15770.606: [ParNew: 160300K->2269K(176960K), 0.0205446 secs] 275612K->117581K(368576K), 0.0209025 secs] [Times: user=0.02 sys=0.00, real=0.02 secs] 
2020-03-19T13:29:33.221+0800: 15776.845: [GC (Allocation Failure) 2020-03-19T13:29:33.221+0800: 15776.845: [ParNew: 159581K->2291K(176960K), 0.0257467 secs] 274893K->117603K(368576K), 0.0261533 secs] [Times: user=0.03 sys=0.00, real=0.03 secs] 
2020-03-19T13:29:38.990+0800: 15782.615: [GC (Allocation Failure) 2020-03-19T13:29:38.991+0800: 15782.615: [ParNew: 159603K->3144K(176960K), 0.0139092 secs] 274915K->118458K(368576K), 0.0142807 secs] [Times: user=0.03 sys=0.01, real=0.01 secs] 
2020-03-19T13:29:44.881+0800: 15788.505: [GC (Allocation Failure) 2020-03-19T13:29:44.881+0800: 15788.506: [ParNew: 160456K->2555K(176960K), 0.0186352 secs] 275770K->117872K(368576K), 0.0189991 secs] [Times: user=0.03 sys=0.00, real=0.02 secs] 
2020-03-19T13:29:50.700+0800: 15794.325: [GC (Allocation Failure) 2020-03-19T13:29:50.701+0800: 15794.325: [ParNew: 159867K->2762K(176960K), 0.0160904 secs] 275184K->118082K(368576K), 0.0164588 secs] [Times: user=0.03 sys=0.00, real=0.01 secs] 
2020-03-19T13:29:56.854+0800: 15800.479: [GC (Allocation Failure) 2020-03-19T13:29:56.855+0800: 15800.479: [ParNew: 160074K->2193K(176960K), 0.0138510 secs] 275394K->117513K(368576K), 0.0142414 secs] [Times: user=0.02 sys=0.00, real=0.02 secs] 
2020-03-19T13:30:01.213+0800: 15804.838: [GC (Allocation Failure) 2020-03-19T13:30:01.214+0800: 15804.838: [ParNew: 159505K->2930K(176960K), 0.0463460 secs] 274825K->118250K(368576K), 0.0470963 secs] [Times: user=0.03 sys=0.00, real=0.05 secs] 
2020-03-19T13:30:06.733+0800: 15810.358: [GC (Allocation Failure) 2020-03-19T13:30:06.733+0800: 15810.358: [ParNew: 160242K->3011K(176960K), 0.0170600 secs] 275562K->118332K(368576K), 0.0174357 secs] [Times: user=0.02 sys=0.00, real=0.02 secs] 
2020-03-19T13:30:14.107+0800: 15817.731: [GC (Allocation Failure) 2020-03-19T13:30:14.107+0800: 15817.731: [ParNew: 160323K->2255K(176960K), 0.0137482 secs] 275644K->117581K(368576K), 0.0141336 secs] [Times: user=0.02 sys=0.01, real=0.01 secs] 
2020-03-19T13:30:18.072+0800: 15821.696: [GC (Allocation Failure) 2020-03-19T13:30:18.072+0800: 15821.697: [ParNew: 159567K->2942K(176960K), 0.0144437 secs] 274893K->118271K(368576K), 0.0148499 secs] [Times: user=0.03 sys=0.00, real=0.02 secs] 
2020-03-19T13:30:25.028+0800: 15828.653: [GC (Allocation Failure) 2020-03-19T13:30:25.028+0800: 15828.653: [ParNew: 160254K->2008K(176960K), 0.0148629 secs] 275583K->117339K(368576K), 0.0152361 secs] [Times: user=0.03 sys=0.00, real=0.01 secs] 
2020-03-19T13:30:30.953+0800: 15834.578: [GC (Allocation Failure) 2020-03-19T13:30:30.954+0800: 15834.578: [ParNew: 159320K->2873K(176960K), 0.0154683 secs] 274651K->118206K(368576K), 0.0159021 secs] [Times: user=0.03 sys=0.00, real=0.02 secs] 
2020-03-19T13:30:36.816+0800: 15840.441: [GC (Allocation Failure) 2020-03-19T13:30:36.816+0800: 15840.441: [ParNew: 160185K->2022K(176960K), 0.0135354 secs] 275518K->117356K(368576K), 0.0139324 secs] [Times: user=0.02 sys=0.00, real=0.02 secs] 
2020-03-19T13:30:44.115+0800: 15847.740: [GC (Allocation Failure) 2020-03-19T13:30:44.116+0800: 15847.740: [ParNew: 159334K->2600K(176960K), 0.0141090 secs] 274668K->117936K(368576K), 0.0144805 secs] [Times: user=0.03 sys=0.00, real=0.02 secs] 
2020-03-19T13:30:48.594+0800: 15852.219: [GC (Allocation Failure) 2020-03-19T13:30:48.595+0800: 15852.219: [ParNew: 159912K->2426K(176960K), 0.0135713 secs] 275248K->117765K(368576K), 0.0139362 secs] [Times: user=0.03 sys=0.00, real=0.02 secs] 
2020-03-19T13:30:52.242+0800: 15855.866: [GC (Allocation Failure) 2020-03-19T13:30:52.242+0800: 15855.867: [ParNew: 159731K->3320K(176960K), 0.0134575 secs] 275070K->118660K(368576K), 0.0138288 secs] [Times: user=0.02 sys=0.01, real=0.01 secs] 
2020-03-19T13:30:58.276+0800: 15861.900: [GC (Allocation Failure) 2020-03-19T13:30:58.276+0800: 15861.900: [ParNew: 160632K->2252K(176960K), 0.0139892 secs] 275972K->117592K(368576K), 0.0143802 secs] [Times: user=0.03 sys=0.00, real=0.02 secs] 
2020-03-19T13:31:02.629+0800: 15866.254: [GC (Allocation Failure) 2020-03-19T13:31:02.629+0800: 15866.254: [ParNew: 159564K->3122K(176960K), 0.0169902 secs] 274904K->118463K(368576K), 0.0185641 secs] [Times: user=0.02 sys=0.00, real=0.02 secs] 
2020-03-19T13:31:08.224+0800: 15871.849: [GC (Allocation Failure) 2020-03-19T13:31:08.225+0800: 15871.849: [ParNew: 160434K->2008K(176960K), 0.0132032 secs] 275775K->117350K(368576K), 0.0136457 secs] [Times: user=0.03 sys=0.00, real=0.02 secs] 
2020-03-19T13:31:14.766+0800: 15878.391: [GC (Allocation Failure) 2020-03-19T13:31:14.766+0800: 15878.391: [ParNew: 159320K->3071K(176960K), 0.0163201 secs] 274662K->118418K(368576K), 0.0166915 secs] [Times: user=0.03 sys=0.00, real=0.01 secs] 
2020-03-19T13:31:16.664+0800: 15880.289: [GC (Allocation Failure) 2020-03-19T13:31:16.665+0800: 15880.289: [ParNew: 160383K->9759K(176960K), 0.0310563 secs] 275730K->125106K(368576K), 0.0315037 secs] [Times: user=0.05 sys=0.00, real=0.03 secs] 
2020-03-19T13:31:16.984+0800: 15880.609: [GC (Allocation Failure) 2020-03-19T13:31:16.984+0800: 15880.609: [ParNew: 167071K->14362K(176960K), 0.0448078 secs] 282418K->129709K(368576K), 0.0451725 secs] [Times: user=0.06 sys=0.01, real=0.05 secs] 
2020-03-19T13:31:17.413+0800: 15881.037: [GC (Allocation Failure) 2020-03-19T13:31:17.413+0800: 15881.038: [ParNew: 171674K->14250K(176960K), 0.0583719 secs] 287021K->136298K(368576K), 0.0589666 secs] [Times: user=0.05 sys=0.01, real=0.06 secs] 
2020-03-19T13:31:19.408+0800: 15883.033: [GC (Allocation Failure) 2020-03-19T13:31:19.408+0800: 15883.033: [ParNew: 171562K->9382K(176960K), 0.0188136 secs] 293610K->131429K(368576K), 0.0191852 secs] [Times: user=0.02 sys=0.00, real=0.02 secs] 
2020-03-19T13:31:25.623+0800: 15889.248: [GC (Allocation Failure) 2020-03-19T13:31:25.623+0800: 15889.248: [ParNew: 166694K->2717K(176960K), 0.0150598 secs] 288741K->124765K(368576K), 0.0154402 secs] [Times: user=0.03 sys=0.00, real=0.02 secs] 
2020-03-19T13:31:31.298+0800: 15894.922: [GC (Allocation Failure) 2020-03-19T13:31:31.298+0800: 15894.923: [ParNew: 160029K->3534K(176960K), 0.0394056 secs] 282077K->125582K(368576K), 0.0399486 secs] [Times: user=0.04 sys=0.00, real=0.05 secs] 
2020-03-19T13:31:36.893+0800: 15900.518: [GC (Allocation Failure) 2020-03-19T13:31:36.893+0800: 15900.518: [ParNew: 160846K->5044K(176960K), 0.0146059 secs] 282894K->127092K(368576K), 0.0150525 secs] [Times: user=0.03 sys=0.00, real=0.02 secs] 
2020-03-19T13:31:43.684+0800: 15907.309: [GC (Allocation Failure) 2020-03-19T13:31:43.685+0800: 15907.309: [ParNew: 162356K->3255K(176960K), 0.0151045 secs] 284404K->125303K(368576K), 0.0156406 secs] [Times: user=0.02 sys=0.00, real=0.02 secs] 
2020-03-19T13:31:47.770+0800: 15911.395: [GC (Allocation Failure) 2020-03-19T13:31:47.771+0800: 15911.395: [ParNew: 160567K->3587K(176960K), 0.0295800 secs] 282615K->125635K(368576K), 0.0300539 secs] [Times: user=0.03 sys=0.00, real=0.03 secs] 
2020-03-19T13:31:54.642+0800: 15918.267: [GC (Allocation Failure) 2020-03-19T13:31:54.642+0800: 15918.267: [ParNew: 160899K->3964K(176960K), 0.0147107 secs] 282947K->126012K(368576K), 0.0150718 secs] [Times: user=0.03 sys=0.00, real=0.01 secs] 
2020-03-19T13:32:00.067+0800: 15923.692: [GC (Allocation Failure) 2020-03-19T13:32:00.067+0800: 15923.692: [ParNew: 161276K->5302K(176960K), 0.0292220 secs] 283324K->127349K(368576K), 0.0296713 secs] [Times: user=0.04 sys=0.00, real=0.02 secs] 
2020-03-19T13:32:05.006+0800: 15928.631: [GC (Allocation Failure) 2020-03-19T13:32:05.007+0800: 15928.631: [ParNew: 162614K->4684K(176960K), 0.0156039 secs] 284661K->126732K(368576K), 0.0161167 secs] [Times: user=0.03 sys=0.00, real=0.01 secs] 
2020-03-19T13:32:10.701+0800: 15934.325: [GC (Allocation Failure) 2020-03-19T13:32:10.701+0800: 15934.325: [ParNew: 161996K->3587K(176960K), 0.0209972 secs] 284044K->125635K(368576K), 0.0215635 secs] [Times: user=0.03 sys=0.00, real=0.02 secs] 
2020-03-19T13:32:15.085+0800: 15938.709: [GC (Allocation Failure) 2020-03-19T13:32:15.085+0800: 15938.709: [ParNew: 160899K->5171K(176960K), 0.0267116 secs] 282947K->127219K(368576K), 0.0271003 secs] [Times: user=0.02 sys=0.00, real=0.03 secs] 
2020-03-19T13:32:20.792+0800: 15944.417: [GC (Allocation Failure) 2020-03-19T13:32:20.793+0800: 15944.417: [ParNew: 162483K->4716K(176960K), 0.0156005 secs] 284531K->126789K(368576K), 0.0159880 secs] [Times: user=0.03 sys=0.00, real=0.02 secs] 
2020-03-19T13:32:27.696+0800: 15951.320: [GC (Allocation Failure) 2020-03-19T13:32:27.696+0800: 15951.321: [ParNew: 162028K->3749K(176960K), 0.0329768 secs] 284101K->126105K(368576K), 0.0333847 secs] [Times: user=0.03 sys=0.00, real=0.04 secs] 
2020-03-19T13:32:33.656+0800: 15957.281: [GC (Allocation Failure) 2020-03-19T13:32:33.657+0800: 15957.281: [ParNew: 161061K->4783K(176960K), 0.0151909 secs] 283417K->127147K(368576K), 0.0157126 secs] [Times: user=0.03 sys=0.00, real=0.02 secs] 
2020-03-19T13:32:39.150+0800: 15962.775: [GC (Allocation Failure) 2020-03-19T13:32:39.151+0800: 15962.775: [ParNew: 162095K->3077K(176960K), 0.0146139 secs] 284459K->125448K(368576K), 0.0150172 secs] [Times: user=0.03 sys=0.00, real=0.01 secs] 
2020-03-19T13:32:44.806+0800: 15968.431: [GC (Allocation Failure) 2020-03-19T13:32:44.807+0800: 15968.431: [ParNew: 160389K->4679K(176960K), 0.0193060 secs] 282760K->127177K(368576K), 0.0196722 secs] [Times: user=0.03 sys=0.00, real=0.02 secs] 
2020-03-19T13:32:50.337+0800: 15973.962: [GC (Allocation Failure) 2020-03-19T13:32:50.338+0800: 15973.962: [ParNew: 161991K->2811K(176960K), 0.0163663 secs] 284489K->125807K(368576K), 0.0168480 secs] [Times: user=0.03 sys=0.00, real=0.02 secs] 
2020-03-19T13:32:56.831+0800: 15980.455: [GC (Allocation Failure) 2020-03-19T13:32:56.831+0800: 15980.455: [ParNew: 160123K->2229K(176960K), 0.0142685 secs] 283119K->125297K(368576K), 0.0146316 secs] [Times: user=0.02 sys=0.01, real=0.01 secs] 
2020-03-19T13:33:00.911+0800: 15984.535: [GC (Allocation Failure) 2020-03-19T13:33:00.911+0800: 15984.535: [ParNew: 159541K->2911K(176960K), 0.0241527 secs] 282609K->126014K(368576K), 0.0247827 secs] [Times: user=0.03 sys=0.00, real=0.02 secs] 
2020-03-19T13:33:06.579+0800: 15990.204: [GC (Allocation Failure) 2020-03-19T13:33:06.579+0800: 15990.204: [ParNew: 160223K->2335K(176960K), 0.0140516 secs] 283326K->125472K(368576K), 0.0143722 secs] [Times: user=0.02 sys=0.00, real=0.01 secs] 
2020-03-19T13:33:13.692+0800: 15997.317: [GC (Allocation Failure) 2020-03-19T13:33:13.692+0800: 15997.317: [ParNew: 159647K->2011K(176960K), 0.0147646 secs] 282784K->125158K(368576K), 0.0152092 secs] [Times: user=0.03 sys=0.00, real=0.02 secs] 
2020-03-19T13:33:17.799+0800: 16001.423: [GC (Allocation Failure) 2020-03-19T13:33:17.799+0800: 16001.424: [ParNew: 159323K->2772K(176960K), 0.0182650 secs] 282470K->125926K(368576K), 0.0187425 secs] [Times: user=0.02 sys=0.01, real=0.01 secs] 
2020-03-19T13:33:24.921+0800: 16008.545: [GC (Allocation Failure) 2020-03-19T13:33:24.921+0800: 16008.546: [ParNew: 160084K->2811K(176960K), 0.0151034 secs] 283238K->125975K(368576K), 0.0154957 secs] [Times: user=0.03 sys=0.00, real=0.01 secs] 
2020-03-19T13:33:30.772+0800: 16014.396: [GC (Allocation Failure) 2020-03-19T13:33:30.772+0800: 16014.397: [ParNew: 160123K->3636K(176960K), 0.0189165 secs] 283287K->126831K(368576K), 0.0193958 secs] [Times: user=0.04 sys=0.00, real=0.02 secs] 
2020-03-19T13:33:36.683+0800: 16020.308: [GC (Allocation Failure) 2020-03-19T13:33:36.684+0800: 16020.308: [ParNew: 160948K->2264K(176960K), 0.0136928 secs] 284143K->125468K(368576K), 0.0140578 secs] [Times: user=0.02 sys=0.01, real=0.01 secs] 
2020-03-19T13:33:43.818+0800: 16027.443: [GC (Allocation Failure) 2020-03-19T13:33:43.819+0800: 16027.443: [ParNew: 159576K->1966K(176960K), 0.0145402 secs] 282780K->125277K(368576K), 0.0149950 secs] [Times: user=0.02 sys=0.00, real=0.01 secs] 
2020-03-19T13:33:48.234+0800: 16031.859: [GC (Allocation Failure) 2020-03-19T13:33:48.235+0800: 16031.859: [ParNew: 159278K->1746K(176960K), 0.0371199 secs] 282589K->125068K(368576K), 0.0376224 secs] [Times: user=0.03 sys=0.00, real=0.04 secs] 
2020-03-19T13:33:54.328+0800: 16037.952: [GC (Allocation Failure) 2020-03-19T13:33:54.328+0800: 16037.952: [ParNew: 159058K->2638K(176960K), 0.0300046 secs] 282380K->125968K(368576K), 0.0305059 secs] [Times: user=0.03 sys=0.00, real=0.03 secs] 
2020-03-19T13:33:59.845+0800: 16043.470: [GC (Allocation Failure) 2020-03-19T13:33:59.845+0800: 16043.470: [ParNew: 159950K->3414K(176960K), 0.0236557 secs] 283280K->126750K(368576K), 0.0240236 secs] [Times: user=0.03 sys=0.00, real=0.03 secs] 
2020-03-19T13:34:04.408+0800: 16048.033: [GC (Allocation Failure) 2020-03-19T13:34:04.409+0800: 16048.033: [ParNew: 160726K->2192K(176960K), 0.0143536 secs] 284062K->125533K(368576K), 0.0147550 secs] [Times: user=0.03 sys=0.00, real=0.01 secs] 
2020-03-19T13:34:10.336+0800: 16053.961: [GC (Allocation Failure) 2020-03-19T13:34:10.337+0800: 16053.961: [ParNew: 159504K->1826K(176960K), 0.0140467 secs] 282845K->125176K(368576K), 0.0144263 secs] [Times: user=0.02 sys=0.00, real=0.02 secs] 
2020-03-19T13:34:15.331+0800: 16058.956: [GC (Allocation Failure) 2020-03-19T13:34:15.332+0800: 16058.956: [ParNew: 159138K->2734K(176960K), 0.0135024 secs] 282488K->126097K(368576K), 0.0138867 secs] [Times: user=0.02 sys=0.00, real=0.01 secs] 
2020-03-19T13:34:20.712+0800: 16064.337: [GC (Allocation Failure) 2020-03-19T13:34:20.712+0800: 16064.337: [ParNew: 160046K->2667K(176960K), 0.0156114 secs] 283409K->126036K(368576K), 0.0159794 secs] [Times: user=0.03 sys=0.00, real=0.02 secs] 
2020-03-19T13:34:27.636+0800: 16071.261: [GC (Allocation Failure) 2020-03-19T13:34:27.637+0800: 16071.261: [ParNew: 159979K->2682K(176960K), 0.0210667 secs] 283348K->126058K(368576K), 0.0219154 secs] [Times: user=0.03 sys=0.00, real=0.03 secs] 
2020-03-19T13:34:33.226+0800: 16076.850: [GC (Allocation Failure) 2020-03-19T13:34:33.226+0800: 16076.850: [ParNew: 159994K->2700K(176960K), 0.0272095 secs] 283370K->126081K(368576K), 0.0276979 secs] [Times: user=0.03 sys=0.00, real=0.03 secs] 
2020-03-19T13:34:38.748+0800: 16082.373: [GC (Allocation Failure) 2020-03-19T13:34:38.749+0800: 16082.373: [ParNew: 160012K->2606K(176960K), 0.0171457 secs] 283393K->126000K(368576K), 0.0175235 secs] [Times: user=0.02 sys=0.00, real=0.02 secs] 
2020-03-19T13:34:44.809+0800: 16088.433: [GC (Allocation Failure) 2020-03-19T13:34:44.809+0800: 16088.433: [ParNew: 159918K->2729K(176960K), 0.0158880 secs] 283312K->126133K(368576K), 0.0162502 secs] [Times: user=0.03 sys=0.00, real=0.01 secs] 
2020-03-19T13:34:49.673+0800: 16093.298: [GC (Allocation Failure) 2020-03-19T13:34:49.673+0800: 16093.298: [ParNew: 160041K->2168K(176960K), 0.0141008 secs] 283445K->125580K(368576K), 0.0144551 secs] [Times: user=0.03 sys=0.00, real=0.02 secs] 
2020-03-19T13:34:55.560+0800: 16099.185: [GC (Allocation Failure) 2020-03-19T13:34:55.561+0800: 16099.185: [ParNew: 159480K->2845K(176960K), 0.0192634 secs] 282892K->126264K(368576K), 0.0197105 secs] [Times: user=0.03 sys=0.00, real=0.02 secs] 
2020-03-19T13:35:00.126+0800: 16103.751: [GC (Allocation Failure) 2020-03-19T13:35:00.127+0800: 16103.751: [ParNew: 160157K->2747K(176960K), 0.0228063 secs] 283576K->126171K(368576K), 0.0232407 secs] [Times: user=0.03 sys=0.00, real=0.02 secs] 
2020-03-19T13:35:05.332+0800: 16108.957: [GC (Allocation Failure) 2020-03-19T13:35:05.332+0800: 16108.957: [ParNew: 160059K->2248K(176960K), 0.0144670 secs] 283483K->125682K(368576K), 0.0148473 secs] [Times: user=0.03 sys=0.00, real=0.02 secs] 
2020-03-19T13:35:11.038+0800: 16114.663: [GC (Allocation Failure) 2020-03-19T13:35:11.039+0800: 16114.663: [ParNew: 159560K->2746K(176960K), 0.0134963 secs] 282994K->126188K(368576K), 0.0138556 secs] [Times: user=0.03 sys=0.00, real=0.01 secs] 
2020-03-19T13:35:15.335+0800: 16118.960: [GC (Allocation Failure) 2020-03-19T13:35:15.335+0800: 16118.960: [ParNew: 160058K->2816K(176960K), 0.0137396 secs] 283500K->126272K(368576K), 0.0141610 secs] [Times: user=0.02 sys=0.00, real=0.02 secs] 
2020-03-19T13:35:20.941+0800: 16124.565: [GC (Allocation Failure) 2020-03-19T13:35:20.941+0800: 16124.566: [ParNew: 160128K->2685K(176960K), 0.0142774 secs] 283584K->126163K(368576K), 0.0148853 secs] [Times: user=0.03 sys=0.00, real=0.01 secs] 
2020-03-19T13:35:27.877+0800: 16131.502: [GC (Allocation Failure) 2020-03-19T13:35:27.877+0800: 16131.502: [ParNew: 159997K->2709K(176960K), 0.0142925 secs] 283475K->126193K(368576K), 0.0147285 secs] [Times: user=0.03 sys=0.00, real=0.02 secs] 
2020-03-19T13:35:33.673+0800: 16137.297: [GC (Allocation Failure) 2020-03-19T13:35:33.673+0800: 16137.298: [ParNew: 160021K->2709K(176960K), 0.0235675 secs] 283505K->126199K(368576K), 0.0245101 secs] [Times: user=0.03 sys=0.00, real=0.03 secs] 
2020-03-19T13:35:39.807+0800: 16143.431: [GC (Allocation Failure) 2020-03-19T13:35:39.807+0800: 16143.431: [ParNew: 160021K->2631K(176960K), 0.0239365 secs] 283511K->126128K(368576K), 0.0243430 secs] [Times: user=0.02 sys=0.00, real=0.02 secs] 
2020-03-19T13:35:45.214+0800: 16148.839: [GC (Allocation Failure) 2020-03-19T13:35:45.214+0800: 16148.839: [ParNew: 159943K->2696K(176960K), 0.0212724 secs] 283440K->126203K(368576K), 0.0217777 secs] [Times: user=0.02 sys=0.00, real=0.02 secs] 
2020-03-19T13:35:51.136+0800: 16154.761: [GC (Allocation Failure) 2020-03-19T13:35:51.136+0800: 16154.761: [ParNew: 160008K->2143K(176960K), 0.0144830 secs] 283515K->125656K(368576K), 0.0149287 secs] [Times: user=0.03 sys=0.00, real=0.02 secs] 
2020-03-19T13:35:57.405+0800: 16161.030: [GC (Allocation Failure) 2020-03-19T13:35:57.405+0800: 16161.030: [ParNew: 159455K->1924K(176960K), 0.0139274 secs] 282968K->125445K(368576K), 0.0142714 secs] [Times: user=0.03 sys=0.00, real=0.02 secs] 
2020-03-19T13:36:01.895+0800: 16165.519: [GC (Allocation Failure) 2020-03-19T13:36:01.895+0800: 16165.519: [ParNew: 159236K->2742K(176960K), 0.0185091 secs] 282757K->126268K(368576K), 0.0189068 secs] [Times: user=0.03 sys=0.00, real=0.02 secs] 
2020-03-19T13:36:07.148+0800: 16170.772: [GC (Allocation Failure) 2020-03-19T13:36:07.148+0800: 16170.773: [ParNew: 160054K->2672K(176960K), 0.0215996 secs] 283580K->126207K(368576K), 0.0221346 secs] [Times: user=0.02 sys=0.00, real=0.02 secs] 
2020-03-19T13:36:14.152+0800: 16177.777: [GC (Allocation Failure) 2020-03-19T13:36:14.153+0800: 16177.777: [ParNew: 159984K->2701K(176960K), 0.0327965 secs] 283519K->126246K(368576K), 0.0333338 secs] [Times: user=0.04 sys=0.00, real=0.03 secs] 
2020-03-19T13:36:18.792+0800: 16182.417: [GC (Allocation Failure) 2020-03-19T13:36:18.792+0800: 16182.417: [ParNew: 160013K->2625K(176960K), 0.0273575 secs] 283558K->126185K(368576K), 0.0280448 secs] [Times: user=0.03 sys=0.00, real=0.03 secs] 
2020-03-19T13:36:25.658+0800: 16189.282: [GC (Allocation Failure) 2020-03-19T13:36:25.658+0800: 16189.282: [ParNew: 159937K->2684K(176960K), 0.0142801 secs] 283497K->126252K(368576K), 0.0146332 secs] [Times: user=0.03 sys=0.00, real=0.02 secs] 
2020-03-19T13:36:31.576+0800: 16195.200: [GC (Allocation Failure) 2020-03-19T13:36:31.576+0800: 16195.201: [ParNew: 159996K->2686K(176960K), 0.0242797 secs] 283564K->126262K(368576K), 0.0248996 secs] [Times: user=0.03 sys=0.00, real=0.03 secs] 
2020-03-19T13:36:37.223+0800: 16200.848: [GC (Allocation Failure) 2020-03-19T13:36:37.224+0800: 16200.848: [ParNew: 159998K->2629K(176960K), 0.0203258 secs] 283574K->126220K(368576K), 0.0206969 secs] [Times: user=0.02 sys=0.00, real=0.02 secs] 
2020-03-19T13:36:44.418+0800: 16208.042: [GC (Allocation Failure) 2020-03-19T13:36:44.418+0800: 16208.043: [ParNew: 159941K->1807K(176960K), 0.0151798 secs] 283532K->125446K(368576K), 0.0156532 secs] [Times: user=0.02 sys=0.00, real=0.02 secs] 
2020-03-19T13:36:48.859+0800: 16212.483: [GC (Allocation Failure) 2020-03-19T13:36:48.859+0800: 16212.484: [ParNew: 159119K->2552K(176960K), 0.0270110 secs] 282758K->126220K(368576K), 0.0276436 secs] [Times: user=0.03 sys=0.00, real=0.03 secs] 
2020-03-19T13:36:55.206+0800: 16218.830: [GC (Allocation Failure) 2020-03-19T13:36:55.206+0800: 16218.830: [ParNew: 159864K->2590K(176960K), 0.0201314 secs] 283532K->126266K(368576K), 0.0206075 secs] [Times: user=0.02 sys=0.00, real=0.03 secs] 
2020-03-19T13:37:00.336+0800: 16223.961: [GC (Allocation Failure) 2020-03-19T13:37:00.336+0800: 16223.961: [ParNew: 159864K->3362K(176960K), 0.0135365 secs] 283540K->127044K(368576K), 0.0139128 secs] [Times: user=0.02 sys=0.01, real=0.02 secs] 
2020-03-19T13:37:05.816+0800: 16229.441: [GC (Allocation Failure) 2020-03-19T13:37:05.817+0800: 16229.441: [ParNew: 160674K->3283K(176960K), 0.0203071 secs] 284356K->126970K(368576K), 0.0208419 secs] [Times: user=0.02 sys=0.00, real=0.02 secs] 
2020-03-19T13:37:12.572+0800: 16236.197: [GC (Allocation Failure) 2020-03-19T13:37:12.573+0800: 16236.197: [ParNew: 160595K->2605K(176960K), 0.0355852 secs] 284282K->126303K(368576K), 0.0360154 secs] [Times: user=0.04 sys=0.00, real=0.04 secs] 
2020-03-19T13:37:16.306+0800: 16239.930: [GC (GCLocker Initiated GC) 2020-03-19T13:37:16.306+0800: 16239.930: [ParNew: 160222K->2533K(176960K), 0.0198522 secs] 283920K->126240K(368576K), 0.0203198 secs] [Times: user=0.02 sys=0.00, real=0.03 secs] 
2020-03-19T13:37:23.293+0800: 16246.918: [GC (Allocation Failure) 2020-03-19T13:37:23.294+0800: 16246.918: [ParNew: 159845K->2622K(176960K), 0.0203198 secs] 283552K->126335K(368576K), 0.0207048 secs] [Times: user=0.02 sys=0.00, real=0.02 secs] 
2020-03-19T13:37:29.769+0800: 16253.394: [GC (Allocation Failure) 2020-03-19T13:37:29.769+0800: 16253.394: [ParNew: 159934K->2532K(176960K), 0.0178432 secs] 283647K->126249K(368576K), 0.0181841 secs] [Times: user=0.03 sys=0.00, real=0.02 secs] 
2020-03-19T13:37:34.936+0800: 16258.560: [GC (Allocation Failure) 2020-03-19T13:37:34.936+0800: 16258.561: [ParNew: 159844K->2775K(176960K), 0.0459086 secs] 283561K->126499K(368576K), 0.0464421 secs] [Times: user=0.02 sys=0.01, real=0.05 secs] 
2020-03-19T13:37:41.282+0800: 16264.906: [GC (Allocation Failure) 2020-03-19T13:37:41.282+0800: 16264.907: [ParNew: 160087K->1732K(176960K), 0.0151981 secs] 283811K->125465K(368576K), 0.0156157 secs] [Times: user=0.03 sys=0.00, real=0.01 secs] 
2020-03-19T13:37:45.773+0800: 16269.397: [GC (Allocation Failure) 2020-03-19T13:37:45.773+0800: 16269.398: [ParNew: 159044K->2630K(176960K), 0.0153569 secs] 282777K->126371K(368576K), 0.0157114 secs] [Times: user=0.03 sys=0.00, real=0.02 secs] 
2020-03-19T13:37:52.631+0800: 16276.255: [GC (Allocation Failure) 2020-03-19T13:37:52.631+0800: 16276.256: [ParNew: 159942K->2167K(176960K), 0.0262990 secs] 283683K->125915K(368576K), 0.0267207 secs] [Times: user=0.03 sys=0.00, real=0.02 secs] 
2020-03-19T13:37:58.740+0800: 16282.364: [GC (Allocation Failure) 2020-03-19T13:37:58.740+0800: 16282.365: [ParNew: 159479K->1795K(176960K), 0.0138773 secs] 283227K->125550K(368576K), 0.0142370 secs] [Times: user=0.03 sys=0.00, real=0.01 secs] 
2020-03-19T13:38:03.029+0800: 16286.654: [GC (Allocation Failure) 2020-03-19T13:38:03.030+0800: 16286.654: [ParNew: 159107K->2682K(176960K), 0.0229677 secs] 282862K->126443K(368576K), 0.0234006 secs] [Times: user=0.02 sys=0.00, real=0.02 secs] 
2020-03-19T13:38:08.367+0800: 16291.992: [GC (Allocation Failure) 2020-03-19T13:38:08.367+0800: 16291.992: [ParNew: 159994K->2579K(176960K), 0.0444969 secs] 283755K->126351K(368576K), 0.0451234 secs] [Times: user=0.03 sys=0.00, real=0.04 secs] 
2020-03-19T13:38:14.153+0800: 16297.777: [GC (Allocation Failure) 2020-03-19T13:38:14.153+0800: 16297.777: [ParNew: 159891K->2637K(176960K), 0.0139750 secs] 283663K->126420K(368576K), 0.0143481 secs] [Times: user=0.03 sys=0.00, real=0.02 secs] 
2020-03-19T13:38:17.345+0800: 16300.970: [GC (Allocation Failure) 2020-03-19T13:38:17.345+0800: 16300.970: [ParNew: 159949K->2549K(176960K), 0.0141368 secs] 283732K->126340K(368576K), 0.0145421 secs] [Times: user=0.03 sys=0.00, real=0.02 secs] 
2020-03-19T13:38:24.901+0800: 16308.525: [GC (Allocation Failure) 2020-03-19T13:38:24.901+0800: 16308.525: [ParNew: 159861K->2601K(176960K), 0.0151265 secs] 283652K->126399K(368576K), 0.0155302 secs] [Times: user=0.03 sys=0.00, real=0.01 secs] 
2020-03-19T13:38:30.789+0800: 16314.414: [GC (Allocation Failure) 2020-03-19T13:38:30.790+0800: 16314.414: [ParNew: 159913K->2530K(176960K), 0.0151511 secs] 283711K->126334K(368576K), 0.0156005 secs] [Times: user=0.02 sys=0.01, real=0.01 secs] 
2020-03-19T13:38:36.127+0800: 16319.751: [GC (Allocation Failure) 2020-03-19T13:38:36.127+0800: 16319.752: [ParNew: 159842K->2158K(176960K), 0.0222062 secs] 283646K->125971K(368576K), 0.0226707 secs] [Times: user=0.02 sys=0.00, real=0.02 secs] 
2020-03-19T13:38:43.334+0800: 16326.959: [GC (Allocation Failure) 2020-03-19T13:38:43.334+0800: 16326.959: [ParNew: 159470K->2759K(176960K), 0.0134975 secs] 283283K->126579K(368576K), 0.0138763 secs] [Times: user=0.03 sys=0.00, real=0.02 secs] 
2020-03-19T13:38:47.505+0800: 16331.129: [GC (Allocation Failure) 2020-03-19T13:38:47.505+0800: 16331.130: [ParNew: 160071K->2602K(176960K), 0.0138940 secs] 283891K->126430K(368576K), 0.0142694 secs] [Times: user=0.02 sys=0.00, real=0.02 secs] 
2020-03-19T13:38:54.253+0800: 16337.878: [GC (Allocation Failure) 2020-03-19T13:38:54.253+0800: 16337.878: [ParNew: 159914K->2621K(176960K), 0.0203696 secs] 283742K->126457K(368576K), 0.0207836 secs] [Times: user=0.02 sys=0.00, real=0.02 secs] 
2020-03-19T13:39:00.054+0800: 16343.679: [GC (Allocation Failure) 2020-03-19T13:39:00.055+0800: 16343.679: [ParNew: 159933K->2534K(176960K), 0.0153613 secs] 283769K->126376K(368576K), 0.0156975 secs] [Times: user=0.03 sys=0.00, real=0.02 secs] 
2020-03-19T13:39:04.939+0800: 16348.564: [GC (Allocation Failure) 2020-03-19T13:39:04.940+0800: 16348.564: [ParNew: 159846K->3200K(176960K), 0.0215713 secs] 283688K->127047K(368576K), 0.0222189 secs] [Times: user=0.02 sys=0.00, real=0.02 secs] 
2020-03-19T13:39:11.282+0800: 16354.907: [GC (Allocation Failure) 2020-03-19T13:39:11.282+0800: 16354.907: [ParNew: 160512K->2314K(176960K), 0.0153327 secs] 284359K->126169K(368576K), 0.0157134 secs] [Times: user=0.02 sys=0.01, real=0.01 secs] 
2020-03-19T13:39:15.764+0800: 16359.389: [GC (Allocation Failure) 2020-03-19T13:39:15.764+0800: 16359.389: [ParNew: 159626K->3189K(176960K), 0.0168556 secs] 283481K->127053K(368576K), 0.0172344 secs] [Times: user=0.03 sys=0.00, real=0.02 secs] 
2020-03-19T13:39:22.636+0800: 16366.261: [GC (Allocation Failure) 2020-03-19T13:39:22.637+0800: 16366.261: [ParNew: 160501K->2079K(176960K), 0.0141360 secs] 284365K->125950K(368576K), 0.0145119 secs] [Times: user=0.03 sys=0.00, real=0.02 secs] 
2020-03-19T13:39:29.313+0800: 16372.938: [GC (Allocation Failure) 2020-03-19T13:39:29.313+0800: 16372.938: [ParNew: 159391K->2668K(176960K), 0.0213968 secs] 283262K->126543K(368576K), 0.0217329 secs] [Times: user=0.02 sys=0.00, real=0.02 secs] 
2020-03-19T13:39:34.799+0800: 16378.423: [GC (Allocation Failure) 2020-03-19T13:39:34.799+0800: 16378.424: [ParNew: 159980K->2650K(176960K), 0.0358785 secs] 283855K->126531K(368576K), 0.0364122 secs] [Times: user=0.03 sys=0.00, real=0.03 secs] 
2020-03-19T13:39:41.079+0800: 16384.703: [GC (Allocation Failure) 2020-03-19T13:39:41.079+0800: 16384.704: [ParNew: 159962K->2556K(176960K), 0.0195228 secs] 283843K->126445K(368576K), 0.0201797 secs] [Times: user=0.02 sys=0.00, real=0.02 secs] 
2020-03-19T13:39:45.773+0800: 16389.397: [GC (Allocation Failure) 2020-03-19T13:39:45.773+0800: 16389.397: [ParNew: 159868K->2623K(176960K), 0.0148670 secs] 283757K->126519K(368576K), 0.0152635 secs] [Times: user=0.03 sys=0.00, real=0.02 secs] 
2020-03-19T13:39:52.572+0800: 16396.196: [GC (Allocation Failure) 2020-03-19T13:39:52.572+0800: 16396.196: [ParNew: 159935K->2170K(176960K), 0.0146189 secs] 283831K->126074K(368576K), 0.0150112 secs] [Times: user=0.03 sys=0.00, real=0.02 secs] 
2020-03-19T13:39:58.994+0800: 16402.618: [GC (Allocation Failure) 2020-03-19T13:39:58.994+0800: 16402.619: [ParNew: 159482K->2706K(176960K), 0.0152596 secs] 283386K->126617K(368576K), 0.0156384 secs] [Times: user=0.03 sys=0.00, real=0.02 secs] 
2020-03-19T13:40:03.223+0800: 16406.848: [GC (Allocation Failure) 2020-03-19T13:40:03.224+0800: 16406.848: [ParNew: 160018K->2665K(176960K), 0.0287252 secs] 283929K->126582K(368576K), 0.0293701 secs] [Times: user=0.02 sys=0.00, real=0.03 secs] 
2020-03-19T13:40:08.756+0800: 16412.380: [GC (Allocation Failure) 2020-03-19T13:40:08.756+0800: 16412.381: [ParNew: 159977K->2564K(176960K), 0.0215366 secs] 283894K->126501K(368576K), 0.0220361 secs] [Times: user=0.02 sys=0.00, real=0.02 secs] 
2020-03-19T13:40:14.820+0800: 16418.444: [GC (Allocation Failure) 2020-03-19T13:40:14.820+0800: 16418.445: [ParNew: 159876K->3452K(176960K), 0.0219418 secs] 283813K->127399K(368576K), 0.0223149 secs] [Times: user=0.03 sys=0.00, real=0.02 secs] 
2020-03-19T13:40:20.135+0800: 16423.760: [GC (Allocation Failure) 2020-03-19T13:40:20.135+0800: 16423.760: [ParNew: 160764K->3118K(176960K), 0.0206277 secs] 284711K->127073K(368576K), 0.0210205 secs] [Times: user=0.02 sys=0.00, real=0.02 secs] 
2020-03-19T13:40:26.951+0800: 16430.575: [GC (Allocation Failure) 2020-03-19T13:40:26.951+0800: 16430.575: [ParNew: 160430K->2380K(176960K), 0.0203648 secs] 284385K->126345K(368576K), 0.0207372 secs] [Times: user=0.02 sys=0.00, real=0.02 secs] 
2020-03-19T13:40:33.011+0800: 16436.636: [GC (Allocation Failure) 2020-03-19T13:40:33.011+0800: 16436.636: [ParNew: 159692K->2406K(176960K), 0.0201983 secs] 283657K->126378K(368576K), 0.0206735 secs] [Times: user=0.04 sys=0.00, real=0.02 secs] 
2020-03-19T13:40:38.928+0800: 16442.552: [GC (Allocation Failure) 2020-03-19T13:40:38.928+0800: 16442.553: [ParNew: 159718K->2480K(176960K), 0.0140713 secs] 283690K->126460K(368576K), 0.0144131 secs] [Times: user=0.02 sys=0.00, real=0.01 secs] 
2020-03-19T13:40:44.821+0800: 16448.445: [GC (Allocation Failure) 2020-03-19T13:40:44.821+0800: 16448.445: [ParNew: 159792K->3423K(176960K), 0.0207753 secs] 283772K->127412K(368576K), 0.0211813 secs] [Times: user=0.03 sys=0.00, real=0.02 secs] 
2020-03-19T13:40:49.806+0800: 16453.430: [GC (Allocation Failure) 2020-03-19T13:40:49.806+0800: 16453.431: [ParNew: 160735K->3114K(176960K), 0.0238700 secs] 284724K->127112K(368576K), 0.0245411 secs] [Times: user=0.03 sys=0.00, real=0.03 secs] 
2020-03-19T13:40:55.336+0800: 16458.961: [GC (Allocation Failure) 2020-03-19T13:40:55.337+0800: 16458.961: [ParNew: 160426K->2412K(176960K), 0.0141764 secs] 284424K->126417K(368576K), 0.0145320 secs] [Times: user=0.03 sys=0.00, real=0.02 secs] 
2020-03-19T13:41:00.284+0800: 16463.908: [GC (Allocation Failure) 2020-03-19T13:41:00.284+0800: 16463.908: [ParNew: 159724K->2371K(176960K), 0.0207888 secs] 283729K->126384K(368576K), 0.0212164 secs] [Times: user=0.02 sys=0.00, real=0.02 secs] 
2020-03-19T13:41:05.658+0800: 16469.283: [GC (Allocation Failure) 2020-03-19T13:41:05.659+0800: 16469.283: [ParNew: 159683K->1900K(176960K), 0.0135762 secs] 283696K->125919K(368576K), 0.0139596 secs] [Times: user=0.02 sys=0.00, real=0.01 secs] 
2020-03-19T13:41:12.053+0800: 16475.677: [GC (Allocation Failure) 2020-03-19T13:41:12.053+0800: 16475.678: [ParNew: 159212K->2682K(176960K), 0.0144939 secs] 283231K->126710K(368576K), 0.0148980 secs] [Times: user=0.03 sys=0.00, real=0.02 secs] 
2020-03-19T13:41:16.171+0800: 16479.795: [GC (Allocation Failure) 2020-03-19T13:41:16.171+0800: 16479.796: [ParNew: 159994K->3409K(176960K), 0.0198960 secs] 284022K->127447K(368576K), 0.0202672 secs] [Times: user=0.03 sys=0.00, real=0.02 secs] 
2020-03-19T13:41:23.231+0800: 16486.856: [GC (Allocation Failure) 2020-03-19T13:41:23.232+0800: 16486.856: [ParNew: 160721K->3221K(176960K), 0.0192471 secs] 284759K->127267K(368576K), 0.0198378 secs] [Times: user=0.03 sys=0.00, real=0.02 secs] 
2020-03-19T13:41:29.807+0800: 16493.431: [GC (Allocation Failure) 2020-03-19T13:41:29.807+0800: 16493.432: [ParNew: 160533K->2915K(176960K), 0.0152547 secs] 284579K->126964K(368576K), 0.0156267 secs] [Times: user=0.04 sys=0.00, real=0.01 secs] 
2020-03-19T13:41:35.336+0800: 16498.960: [GC (Allocation Failure) 2020-03-19T13:41:35.336+0800: 16498.961: [ParNew: 160227K->2057K(176960K), 0.0141101 secs] 284276K->126112K(368576K), 0.0144695 secs] [Times: user=0.03 sys=0.00, real=0.02 secs] 
2020-03-19T13:41:41.963+0800: 16505.587: [GC (Allocation Failure) 2020-03-19T13:41:41.963+0800: 16505.588: [ParNew: 159369K->2760K(176960K), 0.0150870 secs] 283424K->126823K(368576K), 0.0154154 secs] [Times: user=0.03 sys=0.00, real=0.02 secs] 
2020-03-19T13:41:46.335+0800: 16509.959: [GC (Allocation Failure) 2020-03-19T13:41:46.335+0800: 16509.960: [ParNew: 160072K->2596K(176960K), 0.0133227 secs] 284135K->126672K(368576K), 0.0136922 secs] [Times: user=0.03 sys=0.00, real=0.02 secs] 
2020-03-19T13:41:53.140+0800: 16516.764: [GC (Allocation Failure) 2020-03-19T13:41:53.140+0800: 16516.765: [ParNew: 159908K->2655K(176960K), 0.0141070 secs] 283984K->126736K(368576K), 0.0144571 secs] [Times: user=0.02 sys=0.01, real=0.01 secs] 
2020-03-19T13:41:59.773+0800: 16523.397: [GC (Allocation Failure) 2020-03-19T13:41:59.773+0800: 16523.398: [ParNew: 159967K->3423K(176960K), 0.0186798 secs] 284048K->127512K(368576K), 0.0190422 secs] [Times: user=0.03 sys=0.00, real=0.02 secs] 
2020-03-19T13:42:03.686+0800: 16527.310: [GC (Allocation Failure) 2020-03-19T13:42:03.686+0800: 16527.311: [ParNew: 160735K->2355K(176960K), 0.0138224 secs] 284824K->126450K(368576K), 0.0143809 secs] [Times: user=0.03 sys=0.00, real=0.02 secs] 
2020-03-19T13:42:09.462+0800: 16533.087: [GC (Allocation Failure) 2020-03-19T13:42:09.462+0800: 16533.087: [ParNew: 159667K->2376K(176960K), 0.0148569 secs] 283762K->126480K(368576K), 0.0152440 secs] [Times: user=0.03 sys=0.01, real=0.01 secs] 
2020-03-19T13:42:15.037+0800: 16538.662: [GC (Allocation Failure) 2020-03-19T13:42:15.038+0800: 16538.662: [ParNew: 159688K->3411K(176960K), 0.0224253 secs] 283792K->127535K(368576K), 0.0227979 secs] [Times: user=0.03 sys=0.00, real=0.03 secs] 
2020-03-19T13:42:21.041+0800: 16544.665: [GC (Allocation Failure) 2020-03-19T13:42:21.041+0800: 16544.666: [ParNew: 160723K->3118K(176960K), 0.0200156 secs] 284847K->127253K(368576K), 0.0204035 secs] [Times: user=0.02 sys=0.00, real=0.02 secs] 
2020-03-19T13:42:27.413+0800: 16551.038: [GC (Allocation Failure) 2020-03-19T13:42:27.414+0800: 16551.038: [ParNew: 160430K->2381K(176960K), 0.0138759 secs] 284565K->126522K(368576K), 0.0142363 secs] [Times: user=0.03 sys=0.00, real=0.02 secs] 
2020-03-19T13:42:33.220+0800: 16556.845: [GC (Allocation Failure) 2020-03-19T13:42:33.221+0800: 16556.845: [ParNew: 159693K->2443K(176960K), 0.0330651 secs] 283834K->126589K(368576K), 0.0335797 secs] [Times: user=0.03 sys=0.00, real=0.03 secs] 
2020-03-19T13:42:38.658+0800: 16562.283: [GC (Allocation Failure) 2020-03-19T13:42:38.658+0800: 16562.283: [ParNew: 159755K->2497K(176960K), 0.0219648 secs] 283901K->126653K(368576K), 0.0223811 secs] [Times: user=0.02 sys=0.00, real=0.02 secs] 
2020-03-19T13:42:44.762+0800: 16568.386: [GC (Allocation Failure) 2020-03-19T13:42:44.762+0800: 16568.386: [ParNew: 159809K->2607K(176960K), 0.0148144 secs] 283965K->126771K(368576K), 0.0152299 secs] [Times: user=0.03 sys=0.00, real=0.01 secs] 
2020-03-19T13:42:49.456+0800: 16573.080: [GC (Allocation Failure) 2020-03-19T13:42:49.456+0800: 16573.080: [ParNew: 159919K->2582K(176960K), 0.0149679 secs] 284083K->126755K(368576K), 0.0154015 secs] [Times: user=0.02 sys=0.00, real=0.02 secs] 
2020-03-19T13:42:55.793+0800: 16579.417: [GC (Allocation Failure) 2020-03-19T13:42:55.793+0800: 16579.418: [ParNew: 159894K->2652K(176960K), 0.0248163 secs] 284067K->126833K(368576K), 0.0254337 secs] [Times: user=0.03 sys=0.00, real=0.03 secs] 
2020-03-19T13:43:00.759+0800: 16584.384: [GC (Allocation Failure) 2020-03-19T13:43:00.759+0800: 16584.384: [ParNew: 159964K->2564K(176960K), 0.0140157 secs] 284145K->126750K(368576K), 0.0143532 secs] [Times: user=0.02 sys=0.00, real=0.01 secs] 
2020-03-19T13:43:05.820+0800: 16589.445: [GC (Allocation Failure) 2020-03-19T13:43:05.820+0800: 16589.445: [ParNew: 158974K->4648K(176960K), 0.0147794 secs] 283160K->128842K(368576K), 0.0152727 secs] [Times: user=0.02 sys=0.00, real=0.01 secs] 
2020-03-19T13:43:12.583+0800: 16596.207: [GC (Allocation Failure) 2020-03-19T13:43:12.583+0800: 16596.207: [ParNew: 161960K->2478K(176960K), 0.0433052 secs] 286154K->126681K(368576K), 0.0440482 secs] [Times: user=0.03 sys=0.00, real=0.05 secs] 
2020-03-19T13:43:16.157+0800: 16599.781: [GC (Allocation Failure) 2020-03-19T13:43:16.157+0800: 16599.781: [ParNew: 159790K->2958K(176960K), 0.0277948 secs] 283993K->127170K(368576K), 0.0282818 secs] [Times: user=0.03 sys=0.00, real=0.03 secs] 
2020-03-19T13:43:23.094+0800: 16606.719: [GC (Allocation Failure) 2020-03-19T13:43:23.095+0800: 16606.719: [ParNew: 160270K->2355K(176960K), 0.0153308 secs] 284482K->126574K(368576K), 0.0157558 secs] [Times: user=0.03 sys=0.00, real=0.02 secs] 
2020-03-19T13:43:29.781+0800: 16613.406: [GC (Allocation Failure) 2020-03-19T13:43:29.781+0800: 16613.406: [ParNew: 159667K->3836K(176960K), 0.0149625 secs] 283886K->128059K(368576K), 0.0153743 secs] [Times: user=0.03 sys=0.00, real=0.01 secs] 
2020-03-19T13:43:35.145+0800: 16618.769: [GC (Allocation Failure) 2020-03-19T13:43:35.145+0800: 16618.770: [ParNew: 161148K->2652K(176960K), 0.0220971 secs] 285371K->126881K(368576K), 0.0224870 secs] [Times: user=0.02 sys=0.00, real=0.03 secs] 
2020-03-19T13:43:41.892+0800: 16625.516: [GC (Allocation Failure) 2020-03-19T13:43:41.892+0800: 16625.517: [ParNew: 159964K->2588K(176960K), 0.0210587 secs] 284193K->126825K(368576K), 0.0214288 secs] [Times: user=0.02 sys=0.00, real=0.02 secs] 
2020-03-19T13:43:46.207+0800: 16629.832: [GC (Allocation Failure) 2020-03-19T13:43:46.207+0800: 16629.832: [ParNew: 159900K->2653K(176960K), 0.0176132 secs] 284137K->126900K(368576K), 0.0180168 secs] [Times: user=0.02 sys=0.00, real=0.01 secs] 
2020-03-19T13:43:52.637+0800: 16636.261: [GC (Allocation Failure) 2020-03-19T13:43:52.637+0800: 16636.262: [ParNew: 159965K->3355K(176960K), 0.0227422 secs] 284212K->127612K(368576K), 0.0231302 secs] [Times: user=0.01 sys=0.00, real=0.03 secs] 
2020-03-19T13:43:59.151+0800: 16642.775: [GC (Allocation Failure) 2020-03-19T13:43:59.151+0800: 16642.776: [ParNew: 160667K->2449K(176960K), 0.0141359 secs] 284924K->126713K(368576K), 0.0145506 secs] [Times: user=0.02 sys=0.00, real=0.01 secs] 
2020-03-19T13:44:03.228+0800: 16646.853: [GC (Allocation Failure) 2020-03-19T13:44:03.228+0800: 16646.853: [ParNew: 159761K->2586K(176960K), 0.0323295 secs] 284025K->126865K(368576K), 0.0327912 secs] [Times: user=0.03 sys=0.00, real=0.03 secs] 
2020-03-19T13:44:09.144+0800: 16652.768: [GC (Allocation Failure) 2020-03-19T13:44:09.144+0800: 16652.768: [ParNew: 159898K->2645K(176960K), 0.0133717 secs] 284177K->126934K(368576K), 0.0137822 secs] [Times: user=0.03 sys=0.00, real=0.01 secs] 
2020-03-19T13:44:14.810+0800: 16658.435: [GC (Allocation Failure) 2020-03-19T13:44:14.810+0800: 16658.435: [ParNew: 159957K->3624K(176960K), 0.0306784 secs] 284246K->127922K(368576K), 0.0311071 secs] [Times: user=0.04 sys=0.00, real=0.03 secs] 
2020-03-19T13:44:20.308+0800: 16663.933: [GC (Allocation Failure) 2020-03-19T13:44:20.308+0800: 16663.933: [ParNew: 160936K->2176K(176960K), 0.0142069 secs] 285234K->126482K(368576K), 0.0145806 secs] [Times: user=0.03 sys=0.00, real=0.01 secs] 
2020-03-19T13:44:24.667+0800: 16668.292: [GC (Allocation Failure) 2020-03-19T13:44:24.667+0800: 16668.292: [ParNew: 159488K->4780K(176960K), 0.0287405 secs] 283794K->129094K(368576K), 0.0292970 secs] [Times: user=0.04 sys=0.00, real=0.02 secs] 
2020-03-19T13:44:27.454+0800: 16671.079: [GC (Allocation Failure) 2020-03-19T13:44:27.454+0800: 16671.079: [ParNew: 162092K->2878K(176960K), 0.0133718 secs] 286406K->127198K(368576K), 0.0138011 secs] [Times: user=0.03 sys=0.01, real=0.02 secs] 
2020-03-19T13:44:32.636+0800: 16676.261: [GC (Allocation Failure) 2020-03-19T13:44:32.636+0800: 16676.261: [ParNew: 160190K->3244K(176960K), 0.0148393 secs] 284510K->127657K(368576K), 0.0152328 secs] [Times: user=0.03 sys=0.00, real=0.02 secs] 
2020-03-19T13:44:37.746+0800: 16681.370: [GC (Allocation Failure) 2020-03-19T13:44:37.746+0800: 16681.371: [ParNew: 160556K->3279K(176960K), 0.0145501 secs] 284969K->127699K(368576K), 0.0148910 secs] [Times: user=0.03 sys=0.01, real=0.02 secs] 
2020-03-19T13:44:44.453+0800: 16688.078: [GC (Allocation Failure) 2020-03-19T13:44:44.453+0800: 16688.078: [ParNew: 160591K->3468K(176960K), 0.0154549 secs] 285011K->127897K(368576K), 0.0159050 secs] [Times: user=0.03 sys=0.00, real=0.02 secs] 
2020-03-19T13:44:48.314+0800: 16691.938: [GC (Allocation Failure) 2020-03-19T13:44:48.314+0800: 16691.939: [ParNew: 160780K->3335K(176960K), 0.0141860 secs] 285209K->127771K(368576K), 0.0145822 secs] [Times: user=0.02 sys=0.01, real=0.02 secs] 
2020-03-19T13:44:54.407+0800: 16698.031: [GC (Allocation Failure) 2020-03-19T13:44:54.407+0800: 16698.031: [ParNew: 160647K->3460K(176960K), 0.0151222 secs] 285083K->127902K(368576K), 0.0155480 secs] [Times: user=0.02 sys=0.01, real=0.01 secs] 
2020-03-19T13:45:00.041+0800: 16703.665: [GC (Allocation Failure) 2020-03-19T13:45:00.041+0800: 16703.666: [ParNew: 160772K->3344K(176960K), 0.0282276 secs] 285214K->127792K(368576K), 0.0287901 secs] [Times: user=0.03 sys=0.00, real=0.03 secs] 
2020-03-19T13:45:04.919+0800: 16708.544: [GC (Allocation Failure) 2020-03-19T13:45:04.919+0800: 16708.544: [ParNew: 160656K->2693K(176960K), 0.0414032 secs] 285104K->127151K(368576K), 0.0419966 secs] [Times: user=0.03 sys=0.00, real=0.04 secs] 
2020-03-19T13:45:11.040+0800: 16714.665: [GC (Allocation Failure) 2020-03-19T13:45:11.040+0800: 16714.665: [ParNew: 160005K->3473K(176960K), 0.0225791 secs] 284463K->127940K(368576K), 0.0230332 secs] [Times: user=0.02 sys=0.00, real=0.02 secs] 
2020-03-19T13:45:15.669+0800: 16719.293: [GC (Allocation Failure) 2020-03-19T13:45:15.669+0800: 16719.294: [ParNew: 160785K->2311K(176960K), 0.0151169 secs] 285252K->126785K(368576K), 0.0154967 secs] [Times: user=0.02 sys=0.00, real=0.01 secs] 
2020-03-19T13:45:22.352+0800: 16725.977: [GC (Allocation Failure) 2020-03-19T13:45:22.353+0800: 16725.977: [ParNew: 159623K->3418K(176960K), 0.0149162 secs] 284097K->127896K(368576K), 0.0152826 secs] [Times: user=0.03 sys=0.00, real=0.02 secs] 
2020-03-19T13:45:29.188+0800: 16732.813: [GC (Allocation Failure) 2020-03-19T13:45:29.188+0800: 16732.813: [ParNew: 160730K->3335K(176960K), 0.0191315 secs] 285208K->127819K(368576K), 0.0195167 secs] [Times: user=0.03 sys=0.00, real=0.02 secs] 
2020-03-19T13:45:34.429+0800: 16738.053: [GC (Allocation Failure) 2020-03-19T13:45:34.429+0800: 16738.053: [ParNew: 160647K->3405K(176960K), 0.0145640 secs] 285131K->127899K(368576K), 0.0149487 secs] [Times: user=0.02 sys=0.00, real=0.01 secs] 
2020-03-19T13:45:40.991+0800: 16744.616: [GC (Allocation Failure) 2020-03-19T13:45:40.992+0800: 16744.616: [ParNew: 160717K->3326K(176960K), 0.0218751 secs] 285211K->127830K(368576K), 0.0223973 secs] [Times: user=0.02 sys=0.00, real=0.02 secs] 
2020-03-19T13:45:45.751+0800: 16749.376: [GC (Allocation Failure) 2020-03-19T13:45:45.751+0800: 16749.376: [ParNew: 160638K->4496K(176960K), 0.0208258 secs] 285142K->129015K(368576K), 0.0212087 secs] [Times: user=0.03 sys=0.00, real=0.02 secs] 
2020-03-19T13:45:52.200+0800: 16755.824: [GC (Allocation Failure) 2020-03-19T13:45:52.200+0800: 16755.824: [ParNew: 161808K->3135K(176960K), 0.0147521 secs] 286327K->127725K(368576K), 0.0151781 secs] [Times: user=0.02 sys=0.01, real=0.01 secs] 
2020-03-19T13:45:58.275+0800: 16761.900: [GC (Allocation Failure) 2020-03-19T13:45:58.276+0800: 16761.900: [ParNew: 160447K->2985K(176960K), 0.0231569 secs] 285037K->128025K(368576K), 0.0235320 secs] [Times: user=0.02 sys=0.00, real=0.03 secs] 
2020-03-19T13:46:02.357+0800: 16765.981: [GC (Allocation Failure) 2020-03-19T13:46:02.357+0800: 16765.981: [ParNew: 160297K->2375K(176960K), 0.0198846 secs] 285337K->127422K(368576K), 0.0203226 secs] [Times: user=0.02 sys=0.00, real=0.02 secs] 
2020-03-19T13:46:07.251+0800: 16770.876: [GC (Allocation Failure) 2020-03-19T13:46:07.251+0800: 16770.876: [ParNew: 159687K->2402K(176960K), 0.0180696 secs] 284734K->127459K(368576K), 0.0185278 secs] [Times: user=0.03 sys=0.00, real=0.02 secs] 
2020-03-19T13:46:14.392+0800: 16778.016: [GC (Allocation Failure) 2020-03-19T13:46:14.392+0800: 16778.017: [ParNew: 159714K->2639K(176960K), 0.0146419 secs] 284771K->127712K(368576K), 0.0149964 secs] [Times: user=0.03 sys=0.00, real=0.02 secs] 
2020-03-19T13:46:18.686+0800: 16782.310: [GC (Allocation Failure) 2020-03-19T13:46:18.686+0800: 16782.311: [ParNew: 159951K->2552K(176960K), 0.0138574 secs] 285024K->127640K(368576K), 0.0142662 secs] [Times: user=0.02 sys=0.00, real=0.02 secs] 
2020-03-19T13:46:25.619+0800: 16789.244: [GC (Allocation Failure) 2020-03-19T13:46:25.620+0800: 16789.244: [ParNew: 159864K->2614K(176960K), 0.0153511 secs] 284952K->127718K(368576K), 0.0157276 secs] [Times: user=0.03 sys=0.00, real=0.01 secs] 
2020-03-19T13:46:31.576+0800: 16795.200: [GC (Allocation Failure) 2020-03-19T13:46:31.576+0800: 16795.201: [ParNew: 159926K->3365K(176960K), 0.0152523 secs] 285030K->128474K(368576K), 0.0156188 secs] [Times: user=0.03 sys=0.00, real=0.02 secs] 
2020-03-19T13:46:37.294+0800: 16800.918: [GC (Allocation Failure) 2020-03-19T13:46:37.294+0800: 16800.919: [ParNew: 160677K->2186K(176960K), 0.0137424 secs] 285786K->127302K(368576K), 0.0141249 secs] [Times: user=0.03 sys=0.00, real=0.02 secs] 
2020-03-19T13:46:44.434+0800: 16808.058: [GC (Allocation Failure) 2020-03-19T13:46:44.434+0800: 16808.059: [ParNew: 159498K->3129K(176960K), 0.0150700 secs] 284614K->128253K(368576K), 0.0154370 secs] [Times: user=0.02 sys=0.00, real=0.02 secs] 
2020-03-19T13:46:49.036+0800: 16812.660: [GC (Allocation Failure) 2020-03-19T13:46:49.036+0800: 16812.661: [ParNew: 160441K->2029K(176960K), 0.0348085 secs] 285565K->127161K(368576K), 0.0355817 secs] [Times: user=0.02 sys=0.00, real=0.04 secs] 
2020-03-19T13:46:55.300+0800: 16818.925: [GC (Allocation Failure) 2020-03-19T13:46:55.300+0800: 16818.925: [ParNew: 159341K->2347K(176960K), 0.0179085 secs] 284473K->127487K(368576K), 0.0183650 secs] [Times: user=0.03 sys=0.00, real=0.02 secs] 
2020-03-19T13:47:00.365+0800: 16823.989: [GC (Allocation Failure) 2020-03-19T13:47:00.365+0800: 16823.990: [ParNew: 159659K->3288K(176960K), 0.0291645 secs] 284799K->128432K(368576K), 0.0296193 secs] [Times: user=0.03 sys=0.00, real=0.03 secs] 
2020-03-19T13:47:05.643+0800: 16829.268: [GC (Allocation Failure) 2020-03-19T13:47:05.643+0800: 16829.268: [ParNew: 160600K->2182K(176960K), 0.0149681 secs] 285744K->127333K(368576K), 0.0154327 secs] [Times: user=0.03 sys=0.00, real=0.02 secs] 
2020-03-19T13:47:12.262+0800: 16835.887: [GC (Allocation Failure) 2020-03-19T13:47:12.263+0800: 16835.887: [ParNew: 159494K->3124K(176960K), 0.0140026 secs] 284645K->128285K(368576K), 0.0143810 secs] [Times: user=0.03 sys=0.00, real=0.01 secs] 
2020-03-19T13:47:16.143+0800: 16839.768: [GC (Allocation Failure) 2020-03-19T13:47:16.147+0800: 16839.771: [ParNew: 160436K->3033K(176960K), 0.0195983 secs] 285597K->128203K(368576K), 0.0232343 secs] [Times: user=0.03 sys=0.00, real=0.03 secs] 
2020-03-19T13:47:23.061+0800: 16846.685: [GC (Allocation Failure) 2020-03-19T13:47:23.065+0800: 16846.690: [ParNew: 160345K->1982K(176960K), 0.0493978 secs] 285515K->127159K(368576K), 0.0540074 secs] [Times: user=0.03 sys=0.00, real=0.05 secs] 
2020-03-19T13:47:29.624+0800: 16853.249: [GC (Allocation Failure) 2020-03-19T13:47:29.625+0800: 16853.249: [ParNew: 159294K->2622K(176960K), 0.0194519 secs] 284471K->127803K(368576K), 0.0198954 secs] [Times: user=0.03 sys=0.00, real=0.02 secs] 
2020-03-19T13:47:35.142+0800: 16858.767: [GC (Allocation Failure) 2020-03-19T13:47:35.142+0800: 16858.767: [ParNew: 159934K->2635K(176960K), 0.0528124 secs] 285115K->127822K(368576K), 0.0533522 secs] [Times: user=0.04 sys=0.01, real=0.05 secs] 
2020-03-19T13:47:41.571+0800: 16865.196: [GC (Allocation Failure) 2020-03-19T13:47:41.572+0800: 16865.196: [ParNew: 159947K->2549K(176960K), 0.0138291 secs] 285134K->127743K(368576K), 0.0142866 secs] [Times: user=0.03 sys=0.00, real=0.01 secs] 
2020-03-19T13:47:45.920+0800: 16869.544: [GC (Allocation Failure) 2020-03-19T13:47:45.920+0800: 16869.544: [ParNew: 159861K->2617K(176960K), 0.0197265 secs] 285055K->127821K(368576K), 0.0201497 secs] [Times: user=0.02 sys=0.00, real=0.02 secs] 
2020-03-19T13:47:52.856+0800: 16876.481: [GC (Allocation Failure) 2020-03-19T13:47:52.856+0800: 16876.481: [ParNew: 159929K->2166K(176960K), 0.0148919 secs] 285133K->127376K(368576K), 0.0153276 secs] [Times: user=0.03 sys=0.00, real=0.02 secs] 
2020-03-19T13:47:59.363+0800: 16882.988: [GC (Allocation Failure) 2020-03-19T13:47:59.364+0800: 16882.988: [ParNew: 159478K->1794K(176960K), 0.0287740 secs] 284688K->127011K(368576K), 0.0293222 secs] [Times: user=0.02 sys=0.00, real=0.03 secs] 
2020-03-19T13:48:03.599+0800: 16887.224: [GC (Allocation Failure) 2020-03-19T13:48:03.599+0800: 16887.224: [ParNew: 159106K->2697K(176960K), 0.0158344 secs] 284323K->127920K(368576K), 0.0161825 secs] [Times: user=0.03 sys=0.00, real=0.01 secs] 
2020-03-19T13:48:08.978+0800: 16892.603: [GC (Allocation Failure) 2020-03-19T13:48:08.978+0800: 16892.603: [ParNew: 160009K->2562K(176960K), 0.0243378 secs] 285232K->127796K(368576K), 0.0247363 secs] [Times: user=0.03 sys=0.00, real=0.03 secs] 
2020-03-19T13:48:14.145+0800: 16897.769: [GC (Allocation Failure) 2020-03-19T13:48:14.145+0800: 16897.769: [ParNew: 159874K->2711K(176960K), 0.0207321 secs] 285108K->127955K(368576K), 0.0211113 secs] [Times: user=0.03 sys=0.00, real=0.02 secs] 
2020-03-19T13:48:16.896+0800: 16900.521: [GC (Allocation Failure) 2020-03-19T13:48:16.896+0800: 16900.521: [ParNew: 160023K->2779K(176960K), 0.0202280 secs] 285267K->128030K(368576K), 0.0206584 secs] [Times: user=0.02 sys=0.00, real=0.02 secs] 
2020-03-19T13:48:19.343+0800: 16902.968: [GC (Allocation Failure) 2020-03-19T13:48:19.344+0800: 16902.968: [ParNew: 160091K->14149K(176960K), 0.0418336 secs] 285342K->139408K(368576K), 0.0422339 secs] [Times: user=0.07 sys=0.00, real=0.04 secs] 
2020-03-19T13:48:19.611+0800: 16903.236: [GC (Allocation Failure) 2020-03-19T13:48:19.612+0800: 16903.236: [ParNew: 171461K->10164K(176960K), 0.1407484 secs] 296720K->140706K(368576K), 0.1414795 secs] [Times: user=0.07 sys=0.01, real=0.14 secs] 
2020-03-19T13:48:20.386+0800: 16904.010: [GC (Allocation Failure) 2020-03-19T13:48:20.386+0800: 16904.010: [ParNew: 167476K->17603K(176960K), 0.0420982 secs] 298018K->148144K(368576K), 0.0425469 secs] [Times: user=0.04 sys=0.00, real=0.05 secs] 
2020-03-19T13:48:24.300+0800: 16907.924: [GC (Allocation Failure) 2020-03-19T13:48:24.300+0800: 16907.924: [ParNew: 174915K->5171K(176960K), 0.0216829 secs] 305456K->139732K(368576K), 0.0220931 secs] [Times: user=0.04 sys=0.00, real=0.02 secs] 
2020-03-19T13:48:30.463+0800: 16914.088: [GC (Allocation Failure) 2020-03-19T13:48:30.464+0800: 16914.088: [ParNew: 162483K->2139K(176960K), 0.0141938 secs] 297044K->136700K(368576K), 0.0145722 secs] [Times: user=0.02 sys=0.00, real=0.02 secs] 
2020-03-19T13:48:35.826+0800: 16919.451: [GC (Allocation Failure) 2020-03-19T13:48:35.826+0800: 16919.451: [ParNew: 159451K->4333K(176960K), 0.0148624 secs] 294012K->138894K(368576K), 0.0152494 secs] [Times: user=0.02 sys=0.01, real=0.02 secs] 
2020-03-19T13:48:42.488+0800: 16926.113: [GC (Allocation Failure) 2020-03-19T13:48:42.488+0800: 16926.113: [ParNew: 161645K->4358K(176960K), 0.0151697 secs] 296206K->138919K(368576K), 0.0155422 secs] [Times: user=0.03 sys=0.00, real=0.01 secs] 
2020-03-19T13:48:46.514+0800: 16930.138: [GC (Allocation Failure) 2020-03-19T13:48:46.514+0800: 16930.139: [ParNew: 161670K->3704K(176960K), 0.0151609 secs] 296231K->138265K(368576K), 0.0155088 secs] [Times: user=0.03 sys=0.00, real=0.02 secs] 
2020-03-19T13:48:52.635+0800: 16936.259: [GC (Allocation Failure) 2020-03-19T13:48:52.635+0800: 16936.259: [ParNew: 161016K->3990K(176960K), 0.0161767 secs] 295577K->138551K(368576K), 0.0165952 secs] [Times: user=0.03 sys=0.00, real=0.02 secs] 
2020-03-19T13:48:58.538+0800: 16942.162: [GC (Allocation Failure) 2020-03-19T13:48:58.538+0800: 16942.163: [ParNew: 161302K->4157K(176960K), 0.0179059 secs] 295863K->138718K(368576K), 0.0183499 secs] [Times: user=0.04 sys=0.00, real=0.02 secs] 
2020-03-19T13:49:02.569+0800: 16946.194: [GC (Allocation Failure) 2020-03-19T13:49:02.570+0800: 16946.194: [ParNew: 161469K->4395K(176960K), 0.0237292 secs] 296030K->138956K(368576K), 0.0241462 secs] [Times: user=0.02 sys=0.00, real=0.02 secs] 
2020-03-19T13:49:08.226+0800: 16951.850: [GC (Allocation Failure) 2020-03-19T13:49:08.226+0800: 16951.850: [ParNew: 161707K->4328K(176960K), 0.0150295 secs] 296268K->138889K(368576K), 0.0153844 secs] [Times: user=0.03 sys=0.00, real=0.02 secs] 
2020-03-19T13:49:14.770+0800: 16958.395: [GC (Allocation Failure) 2020-03-19T13:49:14.770+0800: 16958.395: [ParNew: 161640K->4458K(176960K), 0.0201479 secs] 296201K->139020K(368576K), 0.0205804 secs] [Times: user=0.03 sys=0.01, real=0.02 secs] 
2020-03-19T13:49:19.367+0800: 16962.991: [GC (Allocation Failure) 2020-03-19T13:49:19.367+0800: 16962.991: [ParNew: 161770K->4582K(176960K), 0.0360388 secs] 296332K->139144K(368576K), 0.0365003 secs] [Times: user=0.02 sys=0.00, real=0.03 secs] 
2020-03-19T13:49:26.541+0800: 16970.166: [GC (Allocation Failure) 2020-03-19T13:49:26.541+0800: 16970.166: [ParNew: 161894K->4580K(176960K), 0.0245401 secs] 296456K->139142K(368576K), 0.0249480 secs] [Times: user=0.02 sys=0.01, real=0.03 secs] 
2020-03-19T13:49:32.378+0800: 16976.002: [GC (Allocation Failure) 2020-03-19T13:49:32.378+0800: 16976.003: [ParNew: 161892K->4589K(176960K), 0.0160103 secs] 296454K->139150K(368576K), 0.0164248 secs] [Times: user=0.03 sys=0.00, real=0.02 secs] 
2020-03-19T13:49:38.225+0800: 16981.849: [GC (Allocation Failure) 2020-03-19T13:49:38.225+0800: 16981.850: [ParNew: 161901K->4536K(176960K), 0.0154083 secs] 296462K->139098K(368576K), 0.0157413 secs] [Times: user=0.03 sys=0.00, real=0.02 secs] 
2020-03-19T13:49:44.774+0800: 16988.399: [GC (Allocation Failure) 2020-03-19T13:49:44.775+0800: 16988.399: [ParNew: 161848K->4640K(176960K), 0.0200941 secs] 296410K->139201K(368576K), 0.0204648 secs] [Times: user=0.03 sys=0.00, real=0.02 secs] 
2020-03-19T13:49:49.660+0800: 16993.285: [GC (Allocation Failure) 2020-03-19T13:49:49.660+0800: 16993.285: [ParNew: 161952K->3221K(176960K), 0.0171021 secs] 296513K->138191K(368576K), 0.0174836 secs] [Times: user=0.03 sys=0.00, real=0.01 secs] 
2020-03-19T13:49:56.149+0800: 16999.773: [GC (Allocation Failure) 2020-03-19T13:49:56.149+0800: 16999.773: [ParNew: 160533K->4303K(176960K), 0.0240137 secs] 295503K->139635K(368576K), 0.0244208 secs] [Times: user=0.03 sys=0.00, real=0.02 secs] 
2020-03-19T13:50:00.751+0800: 17004.375: [GC (Allocation Failure) 2020-03-19T13:50:00.751+0800: 17004.375: [ParNew: 161615K->3172K(176960K), 0.0161509 secs] 296947K->138662K(368576K), 0.0165882 secs] [Times: user=0.03 sys=0.00, real=0.02 secs] 
2020-03-19T13:50:05.885+0800: 17009.509: [GC (Allocation Failure) 2020-03-19T13:50:05.885+0800: 17009.509: [ParNew: 160484K->2399K(176960K), 0.0151281 secs] 295974K->138124K(368576K), 0.0155518 secs] [Times: user=0.03 sys=0.00, real=0.02 secs] 
2020-03-19T13:50:13.329+0800: 17016.954: [GC (Allocation Failure) 2020-03-19T13:50:13.329+0800: 17016.954: [ParNew: 159711K->3193K(176960K), 0.0173090 secs] 295436K->138961K(368576K), 0.0176725 secs] [Times: user=0.03 sys=0.00, real=0.02 secs] 
2020-03-19T13:50:17.266+0800: 17020.890: [GC (Allocation Failure) 2020-03-19T13:50:17.266+0800: 17020.891: [ParNew: 160505K->3004K(176960K), 0.0251193 secs] 296273K->138874K(368576K), 0.0256403 secs] [Times: user=0.02 sys=0.00, real=0.03 secs] 
2020-03-19T13:50:23.563+0800: 17027.187: [GC (Allocation Failure) 2020-03-19T13:50:23.563+0800: 17027.187: [ParNew: 160316K->2949K(176960K), 0.0158644 secs] 296186K->138855K(368576K), 0.0162532 secs] [Times: user=0.03 sys=0.00, real=0.02 secs] 
2020-03-19T13:50:29.774+0800: 17033.398: [GC (Allocation Failure) 2020-03-19T13:50:29.774+0800: 17033.399: [ParNew: 160261K->2888K(176960K), 0.0215987 secs] 296167K->138810K(368576K), 0.0220001 secs] [Times: user=0.02 sys=0.00, real=0.02 secs] 
2020-03-19T13:50:34.806+0800: 17038.430: [GC (Allocation Failure) 2020-03-19T13:50:34.806+0800: 17038.430: [ParNew: 160200K->3164K(176960K), 0.0312432 secs] 296122K->139106K(368576K), 0.0319034 secs] [Times: user=0.03 sys=0.00, real=0.03 secs] 
2020-03-19T13:50:41.285+0800: 17044.910: [GC (Allocation Failure) 2020-03-19T13:50:41.285+0800: 17044.910: [ParNew: 160476K->2945K(176960K), 0.0252723 secs] 296418K->138920K(368576K), 0.0256875 secs] [Times: user=0.02 sys=0.00, real=0.03 secs] 
2020-03-19T13:50:45.772+0800: 17049.396: [GC (Allocation Failure) 2020-03-19T13:50:45.772+0800: 17049.396: [ParNew: 160257K->3929K(176960K), 0.0156703 secs] 296232K->139931K(368576K), 0.0160917 secs] [Times: user=0.03 sys=0.00, real=0.02 secs] 
2020-03-19T13:50:52.630+0800: 17056.255: [GC (Allocation Failure) 2020-03-19T13:50:52.630+0800: 17056.255: [ParNew: 161241K->3540K(176960K), 0.0212663 secs] 297243K->139561K(368576K), 0.0216665 secs] [Times: user=0.02 sys=0.01, real=0.02 secs] 
2020-03-19T13:50:59.386+0800: 17063.010: [GC (Allocation Failure) 2020-03-19T13:50:59.386+0800: 17063.010: [ParNew: 160852K->2592K(176960K), 0.0308615 secs] 296873K->138634K(368576K), 0.0312909 secs] [Times: user=0.02 sys=0.00, real=0.03 secs] 
2020-03-19T13:51:03.424+0800: 17067.048: [GC (Allocation Failure) 2020-03-19T13:51:03.424+0800: 17067.048: [ParNew: 159904K->3600K(176960K), 0.0326913 secs] 295946K->139658K(368576K), 0.0330966 secs] [Times: user=0.03 sys=0.00, real=0.03 secs] 
2020-03-19T13:51:09.149+0800: 17072.773: [GC (Allocation Failure) 2020-03-19T13:51:09.149+0800: 17072.773: [ParNew: 160912K->2902K(176960K), 0.0163248 secs] 296970K->138987K(368576K), 0.0167557 secs] [Times: user=0.03 sys=0.00, real=0.01 secs] 
2020-03-19T13:51:14.814+0800: 17078.439: [GC (Allocation Failure) 2020-03-19T13:51:14.814+0800: 17078.439: [ParNew: 160214K->3516K(176960K), 0.0163387 secs] 296299K->139621K(368576K), 0.0166780 secs] [Times: user=0.01 sys=0.01, real=0.02 secs] 
2020-03-19T13:51:20.400+0800: 17084.024: [GC (Allocation Failure) 2020-03-19T13:51:20.400+0800: 17084.025: [ParNew: 160828K->3388K(176960K), 0.0149602 secs] 296933K->139516K(368576K), 0.0153694 secs] [Times: user=0.03 sys=0.00, real=0.01 secs] 
2020-03-19T13:51:27.041+0800: 17090.665: [GC (Allocation Failure) 2020-03-19T13:51:27.041+0800: 17090.665: [ParNew: 160700K->2643K(176960K), 0.0153796 secs] 296828K->138788K(368576K), 0.0157505 secs] [Times: user=0.03 sys=0.00, real=0.01 secs] 
2020-03-19T13:51:33.222+0800: 17096.846: [GC (Allocation Failure) 2020-03-19T13:51:33.222+0800: 17096.847: [ParNew: 159955K->2723K(176960K), 0.0275148 secs] 296100K->138883K(368576K), 0.0280010 secs] [Times: user=0.03 sys=0.00, real=0.03 secs] 
2020-03-19T13:51:39.149+0800: 17102.773: [GC (Allocation Failure) 2020-03-19T13:51:39.149+0800: 17102.774: [ParNew: 160035K->2829K(176960K), 0.0207144 secs] 296195K->139015K(368576K), 0.0211268 secs] [Times: user=0.03 sys=0.00, real=0.02 secs] 
2020-03-19T13:51:44.895+0800: 17108.519: [GC (Allocation Failure) 2020-03-19T13:51:44.895+0800: 17108.520: [ParNew: 160141K->2939K(176960K), 0.0161318 secs] 296327K->139141K(368576K), 0.0165080 secs] [Times: user=0.03 sys=0.00, real=0.02 secs] 
2020-03-19T13:51:50.612+0800: 17114.236: [GC (Allocation Failure) 2020-03-19T13:51:50.612+0800: 17114.237: [ParNew: 160251K->2313K(176960K), 0.0154526 secs] 296453K->138546K(368576K), 0.0158519 secs] [Times: user=0.03 sys=0.00, real=0.02 secs] 
2020-03-19T13:51:56.832+0800: 17120.456: [GC (Allocation Failure) 2020-03-19T13:51:56.832+0800: 17120.456: [ParNew: 159625K->2089K(176960K), 0.0152450 secs] 295858K->138391K(368576K), 0.0156553 secs] [Times: user=0.03 sys=0.00, real=0.02 secs] 
2020-03-19T13:52:01.314+0800: 17124.938: [GC (GCLocker Initiated GC) 2020-03-19T13:52:01.314+0800: 17124.939: [ParNew: 159401K->2858K(176960K), 0.0353192 secs] 295703K->139189K(368576K), 0.0359788 secs] [Times: user=0.03 sys=0.00, real=0.04 secs] 
2020-03-19T13:52:06.624+0800: 17130.249: [GC (Allocation Failure) 2020-03-19T13:52:06.625+0800: 17130.249: [ParNew: 160170K->2891K(176960K), 0.0148288 secs] 296501K->139244K(368576K), 0.0151674 secs] [Times: user=0.03 sys=0.00, real=0.02 secs] 
2020-03-19T13:52:13.744+0800: 17137.368: [GC (Allocation Failure) 2020-03-19T13:52:13.744+0800: 17137.369: [ParNew: 160203K->2863K(176960K), 0.0198306 secs] 296556K->139238K(368576K), 0.0202699 secs] [Times: user=0.03 sys=0.00, real=0.02 secs] 
2020-03-19T13:52:17.992+0800: 17141.617: [GC (Allocation Failure) 2020-03-19T13:52:17.993+0800: 17141.617: [ParNew: 160175K->2785K(176960K), 0.0142192 secs] 296550K->139183K(368576K), 0.0146250 secs] [Times: user=0.03 sys=0.00, real=0.02 secs] 
2020-03-19T13:52:25.258+0800: 17148.882: [GC (Allocation Failure) 2020-03-19T13:52:25.258+0800: 17148.883: [ParNew: 160097K->2848K(176960K), 0.0190326 secs] 296495K->139270K(368576K), 0.0194236 secs] [Times: user=0.03 sys=0.00, real=0.02 secs] 
2020-03-19T13:52:28.685+0800: 17152.309: [GC (Allocation Failure) 2020-03-19T13:52:28.685+0800: 17152.310: [ParNew: 160160K->4194K(176960K), 0.0172745 secs] 296582K->140631K(368576K), 0.0176599 secs] [Times: user=0.03 sys=0.00, real=0.02 secs] 
2020-03-19T13:52:34.409+0800: 17158.033: [GC (Allocation Failure) 2020-03-19T13:52:34.409+0800: 17158.034: [ParNew: 161506K->5470K(176960K), 0.0233607 secs] 297943K->141925K(368576K), 0.0237727 secs] [Times: user=0.03 sys=0.00, real=0.02 secs] 
2020-03-19T13:52:40.658+0800: 17164.283: [GC (Allocation Failure) 2020-03-19T13:52:40.658+0800: 17164.283: [ParNew: 162782K->3557K(176960K), 0.0177044 secs] 299237K->140035K(368576K), 0.0182961 secs] [Times: user=0.03 sys=0.00, real=0.02 secs] 
2020-03-19T13:52:45.714+0800: 17169.339: [GC (Allocation Failure) 2020-03-19T13:52:45.715+0800: 17169.339: [ParNew: 160869K->5374K(176960K), 0.0194667 secs] 297347K->141879K(368576K), 0.0199530 secs] [Times: user=0.03 sys=0.00, real=0.02 secs] 
2020-03-19T13:52:51.995+0800: 17175.620: [GC (Allocation Failure) 2020-03-19T13:52:51.996+0800: 17175.620: [ParNew: 162686K->4577K(176960K), 0.0314551 secs] 299191K->141104K(368576K), 0.0318849 secs] [Times: user=0.03 sys=0.00, real=0.04 secs] 
2020-03-19T13:52:58.489+0800: 17182.114: [GC (Allocation Failure) 2020-03-19T13:52:58.490+0800: 17182.114: [ParNew: 161889K->4076K(176960K), 0.0239625 secs] 298416K->140621K(368576K), 0.0243315 secs] [Times: user=0.03 sys=0.00, real=0.02 secs] 
2020-03-19T13:53:02.666+0800: 17186.290: [GC (Allocation Failure) 2020-03-19T13:53:02.666+0800: 17186.291: [ParNew: 161388K->5969K(176960K), 0.0168004 secs] 297933K->142533K(368576K), 0.0171990 secs] [Times: user=0.03 sys=0.00, real=0.02 secs] 
2020-03-19T13:53:08.226+0800: 17191.851: [GC (Allocation Failure) 2020-03-19T13:53:08.227+0800: 17191.851: [ParNew: 163281K->3741K(176960K), 0.0163917 secs] 299845K->140327K(368576K), 0.0167596 secs] [Times: user=0.04 sys=0.00, real=0.01 secs] 
2020-03-19T13:53:14.762+0800: 17198.386: [GC (Allocation Failure) 2020-03-19T13:53:14.762+0800: 17198.386: [ParNew: 161053K->4191K(176960K), 0.0262749 secs] 297639K->140801K(368576K), 0.0266708 secs] [Times: user=0.03 sys=0.00, real=0.03 secs] 
2020-03-19T13:53:19.458+0800: 17203.083: [GC (Allocation Failure) 2020-03-19T13:53:19.459+0800: 17203.083: [ParNew: 161503K->4454K(176960K), 0.0198412 secs] 298113K->141084K(368576K), 0.0202674 secs] [Times: user=0.03 sys=0.00, real=0.02 secs] 
2020-03-19T13:53:26.545+0800: 17210.169: [GC (Allocation Failure) 2020-03-19T13:53:26.545+0800: 17210.169: [ParNew: 161766K->4600K(176960K), 0.0190338 secs] 298396K->141243K(368576K), 0.0194038 secs] [Times: user=0.03 sys=0.00, real=0.02 secs] 
2020-03-19T13:53:32.328+0800: 17215.952: [GC (Allocation Failure) 2020-03-19T13:53:32.328+0800: 17215.953: [ParNew: 161912K->4625K(176960K), 0.0159398 secs] 298555K->141286K(368576K), 0.0163179 secs] [Times: user=0.03 sys=0.00, real=0.01 secs] 
2020-03-19T13:53:38.148+0800: 17221.772: [GC (Allocation Failure) 2020-03-19T13:53:38.148+0800: 17221.773: [ParNew: 161937K->4530K(176960K), 0.0176500 secs] 298598K->141218K(368576K), 0.0180536 secs] [Times: user=0.03 sys=0.00, real=0.02 secs] 
2020-03-19T13:53:44.763+0800: 17228.388: [GC (Allocation Failure) 2020-03-19T13:53:44.763+0800: 17228.388: [ParNew: 161842K->4586K(176960K), 0.0180999 secs] 298530K->141291K(368576K), 0.0184776 secs] [Times: user=0.04 sys=0.00, real=0.02 secs] 
2020-03-19T13:53:49.595+0800: 17233.220: [GC (Allocation Failure) 2020-03-19T13:53:49.596+0800: 17233.220: [ParNew: 161898K->4551K(176960K), 0.0362467 secs] 298603K->141282K(368576K), 0.0367749 secs] [Times: user=0.04 sys=0.01, real=0.04 secs] 
2020-03-19T13:53:55.299+0800: 17238.923: [GC (Allocation Failure) 2020-03-19T13:53:55.299+0800: 17238.924: [ParNew: 161863K->4654K(176960K), 0.0422142 secs] 298594K->142478K(368576K), 0.0428303 secs] [Times: user=0.04 sys=0.00, real=0.04 secs] 
2020-03-19T13:54:00.301+0800: 17243.926: [GC (GCLocker Initiated GC) 2020-03-19T13:54:00.301+0800: 17243.926: [ParNew: 162252K->3065K(176960K), 0.0149608 secs] 300076K->140909K(368576K), 0.0153976 secs] [Times: user=0.03 sys=0.00, real=0.01 secs] 
2020-03-19T13:54:05.817+0800: 17249.442: [GC (Allocation Failure) 2020-03-19T13:54:05.817+0800: 17249.442: [ParNew: 160377K->3963K(176960K), 0.0167370 secs] 298221K->141830K(368576K), 0.0171927 secs] [Times: user=0.03 sys=0.00, real=0.02 secs] 
2020-03-19T13:54:12.633+0800: 17256.258: [GC (Allocation Failure) 2020-03-19T13:54:12.634+0800: 17256.258: [ParNew: 161275K->2754K(176960K), 0.0152307 secs] 299142K->140723K(368576K), 0.0156566 secs] [Times: user=0.03 sys=0.01, real=0.02 secs] 
2020-03-19T13:54:16.553+0800: 17260.177: [GC (Allocation Failure) 2020-03-19T13:54:16.553+0800: 17260.177: [ParNew: 160066K->3653K(176960K), 0.0144446 secs] 298035K->141644K(368576K), 0.0148139 secs] [Times: user=0.03 sys=0.00, real=0.02 secs] 
2020-03-19T13:54:23.678+0800: 17267.303: [GC (Allocation Failure) 2020-03-19T13:54:23.678+0800: 17267.303: [ParNew: 160965K->2480K(176960K), 0.0277995 secs] 298956K->140494K(368576K), 0.0282659 secs] [Times: user=0.03 sys=0.00, real=0.04 secs] 
2020-03-19T13:54:29.827+0800: 17273.452: [GC (Allocation Failure) 2020-03-19T13:54:29.828+0800: 17273.452: [ParNew: 159792K->2678K(176960K), 0.0155419 secs] 297806K->140708K(368576K), 0.0159297 secs] [Times: user=0.03 sys=0.00, real=0.01 secs] 
2020-03-19T13:54:35.814+0800: 17279.439: [GC (Allocation Failure) 2020-03-19T13:54:35.814+0800: 17279.439: [ParNew: 159990K->3566K(176960K), 0.0147958 secs] 298020K->141614K(368576K), 0.0151472 secs] [Times: user=0.02 sys=0.00, real=0.02 secs] 
2020-03-19T13:54:42.636+0800: 17286.260: [GC (Allocation Failure) 2020-03-19T13:54:42.636+0800: 17286.261: [ParNew: 160878K->2297K(176960K), 0.0159199 secs] 298926K->140373K(368576K), 0.0163179 secs] [Times: user=0.03 sys=0.00, real=0.02 secs] 
2020-03-19T13:54:46.674+0800: 17290.299: [GC (Allocation Failure) 2020-03-19T13:54:46.675+0800: 17290.299: [ParNew: 159609K->3074K(176960K), 0.0155401 secs] 297685K->141173K(368576K), 0.0159152 secs] [Times: user=0.02 sys=0.00, real=0.02 secs] 
2020-03-19T13:54:53.641+0800: 17297.265: [GC (Allocation Failure) 2020-03-19T13:54:53.641+0800: 17297.265: [ParNew: 160386K->3086K(176960K), 0.0300111 secs] 298485K->141207K(368576K), 0.0304389 secs] [Times: user=0.04 sys=0.00, real=0.03 secs] 
2020-03-19T13:54:59.818+0800: 17303.442: [GC (Allocation Failure) 2020-03-19T13:54:59.818+0800: 17303.442: [ParNew: 160398K->3984K(176960K), 0.0252068 secs] 298519K->142124K(368576K), 0.0256156 secs] [Times: user=0.03 sys=0.00, real=0.03 secs] 
2020-03-19T13:55:04.195+0800: 17307.819: [GC (Allocation Failure) 2020-03-19T13:55:04.195+0800: 17307.819: [ParNew: 161296K->3641K(176960K), 0.0336569 secs] 299436K->141798K(368576K), 0.0342358 secs] [Times: user=0.02 sys=0.01, real=0.04 secs] 
2020-03-19T13:55:10.107+0800: 17313.732: [GC (Allocation Failure) 2020-03-19T13:55:10.108+0800: 17313.732: [ParNew: 160953K->2676K(176960K), 0.0157044 secs] 299110K->140862K(368576K), 0.0160966 secs] [Times: user=0.03 sys=0.00, real=0.01 secs] 
2020-03-19T13:55:14.976+0800: 17318.600: [GC (Allocation Failure) 2020-03-19T13:55:14.976+0800: 17318.600: [ParNew: 159988K->2805K(176960K), 0.0162720 secs] 298174K->141013K(368576K), 0.0166512 secs] [Times: user=0.03 sys=0.01, real=0.02 secs] 
2020-03-19T13:55:20.753+0800: 17324.377: [GC (Allocation Failure) 2020-03-19T13:55:20.753+0800: 17324.378: [ParNew: 160117K->2347K(176960K), 0.0149832 secs] 298325K->140690K(368576K), 0.0154397 secs] [Times: user=0.02 sys=0.00, real=0.02 secs] 
2020-03-19T13:55:26.831+0800: 17330.456: [GC (Allocation Failure) 2020-03-19T13:55:26.831+0800: 17330.456: [ParNew: 159659K->3076K(176960K), 0.0143680 secs] 298002K->141436K(368576K), 0.0146941 secs] [Times: user=0.03 sys=0.00, real=0.02 secs] 
2020-03-19T13:55:32.386+0800: 17336.011: [GC (Allocation Failure) 2020-03-19T13:55:32.386+0800: 17336.011: [ParNew: 160388K->3075K(176960K), 0.0143258 secs] 298748K->141453K(368576K), 0.0147161 secs] [Times: user=0.02 sys=0.00, real=0.01 secs] 
2020-03-19T13:55:37.451+0800: 17341.075: [GC (Allocation Failure) 2020-03-19T13:55:37.451+0800: 17341.076: [ParNew: 160387K->2925K(176960K), 0.0197997 secs] 298765K->141323K(368576K), 0.0204304 secs] [Times: user=0.03 sys=0.00, real=0.02 secs] 
2020-03-19T13:55:44.143+0800: 17347.767: [GC (Allocation Failure) 2020-03-19T13:55:44.143+0800: 17347.768: [ParNew: 160237K->2972K(176960K), 0.0178066 secs] 298635K->141389K(368576K), 0.0182264 secs] [Times: user=0.03 sys=0.00, real=0.02 secs] 
2020-03-19T13:55:48.654+0800: 17352.278: [GC (Allocation Failure) 2020-03-19T13:55:48.654+0800: 17352.279: [ParNew: 160284K->1935K(176960K), 0.0159527 secs] 298701K->140375K(368576K), 0.0163679 secs] [Times: user=0.03 sys=0.00, real=0.02 secs] 
2020-03-19T13:55:54.139+0800: 17357.764: [GC (Allocation Failure) 2020-03-19T13:55:54.140+0800: 17357.764: [ParNew: 159247K->2971K(176960K), 0.0231414 secs] 297687K->141434K(368576K), 0.0235804 secs] [Times: user=0.04 sys=0.00, real=0.02 secs] 
2020-03-19T13:56:00.036+0800: 17363.661: [GC (Allocation Failure) 2020-03-19T13:56:00.037+0800: 17363.661: [ParNew: 160283K->2901K(176960K), 0.0314540 secs] 298746K->141384K(368576K), 0.0320806 secs] [Times: user=0.03 sys=0.00, real=0.04 secs] 
2020-03-19T13:56:04.139+0800: 17367.764: [GC (Allocation Failure) 2020-03-19T13:56:04.139+0800: 17367.764: [ParNew: 160213K->2406K(176960K), 0.0149721 secs] 298696K->140913K(368576K), 0.0154000 secs] [Times: user=0.03 sys=0.00, real=0.01 secs] 
2020-03-19T13:56:09.891+0800: 17373.516: [GC (Allocation Failure) 2020-03-19T13:56:09.892+0800: 17373.516: [ParNew: 159718K->3039K(176960K), 0.0187253 secs] 298225K->141570K(368576K), 0.0191024 secs] [Times: user=0.02 sys=0.00, real=0.02 secs] 
2020-03-19T13:56:15.308+0800: 17378.932: [GC (Allocation Failure) 2020-03-19T13:56:15.308+0800: 17378.933: [ParNew: 160351K->2993K(176960K), 0.0288424 secs] 298882K->141547K(368576K), 0.0293523 secs] [Times: user=0.04 sys=0.00, real=0.02 secs] 
2020-03-19T13:56:21.148+0800: 17384.773: [GC (Allocation Failure) 2020-03-19T13:56:21.149+0800: 17384.773: [ParNew: 160305K->2904K(176960K), 0.0140907 secs] 298859K->141482K(368576K), 0.0144785 secs] [Times: user=0.02 sys=0.00, real=0.01 secs] 
2020-03-19T13:56:28.186+0800: 17391.811: [GC (Allocation Failure) 2020-03-19T13:56:28.187+0800: 17391.811: [ParNew: 160216K->2954K(176960K), 0.0147160 secs] 298794K->141547K(368576K), 0.0151467 secs] [Times: user=0.03 sys=0.00, real=0.01 secs] 
2020-03-19T13:56:33.694+0800: 17397.318: [GC (Allocation Failure) 2020-03-19T13:56:33.694+0800: 17397.318: [ParNew: 160266K->2965K(176960K), 0.0147841 secs] 298859K->141580K(368576K), 0.0152490 secs] [Times: user=0.03 sys=0.00, real=0.02 secs] 
2020-03-19T13:56:39.921+0800: 17403.545: [GC (Allocation Failure) 2020-03-19T13:56:39.921+0800: 17403.545: [ParNew: 160277K->2888K(176960K), 0.0242753 secs] 298892K->141527K(368576K), 0.0246894 secs] [Times: user=0.04 sys=0.00, real=0.02 secs] 
2020-03-19T13:56:45.330+0800: 17408.954: [GC (Allocation Failure) 2020-03-19T13:56:45.330+0800: 17408.954: [ParNew: 160200K->2956K(176960K), 0.0151451 secs] 298839K->141618K(368576K), 0.0154953 secs] [Times: user=0.03 sys=0.00, real=0.01 secs] 
2020-03-19T13:56:51.238+0800: 17414.863: [GC (Allocation Failure) 2020-03-19T13:56:51.239+0800: 17414.863: [ParNew: 160268K->2899K(176960K), 0.0142487 secs] 298930K->141578K(368576K), 0.0146620 secs] [Times: user=0.03 sys=0.01, real=0.01 secs] 
2020-03-19T13:56:57.638+0800: 17421.262: [GC (Allocation Failure) 2020-03-19T13:56:57.638+0800: 17421.263: [ParNew: 160211K->2967K(176960K), 0.0191749 secs] 298890K->141666K(368576K), 0.0195549 secs] [Times: user=0.02 sys=0.01, real=0.02 secs] 
2020-03-19T13:57:01.831+0800: 17425.455: [GC (Allocation Failure) 2020-03-19T13:57:01.831+0800: 17425.455: [ParNew: 160279K->2907K(176960K), 0.0255698 secs] 298978K->141621K(368576K), 0.0259610 secs] [Times: user=0.03 sys=0.00, real=0.02 secs] 
2020-03-19T13:57:07.402+0800: 17431.027: [GC (Allocation Failure) 2020-03-19T13:57:07.402+0800: 17431.027: [ParNew: 160219K->2985K(176960K), 0.0153493 secs] 298933K->141723K(368576K), 0.0157110 secs] [Times: user=0.03 sys=0.00, real=0.01 secs] 
2020-03-19T13:57:14.233+0800: 17437.857: [GC (Allocation Failure) 2020-03-19T13:57:14.233+0800: 17437.857: [ParNew: 160297K->2974K(176960K), 0.0262603 secs] 299035K->141733K(368576K), 0.0267052 secs] [Times: user=0.03 sys=0.00, real=0.03 secs] 
2020-03-19T13:57:18.491+0800: 17442.116: [GC (Allocation Failure) 2020-03-19T13:57:18.491+0800: 17442.116: [ParNew: 160286K->2903K(176960K), 0.0141023 secs] 299045K->141690K(368576K), 0.0144900 secs] [Times: user=0.03 sys=0.00, real=0.01 secs] 
2020-03-19T13:57:25.430+0800: 17449.055: [GC (Allocation Failure) 2020-03-19T13:57:25.431+0800: 17449.055: [ParNew: 160215K->2966K(176960K), 0.0236088 secs] 299002K->141774K(368576K), 0.0239749 secs] [Times: user=0.02 sys=0.00, real=0.02 secs] 
2020-03-19T13:57:31.182+0800: 17454.806: [GC (Allocation Failure) 2020-03-19T13:57:31.182+0800: 17454.806: [ParNew: 160278K->2891K(176960K), 0.0216912 secs] 299086K->141773K(368576K), 0.0220660 secs] [Times: user=0.03 sys=0.00, real=0.02 secs] 
2020-03-19T13:57:36.894+0800: 17460.518: [GC (Allocation Failure) 2020-03-19T13:57:36.894+0800: 17460.518: [ParNew: 160203K->2356K(176960K), 0.0146924 secs] 299085K->141259K(368576K), 0.0150701 secs] [Times: user=0.03 sys=0.00, real=0.02 secs] 
2020-03-19T13:57:44.211+0800: 17467.836: [GC (Allocation Failure) 2020-03-19T13:57:44.211+0800: 17467.836: [ParNew: 159668K->3047K(176960K), 0.0150204 secs] 298571K->141972K(368576K), 0.0153645 secs] [Times: user=0.03 sys=0.00, real=0.02 secs] 
2020-03-19T13:57:48.757+0800: 17472.381: [GC (Allocation Failure) 2020-03-19T13:57:48.757+0800: 17472.382: [ParNew: 160359K->2852K(176960K), 0.0138333 secs] 299284K->141801K(368576K), 0.0142479 secs] [Times: user=0.03 sys=0.00, real=0.02 secs] 
2020-03-19T13:57:55.039+0800: 17478.663: [GC (Allocation Failure) 2020-03-19T13:57:55.039+0800: 17478.663: [ParNew: 160164K->2888K(176960K), 0.0234862 secs] 299113K->141859K(368576K), 0.0239386 secs] [Times: user=0.03 sys=0.00, real=0.02 secs] 
2020-03-19T13:58:00.250+0800: 17483.874: [GC (Allocation Failure) 2020-03-19T13:58:00.250+0800: 17483.874: [ParNew: 160200K->2807K(176960K), 0.0175146 secs] 299171K->141799K(368576K), 0.0178750 secs] [Times: user=0.03 sys=0.00, real=0.02 secs] 
2020-03-19T13:58:05.817+0800: 17489.442: [GC (Allocation Failure) 2020-03-19T13:58:05.817+0800: 17489.442: [ParNew: 160119K->2335K(176960K), 0.0172675 secs] 299111K->141348K(368576K), 0.0176527 secs] [Times: user=0.03 sys=0.00, real=0.02 secs] 
2020-03-19T13:58:12.334+0800: 17495.959: [GC (Allocation Failure) 2020-03-19T13:58:12.334+0800: 17495.959: [ParNew: 159647K->3340K(176960K), 0.0296441 secs] 298660K->142379K(368576K), 0.0300418 secs] [Times: user=0.02 sys=0.01, real=0.03 secs] 
2020-03-19T13:58:15.750+0800: 17499.375: [GC (Allocation Failure) 2020-03-19T13:58:15.750+0800: 17499.375: [ParNew: 160652K->2484K(176960K), 0.0279401 secs] 299691K->141547K(368576K), 0.0283691 secs] [Times: user=0.03 sys=0.01, real=0.03 secs] 
2020-03-19T13:58:22.302+0800: 17505.927: [GC (Allocation Failure) 2020-03-19T13:58:22.303+0800: 17505.927: [ParNew: 159796K->2988K(176960K), 0.0243798 secs] 298859K->142074K(368576K), 0.0247855 secs] [Times: user=0.03 sys=0.00, real=0.03 secs] 
2020-03-19T13:58:29.148+0800: 17512.773: [GC (Allocation Failure) 2020-03-19T13:58:29.149+0800: 17512.773: [ParNew: 160300K->2812K(176960K), 0.0206485 secs] 299386K->141912K(368576K), 0.0210221 secs] [Times: user=0.02 sys=0.00, real=0.02 secs] 
2020-03-19T13:58:34.428+0800: 17518.052: [GC (Allocation Failure) 2020-03-19T13:58:34.428+0800: 17518.052: [ParNew: 160124K->2867K(176960K), 0.0147781 secs] 299224K->141986K(368576K), 0.0152148 secs] [Times: user=0.02 sys=0.00, real=0.01 secs] 
2020-03-19T13:58:40.836+0800: 17524.461: [GC (Allocation Failure) 2020-03-19T13:58:40.837+0800: 17524.461: [ParNew: 160179K->2793K(176960K), 0.0294865 secs] 299298K->141940K(368576K), 0.0298919 secs] [Times: user=0.03 sys=0.00, real=0.04 secs] 
2020-03-19T13:58:45.751+0800: 17529.375: [GC (Allocation Failure) 2020-03-19T13:58:45.751+0800: 17529.375: [ParNew: 160105K->3783K(176960K), 0.0162175 secs] 299252K->142951K(368576K), 0.0166434 secs] [Times: user=0.03 sys=0.00, real=0.02 secs] 
2020-03-19T13:58:52.274+0800: 17535.898: [GC (Allocation Failure) 2020-03-19T13:58:52.274+0800: 17535.898: [ParNew: 161095K->2650K(176960K), 0.0197690 secs] 300263K->141842K(368576K), 0.0201795 secs] [Times: user=0.03 sys=0.01, real=0.02 secs] 
2020-03-19T13:58:58.685+0800: 17542.310: [GC (Allocation Failure) 2020-03-19T13:58:58.686+0800: 17542.310: [ParNew: 159962K->2576K(176960K), 0.0210394 secs] 299154K->141786K(368576K), 0.0215895 secs] [Times: user=0.03 sys=0.00, real=0.03 secs] 
2020-03-19T13:59:02.851+0800: 17546.475: [GC (Allocation Failure) 2020-03-19T13:59:02.851+0800: 17546.475: [ParNew: 159888K->2821K(176960K), 0.0135728 secs] 299098K->142048K(368576K), 0.0139942 secs] [Times: user=0.02 sys=0.00, real=0.01 secs] 
2020-03-19T13:59:08.598+0800: 17552.222: [GC (Allocation Failure) 2020-03-19T13:59:08.598+0800: 17552.223: [ParNew: 160133K->2782K(176960K), 0.0157138 secs] 299360K->142035K(368576K), 0.0161525 secs] [Times: user=0.03 sys=0.01, real=0.02 secs] 
2020-03-19T13:59:14.788+0800: 17558.412: [GC (Allocation Failure) 2020-03-19T13:59:14.788+0800: 17558.413: [ParNew: 160094K->2852K(176960K), 0.0159453 secs] 299347K->142126K(368576K), 0.0163342 secs] [Times: user=0.03 sys=0.01, real=0.01 secs] 
2020-03-19T13:59:19.761+0800: 17563.386: [GC (Allocation Failure) 2020-03-19T13:59:19.761+0800: 17563.386: [ParNew: 160164K->3165K(176960K), 0.0178184 secs] 299438K->142461K(368576K), 0.0182469 secs] [Times: user=0.03 sys=0.00, real=0.02 secs] 
2020-03-19T13:59:26.683+0800: 17570.307: [GC (Allocation Failure) 2020-03-19T13:59:26.683+0800: 17570.307: [ParNew: 160477K->2521K(176960K), 0.0141761 secs] 299773K->141834K(368576K), 0.0145481 secs] [Times: user=0.03 sys=0.00, real=0.01 secs] 
2020-03-19T13:59:32.569+0800: 17576.194: [GC (Allocation Failure) 2020-03-19T13:59:32.570+0800: 17576.194: [ParNew: 159833K->3480K(176960K), 0.0153932 secs] 299146K->142810K(368576K), 0.0158029 secs] [Times: user=0.03 sys=0.00, real=0.01 secs] 
2020-03-19T13:59:38.302+0800: 17581.927: [GC (Allocation Failure) 2020-03-19T13:59:38.303+0800: 17581.927: [ParNew: 160792K->2252K(176960K), 0.0138141 secs] 300122K->141606K(368576K), 0.0141734 secs] [Times: user=0.03 sys=0.00, real=0.01 secs] 
2020-03-19T13:59:44.793+0800: 17588.418: [GC (Allocation Failure) 2020-03-19T13:59:44.794+0800: 17588.418: [ParNew: 159564K->3421K(176960K), 0.0159986 secs] 298918K->142792K(368576K), 0.0163675 secs] [Times: user=0.03 sys=0.00, real=0.02 secs] 
2020-03-19T13:59:49.894+0800: 17593.518: [GC (Allocation Failure) 2020-03-19T13:59:49.894+0800: 17593.518: [ParNew: 160733K->3194K(176960K), 0.0256149 secs] 300104K->142586K(368576K), 0.0260170 secs] [Times: user=0.03 sys=0.00, real=0.03 secs] 
2020-03-19T13:59:56.335+0800: 17599.959: [GC (Allocation Failure) 2020-03-19T13:59:56.335+0800: 17599.960: [ParNew: 160506K->2540K(176960K), 0.0154601 secs] 299898K->141954K(368576K), 0.0158257 secs] [Times: user=0.02 sys=0.01, real=0.02 secs] 
2020-03-19T14:00:00.201+0800: 17603.825: [GC (Allocation Failure) 2020-03-19T14:00:00.201+0800: 17603.825: [ParNew: 159852K->3432K(176960K), 0.0469468 secs] 299266K->142866K(368576K), 0.0476172 secs] [Times: user=0.04 sys=0.00, real=0.05 secs] 
2020-03-19T14:00:05.657+0800: 17609.282: [GC (Allocation Failure) 2020-03-19T14:00:05.658+0800: 17609.282: [ParNew: 160744K->2299K(176960K), 0.0159159 secs] 300178K->141755K(368576K), 0.0163688 secs] [Times: user=0.03 sys=0.01, real=0.02 secs] 
2020-03-19T14:00:12.285+0800: 17615.910: [GC (Allocation Failure) 2020-03-19T14:00:12.286+0800: 17615.910: [ParNew: 159611K->3012K(176960K), 0.0139736 secs] 299067K->142493K(368576K), 0.0143882 secs] [Times: user=0.03 sys=0.00, real=0.02 secs] 
2020-03-19T14:00:16.145+0800: 17619.769: [GC (Allocation Failure) 2020-03-19T14:00:16.145+0800: 17619.769: [ParNew: 160319K->2832K(176960K), 0.0424139 secs] 299800K->142339K(368576K), 0.0430100 secs] [Times: user=0.03 sys=0.01, real=0.05 secs] 
2020-03-19T14:00:23.375+0800: 17626.999: [GC (Allocation Failure) 2020-03-19T14:00:23.375+0800: 17627.000: [ParNew: 160144K->3455K(176960K), 0.0171095 secs] 299651K->142985K(368576K), 0.0176543 secs] [Times: user=0.03 sys=0.00, real=0.02 secs] 
2020-03-19T14:00:29.810+0800: 17633.434: [GC (Allocation Failure) 2020-03-19T14:00:29.810+0800: 17633.435: [ParNew: 160767K->3152K(176960K), 0.0160245 secs] 300297K->142696K(368576K), 0.0163975 secs] [Times: user=0.03 sys=0.01, real=0.02 secs] 
2020-03-19T14:00:34.809+0800: 17638.433: [GC (Allocation Failure) 2020-03-19T14:00:34.809+0800: 17638.434: [ParNew: 160464K->3237K(176960K), 0.0231315 secs] 300008K->142798K(368576K), 0.0237861 secs] [Times: user=0.04 sys=0.00, real=0.02 secs] 
2020-03-19T14:00:41.331+0800: 17644.955: [GC (Allocation Failure) 2020-03-19T14:00:41.331+0800: 17644.955: [ParNew: 160549K->1969K(176960K), 0.0150305 secs] 300110K->141555K(368576K), 0.0154199 secs] [Times: user=0.02 sys=0.00, real=0.02 secs] 
2020-03-19T14:00:45.793+0800: 17649.417: [GC (Allocation Failure) 2020-03-19T14:00:45.793+0800: 17649.418: [ParNew: 159281K->2965K(176960K), 0.0205607 secs] 298867K->142572K(368576K), 0.0209532 secs] [Times: user=0.03 sys=0.00, real=0.02 secs] 
2020-03-19T14:00:52.635+0800: 17656.259: [GC (Allocation Failure) 2020-03-19T14:00:52.635+0800: 17656.259: [ParNew: 160277K->2395K(176960K), 0.0155373 secs] 299884K->142021K(368576K), 0.0159147 secs] [Times: user=0.02 sys=0.00, real=0.02 secs] 
2020-03-19T14:00:59.150+0800: 17662.774: [GC (Allocation Failure) 2020-03-19T14:00:59.150+0800: 17662.775: [ParNew: 159707K->3042K(176960K), 0.0145661 secs] 299333K->142690K(368576K), 0.0149499 secs] [Times: user=0.03 sys=0.00, real=0.01 secs] 
2020-03-19T14:01:03.305+0800: 17666.930: [GC (Allocation Failure) 2020-03-19T14:01:03.306+0800: 17666.930: [ParNew: 160354K->3018K(176960K), 0.0210347 secs] 300002K->142684K(368576K), 0.0214377 secs] [Times: user=0.03 sys=0.00, real=0.03 secs] 
2020-03-19T14:01:08.952+0800: 17672.577: [GC (Allocation Failure) 2020-03-19T14:01:08.952+0800: 17672.577: [ParNew: 160330K->2902K(176960K), 0.0138556 secs] 299996K->142593K(368576K), 0.0142312 secs] [Times: user=0.03 sys=0.00, real=0.02 secs] 
2020-03-19T14:01:14.820+0800: 17678.444: [GC (Allocation Failure) 2020-03-19T14:01:14.820+0800: 17678.445: [ParNew: 160214K->2953K(176960K), 0.0155098 secs] 299905K->142666K(368576K), 0.0158882 secs] [Times: user=0.03 sys=0.00, real=0.01 secs] 
2020-03-19T14:01:20.336+0800: 17683.961: [GC (Allocation Failure) 2020-03-19T14:01:20.336+0800: 17683.961: [ParNew: 160260K->2313K(176960K), 0.0147714 secs] 299974K->142046K(368576K), 0.0151358 secs] [Times: user=0.03 sys=0.00, real=0.02 secs] 
2020-03-19T14:01:26.930+0800: 17690.554: [GC (Allocation Failure) 2020-03-19T14:01:26.930+0800: 17690.555: [ParNew: 159625K->3111K(176960K), 0.0140486 secs] 299358K->142858K(368576K), 0.0144853 secs] [Times: user=0.02 sys=0.00, real=0.01 secs] 
2020-03-19T14:01:33.059+0800: 17696.683: [GC (Allocation Failure) 2020-03-19T14:01:33.059+0800: 17696.684: [ParNew: 160423K->3010K(176960K), 0.0151789 secs] 300170K->142775K(368576K), 0.0155629 secs] [Times: user=0.02 sys=0.00, real=0.01 secs] 
2020-03-19T14:01:38.931+0800: 17702.555: [GC (Allocation Failure) 2020-03-19T14:01:38.931+0800: 17702.556: [ParNew: 160322K->2903K(176960K), 0.0142696 secs] 300087K->142689K(368576K), 0.0146038 secs] [Times: user=0.03 sys=0.00, real=0.01 secs] 
2020-03-19T14:01:44.830+0800: 17708.455: [GC (Allocation Failure) 2020-03-19T14:01:44.830+0800: 17708.455: [ParNew: 160215K->3934K(176960K), 0.0160874 secs] 300001K->143739K(368576K), 0.0164356 secs] [Times: user=0.03 sys=0.00, real=0.02 secs] 
2020-03-19T14:01:49.868+0800: 17713.493: [GC (Allocation Failure) 2020-03-19T14:01:49.868+0800: 17713.493: [ParNew: 161246K->2326K(176960K), 0.0149220 secs] 301051K->142156K(368576K), 0.0153181 secs] [Times: user=0.03 sys=0.00, real=0.01 secs] 
2020-03-19T14:01:55.629+0800: 17719.253: [GC (Allocation Failure) 2020-03-19T14:01:55.629+0800: 17719.254: [ParNew: 159638K->3218K(176960K), 0.0204700 secs] 299468K->143070K(368576K), 0.0210691 secs] [Times: user=0.04 sys=0.00, real=0.02 secs] 
2020-03-19T14:02:00.732+0800: 17724.356: [GC (Allocation Failure) 2020-03-19T14:02:00.732+0800: 17724.356: [ParNew: 160530K->2999K(176960K), 0.0140868 secs] 300382K->142909K(368576K), 0.0144598 secs] [Times: user=0.02 sys=0.00, real=0.01 secs] 
2020-03-19T14:02:05.820+0800: 17729.445: [GC (Allocation Failure) 2020-03-19T14:02:05.820+0800: 17729.445: [ParNew: 159136K->4744K(176960K), 0.0153777 secs] 299046K->144675K(368576K), 0.0157474 secs] [Times: user=0.03 sys=0.00, real=0.01 secs] 
2020-03-19T14:02:12.970+0800: 17736.595: [GC (Allocation Failure) 2020-03-19T14:02:12.970+0800: 17736.595: [ParNew: 162056K->2658K(176960K), 0.0246951 secs] 301987K->142614K(368576K), 0.0252824 secs] [Times: user=0.02 sys=0.01, real=0.02 secs] 
2020-03-19T14:02:16.775+0800: 17740.399: [GC (Allocation Failure) 2020-03-19T14:02:16.775+0800: 17740.400: [ParNew: 159970K->2086K(176960K), 0.0248060 secs] 299926K->142067K(368576K), 0.0255406 secs] [Times: user=0.02 sys=0.00, real=0.03 secs] 
2020-03-19T14:02:24.108+0800: 17747.732: [GC (Allocation Failure) 2020-03-19T14:02:24.108+0800: 17747.732: [ParNew: 159398K->3022K(176960K), 0.0213141 secs] 299379K->143027K(368576K), 0.0217593 secs] [Times: user=0.02 sys=0.00, real=0.02 secs] 
2020-03-19T14:02:30.452+0800: 17754.077: [GC (Allocation Failure) 2020-03-19T14:02:30.453+0800: 17754.077: [ParNew: 160334K->2893K(176960K), 0.0149394 secs] 300339K->142912K(368576K), 0.0153044 secs] [Times: user=0.02 sys=0.00, real=0.02 secs] 
2020-03-19T14:02:35.820+0800: 17759.444: [GC (Allocation Failure) 2020-03-19T14:02:35.820+0800: 17759.445: [ParNew: 160205K->4109K(176960K), 0.0156899 secs] 300224K->144146K(368576K), 0.0160974 secs] [Times: user=0.03 sys=0.00, real=0.01 secs] 
2020-03-19T14:02:43.017+0800: 17766.642: [GC (Allocation Failure) 2020-03-19T14:02:43.017+0800: 17766.642: [ParNew: 161421K->3208K(176960K), 0.0214987 secs] 301458K->143269K(368576K), 0.0219352 secs] [Times: user=0.02 sys=0.00, real=0.03 secs] 
2020-03-19T14:02:46.903+0800: 17770.528: [GC (Allocation Failure) 2020-03-19T14:02:46.904+0800: 17770.528: [ParNew: 160520K->2948K(176960K), 0.0265869 secs] 300581K->143033K(368576K), 0.0270544 secs] [Times: user=0.03 sys=0.00, real=0.03 secs] 
2020-03-19T14:02:53.933+0800: 17777.558: [GC (Allocation Failure) 2020-03-19T14:02:53.934+0800: 17777.558: [ParNew: 160260K->2014K(176960K), 0.0227435 secs] 300345K->142119K(368576K), 0.0231626 secs] [Times: user=0.03 sys=0.00, real=0.02 secs] 
2020-03-19T14:02:59.962+0800: 17783.586: [GC (Allocation Failure) 2020-03-19T14:02:59.962+0800: 17783.586: [ParNew: 159326K->3857K(176960K), 0.0238705 secs] 299431K->143980K(368576K), 0.0243463 secs] [Times: user=0.03 sys=0.00, real=0.02 secs] 
2020-03-19T14:03:04.508+0800: 17788.133: [GC (Allocation Failure) 2020-03-19T14:03:04.508+0800: 17788.133: [ParNew: 161169K->3563K(176960K), 0.0186686 secs] 301292K->143706K(368576K), 0.0190389 secs] [Times: user=0.02 sys=0.00, real=0.02 secs] 
2020-03-19T14:03:10.794+0800: 17794.419: [GC (Allocation Failure) 2020-03-19T14:03:10.794+0800: 17794.419: [ParNew: 160875K->2605K(176960K), 0.0265754 secs] 301018K->142770K(368576K), 0.0270698 secs] [Times: user=0.03 sys=0.00, real=0.03 secs] 
2020-03-19T14:03:15.701+0800: 17799.325: [GC (Allocation Failure) 2020-03-19T14:03:15.701+0800: 17799.326: [ParNew: 159917K->2723K(176960K), 0.0217876 secs] 300082K->142950K(368576K), 0.0223950 secs] [Times: user=0.03 sys=0.00, real=0.02 secs] 
2020-03-19T14:03:22.047+0800: 17805.672: [GC (Allocation Failure) 2020-03-19T14:03:22.048+0800: 17805.672: [ParNew: 160035K->2795K(176960K), 0.0199307 secs] 300262K->143063K(368576K), 0.0204334 secs] [Times: user=0.03 sys=0.00, real=0.02 secs] 
2020-03-19T14:03:29.042+0800: 17812.666: [GC (Allocation Failure) 2020-03-19T14:03:29.042+0800: 17812.666: [ParNew: 160107K->2868K(176960K), 0.0141844 secs] 300375K->143152K(368576K), 0.0145537 secs] [Times: user=0.03 sys=0.00, real=0.01 secs] 
2020-03-19T14:03:34.455+0800: 17818.080: [GC (Allocation Failure) 2020-03-19T14:03:34.455+0800: 17818.080: [ParNew: 160180K->2882K(176960K), 0.0342391 secs] 300464K->143181K(368576K), 0.0347152 secs] [Times: user=0.03 sys=0.00, real=0.04 secs] 
2020-03-19T14:03:40.824+0800: 17824.449: [GC (Allocation Failure) 2020-03-19T14:03:40.825+0800: 17824.449: [ParNew: 160194K->2827K(176960K), 0.0203577 secs] 300493K->143150K(368576K), 0.0209052 secs] [Times: user=0.03 sys=0.00, real=0.02 secs] 
2020-03-19T14:03:45.749+0800: 17829.373: [GC (Allocation Failure) 2020-03-19T14:03:45.749+0800: 17829.374: [ParNew: 160139K->2883K(176960K), 0.0152703 secs] 300462K->143227K(368576K), 0.0157317 secs] [Times: user=0.03 sys=0.00, real=0.01 secs] 
2020-03-19T14:03:52.202+0800: 17835.827: [GC (Allocation Failure) 2020-03-19T14:03:52.202+0800: 17835.827: [ParNew: 160195K->3232K(176960K), 0.0297419 secs] 300539K->143601K(368576K), 0.0301721 secs] [Times: user=0.02 sys=0.01, real=0.03 secs] 
2020-03-19T14:03:58.072+0800: 17841.696: [GC (Allocation Failure) 2020-03-19T14:03:58.072+0800: 17841.696: [ParNew: 160544K->2463K(176960K), 0.0179765 secs] 300913K->142855K(368576K), 0.0183785 secs] [Times: user=0.03 sys=0.00, real=0.02 secs] 
2020-03-19T14:04:02.514+0800: 17846.139: [GC (Allocation Failure) 2020-03-19T14:04:02.514+0800: 17846.139: [ParNew: 159775K->2670K(176960K), 0.0248271 secs] 300167K->143081K(368576K), 0.0252965 secs] [Times: user=0.03 sys=0.00, real=0.03 secs] 
2020-03-19T14:04:07.943+0800: 17851.568: [GC (Allocation Failure) 2020-03-19T14:04:07.944+0800: 17851.568: [ParNew: 159982K->2783K(176960K), 0.0142365 secs] 300393K->143218K(368576K), 0.0146016 secs] [Times: user=0.02 sys=0.00, real=0.02 secs] 
2020-03-19T14:04:14.561+0800: 17858.186: [GC (Allocation Failure) 2020-03-19T14:04:14.561+0800: 17858.186: [ParNew: 160095K->2892K(176960K), 0.0218207 secs] 300530K->143348K(368576K), 0.0222966 secs] [Times: user=0.03 sys=0.00, real=0.02 secs] 
2020-03-19T14:04:19.093+0800: 17862.717: [GC (Allocation Failure) 2020-03-19T14:04:19.093+0800: 17862.718: [ParNew: 160204K->2837K(176960K), 0.0144282 secs] 300660K->143318K(368576K), 0.0148662 secs] [Times: user=0.03 sys=0.00, real=0.02 secs] 
2020-03-19T14:04:26.178+0800: 17869.803: [GC (Allocation Failure) 2020-03-19T14:04:26.178+0800: 17869.803: [ParNew: 160149K->2913K(176960K), 0.0161247 secs] 300630K->143418K(368576K), 0.0166358 secs] [Times: user=0.03 sys=0.00, real=0.01 secs] 
2020-03-19T14:04:31.575+0800: 17875.200: [GC (Allocation Failure) 2020-03-19T14:04:31.576+0800: 17875.200: [ParNew: 160225K->2838K(176960K), 0.0355995 secs] 300730K->143357K(368576K), 0.0361743 secs] [Times: user=0.03 sys=0.00, real=0.04 secs] 
2020-03-19T14:04:37.223+0800: 17880.848: [GC (Allocation Failure) 2020-03-19T14:04:37.223+0800: 17880.848: [ParNew: 160150K->2932K(176960K), 0.0138290 secs] 300669K->143471K(368576K), 0.0141865 secs] [Times: user=0.03 sys=0.00, real=0.01 secs] 
2020-03-19T14:04:44.428+0800: 17888.053: [GC (Allocation Failure) 2020-03-19T14:04:44.429+0800: 17888.053: [ParNew: 160244K->2920K(176960K), 0.0147507 secs] 300783K->143480K(368576K), 0.0151392 secs] [Times: user=0.03 sys=0.00, real=0.01 secs] 
2020-03-19T14:04:49.092+0800: 17892.717: [GC (Allocation Failure) 2020-03-19T14:04:49.092+0800: 17892.717: [ParNew: 160232K->2849K(176960K), 0.0149950 secs] 300792K->143433K(368576K), 0.0153938 secs] [Times: user=0.02 sys=0.00, real=0.02 secs] 
2020-03-19T14:04:55.335+0800: 17898.960: [GC (Allocation Failure) 2020-03-19T14:04:55.335+0800: 17898.960: [ParNew: 160161K->2918K(176960K), 0.0148015 secs] 300745K->143523K(368576K), 0.0152169 secs] [Times: user=0.03 sys=0.00, real=0.02 secs] 
2020-03-19T14:04:59.150+0800: 17902.774: [GC (Allocation Failure) 2020-03-19T14:04:59.150+0800: 17902.775: [ParNew: 160227K->2850K(176960K), 0.0136010 secs] 300833K->143473K(368576K), 0.0140066 secs] [Times: user=0.03 sys=0.00, real=0.01 secs] 
2020-03-19T14:05:03.228+0800: 17906.852: [GC (Allocation Failure) 2020-03-19T14:05:03.228+0800: 17906.853: [ParNew: 160162K->3254K(176960K), 0.0198660 secs] 300785K->143899K(368576K), 0.0214226 secs] [Times: user=0.02 sys=0.00, real=0.02 secs] 
2020-03-19T14:05:07.637+0800: 17911.262: [GC (Allocation Failure) 2020-03-19T14:05:07.637+0800: 17911.262: [ParNew: 160566K->2980K(176960K), 0.0141062 secs] 301211K->143646K(368576K), 0.0145544 secs] [Times: user=0.03 sys=0.00, real=0.02 secs] 
2020-03-19T14:05:13.677+0800: 17917.302: [GC (Allocation Failure) 2020-03-19T14:05:13.677+0800: 17917.302: [ParNew: 160292K->3012K(176960K), 0.0214693 secs] 300958K->143702K(368576K), 0.0218992 secs] [Times: user=0.03 sys=0.00, real=0.03 secs] 
2020-03-19T14:05:17.027+0800: 17920.652: [GC (Allocation Failure) 2020-03-19T14:05:17.028+0800: 17920.652: [ParNew: 160324K->2973K(176960K), 0.0193570 secs] 301014K->143691K(368576K), 0.0199564 secs] [Times: user=0.03 sys=0.00, real=0.02 secs] 
2020-03-19T14:05:24.153+0800: 17927.777: [GC (Allocation Failure) 2020-03-19T14:05:24.153+0800: 17927.777: [ParNew: 160285K->3056K(176960K), 0.0249785 secs] 301003K->143790K(368576K), 0.0255835 secs] [Times: user=0.02 sys=0.00, real=0.03 secs] 
2020-03-19T14:05:29.922+0800: 17933.547: [GC (Allocation Failure) 2020-03-19T14:05:29.922+0800: 17933.547: [ParNew: 160368K->3028K(176960K), 0.0247059 secs] 301102K->143778K(368576K), 0.0251685 secs] [Times: user=0.02 sys=0.01, real=0.03 secs] 
2020-03-19T14:05:35.721+0800: 17939.345: [GC (Allocation Failure) 2020-03-19T14:05:35.721+0800: 17939.345: [ParNew: 160340K->3706K(176960K), 0.0305224 secs] 301090K->144484K(368576K), 0.0310469 secs] [Times: user=0.03 sys=0.00, real=0.03 secs] 
2020-03-19T14:05:41.887+0800: 17945.512: [GC (Allocation Failure) 2020-03-19T14:05:41.887+0800: 17945.512: [ParNew: 161018K->2702K(176960K), 0.0223920 secs] 301796K->143502K(368576K), 0.0228414 secs] [Times: user=0.02 sys=0.00, real=0.02 secs] 
2020-03-19T14:05:46.050+0800: 17949.675: [GC (Allocation Failure) 2020-03-19T14:05:46.050+0800: 17949.675: [ParNew: 160014K->2919K(176960K), 0.0660206 secs] 300814K->143741K(368576K), 0.0665634 secs] [Times: user=0.03 sys=0.01, real=0.06 secs] 
2020-03-19T14:05:52.922+0800: 17956.547: [GC (Allocation Failure) 2020-03-19T14:05:52.922+0800: 17956.547: [ParNew: 160231K->2434K(176960K), 0.0147078 secs] 301053K->143275K(368576K), 0.0151215 secs] [Times: user=0.02 sys=0.01, real=0.01 secs] 
2020-03-19T14:05:58.967+0800: 17962.592: [GC (Allocation Failure) 2020-03-19T14:05:58.967+0800: 17962.592: [ParNew: 159746K->2080K(176960K), 0.0277389 secs] 300587K->142939K(368576K), 0.0281201 secs] [Times: user=0.03 sys=0.00, real=0.02 secs] 
2020-03-19T14:06:03.104+0800: 17966.729: [GC (Allocation Failure) 2020-03-19T14:06:03.105+0800: 17966.729: [ParNew: 159392K->3083K(176960K), 0.0146380 secs] 300251K->143971K(368576K), 0.0150603 secs] [Times: user=0.03 sys=0.00, real=0.02 secs] 
2020-03-19T14:06:08.632+0800: 17972.256: [GC (Allocation Failure) 2020-03-19T14:06:08.632+0800: 17972.257: [ParNew: 160395K->2965K(176960K), 0.0137369 secs] 301283K->143877K(368576K), 0.0140854 secs] [Times: user=0.02 sys=0.01, real=0.02 secs] 
2020-03-19T14:06:14.827+0800: 17978.452: [GC (Allocation Failure) 2020-03-19T14:06:14.828+0800: 17978.452: [ParNew: 160277K->3023K(176960K), 0.0266240 secs] 301189K->143958K(368576K), 0.0270804 secs] [Times: user=0.03 sys=0.00, real=0.02 secs] 
2020-03-19T14:06:19.931+0800: 17983.555: [GC (Allocation Failure) 2020-03-19T14:06:19.931+0800: 17983.555: [ParNew: 160335K->3371K(176960K), 0.0244408 secs] 301270K->144329K(368576K), 0.0249149 secs] [Times: user=0.03 sys=0.00, real=0.02 secs] 
2020-03-19T14:06:26.752+0800: 17990.376: [GC (Allocation Failure) 2020-03-19T14:06:26.752+0800: 17990.377: [ParNew: 160683K->2679K(176960K), 0.0306387 secs] 301641K->143649K(368576K), 0.0311860 secs] [Times: user=0.03 sys=0.00, real=0.03 secs] 
2020-03-19T14:06:32.643+0800: 17996.268: [GC (Allocation Failure) 2020-03-19T14:06:32.643+0800: 17996.268: [ParNew: 159991K->2791K(176960K), 0.0235309 secs] 300961K->143786K(368576K), 0.0238944 secs] [Times: user=0.03 sys=0.00, real=0.03 secs] 
2020-03-19T14:06:38.683+0800: 18002.308: [GC (Allocation Failure) 2020-03-19T14:06:38.683+0800: 18002.308: [ParNew: 160103K->2901K(176960K), 0.0206828 secs] 301098K->144014K(368576K), 0.0210810 secs] [Times: user=0.02 sys=0.00, real=0.02 secs] 
2020-03-19T14:06:43.659+0800: 18007.283: [GC (Allocation Failure) 2020-03-19T14:06:43.659+0800: 18007.283: [ParNew: 160213K->3984K(176960K), 0.0381774 secs] 301326K->145116K(368576K), 0.0386733 secs] [Times: user=0.04 sys=0.00, real=0.03 secs] 
2020-03-19T14:06:47.504+0800: 18011.129: [GC (Allocation Failure) 2020-03-19T14:06:47.504+0800: 18011.129: [ParNew: 161296K->3380K(176960K), 0.0148450 secs] 302428K->144539K(368576K), 0.0152163 secs] [Times: user=0.03 sys=0.00, real=0.02 secs] 
2020-03-19T14:06:51.633+0800: 18015.258: [GC (Allocation Failure) 2020-03-19T14:06:51.634+0800: 18015.258: [ParNew: 160692K->4532K(176960K), 0.0262943 secs] 301851K->145710K(368576K), 0.0268934 secs] [Times: user=0.03 sys=0.01, real=0.03 secs] 
2020-03-19T14:06:56.180+0800: 18019.804: [GC (Allocation Failure) 2020-03-19T14:06:56.180+0800: 18019.804: [ParNew: 161844K->5377K(176960K), 0.0229624 secs] 303022K->146574K(368576K), 0.0234088 secs] [Times: user=0.03 sys=0.00, real=0.02 secs] 
2020-03-19T14:07:00.760+0800: 18024.384: [GC (Allocation Failure) 2020-03-19T14:07:00.760+0800: 18024.384: [ParNew: 162689K->4150K(176960K), 0.0169735 secs] 303886K->145365K(368576K), 0.0174139 secs] [Times: user=0.03 sys=0.01, real=0.01 secs] 
2020-03-19T14:07:05.818+0800: 18029.442: [GC (Allocation Failure) 2020-03-19T14:07:05.818+0800: 18029.443: [ParNew: 161462K->5082K(176960K), 0.0163169 secs] 302677K->146317K(368576K), 0.0166613 secs] [Times: user=0.02 sys=0.00, real=0.02 secs] 
2020-03-19T14:07:12.640+0800: 18036.264: [GC (Allocation Failure) 2020-03-19T14:07:12.640+0800: 18036.265: [ParNew: 162394K->4111K(176960K), 0.0204801 secs] 303629K->145370K(368576K), 0.0208485 secs] [Times: user=0.03 sys=0.00, real=0.02 secs] 
2020-03-19T14:07:16.582+0800: 18040.206: [GC (Allocation Failure) 2020-03-19T14:07:16.582+0800: 18040.207: [ParNew: 161416K->3790K(176960K), 0.0149607 secs] 302676K->145069K(368576K), 0.0153510 secs] [Times: user=0.03 sys=0.00, real=0.01 secs] 
2020-03-19T14:07:23.297+0800: 18046.921: [GC (Allocation Failure) 2020-03-19T14:07:23.297+0800: 18046.921: [ParNew: 161102K->3809K(176960K), 0.0161915 secs] 302381K->145102K(368576K), 0.0165813 secs] [Times: user=0.03 sys=0.00, real=0.02 secs] 
2020-03-19T14:07:29.806+0800: 18053.431: [GC (Allocation Failure) 2020-03-19T14:07:29.807+0800: 18053.431: [ParNew: 161121K->5017K(176960K), 0.0164858 secs] 302414K->146328K(368576K), 0.0169662 secs] [Times: user=0.03 sys=0.00, real=0.01 secs] 
2020-03-19T14:07:35.536+0800: 18059.161: [GC (Allocation Failure) 2020-03-19T14:07:35.536+0800: 18059.161: [ParNew: 162329K->3569K(176960K), 0.0230039 secs] 303640K->144907K(368576K), 0.0234518 secs] [Times: user=0.04 sys=0.00, real=0.03 secs] 
2020-03-19T14:07:42.489+0800: 18066.114: [GC (Allocation Failure) 2020-03-19T14:07:42.490+0800: 18066.114: [ParNew: 160881K->3499K(176960K), 0.0253026 secs] 302219K->144861K(368576K), 0.0256987 secs] [Times: user=0.03 sys=0.00, real=0.02 secs] 
2020-03-19T14:07:46.552+0800: 18070.177: [GC (Allocation Failure) 2020-03-19T14:07:46.552+0800: 18070.177: [ParNew: 160811K->3622K(176960K), 0.0365802 secs] 302173K->145005K(368576K), 0.0369872 secs] [Times: user=0.03 sys=0.00, real=0.04 secs] 
2020-03-19T14:07:52.562+0800: 18076.187: [GC (Allocation Failure) 2020-03-19T14:07:52.562+0800: 18076.187: [ParNew: 160934K->3901K(176960K), 0.0292571 secs] 302317K->145306K(368576K), 0.0296717 secs] [Times: user=0.03 sys=0.00, real=0.03 secs] 
2020-03-19T14:07:58.809+0800: 18082.433: [GC (Allocation Failure) 2020-03-19T14:07:58.809+0800: 18082.433: [ParNew: 161213K->3918K(176960K), 0.0187696 secs] 302618K->145342K(368576K), 0.0191666 secs] [Times: user=0.03 sys=0.00, real=0.02 secs] 
2020-03-19T14:08:03.004+0800: 18086.628: [GC (Allocation Failure) 2020-03-19T14:08:03.004+0800: 18086.628: [ParNew: 161230K->4034K(176960K), 0.0364291 secs] 302654K->145797K(368576K), 0.0369667 secs] [Times: user=0.03 sys=0.00, real=0.04 secs] 
2020-03-19T14:08:08.115+0800: 18091.740: [GC (Allocation Failure) 2020-03-19T14:08:08.116+0800: 18091.740: [ParNew: 161346K->3080K(176960K), 0.0162429 secs] 303109K->144870K(368576K), 0.0167099 secs] [Times: user=0.03 sys=0.00, real=0.02 secs] 
2020-03-19T14:08:13.765+0800: 18097.389: [GC (Allocation Failure) 2020-03-19T14:08:13.765+0800: 18097.389: [ParNew: 160392K->2238K(176960K), 0.0177578 secs] 302182K->144280K(368576K), 0.0181576 secs] [Times: user=0.03 sys=0.00, real=0.02 secs] 
2020-03-19T14:08:16.573+0800: 18100.198: [GC (Allocation Failure) 2020-03-19T14:08:16.573+0800: 18100.198: [ParNew: 159550K->3202K(176960K), 0.0166024 secs] 301592K->145303K(368576K), 0.0170515 secs] [Times: user=0.02 sys=0.00, real=0.02 secs] 
2020-03-19T14:08:23.239+0800: 18106.864: [GC (Allocation Failure) 2020-03-19T14:08:23.240+0800: 18106.864: [ParNew: 160514K->3232K(176960K), 0.0151639 secs] 302615K->145347K(368576K), 0.0155507 secs] [Times: user=0.03 sys=0.00, real=0.01 secs] 
2020-03-19T14:08:29.632+0800: 18113.256: [GC (Allocation Failure) 2020-03-19T14:08:29.632+0800: 18113.257: [ParNew: 160544K->3127K(176960K), 0.0154243 secs] 302659K->145260K(368576K), 0.0158322 secs] [Times: user=0.02 sys=0.01, real=0.02 secs] 
2020-03-19T14:08:34.931+0800: 18118.555: [GC (Allocation Failure) 2020-03-19T14:08:34.931+0800: 18118.556: [ParNew: 160439K->3247K(176960K), 0.0352447 secs] 302572K->145403K(368576K), 0.0359312 secs] [Times: user=0.04 sys=0.00, real=0.04 secs] 
2020-03-19T14:08:41.791+0800: 18125.416: [GC (Allocation Failure) 2020-03-19T14:08:41.791+0800: 18125.416: [ParNew: 160559K->3188K(176960K), 0.0156072 secs] 302715K->145361K(368576K), 0.0160286 secs] [Times: user=0.03 sys=0.00, real=0.02 secs] 
2020-03-19T14:08:45.771+0800: 18129.395: [GC (Allocation Failure) 2020-03-19T14:08:45.771+0800: 18129.396: [ParNew: 160500K->4333K(176960K), 0.0187120 secs] 302673K->146532K(368576K), 0.0191175 secs] [Times: user=0.04 sys=0.00, real=0.02 secs] 
2020-03-19T14:08:52.127+0800: 18135.752: [GC (Allocation Failure) 2020-03-19T14:08:52.128+0800: 18135.752: [ParNew: 161645K->2551K(176960K), 0.0154540 secs] 303844K->144772K(368576K), 0.0158478 secs] [Times: user=0.03 sys=0.00, real=0.01 secs] 
2020-03-19T14:08:57.962+0800: 18141.587: [GC (Allocation Failure) 2020-03-19T14:08:57.962+0800: 18141.587: [ParNew: 159863K->3448K(176960K), 0.0367542 secs] 302084K->145690K(368576K), 0.0372942 secs] [Times: user=0.03 sys=0.01, real=0.04 secs] 
2020-03-19T14:09:01.927+0800: 18145.551: [GC (Allocation Failure) 2020-03-19T14:09:01.927+0800: 18145.552: [ParNew: 160760K->3254K(176960K), 0.0224167 secs] 303002K->145517K(368576K), 0.0227700 secs] [Times: user=0.03 sys=0.00, real=0.02 secs] 
2020-03-19T14:09:06.900+0800: 18150.524: [GC (Allocation Failure) 2020-03-19T14:09:06.900+0800: 18150.524: [ParNew: 160566K->3390K(176960K), 0.0212475 secs] 302829K->145674K(368576K), 0.0216479 secs] [Times: user=0.02 sys=0.00, real=0.02 secs] 
2020-03-19T14:09:14.150+0800: 18157.775: [GC (Allocation Failure) 2020-03-19T14:09:14.150+0800: 18157.775: [ParNew: 160702K->2248K(176960K), 0.0173743 secs] 302986K->144730K(368576K), 0.0178306 secs] [Times: user=0.02 sys=0.01, real=0.02 secs] 
2020-03-19T14:09:18.236+0800: 18161.860: [GC (Allocation Failure) 2020-03-19T14:09:18.236+0800: 18161.861: [ParNew: 159560K->3033K(176960K), 0.0338185 secs] 302042K->145536K(368576K), 0.0344708 secs] [Times: user=0.03 sys=0.00, real=0.04 secs] 
2020-03-19T14:09:25.285+0800: 18168.910: [GC (Allocation Failure) 2020-03-19T14:09:25.285+0800: 18168.910: [ParNew: 160345K->3042K(176960K), 0.0144227 secs] 302848K->145560K(368576K), 0.0148504 secs] [Times: user=0.03 sys=0.00, real=0.02 secs] 
2020-03-19T14:09:31.052+0800: 18174.676: [GC (Allocation Failure) 2020-03-19T14:09:31.052+0800: 18174.677: [ParNew: 160354K->2966K(176960K), 0.0552563 secs] 302872K->145519K(368576K), 0.0559580 secs] [Times: user=0.04 sys=0.00, real=0.06 secs] 
2020-03-19T14:09:36.855+0800: 18180.479: [GC (Allocation Failure) 2020-03-19T14:09:36.855+0800: 18180.480: [ParNew: 160278K->2433K(176960K), 0.0145400 secs] 302831K->145009K(368576K), 0.0149765 secs] [Times: user=0.03 sys=0.00, real=0.02 secs] 
2020-03-19T14:09:44.190+0800: 18187.815: [GC (Allocation Failure) 2020-03-19T14:09:44.190+0800: 18187.815: [ParNew: 159745K->3164K(176960K), 0.0170381 secs] 302321K->145757K(368576K), 0.0174575 secs] [Times: user=0.03 sys=0.00, real=0.02 secs] 
2020-03-19T14:09:48.686+0800: 18192.310: [GC (Allocation Failure) 2020-03-19T14:09:48.686+0800: 18192.310: [ParNew: 160476K->2989K(176960K), 0.0215959 secs] 303069K->145606K(368576K), 0.0220411 secs] [Times: user=0.03 sys=0.00, real=0.03 secs] 
2020-03-19T14:09:54.923+0800: 18198.548: [GC (Allocation Failure) 2020-03-19T14:09:54.923+0800: 18198.548: [ParNew: 160301K->3036K(176960K), 0.0149772 secs] 302918K->145727K(368576K), 0.0153802 secs] [Times: user=0.03 sys=0.00, real=0.02 secs] 
2020-03-19T14:10:00.111+0800: 18203.736: [GC (Allocation Failure) 2020-03-19T14:10:00.112+0800: 18203.736: [ParNew: 160348K->2915K(176960K), 0.0155329 secs] 303039K->145624K(368576K), 0.0159133 secs] [Times: user=0.03 sys=0.00, real=0.02 secs] 
2020-03-19T14:10:05.337+0800: 18208.961: [GC (Allocation Failure) 2020-03-19T14:10:05.337+0800: 18208.961: [ParNew: 160227K->2387K(176960K), 0.0195244 secs] 302936K->145116K(368576K), 0.0200190 secs] [Times: user=0.04 sys=0.00, real=0.02 secs] 
2020-03-19T14:10:11.189+0800: 18214.814: [GC (Allocation Failure) 2020-03-19T14:10:11.190+0800: 18214.814: [ParNew: 159699K->3035K(176960K), 0.0142893 secs] 302428K->145810K(368576K), 0.0147023 secs] [Times: user=0.03 sys=0.00, real=0.01 secs] 
2020-03-19T14:10:15.746+0800: 18219.370: [GC (Allocation Failure) 2020-03-19T14:10:15.746+0800: 18219.371: [ParNew: 160347K->2956K(176960K), 0.0154415 secs] 303122K->145756K(368576K), 0.0159404 secs] [Times: user=0.03 sys=0.00, real=0.02 secs] 
2020-03-19T14:10:22.606+0800: 18226.230: [GC (Allocation Failure) 2020-03-19T14:10:22.606+0800: 18226.231: [ParNew: 160268K->2182K(176960K), 0.0282198 secs] 303068K->145001K(368576K), 0.0285953 secs] [Times: user=0.03 sys=0.00, real=0.03 secs] 
2020-03-19T14:10:29.314+0800: 18232.939: [GC (Allocation Failure) 2020-03-19T14:10:29.315+0800: 18232.939: [ParNew: 159494K->2923K(176960K), 0.0168227 secs] 302313K->145759K(368576K), 0.0171651 secs] [Times: user=0.02 sys=0.00, real=0.02 secs] 
2020-03-19T14:10:34.740+0800: 18238.365: [GC (Allocation Failure) 2020-03-19T14:10:34.741+0800: 18238.365: [ParNew: 160235K->2941K(176960K), 0.0239772 secs] 303071K->145795K(368576K), 0.0244282 secs] [Times: user=0.02 sys=0.00, real=0.02 secs] 
2020-03-19T14:10:40.979+0800: 18244.604: [GC (Allocation Failure) 2020-03-19T14:10:40.979+0800: 18244.604: [ParNew: 160253K->1906K(176960K), 0.0145781 secs] 303107K->144787K(368576K), 0.0149563 secs] [Times: user=0.03 sys=0.00, real=0.01 secs] 
2020-03-19T14:10:45.761+0800: 18249.385: [GC (Allocation Failure) 2020-03-19T14:10:45.761+0800: 18249.386: [ParNew: 159218K->3869K(176960K), 0.0165145 secs] 302099K->146775K(368576K), 0.0168890 secs] [Times: user=0.03 sys=0.00, real=0.01 secs] 
2020-03-19T14:10:51.663+0800: 18255.288: [GC (Allocation Failure) 2020-03-19T14:10:51.664+0800: 18255.288: [ParNew: 161181K->3299K(176960K), 0.0145652 secs] 304087K->146229K(368576K), 0.0150582 secs] [Times: user=0.03 sys=0.00, real=0.02 secs] 
2020-03-19T14:10:58.227+0800: 18261.852: [GC (Allocation Failure) 2020-03-19T14:10:58.227+0800: 18261.852: [ParNew: 160611K->2598K(176960K), 0.0140712 secs] 303541K->145547K(368576K), 0.0144556 secs] [Times: user=0.03 sys=0.00, real=0.01 secs] 
2020-03-19T14:11:02.569+0800: 18266.193: [GC (Allocation Failure) 2020-03-19T14:11:02.569+0800: 18266.194: [ParNew: 159910K->2697K(176960K), 0.0210506 secs] 302859K->145663K(368576K), 0.0215204 secs] [Times: user=0.02 sys=0.00, real=0.02 secs] 
2020-03-19T14:11:07.350+0800: 18270.975: [GC (Allocation Failure) 2020-03-19T14:11:07.350+0800: 18270.975: [ParNew: 160009K->2797K(176960K), 0.0160636 secs] 302975K->145791K(368576K), 0.0164307 secs] [Times: user=0.03 sys=0.00, real=0.02 secs] 
2020-03-19T14:11:14.428+0800: 18278.053: [GC (Allocation Failure) 2020-03-19T14:11:14.428+0800: 18278.053: [ParNew: 160109K->2900K(176960K), 0.0188701 secs] 303103K->145916K(368576K), 0.0193052 secs] [Times: user=0.03 sys=0.00, real=0.02 secs] 
2020-03-19T14:11:18.799+0800: 18282.423: [GC (Allocation Failure) 2020-03-19T14:11:18.799+0800: 18282.424: [ParNew: 160212K->2841K(176960K), 0.0158651 secs] 303228K->145878K(368576K), 0.0162693 secs] [Times: user=0.03 sys=0.00, real=0.01 secs] 
2020-03-19T14:11:25.332+0800: 18288.957: [GC (Allocation Failure) 2020-03-19T14:11:25.333+0800: 18288.957: [ParNew: 160153K->2915K(176960K), 0.0235526 secs] 303190K->145968K(368576K), 0.0239874 secs] [Times: user=0.02 sys=0.00, real=0.02 secs] 
2020-03-19T14:11:31.013+0800: 18294.637: [GC (Allocation Failure) 2020-03-19T14:11:31.013+0800: 18294.638: [ParNew: 160227K->3870K(176960K), 0.0650165 secs] 303280K->146941K(368576K), 0.0655324 secs] [Times: user=0.07 sys=0.00, real=0.07 secs] 
2020-03-19T14:11:36.810+0800: 18300.434: [GC (Allocation Failure) 2020-03-19T14:11:36.810+0800: 18300.435: [ParNew: 161182K->2380K(176960K), 0.0210726 secs] 304253K->145472K(368576K), 0.0214820 secs] [Times: user=0.02 sys=0.00, real=0.02 secs] 
2020-03-19T14:11:44.089+0800: 18307.714: [GC (Allocation Failure) 2020-03-19T14:11:44.090+0800: 18307.714: [ParNew: 159692K->3080K(176960K), 0.0150686 secs] 302784K->146193K(368576K), 0.0154803 secs] [Times: user=0.02 sys=0.00, real=0.01 secs] 
2020-03-19T14:11:48.412+0800: 18312.037: [GC (Allocation Failure) 2020-03-19T14:11:48.412+0800: 18312.037: [ParNew: 160392K->2900K(176960K), 0.0311639 secs] 303505K->146038K(368576K), 0.0317961 secs] [Times: user=0.03 sys=0.00, real=0.03 secs] 
2020-03-19T14:11:54.455+0800: 18318.080: [GC (Allocation Failure) 2020-03-19T14:11:54.456+0800: 18318.080: [ParNew: 160212K->2939K(176960K), 0.0222752 secs] 303350K->146100K(368576K), 0.0226570 secs] [Times: user=0.02 sys=0.00, real=0.03 secs] 
2020-03-19T14:12:00.078+0800: 18323.703: [GC (Allocation Failure) 2020-03-19T14:12:00.079+0800: 18323.703: [ParNew: 160251K->2867K(176960K), 0.0183477 secs] 303412K->146049K(368576K), 0.0188149 secs] [Times: user=0.02 sys=0.01, real=0.01 secs] 
2020-03-19T14:12:05.331+0800: 18328.956: [GC (Allocation Failure) 2020-03-19T14:12:05.332+0800: 18328.956: [ParNew: 160179K->2371K(176960K), 0.0178218 secs] 303361K->145573K(368576K), 0.0182643 secs] [Times: user=0.03 sys=0.00, real=0.02 secs] 
2020-03-19T14:12:11.727+0800: 18335.352: [GC (Allocation Failure) 2020-03-19T14:12:11.727+0800: 18335.352: [ParNew: 159683K->2994K(176960K), 0.0226504 secs] 302885K->146219K(368576K), 0.0230335 secs] [Times: user=0.02 sys=0.00, real=0.02 secs] 
2020-03-19T14:12:15.774+0800: 18339.399: [GC (Allocation Failure) 2020-03-19T14:12:15.775+0800: 18339.399: [ParNew: 160306K->2951K(176960K), 0.0154846 secs] 303531K->146208K(368576K), 0.0158831 secs] [Times: user=0.04 sys=0.00, real=0.02 secs] 
2020-03-19T14:12:23.059+0800: 18346.683: [GC (Allocation Failure) 2020-03-19T14:12:23.059+0800: 18346.684: [ParNew: 160263K->2365K(176960K), 0.0147164 secs] 303520K->145646K(368576K), 0.0150619 secs] [Times: user=0.03 sys=0.00, real=0.01 secs] 
2020-03-19T14:12:29.453+0800: 18353.077: [GC (Allocation Failure) 2020-03-19T14:12:29.453+0800: 18353.078: [ParNew: 159677K->3000K(176960K), 0.0325100 secs] 302958K->146298K(368576K), 0.0332016 secs] [Times: user=0.03 sys=0.00, real=0.04 secs] 
2020-03-19T14:12:34.668+0800: 18358.293: [GC (Allocation Failure) 2020-03-19T14:12:34.669+0800: 18358.293: [ParNew: 160312K->2974K(176960K), 0.0244883 secs] 303610K->146289K(368576K), 0.0248546 secs] [Times: user=0.02 sys=0.00, real=0.02 secs] 
2020-03-19T14:12:41.093+0800: 18364.718: [GC (Allocation Failure) 2020-03-19T14:12:41.093+0800: 18364.718: [ParNew: 160286K->2903K(176960K), 0.0159893 secs] 303601K->146244K(368576K), 0.0164466 secs] [Times: user=0.03 sys=0.00, real=0.02 secs] 
2020-03-19T14:12:45.760+0800: 18369.385: [GC (Allocation Failure) 2020-03-19T14:12:45.760+0800: 18369.385: [ParNew: 160215K->3930K(176960K), 0.0197365 secs] 303556K->147292K(368576K), 0.0201171 secs] [Times: user=0.03 sys=0.00, real=0.02 secs] 
2020-03-19T14:12:52.572+0800: 18376.197: [GC (Allocation Failure) 2020-03-19T14:12:52.573+0800: 18376.197: [ParNew: 161242K->3416K(176960K), 0.0173186 secs] 304604K->146810K(368576K), 0.0178079 secs] [Times: user=0.03 sys=0.00, real=0.02 secs] 
2020-03-19T14:12:57.017+0800: 18380.642: [GC (Allocation Failure) 2020-03-19T14:12:57.018+0800: 18380.642: [ParNew: 160728K->2626K(176960K), 0.0248779 secs] 304122K->146039K(368576K), 0.0252894 secs] [Times: user=0.02 sys=0.00, real=0.03 secs] 
2020-03-19T14:13:01.095+0800: 18384.719: [GC (Allocation Failure) 2020-03-19T14:13:01.095+0800: 18384.720: [ParNew: 159938K->3763K(176960K), 0.0366696 secs] 303351K->147194K(368576K), 0.0371769 secs] [Times: user=0.03 sys=0.00, real=0.04 secs] 
2020-03-19T14:13:06.715+0800: 18390.339: [GC (Allocation Failure) 2020-03-19T14:13:06.715+0800: 18390.339: [ParNew: 161075K->2502K(176960K), 0.0231228 secs] 304506K->145958K(368576K), 0.0236350 secs] [Times: user=0.02 sys=0.00, real=0.03 secs] 
2020-03-19T14:13:13.652+0800: 18397.277: [GC (Allocation Failure) 2020-03-19T14:13:13.653+0800: 18397.277: [ParNew: 159814K->3337K(176960K), 0.0186336 secs] 303270K->146816K(368576K), 0.0189971 secs] [Times: user=0.02 sys=0.00, real=0.02 secs] 
2020-03-19T14:13:17.438+0800: 18401.062: [GC (Allocation Failure) 2020-03-19T14:13:17.438+0800: 18401.063: [ParNew: 160649K->3218K(176960K), 0.0145221 secs] 304128K->146719K(368576K), 0.0149153 secs] [Times: user=0.02 sys=0.00, real=0.02 secs] 
2020-03-19T14:13:24.798+0800: 18408.422: [GC (Allocation Failure) 2020-03-19T14:13:24.798+0800: 18408.423: [ParNew: 160530K->4298K(176960K), 0.0151059 secs] 304031K->147816K(368576K), 0.0154597 secs] [Times: user=0.03 sys=0.00, real=0.02 secs] 
2020-03-19T14:13:30.730+0800: 18414.355: [GC (Allocation Failure) 2020-03-19T14:13:30.731+0800: 18414.355: [ParNew: 161610K->3307K(176960K), 0.0248133 secs] 305128K->146843K(368576K), 0.0253775 secs] [Times: user=0.03 sys=0.01, real=0.02 secs] 
2020-03-19T14:13:35.816+0800: 18419.440: [GC (Allocation Failure) 2020-03-19T14:13:35.816+0800: 18419.440: [ParNew: 160619K->4161K(176960K), 0.0161123 secs] 304155K->147717K(368576K), 0.0164791 secs] [Times: user=0.03 sys=0.00, real=0.02 secs] 
2020-03-19T14:13:42.643+0800: 18426.267: [GC (Allocation Failure) 2020-03-19T14:13:42.643+0800: 18426.268: [ParNew: 161473K->4266K(176960K), 0.0158889 secs] 305029K->147849K(368576K), 0.0162259 secs] [Times: user=0.02 sys=0.00, real=0.02 secs] 
2020-03-19T14:13:46.781+0800: 18430.405: [GC (Allocation Failure) 2020-03-19T14:13:46.781+0800: 18430.406: [ParNew: 161578K->3116K(176960K), 0.0202924 secs] 305161K->146725K(368576K), 0.0207021 secs] [Times: user=0.03 sys=0.00, real=0.02 secs] 
2020-03-19T14:13:53.544+0800: 18437.169: [GC (Allocation Failure) 2020-03-19T14:13:53.544+0800: 18437.169: [ParNew: 160428K->3202K(176960K), 0.0272051 secs] 304037K->146842K(368576K), 0.0276433 secs] [Times: user=0.04 sys=0.00, real=0.03 secs] 
2020-03-19T14:13:59.789+0800: 18443.413: [GC (Allocation Failure) 2020-03-19T14:13:59.789+0800: 18443.413: [ParNew: 160514K->4406K(176960K), 0.0170244 secs] 304154K->148093K(368576K), 0.0174627 secs] [Times: user=0.03 sys=0.00, real=0.02 secs] 
2020-03-19T14:14:04.149+0800: 18447.774: [GC (Allocation Failure) 2020-03-19T14:14:04.150+0800: 18447.774: [ParNew: 161718K->2639K(176960K), 0.0224270 secs] 305405K->146344K(368576K), 0.0228652 secs] [Times: user=0.03 sys=0.00, real=0.02 secs] 
2020-03-19T14:14:09.922+0800: 18453.547: [GC (Allocation Failure) 2020-03-19T14:14:09.922+0800: 18453.547: [ParNew: 159951K->3452K(176960K), 0.0150739 secs] 303656K->147182K(368576K), 0.0154400 secs] [Times: user=0.03 sys=0.01, real=0.01 secs] 
2020-03-19T14:14:15.301+0800: 18458.926: [GC (GCLocker Initiated GC) 2020-03-19T14:14:15.302+0800: 18458.926: [ParNew: 160988K->3421K(176960K), 0.0176154 secs] 304718K->147178K(368576K), 0.0180190 secs] [Times: user=0.03 sys=0.00, real=0.02 secs] 
2020-03-19T14:14:21.094+0800: 18464.719: [GC (Allocation Failure) 2020-03-19T14:14:21.095+0800: 18464.719: [ParNew: 160733K->3334K(176960K), 0.0165398 secs] 304490K->147262K(368576K), 0.0169653 secs] [Times: user=0.03 sys=0.00, real=0.02 secs] 
2020-03-19T14:14:28.124+0800: 18471.748: [GC (Allocation Failure) 2020-03-19T14:14:28.124+0800: 18471.748: [ParNew: 160646K->3222K(176960K), 0.0146496 secs] 304574K->147163K(368576K), 0.0150074 secs] [Times: user=0.03 sys=0.00, real=0.02 secs] 
2020-03-19T14:14:33.685+0800: 18477.310: [GC (Allocation Failure) 2020-03-19T14:14:33.686+0800: 18477.310: [ParNew: 160534K->3181K(176960K), 0.0214837 secs] 304475K->147141K(368576K), 0.0219367 secs] [Times: user=0.03 sys=0.00, real=0.03 secs] 
2020-03-19T14:14:39.871+0800: 18483.495: [GC (Allocation Failure) 2020-03-19T14:14:39.871+0800: 18483.496: [ParNew: 160493K->3111K(176960K), 0.0151973 secs] 304453K->147123K(368576K), 0.0155756 secs] [Times: user=0.04 sys=0.00, real=0.02 secs] 
2020-03-19T14:14:45.334+0800: 18488.959: [GC (Allocation Failure) 2020-03-19T14:14:45.334+0800: 18488.959: [ParNew: 160423K->3135K(176960K), 0.0148994 secs] 304435K->147168K(368576K), 0.0153119 secs] [Times: user=0.03 sys=0.00, real=0.02 secs] 
2020-03-19T14:14:51.205+0800: 18494.830: [GC (Allocation Failure) 2020-03-19T14:14:51.205+0800: 18494.830: [ParNew: 160447K->3069K(176960K), 0.0171485 secs] 304480K->147128K(368576K), 0.0175855 secs] [Times: user=0.04 sys=0.00, real=0.02 secs] 
2020-03-19T14:14:56.892+0800: 18500.516: [GC (Allocation Failure) 2020-03-19T14:14:56.892+0800: 18500.517: [ParNew: 160381K->2111K(176960K), 0.0146895 secs] 304440K->146331K(368576K), 0.0150546 secs] [Times: user=0.03 sys=0.00, real=0.02 secs] 
2020-03-19T14:15:00.848+0800: 18504.473: [GC (Allocation Failure) 2020-03-19T14:15:00.848+0800: 18504.473: [ParNew: 159423K->3872K(176960K), 0.0227141 secs] 303643K->148114K(368576K), 0.0231412 secs] [Times: user=0.03 sys=0.00, real=0.02 secs] 
2020-03-19T14:15:06.551+0800: 18510.176: [GC (Allocation Failure) 2020-03-19T14:15:06.551+0800: 18510.176: [ParNew: 161184K->2372K(176960K), 0.0184701 secs] 305426K->146640K(368576K), 0.0188410 secs] [Times: user=0.03 sys=0.00, real=0.02 secs] 
2020-03-19T14:15:13.324+0800: 18516.949: [GC (Allocation Failure) 2020-03-19T14:15:13.324+0800: 18516.949: [ParNew: 159684K->3062K(176960K), 0.0145313 secs] 303952K->147350K(368576K), 0.0148922 secs] [Times: user=0.03 sys=0.00, real=0.02 secs] 
2020-03-19T14:15:17.332+0800: 18520.957: [GC (Allocation Failure) 2020-03-19T14:15:17.332+0800: 18520.957: [ParNew: 160374K->2874K(176960K), 0.0143973 secs] 304662K->147186K(368576K), 0.0148150 secs] [Times: user=0.03 sys=0.00, real=0.02 secs] 
2020-03-19T14:15:24.100+0800: 18527.725: [GC (Allocation Failure) 2020-03-19T14:15:24.100+0800: 18527.725: [ParNew: 160186K->2911K(176960K), 0.0170375 secs] 304498K->147243K(368576K), 0.0175048 secs] [Times: user=0.03 sys=0.00, real=0.01 secs] 
2020-03-19T14:15:30.237+0800: 18533.861: [GC (Allocation Failure) 2020-03-19T14:15:30.237+0800: 18533.862: [ParNew: 160223K->3781K(176960K), 0.0193711 secs] 304555K->148126K(368576K), 0.0198142 secs] [Times: user=0.03 sys=0.00, real=0.02 secs] 
2020-03-19T14:15:35.817+0800: 18539.442: [GC (Allocation Failure) 2020-03-19T14:15:35.818+0800: 18539.442: [ParNew: 161093K->3512K(176960K), 0.0242230 secs] 305438K->147878K(368576K), 0.0246420 secs] [Times: user=0.03 sys=0.00, real=0.03 secs] 
2020-03-19T14:15:42.635+0800: 18546.260: [GC (Allocation Failure) 2020-03-19T14:15:42.635+0800: 18546.260: [ParNew: 160824K->2447K(176960K), 0.0170641 secs] 305190K->146836K(368576K), 0.0174065 secs] [Times: user=0.03 sys=0.00, real=0.02 secs] 
2020-03-19T14:15:46.370+0800: 18549.995: [GC (Allocation Failure) 2020-03-19T14:15:46.370+0800: 18549.995: [ParNew: 159759K->5047K(176960K), 0.0381789 secs] 304148K->149460K(368576K), 0.0387153 secs] [Times: user=0.03 sys=0.01, real=0.04 secs] 
2020-03-19T14:15:46.413+0800: 18550.038: [GC (GCLocker Initiated GC) 2020-03-19T14:15:46.413+0800: 18550.038: [ParNew: 5448K->5859K(176960K), 0.0182972 secs] 149861K->150294K(368576K), 0.0185646 secs] [Times: user=0.03 sys=0.00, real=0.02 secs] 
2020-03-19T14:15:46.856+0800: 18550.481: [GC (Allocation Failure) 2020-03-19T14:15:46.857+0800: 18550.481: [ParNew: 163171K->10913K(176960K), 0.0420900 secs] 307606K->155367K(368576K), 0.0424890 secs] [Times: user=0.06 sys=0.00, real=0.05 secs] 
2020-03-19T14:15:47.200+0800: 18550.825: [GC (Allocation Failure) 2020-03-19T14:15:47.200+0800: 18550.825: [ParNew: 168225K->19237K(176960K), 0.0538783 secs] 312679K->163714K(368576K), 0.0547162 secs] [Times: user=0.06 sys=0.00, real=0.05 secs] 
2020-03-19T14:15:47.616+0800: 18551.241: [GC (Allocation Failure) 2020-03-19T14:15:47.617+0800: 18551.241: [ParNew: 176472K->19648K(176960K), 0.1581332 secs] 320948K->180229K(368576K), 0.1586184 secs] [Times: user=0.15 sys=0.00, real=0.16 secs] 
2020-03-19T14:15:47.801+0800: 18551.426: [GC (CMS Initial Mark) [1 CMS-initial-mark: 160581K(191616K)] 192278K(368576K), 0.0685158 secs] [Times: user=0.03 sys=0.00, real=0.07 secs] 
2020-03-19T14:15:47.870+0800: 18551.495: [CMS-concurrent-mark-start]
2020-03-19T14:15:48.117+0800: 18551.741: [CMS-concurrent-mark: 0.247/0.247 secs] [Times: user=0.29 sys=0.01, real=0.24 secs] 
2020-03-19T14:15:48.117+0800: 18551.742: [CMS-concurrent-preclean-start]
2020-03-19T14:15:48.122+0800: 18551.747: [CMS-concurrent-preclean: 0.005/0.005 secs] [Times: user=0.01 sys=0.00, real=0.01 secs] 
2020-03-19T14:15:48.123+0800: 18551.747: [CMS-concurrent-abortable-preclean-start]
2020-03-19T14:15:51.872+0800: 18555.496: [GC (Allocation Failure) 2020-03-19T14:15:51.872+0800: 18555.497: [ParNew: 176960K->12710K(176960K), 0.0673433 secs] 337541K->186686K(368576K), 0.0679328 secs] [Times: user=0.11 sys=0.01, real=0.07 secs] 
 CMS: abort preclean due to time 2020-03-19T14:15:53.145+0800: 18556.770: [CMS-concurrent-abortable-preclean: 4.054/5.023 secs] [Times: user=4.59 sys=0.07, real=5.02 secs] 
2020-03-19T14:15:53.148+0800: 18556.772: [GC (CMS Final Remark) [YG occupancy: 61355 K (176960 K)]2020-03-19T14:15:53.148+0800: 18556.772: [Rescan (parallel) , 0.0231706 secs]2020-03-19T14:15:53.171+0800: 18556.795: [weak refs processing, 0.0018565 secs]2020-03-19T14:15:53.173+0800: 18556.797: [class unloading, 0.0627497 secs]2020-03-19T14:15:53.236+0800: 18556.860: [scrub symbol table, 0.0287577 secs]2020-03-19T14:15:53.264+0800: 18556.889: [scrub string table, 0.0028418 secs][1 CMS-remark: 173975K(191616K)] 235331K(368576K), 0.1470507 secs] [Times: user=0.17 sys=0.00, real=0.14 secs] 
2020-03-19T14:15:53.296+0800: 18556.921: [CMS-concurrent-sweep-start]
2020-03-19T14:15:53.426+0800: 18557.051: [CMS-concurrent-sweep: 0.130/0.130 secs] [Times: user=0.11 sys=0.01, real=0.14 secs] 
2020-03-19T14:15:53.427+0800: 18557.051: [CMS-concurrent-reset-start]
2020-03-19T14:15:53.428+0800: 18557.053: [CMS-concurrent-reset: 0.001/0.001 secs] [Times: user=0.00 sys=0.00, real=0.00 secs] 
2020-03-19T14:15:57.309+0800: 18560.934: [GC (Allocation Failure) 2020-03-19T14:15:57.309+0800: 18560.934: [ParNew: 170022K->3532K(176960K), 0.0138769 secs] 312388K->145897K(414236K), 0.0142140 secs] [Times: user=0.03 sys=0.00, real=0.01 secs] 
2020-03-19T14:16:01.527+0800: 18565.152: [GC (Allocation Failure) 2020-03-19T14:16:01.527+0800: 18565.152: [ParNew: 160844K->3426K(176960K), 0.0143602 secs] 303209K->145792K(414236K), 0.0147953 secs] [Times: user=0.02 sys=0.01, real=0.01 secs] 
2020-03-19T14:16:06.573+0800: 18570.197: [GC (Allocation Failure) 2020-03-19T14:16:06.573+0800: 18570.198: [ParNew: 160738K->4287K(176960K), 0.0237401 secs] 303104K->146652K(414236K), 0.0242582 secs] [Times: user=0.02 sys=0.00, real=0.02 secs] 
2020-03-19T14:16:13.555+0800: 18577.179: [GC (Allocation Failure) 2020-03-19T14:16:13.555+0800: 18577.180: [ParNew: 161599K->3924K(176960K), 0.0235131 secs] 303964K->146290K(414236K), 0.0240913 secs] [Times: user=0.03 sys=0.00, real=0.03 secs] 
2020-03-19T14:16:17.564+0800: 18581.188: [GC (Allocation Failure) 2020-03-19T14:16:17.564+0800: 18581.189: [ParNew: 161236K->5749K(176960K), 0.0257276 secs] 303602K->148114K(414236K), 0.0261558 secs] [Times: user=0.02 sys=0.00, real=0.03 secs] 
2020-03-19T14:16:24.648+0800: 18588.272: [GC (Allocation Failure) 2020-03-19T14:16:24.648+0800: 18588.272: [ParNew: 163061K->4018K(176960K), 0.0168884 secs] 305426K->146383K(414236K), 0.0173482 secs] [Times: user=0.03 sys=0.00, real=0.01 secs] 
2020-03-19T14:16:30.745+0800: 18594.370: [GC (Allocation Failure) 2020-03-19T14:16:30.746+0800: 18594.370: [ParNew: 161330K->5586K(176960K), 0.0248449 secs] 303695K->147951K(414236K), 0.0253504 secs] [Times: user=0.04 sys=0.00, real=0.03 secs] 
2020-03-19T14:16:35.629+0800: 18599.253: [GC (Allocation Failure) 2020-03-19T14:16:35.629+0800: 18599.254: [ParNew: 162898K->6362K(176960K), 0.0171507 secs] 305263K->148727K(414236K), 0.0175384 secs] [Times: user=0.03 sys=0.00, real=0.02 secs] 
2020-03-19T14:16:41.618+0800: 18605.242: [GC (Allocation Failure) 2020-03-19T14:16:41.618+0800: 18605.243: [ParNew: 163674K->4242K(176960K), 0.0388461 secs] 306039K->146608K(414236K), 0.0395152 secs] [Times: user=0.04 sys=0.00, real=0.04 secs] 
2020-03-19T14:16:45.764+0800: 18609.388: [GC (Allocation Failure) 2020-03-19T14:16:45.764+0800: 18609.389: [ParNew: 161554K->5683K(176960K), 0.0281806 secs] 303920K->148049K(414236K), 0.0286742 secs] [Times: user=0.03 sys=0.00, real=0.03 secs] 
2020-03-19T14:16:51.192+0800: 18614.817: [GC (Allocation Failure) 2020-03-19T14:16:51.193+0800: 18614.817: [ParNew: 162995K->5216K(176960K), 0.0493339 secs] 305361K->147581K(414236K), 0.0498612 secs] [Times: user=0.03 sys=0.01, real=0.05 secs] 
2020-03-19T14:16:56.893+0800: 18620.517: [GC (Allocation Failure) 2020-03-19T14:16:56.893+0800: 18620.517: [ParNew: 162528K->3666K(176960K), 0.0164972 secs] 304893K->146031K(414236K), 0.0169484 secs] [Times: user=0.03 sys=0.00, real=0.02 secs] 
2020-03-19T14:17:01.042+0800: 18624.666: [GC (Allocation Failure) 2020-03-19T14:17:01.042+0800: 18624.667: [ParNew: 160978K->5083K(176960K), 0.0592882 secs] 303343K->147448K(414236K), 0.0598722 secs] [Times: user=0.04 sys=0.00, real=0.06 secs] 
2020-03-19T14:17:06.058+0800: 18629.683: [GC (Allocation Failure) 2020-03-19T14:17:06.058+0800: 18629.683: [ParNew: 162395K->5674K(176960K), 0.0235590 secs] 304760K->148039K(414236K), 0.0240314 secs] [Times: user=0.04 sys=0.00, real=0.02 secs] 
2020-03-19T14:17:12.584+0800: 18636.209: [GC (Allocation Failure) 2020-03-19T14:17:12.584+0800: 18636.209: [ParNew: 162986K->3567K(176960K), 0.0256331 secs] 305351K->146772K(414236K), 0.0262960 secs] [Times: user=0.04 sys=0.00, real=0.03 secs] 
2020-03-19T14:17:15.776+0800: 18639.400: [GC (Allocation Failure) 2020-03-19T14:17:15.776+0800: 18639.400: [ParNew: 160879K->4214K(176960K), 0.0198394 secs] 304084K->147678K(414236K), 0.0202728 secs] [Times: user=0.03 sys=0.00, real=0.02 secs] 
2020-03-19T14:17:22.883+0800: 18646.508: [GC (Allocation Failure) 2020-03-19T14:17:22.883+0800: 18646.508: [ParNew: 161526K->2888K(176960K), 0.0174031 secs] 304990K->146553K(414236K), 0.0177615 secs] [Times: user=0.03 sys=0.00, real=0.02 secs] 
2020-03-19T14:17:28.683+0800: 18652.308: [GC (Allocation Failure) 2020-03-19T14:17:28.684+0800: 18652.308: [ParNew: 160200K->2290K(176960K), 0.0291265 secs] 303865K->146060K(414236K), 0.0296224 secs] [Times: user=0.02 sys=0.00, real=0.03 secs] 
2020-03-19T14:17:33.718+0800: 18657.343: [GC (Allocation Failure) 2020-03-19T14:17:33.718+0800: 18657.343: [ParNew: 159602K->2220K(176960K), 0.0237243 secs] 303372K->146087K(414236K), 0.0241093 secs] [Times: user=0.02 sys=0.01, real=0.02 secs] 
2020-03-19T14:17:39.656+0800: 18663.281: [GC (Allocation Failure) 2020-03-19T14:17:39.656+0800: 18663.281: [ParNew: 159532K->3075K(176960K), 0.0223426 secs] 303399K->146984K(414236K), 0.0229200 secs] [Times: user=0.03 sys=0.00, real=0.03 secs] 
2020-03-19T14:17:45.149+0800: 18668.773: [GC (Allocation Failure) 2020-03-19T14:17:45.149+0800: 18668.774: [ParNew: 160387K->3015K(176960K), 0.0272876 secs] 304296K->146965K(414236K), 0.0277686 secs] [Times: user=0.03 sys=0.00, real=0.02 secs] 
2020-03-19T14:17:50.675+0800: 18674.300: [GC (Allocation Failure) 2020-03-19T14:17:50.676+0800: 18674.300: [ParNew: 160327K->2324K(176960K), 0.0146335 secs] 304277K->146297K(414236K), 0.0150099 secs] [Times: user=0.02 sys=0.00, real=0.02 secs] 
2020-03-19T14:17:55.630+0800: 18679.254: [GC (Allocation Failure) 2020-03-19T14:17:55.630+0800: 18679.255: [ParNew: 159636K->3166K(176960K), 0.0189157 secs] 303609K->147157K(414236K), 0.0193162 secs] [Times: user=0.03 sys=0.00, real=0.02 secs] 
2020-03-19T14:18:00.328+0800: 18683.952: [GC (Allocation Failure) 2020-03-19T14:18:00.328+0800: 18683.953: [ParNew: 160478K->2036K(176960K), 0.0144910 secs] 304469K->146049K(414236K), 0.0148359 secs] [Times: user=0.02 sys=0.00, real=0.01 secs] 
2020-03-19T14:18:04.997+0800: 18688.621: [GC (Allocation Failure) 2020-03-19T14:18:04.997+0800: 18688.621: [ParNew: 159348K->2996K(176960K), 0.0249061 secs] 303361K->147031K(414236K), 0.0253788 secs] [Times: user=0.03 sys=0.00, real=0.03 secs] 
2020-03-19T14:18:10.992+0800: 18694.617: [GC (Allocation Failure) 2020-03-19T14:18:10.992+0800: 18694.617: [ParNew: 160308K->2953K(176960K), 0.0206014 secs] 304343K->147017K(414236K), 0.0210105 secs] [Times: user=0.04 sys=0.00, real=0.02 secs] 
2020-03-19T14:18:15.297+0800: 18698.922: [GC (Allocation Failure) 2020-03-19T14:18:15.297+0800: 18698.922: [ParNew: 160265K->2938K(176960K), 0.0247402 secs] 304329K->147020K(414236K), 0.0252020 secs] [Times: user=0.03 sys=0.00, real=0.03 secs] 
2020-03-19T14:18:19.454+0800: 18703.078: [GC (Allocation Failure) 2020-03-19T14:18:19.454+0800: 18703.079: [ParNew: 160250K->2864K(176960K), 0.0254197 secs] 304332K->146960K(414236K), 0.0257903 secs] [Times: user=0.02 sys=0.00, real=0.03 secs] 
2020-03-19T14:18:25.661+0800: 18709.285: [GC (Allocation Failure) 2020-03-19T14:18:25.661+0800: 18709.285: [ParNew: 160176K->2045K(176960K), 0.0209662 secs] 304272K->146155K(414236K), 0.0214077 secs] [Times: user=0.02 sys=0.01, real=0.02 secs] 
2020-03-19T14:18:31.371+0800: 18714.996: [GC (Allocation Failure) 2020-03-19T14:18:31.372+0800: 18714.996: [ParNew: 159357K->2882K(176960K), 0.0144521 secs] 303467K->147015K(414236K), 0.0148193 secs] [Times: user=0.03 sys=0.00, real=0.02 secs] 
2020-03-19T14:18:36.997+0800: 18720.621: [GC (Allocation Failure) 2020-03-19T14:18:36.997+0800: 18720.622: [ParNew: 160194K->2944K(176960K), 0.0147157 secs] 304327K->147091K(414236K), 0.0151383 secs] [Times: user=0.03 sys=0.00, real=0.02 secs] 
2020-03-19T14:18:44.224+0800: 18727.848: [GC (Allocation Failure) 2020-03-19T14:18:44.224+0800: 18727.848: [ParNew: 160256K->2940K(176960K), 0.0153344 secs] 304403K->147111K(414236K), 0.0157272 secs] [Times: user=0.03 sys=0.01, real=0.02 secs] 
2020-03-19T14:18:49.001+0800: 18732.626: [GC (Allocation Failure) 2020-03-19T14:18:49.002+0800: 18732.626: [ParNew: 160252K->2865K(176960K), 0.0152407 secs] 304423K->147054K(414236K), 0.0156343 secs] [Times: user=0.03 sys=0.00, real=0.01 secs] 
2020-03-19T14:18:54.711+0800: 18738.336: [GC (Allocation Failure) 2020-03-19T14:18:54.711+0800: 18738.336: [ParNew: 160177K->2937K(176960K), 0.0220322 secs] 304366K->147145K(414236K), 0.0224558 secs] [Times: user=0.02 sys=0.00, real=0.02 secs] 
2020-03-19T14:19:00.066+0800: 18743.690: [GC (Allocation Failure) 2020-03-19T14:19:00.066+0800: 18743.691: [ParNew: 160249K->2864K(176960K), 0.0483497 secs] 304457K->147090K(414236K), 0.0488689 secs] [Times: user=0.03 sys=0.00, real=0.05 secs] 
2020-03-19T14:19:05.068+0800: 18748.692: [GC (Allocation Failure) 2020-03-19T14:19:05.068+0800: 18748.692: [ParNew: 160176K->3529K(176960K), 0.0216285 secs] 304402K->147778K(414236K), 0.0220690 secs] [Times: user=0.02 sys=0.00, real=0.02 secs] 
2020-03-19T14:19:11.574+0800: 18755.198: [GC (Allocation Failure) 2020-03-19T14:19:11.574+0800: 18755.198: [ParNew: 160841K->2576K(176960K), 0.0211066 secs] 305090K->146845K(414236K), 0.0214695 secs] [Times: user=0.02 sys=0.00, real=0.02 secs] 
2020-03-19T14:19:15.781+0800: 18759.405: [GC (Allocation Failure) 2020-03-19T14:19:15.781+0800: 18759.405: [ParNew: 159888K->2692K(176960K), 0.0309844 secs] 304157K->146984K(414236K), 0.0315008 secs] [Times: user=0.02 sys=0.00, real=0.03 secs] 
2020-03-19T14:19:22.634+0800: 18766.258: [GC (Allocation Failure) 2020-03-19T14:19:22.634+0800: 18766.258: [ParNew: 160004K->3368K(176960K), 0.0253786 secs] 304296K->147675K(414236K), 0.0258803 secs] [Times: user=0.03 sys=0.00, real=0.03 secs] 
2020-03-19T14:19:29.398+0800: 18773.022: [GC (Allocation Failure) 2020-03-19T14:19:29.398+0800: 18773.022: [ParNew: 160680K->2528K(176960K), 0.0159747 secs] 304987K->146849K(414236K), 0.0163740 secs] [Times: user=0.03 sys=0.00, real=0.02 secs] 
2020-03-19T14:19:34.762+0800: 18778.386: [GC (Allocation Failure) 2020-03-19T14:19:34.762+0800: 18778.387: [ParNew: 159840K->2695K(176960K), 0.0224783 secs] 304161K->147034K(414236K), 0.0229897 secs] [Times: user=0.03 sys=0.00, real=0.02 secs] 
2020-03-19T14:19:41.055+0800: 18784.680: [GC (Allocation Failure) 2020-03-19T14:19:41.056+0800: 18784.680: [ParNew: 160007K->2807K(176960K), 0.0265457 secs] 304346K->147168K(414236K), 0.0270112 secs] [Times: user=0.02 sys=0.00, real=0.03 secs] 
2020-03-19T14:19:45.757+0800: 18789.382: [GC (Allocation Failure) 2020-03-19T14:19:45.758+0800: 18789.382: [ParNew: 160119K->2922K(176960K), 0.0258893 secs] 304480K->147309K(414236K), 0.0265020 secs] [Times: user=0.03 sys=0.00, real=0.03 secs] 
2020-03-19T14:19:51.955+0800: 18795.579: [GC (Allocation Failure) 2020-03-19T14:19:51.955+0800: 18795.580: [ParNew: 160234K->2270K(176960K), 0.0227370 secs] 304621K->146677K(414236K), 0.0232599 secs] [Times: user=0.04 sys=0.00, real=0.03 secs] 
2020-03-19T14:19:57.636+0800: 18801.261: [GC (Allocation Failure) 2020-03-19T14:19:57.636+0800: 18801.261: [ParNew: 159582K->3114K(176960K), 0.0173661 secs] 303989K->147538K(414236K), 0.0177624 secs] [Times: user=0.03 sys=0.00, real=0.02 secs] 
2020-03-19T14:20:01.893+0800: 18805.518: [GC (Allocation Failure) 2020-03-19T14:20:01.894+0800: 18805.518: [ParNew: 160426K->2972K(176960K), 0.0202307 secs] 304850K->147416K(414236K), 0.0206467 secs] [Times: user=0.02 sys=0.00, real=0.02 secs] 
2020-03-19T14:20:07.452+0800: 18811.076: [GC (Allocation Failure) 2020-03-19T14:20:07.452+0800: 18811.076: [ParNew: 160284K->3039K(176960K), 0.0158649 secs] 304728K->147507K(414236K), 0.0164667 secs] [Times: user=0.03 sys=0.00, real=0.02 secs] 
2020-03-19T14:20:14.418+0800: 18818.043: [GC (Allocation Failure) 2020-03-19T14:20:14.419+0800: 18818.043: [ParNew: 160351K->3009K(176960K), 0.0158922 secs] 304819K->147497K(414236K), 0.0163055 secs] [Times: user=0.03 sys=0.00, real=0.01 secs] 
2020-03-19T14:20:18.848+0800: 18822.472: [GC (Allocation Failure) 2020-03-19T14:20:18.848+0800: 18822.473: [ParNew: 160321K->2927K(176960K), 0.0245277 secs] 304809K->147460K(414236K), 0.0249358 secs] [Times: user=0.03 sys=0.00, real=0.02 secs] 
2020-03-19T14:20:25.658+0800: 18829.282: [GC (Allocation Failure) 2020-03-19T14:20:25.658+0800: 18829.283: [ParNew: 160239K->2970K(176960K), 0.0234781 secs] 304772K->147521K(414236K), 0.0239571 secs] [Times: user=0.02 sys=0.01, real=0.03 secs] 
2020-03-19T14:20:31.576+0800: 18835.200: [GC (Allocation Failure) 2020-03-19T14:20:31.576+0800: 18835.200: [ParNew: 160280K->2894K(176960K), 0.0160995 secs] 304831K->147461K(414236K), 0.0164745 secs] [Times: user=0.03 sys=0.00, real=0.02 secs] 
2020-03-19T14:20:37.047+0800: 18840.671: [GC (Allocation Failure) 2020-03-19T14:20:37.047+0800: 18840.672: [ParNew: 160206K->2989K(176960K), 0.0153230 secs] 304773K->147574K(414236K), 0.0157337 secs] [Times: user=0.03 sys=0.00, real=0.01 secs] 
2020-03-19T14:20:44.160+0800: 18847.784: [GC (Allocation Failure) 2020-03-19T14:20:44.160+0800: 18847.785: [ParNew: 160301K->3029K(176960K), 0.0155146 secs] 304886K->147634K(414236K), 0.0158659 secs] [Times: user=0.03 sys=0.00, real=0.01 secs] 
2020-03-19T14:20:48.765+0800: 18852.390: [GC (Allocation Failure) 2020-03-19T14:20:48.766+0800: 18852.390: [ParNew: 160341K->2931K(176960K), 0.0165885 secs] 304946K->147558K(414236K), 0.0170041 secs] [Times: user=0.02 sys=0.00, real=0.02 secs] 
2020-03-19T14:20:55.110+0800: 18858.734: [GC (Allocation Failure) 2020-03-19T14:20:55.110+0800: 18858.735: [ParNew: 160243K->2983K(176960K), 0.0265177 secs] 304870K->147631K(414236K), 0.0269167 secs] [Times: user=0.03 sys=0.00, real=0.02 secs] 
2020-03-19T14:21:00.221+0800: 18863.845: [GC (Allocation Failure) 2020-03-19T14:21:00.221+0800: 18863.845: [ParNew: 160295K->3880K(176960K), 0.0172126 secs] 304943K->148544K(414236K), 0.0177654 secs] [Times: user=0.03 sys=0.00, real=0.02 secs] 
2020-03-19T14:21:05.791+0800: 18869.415: [GC (Allocation Failure) 2020-03-19T14:21:05.791+0800: 18869.416: [ParNew: 161192K->2406K(176960K), 0.0157589 secs] 305856K->147090K(414236K), 0.0162322 secs] [Times: user=0.04 sys=0.00, real=0.02 secs] 
2020-03-19T14:21:12.571+0800: 18876.195: [GC (Allocation Failure) 2020-03-19T14:21:12.571+0800: 18876.196: [ParNew: 159718K->2112K(176960K), 0.0355989 secs] 304402K->146817K(414236K), 0.0360630 secs] [Times: user=0.03 sys=0.00, real=0.04 secs] 
2020-03-19T14:21:15.795+0800: 18879.420: [GC (Allocation Failure) 2020-03-19T14:21:15.796+0800: 18879.420: [ParNew: 159424K->2944K(176960K), 0.0162229 secs] 304129K->147713K(414236K), 0.0166010 secs] [Times: user=0.03 sys=0.00, real=0.02 secs] 
2020-03-19T14:21:19.343+0800: 18882.968: [GC (Allocation Failure) 2020-03-19T14:21:19.344+0800: 18882.968: [ParNew: 160256K->4630K(176960K), 0.0179993 secs] 305025K->149420K(414236K), 0.0184768 secs] [Times: user=0.04 sys=0.00, real=0.02 secs] 
2020-03-19T14:21:24.355+0800: 18887.979: [GC (Allocation Failure) 2020-03-19T14:21:24.355+0800: 18887.980: [ParNew: 161942K->3192K(176960K), 0.0247049 secs] 306732K->147996K(414236K), 0.0253494 secs] [Times: user=0.04 sys=0.00, real=0.03 secs] 
2020-03-19T14:21:30.735+0800: 18894.360: [GC (Allocation Failure) 2020-03-19T14:21:30.736+0800: 18894.360: [ParNew: 160504K->3355K(176960K), 0.0280376 secs] 305308K->148175K(414236K), 0.0285275 secs] [Times: user=0.04 sys=0.00, real=0.03 secs] 
2020-03-19T14:21:35.820+0800: 18899.445: [GC (Allocation Failure) 2020-03-19T14:21:35.820+0800: 18899.445: [ParNew: 160017K->5300K(176960K), 0.0159590 secs] 304838K->150144K(414236K), 0.0163411 secs] [Times: user=0.02 sys=0.00, real=0.01 secs] 
2020-03-19T14:21:43.179+0800: 18906.803: [GC (Allocation Failure) 2020-03-19T14:21:43.179+0800: 18906.804: [ParNew: 162612K->3638K(176960K), 0.0237381 secs] 307456K->148506K(414236K), 0.0242146 secs] [Times: user=0.03 sys=0.00, real=0.02 secs] 
2020-03-19T14:21:47.125+0800: 18910.750: [GC (Allocation Failure) 2020-03-19T14:21:47.126+0800: 18910.750: [ParNew: 160950K->2344K(176960K), 0.0214345 secs] 305818K->147233K(414236K), 0.0218655 secs] [Times: user=0.02 sys=0.00, real=0.03 secs] 
2020-03-19T14:21:54.107+0800: 18917.731: [GC (Allocation Failure) 2020-03-19T14:21:54.107+0800: 18917.731: [ParNew: 159656K->2701K(176960K), 0.0245456 secs] 304545K->147608K(414236K), 0.0250137 secs] [Times: user=0.02 sys=0.00, real=0.02 secs] 
2020-03-19T14:22:00.030+0800: 18923.654: [GC (Allocation Failure) 2020-03-19T14:22:00.030+0800: 18923.655: [ParNew: 160013K->3785K(176960K), 0.0354116 secs] 304920K->148712K(414236K), 0.0359134 secs] [Times: user=0.04 sys=0.00, real=0.03 secs] 
2020-03-19T14:22:04.836+0800: 18928.460: [GC (Allocation Failure) 2020-03-19T14:22:04.836+0800: 18928.461: [ParNew: 161097K->2398K(176960K), 0.0327844 secs] 306024K->147348K(414236K), 0.0333189 secs] [Times: user=0.03 sys=0.00, real=0.04 secs] 
2020-03-19T14:22:11.093+0800: 18934.718: [GC (Allocation Failure) 2020-03-19T14:22:11.093+0800: 18934.718: [ParNew: 159710K->3043K(176960K), 0.0234276 secs] 304660K->148018K(414236K), 0.0238802 secs] [Times: user=0.02 sys=0.00, real=0.02 secs] 
2020-03-19T14:22:15.732+0800: 18939.357: [GC (Allocation Failure) 2020-03-19T14:22:15.733+0800: 18939.357: [ParNew: 160355K->2999K(176960K), 0.0148846 secs] 305330K->147996K(414236K), 0.0153188 secs] [Times: user=0.02 sys=0.00, real=0.02 secs] 
2020-03-19T14:22:22.296+0800: 18945.921: [GC (Allocation Failure) 2020-03-19T14:22:22.296+0800: 18945.921: [ParNew: 160311K->1984K(176960K), 0.0167204 secs] 305308K->146996K(414236K), 0.0172163 secs] [Times: user=0.03 sys=0.00, real=0.02 secs] 
2020-03-19T14:22:29.138+0800: 18952.763: [GC (Allocation Failure) 2020-03-19T14:22:29.138+0800: 18952.763: [ParNew: 159296K->2991K(176960K), 0.0229279 secs] 304308K->148021K(414236K), 0.0233406 secs] [Times: user=0.02 sys=0.01, real=0.02 secs] 
2020-03-19T14:22:34.428+0800: 18958.052: [GC (Allocation Failure) 2020-03-19T14:22:34.428+0800: 18958.053: [ParNew: 160303K->2983K(176960K), 0.0146305 secs] 305333K->148034K(414236K), 0.0149976 secs] [Times: user=0.02 sys=0.00, real=0.01 secs] 
2020-03-19T14:22:40.855+0800: 18964.480: [GC (Allocation Failure) 2020-03-19T14:22:40.856+0800: 18964.480: [ParNew: 160295K->2897K(176960K), 0.0150043 secs] 305346K->148006K(414236K), 0.0154048 secs] [Times: user=0.03 sys=0.00, real=0.02 secs] 
2020-03-19T14:22:45.742+0800: 18969.367: [GC (Allocation Failure) 2020-03-19T14:22:45.742+0800: 18969.367: [ParNew: 160209K->3874K(176960K), 0.0156188 secs] 305318K->149037K(414236K), 0.0160425 secs] [Times: user=0.02 sys=0.00, real=0.02 secs] 
2020-03-19T14:22:52.335+0800: 18975.959: [GC (Allocation Failure) 2020-03-19T14:22:52.335+0800: 18975.959: [ParNew: 161186K->2495K(176960K), 0.0152270 secs] 306349K->147678K(414236K), 0.0156100 secs] [Times: user=0.03 sys=0.00, real=0.02 secs] 
2020-03-19T14:22:58.740+0800: 18982.365: [GC (Allocation Failure) 2020-03-19T14:22:58.741+0800: 18982.365: [ParNew: 159807K->2637K(176960K), 0.0314252 secs] 304990K->147842K(414236K), 0.0318776 secs] [Times: user=0.03 sys=0.01, real=0.03 secs] 
2020-03-19T14:23:03.071+0800: 18986.696: [GC (Allocation Failure) 2020-03-19T14:23:03.071+0800: 18986.696: [ParNew: 159949K->2815K(176960K), 0.0141133 secs] 305154K->148034K(414236K), 0.0144713 secs] [Times: user=0.03 sys=0.00, real=0.01 secs] 
2020-03-19T14:23:08.412+0800: 18992.037: [GC (Allocation Failure) 2020-03-19T14:23:08.412+0800: 18992.037: [ParNew: 160127K->2779K(176960K), 0.0140901 secs] 305346K->148021K(414236K), 0.0144675 secs] [Times: user=0.03 sys=0.00, real=0.02 secs] 
2020-03-19T14:23:14.784+0800: 18998.408: [GC (Allocation Failure) 2020-03-19T14:23:14.784+0800: 18998.409: [ParNew: 160091K->2856K(176960K), 0.0326379 secs] 305333K->148119K(414236K), 0.0330237 secs] [Times: user=0.04 sys=0.00, real=0.03 secs] 
2020-03-19T14:23:19.455+0800: 19003.080: [GC (Allocation Failure) 2020-03-19T14:23:19.456+0800: 19003.080: [ParNew: 160168K->2127K(176960K), 0.0154545 secs] 305431K->147411K(414236K), 0.0158947 secs] [Times: user=0.02 sys=0.00, real=0.02 secs] 
2020-03-19T14:23:26.557+0800: 19010.181: [GC (Allocation Failure) 2020-03-19T14:23:26.557+0800: 19010.182: [ParNew: 159439K->2995K(176960K), 0.0304617 secs] 304723K->148300K(414236K), 0.0309763 secs] [Times: user=0.03 sys=0.00, real=0.04 secs] 
2020-03-19T14:23:32.448+0800: 19016.073: [GC (Allocation Failure) 2020-03-19T14:23:32.449+0800: 19016.073: [ParNew: 160307K->2825K(176960K), 0.0142225 secs] 305612K->148143K(414236K), 0.0146221 secs] [Times: user=0.02 sys=0.00, real=0.01 secs] 
2020-03-19T14:23:38.226+0800: 19021.850: [GC (Allocation Failure) 2020-03-19T14:23:38.226+0800: 19021.850: [ParNew: 160137K->2878K(176960K), 0.0329036 secs] 305455K->148215K(414236K), 0.0333317 secs] [Times: user=0.04 sys=0.00, real=0.04 secs] 
2020-03-19T14:23:44.804+0800: 19028.429: [GC (Allocation Failure) 2020-03-19T14:23:44.804+0800: 19028.429: [ParNew: 160190K->2903K(176960K), 0.0251767 secs] 305527K->148261K(414236K), 0.0255538 secs] [Times: user=0.04 sys=0.00, real=0.03 secs] 
2020-03-19T14:23:49.586+0800: 19033.210: [GC (Allocation Failure) 2020-03-19T14:23:49.586+0800: 19033.210: [ParNew: 160215K->3188K(176960K), 0.0166587 secs] 305573K->148570K(414236K), 0.0171124 secs] [Times: user=0.03 sys=0.00, real=0.02 secs] 
2020-03-19T14:23:55.932+0800: 19039.557: [GC (Allocation Failure) 2020-03-19T14:23:55.933+0800: 19039.557: [ParNew: 160500K->2537K(176960K), 0.0151779 secs] 305882K->147947K(414236K), 0.0155875 secs] [Times: user=0.02 sys=0.00, real=0.02 secs] 
2020-03-19T14:24:00.772+0800: 19044.397: [GC (Allocation Failure) 2020-03-19T14:24:00.772+0800: 19044.397: [ParNew: 159849K->3401K(176960K), 0.0243193 secs] 305259K->148830K(414236K), 0.0247131 secs] [Times: user=0.03 sys=0.00, real=0.02 secs] 
2020-03-19T14:24:05.983+0800: 19049.607: [GC (Allocation Failure) 2020-03-19T14:24:05.983+0800: 19049.607: [ParNew: 160713K->3380K(176960K), 0.0195683 secs] 306142K->148830K(414236K), 0.0199884 secs] [Times: user=0.03 sys=0.00, real=0.02 secs] 
2020-03-19T14:24:13.264+0800: 19056.888: [GC (Allocation Failure) 2020-03-19T14:24:13.264+0800: 19056.888: [ParNew: 160692K->2563K(176960K), 0.0197849 secs] 306142K->148036K(414236K), 0.0202226 secs] [Times: user=0.03 sys=0.00, real=0.02 secs] 
2020-03-19T14:24:17.237+0800: 19060.862: [GC (Allocation Failure) 2020-03-19T14:24:17.238+0800: 19060.862: [ParNew: 159875K->2548K(176960K), 0.0200205 secs] 305348K->148043K(414236K), 0.0204134 secs] [Times: user=0.03 sys=0.00, real=0.02 secs] 
2020-03-19T14:24:24.456+0800: 19068.081: [GC (Allocation Failure) 2020-03-19T14:24:24.456+0800: 19068.081: [ParNew: 159860K->2785K(176960K), 0.0183756 secs] 305355K->148301K(414236K), 0.0187669 secs] [Times: user=0.03 sys=0.00, real=0.02 secs] 
2020-03-19T14:24:30.747+0800: 19074.372: [GC (Allocation Failure) 2020-03-19T14:24:30.747+0800: 19074.372: [ParNew: 160097K->3702K(176960K), 0.0162810 secs] 305613K->149230K(414236K), 0.0166700 secs] [Times: user=0.03 sys=0.00, real=0.01 secs] 
2020-03-19T14:24:35.856+0800: 19079.480: [GC (Allocation Failure) 2020-03-19T14:24:35.856+0800: 19079.481: [ParNew: 161014K->2570K(176960K), 0.0144220 secs] 306542K->148116K(414236K), 0.0148449 secs] [Times: user=0.03 sys=0.00, real=0.02 secs] 
2020-03-19T14:24:43.306+0800: 19086.931: [GC (Allocation Failure) 2020-03-19T14:24:43.306+0800: 19086.931: [ParNew: 159882K->2637K(176960K), 0.0183476 secs] 305428K->148210K(414236K), 0.0187387 secs] [Times: user=0.03 sys=0.00, real=0.01 secs] 
2020-03-19T14:24:47.626+0800: 19091.250: [GC (Allocation Failure) 2020-03-19T14:24:47.626+0800: 19091.251: [ParNew: 159949K->2728K(176960K), 0.0145101 secs] 305522K->148323K(414236K), 0.0167232 secs] [Times: user=0.02 sys=0.00, real=0.02 secs] 
2020-03-19T14:24:54.362+0800: 19097.987: [GC (Allocation Failure) 2020-03-19T14:24:54.363+0800: 19097.987: [ParNew: 160040K->2842K(176960K), 0.0240001 secs] 305635K->148458K(414236K), 0.0244427 secs] [Times: user=0.03 sys=0.00, real=0.03 secs] 
2020-03-19T14:25:00.045+0800: 19103.670: [GC (Allocation Failure) 2020-03-19T14:25:00.046+0800: 19103.670: [ParNew: 160154K->2779K(176960K), 0.0238024 secs] 305770K->148416K(414236K), 0.0241831 secs] [Times: user=0.04 sys=0.00, real=0.03 secs] 
2020-03-19T14:25:05.090+0800: 19108.715: [GC (Allocation Failure) 2020-03-19T14:25:05.090+0800: 19108.715: [ParNew: 160091K->2322K(176960K), 0.0220580 secs] 305728K->147972K(414236K), 0.0225122 secs] [Times: user=0.02 sys=0.01, real=0.02 secs] 
2020-03-19T14:25:11.266+0800: 19114.891: [GC (Allocation Failure) 2020-03-19T14:25:11.266+0800: 19114.891: [ParNew: 159634K->2931K(176960K), 0.0139418 secs] 305284K->148609K(414236K), 0.0143417 secs] [Times: user=0.02 sys=0.00, real=0.01 secs] 
2020-03-19T14:25:15.761+0800: 19119.386: [GC (Allocation Failure) 2020-03-19T14:25:15.761+0800: 19119.386: [ParNew: 160243K->2882K(176960K), 0.0206127 secs] 305921K->148581K(414236K), 0.0209949 secs] [Times: user=0.02 sys=0.00, real=0.02 secs] 
2020-03-19T14:25:22.635+0800: 19126.260: [GC (Allocation Failure) 2020-03-19T14:25:22.635+0800: 19126.260: [ParNew: 160194K->3329K(176960K), 0.0221275 secs] 305893K->149045K(414236K), 0.0225415 secs] [Times: user=0.02 sys=0.00, real=0.02 secs] 
2020-03-19T14:25:29.408+0800: 19133.033: [GC (Allocation Failure) 2020-03-19T14:25:29.409+0800: 19133.033: [ParNew: 160641K->2478K(176960K), 0.0157609 secs] 306357K->148209K(414236K), 0.0162817 secs] [Times: user=0.03 sys=0.00, real=0.01 secs] 
2020-03-19T14:25:34.905+0800: 19138.530: [GC (Allocation Failure) 2020-03-19T14:25:34.905+0800: 19138.530: [ParNew: 159790K->2628K(176960K), 0.0324836 secs] 305521K->148375K(414236K), 0.0329818 secs] [Times: user=0.03 sys=0.00, real=0.04 secs] 
2020-03-19T14:25:41.330+0800: 19144.954: [GC (Allocation Failure) 2020-03-19T14:25:41.330+0800: 19144.954: [ParNew: 159940K->2732K(176960K), 0.0274678 secs] 305687K->148502K(414236K), 0.0279354 secs] [Times: user=0.03 sys=0.00, real=0.02 secs] 
2020-03-19T14:25:45.773+0800: 19149.397: [GC (Allocation Failure) 2020-03-19T14:25:45.773+0800: 19149.397: [ParNew: 160044K->3761K(176960K), 0.0161018 secs] 305814K->149551K(414236K), 0.0164481 secs] [Times: user=0.03 sys=0.00, real=0.02 secs] 
2020-03-19T14:25:52.630+0800: 19156.254: [GC (Allocation Failure) 2020-03-19T14:25:52.630+0800: 19156.255: [ParNew: 161073K->2320K(176960K), 0.0151575 secs] 306863K->148135K(414236K), 0.0155386 secs] [Times: user=0.03 sys=0.00, real=0.01 secs] 
2020-03-19T14:25:59.277+0800: 19162.902: [GC (Allocation Failure) 2020-03-19T14:25:59.277+0800: 19162.902: [ParNew: 159632K->2936K(176960K), 0.0208229 secs] 305447K->148774K(414236K), 0.0212001 secs] [Times: user=0.04 sys=0.00, real=0.03 secs] 
2020-03-19T14:26:03.306+0800: 19166.931: [GC (Allocation Failure) 2020-03-19T14:26:03.307+0800: 19166.931: [ParNew: 160248K->2895K(176960K), 0.0143457 secs] 306086K->148749K(414236K), 0.0148235 secs] [Times: user=0.03 sys=0.00, real=0.01 secs] 
2020-03-19T14:26:09.148+0800: 19172.773: [GC (Allocation Failure) 2020-03-19T14:26:09.148+0800: 19172.773: [ParNew: 160207K->1862K(176960K), 0.0143757 secs] 306061K->147739K(414236K), 0.0147659 secs] [Times: user=0.03 sys=0.00, real=0.01 secs] 
2020-03-19T14:26:14.813+0800: 19178.438: [GC (Allocation Failure) 2020-03-19T14:26:14.814+0800: 19178.438: [ParNew: 159174K->2848K(176960K), 0.0272390 secs] 305051K->148748K(414236K), 0.0276351 secs] [Times: user=0.03 sys=0.00, real=0.03 secs] 
2020-03-19T14:26:20.124+0800: 19183.748: [GC (Allocation Failure) 2020-03-19T14:26:20.124+0800: 19183.748: [ParNew: 160159K->2239K(176960K), 0.0161773 secs] 306059K->148163K(414236K), 0.0165998 secs] [Times: user=0.03 sys=0.00, real=0.02 secs] 
2020-03-19T14:26:27.199+0800: 19190.823: [GC (Allocation Failure) 2020-03-19T14:26:27.199+0800: 19190.824: [ParNew: 159551K->2990K(176960K), 0.0201711 secs] 305475K->148932K(414236K), 0.0206068 secs] [Times: user=0.03 sys=0.00, real=0.02 secs] 
2020-03-19T14:26:33.074+0800: 19196.698: [GC (Allocation Failure) 2020-03-19T14:26:33.074+0800: 19196.698: [ParNew: 160302K->2886K(176960K), 0.0233735 secs] 306244K->148843K(414236K), 0.0238337 secs] [Times: user=0.04 sys=0.00, real=0.02 secs] 
2020-03-19T14:26:38.989+0800: 19202.614: [GC (Allocation Failure) 2020-03-19T14:26:38.990+0800: 19202.614: [ParNew: 160198K->2787K(176960K), 0.0181285 secs] 306155K->148762K(414236K), 0.0187430 secs] [Times: user=0.03 sys=0.00, real=0.02 secs] 
2020-03-19T14:26:44.816+0800: 19208.441: [GC (Allocation Failure) 2020-03-19T14:26:44.816+0800: 19208.441: [ParNew: 160099K->3780K(176960K), 0.0176315 secs] 306074K->149775K(414236K), 0.0180210 secs] [Times: user=0.02 sys=0.00, real=0.02 secs] 
2020-03-19T14:26:50.055+0800: 19213.680: [GC (Allocation Failure) 2020-03-19T14:26:50.056+0800: 19213.680: [ParNew: 161092K->2247K(176960K), 0.0220738 secs] 307087K->148264K(414236K), 0.0224449 secs] [Times: user=0.02 sys=0.01, real=0.02 secs] 
2020-03-19T14:26:56.575+0800: 19220.200: [GC (Allocation Failure) 2020-03-19T14:26:56.575+0800: 19220.200: [ParNew: 159559K->2025K(176960K), 0.0152399 secs] 305576K->148065K(414236K), 0.0156286 secs] [Times: user=0.04 sys=0.00, real=0.02 secs] 
2020-03-19T14:27:01.019+0800: 19224.644: [GC (Allocation Failure) 2020-03-19T14:27:01.019+0800: 19224.644: [ParNew: 159337K->2822K(176960K), 0.0368103 secs] 305377K->148878K(414236K), 0.0372223 secs] [Times: user=0.04 sys=0.00, real=0.03 secs] 
2020-03-19T14:27:06.539+0800: 19230.164: [GC (Allocation Failure) 2020-03-19T14:27:06.540+0800: 19230.164: [ParNew: 160134K->2322K(176960K), 0.0273515 secs] 306190K->148395K(414236K), 0.0279356 secs] [Times: user=0.02 sys=0.00, real=0.03 secs] 
2020-03-19T14:27:13.682+0800: 19237.307: [GC (Allocation Failure) 2020-03-19T14:27:13.683+0800: 19237.307: [ParNew: 159634K->2997K(176960K), 0.0210595 secs] 305707K->149090K(414236K), 0.0213993 secs] [Times: user=0.02 sys=0.00, real=0.02 secs] 
2020-03-19T14:27:17.574+0800: 19241.198: [GC (Allocation Failure) 2020-03-19T14:27:17.574+0800: 19241.199: [ParNew: 160309K->2810K(176960K), 0.0142849 secs] 306402K->148926K(414236K), 0.0147247 secs] [Times: user=0.03 sys=0.00, real=0.02 secs] 
2020-03-19T14:27:24.560+0800: 19248.185: [GC (Allocation Failure) 2020-03-19T14:27:24.561+0800: 19248.185: [ParNew: 160122K->2847K(176960K), 0.0258126 secs] 306238K->148983K(414236K), 0.0261578 secs] [Times: user=0.02 sys=0.01, real=0.03 secs] 
2020-03-19T14:27:30.759+0800: 19254.383: [GC (Allocation Failure) 2020-03-19T14:27:30.759+0800: 19254.383: [ParNew: 160159K->3687K(176960K), 0.0155512 secs] 306295K->149835K(414236K), 0.0159287 secs] [Times: user=0.03 sys=0.00, real=0.01 secs] 
2020-03-19T14:27:36.039+0800: 19259.663: [GC (Allocation Failure) 2020-03-19T14:27:36.039+0800: 19259.663: [ParNew: 160999K->2227K(176960K), 0.0182598 secs] 307147K->148390K(414236K), 0.0187807 secs] [Times: user=0.03 sys=0.00, real=0.01 secs] 
2020-03-19T14:27:43.327+0800: 19266.951: [GC (Allocation Failure) 2020-03-19T14:27:43.327+0800: 19266.952: [ParNew: 159539K->2986K(176960K), 0.0170049 secs] 305702K->149170K(414236K), 0.0174099 secs] [Times: user=0.03 sys=0.00, real=0.01 secs] 
2020-03-19T14:27:45.510+0800: 19269.134: [GC (Allocation Failure) 2020-03-19T14:27:45.510+0800: 19269.134: [ParNew: 160298K->3820K(176960K), 0.0213662 secs] 306482K->150026K(414236K), 0.0217519 secs] [Times: user=0.03 sys=0.00, real=0.02 secs] 
2020-03-19T14:27:51.025+0800: 19274.649: [GC (Allocation Failure) 2020-03-19T14:27:51.025+0800: 19274.649: [ParNew: 161132K->3120K(176960K), 0.0304146 secs] 307338K->149346K(414236K), 0.0309152 secs] [Times: user=0.04 sys=0.00, real=0.03 secs] 
2020-03-19T14:27:56.808+0800: 19280.432: [GC (Allocation Failure) 2020-03-19T14:27:56.808+0800: 19280.433: [ParNew: 160432K->3261K(176960K), 0.0148302 secs] 306658K->149506K(414236K), 0.0152224 secs] [Times: user=0.03 sys=0.00, real=0.01 secs] 
2020-03-19T14:28:00.777+0800: 19284.402: [GC (Allocation Failure) 2020-03-19T14:28:00.777+0800: 19284.402: [ParNew: 160573K->3521K(176960K), 0.0160216 secs] 306818K->149782K(414236K), 0.0166288 secs] [Times: user=0.03 sys=0.01, real=0.02 secs] 
2020-03-19T14:28:05.822+0800: 19289.447: [GC (Allocation Failure) 2020-03-19T14:28:05.822+0800: 19289.447: [ParNew: 160833K->5392K(176960K), 0.0155713 secs] 307094K->151676K(414236K), 0.0159879 secs] [Times: user=0.02 sys=0.00, real=0.02 secs] 
2020-03-19T14:28:12.578+0800: 19296.203: [GC (Allocation Failure) 2020-03-19T14:28:12.578+0800: 19296.203: [ParNew: 162704K->2779K(176960K), 0.0712692 secs] 308988K->149088K(414236K), 0.0717105 secs] [Times: user=0.04 sys=0.00, real=0.07 secs] 
2020-03-19T14:28:15.772+0800: 19299.396: [GC (Allocation Failure) 2020-03-19T14:28:15.772+0800: 19299.397: [ParNew: 160091K->4963K(176960K), 0.0183705 secs] 306400K->151290K(414236K), 0.0187527 secs] [Times: user=0.03 sys=0.01, real=0.02 secs] 
2020-03-19T14:28:22.622+0800: 19306.246: [GC (Allocation Failure) 2020-03-19T14:28:22.622+0800: 19306.247: [ParNew: 162275K->3503K(176960K), 0.0430919 secs] 308602K->149844K(414236K), 0.0436184 secs] [Times: user=0.03 sys=0.00, real=0.04 secs] 
2020-03-19T14:28:29.395+0800: 19313.020: [GC (Allocation Failure) 2020-03-19T14:28:29.396+0800: 19313.020: [ParNew: 160815K->4474K(176960K), 0.0154128 secs] 307156K->150831K(414236K), 0.0157876 secs] [Times: user=0.04 sys=0.00, real=0.02 secs] 
2020-03-19T14:28:34.806+0800: 19318.431: [GC (Allocation Failure) 2020-03-19T14:28:34.807+0800: 19318.431: [ParNew: 161786K->3735K(176960K), 0.0228552 secs] 308143K->150113K(414236K), 0.0234971 secs] [Times: user=0.03 sys=0.01, real=0.02 secs] 
2020-03-19T14:28:41.277+0800: 19324.901: [GC (Allocation Failure) 2020-03-19T14:28:41.277+0800: 19324.902: [ParNew: 161047K->3264K(176960K), 0.0173448 secs] 307425K->149660K(414236K), 0.0177253 secs] [Times: user=0.03 sys=0.00, real=0.02 secs] 
2020-03-19T14:28:45.781+0800: 19329.406: [GC (Allocation Failure) 2020-03-19T14:28:45.781+0800: 19329.406: [ParNew: 160576K->3602K(176960K), 0.0273985 secs] 306972K->150022K(414236K), 0.0278433 secs] [Times: user=0.04 sys=0.00, real=0.03 secs] 
2020-03-19T14:28:52.618+0800: 19336.243: [GC (Allocation Failure) 2020-03-19T14:28:52.618+0800: 19336.243: [ParNew: 160914K->2865K(176960K), 0.0307599 secs] 307334K->149302K(414236K), 0.0312351 secs] [Times: user=0.03 sys=0.01, real=0.03 secs] 
2020-03-19T14:28:59.150+0800: 19342.774: [GC (Allocation Failure) 2020-03-19T14:28:59.150+0800: 19342.774: [ParNew: 160177K->3768K(176960K), 0.0346909 secs] 306614K->150220K(414236K), 0.0352011 secs] [Times: user=0.04 sys=0.00, real=0.03 secs] 
2020-03-19T14:29:03.386+0800: 19347.010: [GC (Allocation Failure) 2020-03-19T14:29:03.387+0800: 19347.012: [ParNew: 161080K->2529K(176960K), 0.0259139 secs] 307532K->149047K(414236K), 0.0275082 secs] [Times: user=0.02 sys=0.00, real=0.03 secs] 
2020-03-19T14:29:09.075+0800: 19352.700: [GC (Allocation Failure) 2020-03-19T14:29:09.075+0800: 19352.700: [ParNew: 159841K->3587K(176960K), 0.0171207 secs] 306359K->150212K(414236K), 0.0175573 secs] [Times: user=0.03 sys=0.00, real=0.02 secs] 
2020-03-19T14:29:14.814+0800: 19358.438: [GC (Allocation Failure) 2020-03-19T14:29:14.814+0800: 19358.438: [ParNew: 160899K->3532K(176960K), 0.0200125 secs] 307524K->150612K(414236K), 0.0204965 secs] [Times: user=0.03 sys=0.00, real=0.02 secs] 
2020-03-19T14:29:20.147+0800: 19363.772: [GC (Allocation Failure) 2020-03-19T14:29:20.148+0800: 19363.772: [ParNew: 160844K->3539K(176960K), 0.0299524 secs] 307924K->150635K(414236K), 0.0305489 secs] [Times: user=0.02 sys=0.00, real=0.03 secs] 
2020-03-19T14:29:27.109+0800: 19370.734: [GC (Allocation Failure) 2020-03-19T14:29:27.109+0800: 19370.734: [ParNew: 160851K->2006K(176960K), 0.0198377 secs] 307947K->149114K(414236K), 0.0202116 secs] [Times: user=0.03 sys=0.00, real=0.02 secs] 
2020-03-19T14:29:33.108+0800: 19376.733: [GC (Allocation Failure) 2020-03-19T14:29:33.109+0800: 19376.733: [ParNew: 159318K->2661K(176960K), 0.0185681 secs] 306426K->149801K(414236K), 0.0189834 secs] [Times: user=0.03 sys=0.00, real=0.02 secs] 
2020-03-19T14:29:39.083+0800: 19382.707: [GC (Allocation Failure) 2020-03-19T14:29:39.083+0800: 19382.708: [ParNew: 159973K->2731K(176960K), 0.0214769 secs] 307113K->149900K(414236K), 0.0218708 secs] [Times: user=0.02 sys=0.00, real=0.02 secs] 
2020-03-19T14:29:44.847+0800: 19388.472: [GC (Allocation Failure) 2020-03-19T14:29:44.847+0800: 19388.472: [ParNew: 160043K->3737K(176960K), 0.0165685 secs] 307212K->150922K(414236K), 0.0169216 secs] [Times: user=0.03 sys=0.00, real=0.01 secs] 
2020-03-19T14:29:50.336+0800: 19393.960: [GC (Allocation Failure) 2020-03-19T14:29:50.336+0800: 19393.961: [ParNew: 161049K->2238K(176960K), 0.0147870 secs] 308234K->149447K(414236K), 0.0151959 secs] [Times: user=0.03 sys=0.00, real=0.02 secs] 
2020-03-19T14:29:56.833+0800: 19400.457: [GC (Allocation Failure) 2020-03-19T14:29:56.833+0800: 19400.458: [ParNew: 159550K->2019K(176960K), 0.0145547 secs] 306759K->149249K(414236K), 0.0149445 secs] [Times: user=0.03 sys=0.00, real=0.02 secs] 
2020-03-19T14:30:01.147+0800: 19404.772: [GC (Allocation Failure) 2020-03-19T14:30:01.148+0800: 19404.772: [ParNew: 159331K->2800K(176960K), 0.0270470 secs] 306561K->150048K(414236K), 0.0275913 secs] [Times: user=0.04 sys=0.00, real=0.02 secs] 
2020-03-19T14:30:06.575+0800: 19410.200: [GC (Allocation Failure) 2020-03-19T14:30:06.575+0800: 19410.200: [ParNew: 160112K->2312K(176960K), 0.0147767 secs] 307360K->149579K(414236K), 0.0151758 secs] [Times: user=0.03 sys=0.00, real=0.02 secs] 
2020-03-19T14:30:13.687+0800: 19417.312: [GC (Allocation Failure) 2020-03-19T14:30:13.687+0800: 19417.312: [ParNew: 159624K->2015K(176960K), 0.0155816 secs] 306891K->149302K(414236K), 0.0159869 secs] [Times: user=0.03 sys=0.00, real=0.01 secs] 
2020-03-19T14:30:17.892+0800: 19421.516: [GC (Allocation Failure) 2020-03-19T14:30:17.892+0800: 19421.517: [ParNew: 159327K->1877K(176960K), 0.0162400 secs] 306614K->149190K(414236K), 0.0166922 secs] [Times: user=0.03 sys=0.00, real=0.02 secs] 
2020-03-19T14:30:25.148+0800: 19428.773: [GC (Allocation Failure) 2020-03-19T14:30:25.148+0800: 19428.773: [ParNew: 159189K->1915K(176960K), 0.0188195 secs] 306502K->149247K(414236K), 0.0191780 secs] [Times: user=0.02 sys=0.00, real=0.02 secs] 
2020-03-19T14:30:30.803+0800: 19434.428: [GC (Allocation Failure) 2020-03-19T14:30:30.804+0800: 19434.428: [ParNew: 159227K->2747K(176960K), 0.0366366 secs] 306559K->150091K(414236K), 0.0371872 secs] [Times: user=0.03 sys=0.00, real=0.04 secs] 
2020-03-19T14:30:36.575+0800: 19440.199: [GC (Allocation Failure) 2020-03-19T14:30:36.575+0800: 19440.200: [ParNew: 160059K->2300K(176960K), 0.0144052 secs] 307403K->149661K(414236K), 0.0149082 secs] [Times: user=0.03 sys=0.00, real=0.02 secs] 
2020-03-19T14:30:43.850+0800: 19447.474: [GC (Allocation Failure) 2020-03-19T14:30:43.850+0800: 19447.475: [ParNew: 159612K->2982K(176960K), 0.0146814 secs] 306973K->150365K(414236K), 0.0151367 secs] [Times: user=0.02 sys=0.00, real=0.01 secs] 
2020-03-19T14:30:48.231+0800: 19451.856: [GC (Allocation Failure) 2020-03-19T14:30:48.232+0800: 19451.856: [ParNew: 160294K->2796K(176960K), 0.0204595 secs] 307677K->150202K(414236K), 0.0209209 secs] [Times: user=0.02 sys=0.01, real=0.02 secs] 
2020-03-19T14:30:54.799+0800: 19458.423: [GC (Allocation Failure) 2020-03-19T14:30:54.799+0800: 19458.424: [ParNew: 160108K->2843K(176960K), 0.0318713 secs] 307514K->150268K(414236K), 0.0325130 secs] [Times: user=0.03 sys=0.00, real=0.03 secs] 
2020-03-19T14:31:00.079+0800: 19463.703: [GC (Allocation Failure) 2020-03-19T14:31:00.079+0800: 19463.703: [ParNew: 160155K->2759K(176960K), 0.0179967 secs] 307580K->150201K(414236K), 0.0183561 secs] [Times: user=0.03 sys=0.00, real=0.01 secs] 
2020-03-19T14:31:05.504+0800: 19469.129: [GC (Allocation Failure) 2020-03-19T14:31:05.504+0800: 19469.129: [ParNew: 160071K->3420K(176960K), 0.0170517 secs] 307513K->150879K(414236K), 0.0174220 secs] [Times: user=0.03 sys=0.00, real=0.02 secs] 
2020-03-19T14:31:11.893+0800: 19475.518: [GC (Allocation Failure) 2020-03-19T14:31:11.894+0800: 19475.518: [ParNew: 160732K->2491K(176960K), 0.0143093 secs] 308191K->149973K(414236K), 0.0147234 secs] [Times: user=0.03 sys=0.00, real=0.02 secs] 
2020-03-19T14:31:15.907+0800: 19479.532: [GC (Allocation Failure) 2020-03-19T14:31:15.907+0800: 19479.532: [ParNew: 159803K->2608K(176960K), 0.0160863 secs] 307285K->150112K(414236K), 0.0164433 secs] [Times: user=0.03 sys=0.00, real=0.01 secs] 
2020-03-19T14:31:23.233+0800: 19486.858: [GC (Allocation Failure) 2020-03-19T14:31:23.233+0800: 19486.858: [ParNew: 159920K->2265K(176960K), 0.0153367 secs] 307424K->149785K(414236K), 0.0156919 secs] [Times: user=0.02 sys=0.00, real=0.02 secs] 
2020-03-19T14:31:29.795+0800: 19493.420: [GC (Allocation Failure) 2020-03-19T14:31:29.796+0800: 19493.420: [ParNew: 159577K->2884K(176960K), 0.0188895 secs] 307097K->150419K(414236K), 0.0192775 secs] [Times: user=0.03 sys=0.00, real=0.02 secs] 
2020-03-19T14:31:35.331+0800: 19498.956: [GC (Allocation Failure) 2020-03-19T14:31:35.331+0800: 19498.956: [ParNew: 160196K->2259K(176960K), 0.0149427 secs] 307731K->149808K(414236K), 0.0152943 secs] [Times: user=0.03 sys=0.00, real=0.02 secs] 
2020-03-19T14:31:41.895+0800: 19505.520: [GC (Allocation Failure) 2020-03-19T14:31:41.895+0800: 19505.520: [ParNew: 159571K->1927K(176960K), 0.0164225 secs] 307120K->149500K(414236K), 0.0168827 secs] [Times: user=0.02 sys=0.00, real=0.02 secs] 
2020-03-19T14:31:46.227+0800: 19509.851: [GC (Allocation Failure) 2020-03-19T14:31:46.227+0800: 19509.852: [ParNew: 159239K->2872K(176960K), 0.0256281 secs] 306812K->150462K(414236K), 0.0261206 secs] [Times: user=0.03 sys=0.00, real=0.02 secs] 
2020-03-19T14:31:53.219+0800: 19516.843: [GC (Allocation Failure) 2020-03-19T14:31:53.219+0800: 19516.844: [ParNew: 160184K->2865K(176960K), 0.0152426 secs] 307774K->150479K(414236K), 0.0156668 secs] [Times: user=0.03 sys=0.00, real=0.01 secs] 
2020-03-19T14:31:59.772+0800: 19523.396: [GC (Allocation Failure) 2020-03-19T14:31:59.772+0800: 19523.396: [ParNew: 160177K->3688K(176960K), 0.0198776 secs] 307791K->151320K(414236K), 0.0202324 secs] [Times: user=0.03 sys=0.00, real=0.02 secs] 
2020-03-19T14:32:03.688+0800: 19527.313: [GC (Allocation Failure) 2020-03-19T14:32:03.689+0800: 19527.313: [ParNew: 161000K->2500K(176960K), 0.0186206 secs] 308632K->150148K(414236K), 0.0190135 secs] [Times: user=0.02 sys=0.00, real=0.02 secs] 
2020-03-19T14:32:09.562+0800: 19533.187: [GC (Allocation Failure) 2020-03-19T14:32:09.562+0800: 19533.187: [ParNew: 159812K->2537K(176960K), 0.0182298 secs] 307460K->150209K(414236K), 0.0186484 secs] [Times: user=0.02 sys=0.01, real=0.02 secs] 
2020-03-19T14:32:15.240+0800: 19538.864: [GC (Allocation Failure) 2020-03-19T14:32:15.240+0800: 19538.864: [ParNew: 159849K->3657K(176960K), 0.0278260 secs] 307521K->151350K(414236K), 0.0283028 secs] [Times: user=0.03 sys=0.00, real=0.03 secs] 
2020-03-19T14:32:21.041+0800: 19544.666: [GC (Allocation Failure) 2020-03-19T14:32:21.041+0800: 19544.666: [ParNew: 160969K->2219K(176960K), 0.0238409 secs] 308662K->149933K(414236K), 0.0243409 secs] [Times: user=0.02 sys=0.00, real=0.02 secs] 
2020-03-19T14:32:27.637+0800: 19551.261: [GC (Allocation Failure) 2020-03-19T14:32:27.637+0800: 19551.262: [ParNew: 159531K->2000K(176960K), 0.0184846 secs] 307245K->149731K(414236K), 0.0188765 secs] [Times: user=0.03 sys=0.00, real=0.02 secs] 
2020-03-19T14:32:33.611+0800: 19557.235: [GC (Allocation Failure) 2020-03-19T14:32:33.611+0800: 19557.235: [ParNew: 159312K->2868K(176960K), 0.0151028 secs] 307043K->150614K(414236K), 0.0155540 secs] [Times: user=0.02 sys=0.00, real=0.02 secs] 
2020-03-19T14:32:39.602+0800: 19563.227: [GC (Allocation Failure) 2020-03-19T14:32:39.603+0800: 19563.227: [ParNew: 160180K->2764K(176960K), 0.0190678 secs] 307926K->150528K(414236K), 0.0194989 secs] [Times: user=0.02 sys=0.00, real=0.02 secs] 
2020-03-19T14:32:45.298+0800: 19568.922: [GC (Allocation Failure) 2020-03-19T14:32:45.298+0800: 19568.922: [ParNew: 160076K->3743K(176960K), 0.0263954 secs] 307840K->151523K(414236K), 0.0274276 secs] [Times: user=0.03 sys=0.00, real=0.03 secs] 
2020-03-19T14:32:51.095+0800: 19574.719: [GC (Allocation Failure) 2020-03-19T14:32:51.095+0800: 19574.719: [ParNew: 161055K->2246K(176960K), 0.0298669 secs] 308835K->150050K(414236K), 0.0302923 secs] [Times: user=0.02 sys=0.00, real=0.03 secs] 
2020-03-19T14:32:56.893+0800: 19580.517: [GC (Allocation Failure) 2020-03-19T14:32:56.893+0800: 19580.517: [ParNew: 159558K->2997K(176960K), 0.0245283 secs] 307362K->150820K(414236K), 0.0249321 secs] [Times: user=0.03 sys=0.00, real=0.02 secs] 
2020-03-19T14:33:01.528+0800: 19585.153: [GC (Allocation Failure) 2020-03-19T14:33:01.529+0800: 19585.153: [ParNew: 160309K->1888K(176960K), 0.0237795 secs] 308132K->149729K(414236K), 0.0242162 secs] [Times: user=0.02 sys=0.01, real=0.02 secs] 
2020-03-19T14:33:06.543+0800: 19590.167: [GC (Allocation Failure) 2020-03-19T14:33:06.543+0800: 19590.167: [ParNew: 159200K->3795K(176960K), 0.0146651 secs] 307041K->151655K(414236K), 0.0150388 secs] [Times: user=0.02 sys=0.00, real=0.01 secs] 
2020-03-19T14:33:13.570+0800: 19597.195: [GC (Allocation Failure) 2020-03-19T14:33:13.571+0800: 19597.195: [ParNew: 161107K->2508K(176960K), 0.0294776 secs] 308967K->150388K(414236K), 0.0299973 secs] [Times: user=0.03 sys=0.00, real=0.03 secs] 
2020-03-19T14:33:16.894+0800: 19600.519: [GC (Allocation Failure) 2020-03-19T14:33:16.895+0800: 19600.519: [ParNew: 159820K->3539K(176960K), 0.0147077 secs] 307700K->151441K(414236K), 0.0150843 secs] [Times: user=0.02 sys=0.01, real=0.02 secs] 
2020-03-19T14:33:23.965+0800: 19607.589: [GC (Allocation Failure) 2020-03-19T14:33:23.965+0800: 19607.589: [ParNew: 160851K->2435K(176960K), 0.0348309 secs] 308753K->150357K(414236K), 0.0352760 secs] [Times: user=0.04 sys=0.00, real=0.04 secs] 
2020-03-19T14:33:29.808+0800: 19613.433: [GC (Allocation Failure) 2020-03-19T14:33:29.808+0800: 19613.433: [ParNew: 159747K->3524K(176960K), 0.0235806 secs] 307669K->151457K(414236K), 0.0239054 secs] [Times: user=0.03 sys=0.00, real=0.02 secs] 
2020-03-19T14:33:35.540+0800: 19619.164: [GC (Allocation Failure) 2020-03-19T14:33:35.540+0800: 19619.164: [ParNew: 160836K->3576K(176960K), 0.0220018 secs] 308769K->151527K(414236K), 0.0224402 secs] [Times: user=0.02 sys=0.00, real=0.02 secs] 
2020-03-19T14:33:42.015+0800: 19625.640: [GC (Allocation Failure) 2020-03-19T14:33:42.016+0800: 19625.640: [ParNew: 160888K->2636K(176960K), 0.0150522 secs] 308839K->150610K(414236K), 0.0155011 secs] [Times: user=0.03 sys=0.00, real=0.02 secs] 
2020-03-19T14:33:45.772+0800: 19629.397: [GC (Allocation Failure) 2020-03-19T14:33:45.773+0800: 19629.397: [ParNew: 159948K->2764K(176960K), 0.0157375 secs] 307922K->150759K(414236K), 0.0161749 secs] [Times: user=0.03 sys=0.00, real=0.02 secs] 
2020-03-19T14:33:52.634+0800: 19636.259: [GC (Allocation Failure) 2020-03-19T14:33:52.634+0800: 19636.259: [ParNew: 160076K->3517K(176960K), 0.0234576 secs] 308071K->151532K(414236K), 0.0239681 secs] [Times: user=0.02 sys=0.01, real=0.03 secs] 
2020-03-19T14:33:58.369+0800: 19641.994: [GC (Allocation Failure) 2020-03-19T14:33:58.369+0800: 19641.994: [ParNew: 160829K->2720K(176960K), 0.0145810 secs] 308844K->150753K(414236K), 0.0149894 secs] [Times: user=0.03 sys=0.00, real=0.01 secs] 
2020-03-19T14:34:02.745+0800: 19646.369: [GC (Allocation Failure) 2020-03-19T14:34:02.745+0800: 19646.370: [ParNew: 160032K->2782K(176960K), 0.0208644 secs] 308065K->150833K(414236K), 0.0212913 secs] [Times: user=0.03 sys=0.00, real=0.03 secs] 
2020-03-19T14:34:08.072+0800: 19651.696: [GC (Allocation Failure) 2020-03-19T14:34:08.072+0800: 19651.696: [ParNew: 160094K->2877K(176960K), 0.0145036 secs] 308145K->150951K(414236K), 0.0148788 secs] [Times: user=0.03 sys=0.00, real=0.02 secs] 
2020-03-19T14:34:14.455+0800: 19658.080: [GC (Allocation Failure) 2020-03-19T14:34:14.456+0800: 19658.080: [ParNew: 160189K->2982K(176960K), 0.0157120 secs] 308263K->151078K(414236K), 0.0160859 secs] [Times: user=0.02 sys=0.00, real=0.02 secs] 
2020-03-19T14:34:19.148+0800: 19662.773: [GC (Allocation Failure) 2020-03-19T14:34:19.149+0800: 19662.773: [ParNew: 160294K->2938K(176960K), 0.0298174 secs] 308390K->151054K(414236K), 0.0304007 secs] [Times: user=0.02 sys=0.00, real=0.03 secs] 
2020-03-19T14:34:25.762+0800: 19669.386: [GC (Allocation Failure) 2020-03-19T14:34:25.762+0800: 19669.386: [ParNew: 160250K->3046K(176960K), 0.0153922 secs] 308366K->151175K(414236K), 0.0157646 secs] [Times: user=0.03 sys=0.00, real=0.01 secs] 
2020-03-19T14:34:31.573+0800: 19675.197: [GC (Allocation Failure) 2020-03-19T14:34:31.573+0800: 19675.198: [ParNew: 160358K->2948K(176960K), 0.0239048 secs] 308487K->151184K(414236K), 0.0243586 secs] [Times: user=0.04 sys=0.00, real=0.02 secs] 
2020-03-19T14:34:37.309+0800: 19680.934: [GC (Allocation Failure) 2020-03-19T14:34:37.309+0800: 19680.934: [ParNew: 160260K->2964K(176960K), 0.0236854 secs] 308496K->151222K(414236K), 0.0241650 secs] [Times: user=0.03 sys=0.00, real=0.02 secs] 
2020-03-19T14:34:44.204+0800: 19687.829: [GC (Allocation Failure) 2020-03-19T14:34:44.204+0800: 19687.829: [ParNew: 160276K->2900K(176960K), 0.0158672 secs] 308534K->151176K(414236K), 0.0163172 secs] [Times: user=0.03 sys=0.00, real=0.02 secs] 
2020-03-19T14:34:48.689+0800: 19692.313: [GC (Allocation Failure) 2020-03-19T14:34:48.689+0800: 19692.314: [ParNew: 160212K->2831K(176960K), 0.0202888 secs] 308488K->151126K(414236K), 0.0207119 secs] [Times: user=0.03 sys=0.00, real=0.02 secs] 
2020-03-19T14:34:55.002+0800: 19698.627: [GC (Allocation Failure) 2020-03-19T14:34:55.002+0800: 19698.627: [ParNew: 160143K->2927K(176960K), 0.0152447 secs] 308438K->151248K(414236K), 0.0155860 secs] [Times: user=0.02 sys=0.01, real=0.01 secs] 
2020-03-19T14:35:00.085+0800: 19703.709: [GC (Allocation Failure) 2020-03-19T14:35:00.085+0800: 19703.709: [ParNew: 160239K->3751K(176960K), 0.0167055 secs] 308560K->152091K(414236K), 0.0170958 secs] [Times: user=0.03 sys=0.00, real=0.02 secs] 
2020-03-19T14:35:05.658+0800: 19709.282: [GC (Allocation Failure) 2020-03-19T14:35:05.658+0800: 19709.283: [ParNew: 161063K->2337K(176960K), 0.0145212 secs] 309403K->150695K(414236K), 0.0148918 secs] [Times: user=0.02 sys=0.00, real=0.02 secs] 
2020-03-19T14:35:07.991+0800: 19711.615: [GC (Allocation Failure) 2020-03-19T14:35:07.991+0800: 19711.615: [ParNew: 159649K->5888K(176960K), 0.0225822 secs] 308007K->154265K(414236K), 0.0229983 secs] [Times: user=0.03 sys=0.00, real=0.02 secs] 
2020-03-19T14:35:08.665+0800: 19712.289: [GC (Allocation Failure) 2020-03-19T14:35:08.665+0800: 19712.290: [ParNew: 163200K->8396K(176960K), 0.0223614 secs] 311577K->156795K(414236K), 0.0227626 secs] [Times: user=0.03 sys=0.00, real=0.03 secs] 
2020-03-19T14:35:09.187+0800: 19712.811: [GC (Allocation Failure) 2020-03-19T14:35:09.187+0800: 19712.811: [ParNew: 165708K->9721K(176960K), 0.0451046 secs] 314107K->158146K(414236K), 0.0456065 secs] [Times: user=0.04 sys=0.00, real=0.04 secs] 
2020-03-19T14:35:13.226+0800: 19716.850: [GC (Allocation Failure) 2020-03-19T14:35:13.226+0800: 19716.850: [ParNew: 167033K->5588K(176960K), 0.0226081 secs] 315458K->154025K(414236K), 0.0231572 secs] [Times: user=0.03 sys=0.00, real=0.03 secs] 
2020-03-19T14:35:16.840+0800: 19720.465: [GC (Allocation Failure) 2020-03-19T14:35:16.841+0800: 19720.465: [ParNew: 162900K->2802K(176960K), 0.0212299 secs] 311337K->151255K(414236K), 0.0216550 secs] [Times: user=0.02 sys=0.01, real=0.02 secs] 
2020-03-19T14:35:23.654+0800: 19727.278: [GC (Allocation Failure) 2020-03-19T14:35:23.654+0800: 19727.278: [ParNew: 160114K->2963K(176960K), 0.0150953 secs] 308567K->151440K(414236K), 0.0154427 secs] [Times: user=0.03 sys=0.00, real=0.02 secs] 
2020-03-19T14:35:27.772+0800: 19731.396: [GC (Allocation Failure) 2020-03-19T14:35:27.772+0800: 19731.396: [ParNew: 160275K->3025K(176960K), 0.0601396 secs] 308752K->151522K(414236K), 0.0606522 secs] [Times: user=0.03 sys=0.00, real=0.06 secs] 
2020-03-19T14:35:31.893+0800: 19735.517: [GC (Allocation Failure) 2020-03-19T14:35:31.893+0800: 19735.517: [ParNew: 160337K->3349K(176960K), 0.0152332 secs] 308834K->151867K(414236K), 0.0156054 secs] [Times: user=0.04 sys=0.00, real=0.02 secs] 
2020-03-19T14:35:37.659+0800: 19741.283: [GC (Allocation Failure) 2020-03-19T14:35:37.659+0800: 19741.283: [ParNew: 160661K->3365K(176960K), 0.0148939 secs] 309179K->151900K(414236K), 0.0152403 secs] [Times: user=0.03 sys=0.00, real=0.01 secs] 
2020-03-19T14:35:44.143+0800: 19747.768: [GC (Allocation Failure) 2020-03-19T14:35:44.144+0800: 19747.768: [ParNew: 160677K->3356K(176960K), 0.0155132 secs] 309212K->151909K(414236K), 0.0159879 secs] [Times: user=0.02 sys=0.00, real=0.02 secs] 
2020-03-19T14:35:48.095+0800: 19751.719: [GC (Allocation Failure) 2020-03-19T14:35:48.095+0800: 19751.720: [ParNew: 160668K->3292K(176960K), 0.0228795 secs] 309221K->151870K(414236K), 0.0232402 secs] [Times: user=0.02 sys=0.00, real=0.03 secs] 
2020-03-19T14:35:54.458+0800: 19758.082: [GC (Allocation Failure) 2020-03-19T14:35:54.458+0800: 19758.083: [ParNew: 160604K->3341K(176960K), 0.0177074 secs] 309182K->151939K(414236K), 0.0180549 secs] [Times: user=0.03 sys=0.00, real=0.02 secs] 
2020-03-19T14:36:00.062+0800: 19763.687: [GC (Allocation Failure) 2020-03-19T14:36:00.063+0800: 19763.687: [ParNew: 160653K->4394K(176960K), 0.0161300 secs] 309251K->153013K(414236K), 0.0165417 secs] [Times: user=0.03 sys=0.00, real=0.02 secs] 
2020-03-19T14:36:05.338+0800: 19768.963: [GC (Allocation Failure) 2020-03-19T14:36:05.338+0800: 19768.963: [ParNew: 161706K->2646K(176960K), 0.0297278 secs] 310325K->151281K(414236K), 0.0303211 secs] [Times: user=0.04 sys=0.00, real=0.04 secs] 
2020-03-19T14:36:10.488+0800: 19774.113: [GC (Allocation Failure) 2020-03-19T14:36:10.489+0800: 19774.113: [ParNew: 159958K->3410K(176960K), 0.0146504 secs] 308593K->152060K(414236K), 0.0150228 secs] [Times: user=0.03 sys=0.00, real=0.01 secs] 
2020-03-19T14:36:15.639+0800: 19779.264: [GC (Allocation Failure) 2020-03-19T14:36:15.639+0800: 19779.264: [ParNew: 160722K->3396K(176960K), 0.0201744 secs] 309372K->152066K(414236K), 0.0206159 secs] [Times: user=0.03 sys=0.00, real=0.02 secs] 
2020-03-19T14:36:21.776+0800: 19785.400: [GC (Allocation Failure) 2020-03-19T14:36:21.776+0800: 19785.400: [ParNew: 160708K->3288K(176960K), 0.0251298 secs] 309378K->152055K(414236K), 0.0256274 secs] [Times: user=0.02 sys=0.00, real=0.03 secs] 
2020-03-19T14:36:27.637+0800: 19791.261: [GC (Allocation Failure) 2020-03-19T14:36:27.637+0800: 19791.262: [ParNew: 160600K->3252K(176960K), 0.0159200 secs] 309367K->152021K(414236K), 0.0162835 secs] [Times: user=0.03 sys=0.00, real=0.02 secs] 
2020-03-19T14:36:33.599+0800: 19797.223: [GC (Allocation Failure) 2020-03-19T14:36:33.599+0800: 19797.224: [ParNew: 160564K->3261K(176960K), 0.0147727 secs] 309333K->152040K(414236K), 0.0151833 secs] [Times: user=0.03 sys=0.00, real=0.01 secs] 
2020-03-19T14:36:39.453+0800: 19803.077: [GC (Allocation Failure) 2020-03-19T14:36:39.453+0800: 19803.078: [ParNew: 160573K->3186K(176960K), 0.0266304 secs] 309352K->151984K(414236K), 0.0270459 secs] [Times: user=0.03 sys=0.00, real=0.03 secs] 
2020-03-19T14:36:44.973+0800: 19808.598: [GC (Allocation Failure) 2020-03-19T14:36:44.974+0800: 19808.598: [ParNew: 160498K->3259K(176960K), 0.0167979 secs] 309296K->152096K(414236K), 0.0171666 secs] [Times: user=0.03 sys=0.00, real=0.02 secs] 
2020-03-19T14:36:50.670+0800: 19814.294: [GC (Allocation Failure) 2020-03-19T14:36:50.670+0800: 19814.294: [ParNew: 160571K->2510K(176960K), 0.0158759 secs] 309408K->151506K(414236K), 0.0163241 secs] [Times: user=0.03 sys=0.00, real=0.02 secs] 
2020-03-19T14:36:56.978+0800: 19820.603: [GC (Allocation Failure) 2020-03-19T14:36:56.979+0800: 19820.603: [ParNew: 159822K->3237K(176960K), 0.0151955 secs] 308818K->152360K(414236K), 0.0156500 secs] [Times: user=0.03 sys=0.00, real=0.01 secs] 
2020-03-19T14:37:01.437+0800: 19825.061: [GC (Allocation Failure) 2020-03-19T14:37:01.437+0800: 19825.062: [ParNew: 160549K->2460K(176960K), 0.0287653 secs] 309672K->151600K(414236K), 0.0293411 secs] [Times: user=0.02 sys=0.00, real=0.04 secs] 
2020-03-19T14:37:06.854+0800: 19830.479: [GC (Allocation Failure) 2020-03-19T14:37:06.854+0800: 19830.479: [ParNew: 159772K->3503K(176960K), 0.0156840 secs] 308912K->152665K(414236K), 0.0160986 secs] [Times: user=0.02 sys=0.00, real=0.02 secs] 
2020-03-19T14:37:14.033+0800: 19837.658: [GC (Allocation Failure) 2020-03-19T14:37:14.033+0800: 19837.658: [ParNew: 160815K->2330K(176960K), 0.0151415 secs] 309977K->151519K(414236K), 0.0155243 secs] [Times: user=0.03 sys=0.00, real=0.02 secs] 
2020-03-19T14:37:17.892+0800: 19841.516: [GC (Allocation Failure) 2020-03-19T14:37:17.892+0800: 19841.516: [ParNew: 159642K->2503K(176960K), 0.0143644 secs] 308831K->151712K(414236K), 0.0148276 secs] [Times: user=0.03 sys=0.00, real=0.02 secs] 
2020-03-19T14:37:24.924+0800: 19848.549: [GC (Allocation Failure) 2020-03-19T14:37:24.924+0800: 19848.549: [ParNew: 159815K->2785K(176960K), 0.0144972 secs] 309024K->152013K(414236K), 0.0148556 secs] [Times: user=0.03 sys=0.00, real=0.02 secs] 
2020-03-19T14:37:30.775+0800: 19854.400: [GC (Allocation Failure) 2020-03-19T14:37:30.776+0800: 19854.400: [ParNew: 160097K->3712K(176960K), 0.0191380 secs] 309325K->152954K(414236K), 0.0195788 secs] [Times: user=0.02 sys=0.00, real=0.02 secs] 
2020-03-19T14:37:36.552+0800: 19860.177: [GC (Allocation Failure) 2020-03-19T14:37:36.553+0800: 19860.177: [ParNew: 161024K->2325K(176960K), 0.0150917 secs] 310266K->151596K(414236K), 0.0154812 secs] [Times: user=0.03 sys=0.00, real=0.02 secs] 
2020-03-19T14:37:43.800+0800: 19867.425: [GC (Allocation Failure) 2020-03-19T14:37:43.801+0800: 19867.425: [ParNew: 159637K->3002K(176960K), 0.0156771 secs] 308908K->152292K(414236K), 0.0160860 secs] [Times: user=0.03 sys=0.00, real=0.01 secs] 
2020-03-19T14:37:48.196+0800: 19871.821: [GC (Allocation Failure) 2020-03-19T14:37:48.197+0800: 19871.821: [ParNew: 160314K->2819K(176960K), 0.0146322 secs] 309604K->152133K(414236K), 0.0154618 secs] [Times: user=0.02 sys=0.00, real=0.02 secs] 
2020-03-19T14:37:53.587+0800: 19877.211: [GC (Allocation Failure) 2020-03-19T14:37:53.587+0800: 19877.212: [ParNew: 160131K->5647K(176960K), 0.0179553 secs] 309445K->154980K(414236K), 0.0183609 secs] [Times: user=0.04 sys=0.00, real=0.01 secs] 
2020-03-19T14:37:54.112+0800: 19877.736: [GC (Allocation Failure) 2020-03-19T14:37:54.112+0800: 19877.736: [ParNew: 162959K->8561K(176960K), 0.0843774 secs] 312292K->157912K(414236K), 0.0849599 secs] [Times: user=0.05 sys=0.00, real=0.08 secs] 
2020-03-19T14:37:54.685+0800: 19878.310: [GC (Allocation Failure) 2020-03-19T14:37:54.686+0800: 19878.310: [ParNew: 165873K->9895K(176960K), 0.0532998 secs] 315224K->159264K(414236K), 0.0539852 secs] [Times: user=0.05 sys=0.00, real=0.06 secs] 
2020-03-19T14:37:56.023+0800: 19879.648: [GC (Allocation Failure) 2020-03-19T14:37:56.024+0800: 19879.648: [ParNew: 167207K->3701K(176960K), 0.0129487 secs] 316576K->153094K(414236K), 0.0132936 secs] [Times: user=0.03 sys=0.00, real=0.01 secs] 
2020-03-19T14:38:00.639+0800: 19884.263: [GC (Allocation Failure) 2020-03-19T14:38:00.640+0800: 19884.265: [ParNew: 161013K->2834K(176960K), 0.0354902 secs] 310406K->152248K(414236K), 0.0373455 secs] [Times: user=0.03 sys=0.00, real=0.03 secs] 
2020-03-19T14:38:01.467+0800: 19885.091: [GC (Allocation Failure) 2020-03-19T14:38:01.467+0800: 19885.092: [ParNew: 160146K->15136K(176960K), 0.0997893 secs] 309560K->164570K(414236K), 0.1002543 secs] [Times: user=0.08 sys=0.00, real=0.10 secs] 
2020-03-19T14:38:01.915+0800: 19885.540: [GC (Allocation Failure) 2020-03-19T14:38:01.916+0800: 19885.540: [ParNew: 172448K->10905K(176960K), 0.0583131 secs] 321882K->166157K(414236K), 0.0588258 secs] [Times: user=0.07 sys=0.00, real=0.06 secs] 
2020-03-19T14:38:02.373+0800: 19885.997: [GC (Allocation Failure) 2020-03-19T14:38:02.373+0800: 19885.998: [ParNew: 165163K->15436K(176960K), 0.0317097 secs] 320415K->170688K(414236K), 0.0323367 secs] [Times: user=0.05 sys=0.00, real=0.03 secs] 
2020-03-19T14:38:04.926+0800: 19888.551: [GC (Allocation Failure) 2020-03-19T14:38:04.927+0800: 19888.551: [ParNew: 172748K->4969K(176960K), 0.0260819 secs] 328000K->163829K(414236K), 0.0268432 secs] [Times: user=0.04 sys=0.00, real=0.03 secs] 
2020-03-19T14:38:10.223+0800: 19893.848: [GC (Allocation Failure) 2020-03-19T14:38:10.223+0800: 19893.848: [ParNew: 162281K->2002K(176960K), 0.0189784 secs] 321141K->160862K(414236K), 0.0193449 secs] [Times: user=0.02 sys=0.00, real=0.02 secs] 
2020-03-19T14:38:14.151+0800: 19897.776: [GC (Allocation Failure) 2020-03-19T14:38:14.152+0800: 19897.776: [ParNew: 159314K->2513K(176960K), 0.0140191 secs] 318174K->161374K(414236K), 0.0143884 secs] [Times: user=0.03 sys=0.00, real=0.01 secs] 
2020-03-19T14:38:16.831+0800: 19900.456: [GC (Allocation Failure) 2020-03-19T14:38:16.831+0800: 19900.456: [ParNew: 159825K->2919K(176960K), 0.0140036 secs] 318686K->161779K(414236K), 0.0143629 secs] [Times: user=0.02 sys=0.00, real=0.01 secs] 
2020-03-19T14:38:23.686+0800: 19907.310: [GC (Allocation Failure) 2020-03-19T14:38:23.686+0800: 19907.310: [ParNew: 160231K->3457K(176960K), 0.0164347 secs] 319091K->162318K(414236K), 0.0168115 secs] [Times: user=0.03 sys=0.00, real=0.02 secs] 
2020-03-19T14:38:29.148+0800: 19912.773: [GC (Allocation Failure) 2020-03-19T14:38:29.148+0800: 19912.773: [ParNew: 160769K->3451K(176960K), 0.0155956 secs] 319630K->162311K(414236K), 0.0160444 secs] [Times: user=0.03 sys=0.00, real=0.01 secs] 
2020-03-19T14:38:34.320+0800: 19917.945: [GC (Allocation Failure) 2020-03-19T14:38:34.320+0800: 19917.945: [ParNew: 160763K->4124K(176960K), 0.0218892 secs] 319623K->162984K(414236K), 0.0223710 secs] [Times: user=0.04 sys=0.00, real=0.02 secs] 
2020-03-19T14:38:39.804+0800: 19923.429: [GC (Allocation Failure) 2020-03-19T14:38:39.804+0800: 19923.429: [ParNew: 161436K->4294K(176960K), 0.0170947 secs] 320296K->163154K(414236K), 0.0175129 secs] [Times: user=0.03 sys=0.00, real=0.02 secs] 
2020-03-19T14:38:45.146+0800: 19928.771: [GC (Allocation Failure) 2020-03-19T14:38:45.147+0800: 19928.771: [ParNew: 161606K->5961K(176960K), 0.0281281 secs] 320466K->164822K(414236K), 0.0286514 secs] [Times: user=0.03 sys=0.00, real=0.02 secs] 
2020-03-19T14:38:49.630+0800: 19933.254: [GC (Allocation Failure) 2020-03-19T14:38:49.630+0800: 19933.255: [ParNew: 163273K->4097K(176960K), 0.0257626 secs] 322134K->162958K(414236K), 0.0263173 secs] [Times: user=0.04 sys=0.00, real=0.02 secs] 
2020-03-19T14:38:54.686+0800: 19938.310: [GC (Allocation Failure) 2020-03-19T14:38:54.686+0800: 19938.311: [ParNew: 161409K->5641K(176960K), 0.0186378 secs] 320270K->164501K(414236K), 0.0190444 secs] [Times: user=0.04 sys=0.00, real=0.02 secs] 
2020-03-19T14:38:55.282+0800: 19938.907: [GC (Allocation Failure) 2020-03-19T14:38:55.282+0800: 19938.907: [ParNew: 162953K->12930K(176960K), 0.0566290 secs] 321813K->171791K(414236K), 0.0570288 secs] [Times: user=0.07 sys=0.00, real=0.06 secs] 
2020-03-19T14:38:55.697+0800: 19939.322: [GC (Allocation Failure) 2020-03-19T14:38:55.698+0800: 19939.322: [ParNew: 170242K->15777K(176960K), 0.0386876 secs] 329103K->175669K(414236K), 0.0391659 secs] [Times: user=0.06 sys=0.00, real=0.04 secs] 
2020-03-19T14:38:56.118+0800: 19939.743: [GC (Allocation Failure) 2020-03-19T14:38:56.118+0800: 19939.743: [ParNew: 169383K->19648K(176960K), 0.1398618 secs] 329275K->194612K(414236K), 0.1403557 secs] [Times: user=0.13 sys=0.00, real=0.15 secs] 
2020-03-19T14:39:00.336+0800: 19943.961: [GC (Allocation Failure) 2020-03-19T14:39:00.337+0800: 19943.961: [ParNew: 176959K->12677K(176960K), 0.0661455 secs] 351924K->200685K(414236K), 0.0666878 secs] [Times: user=0.10 sys=0.01, real=0.07 secs] 
2020-03-19T14:39:05.106+0800: 19948.731: [GC (Allocation Failure) 2020-03-19T14:39:05.107+0800: 19948.731: [ParNew: 169989K->3279K(176960K), 0.0210871 secs] 357997K->191287K(414236K), 0.0214646 secs] [Times: user=0.02 sys=0.00, real=0.02 secs] 
2020-03-19T14:39:10.540+0800: 19954.165: [GC (Allocation Failure) 2020-03-19T14:39:10.540+0800: 19954.165: [ParNew: 160591K->2723K(176960K), 0.0132467 secs] 348599K->190731K(414236K), 0.0136112 secs] [Times: user=0.02 sys=0.00, real=0.01 secs] 
2020-03-19T14:39:15.648+0800: 19959.272: [GC (Allocation Failure) 2020-03-19T14:39:15.648+0800: 19959.273: [ParNew: 160035K->2966K(176960K), 0.0230942 secs] 348043K->190974K(414236K), 0.0236673 secs] [Times: user=0.03 sys=0.00, real=0.02 secs] 
2020-03-19T14:39:21.860+0800: 19965.485: [GC (Allocation Failure) 2020-03-19T14:39:21.861+0800: 19965.485: [ParNew: 160278K->3109K(176960K), 0.0182406 secs] 348286K->191117K(414236K), 0.0187243 secs] [Times: user=0.03 sys=0.00, real=0.02 secs] 
2020-03-19T14:39:28.203+0800: 19971.827: [GC (Allocation Failure) 2020-03-19T14:39:28.203+0800: 19971.828: [ParNew: 160421K->3682K(176960K), 0.0241733 secs] 348429K->191690K(414236K), 0.0245568 secs] [Times: user=0.02 sys=0.00, real=0.03 secs] 
2020-03-19T14:39:33.657+0800: 19977.281: [GC (Allocation Failure) 2020-03-19T14:39:33.657+0800: 19977.282: [ParNew: 160994K->3916K(176960K), 0.0256032 secs] 349002K->191923K(414236K), 0.0261850 secs] [Times: user=0.04 sys=0.00, real=0.03 secs] 
2020-03-19T14:39:38.299+0800: 19981.923: [GC (Allocation Failure) 2020-03-19T14:39:38.299+0800: 19981.924: [ParNew: 161228K->5244K(176960K), 0.0153980 secs] 349235K->193252K(414236K), 0.0158284 secs] [Times: user=0.04 sys=0.00, real=0.01 secs] 
2020-03-19T14:39:44.775+0800: 19988.400: [GC (Allocation Failure) 2020-03-19T14:39:44.776+0800: 19988.400: [ParNew: 162556K->3544K(176960K), 0.0174466 secs] 350564K->191552K(414236K), 0.0179247 secs] [Times: user=0.03 sys=0.01, real=0.02 secs] 
2020-03-19T14:39:49.900+0800: 19993.524: [GC (Allocation Failure) 2020-03-19T14:39:49.900+0800: 19993.525: [ParNew: 160856K->4116K(176960K), 0.0357680 secs] 348864K->192124K(414236K), 0.0362394 secs] [Times: user=0.03 sys=0.00, real=0.03 secs] 
2020-03-19T14:39:55.988+0800: 19999.612: [GC (Allocation Failure) 2020-03-19T14:39:55.988+0800: 19999.613: [ParNew: 161428K->4342K(176960K), 0.0161680 secs] 349436K->192349K(414236K), 0.0165451 secs] [Times: user=0.03 sys=0.00, real=0.01 secs] 
2020-03-19T14:40:00.758+0800: 20004.382: [GC (Allocation Failure) 2020-03-19T14:40:00.758+0800: 20004.383: [ParNew: 161654K->4334K(176960K), 0.0172638 secs] 349661K->192342K(414236K), 0.0176635 secs] [Times: user=0.04 sys=0.00, real=0.02 secs] 
2020-03-19T14:40:05.965+0800: 20009.590: [GC (Allocation Failure) 2020-03-19T14:40:05.966+0800: 20009.590: [ParNew: 161646K->4890K(176960K), 0.0228017 secs] 349654K->192898K(414236K), 0.0234004 secs] [Times: user=0.03 sys=0.00, real=0.03 secs] 
2020-03-19T14:40:13.258+0800: 20016.883: [GC (Allocation Failure) 2020-03-19T14:40:13.258+0800: 20016.883: [ParNew: 162202K->4591K(176960K), 0.0269401 secs] 350210K->192599K(414236K), 0.0275437 secs] [Times: user=0.02 sys=0.00, real=0.03 secs] 
2020-03-19T14:40:17.175+0800: 20020.800: [GC (Allocation Failure) 2020-03-19T14:40:17.176+0800: 20020.800: [ParNew: 161903K->4472K(176960K), 0.0167216 secs] 349911K->192480K(414236K), 0.0171991 secs] [Times: user=0.03 sys=0.00, real=0.02 secs] 
2020-03-19T14:40:24.428+0800: 20028.052: [GC (Allocation Failure) 2020-03-19T14:40:24.428+0800: 20028.053: [ParNew: 161784K->3070K(176960K), 0.0171015 secs] 349792K->191431K(414236K), 0.0175312 secs] [Times: user=0.03 sys=0.00, real=0.01 secs] 
2020-03-19T14:40:30.712+0800: 20034.336: [GC (Allocation Failure) 2020-03-19T14:40:30.712+0800: 20034.337: [ParNew: 160382K->4124K(176960K), 0.0181920 secs] 348743K->192741K(414236K), 0.0188141 secs] [Times: user=0.04 sys=0.00, real=0.02 secs] 
2020-03-19T14:40:35.819+0800: 20039.444: [GC (Allocation Failure) 2020-03-19T14:40:35.819+0800: 20039.444: [ParNew: 160810K->5879K(176960K), 0.0167299 secs] 349428K->194686K(414236K), 0.0170680 secs] [Times: user=0.03 sys=0.01, real=0.01 secs] 
2020-03-19T14:40:41.238+0800: 20044.862: [GC (Allocation Failure) 2020-03-19T14:40:41.238+0800: 20044.863: [ParNew: 163191K->7339K(176960K), 0.0218500 secs] 351998K->196294K(414236K), 0.0222259 secs] [Times: user=0.04 sys=0.00, real=0.03 secs] 
2020-03-19T14:40:41.759+0800: 20045.384: [GC (Allocation Failure) 2020-03-19T14:40:41.760+0800: 20045.384: [ParNew: 164651K->13468K(176960K), 0.0415028 secs] 353606K->202479K(414236K), 0.0419018 secs] [Times: user=0.07 sys=0.00, real=0.04 secs] 
2020-03-19T14:40:42.207+0800: 20045.832: [GC (Allocation Failure) 2020-03-19T14:40:42.207+0800: 20045.832: [ParNew: 170780K->17532K(176960K), 0.0948456 secs] 359791K->207151K(414236K), 0.0955908 secs] [Times: user=0.05 sys=0.00, real=0.09 secs] 
2020-03-19T14:40:43.233+0800: 20046.858: [GC (Allocation Failure) 2020-03-19T14:40:43.234+0800: 20046.858: [ParNew: 174844K->9386K(176960K), 0.0163751 secs] 364463K->200499K(414236K), 0.0167306 secs] [Times: user=0.03 sys=0.01, real=0.02 secs] 
2020-03-19T14:40:43.252+0800: 20046.877: [GC (CMS Initial Mark) [1 CMS-initial-mark: 191113K(237276K)] 200564K(414236K), 0.0068618 secs] [Times: user=0.01 sys=0.00, real=0.01 secs] 
2020-03-19T14:40:43.259+0800: 20046.884: [CMS-concurrent-mark-start]
2020-03-19T14:40:43.450+0800: 20047.074: [CMS-concurrent-mark: 0.191/0.191 secs] [Times: user=0.19 sys=0.00, real=0.19 secs] 
2020-03-19T14:40:43.450+0800: 20047.075: [CMS-concurrent-preclean-start]
2020-03-19T14:40:43.456+0800: 20047.080: [CMS-concurrent-preclean: 0.006/0.006 secs] [Times: user=0.00 sys=0.01, real=0.00 secs] 
2020-03-19T14:40:43.458+0800: 20047.083: [GC (CMS Final Remark) [YG occupancy: 10909 K (176960 K)]2020-03-19T14:40:43.458+0800: 20047.083: [Rescan (parallel) , 0.0114708 secs]2020-03-19T14:40:43.470+0800: 20047.094: [weak refs processing, 0.0019279 secs]2020-03-19T14:40:43.472+0800: 20047.096: [class unloading, 0.0713072 secs]2020-03-19T14:40:43.543+0800: 20047.168: [scrub symbol table, 0.0301423 secs]2020-03-19T14:40:43.573+0800: 20047.198: [scrub string table, 0.0036802 secs][1 CMS-remark: 191113K(237276K)] 202022K(414236K), 0.1188917 secs] [Times: user=0.12 sys=0.00, real=0.11 secs] 
2020-03-19T14:40:43.578+0800: 20047.203: [CMS-concurrent-sweep-start]
2020-03-19T14:40:43.791+0800: 20047.415: [CMS-concurrent-sweep: 0.213/0.213 secs] [Times: user=0.24 sys=0.01, real=0.22 secs] 
2020-03-19T14:40:43.791+0800: 20047.416: [CMS-concurrent-reset-start]
2020-03-19T14:40:43.792+0800: 20047.417: [CMS-concurrent-reset: 0.001/0.001 secs] [Times: user=0.00 sys=0.00, real=0.00 secs] 
2020-03-19T14:40:47.553+0800: 20051.177: [GC (Allocation Failure) 2020-03-19T14:40:47.553+0800: 20051.178: [ParNew: 166698K->2440K(176960K), 0.0232078 secs] 283687K->119429K(414236K), 0.0238467 secs] [Times: user=0.02 sys=0.00, real=0.02 secs] 
2020-03-19T14:40:54.143+0800: 20057.767: [GC (Allocation Failure) 2020-03-19T14:40:54.143+0800: 20057.767: [ParNew: 159752K->1887K(176960K), 0.0191324 secs] 276741K->118875K(414236K), 0.0197858 secs] [Times: user=0.02 sys=0.01, real=0.02 secs] 
2020-03-19T14:41:00.033+0800: 20063.658: [GC (Allocation Failure) 2020-03-19T14:41:00.033+0800: 20063.660: [ParNew: 159199K->3326K(176960K), 0.0327271 secs] 276187K->120314K(414236K), 0.0332564 secs] [Times: user=0.03 sys=0.01, real=0.04 secs] 
2020-03-19T14:41:04.664+0800: 20068.288: [GC (Allocation Failure) 2020-03-19T14:41:04.664+0800: 20068.289: [ParNew: 160638K->2706K(176960K), 0.0148661 secs] 277626K->119694K(414236K), 0.0152648 secs] [Times: user=0.03 sys=0.00, real=0.02 secs] 
2020-03-19T14:41:11.038+0800: 20074.663: [GC (Allocation Failure) 2020-03-19T14:41:11.039+0800: 20074.663: [ParNew: 160018K->3585K(176960K), 0.0145874 secs] 277006K->120574K(414236K), 0.0149963 secs] [Times: user=0.03 sys=0.00, real=0.01 secs] 
2020-03-19T14:41:15.746+0800: 20079.371: [GC (Allocation Failure) 2020-03-19T14:41:15.746+0800: 20079.371: [ParNew: 160897K->3435K(176960K), 0.0337464 secs] 277886K->120423K(414236K), 0.0342391 secs] [Times: user=0.04 sys=0.00, real=0.03 secs] 
2020-03-19T14:41:21.904+0800: 20085.528: [GC (Allocation Failure) 2020-03-19T14:41:21.904+0800: 20085.529: [ParNew: 160747K->4255K(176960K), 0.0209129 secs] 277735K->121244K(414236K), 0.0213763 secs] [Times: user=0.02 sys=0.00, real=0.02 secs] 
2020-03-19T14:41:25.359+0800: 20088.983: [GC (Allocation Failure) 2020-03-19T14:41:25.359+0800: 20088.983: [ParNew: 161561K->6038K(176960K), 0.0181317 secs] 278550K->123027K(414236K), 0.0184652 secs] [Times: user=0.03 sys=0.00, real=0.01 secs] 
2020-03-19T14:41:25.945+0800: 20089.569: [GC (Allocation Failure) 2020-03-19T14:41:25.945+0800: 20089.569: [ParNew: 163350K->13038K(176960K), 0.0512636 secs] 280339K->130027K(414236K), 0.0516454 secs] [Times: user=0.07 sys=0.01, real=0.05 secs] 
2020-03-19T14:41:26.314+0800: 20089.939: [GC (Allocation Failure) 2020-03-19T14:41:26.315+0800: 20089.939: [ParNew: 170350K->17555K(176960K), 0.0476588 secs] 287339K->135737K(414236K), 0.0481953 secs] [Times: user=0.06 sys=0.00, real=0.05 secs] 
2020-03-19T14:41:26.892+0800: 20090.517: [GC (Allocation Failure) 2020-03-19T14:41:26.892+0800: 20090.517: [ParNew: 174867K->9588K(176960K), 0.0161528 secs] 293049K->129438K(414236K), 0.0164707 secs] [Times: user=0.03 sys=0.00, real=0.02 secs] 
2020-03-19T14:41:33.067+0800: 20096.691: [GC (Allocation Failure) 2020-03-19T14:41:33.067+0800: 20096.691: [ParNew: 166900K->2484K(176960K), 0.0139966 secs] 286750K->122333K(414236K), 0.0143577 secs] [Times: user=0.02 sys=0.00, real=0.01 secs] 
2020-03-19T14:41:38.687+0800: 20102.312: [GC (Allocation Failure) 2020-03-19T14:41:38.688+0800: 20102.312: [ParNew: 159796K->2335K(176960K), 0.0135654 secs] 279645K->122185K(414236K), 0.0139162 secs] [Times: user=0.03 sys=0.00, real=0.01 secs] 
2020-03-19T14:41:44.807+0800: 20108.431: [GC (Allocation Failure) 2020-03-19T14:41:44.807+0800: 20108.431: [ParNew: 159647K->3777K(176960K), 0.0164190 secs] 279497K->123626K(414236K), 0.0168194 secs] [Times: user=0.03 sys=0.00, real=0.01 secs] 
2020-03-19T14:41:50.133+0800: 20113.758: [GC (Allocation Failure) 2020-03-19T14:41:50.133+0800: 20113.758: [ParNew: 161089K->3767K(176960K), 0.0158988 secs] 280938K->123617K(414236K), 0.0162846 secs] [Times: user=0.03 sys=0.00, real=0.02 secs] 
2020-03-19T14:41:55.297+0800: 20118.922: [GC (Allocation Failure) 2020-03-19T14:41:55.297+0800: 20118.922: [ParNew: 161079K->5072K(176960K), 0.0225690 secs] 280929K->124922K(414236K), 0.0230291 secs] [Times: user=0.04 sys=0.00, real=0.03 secs] 
2020-03-19T14:42:00.124+0800: 20123.748: [GC (Allocation Failure) 2020-03-19T14:42:00.124+0800: 20123.748: [ParNew: 162384K->4026K(176960K), 0.0245937 secs] 282234K->123876K(414236K), 0.0251581 secs] [Times: user=0.03 sys=0.00, real=0.03 secs] 
2020-03-19T14:42:05.817+0800: 20129.442: [GC (Allocation Failure) 2020-03-19T14:42:05.818+0800: 20129.442: [ParNew: 161338K->6030K(176960K), 0.0192291 secs] 281188K->125880K(414236K), 0.0196266 secs] [Times: user=0.04 sys=0.00, real=0.02 secs] 
2020-03-19T14:42:11.863+0800: 20135.488: [GC (Allocation Failure) 2020-03-19T14:42:11.864+0800: 20135.488: [ParNew: 163342K->3928K(176960K), 0.0304217 secs] 283192K->123778K(414236K), 0.0308960 secs] [Times: user=0.04 sys=0.00, real=0.03 secs] 
2020-03-19T14:42:15.854+0800: 20139.478: [GC (Allocation Failure) 2020-03-19T14:42:15.854+0800: 20139.479: [ParNew: 161240K->4880K(176960K), 0.0310343 secs] 281090K->124729K(414236K), 0.0316065 secs] [Times: user=0.04 sys=0.00, real=0.03 secs] 
2020-03-19T14:42:23.071+0800: 20146.696: [GC (Allocation Failure) 2020-03-19T14:42:23.071+0800: 20146.696: [ParNew: 162192K->4770K(176960K), 0.0235346 secs] 282041K->124619K(414236K), 0.0239483 secs] [Times: user=0.02 sys=0.00, real=0.02 secs] 
2020-03-19T14:42:29.783+0800: 20153.408: [GC (Allocation Failure) 2020-03-19T14:42:29.784+0800: 20153.408: [ParNew: 162082K->4414K(176960K), 0.0174533 secs] 281931K->124263K(414236K), 0.0178537 secs] [Times: user=0.03 sys=0.00, real=0.02 secs] 
2020-03-19T14:42:34.931+0800: 20158.556: [GC (Allocation Failure) 2020-03-19T14:42:34.932+0800: 20158.556: [ParNew: 161726K->4730K(176960K), 0.0258396 secs] 281575K->124580K(414236K), 0.0263273 secs] [Times: user=0.03 sys=0.01, real=0.02 secs] 
2020-03-19T14:42:41.900+0800: 20165.525: [GC (Allocation Failure) 2020-03-19T14:42:41.900+0800: 20165.525: [ParNew: 162042K->4459K(176960K), 0.0442577 secs] 281891K->124308K(414236K), 0.0447959 secs] [Times: user=0.03 sys=0.00, real=0.04 secs] 
2020-03-19T14:42:46.055+0800: 20169.680: [GC (Allocation Failure) 2020-03-19T14:42:46.055+0800: 20169.680: [ParNew: 161771K->4507K(176960K), 0.0402465 secs] 281620K->124599K(414236K), 0.0408560 secs] [Times: user=0.03 sys=0.00, real=0.04 secs] 
2020-03-19T14:42:52.696+0800: 20176.320: [GC (Allocation Failure) 2020-03-19T14:42:52.696+0800: 20176.320: [ParNew: 161819K->3176K(176960K), 0.0249858 secs] 281911K->123313K(414236K), 0.0254010 secs] [Times: user=0.02 sys=0.00, real=0.03 secs] 
2020-03-19T14:42:59.455+0800: 20183.079: [GC (Allocation Failure) 2020-03-19T14:42:59.455+0800: 20183.080: [ParNew: 160488K->2927K(176960K), 0.0241984 secs] 280625K->123299K(414236K), 0.0246283 secs] [Times: user=0.03 sys=0.00, real=0.03 secs] 
2020-03-19T14:43:03.656+0800: 20187.281: [GC (Allocation Failure) 2020-03-19T14:43:03.657+0800: 20187.281: [ParNew: 160239K->3966K(176960K), 0.0192696 secs] 280611K->124589K(414236K), 0.0197002 secs] [Times: user=0.04 sys=0.00, real=0.02 secs] 
2020-03-19T14:43:09.150+0800: 20192.774: [GC (Allocation Failure) 2020-03-19T14:43:09.150+0800: 20192.774: [ParNew: 161278K->2991K(176960K), 0.0247769 secs] 281901K->123775K(414236K), 0.0251406 secs] [Times: user=0.03 sys=0.00, real=0.02 secs] 
2020-03-19T14:43:14.813+0800: 20198.437: [GC (Allocation Failure) 2020-03-19T14:43:14.813+0800: 20198.438: [ParNew: 160303K->4007K(176960K), 0.0172850 secs] 281087K->124837K(414236K), 0.0176458 secs] [Times: user=0.03 sys=0.00, real=0.02 secs] 
2020-03-19T14:43:18.229+0800: 20201.854: [GC (Allocation Failure) 2020-03-19T14:43:18.230+0800: 20201.854: [ParNew: 161319K->3733K(176960K), 0.0257507 secs] 282149K->124744K(414236K), 0.0263145 secs] [Times: user=0.03 sys=0.00, real=0.02 secs] 
2020-03-19T14:43:18.698+0800: 20202.322: [Full GC (Metadata GC Threshold) 2020-03-19T14:43:18.698+0800: 20202.322: [CMS: 121010K->114056K(237276K), 0.5933224 secs] 168925K->114056K(414236K), [Metaspace: 121587K->121587K(1165312K)], 0.5939122 secs] [Times: user=0.58 sys=0.00, real=0.60 secs] 
2020-03-19T14:43:19.294+0800: 20202.919: [GC (CMS Initial Mark) [1 CMS-initial-mark: 114056K(237276K)] 114214K(414236K), 0.0065192 secs] [Times: user=0.01 sys=0.00, real=0.01 secs] 
2020-03-19T14:43:19.301+0800: 20202.926: [CMS-concurrent-mark-start]
2020-03-19T14:43:19.592+0800: 20203.216: [CMS-concurrent-mark: 0.291/0.291 secs] [Times: user=0.37 sys=0.00, real=0.29 secs] 
2020-03-19T14:43:19.592+0800: 20203.217: [CMS-concurrent-preclean-start]
2020-03-19T14:43:19.600+0800: 20203.225: [CMS-concurrent-preclean: 0.008/0.008 secs] [Times: user=0.01 sys=0.00, real=0.01 secs] 
2020-03-19T14:43:19.600+0800: 20203.225: [CMS-concurrent-abortable-preclean-start]
 CMS: abort preclean due to time 2020-03-19T14:43:24.636+0800: 20208.260: [CMS-concurrent-abortable-preclean: 0.303/5.035 secs] [Times: user=0.66 sys=0.09, real=5.03 secs] 
2020-03-19T14:43:24.638+0800: 20208.263: [GC (CMS Final Remark) [YG occupancy: 140393 K (176960 K)]2020-03-19T14:43:24.638+0800: 20208.263: [Rescan (parallel) , 0.0546920 secs]2020-03-19T14:43:24.693+0800: 20208.318: [weak refs processing, 0.0006210 secs]2020-03-19T14:43:24.694+0800: 20208.318: [class unloading, 0.0454241 secs]2020-03-19T14:43:24.739+0800: 20208.364: [scrub symbol table, 0.0258770 secs]2020-03-19T14:43:24.765+0800: 20208.390: [scrub string table, 0.0026357 secs][1 CMS-remark: 114056K(237276K)] 254449K(414236K), 0.1295593 secs] [Times: user=0.16 sys=0.00, real=0.13 secs] 
2020-03-19T14:43:24.768+0800: 20208.393: [CMS-concurrent-sweep-start]
2020-03-19T14:43:24.816+0800: 20208.440: [CMS-concurrent-sweep: 0.047/0.047 secs] [Times: user=0.05 sys=0.00, real=0.04 secs] 
2020-03-19T14:43:24.816+0800: 20208.441: [CMS-concurrent-reset-start]
2020-03-19T14:43:24.817+0800: 20208.442: [CMS-concurrent-reset: 0.001/0.001 secs] [Times: user=0.00 sys=0.00, real=0.00 secs] 
2020-03-19T14:43:25.346+0800: 20208.970: [GC (Allocation Failure) 2020-03-19T14:43:25.346+0800: 20208.971: [ParNew: 157312K->2286K(176960K), 0.0126510 secs] 271235K->116210K(414236K), 0.0130767 secs] [Times: user=0.02 sys=0.00, real=0.02 secs] 
2020-03-19T14:43:31.327+0800: 20214.952: [GC (Allocation Failure) 2020-03-19T14:43:31.327+0800: 20214.952: [ParNew: 159598K->1913K(176960K), 0.0194473 secs] 273522K->115837K(414236K), 0.0198636 secs] [Times: user=0.02 sys=0.00, real=0.02 secs] 
2020-03-19T14:43:36.894+0800: 20220.519: [GC (Allocation Failure) 2020-03-19T14:43:36.895+0800: 20220.519: [ParNew: 159225K->2837K(176960K), 0.0146630 secs] 273149K->116761K(414236K), 0.0151342 secs] [Times: user=0.03 sys=0.00, real=0.02 secs] 
2020-03-19T14:43:44.150+0800: 20227.775: [GC (Allocation Failure) 2020-03-19T14:43:44.150+0800: 20227.775: [ParNew: 160149K->3837K(176960K), 0.0247370 secs] 274073K->117761K(414236K), 0.0251570 secs] [Times: user=0.03 sys=0.00, real=0.02 secs] 
2020-03-19T14:43:48.684+0800: 20232.308: [GC (Allocation Failure) 2020-03-19T14:43:48.684+0800: 20232.309: [ParNew: 161149K->3317K(176960K), 0.0157799 secs] 275073K->117241K(414236K), 0.0162251 secs] [Times: user=0.04 sys=0.00, real=0.02 secs] 
2020-03-19T14:43:55.332+0800: 20238.956: [GC (Allocation Failure) 2020-03-19T14:43:55.332+0800: 20238.957: [ParNew: 160629K->3637K(176960K), 0.0168256 secs] 274553K->117561K(414236K), 0.0172986 secs] [Times: user=0.03 sys=0.00, real=0.02 secs] 
2020-03-19T14:44:00.150+0800: 20243.775: [GC (Allocation Failure) 2020-03-19T14:44:00.150+0800: 20243.775: [ParNew: 160949K->3679K(176960K), 0.0184867 secs] 274873K->117603K(414236K), 0.0189129 secs] [Times: user=0.04 sys=0.00, real=0.02 secs] 
2020-03-19T14:44:05.659+0800: 20249.283: [GC (Allocation Failure) 2020-03-19T14:44:05.659+0800: 20249.283: [ParNew: 160991K->4393K(176960K), 0.0316027 secs] 274915K->118317K(414236K), 0.0320502 secs] [Times: user=0.04 sys=0.00, real=0.03 secs] 
2020-03-19T14:44:08.124+0800: 20251.748: [GC (Allocation Failure) 2020-03-19T14:44:08.124+0800: 20251.748: [ParNew: 161705K->13946K(176960K), 0.0328911 secs] 275629K->127870K(414236K), 0.0332510 secs] [Times: user=0.06 sys=0.00, real=0.03 secs] 
2020-03-19T14:44:08.480+0800: 20252.105: [GC (Allocation Failure) 2020-03-19T14:44:08.481+0800: 20252.105: [ParNew: 171023K->10029K(176960K), 0.0441751 secs] 284947K->130020K(414236K), 0.0446863 secs] [Times: user=0.08 sys=0.00, real=0.04 secs] 
2020-03-19T14:44:08.849+0800: 20252.473: [GC (Allocation Failure) 2020-03-19T14:44:08.849+0800: 20252.474: [ParNew: 167341K->12523K(176960K), 0.0535295 secs] 287332K->132514K(414236K), 0.0540237 secs] [Times: user=0.04 sys=0.00, real=0.05 secs] 
2020-03-19T14:44:11.900+0800: 20255.525: [GC (Allocation Failure) 2020-03-19T14:44:11.901+0800: 20255.525: [ParNew: 169835K->5690K(176960K), 0.0318486 secs] 289826K->130219K(414236K), 0.0322157 secs] [Times: user=0.04 sys=0.00, real=0.03 secs] 
2020-03-19T14:44:16.089+0800: 20259.713: [GC (Allocation Failure) 2020-03-19T14:44:16.089+0800: 20259.713: [ParNew: 163002K->2453K(176960K), 0.0257279 secs] 287531K->126982K(414236K), 0.0261337 secs] [Times: user=0.03 sys=0.00, real=0.02 secs] 
2020-03-19T14:44:22.570+0800: 20266.194: [GC (Allocation Failure) 2020-03-19T14:44:22.570+0800: 20266.195: [ParNew: 159765K->2796K(176960K), 0.0180145 secs] 284294K->127325K(414236K), 0.0184169 secs] [Times: user=0.03 sys=0.00, real=0.02 secs] 
2020-03-19T14:44:29.421+0800: 20273.045: [GC (Allocation Failure) 2020-03-19T14:44:29.421+0800: 20273.045: [ParNew: 160108K->4484K(176960K), 0.0153795 secs] 284637K->129013K(414236K), 0.0157621 secs] [Times: user=0.02 sys=0.00, real=0.01 secs] 
2020-03-19T14:44:34.428+0800: 20278.053: [GC (Allocation Failure) 2020-03-19T14:44:34.429+0800: 20278.053: [ParNew: 161796K->5201K(176960K), 0.0152832 secs] 286325K->129730K(414236K), 0.0156557 secs] [Times: user=0.03 sys=0.00, real=0.01 secs] 
2020-03-19T14:44:40.607+0800: 20284.232: [GC (Allocation Failure) 2020-03-19T14:44:40.608+0800: 20284.232: [ParNew: 162513K->3597K(176960K), 0.0147469 secs] 287042K->128126K(414236K), 0.0151357 secs] [Times: user=0.04 sys=0.00, real=0.01 secs] 
2020-03-19T14:44:45.738+0800: 20289.363: [GC (Allocation Failure) 2020-03-19T14:44:45.739+0800: 20289.363: [ParNew: 160909K->4783K(176960K), 0.0217494 secs] 285438K->129313K(414236K), 0.0221466 secs] [Times: user=0.03 sys=0.00, real=0.02 secs] 
2020-03-19T14:44:52.022+0800: 20295.646: [GC (Allocation Failure) 2020-03-19T14:44:52.022+0800: 20295.647: [ParNew: 162095K->4228K(176960K), 0.0176420 secs] 286625K->128758K(414236K), 0.0181333 secs] [Times: user=0.03 sys=0.00, real=0.02 secs] 
2020-03-19T14:44:58.226+0800: 20301.850: [GC (Allocation Failure) 2020-03-19T14:44:58.226+0800: 20301.851: [ParNew: 161540K->4370K(176960K), 0.0184617 secs] 286070K->128899K(414236K), 0.0188978 secs] [Times: user=0.03 sys=0.00, real=0.02 secs] 
2020-03-19T14:45:02.624+0800: 20306.248: [GC (Allocation Failure) 2020-03-19T14:45:02.624+0800: 20306.249: [ParNew: 161682K->4360K(176960K), 0.0153833 secs] 286211K->128889K(414236K), 0.0157543 secs] [Times: user=0.03 sys=0.00, real=0.02 secs] 
2020-03-19T14:45:08.202+0800: 20311.826: [GC (Allocation Failure) 2020-03-19T14:45:08.202+0800: 20311.827: [ParNew: 161672K->4458K(176960K), 0.0160663 secs] 286201K->128987K(414236K), 0.0164434 secs] [Times: user=0.04 sys=0.00, real=0.02 secs] 
2020-03-19T14:45:14.625+0800: 20318.250: [GC (Allocation Failure) 2020-03-19T14:45:14.625+0800: 20318.250: [ParNew: 161770K->4483K(176960K), 0.0157802 secs] 286299K->129012K(414236K), 0.0161389 secs] [Times: user=0.03 sys=0.00, real=0.02 secs] 
2020-03-19T14:45:17.701+0800: 20321.325: [GC (Allocation Failure) 2020-03-19T14:45:17.701+0800: 20321.326: [ParNew: 161795K->4449K(176960K), 0.0207597 secs] 286324K->128978K(414236K), 0.0212193 secs] [Times: user=0.04 sys=0.00, real=0.02 secs] 
2020-03-19T14:45:18.558+0800: 20322.182: [Full GC (Metadata GC Threshold) 2020-03-19T14:45:18.558+0800: 20322.182: [CMS: 124529K->114126K(237276K), 0.5719559 secs] 185219K->114126K(414236K), [Metaspace: 121554K->121554K(1165312K)], 0.5725128 secs] [Times: user=0.54 sys=0.00, real=0.58 secs] 
2020-03-19T14:45:19.130+0800: 20322.755: [Full GC (Last ditch collection) 2020-03-19T14:45:19.131+0800: 20322.755: [CMS: 114126K->113592K(237276K), 0.5184630 secs] 114126K->113592K(414236K), [Metaspace: 121543K->121543K(1165312K)], 0.5193246 secs] [Times: user=0.52 sys=0.00, real=0.52 secs] 
2020-03-19T14:45:19.653+0800: 20323.277: [Full GC (Metadata GC Threshold) 2020-03-19T14:45:19.653+0800: 20323.277: [CMS: 113592K->113591K(237276K), 0.6511778 secs] 113592K->113591K(414236K), [Metaspace: 121001K->121001K(1165312K)], 0.6516403 secs] [Times: user=0.56 sys=0.00, real=0.65 secs] 
2020-03-19T14:45:20.305+0800: 20323.929: [Full GC (Last ditch collection) 2020-03-19T14:45:20.305+0800: 20323.929: [CMS: 113591K->113591K(237276K), 0.4515186 secs] 113591K->113591K(414236K), [Metaspace: 121001K->121001K(1165312K)], 0.4519446 secs] [Times: user=0.44 sys=0.00, real=0.45 secs] 
2020-03-19T14:45:20.770+0800: 20324.394: [GC (CMS Initial Mark) [1 CMS-initial-mark: 113591K(237276K)] 116270K(414236K), 0.0079684 secs] [Times: user=0.02 sys=0.00, real=0.00 secs] 
2020-03-19T14:45:20.778+0800: 20324.403: [CMS-concurrent-mark-start]
2020-03-19T14:45:20.795+0800: 20324.420: [Full GC (Metadata GC Threshold) 2020-03-19T14:45:20.795+0800: 20324.420: [CMS2020-03-19T14:45:20.968+0800: 20324.593: [CMS-concurrent-mark: 0.176/0.190 secs] [Times: user=0.19 sys=0.00, real=0.19 secs] 
 (concurrent mode failure): 113591K->113212K(237276K), 0.6474720 secs] 119083K->113212K(414236K), [Metaspace: 121034K->121034K(1165312K)], 0.6479342 secs] [Times: user=0.64 sys=0.00, real=0.65 secs] 
2020-03-19T14:45:21.443+0800: 20325.068: [Full GC (Last ditch collection) 2020-03-19T14:45:21.444+0800: 20325.068: [CMS: 113212K->113166K(237276K), 0.4834876 secs] 113212K->113166K(414236K), [Metaspace: 121034K->121034K(1165312K)], 0.4839085 secs] [Times: user=0.48 sys=0.00, real=0.49 secs] 
2020-03-19T14:45:21.941+0800: 20325.566: [Full GC (Metadata GC Threshold) 2020-03-19T14:45:21.941+0800: 20325.566: [CMS: 113166K->113139K(237276K), 0.4922690 secs] 117501K->113139K(414236K), [Metaspace: 121034K->121034K(1165312K)], 0.4927023 secs] [Times: user=0.48 sys=0.00, real=0.49 secs] 
2020-03-19T14:45:22.434+0800: 20326.059: [Full GC (Last ditch collection) 2020-03-19T14:45:22.434+0800: 20326.059: [CMS: 113139K->113136K(237276K), 0.4450977 secs] 113139K->113136K(414236K), [Metaspace: 121034K->121034K(1165312K)], 0.4454776 secs] [Times: user=0.44 sys=0.00, real=0.45 secs] 
2020-03-19T14:45:22.882+0800: 20326.507: [Full GC (Metadata GC Threshold) 2020-03-19T14:45:22.882+0800: 20326.507: [CMS: 113136K->113092K(237276K), 0.4829538 secs] 113145K->113092K(414236K), [Metaspace: 121034K->121034K(1165312K)], 0.4834078 secs] [Times: user=0.47 sys=0.00, real=0.48 secs] 
2020-03-19T14:45:23.366+0800: 20326.990: [Full GC (Last ditch collection) 2020-03-19T14:45:23.366+0800: 20326.991: [CMS: 113092K->113092K(237276K), 0.4799720 secs] 113092K->113092K(414236K), [Metaspace: 121034K->121034K(1165312K)], 0.4804868 secs] [Times: user=0.47 sys=0.00, real=0.49 secs] 
2020-03-19T14:45:23.854+0800: 20327.479: [GC (CMS Initial Mark) [1 CMS-initial-mark: 113092K(237276K)] 114018K(414236K), 0.0133712 secs] [Times: user=0.01 sys=0.00, real=0.02 secs] 
2020-03-19T14:45:23.868+0800: 20327.493: [CMS-concurrent-mark-start]
2020-03-19T14:45:23.911+0800: 20327.535: [Full GC (Metadata GC Threshold) 2020-03-19T14:45:23.911+0800: 20327.536: [CMS2020-03-19T14:45:24.099+0800: 20327.724: [CMS-concurrent-mark: 0.222/0.231 secs] [Times: user=0.25 sys=0.00, real=0.23 secs] 
 (concurrent mode failure): 113092K->113191K(237276K), 0.6872646 secs] 117641K->113191K(414236K), [Metaspace: 121064K->121064K(1165312K)], 0.6878444 secs] [Times: user=0.69 sys=0.00, real=0.69 secs] 
2020-03-19T14:45:24.599+0800: 20328.223: [Full GC (Last ditch collection) 2020-03-19T14:45:24.599+0800: 20328.224: [CMS: 113191K->113103K(237276K), 0.4642158 secs] 113191K->113103K(414236K), [Metaspace: 121064K->121064K(1165312K)], 0.4646588 secs] [Times: user=0.45 sys=0.00, real=0.46 secs] 
2020-03-19T14:45:25.070+0800: 20328.694: [Full GC (Metadata GC Threshold) 2020-03-19T14:45:25.070+0800: 20328.694: [CMS: 113103K->113020K(237276K), 0.4633805 secs] 113645K->113020K(414236K), [Metaspace: 121064K->121064K(1165312K)], 0.4638535 secs] [Times: user=0.45 sys=0.00, real=0.46 secs] 
2020-03-19T14:45:25.534+0800: 20329.158: [Full GC (Last ditch collection) 2020-03-19T14:45:25.534+0800: 20329.159: [CMS: 113020K->113018K(237276K), 0.5482528 secs] 113020K->113018K(414236K), [Metaspace: 121064K->121064K(1165312K)], 0.5488024 secs] [Times: user=0.51 sys=0.00, real=0.55 secs] 
2020-03-19T14:45:26.088+0800: 20329.713: [GC (CMS Initial Mark) [1 CMS-initial-mark: 113018K(237276K)] 113210K(414236K), 0.0112578 secs] [Times: user=0.02 sys=0.00, real=0.01 secs] 
2020-03-19T14:45:26.100+0800: 20329.725: [CMS-concurrent-mark-start]
2020-03-19T14:45:26.102+0800: 20329.727: [Full GC (Metadata GC Threshold) 2020-03-19T14:45:26.102+0800: 20329.727: [CMS2020-03-19T14:45:26.293+0800: 20329.917: [CMS-concurrent-mark: 0.186/0.193 secs] [Times: user=0.19 sys=0.00, real=0.19 secs] 
 (concurrent mode failure): 113018K->112978K(237276K), 0.6730040 secs] 113239K->112978K(414236K), [Metaspace: 121064K->121064K(1165312K)], 0.6734867 secs] [Times: user=0.66 sys=0.00, real=0.67 secs] 
2020-03-19T14:45:26.776+0800: 20330.401: [Full GC (Last ditch collection) 2020-03-19T14:45:26.776+0800: 20330.401: [CMS: 112978K->112977K(237276K), 0.4530294 secs] 112978K->112977K(414236K), [Metaspace: 121064K->121064K(1165312K)], 0.4535104 secs] [Times: user=0.45 sys=0.00, real=0.46 secs] 
2020-03-19T14:45:27.233+0800: 20330.857: [Full GC (Metadata GC Threshold) 2020-03-19T14:45:27.233+0800: 20330.857: [CMS: 112977K->112977K(237276K), 0.4785517 secs] 113038K->112977K(414236K), [Metaspace: 121064K->121064K(1165312K)], 0.4789752 secs] [Times: user=0.47 sys=0.00, real=0.48 secs] 
2020-03-19T14:45:27.712+0800: 20331.336: [Full GC (Last ditch collection) 2020-03-19T14:45:27.712+0800: 20331.337: [CMS: 112977K->112977K(237276K), 0.6552458 secs] 112977K->112977K(414236K), [Metaspace: 121064K->121064K(1165312K)], 0.6556193 secs] [Times: user=0.51 sys=0.00, real=0.66 secs] 
2020-03-19T14:45:28.375+0800: 20332.000: [Full GC (Metadata GC Threshold) 2020-03-19T14:45:28.375+0800: 20332.000: [CMS: 112977K->113114K(237276K), 0.4747299 secs] 113637K->113114K(414236K), [Metaspace: 121064K->121064K(1165312K)], 0.4751779 secs] [Times: user=0.48 sys=0.00, real=0.48 secs] 
2020-03-19T14:45:28.851+0800: 20332.475: [Full GC (Last ditch collection) 2020-03-19T14:45:28.851+0800: 20332.475: [CMS: 113114K->112990K(237276K), 0.4497170 secs] 113114K->112990K(414236K), [Metaspace: 121064K->121064K(1165312K)], 0.4501089 secs] [Times: user=0.44 sys=0.00, real=0.45 secs] 
2020-03-19T14:45:29.303+0800: 20332.928: [Full GC (Metadata GC Threshold) 2020-03-19T14:45:29.303+0800: 20332.928: [CMS: 112990K->112990K(237276K), 0.5080304 secs] 112994K->112990K(414236K), [Metaspace: 121064K->121064K(1165312K)], 0.5085026 secs] [Times: user=0.48 sys=0.00, real=0.51 secs] 
2020-03-19T14:45:29.812+0800: 20333.437: [Full GC (Last ditch collection) 2020-03-19T14:45:29.812+0800: 20333.437: [CMS: 112990K->112990K(237276K), 0.4876394 secs] 112990K->112990K(414236K), [Metaspace: 121064K->121064K(1165312K)], 0.4880761 secs] [Times: user=0.48 sys=0.00, real=0.49 secs] 
2020-03-19T14:45:30.375+0800: 20333.999: [GC (CMS Initial Mark) [1 CMS-initial-mark: 112990K(237276K)] 137987K(414236K), 0.0317723 secs] [Times: user=0.04 sys=0.00, real=0.04 secs] 
2020-03-19T14:45:30.407+0800: 20334.031: [CMS-concurrent-mark-start]
2020-03-19T14:45:30.410+0800: 20334.034: [Full GC (Metadata GC Threshold) 2020-03-19T14:45:30.410+0800: 20334.034: [CMS2020-03-19T14:45:30.596+0800: 20334.220: [CMS-concurrent-mark: 0.180/0.189 secs] [Times: user=0.18 sys=0.00, real=0.18 secs] 
 (concurrent mode failure): 112990K->113117K(237276K), 0.7271353 secs] 137987K->113117K(414236K), [Metaspace: 121104K->121104K(1165312K)], 0.7276440 secs] [Times: user=0.70 sys=0.00, real=0.72 secs] 
2020-03-19T14:45:31.138+0800: 20334.762: [Full GC (Last ditch collection) 2020-03-19T14:45:31.138+0800: 20334.762: [CMS: 113117K->112882K(237276K), 0.5129082 secs] 113117K->112882K(414236K), [Metaspace: 121104K->121104K(1165312K)], 0.5133881 secs] [Times: user=0.48 sys=0.00, real=0.52 secs] 
2020-03-19T14:45:31.654+0800: 20335.278: [Full GC (Metadata GC Threshold) 2020-03-19T14:45:31.654+0800: 20335.279: [CMS: 112882K->112881K(237276K), 0.4822309 secs] 112920K->112881K(414236K), [Metaspace: 121104K->121104K(1165312K)], 0.4826228 secs] [Times: user=0.48 sys=0.00, real=0.48 secs] 
2020-03-19T14:45:32.137+0800: 20335.761: [Full GC (Last ditch collection) 2020-03-19T14:45:32.137+0800: 20335.761: [CMS: 112881K->112881K(237276K), 0.4532629 secs] 112881K->112881K(414236K), [Metaspace: 121104K->121104K(1165312K)], 0.4536944 secs] [Times: user=0.44 sys=0.00, real=0.46 secs] 
2020-03-19T14:45:32.668+0800: 20336.293: [Full GC (Metadata GC Threshold) 2020-03-19T14:45:32.669+0800: 20336.293: [CMS: 112881K->113005K(237276K), 0.4993518 secs] 140163K->113005K(414236K), [Metaspace: 121111K->121111K(1165312K)], 0.4998717 secs] [Times: user=0.51 sys=0.00, real=0.50 secs] 
2020-03-19T14:45:33.169+0800: 20336.793: [Full GC (Last ditch collection) 2020-03-19T14:45:33.169+0800: 20336.793: [CMS: 113005K->112745K(237276K), 0.4811728 secs] 113005K->112745K(414236K), [Metaspace: 121111K->121111K(1165312K)], 0.4816411 secs] [Times: user=0.47 sys=0.00, real=0.48 secs] 
2020-03-19T14:45:33.653+0800: 20337.278: [Full GC (Metadata GC Threshold) 2020-03-19T14:45:33.653+0800: 20337.278: [CMS: 112745K->112745K(237276K), 0.4941726 secs] 112748K->112745K(414236K), [Metaspace: 121111K->121111K(1165312K)], 0.4946218 secs] [Times: user=0.48 sys=0.00, real=0.50 secs] 
2020-03-19T14:45:34.148+0800: 20337.773: [Full GC (Last ditch collection) 2020-03-19T14:45:34.148+0800: 20337.773: [CMS: 112745K->112745K(237276K), 0.4656743 secs] 112745K->112745K(414236K), [Metaspace: 121111K->121111K(1165312K)], 0.4660656 secs] [Times: user=0.46 sys=0.00, real=0.46 secs] 
2020-03-19T14:45:34.617+0800: 20338.242: [GC (CMS Initial Mark) [1 CMS-initial-mark: 112745K(237276K)] 112774K(414236K), 0.0073732 secs] [Times: user=0.01 sys=0.00, real=0.01 secs] 
2020-03-19T14:45:34.625+0800: 20338.250: [CMS-concurrent-mark-start]
2020-03-19T14:45:34.686+0800: 20338.311: [Full GC (Metadata GC Threshold) 2020-03-19T14:45:34.690+0800: 20338.315: [CMS2020-03-19T14:45:34.909+0800: 20338.534: [CMS-concurrent-mark: 0.267/0.284 secs] [Times: user=0.29 sys=0.00, real=0.29 secs] 
 (concurrent mode failure): 112745K->113194K(237276K), 0.7977343 secs] 123087K->113194K(414236K), [Metaspace: 121111K->121111K(1165312K)], 0.8021127 secs] [Times: user=0.74 sys=0.00, real=0.80 secs] 
2020-03-19T14:45:35.489+0800: 20339.113: [Full GC (Last ditch collection) 2020-03-19T14:45:35.489+0800: 20339.113: [CMS: 113194K->112876K(237276K), 0.5140557 secs] 113194K->112876K(414236K), [Metaspace: 121111K->121111K(1165312K)], 0.5144427 secs] [Times: user=0.49 sys=0.00, real=0.51 secs] 
2020-03-19T14:45:36.006+0800: 20339.630: [Full GC (Metadata GC Threshold) 2020-03-19T14:45:36.006+0800: 20339.630: [CMS: 112876K->112876K(237276K), 0.4677539 secs] 112876K->112876K(414236K), [Metaspace: 121111K->121111K(1165312K)], 0.4681699 secs] [Times: user=0.46 sys=0.00, real=0.47 secs] 
2020-03-19T14:45:36.474+0800: 20340.099: [Full GC (Last ditch collection) 2020-03-19T14:45:36.474+0800: 20340.099: [CMS: 112876K->112876K(237276K), 0.4442919 secs] 112876K->112876K(414236K), [Metaspace: 121111K->121111K(1165312K)], 0.4446815 secs] [Times: user=0.44 sys=0.00, real=0.45 secs] 
2020-03-19T14:45:36.921+0800: 20340.546: [GC (CMS Initial Mark) [1 CMS-initial-mark: 112876K(237276K)] 112880K(414236K), 0.0069122 secs] [Times: user=0.01 sys=0.00, real=0.01 secs] 
2020-03-19T14:45:36.929+0800: 20340.553: [CMS-concurrent-mark-start]
2020-03-19T14:45:36.986+0800: 20340.610: [Full GC (Metadata GC Threshold) 2020-03-19T14:45:36.986+0800: 20340.611: [CMS2020-03-19T14:45:37.156+0800: 20340.781: [CMS-concurrent-mark: 0.215/0.228 secs] [Times: user=0.28 sys=0.00, real=0.22 secs] 
 (concurrent mode failure): 112876K->113397K(237276K), 0.6437503 secs] 131398K->113397K(414236K), [Metaspace: 121122K->121122K(1165312K)], 0.6442572 secs] [Times: user=0.64 sys=0.00, real=0.65 secs] 
2020-03-19T14:45:37.630+0800: 20341.255: [Full GC (Last ditch collection) 2020-03-19T14:45:37.630+0800: 20341.255: [CMS: 113397K->113076K(237276K), 0.5132545 secs] 113397K->113076K(414236K), [Metaspace: 121122K->121122K(1165312K)], 0.5136285 secs] [Times: user=0.48 sys=0.00, real=0.51 secs] 
2020-03-19T14:45:38.147+0800: 20341.771: [Full GC (Metadata GC Threshold) 2020-03-19T14:45:38.147+0800: 20341.771: [CMS: 113076K->113076K(237276K), 0.4736358 secs] 113122K->113076K(414236K), [Metaspace: 121122K->121122K(1165312K)], 0.4740137 secs] [Times: user=0.46 sys=0.00, real=0.47 secs] 
2020-03-19T14:45:38.621+0800: 20342.245: [Full GC (Last ditch collection) 2020-03-19T14:45:38.621+0800: 20342.246: [CMS: 113076K->113068K(237276K), 0.4531430 secs] 113076K->113068K(414236K), [Metaspace: 121122K->121122K(1165312K)], 0.4534914 secs] [Times: user=0.45 sys=0.00, real=0.45 secs] 
2020-03-19T14:45:39.151+0800: 20342.776: [Full GC (Metadata GC Threshold) 2020-03-19T14:45:39.151+0800: 20342.776: [CMS: 113068K->113364K(237276K), 0.6216184 secs] 135663K->113364K(414236K), [Metaspace: 121122K->121122K(1165312K)], 0.6220771 secs] [Times: user=0.96 sys=0.00, real=0.62 secs] 
2020-03-19T14:45:39.774+0800: 20343.398: [Full GC (Last ditch collection) 2020-03-19T14:45:39.774+0800: 20343.398: [CMS: 113364K->113142K(237276K), 0.5061657 secs] 113364K->113142K(414236K), [Metaspace: 121122K->121122K(1165312K)], 0.5066015 secs] [Times: user=0.48 sys=0.00, real=0.51 secs] 
2020-03-19T14:45:40.307+0800: 20343.932: [GC (CMS Initial Mark) [1 CMS-initial-mark: 113142K(237276K)] 114598K(414236K), 0.0093463 secs] [Times: user=0.02 sys=0.00, real=0.00 secs] 
2020-03-19T14:45:40.317+0800: 20343.941: [CMS-concurrent-mark-start]
2020-03-19T14:45:40.442+0800: 20344.067: [Full GC (Metadata GC Threshold) 2020-03-19T14:45:40.442+0800: 20344.067: [CMS2020-03-19T14:45:40.587+0800: 20344.211: [CMS-concurrent-mark: 0.264/0.270 secs] [Times: user=0.36 sys=0.00, real=0.28 secs] 
 (concurrent mode failure): 113142K->113436K(237276K), 0.6867022 secs] 165581K->113436K(414236K), [Metaspace: 121127K->121127K(1165312K)], 0.6871546 secs] [Times: user=0.64 sys=0.00, real=0.69 secs] 
2020-03-19T14:45:41.130+0800: 20344.754: [Full GC (Last ditch collection) 2020-03-19T14:45:41.130+0800: 20344.754: [CMS: 113436K->113094K(237276K), 0.4319598 secs] 113436K->113094K(414236K), [Metaspace: 121127K->121127K(1165312K)], 0.4323388 secs] [Times: user=0.44 sys=0.00, real=0.43 secs] 
2020-03-19T14:45:41.564+0800: 20345.189: [Full GC (Metadata GC Threshold) 2020-03-19T14:45:41.565+0800: 20345.189: [CMS: 113094K->113094K(237276K), 0.5153911 secs] 113094K->113094K(414236K), [Metaspace: 121127K->121127K(1165312K)], 0.5158473 secs] [Times: user=0.49 sys=0.00, real=0.52 secs] 
2020-03-19T14:45:42.081+0800: 20345.705: [Full GC (Last ditch collection) 2020-03-19T14:45:42.081+0800: 20345.705: [CMS: 113094K->113094K(237276K), 0.4802467 secs] 113094K->113094K(414236K), [Metaspace: 121127K->121127K(1165312K)], 0.4806952 secs] [Times: user=0.47 sys=0.00, real=0.48 secs] 
2020-03-19T14:45:42.589+0800: 20346.214: [Full GC (Metadata GC Threshold) 2020-03-19T14:45:42.589+0800: 20346.214: [CMS: 113094K->113187K(237276K), 0.5998043 secs] 119046K->113187K(414236K), [Metaspace: 121129K->121129K(1165312K)], 0.6004002 secs] [Times: user=0.55 sys=0.00, real=0.60 secs] 
2020-03-19T14:45:43.190+0800: 20346.814: [Full GC (Last ditch collection) 2020-03-19T14:45:43.190+0800: 20346.814: [CMS: 113187K->113148K(237276K), 0.4352535 secs] 113187K->113148K(414236K), [Metaspace: 121129K->121129K(1165312K)], 0.4356360 secs] [Times: user=0.44 sys=0.00, real=0.43 secs] 
2020-03-19T14:45:43.628+0800: 20347.253: [GC (CMS Initial Mark) [1 CMS-initial-mark: 113148K(237276K)] 113152K(414236K), 0.0123341 secs] [Times: user=0.02 sys=0.00, real=0.01 secs] 
2020-03-19T14:45:43.641+0800: 20347.265: [CMS-concurrent-mark-start]
2020-03-19T14:45:43.650+0800: 20347.275: [Full GC (Metadata GC Threshold) 2020-03-19T14:45:43.651+0800: 20347.275: [CMS2020-03-19T14:45:43.843+0800: 20347.468: [CMS-concurrent-mark: 0.192/0.202 secs] [Times: user=0.20 sys=0.00, real=0.20 secs] 
 (concurrent mode failure): 113148K->113151K(237276K), 0.7237989 secs] 113903K->113151K(414236K), [Metaspace: 121129K->121129K(1165312K)], 0.7242601 secs] [Times: user=0.71 sys=0.00, real=0.72 secs] 
2020-03-19T14:45:44.375+0800: 20348.000: [Full GC (Last ditch collection) 2020-03-19T14:45:44.375+0800: 20348.000: [CMS: 113151K->113149K(237276K), 0.4870061 secs] 113151K->113149K(414236K), [Metaspace: 121129K->121129K(1165312K)], 0.4875230 secs] [Times: user=0.45 sys=0.00, real=0.50 secs] 
2020-03-19T14:45:44.897+0800: 20348.521: [Full GC (Metadata GC Threshold) 2020-03-19T14:45:44.897+0800: 20348.521: [CMS: 113149K->113282K(237276K), 0.4961671 secs] 115994K->113282K(414236K), [Metaspace: 121129K->121129K(1165312K)], 0.4965847 secs] [Times: user=0.53 sys=0.00, real=0.50 secs] 
2020-03-19T14:45:45.394+0800: 20349.018: [Full GC (Last ditch collection) 2020-03-19T14:45:45.394+0800: 20349.018: [CMS: 113282K->113246K(237276K), 0.4743689 secs] 113282K->113246K(414236K), [Metaspace: 121129K->121129K(1165312K)], 0.4747858 secs] [Times: user=0.47 sys=0.00, real=0.48 secs] 
2020-03-19T14:45:45.872+0800: 20349.496: [Full GC (Metadata GC Threshold) 2020-03-19T14:45:45.872+0800: 20349.496: [CMS: 113246K->113247K(237276K), 0.6510094 secs] 113254K->113247K(414236K), [Metaspace: 121129K->121129K(1165312K)], 0.6514776 secs] [Times: user=0.51 sys=0.00, real=0.65 secs] 
2020-03-19T14:45:46.524+0800: 20350.148: [Full GC (Last ditch collection) 2020-03-19T14:45:46.524+0800: 20350.148: [CMS: 113247K->113247K(237276K), 0.4450629 secs] 113247K->113247K(414236K), [Metaspace: 121129K->121129K(1165312K)], 0.4454662 secs] [Times: user=0.45 sys=0.00, real=0.45 secs] 
2020-03-19T14:45:46.972+0800: 20350.596: [GC (CMS Initial Mark) [1 CMS-initial-mark: 113247K(237276K)] 113249K(414236K), 0.0070447 secs] [Times: user=0.01 sys=0.00, real=0.01 secs] 
2020-03-19T14:45:46.979+0800: 20350.604: [CMS-concurrent-mark-start]
2020-03-19T14:45:47.528+0800: 20351.153: [Full GC (Metadata GC Threshold) 2020-03-19T14:45:47.529+0800: 20351.153: [CMS2020-03-19T14:45:47.573+0800: 20351.198: [CMS-concurrent-mark: 0.586/0.594 secs] [Times: user=1.06 sys=0.00, real=0.59 secs] 
 (concurrent mode failure): 113247K->114707K(237276K), 0.6040292 secs] 199616K->114707K(414236K), [Metaspace: 121203K->121203K(1165312K)], 0.6045292 secs] [Times: user=0.59 sys=0.00, real=0.60 secs] 
2020-03-19T14:45:48.133+0800: 20351.758: [Full GC (Last ditch collection) 2020-03-19T14:45:48.133+0800: 20351.758: [CMS: 114707K->114395K(237276K), 0.4818092 secs] 114707K->114395K(414236K), [Metaspace: 121203K->121203K(1165312K)], 0.4823122 secs] [Times: user=0.47 sys=0.00, real=0.48 secs] 
2020-03-19T14:45:48.619+0800: 20352.244: [Full GC (Metadata GC Threshold) 2020-03-19T14:45:48.619+0800: 20352.244: [CMS: 114395K->114396K(237276K), 0.4674711 secs] 114399K->114396K(414236K), [Metaspace: 121203K->121203K(1165312K)], 0.4679019 secs] [Times: user=0.46 sys=0.00, real=0.47 secs] 
2020-03-19T14:45:49.087+0800: 20352.712: [Full GC (Last ditch collection) 2020-03-19T14:45:49.087+0800: 20352.712: [CMS: 114396K->114396K(237276K), 0.4467082 secs] 114396K->114396K(414236K), [Metaspace: 121203K->121203K(1165312K)], 0.4470974 secs] [Times: user=0.44 sys=0.00, real=0.44 secs] 
2020-03-19T14:45:49.545+0800: 20353.169: [Full GC (Metadata GC Threshold) 2020-03-19T14:45:49.545+0800: 20353.169: [CMS: 114396K->114496K(237276K), 0.6305250 secs] 115164K->114496K(414236K), [Metaspace: 121203K->121203K(1165312K)], 0.6310124 secs] [Times: user=0.52 sys=0.00, real=0.63 secs] 
2020-03-19T14:45:50.176+0800: 20353.801: [Full GC (Last ditch collection) 2020-03-19T14:45:50.176+0800: 20353.801: [CMS: 114496K->114420K(237276K), 0.4766210 secs] 114496K->114420K(414236K), [Metaspace: 121203K->121203K(1165312K)], 0.4770842 secs] [Times: user=0.47 sys=0.00, real=0.48 secs] 
2020-03-19T14:45:50.692+0800: 20354.317: [Full GC (Metadata GC Threshold) 2020-03-19T14:45:50.692+0800: 20354.317: [CMS: 114420K->114620K(237276K), 0.4779365 secs] 130559K->114620K(414236K), [Metaspace: 121203K->121203K(1165312K)], 0.4783633 secs] [Times: user=0.48 sys=0.00, real=0.48 secs] 
2020-03-19T14:45:51.171+0800: 20354.795: [Full GC (Last ditch collection) 2020-03-19T14:45:51.171+0800: 20354.795: [CMS: 114620K->114392K(237276K), 0.4380758 secs] 114620K->114392K(414236K), [Metaspace: 121203K->121203K(1165312K)], 0.4384718 secs] [Times: user=0.44 sys=0.00, real=0.44 secs] 
2020-03-19T14:45:51.612+0800: 20355.236: [Full GC (Metadata GC Threshold) 2020-03-19T14:45:51.612+0800: 20355.236: [CMS: 114392K->114392K(237276K), 0.4810095 secs] 114392K->114392K(414236K), [Metaspace: 121203K->121203K(1165312K)], 0.4814709 secs] [Times: user=0.47 sys=0.00, real=0.48 secs] 
2020-03-19T14:45:52.093+0800: 20355.718: [Full GC (Last ditch collection) 2020-03-19T14:45:52.094+0800: 20355.718: [CMS: 114392K->114392K(237276K), 0.4462588 secs] 114392K->114392K(414236K), [Metaspace: 121203K->121203K(1165312K)], 0.4466849 secs] [Times: user=0.45 sys=0.00, real=0.45 secs] 
2020-03-19T14:45:52.546+0800: 20356.170: [GC (CMS Initial Mark) [1 CMS-initial-mark: 114392K(237276K)] 115144K(414236K), 0.0076243 secs] [Times: user=0.01 sys=0.00, real=0.01 secs] 
2020-03-19T14:45:52.553+0800: 20356.178: [CMS-concurrent-mark-start]
2020-03-19T14:45:52.574+0800: 20356.199: [Full GC (Metadata GC Threshold) 2020-03-19T14:45:52.574+0800: 20356.199: [CMS2020-03-19T14:45:52.759+0800: 20356.383: [CMS-concurrent-mark: 0.198/0.205 secs] [Times: user=0.22 sys=0.00, real=0.21 secs] 
 (concurrent mode failure): 114392K->114501K(237276K), 0.6856668 secs] 120807K->114501K(414236K), [Metaspace: 121203K->121203K(1165312K)], 0.6861324 secs] [Times: user=0.68 sys=0.00, real=0.69 secs] 
2020-03-19T14:45:53.260+0800: 20356.885: [Full GC (Last ditch collection) 2020-03-19T14:45:53.261+0800: 20356.885: [CMS: 114501K->114397K(237276K), 0.4739088 secs] 114501K->114397K(414236K), [Metaspace: 121203K->121203K(1165312K)], 0.4743358 secs] [Times: user=0.46 sys=0.00, real=0.47 secs] 
2020-03-19T14:45:53.738+0800: 20357.363: [Full GC (Metadata GC Threshold) 2020-03-19T14:45:53.738+0800: 20357.363: [CMS: 114397K->114394K(237276K), 0.5003116 secs] 114447K->114394K(414236K), [Metaspace: 121203K->121203K(1165312K)], 0.5007090 secs] [Times: user=0.49 sys=0.00, real=0.51 secs] 
2020-03-19T14:45:54.239+0800: 20357.864: [Full GC (Last ditch collection) 2020-03-19T14:45:54.239+0800: 20357.864: [CMS: 114394K->114393K(237276K), 0.4549901 secs] 114394K->114393K(414236K), [Metaspace: 121203K->121203K(1165312K)], 0.4553889 secs] [Times: user=0.46 sys=0.00, real=0.45 secs] 
2020-03-19T14:45:54.698+0800: 20358.323: [GC (CMS Initial Mark) [1 CMS-initial-mark: 114393K(237276K)] 114444K(414236K), 0.0078587 secs] [Times: user=0.01 sys=0.00, real=0.01 secs] 
2020-03-19T14:45:54.706+0800: 20358.331: [CMS-concurrent-mark-start]
2020-03-19T14:45:54.720+0800: 20358.345: [Full GC (Metadata GC Threshold) 2020-03-19T14:45:54.721+0800: 20358.345: [CMS2020-03-19T14:45:54.903+0800: 20358.528: [CMS-concurrent-mark: 0.187/0.197 secs] [Times: user=0.20 sys=0.00, real=0.19 secs] 
 (concurrent mode failure): 114393K->114503K(237276K), 0.7019606 secs] 116236K->114503K(414236K), [Metaspace: 121205K->121205K(1165312K)], 0.7023866 secs] [Times: user=0.68 sys=0.00, real=0.70 secs] 
2020-03-19T14:45:55.423+0800: 20359.048: [Full GC (Last ditch collection) 2020-03-19T14:45:55.423+0800: 20359.048: [CMS: 114503K->114436K(237276K), 0.5799946 secs] 114503K->114436K(414236K), [Metaspace: 121205K->121205K(1165312K)], 0.5803669 secs] [Times: user=0.51 sys=0.00, real=0.58 secs] 
2020-03-19T14:45:56.007+0800: 20359.631: [Full GC (Metadata GC Threshold) 2020-03-19T14:45:56.007+0800: 20359.631: [CMS: 114436K->114436K(237276K), 0.4790298 secs] 114445K->114436K(414236K), [Metaspace: 121205K->121205K(1165312K)], 0.4794418 secs] [Times: user=0.48 sys=0.00, real=0.48 secs] 
2020-03-19T14:45:56.486+0800: 20360.111: [Full GC (Last ditch collection) 2020-03-19T14:45:56.486+0800: 20360.111: [CMS: 114436K->114425K(237276K), 0.4785086 secs] 114436K->114425K(414236K), [Metaspace: 121205K->121205K(1165312K)], 0.4788924 secs] [Times: user=0.46 sys=0.00, real=0.47 secs] 
2020-03-19T14:45:56.968+0800: 20360.592: [Full GC (Metadata GC Threshold) 2020-03-19T14:45:56.968+0800: 20360.593: [CMS: 114425K->114426K(237276K), 0.4771838 secs] 114427K->114426K(414236K), [Metaspace: 121205K->121205K(1165312K)], 0.4775795 secs] [Times: user=0.47 sys=0.00, real=0.47 secs] 
2020-03-19T14:45:57.446+0800: 20361.070: [Full GC (Last ditch collection) 2020-03-19T14:45:57.446+0800: 20361.070: [CMS: 114426K->114426K(237276K), 0.7403993 secs] 114426K->114426K(414236K), [Metaspace: 121205K->121205K(1165312K)], 0.7407912 secs] [Times: user=0.56 sys=0.00, real=0.75 secs] 
2020-03-19T14:45:58.192+0800: 20361.817: [GC (CMS Initial Mark) [1 CMS-initial-mark: 114426K(237276K)] 114542K(414236K), 0.0080628 secs] [Times: user=0.01 sys=0.00, real=0.01 secs] 
2020-03-19T14:45:58.201+0800: 20361.825: [CMS-concurrent-mark-start]
2020-03-19T14:45:58.232+0800: 20361.857: [Full GC (Metadata GC Threshold) 2020-03-19T14:45:58.233+0800: 20361.857: [CMS2020-03-19T14:45:58.412+0800: 20362.036: [CMS-concurrent-mark: 0.204/0.211 secs] [Times: user=0.23 sys=0.00, real=0.21 secs] 
 (concurrent mode failure): 114426K->114746K(237276K), 0.6996520 secs] 118300K->114746K(414236K), [Metaspace: 121205K->121205K(1165312K)], 0.7000862 secs] [Times: user=0.69 sys=0.00, real=0.70 secs] 
2020-03-19T14:45:58.933+0800: 20362.557: [Full GC (Last ditch collection) 2020-03-19T14:45:58.933+0800: 20362.557: [CMS: 114746K->114559K(237276K), 0.4387489 secs] 114746K->114559K(414236K), [Metaspace: 121205K->121205K(1165312K)], 0.4391313 secs] [Times: user=0.44 sys=0.00, real=0.44 secs] 
2020-03-19T14:45:59.375+0800: 20362.999: [Full GC (Metadata GC Threshold) 2020-03-19T14:45:59.375+0800: 20362.999: [CMS: 114559K->114559K(237276K), 0.5349079 secs] 114561K->114559K(414236K), [Metaspace: 121205K->121205K(1165312K)], 0.5353841 secs] [Times: user=0.48 sys=0.00, real=0.54 secs] 
2020-03-19T14:45:59.910+0800: 20363.535: [Full GC (Last ditch collection) 2020-03-19T14:45:59.910+0800: 20363.535: [CMS: 114559K->114559K(237276K), 0.5159351 secs] 114559K->114559K(414236K), [Metaspace: 121205K->121205K(1165312K)], 0.5164078 secs] [Times: user=0.50 sys=0.00, real=0.52 secs] 
2020-03-19T14:46:00.429+0800: 20364.054: [GC (CMS Initial Mark) [1 CMS-initial-mark: 114559K(237276K)] 114559K(414236K), 0.0074050 secs] [Times: user=0.01 sys=0.00, real=0.00 secs] 
2020-03-19T14:46:00.437+0800: 20364.061: [CMS-concurrent-mark-start]
2020-03-19T14:46:00.449+0800: 20364.074: [Full GC (Metadata GC Threshold) 2020-03-19T14:46:00.450+0800: 20364.074: [CMS2020-03-19T14:46:00.632+0800: 20364.256: [CMS-concurrent-mark: 0.187/0.195 secs] [Times: user=0.20 sys=0.00, real=0.20 secs] 
 (concurrent mode failure): 114559K->114637K(237276K), 0.7422866 secs] 115580K->114637K(414236K), [Metaspace: 121205K->121205K(1165312K)], 0.7429295 secs] [Times: user=0.70 sys=0.00, real=0.74 secs] 
2020-03-19T14:46:01.193+0800: 20364.817: [Full GC (Last ditch collection) 2020-03-19T14:46:01.193+0800: 20364.817: [CMS: 114637K->114593K(237276K), 0.5403217 secs] 114637K->114593K(414236K), [Metaspace: 121205K->121205K(1165312K)], 0.5407645 secs] [Times: user=0.51 sys=0.00, real=0.54 secs] 
2020-03-19T14:46:01.736+0800: 20365.361: [Full GC (Metadata GC Threshold) 2020-03-19T14:46:01.736+0800: 20365.361: [CMS: 114593K->114593K(237276K), 0.4911363 secs] 114595K->114593K(414236K), [Metaspace: 121205K->121205K(1165312K)], 0.4915663 secs] [Times: user=0.49 sys=0.00, real=0.50 secs] 
2020-03-19T14:46:02.228+0800: 20365.853: [Full GC (Last ditch collection) 2020-03-19T14:46:02.228+0800: 20365.853: [CMS: 114593K->114593K(237276K), 0.4654678 secs] 114593K->114593K(414236K), [Metaspace: 121205K->121205K(1165312K)], 0.4658832 secs] [Times: user=0.45 sys=0.00, real=0.46 secs] 
2020-03-19T14:46:02.698+0800: 20366.322: [GC (CMS Initial Mark) [1 CMS-initial-mark: 114593K(237276K)] 114636K(414236K), 0.0080467 secs] [Times: user=0.01 sys=0.00, real=0.01 secs] 
2020-03-19T14:46:02.706+0800: 20366.331: [CMS-concurrent-mark-start]
2020-03-19T14:46:02.781+0800: 20366.405: [Full GC (Metadata GC Threshold) 2020-03-19T14:46:02.781+0800: 20366.405: [CMS2020-03-19T14:46:02.962+0800: 20366.586: [CMS-concurrent-mark: 0.245/0.256 secs] [Times: user=0.32 sys=0.00, real=0.25 secs] 
 (concurrent mode failure): 114593K->115135K(237276K), 0.6990047 secs] 142092K->115135K(414236K), [Metaspace: 121222K->121222K(1165312K)], 0.6994308 secs] [Times: user=0.68 sys=0.00, real=0.70 secs] 
2020-03-19T14:46:03.480+0800: 20367.105: [Full GC (Last ditch collection) 2020-03-19T14:46:03.481+0800: 20367.105: [CMS: 115135K->114875K(237276K), 0.4954591 secs] 115135K->114875K(414236K), [Metaspace: 121222K->121222K(1165312K)], 0.4958411 secs] [Times: user=0.50 sys=0.00, real=0.49 secs] 
2020-03-19T14:46:03.983+0800: 20367.607: [Full GC (Metadata GC Threshold) 2020-03-19T14:46:03.983+0800: 20367.607: [CMS: 114875K->114882K(237276K), 0.5183747 secs] 115075K->114882K(414236K), [Metaspace: 121225K->121225K(1165312K)], 0.5188288 secs] [Times: user=0.52 sys=0.00, real=0.52 secs] 
2020-03-19T14:46:04.502+0800: 20368.126: [Full GC (Last ditch collection) 2020-03-19T14:46:04.502+0800: 20368.126: [CMS: 114882K->114882K(237276K), 0.4884417 secs] 114882K->114882K(414236K), [Metaspace: 121225K->121225K(1165312K)], 0.4888085 secs] [Times: user=0.48 sys=0.00, real=0.49 secs] 
2020-03-19T14:46:04.993+0800: 20368.618: [Full GC (Metadata GC Threshold) 2020-03-19T14:46:04.993+0800: 20368.618: [CMS: 114882K->114882K(237276K), 0.4810703 secs] 114888K->114882K(414236K), [Metaspace: 121225K->121225K(1165312K)], 0.4814867 secs] [Times: user=0.48 sys=0.00, real=0.48 secs] 
2020-03-19T14:46:05.475+0800: 20369.100: [Full GC (Last ditch collection) 2020-03-19T14:46:05.475+0800: 20369.100: [CMS: 114882K->114882K(237276K), 0.5189701 secs] 114882K->114882K(414236K), [Metaspace: 121225K->121225K(1165312K)], 0.5193819 secs] [Times: user=0.50 sys=0.00, real=0.52 secs] 
2020-03-19T14:46:06.000+0800: 20369.625: [GC (CMS Initial Mark) [1 CMS-initial-mark: 114882K(237276K)] 116658K(414236K), 0.0084417 secs] [Times: user=0.02 sys=0.00, real=0.01 secs] 
2020-03-19T14:46:06.009+0800: 20369.634: [CMS-concurrent-mark-start]
2020-03-19T14:46:06.029+0800: 20369.654: [Full GC (Metadata GC Threshold) 2020-03-19T14:46:06.029+0800: 20369.654: [CMS2020-03-19T14:46:06.235+0800: 20369.859: [CMS-concurrent-mark: 0.217/0.225 secs] [Times: user=0.23 sys=0.00, real=0.22 secs] 
 (concurrent mode failure): 114882K->114907K(237276K), 0.6912870 secs] 120489K->114907K(414236K), [Metaspace: 121228K->121228K(1165312K)], 0.6917438 secs] [Times: user=0.67 sys=0.00, real=0.69 secs] 
2020-03-19T14:46:06.721+0800: 20370.346: [Full GC (Last ditch collection) 2020-03-19T14:46:06.721+0800: 20370.346: [CMS: 114907K->114827K(237276K), 0.4631724 secs] 114907K->114827K(414236K), [Metaspace: 121228K->121228K(1165312K)], 0.4635463 secs] [Times: user=0.46 sys=0.00, real=0.46 secs] 
2020-03-19T14:46:07.188+0800: 20370.812: [Full GC (Metadata GC Threshold) 2020-03-19T14:46:07.188+0800: 20370.812: [CMS: 114827K->114827K(237276K), 0.4462225 secs] 114870K->114827K(414236K), [Metaspace: 121228K->121228K(1165312K)], 0.4467243 secs] [Times: user=0.44 sys=0.00, real=0.44 secs] 
2020-03-19T14:46:07.635+0800: 20371.259: [Full GC (Last ditch collection) 2020-03-19T14:46:07.635+0800: 20371.259: [CMS: 114827K->114827K(237276K), 0.5067830 secs] 114827K->114827K(414236K), [Metaspace: 121228K->121228K(1165312K)], 0.5072470 secs] [Times: user=0.49 sys=0.00, real=0.51 secs] 
2020-03-19T14:46:08.437+0800: 20372.062: [Full GC (Metadata GC Threshold) 2020-03-19T14:46:08.437+0800: 20372.062: [CMS: 114827K->118388K(237276K), 0.5370456 secs] 193742K->118388K(414236K), [Metaspace: 121268K->121268K(1165312K)], 0.5375724 secs] [Times: user=0.52 sys=0.00, real=0.54 secs] 
2020-03-19T14:46:08.975+0800: 20372.600: [Full GC (Last ditch collection) 2020-03-19T14:46:08.975+0800: 20372.600: [CMS: 118388K->117905K(237276K), 0.4432967 secs] 118388K->117905K(414236K), [Metaspace: 121268K->121268K(1165312K)], 0.4436825 secs] [Times: user=0.45 sys=0.00, real=0.45 secs] 
2020-03-19T14:46:09.421+0800: 20373.046: [Full GC (Metadata GC Threshold) 2020-03-19T14:46:09.421+0800: 20373.046: [CMS: 117905K->117905K(237276K), 0.4832984 secs] 117960K->117905K(414236K), [Metaspace: 121268K->121268K(1165312K)], 0.4837268 secs] [Times: user=0.47 sys=0.00, real=0.48 secs] 
2020-03-19T14:46:09.905+0800: 20373.530: [Full GC (Last ditch collection) 2020-03-19T14:46:09.906+0800: 20373.530: [CMS: 117905K->117905K(237276K), 0.5113641 secs] 117905K->117905K(414236K), [Metaspace: 121268K->121268K(1165312K)], 0.5117984 secs] [Times: user=0.49 sys=0.00, real=0.51 secs] 
2020-03-19T14:46:10.420+0800: 20374.044: [GC (CMS Initial Mark) [1 CMS-initial-mark: 117905K(237276K)] 117907K(414236K), 0.0073679 secs] [Times: user=0.01 sys=0.00, real=0.01 secs] 
2020-03-19T14:46:10.428+0800: 20374.052: [CMS-concurrent-mark-start]
2020-03-19T14:46:10.448+0800: 20374.072: [Full GC (Metadata GC Threshold) 2020-03-19T14:46:10.448+0800: 20374.072: [CMS2020-03-19T14:46:10.629+0800: 20374.253: [CMS-concurrent-mark: 0.194/0.201 secs] [Times: user=0.21 sys=0.00, real=0.20 secs] 
 (concurrent mode failure): 117905K->117784K(237276K), 0.6948911 secs] 122917K->117784K(414236K), [Metaspace: 121268K->121268K(1165312K)], 0.6953335 secs] [Times: user=0.64 sys=0.00, real=0.69 secs] 
2020-03-19T14:46:11.143+0800: 20374.768: [Full GC (Last ditch collection) 2020-03-19T14:46:11.143+0800: 20374.768: [CMS: 117784K->117764K(237276K), 0.4445591 secs] 117784K->117764K(414236K), [Metaspace: 121268K->121268K(1165312K)], 0.4449304 secs] [Times: user=0.44 sys=0.00, real=0.45 secs] 
2020-03-19T14:46:11.599+0800: 20375.224: [Full GC (Metadata GC Threshold) 2020-03-19T14:46:11.599+0800: 20375.224: [CMS: 117764K->117820K(237276K), 0.5614237 secs] 124666K->117820K(414236K), [Metaspace: 121268K->121268K(1165312K)], 0.5618371 secs] [Times: user=0.52 sys=0.00, real=0.56 secs] 
2020-03-19T14:46:12.161+0800: 20375.786: [Full GC (Last ditch collection) 2020-03-19T14:46:12.162+0800: 20375.786: [CMS: 117820K->117780K(237276K), 0.5111400 secs] 117820K->117780K(414236K), [Metaspace: 121268K->121268K(1165312K)], 0.5116022 secs] [Times: user=0.49 sys=0.00, real=0.51 secs] 
2020-03-19T14:46:12.681+0800: 20376.306: [Full GC (Metadata GC Threshold) 2020-03-19T14:46:12.682+0800: 20376.306: [CMS: 117780K->117786K(237276K), 0.5814780 secs] 118182K->117786K(414236K), [Metaspace: 121272K->121272K(1165312K)], 0.5819282 secs] [Times: user=0.54 sys=0.00, real=0.58 secs] 
2020-03-19T14:46:13.264+0800: 20376.888: [Full GC (Last ditch collection) 2020-03-19T14:46:13.264+0800: 20376.888: [CMS: 117786K->117784K(237276K), 0.4485370 secs] 117786K->117784K(414236K), [Metaspace: 121272K->121272K(1165312K)], 0.4489028 secs] [Times: user=0.44 sys=0.00, real=0.45 secs] 
2020-03-19T14:46:13.722+0800: 20377.346: [GC (CMS Initial Mark) [1 CMS-initial-mark: 117784K(237276K)] 118232K(414236K), 0.0083570 secs] [Times: user=0.02 sys=0.00, real=0.01 secs] 
2020-03-19T14:46:13.731+0800: 20377.355: [CMS-concurrent-mark-start]
2020-03-19T14:46:13.752+0800: 20377.377: [Full GC (Metadata GC Threshold) 2020-03-19T14:46:13.753+0800: 20377.377: [CMS2020-03-19T14:46:13.958+0800: 20377.583: [CMS-concurrent-mark: 0.220/0.228 secs] [Times: user=0.23 sys=0.00, real=0.23 secs] 
 (concurrent mode failure): 117784K->117788K(237276K), 0.7113833 secs] 124780K->117788K(414236K), [Metaspace: 121272K->121272K(1165312K)], 0.7118942 secs] [Times: user=0.68 sys=0.00, real=0.71 secs] 
2020-03-19T14:46:14.465+0800: 20378.089: [Full GC (Last ditch collection) 2020-03-19T14:46:14.465+0800: 20378.089: [CMS: 117788K->117786K(237276K), 0.4935836 secs] 117788K->117786K(414236K), [Metaspace: 121272K->121272K(1165312K)], 0.4939576 secs] [Times: user=0.48 sys=0.00, real=0.50 secs] 
2020-03-19T14:46:14.971+0800: 20378.595: [Full GC (Metadata GC Threshold) 2020-03-19T14:46:14.971+0800: 20378.595: [CMS: 117786K->117952K(237276K), 0.4474009 secs] 121931K->117952K(414236K), [Metaspace: 121272K->121272K(1165312K)], 0.4478096 secs] [Times: user=0.45 sys=0.00, real=0.45 secs] 
2020-03-19T14:46:15.419+0800: 20379.043: [Full GC (Last ditch collection) 2020-03-19T14:46:15.419+0800: 20379.044: [CMS: 117952K->117798K(237276K), 0.4841173 secs] 117952K->117798K(414236K), [Metaspace: 121272K->121272K(1165312K)], 0.4845369 secs] [Times: user=0.47 sys=0.00, real=0.48 secs] 
2020-03-19T14:46:15.907+0800: 20379.531: [Full GC (Metadata GC Threshold) 2020-03-19T14:46:15.907+0800: 20379.531: [CMS: 117798K->117798K(237276K), 0.6615150 secs] 117816K->117798K(414236K), [Metaspace: 121272K->121272K(1165312K)], 0.6619918 secs] [Times: user=0.51 sys=0.00, real=0.66 secs] 
2020-03-19T14:46:16.569+0800: 20380.193: [Full GC (Last ditch collection) 2020-03-19T14:46:16.569+0800: 20380.194: [CMS: 117798K->117798K(237276K), 0.4657237 secs] 117798K->117798K(414236K), [Metaspace: 121272K->121272K(1165312K)], 0.4660982 secs] [Times: user=0.46 sys=0.00, real=0.46 secs] 
2020-03-19T14:46:17.054+0800: 20380.679: [GC (CMS Initial Mark) [1 CMS-initial-mark: 117798K(237276K)] 122611K(414236K), 0.0097057 secs] [Times: user=0.02 sys=0.00, real=0.01 secs] 
2020-03-19T14:46:17.064+0800: 20380.689: [CMS-concurrent-mark-start]
2020-03-19T14:46:17.211+0800: 20380.836: [Full GC (Metadata GC Threshold) 2020-03-19T14:46:17.211+0800: 20380.836: [CMS2020-03-19T14:46:17.352+0800: 20380.976: [CMS-concurrent-mark: 0.264/0.287 secs] [Times: user=0.39 sys=0.00, real=0.29 secs] 
 (concurrent mode failure): 117798K->118036K(237276K), 0.6583814 secs] 147022K->118036K(414236K), [Metaspace: 121285K->121285K(1165312K)], 0.6588763 secs] [Times: user=0.65 sys=0.00, real=0.66 secs] 
2020-03-19T14:46:17.870+0800: 20381.495: [Full GC (Last ditch collection) 2020-03-19T14:46:17.871+0800: 20381.495: [CMS: 118036K->117827K(237276K), 0.5855734 secs] 118036K->117827K(414236K), [Metaspace: 121285K->121285K(1165312K)], 0.5859921 secs] [Times: user=0.53 sys=0.00, real=0.58 secs] 
2020-03-19T14:46:18.467+0800: 20382.092: [Full GC (Metadata GC Threshold) 2020-03-19T14:46:18.467+0800: 20382.092: [CMS: 117827K->117935K(237276K), 0.4877231 secs] 118592K->117935K(414236K), [Metaspace: 121285K->121285K(1165312K)], 0.4881501 secs] [Times: user=0.47 sys=0.00, real=0.48 secs] 
2020-03-19T14:46:18.955+0800: 20382.580: [Full GC (Last ditch collection) 2020-03-19T14:46:18.956+0800: 20382.580: [CMS: 117935K->117852K(237276K), 0.4704124 secs] 117935K->117852K(414236K), [Metaspace: 121285K->121285K(1165312K)], 0.4707977 secs] [Times: user=0.47 sys=0.00, real=0.48 secs] 
2020-03-19T14:46:19.466+0800: 20383.090: [Full GC (Metadata GC Threshold) 2020-03-19T14:46:19.466+0800: 20383.090: [CMS: 117852K->118015K(237276K), 0.6484504 secs] 122191K->118015K(414236K), [Metaspace: 121285K->121285K(1165312K)], 0.6489419 secs] [Times: user=0.55 sys=0.00, real=0.65 secs] 
2020-03-19T14:46:20.115+0800: 20383.739: [Full GC (Last ditch collection) 2020-03-19T14:46:20.115+0800: 20383.740: [CMS: 118015K->117822K(237276K), 0.4820858 secs] 118015K->117822K(414236K), [Metaspace: 121285K->121285K(1165312K)], 0.4824420 secs] [Times: user=0.47 sys=0.00, real=0.48 secs] 
2020-03-19T14:46:20.622+0800: 20384.246: [Full GC (Metadata GC Threshold) 2020-03-19T14:46:20.622+0800: 20384.246: [CMS: 117822K->117873K(237276K), 0.4728354 secs] 123160K->117873K(414236K), [Metaspace: 121285K->121285K(1165312K)], 0.4732941 secs] [Times: user=0.47 sys=0.00, real=0.47 secs] 
2020-03-19T14:46:21.095+0800: 20384.720: [Full GC (Last ditch collection) 2020-03-19T14:46:21.095+0800: 20384.720: [CMS: 117873K->117830K(237276K), 0.4400804 secs] 117873K->117830K(414236K), [Metaspace: 121285K->121285K(1165312K)], 0.4404472 secs] [Times: user=0.44 sys=0.00, real=0.44 secs] 
2020-03-19T14:46:21.538+0800: 20385.163: [GC (CMS Initial Mark) [1 CMS-initial-mark: 117830K(237276K)] 117830K(414236K), 0.0075101 secs] [Times: user=0.02 sys=0.00, real=0.00 secs] 
2020-03-19T14:46:21.546+0800: 20385.171: [CMS-concurrent-mark-start]
2020-03-19T14:46:21.566+0800: 20385.190: [Full GC (Metadata GC Threshold) 2020-03-19T14:46:21.566+0800: 20385.191: [CMS2020-03-19T14:46:21.758+0800: 20385.383: [CMS-concurrent-mark: 0.203/0.212 secs] [Times: user=0.22 sys=0.00, real=0.21 secs] 
 (concurrent mode failure): 117830K->117928K(237276K), 0.6911700 secs] 122850K->117928K(414236K), [Metaspace: 121285K->121285K(1165312K)], 0.6916841 secs] [Times: user=0.67 sys=0.00, real=0.69 secs] 
2020-03-19T14:46:22.258+0800: 20385.882: [Full GC (Last ditch collection) 2020-03-19T14:46:22.258+0800: 20385.883: [CMS: 117928K->117848K(237276K), 0.4638120 secs] 117928K->117848K(414236K), [Metaspace: 121285K->121285K(1165312K)], 0.4642481 secs] [Times: user=0.46 sys=0.00, real=0.47 secs] 
2020-03-19T14:46:22.729+0800: 20386.354: [Full GC (Metadata GC Threshold) 2020-03-19T14:46:22.729+0800: 20386.354: [CMS: 117848K->117898K(237276K), 0.4983689 secs] 118093K->117898K(414236K), [Metaspace: 121285K->121285K(1165312K)], 0.4988098 secs] [Times: user=0.49 sys=0.00, real=0.50 secs] 
2020-03-19T14:46:23.228+0800: 20386.853: [Full GC (Last ditch collection) 2020-03-19T14:46:23.228+0800: 20386.853: [CMS: 117898K->117860K(237276K), 0.4597745 secs] 117898K->117860K(414236K), [Metaspace: 121285K->121285K(1165312K)], 0.4601877 secs] [Times: user=0.46 sys=0.00, real=0.46 secs] 
2020-03-19T14:46:24.159+0800: 20387.784: [Full GC (Metadata GC Threshold) 2020-03-19T14:46:24.159+0800: 20387.784: [CMS: 117860K->117976K(237276K), 0.6819353 secs] 147501K->117976K(414236K), [Metaspace: 121325K->121325K(1165312K)], 0.6824683 secs] [Times: user=0.62 sys=0.00, real=0.68 secs] 
2020-03-19T14:46:24.842+0800: 20388.467: [Full GC (Last ditch collection) 2020-03-19T14:46:24.842+0800: 20388.467: [CMS: 117976K->117731K(237276K), 0.4512403 secs] 117976K->117731K(414236K), [Metaspace: 121325K->121325K(1165312K)], 0.4516238 secs] [Times: user=0.44 sys=0.00, real=0.45 secs] 
2020-03-19T14:46:25.296+0800: 20388.921: [Full GC (Metadata GC Threshold) 2020-03-19T14:46:25.296+0800: 20388.921: [CMS: 117731K->117731K(237276K), 0.4734636 secs] 117733K->117731K(414236K), [Metaspace: 121325K->121325K(1165312K)], 0.4738890 secs] [Times: user=0.46 sys=0.00, real=0.48 secs] 
2020-03-19T14:46:25.770+0800: 20389.395: [Full GC (Last ditch collection) 2020-03-19T14:46:25.771+0800: 20389.395: [CMS: 117731K->117731K(237276K), 0.5334596 secs] 117731K->117731K(414236K), [Metaspace: 121325K->121325K(1165312K)], 0.5338437 secs] [Times: user=0.52 sys=0.00, real=0.53 secs] 
2020-03-19T14:46:26.307+0800: 20389.931: [Full GC (Metadata GC Threshold) 2020-03-19T14:46:26.307+0800: 20389.932: [CMS (concurrent mode failure): 117731K->117731K(237276K), 0.4808327 secs] 117733K->117731K(414236K), [Metaspace: 121325K->121325K(1165312K)], 0.4812205 secs] [Times: user=0.47 sys=0.00, real=0.48 secs] 
2020-03-19T14:46:26.788+0800: 20390.413: [Full GC (Last ditch collection) 2020-03-19T14:46:26.789+0800: 20390.413: [CMS: 117731K->117731K(237276K), 0.4814389 secs] 117731K->117731K(414236K), [Metaspace: 121325K->121325K(1165312K)], 0.4818540 secs] [Times: user=0.47 sys=0.00, real=0.48 secs] 
2020-03-19T14:46:27.273+0800: 20390.897: [Full GC (Metadata GC Threshold) 2020-03-19T14:46:27.273+0800: 20390.898: [CMS: 117731K->117731K(237276K), 0.4753405 secs] 117740K->117731K(414236K), [Metaspace: 121325K->121325K(1165312K)], 0.4757610 secs] [Times: user=0.47 sys=0.00, real=0.48 secs] 
2020-03-19T14:46:27.749+0800: 20391.373: [Full GC (Last ditch collection) 2020-03-19T14:46:27.749+0800: 20391.374: [CMS: 117731K->117731K(237276K), 0.5959344 secs] 117731K->117731K(414236K), [Metaspace: 121325K->121325K(1165312K)], 0.5963676 secs] [Times: user=0.53 sys=0.00, real=0.59 secs] 
2020-03-19T14:46:28.350+0800: 20391.974: [Full GC (Metadata GC Threshold) 2020-03-19T14:46:28.350+0800: 20391.974: [CMS: 117731K->117765K(237276K), 0.4617367 secs] 118007K->117765K(414236K), [Metaspace: 121325K->121325K(1165312K)], 0.4622009 secs] [Times: user=0.45 sys=0.00, real=0.46 secs] 
2020-03-19T14:46:28.812+0800: 20392.437: [Full GC (Last ditch collection) 2020-03-19T14:46:28.812+0800: 20392.437: [CMS: 117765K->117762K(237276K), 0.4810448 secs] 117765K->117762K(414236K), [Metaspace: 121325K->121325K(1165312K)], 0.4814839 secs] [Times: user=0.47 sys=0.00, real=0.48 secs] 
2020-03-19T14:46:29.296+0800: 20392.921: [Full GC (Metadata GC Threshold) 2020-03-19T14:46:29.297+0800: 20392.921: [CMS: 117762K->117762K(237276K), 0.4958880 secs] 117774K->117762K(414236K), [Metaspace: 121325K->121325K(1165312K)], 0.4962952 secs] [Times: user=0.47 sys=0.00, real=0.50 secs] 
2020-03-19T14:46:29.793+0800: 20393.418: [Full GC (Last ditch collection) 2020-03-19T14:46:29.793+0800: 20393.418: [CMS: 117762K->117762K(237276K), 0.5263305 secs] 117762K->117762K(414236K), [Metaspace: 121325K->121325K(1165312K)], 0.5267361 secs] [Times: user=0.52 sys=0.00, real=0.53 secs] 
2020-03-19T14:46:30.324+0800: 20393.948: [Full GC (Metadata GC Threshold) 2020-03-19T14:46:30.324+0800: 20393.948: [CMS: 117762K->117765K(237276K), 0.4743666 secs] 117832K->117765K(414236K), [Metaspace: 121325K->121325K(1165312K)], 0.4748504 secs] [Times: user=0.47 sys=0.00, real=0.48 secs] 
2020-03-19T14:46:30.799+0800: 20394.423: [Full GC (Last ditch collection) 2020-03-19T14:46:30.799+0800: 20394.423: [CMS: 117765K->117765K(237276K), 0.5802533 secs] 117765K->117765K(414236K), [Metaspace: 121325K->121325K(1165312K)], 0.5807194 secs] [Times: user=0.50 sys=0.00, real=0.58 secs] 
2020-03-19T14:46:31.382+0800: 20395.007: [GC (CMS Initial Mark) [1 CMS-initial-mark: 117765K(237276K)] 117779K(414236K), 0.0080876 secs] [Times: user=0.01 sys=0.00, real=0.01 secs] 
2020-03-19T14:46:31.391+0800: 20395.015: [CMS-concurrent-mark-start]
2020-03-19T14:46:31.417+0800: 20395.041: [Full GC (Metadata GC Threshold) 2020-03-19T14:46:31.417+0800: 20395.042: [CMS2020-03-19T14:46:31.594+0800: 20395.219: [CMS-concurrent-mark: 0.195/0.203 secs] [Times: user=0.22 sys=0.00, real=0.20 secs] 
 (concurrent mode failure): 117765K->118066K(237276K), 0.7017012 secs] 122953K->118066K(414236K), [Metaspace: 121325K->121325K(1165312K)], 0.7021275 secs] [Times: user=0.70 sys=0.00, real=0.71 secs] 
2020-03-19T14:46:32.119+0800: 20395.744: [Full GC (Last ditch collection) 2020-03-19T14:46:32.119+0800: 20395.744: [CMS: 118066K->117863K(237276K), 0.4790829 secs] 118066K->117863K(414236K), [Metaspace: 121325K->121325K(1165312K)], 0.4794764 secs] [Times: user=0.47 sys=0.00, real=0.48 secs] 
2020-03-19T14:46:32.602+0800: 20396.226: [Full GC (Metadata GC Threshold) 2020-03-19T14:46:32.602+0800: 20396.226: [CMS: 117863K->117863K(237276K), 0.4618697 secs] 117863K->117863K(414236K), [Metaspace: 121325K->121325K(1165312K)], 0.4622802 secs] [Times: user=0.46 sys=0.00, real=0.46 secs] 
2020-03-19T14:46:33.064+0800: 20396.689: [Full GC (Last ditch collection) 2020-03-19T14:46:33.064+0800: 20396.689: [CMS: 117863K->117863K(237276K), 0.4760784 secs] 117863K->117863K(414236K), [Metaspace: 121325K->121325K(1165312K)], 0.4764496 secs] [Times: user=0.46 sys=0.00, real=0.48 secs] 
2020-03-19T14:46:33.547+0800: 20397.171: [Full GC (Metadata GC Threshold) 2020-03-19T14:46:33.547+0800: 20397.171: [CMS: 117863K->117869K(237276K), 0.5012020 secs] 117998K->117869K(414236K), [Metaspace: 121325K->121325K(1165312K)], 0.5016914 secs] [Times: user=0.49 sys=0.00, real=0.50 secs] 
2020-03-19T14:46:34.049+0800: 20397.673: [Full GC (Last ditch collection) 2020-03-19T14:46:34.049+0800: 20397.673: [CMS: 117869K->117867K(237276K), 0.4816429 secs] 117869K->117867K(414236K), [Metaspace: 121325K->121325K(1165312K)], 0.4820741 secs] [Times: user=0.48 sys=0.00, real=0.48 secs] 
2020-03-19T14:46:34.533+0800: 20398.158: [Full GC (Metadata GC Threshold) 2020-03-19T14:46:34.533+0800: 20398.158: [CMS: 117867K->117868K(237276K), 0.5186683 secs] 117869K->117868K(414236K), [Metaspace: 121325K->121325K(1165312K)], 0.5190972 secs] [Times: user=0.49 sys=0.00, real=0.52 secs] 
2020-03-19T14:46:35.053+0800: 20398.677: [Full GC (Last ditch collection) 2020-03-19T14:46:35.053+0800: 20398.677: [CMS: 117868K->117868K(237276K), 0.4742865 secs] 117868K->117868K(414236K), [Metaspace: 121325K->121325K(1165312K)], 0.4759951 secs] [Times: user=0.47 sys=0.00, real=0.48 secs] 
2020-03-19T14:46:35.534+0800: 20399.159: [Full GC (Metadata GC Threshold) 2020-03-19T14:46:35.534+0800: 20399.159: [CMS: 117868K->117870K(237276K), 0.5449116 secs] 117924K->117870K(414236K), [Metaspace: 121325K->121325K(1165312K)], 0.5453579 secs] [Times: user=0.54 sys=0.00, real=0.55 secs] 
2020-03-19T14:46:36.080+0800: 20399.704: [Full GC (Last ditch collection) 2020-03-19T14:46:36.080+0800: 20399.705: [CMS: 117870K->117870K(237276K), 0.4679541 secs] 117870K->117870K(414236K), [Metaspace: 121325K->121325K(1165312K)], 0.4683299 secs] [Times: user=0.46 sys=0.00, real=0.47 secs] 
2020-03-19T14:46:36.551+0800: 20400.176: [Full GC (Metadata GC Threshold) 2020-03-19T14:46:36.551+0800: 20400.176: [CMS: 117870K->117870K(237276K), 0.4548357 secs] 117878K->117870K(414236K), [Metaspace: 121325K->121325K(1165312K)], 0.4552459 secs] [Times: user=0.45 sys=0.00, real=0.46 secs] 
2020-03-19T14:46:37.007+0800: 20400.631: [Full GC (Last ditch collection) 2020-03-19T14:46:37.007+0800: 20400.631: [CMS: 117870K->117870K(237276K), 0.4398135 secs] 117870K->117870K(414236K), [Metaspace: 121325K->121325K(1165312K)], 0.4401885 secs] [Times: user=0.44 sys=0.00, real=0.44 secs] 
2020-03-19T14:46:37.451+0800: 20401.076: [Full GC (Metadata GC Threshold) 2020-03-19T14:46:37.451+0800: 20401.076: [CMS: 117870K->117945K(237276K), 0.4760804 secs] 118015K->117945K(414236K), [Metaspace: 121325K->121325K(1165312K)], 0.4764727 secs] [Times: user=0.48 sys=0.00, real=0.48 secs] 
2020-03-19T14:46:37.928+0800: 20401.552: [Full GC (Last ditch collection) 2020-03-19T14:46:37.928+0800: 20401.552: [CMS: 117945K->117942K(237276K), 0.5269264 secs] 117945K->117942K(414236K), [Metaspace: 121325K->121325K(1165312K)], 0.5272858 secs] [Times: user=0.50 sys=0.00, real=0.52 secs] 
2020-03-19T14:46:38.458+0800: 20402.082: [Full GC (Metadata GC Threshold) 2020-03-19T14:46:38.458+0800: 20402.082: [CMS: 117942K->117942K(237276K), 0.4690859 secs] 117942K->117942K(414236K), [Metaspace: 121325K->121325K(1165312K)], 0.4694669 secs] [Times: user=0.46 sys=0.00, real=0.48 secs] 
2020-03-19T14:46:38.928+0800: 20402.552: [Full GC (Last ditch collection) 2020-03-19T14:46:38.928+0800: 20402.552: [CMS: 117942K->117942K(237276K), 0.4582223 secs] 117942K->117942K(414236K), [Metaspace: 121325K->121325K(1165312K)], 0.4586177 secs] [Times: user=0.46 sys=0.00, real=0.46 secs] 
2020-03-19T14:46:39.389+0800: 20403.014: [Full GC (Metadata GC Threshold) 2020-03-19T14:46:39.389+0800: 20403.014: [CMS: 117942K->117939K(237276K), 0.4785932 secs] 117959K->117939K(414236K), [Metaspace: 121325K->121325K(1165312K)], 0.4790009 secs] [Times: user=0.48 sys=0.00, real=0.48 secs] 
2020-03-19T14:46:39.869+0800: 20403.493: [Full GC (Last ditch collection) 2020-03-19T14:46:39.869+0800: 20403.493: [CMS: 117939K->117939K(237276K), 0.5077554 secs] 117939K->117939K(414236K), [Metaspace: 121325K->121325K(1165312K)], 0.5081390 secs] [Times: user=0.49 sys=0.00, real=0.50 secs] 
2020-03-19T14:46:40.379+0800: 20404.004: [Full GC (Metadata GC Threshold) 2020-03-19T14:46:40.379+0800: 20404.004: [CMS: 117939K->117940K(237276K), 0.4733915 secs] 117941K->117940K(414236K), [Metaspace: 121325K->121325K(1165312K)], 0.4738207 secs] [Times: user=0.47 sys=0.00, real=0.47 secs] 
2020-03-19T14:46:40.853+0800: 20404.478: [Full GC (Last ditch collection) 2020-03-19T14:46:40.854+0800: 20404.478: [CMS: 117940K->117940K(237276K), 0.4621099 secs] 117940K->117940K(414236K), [Metaspace: 121325K->121325K(1165312K)], 0.4626198 secs] [Times: user=0.46 sys=0.00, real=0.46 secs] 
2020-03-19T14:46:41.319+0800: 20404.944: [Full GC (Metadata GC Threshold) 2020-03-19T14:46:41.319+0800: 20404.944: [CMS: 117940K->117937K(237276K), 0.4901027 secs] 117961K->117937K(414236K), [Metaspace: 121325K->121325K(1165312K)], 0.4905243 secs] [Times: user=0.48 sys=0.00, real=0.49 secs] 
2020-03-19T14:46:41.810+0800: 20405.434: [Full GC (Last ditch collection) 2020-03-19T14:46:41.810+0800: 20405.435: [CMS: 117937K->117937K(237276K), 0.5215465 secs] 117937K->117937K(414236K), [Metaspace: 121325K->121325K(1165312K)], 0.5219782 secs] [Times: user=0.51 sys=0.00, real=0.52 secs] 
2020-03-19T14:46:42.335+0800: 20405.959: [Full GC (Metadata GC Threshold) 2020-03-19T14:46:42.335+0800: 20405.959: [CMS: 117937K->117937K(237276K), 0.5490676 secs] 117937K->117937K(414236K), [Metaspace: 121325K->121325K(1165312K)], 0.5494811 secs] [Times: user=0.51 sys=0.00, real=0.55 secs] 
2020-03-19T14:46:42.885+0800: 20406.509: [Full GC (Last ditch collection) 2020-03-19T14:46:42.885+0800: 20406.509: [CMS: 117937K->117937K(237276K), 0.4872670 secs] 117937K->117937K(414236K), [Metaspace: 121325K->121325K(1165312K)], 0.4876835 secs] [Times: user=0.47 sys=0.00, real=0.49 secs] 
2020-03-19T14:46:43.375+0800: 20407.000: [Full GC (Metadata GC Threshold) 2020-03-19T14:46:43.375+0800: 20407.000: [CMS: 117937K->117938K(237276K), 0.4742089 secs] 117965K->117938K(414236K), [Metaspace: 121325K->121325K(1165312K)], 0.4746970 secs] [Times: user=0.47 sys=0.00, real=0.48 secs] 
2020-03-19T14:46:43.850+0800: 20407.475: [Full GC (Last ditch collection) 2020-03-19T14:46:43.850+0800: 20407.475: [CMS: 117938K->117938K(237276K), 0.5308924 secs] 117938K->117938K(414236K), [Metaspace: 121325K->121325K(1165312K)], 0.5313375 secs] [Times: user=0.50 sys=0.00, real=0.53 secs] 
2020-03-19T14:46:44.387+0800: 20408.011: [Full GC (Metadata GC Threshold) 2020-03-19T14:46:44.387+0800: 20408.012: [CMS: 117938K->117949K(237276K), 0.4852453 secs] 118139K->117949K(414236K), [Metaspace: 121325K->121325K(1165312K)], 0.4859116 secs] [Times: user=0.47 sys=0.00, real=0.48 secs] 
2020-03-19T14:46:44.873+0800: 20408.498: [Full GC (Last ditch collection) 2020-03-19T14:46:44.873+0800: 20408.498: [CMS: 117949K->117948K(237276K), 0.4512049 secs] 117949K->117948K(414236K), [Metaspace: 121325K->121325K(1165312K)], 0.4516290 secs] [Times: user=0.46 sys=0.00, real=0.45 secs] 
2020-03-19T14:46:45.328+0800: 20408.953: [Full GC (Metadata GC Threshold) 2020-03-19T14:46:45.328+0800: 20408.953: [CMS: 117948K->117950K(237276K), 0.4686088 secs] 117972K->117950K(414236K), [Metaspace: 121326K->121326K(1165312K)], 0.4690980 secs] [Times: user=0.46 sys=0.00, real=0.47 secs] 
2020-03-19T14:46:45.803+0800: 20409.427: [Full GC (Last ditch collection) 2020-03-19T14:46:45.803+0800: 20409.427: [CMS: 117950K->117950K(237276K), 0.6623095 secs] 117950K->117950K(414236K), [Metaspace: 121326K->121326K(1165312K)], 0.6627491 secs] [Times: user=0.54 sys=0.00, real=0.66 secs] 
2020-03-19T14:46:46.469+0800: 20410.093: [Full GC (Metadata GC Threshold) 2020-03-19T14:46:46.469+0800: 20410.093: [CMS: 117950K->117952K(237276K), 0.4871171 secs] 117977K->117952K(414236K), [Metaspace: 121326K->121326K(1165312K)], 0.4875132 secs] [Times: user=0.48 sys=0.00, real=0.48 secs] 
2020-03-19T14:46:46.956+0800: 20410.581: [Full GC (Last ditch collection) 2020-03-19T14:46:46.956+0800: 20410.581: [CMS: 117952K->117952K(237276K), 0.4426437 secs] 117952K->117952K(414236K), [Metaspace: 121326K->121326K(1165312K)], 0.4430060 secs] [Times: user=0.44 sys=0.00, real=0.45 secs] 
2020-03-19T14:46:47.403+0800: 20411.027: [Full GC (Metadata GC Threshold) 2020-03-19T14:46:47.403+0800: 20411.027: [CMS: 117952K->117955K(237276K), 0.4742173 secs] 118025K->117955K(414236K), [Metaspace: 121326K->121326K(1165312K)], 0.4746424 secs] [Times: user=0.47 sys=0.00, real=0.47 secs] 
2020-03-19T14:46:47.878+0800: 20411.502: [Full GC (Last ditch collection) 2020-03-19T14:46:47.878+0800: 20411.502: [CMS: 117955K->117954K(237276K), 0.5294250 secs] 117955K->117954K(414236K), [Metaspace: 121326K->121326K(1165312K)], 0.5298572 secs] [Times: user=0.51 sys=0.00, real=0.54 secs] 
2020-03-19T14:46:48.411+0800: 20412.036: [Full GC (Metadata GC Threshold) 2020-03-19T14:46:48.411+0800: 20412.036: [CMS: 117954K->117954K(237276K), 0.4730839 secs] 117956K->117954K(414236K), [Metaspace: 121326K->121326K(1165312K)], 0.4735686 secs] [Times: user=0.47 sys=0.00, real=0.47 secs] 
2020-03-19T14:46:48.885+0800: 20412.510: [Full GC (Last ditch collection) 2020-03-19T14:46:48.885+0800: 20412.510: [CMS: 117954K->117954K(237276K), 0.4547354 secs] 117954K->117954K(414236K), [Metaspace: 121326K->121326K(1165312K)], 0.4551561 secs] [Times: user=0.45 sys=0.00, real=0.46 secs] 
2020-03-19T14:46:49.344+0800: 20412.968: [Full GC (Metadata GC Threshold) 2020-03-19T14:46:49.344+0800: 20412.968: [CMS: 117954K->117955K(237276K), 0.4859262 secs] 117977K->117955K(414236K), [Metaspace: 121326K->121326K(1165312K)], 0.4863794 secs] [Times: user=0.49 sys=0.00, real=0.49 secs] 
2020-03-19T14:46:49.830+0800: 20413.455: [Full GC (Last ditch collection) 2020-03-19T14:46:49.830+0800: 20413.455: [CMS: 117955K->117955K(237276K), 0.6005725 secs] 117955K->117955K(414236K), [Metaspace: 121326K->121326K(1165312K)], 0.6010485 secs] [Times: user=0.54 sys=0.00, real=0.60 secs] 
2020-03-19T14:46:50.435+0800: 20414.060: [Full GC (Metadata GC Threshold) 2020-03-19T14:46:50.435+0800: 20414.060: [CMS: 117955K->117955K(237276K), 0.4704566 secs] 117959K->117955K(414236K), [Metaspace: 121326K->121326K(1165312K)], 0.4709850 secs] [Times: user=0.47 sys=0.00, real=0.48 secs] 
2020-03-19T14:46:50.909+0800: 20414.533: [Full GC (Last ditch collection) 2020-03-19T14:46:50.909+0800: 20414.533: [CMS: 117955K->117955K(237276K), 0.4553919 secs] 117955K->117955K(414236K), [Metaspace: 121326K->121326K(1165312K)], 0.4558106 secs] [Times: user=0.45 sys=0.00, real=0.45 secs] 
2020-03-19T14:46:51.370+0800: 20414.994: [Full GC (Metadata GC Threshold) 2020-03-19T14:46:51.370+0800: 20414.994: [CMS: 117955K->118203K(237276K), 0.4628339 secs] 118369K->118203K(414236K), [Metaspace: 121326K->121326K(1165312K)], 0.4632888 secs] [Times: user=0.46 sys=0.00, real=0.46 secs] 
2020-03-19T14:46:51.833+0800: 20415.458: [Full GC (Last ditch collection) 2020-03-19T14:46:51.833+0800: 20415.458: [CMS: 118203K->118201K(237276K), 0.4976431 secs] 118203K->118201K(414236K), [Metaspace: 121326K->121326K(1165312K)], 0.4981013 secs] [Times: user=0.50 sys=0.00, real=0.50 secs] 
2020-03-19T14:46:52.335+0800: 20415.959: [Full GC (Metadata GC Threshold) 2020-03-19T14:46:52.335+0800: 20415.959: [CMS: 118201K->118203K(237276K), 0.4484719 secs] 118214K->118203K(414236K), [Metaspace: 121326K->121326K(1165312K)], 0.4489684 secs] [Times: user=0.45 sys=0.00, real=0.45 secs] 
2020-03-19T14:46:52.784+0800: 20416.408: [Full GC (Last ditch collection) 2020-03-19T14:46:52.784+0800: 20416.409: [CMS: 118203K->118203K(237276K), 0.4831566 secs] 118203K->118203K(414236K), [Metaspace: 121326K->121326K(1165312K)], 0.4836418 secs] [Times: user=0.47 sys=0.00, real=0.49 secs] 
2020-03-19T14:46:53.277+0800: 20416.902: [Full GC (Metadata GC Threshold) 2020-03-19T14:46:53.277+0800: 20416.902: [CMS: 118203K->118383K(237276K), 0.5219206 secs] 118738K->118383K(414236K), [Metaspace: 121326K->121326K(1165312K)], 0.5223332 secs] [Times: user=0.51 sys=0.00, real=0.53 secs] 
2020-03-19T14:46:53.800+0800: 20417.424: [Full GC (Last ditch collection) 2020-03-19T14:46:53.800+0800: 20417.425: [CMS: 118383K->118198K(237276K), 0.7156725 secs] 118383K->118198K(414236K), [Metaspace: 121326K->121326K(1165312K)], 0.7161486 secs] [Times: user=0.50 sys=0.00, real=0.71 secs] 
2020-03-19T14:46:54.520+0800: 20418.145: [Full GC (Metadata GC Threshold) 2020-03-19T14:46:54.521+0800: 20418.145: [CMS: 118198K->118219K(237276K), 0.4769676 secs] 118801K->118219K(414236K), [Metaspace: 121326K->121326K(1165312K)], 0.4774021 secs] [Times: user=0.47 sys=0.00, real=0.47 secs] 
2020-03-19T14:46:54.998+0800: 20418.623: [Full GC (Last ditch collection) 2020-03-19T14:46:54.998+0800: 20418.623: [CMS: 118219K->118219K(237276K), 0.4643662 secs] 118219K->118219K(414236K), [Metaspace: 121326K->121326K(1165312K)], 0.4647609 secs] [Times: user=0.47 sys=0.00, real=0.46 secs] 
2020-03-19T14:46:55.467+0800: 20419.091: [GC (CMS Initial Mark) [1 CMS-initial-mark: 118219K(237276K)] 118243K(414236K), 0.0086852 secs] [Times: user=0.01 sys=0.00, real=0.00 secs] 
2020-03-19T14:46:55.476+0800: 20419.100: [CMS-concurrent-mark-start]
2020-03-19T14:46:55.485+0800: 20419.109: [Full GC (Metadata GC Threshold) 2020-03-19T14:46:55.485+0800: 20419.109: [CMS2020-03-19T14:46:55.680+0800: 20419.305: [CMS-concurrent-mark: 0.196/0.204 secs] [Times: user=0.20 sys=0.00, real=0.21 secs] 
 (concurrent mode failure): 118219K->118085K(237276K), 0.7228639 secs] 119246K->118085K(414236K), [Metaspace: 121326K->121326K(1165312K)], 0.7233374 secs] [Times: user=0.70 sys=0.00, real=0.73 secs] 
2020-03-19T14:46:56.208+0800: 20419.833: [Full GC (Last ditch collection) 2020-03-19T14:46:56.208+0800: 20419.833: [CMS: 118085K->118084K(237276K), 0.5099466 secs] 118085K->118084K(414236K), [Metaspace: 121326K->121326K(1165312K)], 0.5103768 secs] [Times: user=0.50 sys=0.00, real=0.51 secs] 
2020-03-19T14:46:56.722+0800: 20420.346: [Full GC (Metadata GC Threshold) 2020-03-19T14:46:56.722+0800: 20420.346: [CMS: 118084K->118084K(237276K), 0.4623349 secs] 118094K->118084K(414236K), [Metaspace: 121326K->121326K(1165312K)], 0.4627860 secs] [Times: user=0.46 sys=0.00, real=0.46 secs] 
2020-03-19T14:46:57.185+0800: 20420.809: [Full GC (Last ditch collection) 2020-03-19T14:46:57.185+0800: 20420.809: [CMS: 118084K->118084K(237276K), 0.4943145 secs] 118084K->118084K(414236K), [Metaspace: 121326K->121326K(1165312K)], 0.4947477 secs] [Times: user=0.49 sys=0.00, real=0.50 secs] 
2020-03-19T14:46:57.683+0800: 20421.308: [Full GC (Metadata GC Threshold) 2020-03-19T14:46:57.683+0800: 20421.308: [CMS: 118084K->118083K(237276K), 0.6211436 secs] 118115K->118083K(414236K), [Metaspace: 121326K->121326K(1165312K)], 0.6215584 secs] [Times: user=0.55 sys=0.00, real=0.62 secs] 
2020-03-19T14:46:58.305+0800: 20421.929: [Full GC (Last ditch collection) 2020-03-19T14:46:58.305+0800: 20421.930: [CMS: 118083K->118083K(237276K), 0.4862329 secs] 118083K->118083K(414236K), [Metaspace: 121326K->121326K(1165312K)], 0.4867144 secs] [Times: user=0.47 sys=0.00, real=0.49 secs] 
2020-03-19T14:46:58.817+0800: 20422.442: [GC (CMS Initial Mark) [1 CMS-initial-mark: 118083K(237276K)] 121209K(414236K), 0.0097825 secs] [Times: user=0.02 sys=0.00, real=0.02 secs] 
2020-03-19T14:46:58.828+0800: 20422.452: [CMS-concurrent-mark-start]
2020-03-19T14:46:58.839+0800: 20422.463: [Full GC (Metadata GC Threshold) 2020-03-19T14:46:58.839+0800: 20422.464: [CMS2020-03-19T14:46:59.050+0800: 20422.675: [CMS-concurrent-mark: 0.205/0.222 secs] [Times: user=0.20 sys=0.00, real=0.22 secs] 
 (concurrent mode failure): 118083K->118157K(237276K), 0.8090904 secs] 121794K->118157K(414236K), [Metaspace: 121326K->121326K(1165312K)], 0.8096427 secs] [Times: user=0.77 sys=0.00, real=0.81 secs] 
2020-03-19T14:46:59.649+0800: 20423.273: [Full GC (Last ditch collection) 2020-03-19T14:46:59.649+0800: 20423.274: [CMS: 118157K->118042K(237276K), 0.8313154 secs] 118157K->118042K(414236K), [Metaspace: 121326K->121326K(1165312K)], 0.8317337 secs] [Times: user=0.59 sys=0.00, real=0.83 secs] 
2020-03-19T14:47:00.498+0800: 20424.122: [Full GC (Metadata GC Threshold) 2020-03-19T14:47:00.498+0800: 20424.123: [CMS: 118042K->118068K(237276K), 0.4795100 secs] 119227K->118068K(414236K), [Metaspace: 121326K->121326K(1165312K)], 0.4799583 secs] [Times: user=0.47 sys=0.00, real=0.49 secs] 
2020-03-19T14:47:00.978+0800: 20424.603: [Full GC (Last ditch collection) 2020-03-19T14:47:00.978+0800: 20424.603: [CMS: 118068K->118066K(237276K), 0.5529812 secs] 118068K->118066K(414236K), [Metaspace: 121326K->121326K(1165312K)], 0.5534076 secs] [Times: user=0.51 sys=0.00, real=0.55 secs] 
2020-03-19T14:47:01.535+0800: 20425.159: [Full GC (Metadata GC Threshold) 2020-03-19T14:47:01.535+0800: 20425.159: [CMS: 118066K->118066K(237276K), 0.5336859 secs] 118068K->118066K(414236K), [Metaspace: 121326K->121326K(1165312K)], 0.5341684 secs] [Times: user=0.50 sys=0.00, real=0.54 secs] 
2020-03-19T14:47:02.069+0800: 20425.694: [Full GC (Last ditch collection) 2020-03-19T14:47:02.069+0800: 20425.694: [CMS: 118066K->118066K(237276K), 0.5003084 secs] 118066K->118066K(414236K), [Metaspace: 121326K->121326K(1165312K)], 0.5007420 secs] [Times: user=0.49 sys=0.00, real=0.50 secs] 
2020-03-19T14:47:02.573+0800: 20426.197: [Full GC (Metadata GC Threshold) 2020-03-19T14:47:02.573+0800: 20426.198: [CMS: 118066K->118066K(237276K), 0.4644414 secs] 118079K->118066K(414236K), [Metaspace: 121326K->121326K(1165312K)], 0.4648519 secs] [Times: user=0.46 sys=0.00, real=0.46 secs] 
2020-03-19T14:47:03.038+0800: 20426.663: [Full GC (Last ditch collection) 2020-03-19T14:47:03.038+0800: 20426.663: [CMS: 118066K->118066K(237276K), 0.4736072 secs] 118066K->118066K(414236K), [Metaspace: 121326K->121326K(1165312K)], 0.4739976 secs] [Times: user=0.47 sys=0.00, real=0.48 secs] 
2020-03-19T14:47:03.515+0800: 20427.140: [Full GC (Metadata GC Threshold) 2020-03-19T14:47:03.515+0800: 20427.140: [CMS: 118066K->118068K(237276K), 0.4806936 secs] 118073K->118068K(414236K), [Metaspace: 121326K->121326K(1165312K)], 0.4811102 secs] [Times: user=0.47 sys=0.00, real=0.48 secs] 
2020-03-19T14:47:03.997+0800: 20427.621: [Full GC (Last ditch collection) 2020-03-19T14:47:03.997+0800: 20427.621: [CMS: 118068K->118068K(237276K), 0.5110524 secs] 118068K->118068K(414236K), [Metaspace: 121326K->121326K(1165312K)], 0.5114751 secs] [Times: user=0.49 sys=0.00, real=0.52 secs] 
2020-03-19T14:47:04.512+0800: 20428.136: [Full GC (Metadata GC Threshold) 2020-03-19T14:47:04.512+0800: 20428.136: [CMS: 118068K->118069K(237276K), 0.4737587 secs] 118074K->118069K(414236K), [Metaspace: 121326K->121326K(1165312K)], 0.4742468 secs] [Times: user=0.47 sys=0.00, real=0.47 secs] 
2020-03-19T14:47:04.986+0800: 20428.611: [Full GC (Last ditch collection) 2020-03-19T14:47:04.986+0800: 20428.611: [CMS: 118069K->118069K(237276K), 0.4918471 secs] 118069K->118069K(414236K), [Metaspace: 121326K->121326K(1165312K)], 0.4922705 secs] [Times: user=0.49 sys=0.00, real=0.49 secs] 
2020-03-19T14:47:05.481+0800: 20429.106: [Full GC (Metadata GC Threshold) 2020-03-19T14:47:05.481+0800: 20429.106: [CMS: 118069K->118069K(237276K), 0.4841755 secs] 118073K->118069K(414236K), [Metaspace: 121326K->121326K(1165312K)], 0.4846185 secs] [Times: user=0.48 sys=0.00, real=0.48 secs] 
2020-03-19T14:47:05.966+0800: 20429.591: [Full GC (Last ditch collection) 2020-03-19T14:47:05.966+0800: 20429.591: [CMS: 118069K->118069K(237276K), 0.5186630 secs] 118069K->118069K(414236K), [Metaspace: 121326K->121326K(1165312K)], 0.5190419 secs] [Times: user=0.50 sys=0.00, real=0.51 secs] 
2020-03-19T14:47:06.488+0800: 20430.113: [Full GC (Metadata GC Threshold) 2020-03-19T14:47:06.488+0800: 20430.113: [CMS: 118069K->118069K(237276K), 0.4631176 secs] 118087K->118069K(414236K), [Metaspace: 121326K->121326K(1165312K)], 0.4635244 secs] [Times: user=0.46 sys=0.00, real=0.46 secs] 
2020-03-19T14:47:06.952+0800: 20430.577: [Full GC (Last ditch collection) 2020-03-19T14:47:06.952+0800: 20430.577: [CMS: 118069K->118069K(237276K), 0.4471234 secs] 118069K->118069K(414236K), [Metaspace: 121326K->121326K(1165312K)], 0.4474988 secs] [Times: user=0.45 sys=0.00, real=0.45 secs] 
2020-03-19T14:47:07.403+0800: 20431.027: [Full GC (Metadata GC Threshold) 2020-03-19T14:47:07.403+0800: 20431.027: [CMS: 118069K->118082K(237276K), 0.4726340 secs] 118129K->118082K(414236K), [Metaspace: 121326K->121326K(1165312K)], 0.4730651 secs] [Times: user=0.46 sys=0.00, real=0.47 secs] 
2020-03-19T14:47:07.876+0800: 20431.501: [Full GC (Last ditch collection) 2020-03-19T14:47:07.876+0800: 20431.501: [CMS: 118082K->118080K(237276K), 0.6349981 secs] 118082K->118080K(414236K), [Metaspace: 121326K->121326K(1165312K)], 0.6354475 secs] [Times: user=0.53 sys=0.00, real=0.64 secs] 
2020-03-19T14:47:08.516+0800: 20432.141: [Full GC (Metadata GC Threshold) 2020-03-19T14:47:08.516+0800: 20432.141: [CMS: 118080K->118070K(237276K), 0.7344533 secs] 118178K->118070K(414236K), [Metaspace: 121326K->121326K(1165312K)], 0.7349914 secs] [Times: user=0.61 sys=0.00, real=0.74 secs] 
2020-03-19T14:47:09.252+0800: 20432.876: [Full GC (Last ditch collection) 2020-03-19T14:47:09.252+0800: 20432.876: [CMS: 118070K->118070K(237276K), 0.8663280 secs] 118070K->118070K(414236K), [Metaspace: 121326K->121326K(1165312K)], 0.8668110 secs] [Times: user=0.67 sys=0.00, real=0.87 secs] 
2020-03-19T14:47:10.123+0800: 20433.748: [Full GC (Metadata GC Threshold) 2020-03-19T14:47:10.126+0800: 20433.750: [CMS: 118070K->118070K(237276K), 0.5246978 secs] 118070K->118070K(414236K), [Metaspace: 121326K->121326K(1165312K)], 0.5272784 secs] [Times: user=0.49 sys=0.00, real=0.53 secs] 
2020-03-19T14:47:10.651+0800: 20434.275: [Full GC (Last ditch collection) 2020-03-19T14:47:10.651+0800: 20434.276: [CMS: 118070K->118070K(237276K), 0.4826441 secs] 118070K->118070K(414236K), [Metaspace: 121326K->121326K(1165312K)], 0.4830308 secs] [Times: user=0.47 sys=0.00, real=0.48 secs] 
2020-03-19T14:47:11.138+0800: 20434.762: [Full GC (Metadata GC Threshold) 2020-03-19T14:47:11.138+0800: 20434.762: [CMS: 118070K->118078K(237276K), 0.4637473 secs] 118237K->118078K(414236K), [Metaspace: 121326K->121326K(1165312K)], 0.4641979 secs] [Times: user=0.47 sys=0.00, real=0.47 secs] 
2020-03-19T14:47:11.602+0800: 20435.227: [Full GC (Last ditch collection) 2020-03-19T14:47:11.602+0800: 20435.227: [CMS: 118078K->118077K(237276K), 0.5384184 secs] 118078K->118077K(414236K), [Metaspace: 121326K->121326K(1165312K)], 0.5388770 secs] [Times: user=0.50 sys=0.00, real=0.54 secs] 
2020-03-19T14:47:12.144+0800: 20435.769: [Full GC (Metadata GC Threshold) 2020-03-19T14:47:12.144+0800: 20435.769: [CMS: 118077K->118080K(237276K), 0.5488237 secs] 118092K->118080K(414236K), [Metaspace: 121326K->121326K(1165312K)], 0.5492081 secs] [Times: user=0.51 sys=0.00, real=0.55 secs] 
2020-03-19T14:47:12.694+0800: 20436.318: [Full GC (Last ditch collection) 2020-03-19T14:47:12.694+0800: 20436.319: [CMS: 118080K->118080K(237276K), 0.5512581 secs] 118080K->118080K(414236K), [Metaspace: 121326K->121326K(1165312K)], 0.5516615 secs] [Times: user=0.52 sys=0.00, real=0.55 secs] 
2020-03-19T14:47:13.249+0800: 20436.874: [Full GC (Metadata GC Threshold) 2020-03-19T14:47:13.249+0800: 20436.874: [CMS: 118080K->118094K(237276K), 0.4547736 secs] 118144K->118094K(414236K), [Metaspace: 121326K->121326K(1165312K)], 0.4551716 secs] [Times: user=0.45 sys=0.00, real=0.45 secs] 
2020-03-19T14:47:13.705+0800: 20437.329: [Full GC (Last ditch collection) 2020-03-19T14:47:13.705+0800: 20437.329: [CMS: 118094K->118094K(237276K), 0.5405523 secs] 118094K->118094K(414236K), [Metaspace: 121326K->121326K(1165312K)], 0.5409534 secs] [Times: user=0.51 sys=0.00, real=0.54 secs] 
2020-03-19T14:47:14.249+0800: 20437.873: [Full GC (Metadata GC Threshold) 2020-03-19T14:47:14.249+0800: 20437.874: [CMS: 118094K->118094K(237276K), 0.5192251 secs] 118145K->118094K(414236K), [Metaspace: 121326K->121326K(1165312K)], 0.5196132 secs] [Times: user=0.50 sys=0.00, real=0.52 secs] 
2020-03-19T14:47:14.769+0800: 20438.393: [Full GC (Last ditch collection) 2020-03-19T14:47:14.769+0800: 20438.393: [CMS: 118094K->118093K(237276K), 0.4702193 secs] 118094K->118093K(414236K), [Metaspace: 121326K->121326K(1165312K)], 0.4705777 secs] [Times: user=0.47 sys=0.00, real=0.47 secs] 
2020-03-19T14:47:15.270+0800: 20438.895: [Full GC (Metadata GC Threshold) 2020-03-19T14:47:15.271+0800: 20438.895: [CMS: 118093K->118238K(237276K), 0.5117769 secs] 122121K->118238K(414236K), [Metaspace: 121326K->121326K(1165312K)], 0.5122478 secs] [Times: user=0.51 sys=0.00, real=0.51 secs] 
2020-03-19T14:47:15.783+0800: 20439.408: [Full GC (Last ditch collection) 2020-03-19T14:47:15.783+0800: 20439.408: [CMS: 118238K->118164K(237276K), 0.6811548 secs] 118238K->118164K(414236K), [Metaspace: 121326K->121326K(1165312K)], 0.6815220 secs] [Times: user=0.55 sys=0.00, real=0.68 secs] 
2020-03-19T14:47:16.467+0800: 20440.092: [Full GC (Metadata GC Threshold) 2020-03-19T14:47:16.467+0800: 20440.092: [CMS: 118164K->118164K(237276K), 0.4586607 secs] 118167K->118164K(414236K), [Metaspace: 121326K->121326K(1165312K)], 0.4590714 secs] [Times: user=0.45 sys=0.00, real=0.46 secs] 
2020-03-19T14:47:16.927+0800: 20440.551: [Full GC (Last ditch collection) 2020-03-19T14:47:16.927+0800: 20440.551: [CMS: 118164K->118164K(237276K), 0.4527964 secs] 118164K->118164K(414236K), [Metaspace: 121326K->121326K(1165312K)], 0.4531983 secs] [Times: user=0.46 sys=0.00, real=0.45 secs] 
2020-03-19T14:47:17.383+0800: 20441.008: [Full GC (Metadata GC Threshold) 2020-03-19T14:47:17.384+0800: 20441.008: [CMS: 118164K->118142K(237276K), 0.4908361 secs] 118324K->118142K(414236K), [Metaspace: 121326K->121326K(1165312K)], 0.4912503 secs] [Times: user=0.48 sys=0.00, real=0.49 secs] 
2020-03-19T14:47:17.875+0800: 20441.500: [Full GC (Last ditch collection) 2020-03-19T14:47:17.875+0800: 20441.500: [CMS: 118142K->118142K(237276K), 0.5544657 secs] 118142K->118142K(414236K), [Metaspace: 121326K->121326K(1165312K)], 0.5548404 secs] [Times: user=0.52 sys=0.00, real=0.56 secs] 
2020-03-19T14:47:18.433+0800: 20442.058: [Full GC (Metadata GC Threshold) 2020-03-19T14:47:18.433+0800: 20442.058: [CMS: 118142K->118143K(237276K), 0.4743212 secs] 118161K->118143K(414236K), [Metaspace: 121326K->121326K(1165312K)], 0.4747593 secs] [Times: user=0.47 sys=0.00, real=0.48 secs] 
2020-03-19T14:47:18.908+0800: 20442.533: [Full GC (Last ditch collection) 2020-03-19T14:47:18.908+0800: 20442.533: [CMS: 118143K->118143K(237276K), 0.4425475 secs] 118143K->118143K(414236K), [Metaspace: 121326K->121326K(1165312K)], 0.4429734 secs] [Times: user=0.44 sys=0.00, real=0.44 secs] 
2020-03-19T14:47:19.354+0800: 20442.979: [Full GC (Metadata GC Threshold) 2020-03-19T14:47:19.354+0800: 20442.979: [CMS: 118143K->118140K(237276K), 0.5204207 secs] 118169K->118140K(414236K), [Metaspace: 121326K->121326K(1165312K)], 0.5208566 secs] [Times: user=0.51 sys=0.00, real=0.52 secs] 
2020-03-19T14:47:19.875+0800: 20443.500: [Full GC (Last ditch collection) 2020-03-19T14:47:19.876+0800: 20443.500: [CMS: 118140K->118140K(237276K), 0.5780422 secs] 118140K->118140K(414236K), [Metaspace: 121326K->121326K(1165312K)], 0.5784614 secs] [Times: user=0.50 sys=0.00, real=0.58 secs] 
2020-03-19T14:47:20.457+0800: 20444.081: [Full GC (Metadata GC Threshold) 2020-03-19T14:47:20.457+0800: 20444.082: [CMS: 118140K->118140K(237276K), 0.4681090 secs] 118144K->118140K(414236K), [Metaspace: 121326K->121326K(1165312K)], 0.4684976 secs] [Times: user=0.46 sys=0.00, real=0.47 secs] 
2020-03-19T14:47:20.926+0800: 20444.550: [Full GC (Last ditch collection) 2020-03-19T14:47:20.926+0800: 20444.550: [CMS: 118140K->118140K(237276K), 0.4411309 secs] 118140K->118140K(414236K), [Metaspace: 121326K->121326K(1165312K)], 0.4414859 secs] [Times: user=0.44 sys=0.00, real=0.45 secs] 
2020-03-19T14:47:21.371+0800: 20444.996: [Full GC (Metadata GC Threshold) 2020-03-19T14:47:21.372+0800: 20444.996: [CMS: 118140K->118150K(237276K), 0.4735045 secs] 118424K->118150K(414236K), [Metaspace: 121326K->121326K(1165312K)], 0.4739655 secs] [Times: user=0.46 sys=0.00, real=0.47 secs] 
2020-03-19T14:47:21.846+0800: 20445.470: [Full GC (Last ditch collection) 2020-03-19T14:47:21.846+0800: 20445.470: [CMS: 118150K->118148K(237276K), 0.4979250 secs] 118150K->118148K(414236K), [Metaspace: 121326K->121326K(1165312K)], 0.4982965 secs] [Times: user=0.49 sys=0.00, real=0.50 secs] 
2020-03-19T14:47:22.347+0800: 20445.971: [Full GC (Metadata GC Threshold) 2020-03-19T14:47:22.347+0800: 20445.972: [CMS: 118148K->118149K(237276K), 0.4659441 secs] 118154K->118149K(414236K), [Metaspace: 121326K->121326K(1165312K)], 0.4663651 secs] [Times: user=0.45 sys=0.00, real=0.46 secs] 
2020-03-19T14:47:22.814+0800: 20446.438: [Full GC (Last ditch collection) 2020-03-19T14:47:22.814+0800: 20446.438: [CMS: 118149K->118149K(237276K), 0.4677013 secs] 118149K->118149K(414236K), [Metaspace: 121326K->121326K(1165312K)], 0.4680772 secs] [Times: user=0.46 sys=0.00, real=0.47 secs] 
2020-03-19T14:47:23.286+0800: 20446.911: [GC (CMS Initial Mark) [1 CMS-initial-mark: 118149K(237276K)] 118514K(414236K), 0.0086865 secs] [Times: user=0.01 sys=0.00, real=0.00 secs] 
2020-03-19T14:47:23.295+0800: 20446.920: [CMS-concurrent-mark-start]
2020-03-19T14:47:23.308+0800: 20446.933: [Full GC (Metadata GC Threshold) 2020-03-19T14:47:23.309+0800: 20446.933: [CMS2020-03-19T14:47:23.521+0800: 20447.146: [CMS-concurrent-mark: 0.216/0.226 secs] [Times: user=0.22 sys=0.00, real=0.23 secs] 
 (concurrent mode failure): 118149K->118195K(237276K), 0.7301952 secs] 119248K->118195K(414236K), [Metaspace: 121326K->121326K(1165312K)], 0.7306186 secs] [Times: user=0.70 sys=0.00, real=0.73 secs] 
2020-03-19T14:47:24.039+0800: 20447.664: [Full GC (Last ditch collection) 2020-03-19T14:47:24.039+0800: 20447.664: [CMS: 118195K->118192K(237276K), 0.5032032 secs] 118195K->118192K(414236K), [Metaspace: 121326K->121326K(1165312K)], 0.5035843 secs] [Times: user=0.49 sys=0.00, real=0.50 secs] 
2020-03-19T14:47:24.546+0800: 20448.170: [Full GC (Metadata GC Threshold) 2020-03-19T14:47:24.546+0800: 20448.170: [CMS: 118192K->118194K(237276K), 0.4704144 secs] 118196K->118194K(414236K), [Metaspace: 121326K->121326K(1165312K)], 0.4708299 secs] [Times: user=0.46 sys=0.00, real=0.47 secs] 
2020-03-19T14:47:25.017+0800: 20448.641: [Full GC (Last ditch collection) 2020-03-19T14:47:25.017+0800: 20448.642: [CMS: 118194K->118194K(237276K), 0.4535475 secs] 118194K->118194K(414236K), [Metaspace: 121326K->121326K(1165312K)], 0.4539043 secs] [Times: user=0.45 sys=0.00, real=0.46 secs] 
2020-03-19T14:47:25.475+0800: 20449.099: [Full GC (Metadata GC Threshold) 2020-03-19T14:47:25.475+0800: 20449.099: [CMS: 118194K->118194K(237276K), 0.4981207 secs] 118196K->118194K(414236K), [Metaspace: 121326K->121326K(1165312K)], 0.4985511 secs] [Times: user=0.49 sys=0.00, real=0.50 secs] 
2020-03-19T14:47:25.974+0800: 20449.598: [Full GC (Last ditch collection) 2020-03-19T14:47:25.974+0800: 20449.598: [CMS: 118194K->118194K(237276K), 0.5062829 secs] 118194K->118194K(414236K), [Metaspace: 121326K->121326K(1165312K)], 0.5067156 secs] [Times: user=0.50 sys=0.00, real=0.51 secs] 
2020-03-19T14:47:26.484+0800: 20450.108: [Full GC (Metadata GC Threshold) 2020-03-19T14:47:26.484+0800: 20450.108: [CMS: 118194K->118194K(237276K), 0.4806632 secs] 118196K->118194K(414236K), [Metaspace: 121326K->121326K(1165312K)], 0.4811011 secs] [Times: user=0.47 sys=0.00, real=0.48 secs] 
2020-03-19T14:47:26.965+0800: 20450.590: [Full GC (Last ditch collection) 2020-03-19T14:47:26.965+0800: 20450.590: [CMS: 118194K->118194K(237276K), 0.4899010 secs] 118194K->118194K(414236K), [Metaspace: 121326K->121326K(1165312K)], 0.4902600 secs] [Times: user=0.48 sys=0.00, real=0.49 secs] 
2020-03-19T14:47:27.458+0800: 20451.083: [Full GC (Metadata GC Threshold) 2020-03-19T14:47:27.458+0800: 20451.083: [CMS: 118194K->118193K(237276K), 0.6042171 secs] 118204K->118193K(414236K), [Metaspace: 121326K->121326K(1165312K)], 0.6046345 secs] [Times: user=0.54 sys=0.00, real=0.60 secs] 
2020-03-19T14:47:28.063+0800: 20451.688: [Full GC (Last ditch collection) 2020-03-19T14:47:28.063+0800: 20451.688: [CMS: 118193K->118193K(237276K), 0.5032145 secs] 118193K->118193K(414236K), [Metaspace: 121326K->121326K(1165312K)], 0.5036544 secs] [Times: user=0.49 sys=0.00, real=0.51 secs] 
2020-03-19T14:47:28.570+0800: 20452.195: [Full GC (Metadata GC Threshold) 2020-03-19T14:47:28.570+0800: 20452.195: [CMS: 118193K->118195K(237276K), 0.5086673 secs] 118212K->118195K(414236K), [Metaspace: 121326K->121326K(1165312K)], 0.5091015 secs] [Times: user=0.50 sys=0.00, real=0.51 secs] 
2020-03-19T14:47:29.080+0800: 20452.704: [Full GC (Last ditch collection) 2020-03-19T14:47:29.080+0800: 20452.704: [CMS: 118195K->118194K(237276K), 0.4861289 secs] 118195K->118194K(414236K), [Metaspace: 121326K->121326K(1165312K)], 0.4865759 secs] [Times: user=0.47 sys=0.00, real=0.49 secs] 
2020-03-19T14:47:29.569+0800: 20453.193: [Full GC (Metadata GC Threshold) 2020-03-19T14:47:29.569+0800: 20453.194: [CMS: 118194K->118194K(237276K), 0.7767843 secs] 118194K->118194K(414236K), [Metaspace: 121326K->121326K(1165312K)], 0.7771967 secs] [Times: user=0.55 sys=0.00, real=0.78 secs] 
2020-03-19T14:47:30.346+0800: 20453.971: [Full GC (Last ditch collection) 2020-03-19T14:47:30.347+0800: 20453.971: [CMS: 118194K->118194K(237276K), 0.7785410 secs] 118194K->118194K(414236K), [Metaspace: 121326K->121326K(1165312K)], 0.7789735 secs] [Times: user=0.66 sys=0.00, real=0.77 secs] 
2020-03-19T14:47:31.175+0800: 20454.800: [Full GC (Metadata GC Threshold) 2020-03-19T14:47:31.176+0800: 20454.800: [CMS: 118194K->118285K(237276K), 0.5618901 secs] 132237K->118285K(414236K), [Metaspace: 121337K->121337K(1165312K)], 0.5624327 secs] [Times: user=0.53 sys=0.00, real=0.57 secs] 
2020-03-19T14:47:31.738+0800: 20455.363: [Full GC (Last ditch collection) 2020-03-19T14:47:31.738+0800: 20455.363: [CMS: 118285K->118282K(237276K), 0.4767390 secs] 118285K->118282K(414236K), [Metaspace: 121337K->121337K(1165312K)], 0.4771179 secs] [Times: user=0.47 sys=0.00, real=0.47 secs] 
2020-03-19T14:47:32.218+0800: 20455.843: [Full GC (Metadata GC Threshold) 2020-03-19T14:47:32.219+0800: 20455.843: [CMS: 118282K->118282K(237276K), 0.4762034 secs] 118282K->118282K(414236K), [Metaspace: 121337K->121337K(1165312K)], 0.4766076 secs] [Times: user=0.46 sys=0.00, real=0.47 secs] 
2020-03-19T14:47:32.695+0800: 20456.320: [Full GC (Last ditch collection) 2020-03-19T14:47:32.695+0800: 20456.320: [CMS: 118282K->118282K(237276K), 0.4518998 secs] 118282K->118282K(414236K), [Metaspace: 121337K->121337K(1165312K)], 0.4522566 secs] [Times: user=0.45 sys=0.00, real=0.46 secs] 
2020-03-19T14:47:33.150+0800: 20456.775: [Full GC (Metadata GC Threshold) 2020-03-19T14:47:33.151+0800: 20456.775: [CMS (concurrent mode failure): 118282K->118282K(237276K), 0.4857652 secs] 118286K->118282K(414236K), [Metaspace: 121337K->121337K(1165312K)], 0.4862020 secs] [Times: user=0.48 sys=0.00, real=0.48 secs] 
2020-03-19T14:47:33.637+0800: 20457.262: [Full GC (Last ditch collection) 2020-03-19T14:47:33.637+0800: 20457.262: [CMS: 118282K->118282K(237276K), 0.5029953 secs] 118282K->118282K(414236K), [Metaspace: 121337K->121337K(1165312K)], 0.5033901 secs] [Times: user=0.48 sys=0.00, real=0.51 secs] 
2020-03-19T14:47:34.143+0800: 20457.768: [Full GC (Metadata GC Threshold) 2020-03-19T14:47:34.143+0800: 20457.768: [CMS: 118282K->118282K(237276K), 0.7475426 secs] 118286K->118282K(414236K), [Metaspace: 121337K->121337K(1165312K)], 0.7481677 secs] [Times: user=0.67 sys=0.00, real=0.75 secs] 
2020-03-19T14:47:34.892+0800: 20458.516: [Full GC (Last ditch collection) 2020-03-19T14:47:34.892+0800: 20458.516: [CMS: 118282K->118282K(237276K), 0.8080810 secs] 118282K->118282K(414236K), [Metaspace: 121337K->121337K(1165312K)], 0.8086159 secs] [Times: user=0.61 sys=0.00, real=0.81 secs] 
2020-03-19T14:47:35.706+0800: 20459.330: [Full GC (Metadata GC Threshold) 2020-03-19T14:47:35.706+0800: 20459.331: [CMS: 118282K->118283K(237276K), 0.7689029 secs] 118562K->118283K(414236K), [Metaspace: 121337K->121337K(1165312K)], 0.7693855 secs] [Times: user=0.62 sys=0.00, real=0.77 secs] 
2020-03-19T14:47:36.476+0800: 20460.100: [Full GC (Last ditch collection) 2020-03-19T14:47:36.476+0800: 20460.100: [CMS: 118283K->118282K(237276K), 0.4710707 secs] 118283K->118282K(414236K), [Metaspace: 121337K->121337K(1165312K)], 0.4714785 secs] [Times: user=0.46 sys=0.00, real=0.48 secs] 
2020-03-19T14:47:36.950+0800: 20460.575: [Full GC (Metadata GC Threshold) 2020-03-19T14:47:36.951+0800: 20460.575: [CMS: 118282K->118114K(237276K), 0.4468844 secs] 118309K->118114K(414236K), [Metaspace: 121337K->121337K(1165312K)], 0.4473000 secs] [Times: user=0.45 sys=0.00, real=0.44 secs] 
2020-03-19T14:47:37.398+0800: 20461.023: [Full GC (Last ditch collection) 2020-03-19T14:47:37.398+0800: 20461.023: [CMS: 118114K->118114K(237276K), 0.4627005 secs] 118114K->118114K(414236K), [Metaspace: 121337K->121337K(1165312K)], 0.4631318 secs] [Times: user=0.46 sys=0.00, real=0.47 secs] 
2020-03-19T14:47:37.875+0800: 20461.499: [Full GC (Metadata GC Threshold) 2020-03-19T14:47:37.875+0800: 20461.499: [CMS: 118114K->118114K(237276K), 0.5456513 secs] 118142K->118114K(414236K), [Metaspace: 121337K->121337K(1165312K)], 0.5461064 secs] [Times: user=0.49 sys=0.00, real=0.55 secs] 
2020-03-19T14:47:38.421+0800: 20462.046: [Full GC (Last ditch collection) 2020-03-19T14:47:38.421+0800: 20462.046: [CMS: 118114K->118114K(237276K), 0.4704544 secs] 118114K->118114K(414236K), [Metaspace: 121337K->121337K(1165312K)], 0.4709985 secs] [Times: user=0.46 sys=0.00, real=0.47 secs] 
2020-03-19T14:47:38.919+0800: 20462.543: [Full GC (Metadata GC Threshold) 2020-03-19T14:47:38.919+0800: 20462.543: [CMS: 118114K->118141K(237276K), 0.5078304 secs] 121818K->118141K(414236K), [Metaspace: 121346K->121346K(1165312K)], 0.5083177 secs] [Times: user=0.50 sys=0.00, real=0.51 secs] 
2020-03-19T14:47:39.427+0800: 20463.052: [Full GC (Last ditch collection) 2020-03-19T14:47:39.427+0800: 20463.052: [CMS: 118141K->118138K(237276K), 0.4754553 secs] 118141K->118138K(414236K), [Metaspace: 121346K->121346K(1165312K)], 0.4758540 secs] [Times: user=0.46 sys=0.00, real=0.47 secs] 
2020-03-19T14:47:39.907+0800: 20463.532: [Full GC (Metadata GC Threshold) 2020-03-19T14:47:39.907+0800: 20463.532: [CMS: 118138K->118126K(237276K), 0.5351034 secs] 118149K->118126K(414236K), [Metaspace: 121346K->121346K(1165312K)], 0.5355802 secs] [Times: user=0.53 sys=0.00, real=0.53 secs] 
2020-03-19T14:47:40.443+0800: 20464.068: [Full GC (Last ditch collection) 2020-03-19T14:47:40.443+0800: 20464.068: [CMS: 118126K->118126K(237276K), 0.4861797 secs] 118126K->118126K(414236K), [Metaspace: 121346K->121346K(1165312K)], 0.4866236 secs] [Times: user=0.48 sys=0.00, real=0.49 secs] 
2020-03-19T14:47:40.933+0800: 20464.557: [Full GC (Metadata GC Threshold) 2020-03-19T14:47:40.933+0800: 20464.557: [CMS: 118126K->118126K(237276K), 0.4507719 secs] 118130K->118126K(414236K), [Metaspace: 121346K->121346K(1165312K)], 0.4511976 secs] [Times: user=0.45 sys=0.00, real=0.45 secs] 
2020-03-19T14:47:41.384+0800: 20465.009: [Full GC (Last ditch collection) 2020-03-19T14:47:41.384+0800: 20465.009: [CMS: 118126K->118126K(237276K), 0.4871371 secs] 118126K->118126K(414236K), [Metaspace: 121346K->121346K(1165312K)], 0.4875642 secs] [Times: user=0.47 sys=0.00, real=0.49 secs] 
2020-03-19T14:47:41.876+0800: 20465.501: [Full GC (Metadata GC Threshold) 2020-03-19T14:47:41.876+0800: 20465.501: [CMS: 118126K->118125K(237276K), 0.5494611 secs] 118418K->118125K(414236K), [Metaspace: 121346K->121346K(1165312K)], 0.5499790 secs] [Times: user=0.50 sys=0.00, real=0.56 secs] 
2020-03-19T14:47:42.427+0800: 20466.051: [Full GC (Last ditch collection) 2020-03-19T14:47:42.427+0800: 20466.051: [CMS: 118125K->118123K(237276K), 0.5706792 secs] 118125K->118123K(414236K), [Metaspace: 121346K->121346K(1165312K)], 0.5710931 secs] [Times: user=0.53 sys=0.00, real=0.56 secs] 
2020-03-19T14:47:43.018+0800: 20466.643: [Full GC (Metadata GC Threshold) 2020-03-19T14:47:43.018+0800: 20466.643: [CMS: 118123K->118178K(237276K), 0.5188915 secs] 118749K->118178K(414236K), [Metaspace: 121346K->121346K(1165312K)], 0.5193526 secs] [Times: user=0.53 sys=0.00, real=0.51 secs] 
2020-03-19T14:47:43.538+0800: 20467.162: [Full GC (Last ditch collection) 2020-03-19T14:47:43.538+0800: 20467.162: [CMS: 118178K->118176K(237276K), 0.4972303 secs] 118178K->118176K(414236K), [Metaspace: 121346K->121346K(1165312K)], 0.4976171 secs] [Times: user=0.49 sys=0.00, real=0.50 secs] 
2020-03-19T14:47:44.039+0800: 20467.664: [Full GC (Metadata GC Threshold) 2020-03-19T14:47:44.039+0800: 20467.664: [CMS: 118176K->118172K(237276K), 0.5210086 secs] 118255K->118172K(414236K), [Metaspace: 121346K->121346K(1165312K)], 0.5214570 secs] [Times: user=0.50 sys=0.00, real=0.52 secs] 
2020-03-19T14:47:44.561+0800: 20468.185: [Full GC (Last ditch collection) 2020-03-19T14:47:44.561+0800: 20468.185: [CMS: 118172K->118172K(237276K), 0.4900249 secs] 118172K->118172K(414236K), [Metaspace: 121346K->121346K(1165312K)], 0.4904644 secs] [Times: user=0.48 sys=0.00, real=0.49 secs] 
2020-03-19T14:47:45.055+0800: 20468.679: [Full GC (Metadata GC Threshold) 2020-03-19T14:47:45.055+0800: 20468.679: [CMS: 118172K->118172K(237276K), 0.6029438 secs] 118178K->118172K(414236K), [Metaspace: 121346K->121346K(1165312K)], 0.6033518 secs] [Times: user=0.58 sys=0.00, real=0.61 secs] 
2020-03-19T14:47:45.658+0800: 20469.283: [Full GC (Last ditch collection) 2020-03-19T14:47:45.658+0800: 20469.283: [CMS: 118172K->118172K(237276K), 0.5764913 secs] 118172K->118172K(414236K), [Metaspace: 121346K->121346K(1165312K)], 0.5769639 secs] [Times: user=0.51 sys=0.00, real=0.57 secs] 
2020-03-19T14:47:46.243+0800: 20469.868: [Full GC (Metadata GC Threshold) 2020-03-19T14:47:46.244+0800: 20469.868: [CMS: 118172K->118169K(237276K), 0.5156503 secs] 118188K->118169K(414236K), [Metaspace: 121346K->121346K(1165312K)], 0.5160953 secs] [Times: user=0.49 sys=0.00, real=0.52 secs] 
2020-03-19T14:47:46.760+0800: 20470.384: [Full GC (Last ditch collection) 2020-03-19T14:47:46.760+0800: 20470.385: [CMS: 118169K->118169K(237276K), 0.4545489 secs] 118169K->118169K(414236K), [Metaspace: 121346K->121346K(1165312K)], 0.4549548 secs] [Times: user=0.46 sys=0.00, real=0.45 secs] 
2020-03-19T14:47:47.220+0800: 20470.845: [Full GC (Metadata GC Threshold) 2020-03-19T14:47:47.220+0800: 20470.845: [CMS: 118169K->118170K(237276K), 0.4431748 secs] 118174K->118170K(414236K), [Metaspace: 121346K->121346K(1165312K)], 0.4435866 secs] [Times: user=0.44 sys=0.00, real=0.44 secs] 
2020-03-19T14:47:47.664+0800: 20471.289: [Full GC (Last ditch collection) 2020-03-19T14:47:47.664+0800: 20471.289: [CMS: 118170K->118170K(237276K), 0.4853580 secs] 118170K->118170K(414236K), [Metaspace: 121346K->121346K(1165312K)], 0.4857547 secs] [Times: user=0.48 sys=0.00, real=0.49 secs] 
2020-03-19T14:47:48.157+0800: 20471.782: [Full GC (Metadata GC Threshold) 2020-03-19T14:47:48.157+0800: 20471.782: [CMS: 118170K->118179K(237276K), 0.5261972 secs] 118433K->118179K(414236K), [Metaspace: 121346K->121346K(1165312K)], 0.5265830 secs] [Times: user=0.50 sys=0.00, real=0.53 secs] 
2020-03-19T14:47:48.684+0800: 20472.309: [Full GC (Last ditch collection) 2020-03-19T14:47:48.684+0800: 20472.309: [CMS: 118179K->118178K(237276K), 0.4736702 secs] 118179K->118178K(414236K), [Metaspace: 121346K->121346K(1165312K)], 0.4741068 secs] [Times: user=0.46 sys=0.00, real=0.48 secs] 
2020-03-19T14:47:49.161+0800: 20472.786: [Full GC (Metadata GC Threshold) 2020-03-19T14:47:49.161+0800: 20472.786: [CMS: 118178K->118178K(237276K), 0.4499298 secs] 118191K->118178K(414236K), [Metaspace: 121346K->121346K(1165312K)], 0.4503220 secs] [Times: user=0.44 sys=0.00, real=0.45 secs] 
2020-03-19T14:47:49.612+0800: 20473.236: [Full GC (Last ditch collection) 2020-03-19T14:47:49.612+0800: 20473.236: [CMS: 118178K->118178K(237276K), 0.5325241 secs] 118178K->118178K(414236K), [Metaspace: 121346K->121346K(1165312K)], 0.5330835 secs] [Times: user=0.50 sys=0.00, real=0.53 secs] 
2020-03-19T14:47:50.150+0800: 20473.775: [Full GC (Metadata GC Threshold) 2020-03-19T14:47:50.150+0800: 20473.775: [CMS: 118178K->118233K(237276K), 0.5422374 secs] 118300K->118233K(414236K), [Metaspace: 121346K->121346K(1165312K)], 0.5426374 secs] [Times: user=0.52 sys=0.00, real=0.54 secs] 
2020-03-19T14:47:50.693+0800: 20474.318: [Full GC (Last ditch collection) 2020-03-19T14:47:50.693+0800: 20474.318: [CMS: 118233K->118161K(237276K), 0.4677186 secs] 118233K->118161K(414236K), [Metaspace: 121346K->121346K(1165312K)], 0.4681077 secs] [Times: user=0.46 sys=0.00, real=0.47 secs] 
2020-03-19T14:47:51.165+0800: 20474.789: [Full GC (Metadata GC Threshold) 2020-03-19T14:47:51.165+0800: 20474.790: [CMS: 118161K->118165K(237276K), 0.4409437 secs] 118203K->118165K(414236K), [Metaspace: 121346K->121346K(1165312K)], 0.4413405 secs] [Times: user=0.44 sys=0.00, real=0.45 secs] 
2020-03-19T14:47:51.607+0800: 20475.231: [Full GC (Last ditch collection) 2020-03-19T14:47:51.607+0800: 20475.231: [CMS: 118165K->118165K(237276K), 0.4804308 secs] 118165K->118165K(414236K), [Metaspace: 121346K->121346K(1165312K)], 0.4808395 secs] [Times: user=0.48 sys=0.00, real=0.48 secs] 
2020-03-19T14:47:52.090+0800: 20475.715: [Full GC (Metadata GC Threshold) 2020-03-19T14:47:52.090+0800: 20475.715: [CMS: 118165K->118165K(237276K), 0.4784275 secs] 118171K->118165K(414236K), [Metaspace: 121346K->121346K(1165312K)], 0.4788353 secs] [Times: user=0.48 sys=0.00, real=0.48 secs] 
2020-03-19T14:47:52.569+0800: 20476.194: [Full GC (Last ditch collection) 2020-03-19T14:47:52.570+0800: 20476.194: [CMS: 118165K->118165K(237276K), 0.4766602 secs] 118165K->118165K(414236K), [Metaspace: 121346K->121346K(1165312K)], 0.4770791 secs] [Times: user=0.47 sys=0.00, real=0.48 secs] 
2020-03-19T14:47:53.064+0800: 20476.689: [Full GC (Metadata GC Threshold) 2020-03-19T14:47:53.065+0800: 20476.689: [CMS: 118165K->118141K(237276K), 0.5103810 secs] 118806K->118141K(414236K), [Metaspace: 121346K->121346K(1165312K)], 0.5108141 secs] [Times: user=0.50 sys=0.00, real=0.51 secs] 
2020-03-19T14:47:53.576+0800: 20477.200: [Full GC (Last ditch collection) 2020-03-19T14:47:53.576+0800: 20477.200: [CMS: 118141K->118107K(237276K), 0.4860466 secs] 118141K->118107K(414236K), [Metaspace: 121346K->121346K(1165312K)], 0.4864686 secs] [Times: user=0.48 sys=0.00, real=0.49 secs] 
2020-03-19T14:47:54.065+0800: 20477.689: [Full GC (Metadata GC Threshold) 2020-03-19T14:47:54.065+0800: 20477.690: [CMS (concurrent mode failure): 118107K->118107K(237276K), 0.5320579 secs] 118111K->118107K(414236K), [Metaspace: 121346K->121346K(1165312K)], 0.5324362 secs] [Times: user=0.51 sys=0.00, real=0.53 secs] 
2020-03-19T14:47:54.598+0800: 20478.222: [Full GC (Last ditch collection) 2020-03-19T14:47:54.598+0800: 20478.222: [CMS: 118107K->118107K(237276K), 0.4605352 secs] 118107K->118107K(414236K), [Metaspace: 121346K->121346K(1165312K)], 0.4609093 secs] [Times: user=0.46 sys=0.00, real=0.47 secs] 
2020-03-19T14:47:55.062+0800: 20478.686: [Full GC (Metadata GC Threshold) 2020-03-19T14:47:55.062+0800: 20478.686: [CMS: 118107K->118108K(237276K), 0.4714738 secs] 118116K->118108K(414236K), [Metaspace: 121346K->121346K(1165312K)], 0.4719139 secs] [Times: user=0.47 sys=0.00, real=0.47 secs] 
2020-03-19T14:47:55.534+0800: 20479.158: [Full GC (Last ditch collection) 2020-03-19T14:47:55.534+0800: 20479.159: [CMS: 118108K->118108K(237276K), 0.5233607 secs] 118108K->118108K(414236K), [Metaspace: 121346K->121346K(1165312K)], 0.5238541 secs] [Times: user=0.50 sys=0.00, real=0.52 secs] 
2020-03-19T14:47:56.062+0800: 20479.686: [Full GC (Metadata GC Threshold) 2020-03-19T14:47:56.062+0800: 20479.686: [CMS: 118108K->118114K(237276K), 0.5109049 secs] 118172K->118114K(414236K), [Metaspace: 121346K->121346K(1165312K)], 0.5113244 secs] [Times: user=0.50 sys=0.00, real=0.51 secs] 
2020-03-19T14:47:56.573+0800: 20480.198: [Full GC (Last ditch collection) 2020-03-19T14:47:56.574+0800: 20480.198: [CMS: 118114K->118114K(237276K), 0.4872662 secs] 118114K->118114K(414236K), [Metaspace: 121346K->121346K(1165312K)], 0.4876439 secs] [Times: user=0.47 sys=0.00, real=0.49 secs] 
2020-03-19T14:47:57.066+0800: 20480.691: [Full GC (Metadata GC Threshold) 2020-03-19T14:47:57.066+0800: 20480.691: [CMS: 118114K->118190K(237276K), 0.4612271 secs] 118213K->118190K(414236K), [Metaspace: 121346K->121346K(1165312K)], 0.4617279 secs] [Times: user=0.46 sys=0.00, real=0.46 secs] 
2020-03-19T14:47:57.530+0800: 20481.154: [Full GC (Last ditch collection) 2020-03-19T14:47:57.530+0800: 20481.154: [CMS: 118190K->118084K(237276K), 0.6103961 secs] 118190K->118084K(414236K), [Metaspace: 121346K->121346K(1165312K)], 0.6108053 secs] [Times: user=0.54 sys=0.00, real=0.61 secs] 
2020-03-19T14:47:58.144+0800: 20481.768: [Full GC (Metadata GC Threshold) 2020-03-19T14:47:58.144+0800: 20481.768: [CMS: 118084K->118070K(237276K), 0.4888408 secs] 118102K->118070K(414236K), [Metaspace: 121346K->121346K(1165312K)], 0.4892848 secs] [Times: user=0.49 sys=0.00, real=0.49 secs] 
2020-03-19T14:47:58.633+0800: 20482.258: [Full GC (Last ditch collection) 2020-03-19T14:47:58.633+0800: 20482.258: [CMS: 118070K->118070K(237276K), 0.4792311 secs] 118070K->118070K(414236K), [Metaspace: 121346K->121346K(1165312K)], 0.4796012 secs] [Times: user=0.47 sys=0.00, real=0.48 secs] 
2020-03-19T14:47:59.116+0800: 20482.740: [Full GC (Metadata GC Threshold) 2020-03-19T14:47:59.116+0800: 20482.741: [CMS: 118070K->118070K(237276K), 0.4479843 secs] 118074K->118070K(414236K), [Metaspace: 121346K->121346K(1165312K)], 0.4483796 secs] [Times: user=0.44 sys=0.00, real=0.45 secs] 
2020-03-19T14:47:59.565+0800: 20483.189: [Full GC (Last ditch collection) 2020-03-19T14:47:59.565+0800: 20483.189: [CMS: 118070K->118070K(237276K), 0.5551270 secs] 118070K->118070K(414236K), [Metaspace: 121346K->121346K(1165312K)], 0.5555436 secs] [Times: user=0.50 sys=0.00, real=0.56 secs] 
2020-03-19T14:48:00.140+0800: 20483.764: [GC (CMS Initial Mark) [1 CMS-initial-mark: 118070K(237276K)] 120718K(414236K), 0.0107098 secs] [Times: user=0.01 sys=0.00, real=0.01 secs] 
2020-03-19T14:48:00.151+0800: 20483.775: [CMS-concurrent-mark-start]
2020-03-19T14:48:00.170+0800: 20483.794: [Full GC (Metadata GC Threshold) 2020-03-19T14:48:00.170+0800: 20483.794: [CMS2020-03-19T14:48:00.367+0800: 20483.992: [CMS-concurrent-mark: 0.208/0.216 secs] [Times: user=0.22 sys=0.00, real=0.22 secs] 
 (concurrent mode failure): 118070K->118026K(237276K), 0.7229674 secs] 121123K->118026K(414236K), [Metaspace: 121350K->121350K(1165312K)], 0.7234327 secs] [Times: user=0.70 sys=0.00, real=0.72 secs] 
2020-03-19T14:48:00.893+0800: 20484.518: [Full GC (Last ditch collection) 2020-03-19T14:48:00.893+0800: 20484.518: [CMS: 118026K->117986K(237276K), 0.5852264 secs] 118026K->117986K(414236K), [Metaspace: 121350K->121350K(1165312K)], 0.5856660 secs] [Times: user=0.51 sys=0.00, real=0.59 secs] 
2020-03-19T14:48:01.484+0800: 20485.108: [Full GC (Metadata GC Threshold) 2020-03-19T14:48:01.484+0800: 20485.108: [CMS: 117986K->118029K(237276K), 0.5429484 secs] 118152K->118029K(414236K), [Metaspace: 121350K->121350K(1165312K)], 0.5434617 secs] [Times: user=0.51 sys=0.00, real=0.55 secs] 
2020-03-19T14:48:02.027+0800: 20485.652: [Full GC (Last ditch collection) 2020-03-19T14:48:02.027+0800: 20485.652: [CMS: 118029K->117990K(237276K), 0.5127217 secs] 118029K->117990K(414236K), [Metaspace: 121350K->121350K(1165312K)], 0.5132130 secs] [Times: user=0.48 sys=0.00, real=0.51 secs] 
2020-03-19T14:48:02.547+0800: 20486.171: [Full GC (Metadata GC Threshold) 2020-03-19T14:48:02.547+0800: 20486.171: [CMS: 117990K->117992K(237276K), 0.4792779 secs] 118046K->117992K(414236K), [Metaspace: 121350K->121350K(1165312K)], 0.4796671 secs] [Times: user=0.47 sys=0.00, real=0.48 secs] 
2020-03-19T14:48:03.027+0800: 20486.651: [Full GC (Last ditch collection) 2020-03-19T14:48:03.027+0800: 20486.651: [CMS: 117992K->117992K(237276K), 0.4717071 secs] 117992K->117992K(414236K), [Metaspace: 121350K->121350K(1165312K)], 0.4720709 secs] [Times: user=0.47 sys=0.00, real=0.47 secs] 
2020-03-19T14:48:03.502+0800: 20487.126: [GC (CMS Initial Mark) [1 CMS-initial-mark: 117992K(237276K)] 117992K(414236K), 0.0078820 secs] [Times: user=0.02 sys=0.00, real=0.01 secs] 
2020-03-19T14:48:03.510+0800: 20487.135: [CMS-concurrent-mark-start]
2020-03-19T14:48:03.536+0800: 20487.160: [Full GC (Metadata GC Threshold) 2020-03-19T14:48:03.536+0800: 20487.161: [CMS2020-03-19T14:48:03.709+0800: 20487.333: [CMS-concurrent-mark: 0.186/0.199 secs] [Times: user=0.22 sys=0.00, real=0.20 secs] 
 (concurrent mode failure): 117992K->118070K(237276K), 0.6860924 secs] 119496K->118070K(414236K), [Metaspace: 121350K->121350K(1165312K)], 0.6865282 secs] [Times: user=0.68 sys=0.00, real=0.69 secs] 
2020-03-19T14:48:04.223+0800: 20487.847: [Full GC (Last ditch collection) 2020-03-19T14:48:04.223+0800: 20487.847: [CMS: 118070K->118035K(237276K), 0.4789697 secs] 118070K->118035K(414236K), [Metaspace: 121350K->121350K(1165312K)], 0.4794240 secs] [Times: user=0.47 sys=0.00, real=0.48 secs] 
2020-03-19T14:48:04.709+0800: 20488.334: [Full GC (Metadata GC Threshold) 2020-03-19T14:48:04.709+0800: 20488.334: [CMS: 118035K->118039K(237276K), 0.5416323 secs] 118251K->118039K(414236K), [Metaspace: 121350K->121350K(1165312K)], 0.5421758 secs] [Times: user=0.50 sys=0.00, real=0.54 secs] 
2020-03-19T14:48:05.252+0800: 20488.876: [Full GC (Last ditch collection) 2020-03-19T14:48:05.252+0800: 20488.876: [CMS: 118039K->118038K(237276K), 0.4732026 secs] 118039K->118038K(414236K), [Metaspace: 121350K->121350K(1165312K)], 0.4736216 secs] [Times: user=0.47 sys=0.00, real=0.47 secs] 
2020-03-19T14:48:05.729+0800: 20489.354: [Full GC (Metadata GC Threshold) 2020-03-19T14:48:05.729+0800: 20489.354: [CMS: 118038K->118017K(237276K), 0.4969566 secs] 118097K->118017K(414236K), [Metaspace: 121350K->121350K(1165312K)], 0.4973825 secs] [Times: user=0.49 sys=0.00, real=0.50 secs] 
2020-03-19T14:48:06.227+0800: 20489.851: [Full GC (Last ditch collection) 2020-03-19T14:48:06.227+0800: 20489.852: [CMS: 118017K->118016K(237276K), 0.5016578 secs] 118017K->118016K(414236K), [Metaspace: 121350K->121350K(1165312K)], 0.5021218 secs] [Times: user=0.48 sys=0.00, real=0.50 secs] 
2020-03-19T14:48:06.732+0800: 20490.356: [GC (CMS Initial Mark) [1 CMS-initial-mark: 118016K(237276K)] 118016K(414236K), 0.0087302 secs] [Times: user=0.01 sys=0.00, real=0.01 secs] 
2020-03-19T14:48:06.741+0800: 20490.366: [CMS-concurrent-mark-start]
2020-03-19T14:48:06.743+0800: 20490.368: [Full GC (Metadata GC Threshold) 2020-03-19T14:48:06.744+0800: 20490.368: [CMS2020-03-19T14:48:06.932+0800: 20490.557: [CMS-concurrent-mark: 0.183/0.191 secs] [Times: user=0.19 sys=0.00, real=0.19 secs] 
 (concurrent mode failure): 118016K->118014K(237276K), 0.6360793 secs] 118073K->118014K(414236K), [Metaspace: 121350K->121350K(1165312K)], 0.6364872 secs] [Times: user=0.64 sys=0.00, real=0.64 secs] 
2020-03-19T14:48:07.380+0800: 20491.005: [Full GC (Last ditch collection) 2020-03-19T14:48:07.380+0800: 20491.005: [CMS: 118014K->118014K(237276K), 0.4838735 secs] 118014K->118014K(414236K), [Metaspace: 121350K->121350K(1165312K)], 0.4842629 secs] [Times: user=0.46 sys=0.00, real=0.48 secs] 
2020-03-19T14:48:07.867+0800: 20491.492: [Full GC (Metadata GC Threshold) 2020-03-19T14:48:07.867+0800: 20491.492: [CMS: 118014K->118014K(237276K), 0.4978763 secs] 118016K->118014K(414236K), [Metaspace: 121350K->121350K(1165312K)], 0.4984375 secs] [Times: user=0.49 sys=0.00, real=0.49 secs] 
2020-03-19T14:48:08.366+0800: 20491.991: [Full GC (Last ditch collection) 2020-03-19T14:48:08.366+0800: 20491.991: [CMS: 118014K->118014K(237276K), 0.5593913 secs] 118014K->118014K(414236K), [Metaspace: 121350K->121350K(1165312K)], 0.5598212 secs] [Times: user=0.51 sys=0.00, real=0.56 secs] 
2020-03-19T14:48:08.945+0800: 20492.570: [Full GC (Metadata GC Threshold) 2020-03-19T14:48:08.945+0800: 20492.570: [CMS: 118014K->118070K(237276K), 0.4832240 secs] 119182K->118070K(414236K), [Metaspace: 121352K->121352K(1165312K)], 0.4836745 secs] [Times: user=0.48 sys=0.00, real=0.49 secs] 
2020-03-19T14:48:09.429+0800: 20493.054: [Full GC (Last ditch collection) 2020-03-19T14:48:09.429+0800: 20493.054: [CMS: 118070K->118021K(237276K), 0.4643625 secs] 118070K->118021K(414236K), [Metaspace: 121352K->121352K(1165312K)], 0.4647314 secs] [Times: user=0.46 sys=0.00, real=0.46 secs] 
2020-03-19T14:48:09.897+0800: 20493.521: [Full GC (Metadata GC Threshold) 2020-03-19T14:48:09.897+0800: 20493.521: [CMS: 118021K->118021K(237276K), 0.4802362 secs] 118349K->118021K(414236K), [Metaspace: 121352K->121352K(1165312K)], 0.4806486 secs] [Times: user=0.47 sys=0.00, real=0.48 secs] 
2020-03-19T14:48:10.377+0800: 20494.002: [Full GC (Last ditch collection) 2020-03-19T14:48:10.378+0800: 20494.002: [CMS: 118021K->118021K(237276K), 0.4886408 secs] 118021K->118021K(414236K), [Metaspace: 121352K->121352K(1165312K)], 0.4890404 secs] [Times: user=0.48 sys=0.00, real=0.50 secs] 
2020-03-19T14:48:10.887+0800: 20494.511: [Full GC (Metadata GC Threshold) 2020-03-19T14:48:10.887+0800: 20494.512: [CMS: 118021K->118098K(237276K), 0.4808179 secs] 119891K->118098K(414236K), [Metaspace: 121352K->121352K(1165312K)], 0.4812601 secs] [Times: user=0.48 sys=0.00, real=0.48 secs] 
2020-03-19T14:48:11.368+0800: 20494.993: [Full GC (Last ditch collection) 2020-03-19T14:48:11.369+0800: 20494.993: [CMS: 118098K->118021K(237276K), 0.5043033 secs] 118098K->118021K(414236K), [Metaspace: 121352K->121352K(1165312K)], 0.5046462 secs] [Times: user=0.48 sys=0.00, real=0.50 secs] 
2020-03-19T14:48:11.876+0800: 20495.501: [GC (CMS Initial Mark) [1 CMS-initial-mark: 118021K(237276K)] 118368K(414236K), 0.0078168 secs] [Times: user=0.02 sys=0.00, real=0.01 secs] 
2020-03-19T14:48:11.885+0800: 20495.509: [CMS-concurrent-mark-start]
2020-03-19T14:48:11.886+0800: 20495.511: [Full GC (Metadata GC Threshold) 2020-03-19T14:48:11.887+0800: 20495.511: [CMS2020-03-19T14:48:12.085+0800: 20495.710: [CMS-concurrent-mark: 0.192/0.201 secs] [Times: user=0.19 sys=0.00, real=0.20 secs] 
 (concurrent mode failure): 118021K->117966K(237276K), 0.8246628 secs] 118372K->117966K(414236K), [Metaspace: 121352K->121352K(1165312K)], 0.8250300 secs] [Times: user=0.72 sys=0.00, real=0.82 secs] 
2020-03-19T14:48:12.712+0800: 20496.336: [Full GC (Last ditch collection) 2020-03-19T14:48:12.712+0800: 20496.336: [CMS: 117966K->117965K(237276K), 0.5489016 secs] 117966K->117965K(414236K), [Metaspace: 121352K->121352K(1165312K)], 0.5492993 secs] [Times: user=0.51 sys=0.00, real=0.55 secs] 
2020-03-19T14:48:13.264+0800: 20496.889: [Full GC (Metadata GC Threshold) 2020-03-19T14:48:13.264+0800: 20496.889: [CMS: 117965K->117965K(237276K), 0.4533037 secs] 118349K->117965K(414236K), [Metaspace: 121352K->121352K(1165312K)], 0.4537013 secs] [Times: user=0.45 sys=0.00, real=0.46 secs] 
2020-03-19T14:48:13.718+0800: 20497.343: [Full GC (Last ditch collection) 2020-03-19T14:48:13.718+0800: 20497.343: [CMS: 117965K->117965K(237276K), 0.4812281 secs] 117965K->117965K(414236K), [Metaspace: 121352K->121352K(1165312K)], 0.4817046 secs] [Times: user=0.47 sys=0.00, real=0.48 secs] 
2020-03-19T14:48:14.204+0800: 20497.829: [GC (CMS Initial Mark) [1 CMS-initial-mark: 117965K(237276K)] 118336K(414236K), 0.0086768 secs] [Times: user=0.02 sys=0.00, real=0.01 secs] 
2020-03-19T14:48:14.213+0800: 20497.838: [CMS-concurrent-mark-start]
2020-03-19T14:48:14.243+0800: 20497.868: [Full GC (Metadata GC Threshold) 2020-03-19T14:48:14.243+0800: 20497.868: [CMS2020-03-19T14:48:14.433+0800: 20498.058: [CMS-concurrent-mark: 0.195/0.220 secs] [Times: user=0.22 sys=0.00, real=0.22 secs] 
 (concurrent mode failure): 117965K->118014K(237276K), 0.7081536 secs] 119312K->118014K(414236K), [Metaspace: 121352K->121352K(1165312K)], 0.7086449 secs] [Times: user=0.68 sys=0.00, real=0.71 secs] 
2020-03-19T14:48:14.952+0800: 20498.577: [Full GC (Last ditch collection) 2020-03-19T14:48:14.953+0800: 20498.577: [CMS: 118014K->118006K(237276K), 0.4510541 secs] 118014K->118006K(414236K), [Metaspace: 121352K->121352K(1165312K)], 0.4516760 secs] [Times: user=0.45 sys=0.00, real=0.45 secs] 
2020-03-19T14:48:15.407+0800: 20499.031: [Full GC (Metadata GC Threshold) 2020-03-19T14:48:15.407+0800: 20499.032: [CMS: 118006K->118006K(237276K), 0.4851888 secs] 118010K->118006K(414236K), [Metaspace: 121352K->121352K(1165312K)], 0.4856431 secs] [Times: user=0.47 sys=0.00, real=0.48 secs] 
2020-03-19T14:48:15.893+0800: 20499.517: [Full GC (Last ditch collection) 2020-03-19T14:48:15.893+0800: 20499.518: [CMS: 118006K->118006K(237276K), 0.6411395 secs] 118006K->118006K(414236K), [Metaspace: 121352K->121352K(1165312K)], 0.6419549 secs] [Times: user=0.55 sys=0.00, real=0.64 secs] 
2020-03-19T14:48:16.551+0800: 20500.175: [Full GC (Metadata GC Threshold) 2020-03-19T14:48:16.551+0800: 20500.175: [CMS: 118006K->118040K(237276K), 0.7449693 secs] 118903K->118040K(414236K), [Metaspace: 121352K->121352K(1165312K)], 0.7455933 secs] [Times: user=0.64 sys=0.00, real=0.74 secs] 
2020-03-19T14:48:17.296+0800: 20500.921: [Full GC (Last ditch collection) 2020-03-19T14:48:17.297+0800: 20500.921: [CMS: 118040K->118038K(237276K), 0.6958625 secs] 118040K->118038K(414236K), [Metaspace: 121352K->121352K(1165312K)], 0.6963638 secs] [Times: user=0.64 sys=0.00, real=0.70 secs] 
2020-03-19T14:48:17.996+0800: 20501.621: [GC (CMS Initial Mark) [1 CMS-initial-mark: 118038K(237276K)] 118045K(414236K), 0.0083988 secs] [Times: user=0.02 sys=0.00, real=0.01 secs] 
2020-03-19T14:48:18.005+0800: 20501.630: [CMS-concurrent-mark-start]
2020-03-19T14:48:18.021+0800: 20501.645: [Full GC (Metadata GC Threshold) 2020-03-19T14:48:18.021+0800: 20501.645: [CMS2020-03-19T14:48:18.201+0800: 20501.826: [CMS-concurrent-mark: 0.188/0.196 secs] [Times: user=0.20 sys=0.00, real=0.20 secs] 
 (concurrent mode failure): 118038K->118016K(237276K), 0.7191687 secs] 119096K->118016K(414236K), [Metaspace: 121354K->121354K(1165312K)], 0.7196031 secs] [Times: user=0.66 sys=0.00, real=0.72 secs] 
2020-03-19T14:48:18.741+0800: 20502.365: [Full GC (Last ditch collection) 2020-03-19T14:48:18.741+0800: 20502.365: [CMS: 118016K->118014K(237276K), 0.4576168 secs] 118016K->118014K(414236K), [Metaspace: 121354K->121354K(1165312K)], 0.4579691 secs] [Times: user=0.46 sys=0.00, real=0.46 secs] 
2020-03-19T14:48:19.203+0800: 20502.828: [Full GC (Metadata GC Threshold) 2020-03-19T14:48:19.203+0800: 20502.828: [CMS: 118014K->118021K(237276K), 0.4501797 secs] 118405K->118021K(414236K), [Metaspace: 121356K->121356K(1165312K)], 0.4506060 secs] [Times: user=0.45 sys=0.00, real=0.45 secs] 
2020-03-19T14:48:19.654+0800: 20503.279: [Full GC (Last ditch collection) 2020-03-19T14:48:19.654+0800: 20503.279: [CMS: 118021K->118019K(237276K), 0.5844680 secs] 118021K->118019K(414236K), [Metaspace: 121356K->121356K(1165312K)], 0.5849919 secs] [Times: user=0.53 sys=0.00, real=0.59 secs] 
2020-03-19T14:48:20.244+0800: 20503.868: [Full GC (Metadata GC Threshold) 2020-03-19T14:48:20.244+0800: 20503.869: [CMS: 118019K->118019K(237276K), 0.4904519 secs] 118051K->118019K(414236K), [Metaspace: 121356K->121356K(1165312K)], 0.4910947 secs] [Times: user=0.47 sys=0.00, real=0.49 secs] 
2020-03-19T14:48:20.735+0800: 20504.360: [Full GC (Last ditch collection) 2020-03-19T14:48:20.735+0800: 20504.360: [CMS: 118019K->118019K(237276K), 0.4570354 secs] 118019K->118019K(414236K), [Metaspace: 121356K->121356K(1165312K)], 0.4574041 secs] [Times: user=0.46 sys=0.00, real=0.46 secs] 
2020-03-19T14:48:21.196+0800: 20504.821: [GC (CMS Initial Mark) [1 CMS-initial-mark: 118019K(237276K)] 118513K(414236K), 0.0080236 secs] [Times: user=0.02 sys=0.00, real=0.01 secs] 
2020-03-19T14:48:21.205+0800: 20504.829: [CMS-concurrent-mark-start]
2020-03-19T14:48:21.206+0800: 20504.831: [Full GC (Metadata GC Threshold) 2020-03-19T14:48:21.207+0800: 20504.831: [CMS2020-03-19T14:48:21.384+0800: 20505.009: [CMS-concurrent-mark: 0.173/0.179 secs] [Times: user=0.18 sys=0.00, real=0.18 secs] 
 (concurrent mode failure): 118019K->118028K(237276K), 0.6484081 secs] 118524K->118028K(414236K), [Metaspace: 121356K->121356K(1165312K)], 0.6487865 secs] [Times: user=0.64 sys=0.00, real=0.64 secs] 
2020-03-19T14:48:21.856+0800: 20505.480: [Full GC (Last ditch collection) 2020-03-19T14:48:21.856+0800: 20505.480: [CMS: 118028K->118018K(237276K), 0.4770266 secs] 118028K->118018K(414236K), [Metaspace: 121356K->121356K(1165312K)], 0.4774111 secs] [Times: user=0.48 sys=0.00, real=0.48 secs] 
2020-03-19T14:48:22.336+0800: 20505.961: [Full GC (Metadata GC Threshold) 2020-03-19T14:48:22.336+0800: 20505.961: [CMS: 118018K->118011K(237276K), 0.4778443 secs] 118252K->118011K(414236K), [Metaspace: 121356K->121356K(1165312K)], 0.4782838 secs] [Times: user=0.48 sys=0.00, real=0.48 secs] 
2020-03-19T14:48:22.815+0800: 20506.439: [Full GC (Last ditch collection) 2020-03-19T14:48:22.815+0800: 20506.439: [CMS: 118011K->118011K(237276K), 0.4716402 secs] 118011K->118011K(414236K), [Metaspace: 121356K->121356K(1165312K)], 0.4720484 secs] [Times: user=0.46 sys=0.00, real=0.48 secs] 
2020-03-19T14:48:23.290+0800: 20506.914: [Full GC (Metadata GC Threshold) 2020-03-19T14:48:23.290+0800: 20506.914: [CMS: 118011K->118011K(237276K), 0.4601313 secs] 118019K->118011K(414236K), [Metaspace: 121356K->121356K(1165312K)], 0.4605551 secs] [Times: user=0.46 sys=0.00, real=0.46 secs] 
2020-03-19T14:48:23.750+0800: 20507.375: [Full GC (Last ditch collection) 2020-03-19T14:48:23.751+0800: 20507.375: [CMS: 118011K->118011K(237276K), 0.4851598 secs] 118011K->118011K(414236K), [Metaspace: 121356K->121356K(1165312K)], 0.4855721 secs] [Times: user=0.48 sys=0.00, real=0.48 secs] 
2020-03-19T14:48:24.259+0800: 20507.884: [GC (CMS Initial Mark) [1 CMS-initial-mark: 118011K(237276K)] 119334K(414236K), 0.0105395 secs] [Times: user=0.02 sys=0.00, real=0.01 secs] 
2020-03-19T14:48:24.274+0800: 20507.899: [CMS-concurrent-mark-start]
2020-03-19T14:48:24.365+0800: 20507.989: [Full GC (Metadata GC Threshold) 2020-03-19T14:48:24.365+0800: 20507.989: [CMS2020-03-19T14:48:24.566+0800: 20508.190: [CMS-concurrent-mark: 0.263/0.291 secs] [Times: user=0.31 sys=0.00, real=0.29 secs] 
 (concurrent mode failure): 118011K->118563K(237276K), 0.6767149 secs] 138073K->118563K(414236K), [Metaspace: 121356K->121356K(1165312K)], 0.6771361 secs] [Times: user=0.66 sys=0.00, real=0.68 secs] 
2020-03-19T14:48:25.042+0800: 20508.667: [Full GC (Last ditch collection) 2020-03-19T14:48:25.042+0800: 20508.667: [CMS: 118563K->118515K(237276K), 0.4667967 secs] 118563K->118515K(414236K), [Metaspace: 121356K->121356K(1165312K)], 0.4671960 secs] [Times: user=0.46 sys=0.00, real=0.47 secs] 
2020-03-19T14:48:25.513+0800: 20509.138: [Full GC (Metadata GC Threshold) 2020-03-19T14:48:25.513+0800: 20509.138: [CMS: 118515K->118519K(237276K), 0.5121479 secs] 119069K->118519K(414236K), [Metaspace: 121356K->121356K(1165312K)], 0.5125827 secs] [Times: user=0.51 sys=0.00, real=0.51 secs] 
2020-03-19T14:48:26.026+0800: 20509.650: [Full GC (Last ditch collection) 2020-03-19T14:48:26.026+0800: 20509.651: [CMS: 118519K->118519K(237276K), 0.5270747 secs] 118519K->118519K(414236K), [Metaspace: 121356K->121356K(1165312K)], 0.5274633 secs] [Times: user=0.51 sys=0.00, real=0.53 secs] 
2020-03-19T14:48:26.574+0800: 20510.198: [GC (CMS Initial Mark) [1 CMS-initial-mark: 118519K(237276K)] 136347K(414236K), 0.0114842 secs] [Times: user=0.02 sys=0.00, real=0.01 secs] 
2020-03-19T14:48:26.586+0800: 20510.210: [CMS-concurrent-mark-start]
2020-03-19T14:48:26.592+0800: 20510.217: [Full GC (Metadata GC Threshold) 2020-03-19T14:48:26.593+0800: 20510.217: [CMS2020-03-19T14:48:26.993+0800: 20510.618: [CMS-concurrent-mark: 0.398/0.407 secs] [Times: user=0.29 sys=0.00, real=0.41 secs] 
 (concurrent mode failure): 118519K->123633K(237276K), 1.4964028 secs] 142459K->123633K(414236K), [Metaspace: 121356K->121356K(1165312K)], 1.4968497 secs] [Times: user=0.98 sys=0.00, real=1.50 secs] 
2020-03-19T14:48:28.090+0800: 20511.714: [Full GC (Last ditch collection) 2020-03-19T14:48:28.090+0800: 20511.714: [CMS: 123633K->123604K(237276K), 0.5973519 secs] 123633K->123604K(414236K), [Metaspace: 121356K->121356K(1165312K)], 0.5978177 secs] [Times: user=0.52 sys=0.00, real=0.60 secs] 
2020-03-19T14:48:28.693+0800: 20512.317: [Full GC (Metadata GC Threshold) 2020-03-19T14:48:28.693+0800: 20512.317: [CMS: 123604K->123655K(237276K), 0.4761621 secs] 123838K->123655K(414236K), [Metaspace: 121356K->121356K(1165312K)], 0.4766026 secs] [Times: user=0.47 sys=0.00, real=0.48 secs] 
2020-03-19T14:48:29.170+0800: 20512.794: [Full GC (Last ditch collection) 2020-03-19T14:48:29.170+0800: 20512.794: [CMS: 123655K->123648K(237276K), 0.4651416 secs] 123655K->123648K(414236K), [Metaspace: 121356K->121356K(1165312K)], 0.4655082 secs] [Times: user=0.46 sys=0.00, real=0.46 secs] 
2020-03-19T14:48:29.638+0800: 20513.262: [Full GC (Metadata GC Threshold) 2020-03-19T14:48:29.638+0800: 20513.263: [CMS: 123648K->123648K(237276K), 0.5155674 secs] 123650K->123648K(414236K), [Metaspace: 121356K->121356K(1165312K)], 0.5172356 secs] [Times: user=0.50 sys=0.00, real=0.52 secs] 
2020-03-19T14:48:30.155+0800: 20513.780: [Full GC (Last ditch collection) 2020-03-19T14:48:30.156+0800: 20513.780: [CMS: 123648K->123648K(237276K), 0.4964165 secs] 123648K->123648K(414236K), [Metaspace: 121356K->121356K(1165312K)], 0.4968242 secs] [Times: user=0.49 sys=0.00, real=0.50 secs] 
2020-03-19T14:48:30.666+0800: 20514.291: [Full GC (Metadata GC Threshold) 2020-03-19T14:48:30.667+0800: 20514.292: [CMS: 123648K->119675K(237276K), 0.5017779 secs] 129097K->119675K(414236K), [Metaspace: 121356K->121356K(1165312K)], 0.5031645 secs] [Times: user=0.50 sys=0.00, real=0.51 secs] 
2020-03-19T14:48:31.169+0800: 20514.794: [Full GC (Last ditch collection) 2020-03-19T14:48:31.170+0800: 20514.794: [CMS: 119675K->119560K(237276K), 0.4961695 secs] 119675K->119560K(414236K), [Metaspace: 121356K->121356K(1165312K)], 0.4966264 secs] [Times: user=0.48 sys=0.00, real=0.50 secs] 
2020-03-19T14:48:31.669+0800: 20515.293: [Full GC (Metadata GC Threshold) 2020-03-19T14:48:31.669+0800: 20515.294: [CMS: 119560K->119560K(237276K), 0.4758972 secs] 119560K->119560K(414236K), [Metaspace: 121356K->121356K(1165312K)], 0.4762829 secs] [Times: user=0.47 sys=0.00, real=0.47 secs] 
2020-03-19T14:48:32.146+0800: 20515.770: [Full GC (Last ditch collection) 2020-03-19T14:48:32.146+0800: 20515.770: [CMS: 119560K->119560K(237276K), 0.4888996 secs] 119560K->119560K(414236K), [Metaspace: 121356K->121356K(1165312K)], 0.4892904 secs] [Times: user=0.48 sys=0.00, real=0.49 secs] 
2020-03-19T14:48:32.639+0800: 20516.263: [Full GC (Metadata GC Threshold) 2020-03-19T14:48:32.639+0800: 20516.263: [CMS: 119560K->119560K(237276K), 0.4654242 secs] 119572K->119560K(414236K), [Metaspace: 121356K->121356K(1165312K)], 0.4658310 secs] [Times: user=0.45 sys=0.00, real=0.46 secs] 
2020-03-19T14:48:33.105+0800: 20516.729: [Full GC (Last ditch collection) 2020-03-19T14:48:33.105+0800: 20516.729: [CMS: 119560K->119560K(237276K), 0.4722457 secs] 119560K->119560K(414236K), [Metaspace: 121356K->121356K(1165312K)], 0.4726077 secs] [Times: user=0.47 sys=0.00, real=0.47 secs] 
2020-03-19T14:48:33.580+0800: 20517.205: [Full GC (Metadata GC Threshold) 2020-03-19T14:48:33.580+0800: 20517.205: [CMS: 119560K->119560K(237276K), 0.4856280 secs] 119566K->119560K(414236K), [Metaspace: 121356K->121356K(1165312K)], 0.4860959 secs] [Times: user=0.48 sys=0.00, real=0.49 secs] 
2020-03-19T14:48:34.067+0800: 20517.691: [Full GC (Last ditch collection) 2020-03-19T14:48:34.067+0800: 20517.691: [CMS: 119560K->119560K(237276K), 0.5019161 secs] 119560K->119560K(414236K), [Metaspace: 121356K->121356K(1165312K)], 0.5023524 secs] [Times: user=0.49 sys=0.00, real=0.50 secs] 
2020-03-19T14:48:34.572+0800: 20518.196: [Full GC (Metadata GC Threshold) 2020-03-19T14:48:34.572+0800: 20518.196: [CMS: 119560K->119560K(237276K), 0.5288969 secs] 119564K->119560K(414236K), [Metaspace: 121356K->121356K(1165312K)], 0.5292842 secs] [Times: user=0.50 sys=0.00, real=0.53 secs] 
2020-03-19T14:48:35.101+0800: 20518.726: [Full GC (Last ditch collection) 2020-03-19T14:48:35.101+0800: 20518.726: [CMS: 119560K->119560K(237276K), 0.4792105 secs] 119560K->119560K(414236K), [Metaspace: 121356K->121356K(1165312K)], 0.4795742 secs] [Times: user=0.47 sys=0.00, real=0.48 secs] 
2020-03-19T14:48:35.584+0800: 20519.208: [Full GC (Metadata GC Threshold) 2020-03-19T14:48:35.584+0800: 20519.208: [CMS: 119560K->119560K(237276K), 0.4917673 secs] 119564K->119560K(414236K), [Metaspace: 121356K->121356K(1165312K)], 0.4922215 secs] [Times: user=0.49 sys=0.00, real=0.49 secs] 
2020-03-19T14:48:36.076+0800: 20519.701: [Full GC (Last ditch collection) 2020-03-19T14:48:36.077+0800: 20519.701: [CMS: 119560K->119560K(237276K), 0.5006948 secs] 119560K->119560K(414236K), [Metaspace: 121356K->121356K(1165312K)], 0.5011495 secs] [Times: user=0.49 sys=0.00, real=0.50 secs] 
2020-03-19T14:48:36.597+0800: 20520.222: [Full GC (Metadata GC Threshold) 2020-03-19T14:48:36.597+0800: 20520.222: [CMS: 119560K->119570K(237276K), 0.4656830 secs] 121874K->119570K(414236K), [Metaspace: 121356K->121356K(1165312K)], 0.4662099 secs] [Times: user=0.47 sys=0.00, real=0.47 secs] 
2020-03-19T14:48:37.064+0800: 20520.688: [Full GC (Last ditch collection) 2020-03-19T14:48:37.064+0800: 20520.688: [CMS: 119570K->119567K(237276K), 0.4513111 secs] 119570K->119567K(414236K), [Metaspace: 121356K->121356K(1165312K)], 0.4518157 secs] [Times: user=0.45 sys=0.00, real=0.45 secs] 
2020-03-19T14:48:37.518+0800: 20521.143: [Full GC (Metadata GC Threshold) 2020-03-19T14:48:37.518+0800: 20521.143: [CMS: 119567K->119567K(237276K), 0.4824116 secs] 119569K->119567K(414236K), [Metaspace: 121356K->121356K(1165312K)], 0.4828397 secs] [Times: user=0.46 sys=0.00, real=0.48 secs] 
2020-03-19T14:48:38.001+0800: 20521.626: [Full GC (Last ditch collection) 2020-03-19T14:48:38.002+0800: 20521.626: [CMS: 119567K->119567K(237276K), 0.5535280 secs] 119567K->119567K(414236K), [Metaspace: 121356K->121356K(1165312K)], 0.5539831 secs] [Times: user=0.52 sys=0.00, real=0.55 secs] 
2020-03-19T14:48:38.560+0800: 20522.185: [Full GC (Metadata GC Threshold) 2020-03-19T14:48:38.560+0800: 20522.185: [CMS: 119567K->119569K(237276K), 0.4816628 secs] 119702K->119569K(414236K), [Metaspace: 121356K->121356K(1165312K)], 0.4820996 secs] [Times: user=0.48 sys=0.00, real=0.48 secs] 
2020-03-19T14:48:39.043+0800: 20522.667: [Full GC (Last ditch collection) 2020-03-19T14:48:39.043+0800: 20522.667: [CMS: 119569K->119567K(237276K), 0.4441317 secs] 119569K->119567K(414236K), [Metaspace: 121356K->121356K(1165312K)], 0.4445060 secs] [Times: user=0.44 sys=0.00, real=0.45 secs] 
2020-03-19T14:48:39.490+0800: 20523.114: [Full GC (Metadata GC Threshold) 2020-03-19T14:48:39.490+0800: 20523.115: [CMS: 119567K->119567K(237276K), 0.4674029 secs] 119569K->119567K(414236K), [Metaspace: 121356K->121356K(1165312K)], 0.4678064 secs] [Times: user=0.46 sys=0.00, real=0.46 secs] 
2020-03-19T14:48:39.958+0800: 20523.583: [Full GC (Last ditch collection) 2020-03-19T14:48:39.958+0800: 20523.583: [CMS: 119567K->119567K(237276K), 0.5048691 secs] 119567K->119567K(414236K), [Metaspace: 121356K->121356K(1165312K)], 0.5053090 secs] [Times: user=0.49 sys=0.00, real=0.51 secs] 
2020-03-19T14:48:40.467+0800: 20524.092: [Full GC (Metadata GC Threshold) 2020-03-19T14:48:40.467+0800: 20524.092: [CMS: 119567K->119567K(237276K), 0.5161759 secs] 119593K->119567K(414236K), [Metaspace: 121356K->121356K(1165312K)], 0.5165857 secs] [Times: user=0.50 sys=0.00, real=0.51 secs] 
2020-03-19T14:48:40.984+0800: 20524.608: [Full GC (Last ditch collection) 2020-03-19T14:48:40.984+0800: 20524.609: [CMS: 119567K->119567K(237276K), 0.5482656 secs] 119567K->119567K(414236K), [Metaspace: 121356K->121356K(1165312K)], 0.5486881 secs] [Times: user=0.51 sys=0.00, real=0.55 secs] 
2020-03-19T14:48:41.535+0800: 20525.160: [Full GC (Metadata GC Threshold) 2020-03-19T14:48:41.536+0800: 20525.160: [CMS: 119567K->119567K(237276K), 0.5015129 secs] 119580K->119567K(414236K), [Metaspace: 121356K->121356K(1165312K)], 0.5019425 secs] [Times: user=0.48 sys=0.00, real=0.50 secs] 
2020-03-19T14:48:42.038+0800: 20525.662: [Full GC (Last ditch collection) 2020-03-19T14:48:42.038+0800: 20525.662: [CMS: 119567K->119567K(237276K), 0.5222486 secs] 119567K->119567K(414236K), [Metaspace: 121356K->121356K(1165312K)], 0.5226479 secs] [Times: user=0.49 sys=0.00, real=0.53 secs] 
2020-03-19T14:48:42.593+0800: 20526.217: [Full GC (Metadata GC Threshold) 2020-03-19T14:48:42.593+0800: 20526.218: [CMS: 119567K->119616K(237276K), 0.5999890 secs] 120499K->119616K(414236K), [Metaspace: 121356K->121356K(1165312K)], 0.6004935 secs] [Times: user=0.53 sys=0.00, real=0.60 secs] 
2020-03-19T14:48:43.194+0800: 20526.818: [Full GC (Last ditch collection) 2020-03-19T14:48:43.194+0800: 20526.818: [CMS: 119616K->119613K(237276K), 0.4576252 secs] 119616K->119613K(414236K), [Metaspace: 121356K->121356K(1165312K)], 0.4579933 secs] [Times: user=0.45 sys=0.00, real=0.46 secs] 
2020-03-19T14:48:43.654+0800: 20527.279: [Full GC (Metadata GC Threshold) 2020-03-19T14:48:43.654+0800: 20527.279: [CMS: 119613K->119613K(237276K), 0.4997166 secs] 119617K->119613K(414236K), [Metaspace: 121356K->121356K(1165312K)], 0.5001346 secs] [Times: user=0.48 sys=0.00, real=0.50 secs] 
2020-03-19T14:48:44.155+0800: 20527.779: [Full GC (Last ditch collection) 2020-03-19T14:48:44.155+0800: 20527.779: [CMS: 119613K->119613K(237276K), 0.4993683 secs] 119613K->119613K(414236K), [Metaspace: 121356K->121356K(1165312K)], 0.4997695 secs] [Times: user=0.50 sys=0.00, real=0.50 secs] 
2020-03-19T14:48:44.658+0800: 20528.282: [GC (CMS Initial Mark) [1 CMS-initial-mark: 119613K(237276K)] 119615K(414236K), 0.0079459 secs] [Times: user=0.01 sys=0.00, real=0.01 secs] 
2020-03-19T14:48:44.666+0800: 20528.290: [CMS-concurrent-mark-start]
2020-03-19T14:48:44.687+0800: 20528.312: [Full GC (Metadata GC Threshold) 2020-03-19T14:48:44.688+0800: 20528.312: [CMS2020-03-19T14:48:44.891+0800: 20528.516: [CMS-concurrent-mark: 0.213/0.225 secs] [Times: user=0.22 sys=0.00, real=0.23 secs] 
 (concurrent mode failure): 119613K->119649K(237276K), 0.7719103 secs] 122678K->119649K(414236K), [Metaspace: 121356K->121356K(1165312K)], 0.7723975 secs] [Times: user=0.75 sys=0.00, real=0.77 secs] 
2020-03-19T14:48:45.460+0800: 20529.085: [Full GC (Last ditch collection) 2020-03-19T14:48:45.460+0800: 20529.085: [CMS: 119649K->119648K(237276K), 0.4686606 secs] 119649K->119648K(414236K), [Metaspace: 121356K->121356K(1165312K)], 0.4690868 secs] [Times: user=0.47 sys=0.00, real=0.47 secs] 
2020-03-19T14:48:45.935+0800: 20529.560: [Full GC (Metadata GC Threshold) 2020-03-19T14:48:45.935+0800: 20529.560: [CMS: 119648K->119649K(237276K), 0.5999974 secs] 119756K->119649K(414236K), [Metaspace: 121356K->121356K(1165312K)], 0.6003994 secs] [Times: user=0.53 sys=0.00, real=0.60 secs] 
2020-03-19T14:48:46.536+0800: 20530.160: [Full GC (Last ditch collection) 2020-03-19T14:48:46.536+0800: 20530.160: [CMS: 119649K->119648K(237276K), 0.4837065 secs] 119649K->119648K(414236K), [Metaspace: 121356K->121356K(1165312K)], 0.4840925 secs] [Times: user=0.47 sys=0.00, real=0.49 secs] 
2020-03-19T14:48:47.023+0800: 20530.647: [Full GC (Metadata GC Threshold) 2020-03-19T14:48:47.023+0800: 20530.647: [CMS: 119648K->119647K(237276K), 0.4549924 secs] 119658K->119647K(414236K), [Metaspace: 121356K->121356K(1165312K)], 0.4554057 secs] [Times: user=0.45 sys=0.00, real=0.46 secs] 
2020-03-19T14:48:47.478+0800: 20531.103: [Full GC (Last ditch collection) 2020-03-19T14:48:47.479+0800: 20531.103: [CMS: 119647K->119647K(237276K), 0.4662003 secs] 119647K->119647K(414236K), [Metaspace: 121356K->121356K(1165312K)], 0.4666476 secs] [Times: user=0.46 sys=0.00, real=0.46 secs] 
2020-03-19T14:48:47.949+0800: 20531.574: [Full GC (Metadata GC Threshold) 2020-03-19T14:48:47.950+0800: 20531.574: [CMS: 119647K->119647K(237276K), 0.5429811 secs] 119677K->119647K(414236K), [Metaspace: 121356K->121356K(1165312K)], 0.5434801 secs] [Times: user=0.52 sys=0.00, real=0.54 secs] 
2020-03-19T14:48:48.493+0800: 20532.118: [Full GC (Last ditch collection) 2020-03-19T14:48:48.493+0800: 20532.118: [CMS: 119647K->119647K(237276K), 0.4799027 secs] 119647K->119647K(414236K), [Metaspace: 121356K->121356K(1165312K)], 0.4803250 secs] [Times: user=0.47 sys=0.00, real=0.48 secs] 
2020-03-19T14:48:48.978+0800: 20532.602: [Full GC (Metadata GC Threshold) 2020-03-19T14:48:48.978+0800: 20532.603: [CMS: 119647K->119647K(237276K), 0.4703583 secs] 119667K->119647K(414236K), [Metaspace: 121356K->121356K(1165312K)], 0.4707755 secs] [Times: user=0.46 sys=0.00, real=0.48 secs] 
2020-03-19T14:48:49.449+0800: 20533.073: [Full GC (Last ditch collection) 2020-03-19T14:48:49.449+0800: 20533.074: [CMS: 119647K->119647K(237276K), 0.5194806 secs] 119647K->119647K(414236K), [Metaspace: 121356K->121356K(1165312K)], 0.5199291 secs] [Times: user=0.49 sys=0.00, real=0.52 secs] 
2020-03-19T14:48:49.972+0800: 20533.597: [Full GC (Metadata GC Threshold) 2020-03-19T14:48:49.973+0800: 20533.597: [CMS: 119647K->119647K(237276K), 0.5359946 secs] 119647K->119647K(414236K), [Metaspace: 121356K->121356K(1165312K)], 0.5364442 secs] [Times: user=0.48 sys=0.00, real=0.54 secs] 
2020-03-19T14:48:50.509+0800: 20534.134: [Full GC (Last ditch collection) 2020-03-19T14:48:50.509+0800: 20534.134: [CMS: 119647K->119647K(237276K), 0.4768818 secs] 119647K->119647K(414236K), [Metaspace: 121356K->121356K(1165312K)], 0.4772518 secs] [Times: user=0.46 sys=0.00, real=0.48 secs] 
2020-03-19T14:48:50.989+0800: 20534.614: [Full GC (Metadata GC Threshold) 2020-03-19T14:48:50.990+0800: 20534.614: [CMS: 119647K->119648K(237276K), 0.4549237 secs] 119767K->119648K(414236K), [Metaspace: 121356K->121356K(1165312K)], 0.4553021 secs] [Times: user=0.45 sys=0.00, real=0.45 secs] 
2020-03-19T14:48:51.445+0800: 20535.070: [Full GC (Last ditch collection) 2020-03-19T14:48:51.445+0800: 20535.070: [CMS: 119648K->119648K(237276K), 0.4608228 secs] 119648K->119648K(414236K), [Metaspace: 121356K->121356K(1165312K)], 0.4611783 secs] [Times: user=0.46 sys=0.00, real=0.47 secs] 
2020-03-19T14:48:51.909+0800: 20535.534: [Full GC (Metadata GC Threshold) 2020-03-19T14:48:51.909+0800: 20535.534: [CMS: 119648K->119648K(237276K), 0.4734864 secs] 119648K->119648K(414236K), [Metaspace: 121356K->121356K(1165312K)], 0.4738886 secs] [Times: user=0.47 sys=0.00, real=0.47 secs] 
2020-03-19T14:48:52.383+0800: 20536.008: [Full GC (Last ditch collection) 2020-03-19T14:48:52.383+0800: 20536.008: [CMS: 119648K->119648K(237276K), 0.4755357 secs] 119648K->119648K(414236K), [Metaspace: 121356K->121356K(1165312K)], 0.4759153 secs] [Times: user=0.47 sys=0.00, real=0.48 secs] 
2020-03-19T14:48:52.862+0800: 20536.487: [Full GC (Metadata GC Threshold) 2020-03-19T14:48:52.862+0800: 20536.487: [CMS: 119648K->119648K(237276K), 0.5145531 secs] 119650K->119648K(414236K), [Metaspace: 121356K->121356K(1165312K)], 0.5149735 secs] [Times: user=0.49 sys=0.00, real=0.51 secs] 
2020-03-19T14:48:53.378+0800: 20537.002: [Full GC (Last ditch collection) 2020-03-19T14:48:53.378+0800: 20537.003: [CMS: 119648K->119648K(237276K), 0.4710069 secs] 119648K->119648K(414236K), [Metaspace: 121356K->121356K(1165312K)], 0.4715724 secs] [Times: user=0.47 sys=0.00, real=0.48 secs] 
2020-03-19T14:48:53.858+0800: 20537.483: [Full GC (Metadata GC Threshold) 2020-03-19T14:48:53.859+0800: 20537.483: [CMS: 119648K->119647K(237276K), 0.5509529 secs] 120092K->119647K(414236K), [Metaspace: 121356K->121356K(1165312K)], 0.5514338 secs] [Times: user=0.53 sys=0.00, real=0.55 secs] 
2020-03-19T14:48:54.410+0800: 20538.035: [Full GC (Last ditch collection) 2020-03-19T14:48:54.410+0800: 20538.035: [CMS: 119647K->119647K(237276K), 0.4782225 secs] 119647K->119647K(414236K), [Metaspace: 121356K->121356K(1165312K)], 0.4786077 secs] [Times: user=0.47 sys=0.00, real=0.48 secs] 
2020-03-19T14:48:54.892+0800: 20538.516: [Full GC (Metadata GC Threshold) 2020-03-19T14:48:54.892+0800: 20538.516: [CMS: 119647K->119647K(237276K), 0.4720566 secs] 119767K->119647K(414236K), [Metaspace: 121356K->121356K(1165312K)], 0.4735525 secs] [Times: user=0.47 sys=0.00, real=0.47 secs] 
2020-03-19T14:48:55.366+0800: 20538.990: [Full GC (Last ditch collection) 2020-03-19T14:48:55.366+0800: 20538.991: [CMS: 119647K->119646K(237276K), 0.5000874 secs] 119647K->119646K(414236K), [Metaspace: 121356K->121356K(1165312K)], 0.5005716 secs] [Times: user=0.49 sys=0.00, real=0.51 secs] 
2020-03-19T14:48:55.876+0800: 20539.500: [Full GC (Metadata GC Threshold) 2020-03-19T14:48:55.876+0800: 20539.500: [CMS: 119646K->119655K(237276K), 0.4912835 secs] 120432K->119655K(414236K), [Metaspace: 121356K->121356K(1165312K)], 0.4917786 secs] [Times: user=0.48 sys=0.00, real=0.50 secs] 
2020-03-19T14:48:56.368+0800: 20539.992: [Full GC (Last ditch collection) 2020-03-19T14:48:56.368+0800: 20539.993: [CMS: 119655K->119653K(237276K), 0.5267958 secs] 119655K->119653K(414236K), [Metaspace: 121356K->121356K(1165312K)], 0.5272503 secs] [Times: user=0.49 sys=0.00, real=0.52 secs] 
2020-03-19T14:48:56.898+0800: 20540.523: [Full GC (Metadata GC Threshold) 2020-03-19T14:48:56.898+0800: 20540.523: [CMS: 119653K->119653K(237276K), 0.4940385 secs] 119659K->119653K(414236K), [Metaspace: 121356K->121356K(1165312K)], 0.4944425 secs] [Times: user=0.49 sys=0.00, real=0.49 secs] 
2020-03-19T14:48:57.393+0800: 20541.018: [Full GC (Last ditch collection) 2020-03-19T14:48:57.393+0800: 20541.018: [CMS: 119653K->119653K(237276K), 0.5355607 secs] 119653K->119653K(414236K), [Metaspace: 121356K->121356K(1165312K)], 0.5359911 secs] [Times: user=0.51 sys=0.00, real=0.54 secs] 
2020-03-19T14:48:57.933+0800: 20541.558: [Full GC (Metadata GC Threshold) 2020-03-19T14:48:57.933+0800: 20541.558: [CMS: 119653K->119654K(237276K), 0.5070893 secs] 119669K->119654K(414236K), [Metaspace: 121356K->121356K(1165312K)], 0.5075261 secs] [Times: user=0.51 sys=0.00, real=0.51 secs] 
2020-03-19T14:48:58.441+0800: 20542.065: [Full GC (Last ditch collection) 2020-03-19T14:48:58.441+0800: 20542.065: [CMS: 119654K->119654K(237276K), 0.4957059 secs] 119654K->119654K(414236K), [Metaspace: 121356K->121356K(1165312K)], 0.4961424 secs] [Times: user=0.49 sys=0.00, real=0.49 secs] 
2020-03-19T14:48:58.940+0800: 20542.565: [Full GC (Metadata GC Threshold) 2020-03-19T14:48:58.941+0800: 20542.565: [CMS: 119654K->119654K(237276K), 0.4669809 secs] 119658K->119654K(414236K), [Metaspace: 121356K->121356K(1165312K)], 0.4674470 secs] [Times: user=0.46 sys=0.00, real=0.47 secs] 
2020-03-19T14:48:59.408+0800: 20543.033: [Full GC (Last ditch collection) 2020-03-19T14:48:59.408+0800: 20543.033: [CMS: 119654K->119654K(237276K), 0.5278235 secs] 119654K->119654K(414236K), [Metaspace: 121356K->121356K(1165312K)], 0.5281972 secs] [Times: user=0.49 sys=0.00, real=0.52 secs] 
2020-03-19T14:48:59.939+0800: 20543.564: [Full GC (Metadata GC Threshold) 2020-03-19T14:48:59.939+0800: 20543.564: [CMS: 119654K->119638K(237276K), 0.5662495 secs] 119654K->119638K(414236K), [Metaspace: 121356K->121356K(1165312K)], 0.5666776 secs] [Times: user=0.50 sys=0.00, real=0.57 secs] 
2020-03-19T14:49:00.506+0800: 20544.131: [Full GC (Last ditch collection) 2020-03-19T14:49:00.506+0800: 20544.131: [CMS: 119638K->119638K(237276K), 0.4890737 secs] 119638K->119638K(414236K), [Metaspace: 121356K->121356K(1165312K)], 0.4894255 secs] [Times: user=0.47 sys=0.00, real=0.48 secs] 
2020-03-19T14:49:00.998+0800: 20544.623: [Full GC (Metadata GC Threshold) 2020-03-19T14:49:00.999+0800: 20544.623: [CMS: 119638K->119638K(237276K), 0.6391369 secs] 119644K->119638K(414236K), [Metaspace: 121356K->121356K(1165312K)], 0.6395579 secs] [Times: user=0.48 sys=0.00, real=0.64 secs] 
2020-03-19T14:49:01.638+0800: 20545.263: [Full GC (Last ditch collection) 2020-03-19T14:49:01.638+0800: 20545.263: [CMS: 119638K->119638K(237276K), 0.4889703 secs] 119638K->119638K(414236K), [Metaspace: 121356K->121356K(1165312K)], 0.4893797 secs] [Times: user=0.48 sys=0.00, real=0.49 secs] 
2020-03-19T14:49:02.131+0800: 20545.755: [Full GC (Metadata GC Threshold) 2020-03-19T14:49:02.131+0800: 20545.755: [CMS: 119638K->119638K(237276K), 0.4992185 secs] 119642K->119638K(414236K), [Metaspace: 121356K->121356K(1165312K)], 0.4996691 secs] [Times: user=0.48 sys=0.00, real=0.50 secs] 
2020-03-19T14:49:02.631+0800: 20546.255: [Full GC (Last ditch collection) 2020-03-19T14:49:02.631+0800: 20546.255: [CMS: 119638K->119638K(237276K), 0.4627506 secs] 119638K->119638K(414236K), [Metaspace: 121356K->121356K(1165312K)], 0.4631269 secs] [Times: user=0.46 sys=0.00, real=0.46 secs] 
2020-03-19T14:49:03.097+0800: 20546.721: [Full GC (Metadata GC Threshold) 2020-03-19T14:49:03.097+0800: 20546.722: [CMS: 119638K->119638K(237276K), 0.4773727 secs] 119644K->119638K(414236K), [Metaspace: 121356K->121356K(1165312K)], 0.4778777 secs] [Times: user=0.47 sys=0.00, real=0.48 secs] 
2020-03-19T14:49:03.577+0800: 20547.202: [Full GC (Last ditch collection) 2020-03-19T14:49:03.577+0800: 20547.202: [CMS: 119638K->119638K(237276K), 0.4639005 secs] 119638K->119638K(414236K), [Metaspace: 121356K->121356K(1165312K)], 0.4643976 secs] [Times: user=0.47 sys=0.00, real=0.47 secs] 
2020-03-19T14:49:04.046+0800: 20547.670: [Full GC (Metadata GC Threshold) 2020-03-19T14:49:04.046+0800: 20547.670: [CMS: 119638K->119645K(237276K), 0.5066129 secs] 119654K->119645K(414236K), [Metaspace: 121356K->121356K(1165312K)], 0.5071044 secs] [Times: user=0.49 sys=0.00, real=0.51 secs] 
2020-03-19T14:49:04.553+0800: 20548.178: [Full GC (Last ditch collection) 2020-03-19T14:49:04.553+0800: 20548.178: [CMS: 119645K->119645K(237276K), 0.5222004 secs] 119645K->119645K(414236K), [Metaspace: 121356K->121356K(1165312K)], 0.5226984 secs] [Times: user=0.52 sys=0.00, real=0.52 secs] 
2020-03-19T14:49:05.079+0800: 20548.703: [Full GC (Metadata GC Threshold) 2020-03-19T14:49:05.079+0800: 20548.703: [CMS: 119645K->119645K(237276K), 0.5116222 secs] 119649K->119645K(414236K), [Metaspace: 121356K->121356K(1165312K)], 0.5120415 secs] [Times: user=0.49 sys=0.00, real=0.51 secs] 
2020-03-19T14:49:05.591+0800: 20549.216: [Full GC (Last ditch collection) 2020-03-19T14:49:05.591+0800: 20549.216: [CMS: 119645K->119645K(237276K), 0.4919482 secs] 119645K->119645K(414236K), [Metaspace: 121356K->121356K(1165312K)], 0.4923960 secs] [Times: user=0.49 sys=0.00, real=0.49 secs] 
2020-03-19T14:49:06.111+0800: 20549.735: [Full GC (Metadata GC Threshold) 2020-03-19T14:49:06.111+0800: 20549.735: [CMS: 119645K->119682K(237276K), 0.5118866 secs] 121399K->119682K(414236K), [Metaspace: 121356K->121356K(1165312K)], 0.5124656 secs] [Times: user=0.50 sys=0.00, real=0.51 secs] 
2020-03-19T14:49:06.623+0800: 20550.248: [Full GC (Last ditch collection) 2020-03-19T14:49:06.624+0800: 20550.248: [CMS: 119682K->119681K(237276K), 0.4660529 secs] 119682K->119681K(414236K), [Metaspace: 121356K->121356K(1165312K)], 0.4665074 secs] [Times: user=0.46 sys=0.00, real=0.47 secs] 
2020-03-19T14:49:07.094+0800: 20550.718: [Full GC (Metadata GC Threshold) 2020-03-19T14:49:07.094+0800: 20550.718: [CMS: 119681K->119681K(237276K), 0.4655560 secs] 119699K->119681K(414236K), [Metaspace: 121356K->121356K(1165312K)], 0.4659807 secs] [Times: user=0.46 sys=0.00, real=0.47 secs] 
2020-03-19T14:49:07.560+0800: 20551.184: [Full GC (Last ditch collection) 2020-03-19T14:49:07.560+0800: 20551.185: [CMS: 119681K->119681K(237276K), 0.5567807 secs] 119681K->119681K(414236K), [Metaspace: 121356K->121356K(1165312K)], 0.5572120 secs] [Times: user=0.50 sys=0.00, real=0.55 secs] 
2020-03-19T14:49:08.120+0800: 20551.745: [Full GC (Metadata GC Threshold) 2020-03-19T14:49:08.120+0800: 20551.745: [CMS: 119681K->119681K(237276K), 0.5409416 secs] 119683K->119681K(414236K), [Metaspace: 121356K->121356K(1165312K)], 0.5413649 secs] [Times: user=0.50 sys=0.00, real=0.54 secs] 
2020-03-19T14:49:08.664+0800: 20552.289: [Full GC (Last ditch collection) 2020-03-19T14:49:08.664+0800: 20552.289: [CMS: 119681K->119681K(237276K), 0.5966449 secs] 119681K->119681K(414236K), [Metaspace: 121356K->121356K(1165312K)], 0.5970461 secs] [Times: user=0.51 sys=0.00, real=0.60 secs] 
2020-03-19T14:49:09.264+0800: 20552.889: [Full GC (Metadata GC Threshold) 2020-03-19T14:49:09.264+0800: 20552.889: [CMS: 119681K->119681K(237276K), 0.4902038 secs] 119683K->119681K(414236K), [Metaspace: 121356K->121356K(1165312K)], 0.4905714 secs] [Times: user=0.47 sys=0.00, real=0.49 secs] 
2020-03-19T14:49:09.755+0800: 20553.379: [Full GC (Last ditch collection) 2020-03-19T14:49:09.755+0800: 20553.380: [CMS: 119681K->119681K(237276K), 0.5052636 secs] 119681K->119681K(414236K), [Metaspace: 121356K->121356K(1165312K)], 0.5056528 secs] [Times: user=0.47 sys=0.00, real=0.51 secs] 
2020-03-19T14:49:10.263+0800: 20553.888: [Full GC (Metadata GC Threshold) 2020-03-19T14:49:10.263+0800: 20553.888: [CMS: 119681K->119681K(237276K), 0.5027705 secs] 119685K->119681K(414236K), [Metaspace: 121356K->121356K(1165312K)], 0.5031582 secs] [Times: user=0.49 sys=0.00, real=0.51 secs] 
2020-03-19T14:49:10.767+0800: 20554.391: [Full GC (Last ditch collection) 2020-03-19T14:49:10.767+0800: 20554.391: [CMS: 119681K->119681K(237276K), 0.4838984 secs] 119681K->119681K(414236K), [Metaspace: 121356K->121356K(1165312K)], 0.4843267 secs] [Times: user=0.48 sys=0.00, real=0.48 secs] 
2020-03-19T14:49:11.254+0800: 20554.879: [Full GC (Metadata GC Threshold) 2020-03-19T14:49:11.254+0800: 20554.879: [CMS: 119681K->119683K(237276K), 0.4789140 secs] 119685K->119683K(414236K), [Metaspace: 121356K->121356K(1165312K)], 0.4793134 secs] [Times: user=0.47 sys=0.00, real=0.48 secs] 
2020-03-19T14:49:11.734+0800: 20555.358: [Full GC (Last ditch collection) 2020-03-19T14:49:11.734+0800: 20555.358: [CMS: 119683K->119683K(237276K), 0.5247577 secs] 119683K->119683K(414236K), [Metaspace: 121356K->121356K(1165312K)], 0.5251898 secs] [Times: user=0.49 sys=0.00, real=0.53 secs] 
2020-03-19T14:49:12.262+0800: 20555.887: [Full GC (Metadata GC Threshold) 2020-03-19T14:49:12.262+0800: 20555.887: [CMS: 119683K->119682K(237276K), 0.5947144 secs] 119715K->119682K(414236K), [Metaspace: 121356K->121356K(1165312K)], 0.5951621 secs] [Times: user=0.53 sys=0.00, real=0.59 secs] 
2020-03-19T14:49:12.858+0800: 20556.482: [Full GC (Last ditch collection) 2020-03-19T14:49:12.858+0800: 20556.483: [CMS: 119682K->119682K(237276K), 0.4967599 secs] 119682K->119682K(414236K), [Metaspace: 121356K->121356K(1165312K)], 0.4974657 secs] [Times: user=0.48 sys=0.00, real=0.50 secs] 
2020-03-19T14:49:13.359+0800: 20556.984: [Full GC (Metadata GC Threshold) 2020-03-19T14:49:13.359+0800: 20556.984: [CMS: 119682K->119682K(237276K), 0.4638908 secs] 119684K->119682K(414236K), [Metaspace: 121356K->121356K(1165312K)], 0.4643909 secs] [Times: user=0.46 sys=0.00, real=0.46 secs] 
2020-03-19T14:49:13.824+0800: 20557.449: [Full GC (Last ditch collection) 2020-03-19T14:49:13.824+0800: 20557.449: [CMS: 119682K->119682K(237276K), 0.4889514 secs] 119682K->119682K(414236K), [Metaspace: 121356K->121356K(1165312K)], 0.4894074 secs] [Times: user=0.48 sys=0.00, real=0.49 secs] 
2020-03-19T14:49:14.316+0800: 20557.941: [Full GC (Metadata GC Threshold) 2020-03-19T14:49:14.317+0800: 20557.941: [CMS: 119682K->119682K(237276K), 0.5302514 secs] 119682K->119682K(414236K), [Metaspace: 121356K->121356K(1165312K)], 0.5306856 secs] [Times: user=0.51 sys=0.00, real=0.54 secs] 
2020-03-19T14:49:14.847+0800: 20558.472: [Full GC (Last ditch collection) 2020-03-19T14:49:14.848+0800: 20558.472: [CMS: 119682K->119682K(237276K), 0.4688644 secs] 119682K->119682K(414236K), [Metaspace: 121356K->121356K(1165312K)], 0.4692973 secs] [Times: user=0.46 sys=0.00, real=0.46 secs] 
2020-03-19T14:49:15.320+0800: 20558.944: [Full GC (Metadata GC Threshold) 2020-03-19T14:49:15.320+0800: 20558.944: [CMS: 119682K->119682K(237276K), 0.4712623 secs] 119685K->119682K(414236K), [Metaspace: 121356K->121356K(1165312K)], 0.4716575 secs] [Times: user=0.47 sys=0.00, real=0.47 secs] 
2020-03-19T14:49:15.792+0800: 20559.416: [Full GC (Last ditch collection) 2020-03-19T14:49:15.792+0800: 20559.416: [CMS: 119682K->119682K(237276K), 0.6768691 secs] 119682K->119682K(414236K), [Metaspace: 121356K->121356K(1165312K)], 0.6772465 secs] [Times: user=0.53 sys=0.00, real=0.68 secs] 
2020-03-19T14:49:16.472+0800: 20560.096: [Full GC (Metadata GC Threshold) 2020-03-19T14:49:16.472+0800: 20560.097: [CMS: 119682K->119682K(237276K), 0.5249656 secs] 119685K->119682K(414236K), [Metaspace: 121356K->121356K(1165312K)], 0.5253936 secs] [Times: user=0.49 sys=0.00, real=0.52 secs] 
2020-03-19T14:49:16.998+0800: 20560.622: [Full GC (Last ditch collection) 2020-03-19T14:49:16.998+0800: 20560.622: [CMS: 119682K->119682K(237276K), 0.5104068 secs] 119682K->119682K(414236K), [Metaspace: 121356K->121356K(1165312K)], 0.5108203 secs] [Times: user=0.48 sys=0.00, real=0.52 secs] 
2020-03-19T14:49:17.512+0800: 20561.137: [Full GC (Metadata GC Threshold) 2020-03-19T14:49:17.513+0800: 20561.137: [CMS: 119682K->119682K(237276K), 0.4903406 secs] 119682K->119682K(414236K), [Metaspace: 121356K->121356K(1165312K)], 0.4908573 secs] [Times: user=0.47 sys=0.00, real=0.49 secs] 
2020-03-19T14:49:18.003+0800: 20561.628: [Full GC (Last ditch collection) 2020-03-19T14:49:18.004+0800: 20561.628: [CMS: 119682K->119682K(237276K), 0.5266737 secs] 119682K->119682K(414236K), [Metaspace: 121356K->121356K(1165312K)], 0.5270096 secs] [Times: user=0.52 sys=0.00, real=0.53 secs] 
2020-03-19T14:49:18.534+0800: 20562.158: [Full GC (Metadata GC Threshold) 2020-03-19T14:49:18.534+0800: 20562.158: [CMS: 119682K->119682K(237276K), 0.4971260 secs] 119703K->119682K(414236K), [Metaspace: 121356K->121356K(1165312K)], 0.4975133 secs] [Times: user=0.48 sys=0.00, real=0.50 secs] 
2020-03-19T14:49:19.032+0800: 20562.656: [Full GC (Last ditch collection) 2020-03-19T14:49:19.032+0800: 20562.656: [CMS: 119682K->119682K(237276K), 0.4563566 secs] 119682K->119682K(414236K), [Metaspace: 121356K->121356K(1165312K)], 0.4567658 secs] [Times: user=0.46 sys=0.00, real=0.46 secs] 
2020-03-19T14:49:19.491+0800: 20563.116: [GC (CMS Initial Mark) [1 CMS-initial-mark: 119682K(237276K)] 119691K(414236K), 0.0081649 secs] [Times: user=0.01 sys=0.00, real=0.01 secs] 
2020-03-19T14:49:19.500+0800: 20563.124: [CMS-concurrent-mark-start]
2020-03-19T14:49:19.514+0800: 20563.139: [Full GC (Metadata GC Threshold) 2020-03-19T14:49:19.514+0800: 20563.139: [CMS2020-03-19T14:49:19.727+0800: 20563.351: [CMS-concurrent-mark: 0.219/0.227 secs] [Times: user=0.23 sys=0.00, real=0.23 secs] 
 (concurrent mode failure): 119682K->119503K(237276K), 0.7949160 secs] 120285K->119503K(414236K), [Metaspace: 121356K->121356K(1165312K)], 0.7953293 secs] [Times: user=0.73 sys=0.00, real=0.80 secs] 
2020-03-19T14:49:20.310+0800: 20563.934: [Full GC (Last ditch collection) 2020-03-19T14:49:20.310+0800: 20563.934: [CMS: 119503K->119501K(237276K), 0.4933437 secs] 119503K->119501K(414236K), [Metaspace: 121356K->121356K(1165312K)], 0.4937247 secs] [Times: user=0.48 sys=0.00, real=0.49 secs] 
2020-03-19T14:49:20.807+0800: 20564.431: [Full GC (Metadata GC Threshold) 2020-03-19T14:49:20.807+0800: 20564.432: [CMS: 119501K->119502K(237276K), 0.4531192 secs] 119530K->119502K(414236K), [Metaspace: 121356K->121356K(1165312K)], 0.4535192 secs] [Times: user=0.46 sys=0.00, real=0.45 secs] 
2020-03-19T14:49:21.261+0800: 20564.885: [Full GC (Last ditch collection) 2020-03-19T14:49:21.261+0800: 20564.885: [CMS: 119502K->119502K(237276K), 0.4663478 secs] 119502K->119502K(414236K), [Metaspace: 121356K->121356K(1165312K)], 0.4667066 secs] [Times: user=0.46 sys=0.00, real=0.47 secs] 
2020-03-19T14:49:21.730+0800: 20565.355: [Full GC (Metadata GC Threshold) 2020-03-19T14:49:21.730+0800: 20565.355: [CMS: 119502K->119502K(237276K), 0.4926840 secs] 119508K->119502K(414236K), [Metaspace: 121356K->121356K(1165312K)], 0.4930888 secs] [Times: user=0.48 sys=0.00, real=0.49 secs] 
2020-03-19T14:49:22.224+0800: 20565.848: [Full GC (Last ditch collection) 2020-03-19T14:49:22.224+0800: 20565.848: [CMS: 119502K->119502K(237276K), 0.4932908 secs] 119502K->119502K(414236K), [Metaspace: 121356K->121356K(1165312K)], 0.4936901 secs] [Times: user=0.48 sys=0.00, real=0.49 secs] 
2020-03-19T14:49:22.720+0800: 20566.345: [Full GC (Metadata GC Threshold) 2020-03-19T14:49:22.720+0800: 20566.345: [CMS: 119502K->119502K(237276K), 0.4627340 secs] 119504K->119502K(414236K), [Metaspace: 121356K->121356K(1165312K)], 0.4631632 secs] [Times: user=0.46 sys=0.00, real=0.46 secs] 
2020-03-19T14:49:23.184+0800: 20566.808: [Full GC (Last ditch collection) 2020-03-19T14:49:23.184+0800: 20566.808: [CMS: 119502K->119502K(237276K), 0.4705426 secs] 119502K->119502K(414236K), [Metaspace: 121356K->121356K(1165312K)], 0.4709106 secs] [Times: user=0.46 sys=0.00, real=0.47 secs] 
2020-03-19T14:49:23.658+0800: 20567.283: [Full GC (Metadata GC Threshold) 2020-03-19T14:49:23.658+0800: 20567.283: [CMS: 119502K->119478K(237276K), 0.5002682 secs] 119508K->119478K(414236K), [Metaspace: 121356K->121356K(1165312K)], 0.5007309 secs] [Times: user=0.49 sys=0.00, real=0.51 secs] 
2020-03-19T14:49:24.159+0800: 20567.784: [Full GC (Last ditch collection) 2020-03-19T14:49:24.159+0800: 20567.784: [CMS: 119478K->119478K(237276K), 0.4986863 secs] 119478K->119478K(414236K), [Metaspace: 121356K->121356K(1165312K)], 0.4991706 secs] [Times: user=0.49 sys=0.00, real=0.50 secs] 
2020-03-19T14:49:24.663+0800: 20568.287: [Full GC (Metadata GC Threshold) 2020-03-19T14:49:24.663+0800: 20568.287: [CMS: 119478K->119477K(237276K), 0.4678536 secs] 119610K->119477K(414236K), [Metaspace: 121356K->121356K(1165312K)], 0.4682798 secs] [Times: user=0.47 sys=0.00, real=0.47 secs] 
2020-03-19T14:49:25.131+0800: 20568.756: [Full GC (Last ditch collection) 2020-03-19T14:49:25.131+0800: 20568.756: [CMS: 119477K->119477K(237276K), 0.4607082 secs] 119477K->119477K(414236K), [Metaspace: 121356K->121356K(1165312K)], 0.4611212 secs] [Times: user=0.46 sys=0.00, real=0.46 secs] 
2020-03-19T14:49:25.595+0800: 20569.220: [Full GC (Metadata GC Threshold) 2020-03-19T14:49:25.596+0800: 20569.220: [CMS: 119477K->119477K(237276K), 0.4860095 secs] 119479K->119477K(414236K), [Metaspace: 121356K->121356K(1165312K)], 0.4864349 secs] [Times: user=0.48 sys=0.00, real=0.49 secs] 
2020-03-19T14:49:26.082+0800: 20569.707: [Full GC (Last ditch collection) 2020-03-19T14:49:26.082+0800: 20569.707: [CMS: 119477K->119477K(237276K), 0.4863358 secs] 119477K->119477K(414236K), [Metaspace: 121356K->121356K(1165312K)], 0.4867667 secs] [Times: user=0.48 sys=0.00, real=0.49 secs] 
2020-03-19T14:49:26.572+0800: 20570.197: [Full GC (Metadata GC Threshold) 2020-03-19T14:49:26.572+0800: 20570.197: [CMS: 119477K->119477K(237276K), 0.5259422 secs] 119477K->119477K(414236K), [Metaspace: 121356K->121356K(1165312K)], 0.5263620 secs] [Times: user=0.48 sys=0.00, real=0.53 secs] 
2020-03-19T14:49:27.099+0800: 20570.723: [Full GC (Last ditch collection) 2020-03-19T14:49:27.099+0800: 20570.723: [CMS: 119477K->119477K(237276K), 0.4723391 secs] 119477K->119477K(414236K), [Metaspace: 121356K->121356K(1165312K)], 0.4727468 secs] [Times: user=0.46 sys=0.00, real=0.47 secs] 
2020-03-19T14:49:27.575+0800: 20571.199: [Full GC (Metadata GC Threshold) 2020-03-19T14:49:27.575+0800: 20571.199: [CMS: 119477K->119477K(237276K), 0.5949305 secs] 119477K->119477K(414236K), [Metaspace: 121356K->121356K(1165312K)], 0.5954465 secs] [Times: user=0.53 sys=0.00, real=0.60 secs] 
2020-03-19T14:49:28.170+0800: 20571.795: [Full GC (Last ditch collection) 2020-03-19T14:49:28.171+0800: 20571.795: [CMS: 119477K->119477K(237276K), 0.4791034 secs] 119477K->119477K(414236K), [Metaspace: 121356K->121356K(1165312K)], 0.4795839 secs] [Times: user=0.47 sys=0.00, real=0.48 secs] 
2020-03-19T14:49:28.653+0800: 20572.278: [Full GC (Metadata GC Threshold) 2020-03-19T14:49:28.654+0800: 20572.278: [CMS: 119477K->119477K(237276K), 0.4824501 secs] 119477K->119477K(414236K), [Metaspace: 121356K->121356K(1165312K)], 0.4828718 secs] [Times: user=0.46 sys=0.00, real=0.48 secs] 
2020-03-19T14:49:29.137+0800: 20572.761: [Full GC (Last ditch collection) 2020-03-19T14:49:29.137+0800: 20572.761: [CMS: 119477K->119477K(237276K), 0.4488484 secs] 119477K->119477K(414236K), [Metaspace: 121356K->121356K(1165312K)], 0.4492325 secs] [Times: user=0.46 sys=0.00, real=0.45 secs] 
2020-03-19T14:49:29.589+0800: 20573.214: [Full GC (Metadata GC Threshold) 2020-03-19T14:49:29.589+0800: 20573.214: [CMS: 119477K->119477K(237276K), 0.4872660 secs] 119477K->119477K(414236K), [Metaspace: 121356K->121356K(1165312K)], 0.4877364 secs] [Times: user=0.48 sys=0.00, real=0.48 secs] 
2020-03-19T14:49:30.077+0800: 20573.702: [Full GC (Last ditch collection) 2020-03-19T14:49:30.077+0800: 20573.702: [CMS: 119477K->119477K(237276K), 0.4877733 secs] 119477K->119477K(414236K), [Metaspace: 121356K->121356K(1165312K)], 0.4882318 secs] [Times: user=0.49 sys=0.00, real=0.49 secs] 
2020-03-19T14:49:30.568+0800: 20574.193: [Full GC (Metadata GC Threshold) 2020-03-19T14:49:30.569+0800: 20574.193: [CMS: 119477K->119477K(237276K), 0.4775394 secs] 119479K->119477K(414236K), [Metaspace: 121356K->121356K(1165312K)], 0.4779723 secs] [Times: user=0.48 sys=0.00, real=0.48 secs] 
2020-03-19T14:49:31.047+0800: 20574.671: [Full GC (Last ditch collection) 2020-03-19T14:49:31.047+0800: 20574.671: [CMS: 119477K->119477K(237276K), 0.5581270 secs] 119477K->119477K(414236K), [Metaspace: 121356K->121356K(1165312K)], 0.5586060 secs] [Times: user=0.51 sys=0.00, real=0.55 secs] 
2020-03-19T14:49:31.617+0800: 20575.241: [Full GC (Metadata GC Threshold) 2020-03-19T14:49:31.617+0800: 20575.241: [CMS: 119477K->119507K(237276K), 0.4888272 secs] 120001K->119507K(414236K), [Metaspace: 121356K->121356K(1165312K)], 0.4892837 secs] [Times: user=0.48 sys=0.00, real=0.50 secs] 
2020-03-19T14:49:32.106+0800: 20575.731: [Full GC (Last ditch collection) 2020-03-19T14:49:32.106+0800: 20575.731: [CMS: 119507K->119507K(237276K), 0.4813320 secs] 119507K->119507K(414236K), [Metaspace: 121356K->121356K(1165312K)], 0.4817870 secs] [Times: user=0.47 sys=0.00, real=0.48 secs] 
2020-03-19T14:49:32.591+0800: 20576.215: [Full GC (Metadata GC Threshold) 2020-03-19T14:49:32.591+0800: 20576.216: [CMS: 119507K->119507K(237276K), 0.4764204 secs] 119511K->119507K(414236K), [Metaspace: 121356K->121356K(1165312K)], 0.4768122 secs] [Times: user=0.47 sys=0.00, real=0.48 secs] 
2020-03-19T14:49:33.068+0800: 20576.693: [Full GC (Last ditch collection) 2020-03-19T14:49:33.068+0800: 20576.693: [CMS: 119507K->119507K(237276K), 0.4807941 secs] 119507K->119507K(414236K), [Metaspace: 121356K->121356K(1165312K)], 0.4811758 secs] [Times: user=0.47 sys=0.00, real=0.48 secs] 
2020-03-19T14:49:33.552+0800: 20577.177: [Full GC (Metadata GC Threshold) 2020-03-19T14:49:33.552+0800: 20577.177: [CMS: 119507K->119507K(237276K), 0.4699000 secs] 119513K->119507K(414236K), [Metaspace: 121356K->121356K(1165312K)], 0.4703244 secs] [Times: user=0.46 sys=0.00, real=0.47 secs] 
2020-03-19T14:49:34.023+0800: 20577.647: [Full GC (Last ditch collection) 2020-03-19T14:49:34.023+0800: 20577.647: [CMS: 119507K->119507K(237276K), 0.4855562 secs] 119507K->119507K(414236K), [Metaspace: 121356K->121356K(1165312K)], 0.4859667 secs] [Times: user=0.48 sys=0.00, real=0.49 secs] 
2020-03-19T14:49:34.512+0800: 20578.137: [Full GC (Metadata GC Threshold) 2020-03-19T14:49:34.513+0800: 20578.137: [CMS: 119507K->119519K(237276K), 0.5410964 secs] 119538K->119519K(414236K), [Metaspace: 121356K->121356K(1165312K)], 0.5415510 secs] [Times: user=0.51 sys=0.00, real=0.54 secs] 
2020-03-19T14:49:35.054+0800: 20578.679: [Full GC (Last ditch collection) 2020-03-19T14:49:35.054+0800: 20578.679: [CMS: 119519K->119519K(237276K), 0.5016692 secs] 119519K->119519K(414236K), [Metaspace: 121356K->121356K(1165312K)], 0.5021028 secs] [Times: user=0.49 sys=0.00, real=0.50 secs] 
2020-03-19T14:49:35.560+0800: 20579.184: [Full GC (Metadata GC Threshold) 2020-03-19T14:49:35.560+0800: 20579.185: [CMS: 119519K->119520K(237276K), 0.4758261 secs] 119541K->119520K(414236K), [Metaspace: 121356K->121356K(1165312K)], 0.4762949 secs] [Times: user=0.47 sys=0.00, real=0.47 secs] 
2020-03-19T14:49:36.036+0800: 20579.661: [Full GC (Last ditch collection) 2020-03-19T14:49:36.037+0800: 20579.661: [CMS: 119520K->119520K(237276K), 0.5044310 secs] 119520K->119520K(414236K), [Metaspace: 121356K->121356K(1165312K)], 0.5048316 secs] [Times: user=0.48 sys=0.00, real=0.51 secs] 
2020-03-19T14:49:36.544+0800: 20580.169: [Full GC (Metadata GC Threshold) 2020-03-19T14:49:36.544+0800: 20580.169: [CMS: 119520K->119520K(237276K), 0.4799650 secs] 119526K->119520K(414236K), [Metaspace: 121356K->121356K(1165312K)], 0.4803576 secs] [Times: user=0.47 sys=0.00, real=0.48 secs] 
2020-03-19T14:49:37.025+0800: 20580.649: [Full GC (Last ditch collection) 2020-03-19T14:49:37.025+0800: 20580.649: [CMS: 119520K->119520K(237276K), 0.4568265 secs] 119520K->119520K(414236K), [Metaspace: 121356K->121356K(1165312K)], 0.4572183 secs] [Times: user=0.45 sys=0.00, real=0.46 secs] 
2020-03-19T14:49:37.485+0800: 20581.109: [Full GC (Metadata GC Threshold) 2020-03-19T14:49:37.485+0800: 20581.110: [CMS: 119520K->119520K(237276K), 0.4778898 secs] 119527K->119520K(414236K), [Metaspace: 121356K->121356K(1165312K)], 0.4782842 secs] [Times: user=0.46 sys=0.00, real=0.48 secs] 
2020-03-19T14:49:37.963+0800: 20581.588: [Full GC (Last ditch collection) 2020-03-19T14:49:37.964+0800: 20581.588: [CMS: 119520K->119520K(237276K), 0.5146696 secs] 119520K->119520K(414236K), [Metaspace: 121356K->121356K(1165312K)], 0.5150473 secs] [Times: user=0.49 sys=0.00, real=0.52 secs] 
2020-03-19T14:49:38.482+0800: 20582.106: [Full GC (Metadata GC Threshold) 2020-03-19T14:49:38.482+0800: 20582.106: [CMS: 119520K->119520K(237276K), 0.4782346 secs] 119524K->119520K(414236K), [Metaspace: 121356K->121356K(1165312K)], 0.4786204 secs] [Times: user=0.47 sys=0.00, real=0.48 secs] 
2020-03-19T14:49:38.961+0800: 20582.585: [Full GC (Last ditch collection) 2020-03-19T14:49:38.961+0800: 20582.585: [CMS: 119520K->119520K(237276K), 0.4582786 secs] 119520K->119520K(414236K), [Metaspace: 121356K->121356K(1165312K)], 0.4586710 secs] [Times: user=0.46 sys=0.00, real=0.46 secs] 
2020-03-19T14:49:39.422+0800: 20583.047: [Full GC (Metadata GC Threshold) 2020-03-19T14:49:39.422+0800: 20583.047: [CMS: 119520K->119521K(237276K), 0.4515661 secs] 119522K->119521K(414236K), [Metaspace: 121356K->121356K(1165312K)], 0.4520020 secs] [Times: user=0.45 sys=0.00, real=0.45 secs] 
2020-03-19T14:49:39.874+0800: 20583.499: [Full GC (Last ditch collection) 2020-03-19T14:49:39.875+0800: 20583.499: [CMS: 119521K->119521K(237276K), 0.4667629 secs] 119521K->119521K(414236K), [Metaspace: 121356K->121356K(1165312K)], 0.4672009 secs] [Times: user=0.47 sys=0.00, real=0.47 secs] 
2020-03-19T14:49:40.345+0800: 20583.969: [Full GC (Metadata GC Threshold) 2020-03-19T14:49:40.345+0800: 20583.970: [CMS: 119521K->119521K(237276K), 0.4958484 secs] 119523K->119521K(414236K), [Metaspace: 121356K->121356K(1165312K)], 0.4963078 secs] [Times: user=0.49 sys=0.00, real=0.50 secs] 
2020-03-19T14:49:40.842+0800: 20584.466: [Full GC (Last ditch collection) 2020-03-19T14:49:40.842+0800: 20584.466: [CMS: 119521K->119521K(237276K), 0.4608453 secs] 119521K->119521K(414236K), [Metaspace: 121356K->121356K(1165312K)], 0.4612658 secs] [Times: user=0.46 sys=0.00, real=0.46 secs] 
2020-03-19T14:49:41.306+0800: 20584.930: [Full GC (Metadata GC Threshold) 2020-03-19T14:49:41.306+0800: 20584.930: [CMS: 119521K->119521K(237276K), 0.4644041 secs] 119523K->119521K(414236K), [Metaspace: 121356K->121356K(1165312K)], 0.4648053 secs] [Times: user=0.45 sys=0.00, real=0.47 secs] 
2020-03-19T14:49:41.771+0800: 20585.395: [Full GC (Last ditch collection) 2020-03-19T14:49:41.771+0800: 20585.395: [CMS: 119521K->119521K(237276K), 0.4974955 secs] 119521K->119521K(414236K), [Metaspace: 121356K->121356K(1165312K)], 0.4978510 secs] [Times: user=0.49 sys=0.00, real=0.50 secs] 
2020-03-19T14:49:42.271+0800: 20585.896: [Full GC (Metadata GC Threshold) 2020-03-19T14:49:42.272+0800: 20585.896: [CMS: 119521K->119521K(237276K), 0.5326861 secs] 119525K->119521K(414236K), [Metaspace: 121356K->121356K(1165312K)], 0.5331504 secs] [Times: user=0.51 sys=0.00, real=0.53 secs] 
2020-03-19T14:49:42.805+0800: 20586.429: [Full GC (Last ditch collection) 2020-03-19T14:49:42.805+0800: 20586.430: [CMS: 119521K->119521K(237276K), 0.5209253 secs] 119521K->119521K(414236K), [Metaspace: 121356K->121356K(1165312K)], 0.5213659 secs] [Times: user=0.50 sys=0.00, real=0.53 secs] 
2020-03-19T14:49:43.329+0800: 20586.954: [Full GC (Metadata GC Threshold) 2020-03-19T14:49:43.329+0800: 20586.954: [CMS: 119521K->119521K(237276K), 0.4481154 secs] 119523K->119521K(414236K), [Metaspace: 121356K->121356K(1165312K)], 0.4485330 secs] [Times: user=0.45 sys=0.00, real=0.44 secs] 
2020-03-19T14:49:43.778+0800: 20587.403: [Full GC (Last ditch collection) 2020-03-19T14:49:43.778+0800: 20587.403: [CMS: 119521K->119521K(237276K), 0.4880822 secs] 119521K->119521K(414236K), [Metaspace: 121356K->121356K(1165312K)], 0.4884721 secs] [Times: user=0.48 sys=0.00, real=0.50 secs] 
2020-03-19T14:49:44.269+0800: 20587.894: [Full GC (Metadata GC Threshold) 2020-03-19T14:49:44.270+0800: 20587.894: [CMS: 119521K->119521K(237276K), 0.4995354 secs] 119525K->119521K(414236K), [Metaspace: 121356K->121356K(1165312K)], 0.4999599 secs] [Times: user=0.50 sys=0.00, real=0.50 secs] 
2020-03-19T14:49:44.770+0800: 20588.394: [Full GC (Last ditch collection) 2020-03-19T14:49:44.770+0800: 20588.394: [CMS: 119521K->119521K(237276K), 0.4611452 secs] 119521K->119521K(414236K), [Metaspace: 121356K->121356K(1165312K)], 0.4615837 secs] [Times: user=0.46 sys=0.00, real=0.46 secs] 
2020-03-19T14:49:45.234+0800: 20588.859: [Full GC (Metadata GC Threshold) 2020-03-19T14:49:45.234+0800: 20588.859: [CMS: 119521K->119522K(237276K), 0.4497105 secs] 119523K->119522K(414236K), [Metaspace: 121356K->121356K(1165312K)], 0.4501217 secs] [Times: user=0.45 sys=0.00, real=0.45 secs] 
2020-03-19T14:49:45.685+0800: 20589.309: [Full GC (Last ditch collection) 2020-03-19T14:49:45.685+0800: 20589.309: [CMS: 119522K->119522K(237276K), 0.5280797 secs] 119522K->119522K(414236K), [Metaspace: 121356K->121356K(1165312K)], 0.5285182 secs] [Times: user=0.51 sys=0.00, real=0.53 secs] 
2020-03-19T14:49:46.241+0800: 20589.866: [Full GC (Metadata GC Threshold) 2020-03-19T14:49:46.248+0800: 20589.873: [CMS: 119522K->119555K(237276K), 0.5456903 secs] 122280K->119555K(414236K), [Metaspace: 121356K->121356K(1165312K)], 0.5530303 secs] [Times: user=0.51 sys=0.00, real=0.55 secs] 
2020-03-19T14:49:46.795+0800: 20590.419: [Full GC (Last ditch collection) 2020-03-19T14:49:46.795+0800: 20590.420: [CMS: 119555K->119553K(237276K), 0.4767839 secs] 119555K->119553K(414236K), [Metaspace: 121356K->121356K(1165312K)], 0.4772448 secs] [Times: user=0.47 sys=0.00, real=0.48 secs] 
2020-03-19T14:49:47.275+0800: 20590.899: [Full GC (Metadata GC Threshold) 2020-03-19T14:49:47.275+0800: 20590.900: [CMS: 119553K->119553K(237276K), 0.5083739 secs] 119559K->119553K(414236K), [Metaspace: 121356K->121356K(1165312K)], 0.5087954 secs] [Times: user=0.50 sys=0.00, real=0.51 secs] 
2020-03-19T14:49:47.784+0800: 20591.409: [Full GC (Last ditch collection) 2020-03-19T14:49:47.784+0800: 20591.409: [CMS: 119553K->119553K(237276K), 0.7659712 secs] 119553K->119553K(414236K), [Metaspace: 121356K->121356K(1165312K)], 0.7664063 secs] [Times: user=0.68 sys=0.00, real=0.77 secs] 
2020-03-19T14:49:48.577+0800: 20592.202: [Full GC (Metadata GC Threshold) 2020-03-19T14:49:48.577+0800: 20592.202: [CMS: 119553K->119590K(237276K), 0.7694206 secs] 120100K->119590K(414236K), [Metaspace: 121356K->121356K(1165312K)], 0.7698846 secs] [Times: user=0.68 sys=0.00, real=0.78 secs] 
2020-03-19T14:49:49.347+0800: 20592.972: [Full GC (Last ditch collection) 2020-03-19T14:49:49.348+0800: 20592.972: [CMS: 119590K->119588K(237276K), 0.8406250 secs] 119590K->119588K(414236K), [Metaspace: 121356K->121356K(1165312K)], 0.8414069 secs] [Times: user=0.69 sys=0.00, real=0.84 secs] 
2020-03-19T14:49:50.224+0800: 20593.848: [Full GC (Metadata GC Threshold) 2020-03-19T14:49:50.224+0800: 20593.848: [CMS: 119588K->119623K(237276K), 0.6812999 secs] 120357K->119623K(414236K), [Metaspace: 121356K->121356K(1165312K)], 0.6820327 secs] [Times: user=0.62 sys=0.00, real=0.68 secs] 
2020-03-19T14:49:50.906+0800: 20594.530: [Full GC (Last ditch collection) 2020-03-19T14:49:50.906+0800: 20594.531: [CMS: 119623K->119621K(237276K), 0.4583288 secs] 119623K->119621K(414236K), [Metaspace: 121356K->121356K(1165312K)], 0.4587003 secs] [Times: user=0.46 sys=0.00, real=0.46 secs] 
2020-03-19T14:49:51.367+0800: 20594.992: [Full GC (Metadata GC Threshold) 2020-03-19T14:49:51.368+0800: 20594.992: [CMS: 119621K->119621K(237276K), 0.4489372 secs] 119627K->119621K(414236K), [Metaspace: 121356K->121356K(1165312K)], 0.4493758 secs] [Times: user=0.45 sys=0.00, real=0.44 secs] 
2020-03-19T14:49:51.817+0800: 20595.442: [Full GC (Last ditch collection) 2020-03-19T14:49:51.817+0800: 20595.442: [CMS: 119621K->119621K(237276K), 0.4607770 secs] 119621K->119621K(414236K), [Metaspace: 121356K->121356K(1165312K)], 0.4612273 secs] [Times: user=0.46 sys=0.00, real=0.47 secs] 
2020-03-19T14:49:52.281+0800: 20595.906: [Full GC (Metadata GC Threshold) 2020-03-19T14:49:52.281+0800: 20595.906: [CMS: 119621K->119621K(237276K), 0.4977393 secs] 119625K->119621K(414236K), [Metaspace: 121356K->121356K(1165312K)], 0.4981615 secs] [Times: user=0.50 sys=0.00, real=0.50 secs] 
2020-03-19T14:49:52.780+0800: 20596.404: [Full GC (Last ditch collection) 2020-03-19T14:49:52.780+0800: 20596.404: [CMS: 119621K->119621K(237276K), 0.4799197 secs] 119621K->119621K(414236K), [Metaspace: 121356K->121356K(1165312K)], 0.4803117 secs] [Times: user=0.47 sys=0.00, real=0.48 secs] 
2020-03-19T14:49:53.263+0800: 20596.888: [Full GC (Metadata GC Threshold) 2020-03-19T14:49:53.263+0800: 20596.888: [CMS: 119621K->119621K(237276K), 0.4949630 secs] 119629K->119621K(414236K), [Metaspace: 121356K->121356K(1165312K)], 0.4954211 secs] [Times: user=0.50 sys=0.00, real=0.50 secs] 
2020-03-19T14:49:53.759+0800: 20597.383: [Full GC (Last ditch collection) 2020-03-19T14:49:53.759+0800: 20597.383: [CMS: 119621K->119621K(237276K), 0.4798680 secs] 119621K->119621K(414236K), [Metaspace: 121356K->121356K(1165312K)], 0.4803044 secs] [Times: user=0.47 sys=0.00, real=0.48 secs] 
2020-03-19T14:49:54.242+0800: 20597.866: [Full GC (Metadata GC Threshold) 2020-03-19T14:49:54.242+0800: 20597.867: [CMS: 119621K->119621K(237276K), 0.4785441 secs] 119625K->119621K(414236K), [Metaspace: 121356K->121356K(1165312K)], 0.4789265 secs] [Times: user=0.48 sys=0.00, real=0.48 secs] 
2020-03-19T14:49:54.721+0800: 20598.346: [Full GC (Last ditch collection) 2020-03-19T14:49:54.721+0800: 20598.346: [CMS: 119621K->119621K(237276K), 0.4747285 secs] 119621K->119621K(414236K), [Metaspace: 121356K->121356K(1165312K)], 0.4751136 secs] [Times: user=0.47 sys=0.00, real=0.47 secs] 
2020-03-19T14:49:55.199+0800: 20598.824: [Full GC (Metadata GC Threshold) 2020-03-19T14:49:55.199+0800: 20598.824: [CMS: 119621K->119621K(237276K), 0.4876745 secs] 119627K->119621K(414236K), [Metaspace: 121356K->121356K(1165312K)], 0.4880940 secs] [Times: user=0.49 sys=0.00, real=0.49 secs] 
2020-03-19T14:49:55.688+0800: 20599.312: [Full GC (Last ditch collection) 2020-03-19T14:49:55.688+0800: 20599.312: [CMS: 119621K->119621K(237276K), 0.4871453 secs] 119621K->119621K(414236K), [Metaspace: 121356K->121356K(1165312K)], 0.4875325 secs] [Times: user=0.49 sys=0.00, real=0.48 secs] 
2020-03-19T14:49:56.179+0800: 20599.803: [Full GC (Metadata GC Threshold) 2020-03-19T14:49:56.179+0800: 20599.804: [CMS: 119621K->119628K(237276K), 0.5449566 secs] 119737K->119628K(414236K), [Metaspace: 121356K->121356K(1165312K)], 0.5453688 secs] [Times: user=0.51 sys=0.00, real=0.54 secs] 
2020-03-19T14:49:56.724+0800: 20600.349: [Full GC (Last ditch collection) 2020-03-19T14:49:56.725+0800: 20600.349: [CMS: 119628K->119628K(237276K), 0.5111631 secs] 119628K->119628K(414236K), [Metaspace: 121356K->121356K(1165312K)], 0.5115767 secs] [Times: user=0.48 sys=0.00, real=0.51 secs] 
2020-03-19T14:49:57.239+0800: 20600.864: [Full GC (Metadata GC Threshold) 2020-03-19T14:49:57.239+0800: 20600.864: [CMS: 119628K->119628K(237276K), 0.4810321 secs] 119630K->119628K(414236K), [Metaspace: 121356K->121356K(1165312K)], 0.4814786 secs] [Times: user=0.47 sys=0.00, real=0.48 secs] 
2020-03-19T14:49:57.721+0800: 20601.345: [Full GC (Last ditch collection) 2020-03-19T14:49:57.721+0800: 20601.346: [CMS: 119628K->119628K(237276K), 0.5596773 secs] 119628K->119628K(414236K), [Metaspace: 121356K->121356K(1165312K)], 0.5600224 secs] [Times: user=0.53 sys=0.00, real=0.56 secs] 
2020-03-19T14:49:58.285+0800: 20601.909: [Full GC (Metadata GC Threshold) 2020-03-19T14:49:58.285+0800: 20601.909: [CMS: 119628K->119628K(237276K), 0.5074739 secs] 119632K->119628K(414236K), [Metaspace: 121356K->121356K(1165312K)], 0.5079563 secs] [Times: user=0.49 sys=0.00, real=0.51 secs] 
2020-03-19T14:49:58.793+0800: 20602.417: [Full GC (Last ditch collection) 2020-03-19T14:49:58.793+0800: 20602.418: [CMS: 119628K->119628K(237276K), 0.4940172 secs] 119628K->119628K(414236K), [Metaspace: 121356K->121356K(1165312K)], 0.4944930 secs] [Times: user=0.47 sys=0.00, real=0.51 secs] 
2020-03-19T14:49:59.301+0800: 20602.926: [Full GC (Metadata GC Threshold) 2020-03-19T14:49:59.302+0800: 20602.926: [CMS: 119628K->119628K(237276K), 0.4803247 secs] 119630K->119628K(414236K), [Metaspace: 121356K->121356K(1165312K)], 0.4808701 secs] [Times: user=0.47 sys=0.00, real=0.48 secs] 
2020-03-19T14:49:59.783+0800: 20603.407: [Full GC (Last ditch collection) 2020-03-19T14:49:59.783+0800: 20603.407: [CMS: 119628K->119628K(237276K), 0.5197088 secs] 119628K->119628K(414236K), [Metaspace: 121356K->121356K(1165312K)], 0.5201168 secs] [Times: user=0.48 sys=0.00, real=0.52 secs] 
2020-03-19T14:50:00.306+0800: 20603.930: [Full GC (Metadata GC Threshold) 2020-03-19T14:50:00.306+0800: 20603.930: [CMS: 119628K->119628K(237276K), 0.5051878 secs] 119636K->119628K(414236K), [Metaspace: 121356K->121356K(1165312K)], 0.5055740 secs] [Times: user=0.49 sys=0.00, real=0.51 secs] 
2020-03-19T14:50:00.812+0800: 20604.436: [Full GC (Last ditch collection) 2020-03-19T14:50:00.812+0800: 20604.436: [CMS: 119628K->119628K(237276K), 0.5834160 secs] 119628K->119628K(414236K), [Metaspace: 121356K->121356K(1165312K)], 0.5838259 secs] [Times: user=0.55 sys=0.00, real=0.58 secs] 
2020-03-19T14:50:01.429+0800: 20605.054: [Full GC (Metadata GC Threshold) 2020-03-19T14:50:01.429+0800: 20605.054: [CMS: 119628K->119651K(237276K), 0.5096116 secs] 123537K->119651K(414236K), [Metaspace: 121356K->121356K(1165312K)], 0.5101818 secs] [Times: user=0.50 sys=0.00, real=0.51 secs] 
2020-03-19T14:50:01.940+0800: 20605.564: [Full GC (Last ditch collection) 2020-03-19T14:50:01.940+0800: 20605.564: [CMS: 119651K->119649K(237276K), 0.5023556 secs] 119651K->119649K(414236K), [Metaspace: 121356K->121356K(1165312K)], 0.5027717 secs] [Times: user=0.48 sys=0.00, real=0.50 secs] 
2020-03-19T14:50:02.489+0800: 20606.113: [Full GC (Metadata GC Threshold) 2020-03-19T14:50:02.489+0800: 20606.113: [CMS: 119649K->120013K(237276K), 0.5019319 secs] 120533K->120013K(414236K), [Metaspace: 121356K->121356K(1165312K)], 0.5023876 secs] [Times: user=0.50 sys=0.00, real=0.50 secs] 
2020-03-19T14:50:02.991+0800: 20606.616: [Full GC (Last ditch collection) 2020-03-19T14:50:02.991+0800: 20606.616: [CMS: 120013K->120012K(237276K), 0.4871901 secs] 120013K->120012K(414236K), [Metaspace: 121356K->121356K(1165312K)], 0.4876007 secs] [Times: user=0.48 sys=0.00, real=0.49 secs] 
2020-03-19T14:50:03.482+0800: 20607.106: [Full GC (Metadata GC Threshold) 2020-03-19T14:50:03.482+0800: 20607.106: [CMS: 120012K->120012K(237276K), 0.4651800 secs] 120016K->120012K(414236K), [Metaspace: 121356K->121356K(1165312K)], 0.4656036 secs] [Times: user=0.46 sys=0.00, real=0.47 secs] 
2020-03-19T14:50:03.948+0800: 20607.572: [Full GC (Last ditch collection) 2020-03-19T14:50:03.948+0800: 20607.572: [CMS: 120012K->120012K(237276K), 0.4998667 secs] 120012K->120012K(414236K), [Metaspace: 121356K->121356K(1165312K)], 0.5002735 secs] [Times: user=0.50 sys=0.00, real=0.50 secs] 
2020-03-19T14:50:04.451+0800: 20608.075: [Full GC (Metadata GC Threshold) 2020-03-19T14:50:04.451+0800: 20608.076: [CMS: 120012K->120011K(237276K), 0.5507922 secs] 120020K->120011K(414236K), [Metaspace: 121356K->121356K(1165312K)], 0.5512534 secs] [Times: user=0.52 sys=0.00, real=0.55 secs] 
2020-03-19T14:50:05.002+0800: 20608.627: [Full GC (Last ditch collection) 2020-03-19T14:50:05.003+0800: 20608.627: [CMS: 120011K->120011K(237276K), 0.4837670 secs] 120011K->120011K(414236K), [Metaspace: 121356K->121356K(1165312K)], 0.4841319 secs] [Times: user=0.48 sys=0.00, real=0.49 secs] 
2020-03-19T14:50:05.489+0800: 20609.114: [Full GC (Metadata GC Threshold) 2020-03-19T14:50:05.490+0800: 20609.114: [CMS: 120011K->120011K(237276K), 0.4875414 secs] 120020K->120011K(414236K), [Metaspace: 121356K->121356K(1165312K)], 0.4879409 secs] [Times: user=0.48 sys=0.00, real=0.48 secs] 
2020-03-19T14:50:05.978+0800: 20609.602: [Full GC (Last ditch collection) 2020-03-19T14:50:05.978+0800: 20609.602: [CMS: 120011K->120011K(237276K), 0.4979617 secs] 120011K->120011K(414236K), [Metaspace: 121356K->121356K(1165312K)], 0.4983747 secs] [Times: user=0.50 sys=0.00, real=0.50 secs] 
2020-03-19T14:50:06.480+0800: 20610.104: [Full GC (Metadata GC Threshold) 2020-03-19T14:50:06.480+0800: 20610.105: [CMS: 120011K->120013K(237276K), 0.4841022 secs] 120026K->120013K(414236K), [Metaspace: 121356K->121356K(1165312K)], 0.4845214 secs] [Times: user=0.48 sys=0.00, real=0.48 secs] 
2020-03-19T14:50:06.965+0800: 20610.589: [Full GC (Last ditch collection) 2020-03-19T14:50:06.965+0800: 20610.589: [CMS: 120013K->120013K(237276K), 0.4648617 secs] 120013K->120013K(414236K), [Metaspace: 121356K->121356K(1165312K)], 0.4652818 secs] [Times: user=0.46 sys=0.00, real=0.47 secs] 
2020-03-19T14:50:07.434+0800: 20611.059: [Full GC (Metadata GC Threshold) 2020-03-19T14:50:07.434+0800: 20611.059: [CMS: 120013K->120020K(237276K), 0.4686478 secs] 120156K->120020K(414236K), [Metaspace: 121356K->121356K(1165312K)], 0.4691162 secs] [Times: user=0.46 sys=0.00, real=0.47 secs] 
2020-03-19T14:50:07.903+0800: 20611.528: [Full GC (Last ditch collection) 2020-03-19T14:50:07.904+0800: 20611.529: [CMS: 120020K->120020K(237276K), 0.5073551 secs] 120020K->120020K(414236K), [Metaspace: 121356K->121356K(1165312K)], 0.5085649 secs] [Times: user=0.49 sys=0.00, real=0.51 secs] 
2020-03-19T14:50:08.447+0800: 20612.072: [Full GC (Metadata GC Threshold) 2020-03-19T14:50:08.448+0800: 20612.072: [CMS: 120020K->121207K(237276K), 0.5112069 secs] 133016K->121207K(414236K), [Metaspace: 121356K->121356K(1165312K)], 0.5117081 secs] [Times: user=0.49 sys=0.00, real=0.51 secs] 
2020-03-19T14:50:08.959+0800: 20612.584: [Full GC (Last ditch collection) 2020-03-19T14:50:08.960+0800: 20612.584: [CMS: 121207K->121195K(237276K), 0.4719047 secs] 121207K->121195K(414236K), [Metaspace: 121356K->121356K(1165312K)], 0.4723357 secs] [Times: user=0.47 sys=0.00, real=0.47 secs] 
2020-03-19T14:50:09.435+0800: 20613.059: [Full GC (Metadata GC Threshold) 2020-03-19T14:50:09.435+0800: 20613.059: [CMS: 121195K->121195K(237276K), 0.4737395 secs] 121195K->121195K(414236K), [Metaspace: 121356K->121356K(1165312K)], 0.4741461 secs] [Times: user=0.46 sys=0.00, real=0.48 secs] 
2020-03-19T14:50:09.909+0800: 20613.534: [Full GC (Last ditch collection) 2020-03-19T14:50:09.909+0800: 20613.534: [CMS: 121195K->121195K(237276K), 0.4821094 secs] 121195K->121195K(414236K), [Metaspace: 121356K->121356K(1165312K)], 0.4825043 secs] [Times: user=0.47 sys=0.00, real=0.48 secs] 
2020-03-19T14:50:10.394+0800: 20614.019: [Full GC (Metadata GC Threshold) 2020-03-19T14:50:10.395+0800: 20614.019: [CMS: 121195K->121195K(237276K), 0.5077739 secs] 121197K->121195K(414236K), [Metaspace: 121356K->121356K(1165312K)], 0.5081798 secs] [Times: user=0.50 sys=0.00, real=0.51 secs] 
2020-03-19T14:50:10.903+0800: 20614.527: [Full GC (Last ditch collection) 2020-03-19T14:50:10.903+0800: 20614.528: [CMS: 121195K->121195K(237276K), 0.4550125 secs] 121195K->121195K(414236K), [Metaspace: 121356K->121356K(1165312K)], 0.4553792 secs] [Times: user=0.45 sys=0.00, real=0.46 secs] 
2020-03-19T14:50:11.361+0800: 20614.986: [Full GC (Metadata GC Threshold) 2020-03-19T14:50:11.361+0800: 20614.986: [CMS: 121195K->121195K(237276K), 0.4685466 secs] 121197K->121195K(414236K), [Metaspace: 121356K->121356K(1165312K)], 0.4689460 secs] [Times: user=0.47 sys=0.00, real=0.47 secs] 
2020-03-19T14:50:11.830+0800: 20615.455: [Full GC (Last ditch collection) 2020-03-19T14:50:11.830+0800: 20615.455: [CMS: 121195K->121195K(237276K), 0.5068476 secs] 121195K->121195K(414236K), [Metaspace: 121356K->121356K(1165312K)], 0.5072207 secs] [Times: user=0.49 sys=0.00, real=0.50 secs] 
2020-03-19T14:50:12.340+0800: 20615.965: [Full GC (Metadata GC Threshold) 2020-03-19T14:50:12.340+0800: 20615.965: [CMS: 121195K->121195K(237276K), 0.5980157 secs] 121199K->121195K(414236K), [Metaspace: 121356K->121356K(1165312K)], 0.5984164 secs] [Times: user=0.53 sys=0.00, real=0.60 secs] 
2020-03-19T14:50:12.939+0800: 20616.564: [Full GC (Last ditch collection) 2020-03-19T14:50:12.939+0800: 20616.564: [CMS: 121195K->121195K(237276K), 0.4808664 secs] 121195K->121195K(414236K), [Metaspace: 121356K->121356K(1165312K)], 0.4812489 secs] [Times: user=0.48 sys=0.00, real=0.48 secs] 
2020-03-19T14:50:13.423+0800: 20617.048: [Full GC (Metadata GC Threshold) 2020-03-19T14:50:13.423+0800: 20617.048: [CMS: 121195K->121195K(237276K), 0.4465623 secs] 121199K->121195K(414236K), [Metaspace: 121356K->121356K(1165312K)], 0.4469928 secs] [Times: user=0.45 sys=0.00, real=0.45 secs] 
2020-03-19T14:50:13.870+0800: 20617.495: [Full GC (Last ditch collection) 2020-03-19T14:50:13.871+0800: 20617.495: [CMS: 121195K->121195K(237276K), 0.4922758 secs] 121195K->121195K(414236K), [Metaspace: 121356K->121356K(1165312K)], 0.4926716 secs] [Times: user=0.48 sys=0.00, real=0.49 secs] 
2020-03-19T14:50:14.366+0800: 20617.990: [Full GC (Metadata GC Threshold) 2020-03-19T14:50:14.366+0800: 20617.991: [CMS: 121195K->121195K(237276K), 0.5137619 secs] 121199K->121195K(414236K), [Metaspace: 121356K->121356K(1165312K)], 0.5141880 secs] [Times: user=0.51 sys=0.00, real=0.52 secs] 
2020-03-19T14:50:14.880+0800: 20618.505: [Full GC (Last ditch collection) 2020-03-19T14:50:14.881+0800: 20618.505: [CMS: 121195K->121195K(237276K), 0.4776303 secs] 121195K->121195K(414236K), [Metaspace: 121356K->121356K(1165312K)], 0.4780345 secs] [Times: user=0.48 sys=0.00, real=0.48 secs] 
2020-03-19T14:50:15.361+0800: 20618.986: [Full GC (Metadata GC Threshold) 2020-03-19T14:50:15.361+0800: 20618.986: [CMS: 121195K->121195K(237276K), 0.4572604 secs] 121197K->121195K(414236K), [Metaspace: 121356K->121356K(1165312K)], 0.4576903 secs] [Times: user=0.46 sys=0.00, real=0.46 secs] 
2020-03-19T14:50:15.819+0800: 20619.444: [Full GC (Last ditch collection) 2020-03-19T14:50:15.819+0800: 20619.444: [CMS: 121195K->121195K(237276K), 0.6398468 secs] 121195K->121195K(414236K), [Metaspace: 121356K->121356K(1165312K)], 0.6402541 secs] [Times: user=0.53 sys=0.00, real=0.64 secs] 
2020-03-19T14:50:16.463+0800: 20620.087: [Full GC (Metadata GC Threshold) 2020-03-19T14:50:16.463+0800: 20620.087: [CMS: 121195K->121195K(237276K), 0.4970354 secs] 121199K->121195K(414236K), [Metaspace: 121356K->121356K(1165312K)], 0.4974691 secs] [Times: user=0.47 sys=0.00, real=0.50 secs] 
2020-03-19T14:50:16.960+0800: 20620.585: [Full GC (Last ditch collection) 2020-03-19T14:50:16.961+0800: 20620.585: [CMS: 121195K->121195K(237276K), 0.4730434 secs] 121195K->121195K(414236K), [Metaspace: 121356K->121356K(1165312K)], 0.4734542 secs] [Times: user=0.47 sys=0.00, real=0.47 secs] 
2020-03-19T14:50:17.437+0800: 20621.062: [Full GC (Metadata GC Threshold) 2020-03-19T14:50:17.437+0800: 20621.062: [CMS: 121195K->121198K(237276K), 0.4643058 secs] 121537K->121198K(414236K), [Metaspace: 121356K->121356K(1165312K)], 0.4647255 secs] [Times: user=0.46 sys=0.00, real=0.47 secs] 
2020-03-19T14:50:17.902+0800: 20621.527: [Full GC (Last ditch collection) 2020-03-19T14:50:17.902+0800: 20621.527: [CMS: 121198K->121198K(237276K), 0.5358717 secs] 121198K->121198K(414236K), [Metaspace: 121356K->121356K(1165312K)], 0.5362647 secs] [Times: user=0.51 sys=0.00, real=0.54 secs] 
2020-03-19T14:50:18.443+0800: 20622.067: [Full GC (Metadata GC Threshold) 2020-03-19T14:50:18.443+0800: 20622.067: [CMS: 121198K->121198K(237276K), 0.4790226 secs] 121198K->121198K(414236K), [Metaspace: 121356K->121356K(1165312K)], 0.4795239 secs] [Times: user=0.47 sys=0.00, real=0.48 secs] 
2020-03-19T14:50:18.923+0800: 20622.547: [Full GC (Last ditch collection) 2020-03-19T14:50:18.923+0800: 20622.547: [CMS: 121198K->121198K(237276K), 0.4606795 secs] 121198K->121198K(414236K), [Metaspace: 121356K->121356K(1165312K)], 0.4610918 secs] [Times: user=0.46 sys=0.00, real=0.46 secs] 
2020-03-19T14:50:19.387+0800: 20623.012: [Full GC (Metadata GC Threshold) 2020-03-19T14:50:19.387+0800: 20623.012: [CMS: 121198K->121198K(237276K), 0.5047579 secs] 121278K->121198K(414236K), [Metaspace: 121356K->121356K(1165312K)], 0.5052173 secs] [Times: user=0.50 sys=0.00, real=0.50 secs] 
2020-03-19T14:50:19.893+0800: 20623.517: [Full GC (Last ditch collection) 2020-03-19T14:50:19.893+0800: 20623.517: [CMS: 121198K->121198K(237276K), 0.5402980 secs] 121198K->121198K(414236K), [Metaspace: 121356K->121356K(1165312K)], 0.5407309 secs] [Times: user=0.49 sys=0.00, real=0.54 secs] 
2020-03-19T14:50:20.436+0800: 20624.061: [GC (CMS Initial Mark) [1 CMS-initial-mark: 121198K(237276K)] 121564K(414236K), 0.0077859 secs] [Times: user=0.01 sys=0.00, real=0.01 secs] 
2020-03-19T14:50:20.444+0800: 20624.069: [CMS-concurrent-mark-start]
2020-03-19T14:50:20.486+0800: 20624.110: [Full GC (Metadata GC Threshold) 2020-03-19T14:50:20.486+0800: 20624.110: [CMS2020-03-19T14:50:20.676+0800: 20624.301: [CMS-concurrent-mark: 0.212/0.232 secs] [Times: user=0.24 sys=0.00, real=0.23 secs] 
 (concurrent mode failure): 121198K->121209K(237276K), 0.6938740 secs] 133896K->121209K(414236K), [Metaspace: 121356K->121356K(1165312K)], 0.6943890 secs] [Times: user=0.68 sys=0.00, real=0.70 secs] 
2020-03-19T14:50:21.180+0800: 20624.805: [Full GC (Last ditch collection) 2020-03-19T14:50:21.181+0800: 20624.805: [CMS: 121209K->121205K(237276K), 0.4512755 secs] 121209K->121205K(414236K), [Metaspace: 121356K->121356K(1165312K)], 0.4516398 secs] [Times: user=0.46 sys=0.00, real=0.45 secs] 
2020-03-19T14:50:21.635+0800: 20625.260: [Full GC (Metadata GC Threshold) 2020-03-19T14:50:21.635+0800: 20625.260: [CMS: 121205K->121205K(237276K), 0.4879839 secs] 121209K->121205K(414236K), [Metaspace: 121356K->121356K(1165312K)], 0.4884006 secs] [Times: user=0.48 sys=0.00, real=0.49 secs] 
2020-03-19T14:50:22.124+0800: 20625.748: [Full GC (Last ditch collection) 2020-03-19T14:50:22.124+0800: 20625.749: [CMS: 121205K->121205K(237276K), 0.4748550 secs] 121205K->121205K(414236K), [Metaspace: 121356K->121356K(1165312K)], 0.4752935 secs] [Times: user=0.47 sys=0.00, real=0.48 secs] 
2020-03-19T14:50:22.602+0800: 20626.227: [Full GC (Metadata GC Threshold) 2020-03-19T14:50:22.602+0800: 20626.227: [CMS: 121205K->121205K(237276K), 0.4784078 secs] 121209K->121205K(414236K), [Metaspace: 121356K->121356K(1165312K)], 0.4787903 secs] [Times: user=0.47 sys=0.00, real=0.48 secs] 
2020-03-19T14:50:23.081+0800: 20626.706: [Full GC (Last ditch collection) 2020-03-19T14:50:23.081+0800: 20626.706: [CMS: 121205K->121205K(237276K), 0.4835381 secs] 121205K->121205K(414236K), [Metaspace: 121356K->121356K(1165312K)], 0.4839556 secs] [Times: user=0.47 sys=0.00, real=0.48 secs] 
2020-03-19T14:50:23.568+0800: 20627.193: [Full GC (Metadata GC Threshold) 2020-03-19T14:50:23.568+0800: 20627.193: [CMS: 121205K->121205K(237276K), 0.4551242 secs] 121209K->121205K(414236K), [Metaspace: 121356K->121356K(1165312K)], 0.4555626 secs] [Times: user=0.45 sys=0.00, real=0.45 secs] 
2020-03-19T14:50:24.024+0800: 20627.649: [Full GC (Last ditch collection) 2020-03-19T14:50:24.024+0800: 20627.649: [CMS: 121205K->121205K(237276K), 0.4960172 secs] 121205K->121205K(414236K), [Metaspace: 121356K->121356K(1165312K)], 0.4964389 secs] [Times: user=0.49 sys=0.00, real=0.50 secs] 
2020-03-19T14:50:24.540+0800: 20628.165: [Full GC (Metadata GC Threshold) 2020-03-19T14:50:24.541+0800: 20628.165: [CMS: 121205K->121270K(237276K), 0.5180859 secs] 122664K->121270K(414236K), [Metaspace: 121356K->121356K(1165312K)], 0.5185247 secs] [Times: user=0.51 sys=0.00, real=0.52 secs] 
2020-03-19T14:50:25.059+0800: 20628.684: [Full GC (Last ditch collection) 2020-03-19T14:50:25.059+0800: 20628.684: [CMS: 121270K->121269K(237276K), 0.4783540 secs] 121270K->121269K(414236K), [Metaspace: 121356K->121356K(1165312K)], 0.4787499 secs] [Times: user=0.48 sys=0.00, real=0.48 secs] 
2020-03-19T14:50:25.542+0800: 20629.166: [Full GC (Metadata GC Threshold) 2020-03-19T14:50:25.542+0800: 20629.166: [CMS: 121269K->121269K(237276K), 0.5168949 secs] 121295K->121269K(414236K), [Metaspace: 121356K->121356K(1165312K)], 0.5173248 secs] [Times: user=0.49 sys=0.00, real=0.52 secs] 
2020-03-19T14:50:26.059+0800: 20629.684: [Full GC (Last ditch collection) 2020-03-19T14:50:26.060+0800: 20629.684: [CMS: 121269K->121269K(237276K), 0.4849234 secs] 121269K->121269K(414236K), [Metaspace: 121356K->121356K(1165312K)], 0.4853375 secs] [Times: user=0.48 sys=0.00, real=0.48 secs] 
2020-03-19T14:50:26.549+0800: 20630.173: [Full GC (Metadata GC Threshold) 2020-03-19T14:50:26.549+0800: 20630.173: [CMS: 121269K->121270K(237276K), 0.5140523 secs] 121361K->121270K(414236K), [Metaspace: 121356K->121356K(1165312K)], 0.5144919 secs] [Times: user=0.49 sys=0.00, real=0.51 secs] 
2020-03-19T14:50:27.063+0800: 20630.688: [Full GC (Last ditch collection) 2020-03-19T14:50:27.063+0800: 20630.688: [CMS: 121270K->121269K(237276K), 0.4935553 secs] 121270K->121269K(414236K), [Metaspace: 121356K->121356K(1165312K)], 0.4939098 secs] [Times: user=0.48 sys=0.00, real=0.49 secs] 
2020-03-19T14:50:27.561+0800: 20631.185: [Full GC (Metadata GC Threshold) 2020-03-19T14:50:27.561+0800: 20631.185: [CMS: 121269K->121269K(237276K), 0.5898072 secs] 121269K->121269K(414236K), [Metaspace: 121356K->121356K(1165312K)], 0.5902862 secs] [Times: user=0.54 sys=0.00, real=0.59 secs] 
2020-03-19T14:50:28.151+0800: 20631.776: [Full GC (Last ditch collection) 2020-03-19T14:50:28.152+0800: 20631.776: [CMS: 121269K->121269K(237276K), 0.4760215 secs] 121269K->121269K(414236K), [Metaspace: 121356K->121356K(1165312K)], 0.4764921 secs] [Times: user=0.48 sys=0.00, real=0.48 secs] 
2020-03-19T14:50:28.631+0800: 20632.255: [Full GC (Metadata GC Threshold) 2020-03-19T14:50:28.631+0800: 20632.256: [CMS: 121269K->121269K(237276K), 0.4967221 secs] 121271K->121269K(414236K), [Metaspace: 121356K->121356K(1165312K)], 0.4971533 secs] [Times: user=0.48 sys=0.00, real=0.50 secs] 
2020-03-19T14:50:29.128+0800: 20632.753: [Full GC (Last ditch collection) 2020-03-19T14:50:29.128+0800: 20632.753: [CMS: 121269K->121269K(237276K), 0.4606559 secs] 121269K->121269K(414236K), [Metaspace: 121356K->121356K(1165312K)], 0.4611122 secs] [Times: user=0.46 sys=0.00, real=0.46 secs] 
2020-03-19T14:50:29.593+0800: 20633.217: [Full GC (Metadata GC Threshold) 2020-03-19T14:50:29.593+0800: 20633.217: [CMS: 121269K->121269K(237276K), 0.4884105 secs] 121297K->121269K(414236K), [Metaspace: 121356K->121356K(1165312K)], 0.4888458 secs] [Times: user=0.48 sys=0.00, real=0.49 secs] 
2020-03-19T14:50:30.082+0800: 20633.706: [Full GC (Last ditch collection) 2020-03-19T14:50:30.082+0800: 20633.706: [CMS: 121269K->121269K(237276K), 0.5031930 secs] 121269K->121269K(414236K), [Metaspace: 121356K->121356K(1165312K)], 0.5035618 secs] [Times: user=0.49 sys=0.00, real=0.50 secs] 
2020-03-19T14:50:30.589+0800: 20634.213: [GC (CMS Initial Mark) [1 CMS-initial-mark: 121269K(237276K)] 121295K(414236K), 0.0129432 secs] [Times: user=0.01 sys=0.00, real=0.01 secs] 
2020-03-19T14:50:30.602+0800: 20634.227: [CMS-concurrent-mark-start]
2020-03-19T14:50:30.616+0800: 20634.241: [Full GC (Metadata GC Threshold) 2020-03-19T14:50:30.616+0800: 20634.241: [CMS2020-03-19T14:50:30.818+0800: 20634.442: [CMS-concurrent-mark: 0.208/0.215 secs] [Times: user=0.22 sys=0.00, real=0.21 secs] 
 (concurrent mode failure): 121269K->121289K(237276K), 0.7662975 secs] 123510K->121289K(414236K), [Metaspace: 121356K->121356K(1165312K)], 0.7666934 secs] [Times: user=0.71 sys=0.00, real=0.77 secs] 
2020-03-19T14:50:31.383+0800: 20635.008: [Full GC (Last ditch collection) 2020-03-19T14:50:31.383+0800: 20635.008: [CMS: 121289K->121287K(237276K), 0.4550013 secs] 121289K->121287K(414236K), [Metaspace: 121356K->121356K(1165312K)], 0.4553593 secs] [Times: user=0.45 sys=0.00, real=0.46 secs] 
2020-03-19T14:50:31.842+0800: 20635.466: [Full GC (Metadata GC Threshold) 2020-03-19T14:50:31.842+0800: 20635.466: [CMS: 121287K->121287K(237276K), 0.5030727 secs] 121287K->121287K(414236K), [Metaspace: 121356K->121356K(1165312K)], 0.5035335 secs] [Times: user=0.49 sys=0.00, real=0.50 secs] 
2020-03-19T14:50:32.345+0800: 20635.970: [Full GC (Last ditch collection) 2020-03-19T14:50:32.346+0800: 20635.970: [CMS: 121287K->121287K(237276K), 0.4756506 secs] 121287K->121287K(414236K), [Metaspace: 121356K->121356K(1165312K)], 0.4760265 secs] [Times: user=0.47 sys=0.00, real=0.48 secs] 
2020-03-19T14:50:32.824+0800: 20636.449: [GC (CMS Initial Mark) [1 CMS-initial-mark: 121287K(237276K)] 121291K(414236K), 0.0075763 secs] [Times: user=0.01 sys=0.00, real=0.01 secs] 
2020-03-19T14:50:32.832+0800: 20636.457: [CMS-concurrent-mark-start]
2020-03-19T14:50:32.856+0800: 20636.480: [Full GC (Metadata GC Threshold) 2020-03-19T14:50:32.856+0800: 20636.480: [CMS2020-03-19T14:50:33.033+0800: 20636.658: [CMS-concurrent-mark: 0.192/0.201 secs] [Times: user=0.22 sys=0.00, real=0.20 secs] 
 (concurrent mode failure): 121287K->121332K(237276K), 0.6904239 secs] 122039K->121332K(414236K), [Metaspace: 121356K->121356K(1165312K)], 0.6908541 secs] [Times: user=0.68 sys=0.00, real=0.70 secs] 
2020-03-19T14:50:33.547+0800: 20637.171: [Full GC (Last ditch collection) 2020-03-19T14:50:33.547+0800: 20637.171: [CMS: 121332K->121330K(237276K), 0.4577620 secs] 121332K->121330K(414236K), [Metaspace: 121356K->121356K(1165312K)], 0.4581529 secs] [Times: user=0.46 sys=0.00, real=0.45 secs] 
2020-03-19T14:50:34.008+0800: 20637.632: [Full GC (Metadata GC Threshold) 2020-03-19T14:50:34.008+0800: 20637.633: [CMS: 121330K->121330K(237276K), 0.4795116 secs] 121332K->121330K(414236K), [Metaspace: 121356K->121356K(1165312K)], 0.4799522 secs] [Times: user=0.48 sys=0.00, real=0.48 secs] 
2020-03-19T14:50:34.488+0800: 20638.113: [Full GC (Last ditch collection) 2020-03-19T14:50:34.488+0800: 20638.113: [CMS: 121330K->121330K(237276K), 0.5487051 secs] 121330K->121330K(414236K), [Metaspace: 121356K->121356K(1165312K)], 0.5490688 secs] [Times: user=0.52 sys=0.00, real=0.54 secs] 
2020-03-19T14:50:35.040+0800: 20638.665: [Full GC (Metadata GC Threshold) 2020-03-19T14:50:35.040+0800: 20638.665: [CMS: 121330K->121330K(237276K), 0.4982781 secs] 121336K->121330K(414236K), [Metaspace: 121356K->121356K(1165312K)], 0.4987563 secs] [Times: user=0.49 sys=0.00, real=0.50 secs] 
2020-03-19T14:50:35.539+0800: 20639.164: [Full GC (Last ditch collection) 2020-03-19T14:50:35.539+0800: 20639.164: [CMS: 121330K->121330K(237276K), 0.4676672 secs] 121330K->121330K(414236K), [Metaspace: 121356K->121356K(1165312K)], 0.4680285 secs] [Times: user=0.46 sys=0.00, real=0.47 secs] 
2020-03-19T14:50:36.010+0800: 20639.635: [Full GC (Metadata GC Threshold) 2020-03-19T14:50:36.011+0800: 20639.635: [CMS: 121330K->121330K(237276K), 0.4824498 secs] 121332K->121330K(414236K), [Metaspace: 121356K->121356K(1165312K)], 0.4828920 secs] [Times: user=0.48 sys=0.00, real=0.48 secs] 
2020-03-19T14:50:36.494+0800: 20640.118: [Full GC (Last ditch collection) 2020-03-19T14:50:36.494+0800: 20640.118: [CMS: 121330K->121330K(237276K), 0.4842348 secs] 121330K->121330K(414236K), [Metaspace: 121356K->121356K(1165312K)], 0.4846194 secs] [Times: user=0.48 sys=0.00, real=0.49 secs] 
2020-03-19T14:50:36.981+0800: 20640.606: [Full GC (Metadata GC Threshold) 2020-03-19T14:50:36.981+0800: 20640.606: [CMS: 121330K->121330K(237276K), 0.4507333 secs] 121330K->121330K(414236K), [Metaspace: 121356K->121356K(1165312K)], 0.4511279 secs] [Times: user=0.46 sys=0.00, real=0.45 secs] 
2020-03-19T14:50:37.433+0800: 20641.057: [Full GC (Last ditch collection) 2020-03-19T14:50:37.433+0800: 20641.057: [CMS: 121330K->121330K(237276K), 0.4543561 secs] 121330K->121330K(414236K), [Metaspace: 121356K->121356K(1165312K)], 0.4547404 secs] [Times: user=0.45 sys=0.00, real=0.46 secs] 
2020-03-19T14:50:37.890+0800: 20641.515: [Full GC (Metadata GC Threshold) 2020-03-19T14:50:37.890+0800: 20641.515: [CMS: 121330K->121330K(237276K), 0.5093389 secs] 121334K->121330K(414236K), [Metaspace: 121356K->121356K(1165312K)], 0.5097584 secs] [Times: user=0.49 sys=0.00, real=0.51 secs] 
2020-03-19T14:50:38.400+0800: 20642.025: [Full GC (Last ditch collection) 2020-03-19T14:50:38.400+0800: 20642.025: [CMS: 121330K->121330K(237276K), 0.4832450 secs] 121330K->121330K(414236K), [Metaspace: 121356K->121356K(1165312K)], 0.4837670 secs] [Times: user=0.48 sys=0.00, real=0.48 secs] 
2020-03-19T14:50:38.887+0800: 20642.512: [Full GC (Metadata GC Threshold) 2020-03-19T14:50:38.888+0800: 20642.512: [CMS: 121330K->121330K(237276K), 0.4757322 secs] 121334K->121330K(414236K), [Metaspace: 121356K->121356K(1165312K)], 0.4761454 secs] [Times: user=0.48 sys=0.00, real=0.47 secs] 
2020-03-19T14:50:39.364+0800: 20642.988: [Full GC (Last ditch collection) 2020-03-19T14:50:39.364+0800: 20642.988: [CMS: 121330K->121330K(237276K), 0.4570064 secs] 121330K->121330K(414236K), [Metaspace: 121356K->121356K(1165312K)], 0.4574132 secs] [Times: user=0.46 sys=0.00, real=0.46 secs] 
2020-03-19T14:50:39.824+0800: 20643.449: [Full GC (Metadata GC Threshold) 2020-03-19T14:50:39.824+0800: 20643.449: [CMS: 121330K->121330K(237276K), 0.4890071 secs] 121332K->121330K(414236K), [Metaspace: 121356K->121356K(1165312K)], 0.4893847 secs] [Times: user=0.48 sys=0.00, real=0.49 secs] 
2020-03-19T14:50:40.314+0800: 20643.938: [Full GC (Last ditch collection) 2020-03-19T14:50:40.314+0800: 20643.938: [CMS: 121330K->121330K(237276K), 0.4810287 secs] 121330K->121330K(414236K), [Metaspace: 121356K->121356K(1165312K)], 0.4814246 secs] [Times: user=0.47 sys=0.00, real=0.48 secs] 
2020-03-19T14:50:40.799+0800: 20644.423: [Full GC (Metadata GC Threshold) 2020-03-19T14:50:40.799+0800: 20644.424: [CMS: 121330K->121330K(237276K), 0.4888200 secs] 121332K->121330K(414236K), [Metaspace: 121356K->121356K(1165312K)], 0.4892284 secs] [Times: user=0.48 sys=0.00, real=0.49 secs] 
2020-03-19T14:50:41.288+0800: 20644.913: [Full GC (Last ditch collection) 2020-03-19T14:50:41.289+0800: 20644.913: [CMS: 121330K->121330K(237276K), 0.4540469 secs] 121330K->121330K(414236K), [Metaspace: 121356K->121356K(1165312K)], 0.4544292 secs] [Times: user=0.45 sys=0.00, real=0.45 secs] 
2020-03-19T14:50:41.746+0800: 20645.370: [Full GC (Metadata GC Threshold) 2020-03-19T14:50:41.746+0800: 20645.370: [CMS: 121330K->121330K(237276K), 0.5078830 secs] 121336K->121330K(414236K), [Metaspace: 121356K->121356K(1165312K)], 0.5082931 secs] [Times: user=0.48 sys=0.00, real=0.51 secs] 
2020-03-19T14:50:42.254+0800: 20645.879: [Full GC (Last ditch collection) 2020-03-19T14:50:42.255+0800: 20645.879: [CMS: 121330K->121330K(237276K), 0.5211651 secs] 121330K->121330K(414236K), [Metaspace: 121356K->121356K(1165312K)], 0.5230324 secs] [Times: user=0.49 sys=0.00, real=0.52 secs] 
2020-03-19T14:50:42.813+0800: 20646.437: [GC (CMS Initial Mark) [1 CMS-initial-mark: 121330K(237276K)] 122834K(414236K), 0.0176716 secs] [Times: user=0.02 sys=0.00, real=0.02 secs] 
2020-03-19T14:50:42.831+0800: 20646.456: [CMS-concurrent-mark-start]
2020-03-19T14:50:42.843+0800: 20646.468: [Full GC (Metadata GC Threshold) 2020-03-19T14:50:42.844+0800: 20646.468: [CMS2020-03-19T14:50:43.080+0800: 20646.704: [CMS-concurrent-mark: 0.234/0.249 secs] [Times: user=0.22 sys=0.00, real=0.25 secs] 
 (concurrent mode failure): 121330K->121363K(237276K), 0.6929336 secs] 122834K->121363K(414236K), [Metaspace: 121356K->121356K(1165312K)], 0.6934222 secs] [Times: user=0.67 sys=0.00, real=0.69 secs] 
2020-03-19T14:50:43.537+0800: 20647.162: [Full GC (Last ditch collection) 2020-03-19T14:50:43.537+0800: 20647.162: [CMS: 121363K->121361K(237276K), 0.4571059 secs] 121363K->121361K(414236K), [Metaspace: 121356K->121356K(1165312K)], 0.4574976 secs] [Times: user=0.45 sys=0.00, real=0.46 secs] 
2020-03-19T14:50:43.997+0800: 20647.622: [Full GC (Metadata GC Threshold) 2020-03-19T14:50:43.998+0800: 20647.622: [CMS: 121361K->121361K(237276K), 0.4893900 secs] 121367K->121361K(414236K), [Metaspace: 121356K->121356K(1165312K)], 0.4897886 secs] [Times: user=0.49 sys=0.00, real=0.50 secs] 
2020-03-19T14:50:44.487+0800: 20648.112: [Full GC (Last ditch collection) 2020-03-19T14:50:44.488+0800: 20648.112: [CMS: 121361K->121361K(237276K), 0.5211892 secs] 121361K->121361K(414236K), [Metaspace: 121356K->121356K(1165312K)], 0.5216274 secs] [Times: user=0.50 sys=0.00, real=0.52 secs] 
2020-03-19T14:50:45.013+0800: 20648.637: [Full GC (Metadata GC Threshold) 2020-03-19T14:50:45.013+0800: 20648.637: [CMS: 121361K->121361K(237276K), 0.4695173 secs] 121367K->121361K(414236K), [Metaspace: 121356K->121356K(1165312K)], 0.4699381 secs] [Times: user=0.46 sys=0.00, real=0.47 secs] 
2020-03-19T14:50:45.483+0800: 20649.107: [Full GC (Last ditch collection) 2020-03-19T14:50:45.483+0800: 20649.107: [CMS: 121361K->121361K(237276K), 0.4653823 secs] 121361K->121361K(414236K), [Metaspace: 121356K->121356K(1165312K)], 0.4657645 secs] [Times: user=0.46 sys=0.00, real=0.47 secs] 
2020-03-19T14:50:45.951+0800: 20649.576: [Full GC (Metadata GC Threshold) 2020-03-19T14:50:45.952+0800: 20649.576: [CMS: 121361K->121361K(237276K), 0.6292612 secs] 121363K->121361K(414236K), [Metaspace: 121356K->121356K(1165312K)], 0.6296398 secs] [Times: user=0.54 sys=0.00, real=0.63 secs] 
2020-03-19T14:50:46.581+0800: 20650.206: [Full GC (Last ditch collection) 2020-03-19T14:50:46.581+0800: 20650.206: [CMS: 121361K->121361K(237276K), 0.4728388 secs] 121361K->121361K(414236K), [Metaspace: 121356K->121356K(1165312K)], 0.4732516 secs] [Times: user=0.47 sys=0.00, real=0.47 secs] 
2020-03-19T14:50:47.058+0800: 20650.682: [Full GC (Metadata GC Threshold) 2020-03-19T14:50:47.058+0800: 20650.682: [CMS: 121361K->121361K(237276K), 0.4673368 secs] 121361K->121361K(414236K), [Metaspace: 121356K->121356K(1165312K)], 0.4677626 secs] [Times: user=0.47 sys=0.00, real=0.47 secs] 
2020-03-19T14:50:47.526+0800: 20651.150: [Full GC (Last ditch collection) 2020-03-19T14:50:47.526+0800: 20651.150: [CMS: 121361K->121361K(237276K), 0.4582552 secs] 121361K->121361K(414236K), [Metaspace: 121356K->121356K(1165312K)], 0.4586792 secs] [Times: user=0.45 sys=0.00, real=0.46 secs] 
2020-03-19T14:50:47.987+0800: 20651.612: [Full GC (Metadata GC Threshold) 2020-03-19T14:50:47.988+0800: 20651.612: [CMS: 121361K->121361K(237276K), 0.5306002 secs] 121369K->121361K(414236K), [Metaspace: 121356K->121356K(1165312K)], 0.5310110 secs] [Times: user=0.50 sys=0.00, real=0.53 secs] 
2020-03-19T14:50:48.519+0800: 20652.144: [Full GC (Last ditch collection) 2020-03-19T14:50:48.519+0800: 20652.144: [CMS: 121361K->121361K(237276K), 0.4863947 secs] 121361K->121361K(414236K), [Metaspace: 121356K->121356K(1165312K)], 0.4868799 secs] [Times: user=0.49 sys=0.00, real=0.49 secs] 
2020-03-19T14:50:49.009+0800: 20652.633: [Full GC (Metadata GC Threshold) 2020-03-19T14:50:49.009+0800: 20652.633: [CMS: 121361K->121361K(237276K), 0.4617956 secs] 121365K->121361K(414236K), [Metaspace: 121356K->121356K(1165312K)], 0.4621994 secs] [Times: user=0.46 sys=0.00, real=0.46 secs] 
2020-03-19T14:50:49.471+0800: 20653.096: [Full GC (Last ditch collection) 2020-03-19T14:50:49.471+0800: 20653.096: [CMS: 121361K->121361K(237276K), 0.5160046 secs] 121361K->121361K(414236K), [Metaspace: 121356K->121356K(1165312K)], 0.5163870 secs] [Times: user=0.50 sys=0.00, real=0.52 secs] 
2020-03-19T14:50:49.992+0800: 20653.616: [GC (CMS Initial Mark) [1 CMS-initial-mark: 121361K(237276K)] 121372K(414236K), 0.0090151 secs] [Times: user=0.01 sys=0.00, real=0.01 secs] 
2020-03-19T14:50:50.001+0800: 20653.626: [CMS-concurrent-mark-start]
2020-03-19T14:50:50.006+0800: 20653.630: [Full GC (Metadata GC Threshold) 2020-03-19T14:50:50.006+0800: 20653.630: [CMS2020-03-19T14:50:50.242+0800: 20653.866: [CMS-concurrent-mark: 0.232/0.240 secs] [Times: user=0.22 sys=0.00, real=0.24 secs] 
 (concurrent mode failure): 121361K->121362K(237276K), 0.7078692 secs] 121378K->121362K(414236K), [Metaspace: 121356K->121356K(1165312K)], 0.7082854 secs] [Times: user=0.68 sys=0.00, real=0.71 secs] 
2020-03-19T14:50:50.714+0800: 20654.339: [Full GC (Last ditch collection) 2020-03-19T14:50:50.714+0800: 20654.339: [CMS: 121362K->121362K(237276K), 0.4772814 secs] 121362K->121362K(414236K), [Metaspace: 121356K->121356K(1165312K)], 0.4776880 secs] [Times: user=0.47 sys=0.00, real=0.48 secs] 
2020-03-19T14:50:51.195+0800: 20654.820: [Full GC (Metadata GC Threshold) 2020-03-19T14:50:51.195+0800: 20654.820: [CMS: 121362K->121362K(237276K), 0.4500303 secs] 121362K->121362K(414236K), [Metaspace: 121356K->121356K(1165312K)], 0.4504864 secs] [Times: user=0.45 sys=0.00, real=0.45 secs] 
2020-03-19T14:50:51.646+0800: 20655.271: [Full GC (Last ditch collection) 2020-03-19T14:50:51.646+0800: 20655.271: [CMS: 121362K->121362K(237276K), 0.4665805 secs] 121362K->121362K(414236K), [Metaspace: 121356K->121356K(1165312K)], 0.4670195 secs] [Times: user=0.47 sys=0.00, real=0.46 secs] 
2020-03-19T14:50:52.116+0800: 20655.741: [Full GC (Metadata GC Threshold) 2020-03-19T14:50:52.116+0800: 20655.741: [CMS: 121362K->121362K(237276K), 0.4753497 secs] 121364K->121362K(414236K), [Metaspace: 121356K->121356K(1165312K)], 0.4757621 secs] [Times: user=0.47 sys=0.00, real=0.48 secs] 
2020-03-19T14:50:52.592+0800: 20656.217: [Full GC (Last ditch collection) 2020-03-19T14:50:52.593+0800: 20656.217: [CMS: 121362K->121362K(237276K), 0.4794853 secs] 121362K->121362K(414236K), [Metaspace: 121356K->121356K(1165312K)], 0.4798604 secs] [Times: user=0.48 sys=0.00, real=0.48 secs] 
2020-03-19T14:50:53.075+0800: 20656.700: [Full GC (Metadata GC Threshold) 2020-03-19T14:50:53.075+0800: 20656.700: [CMS: 121362K->121363K(237276K), 0.4837867 secs] 121365K->121363K(414236K), [Metaspace: 121356K->121356K(1165312K)], 0.4842010 secs] [Times: user=0.48 sys=0.00, real=0.49 secs] 
2020-03-19T14:50:53.560+0800: 20657.184: [Full GC (Last ditch collection) 2020-03-19T14:50:53.560+0800: 20657.184: [CMS: 121363K->121363K(237276K), 0.4630119 secs] 121363K->121363K(414236K), [Metaspace: 121356K->121356K(1165312K)], 0.4633969 secs] [Times: user=0.46 sys=0.00, real=0.46 secs] 
2020-03-19T14:50:54.026+0800: 20657.651: [Full GC (Metadata GC Threshold) 2020-03-19T14:50:54.027+0800: 20657.651: [CMS: 121363K->121364K(237276K), 0.4784097 secs] 121365K->121364K(414236K), [Metaspace: 121356K->121356K(1165312K)], 0.4788729 secs] [Times: user=0.47 sys=0.00, real=0.47 secs] 
2020-03-19T14:50:54.506+0800: 20658.130: [Full GC (Last ditch collection) 2020-03-19T14:50:54.506+0800: 20658.130: [CMS: 121364K->121364K(237276K), 0.4846137 secs] 121364K->121364K(414236K), [Metaspace: 121356K->121356K(1165312K)], 0.4849807 secs] [Times: user=0.49 sys=0.00, real=0.49 secs] 
2020-03-19T14:50:54.993+0800: 20658.618: [Full GC (Metadata GC Threshold) 2020-03-19T14:50:54.994+0800: 20658.618: [CMS: 121364K->121364K(237276K), 0.4745406 secs] 121366K->121364K(414236K), [Metaspace: 121356K->121356K(1165312K)], 0.4749234 secs] [Times: user=0.47 sys=0.00, real=0.48 secs] 
2020-03-19T14:50:55.469+0800: 20659.093: [Full GC (Last ditch collection) 2020-03-19T14:50:55.469+0800: 20659.093: [CMS: 121364K->121364K(237276K), 0.4888402 secs] 121364K->121364K(414236K), [Metaspace: 121356K->121356K(1165312K)], 0.4892799 secs] [Times: user=0.49 sys=0.00, real=0.48 secs] 
2020-03-19T14:50:55.961+0800: 20659.585: [Full GC (Metadata GC Threshold) 2020-03-19T14:50:55.961+0800: 20659.586: [CMS: 121364K->121364K(237276K), 0.4902110 secs] 121366K->121364K(414236K), [Metaspace: 121356K->121356K(1165312K)], 0.4906575 secs] [Times: user=0.49 sys=0.00, real=0.49 secs] 
2020-03-19T14:50:56.452+0800: 20660.076: [Full GC (Last ditch collection) 2020-03-19T14:50:56.452+0800: 20660.077: [CMS: 121364K->121364K(237276K), 0.5223987 secs] 121364K->121364K(414236K), [Metaspace: 121356K->121356K(1165312K)], 0.5228066 secs] [Times: user=0.51 sys=0.00, real=0.52 secs] 
2020-03-19T14:50:56.978+0800: 20660.602: [Full GC (Metadata GC Threshold) 2020-03-19T14:50:56.978+0800: 20660.602: [CMS: 121364K->121364K(237276K), 0.4916869 secs] 121374K->121364K(414236K), [Metaspace: 121356K->121356K(1165312K)], 0.4921115 secs] [Times: user=0.48 sys=0.00, real=0.50 secs] 
2020-03-19T14:50:57.470+0800: 20661.095: [Full GC (Last ditch collection) 2020-03-19T14:50:57.470+0800: 20661.095: [CMS: 121364K->121364K(237276K), 0.5969675 secs] 121364K->121364K(414236K), [Metaspace: 121356K->121356K(1165312K)], 0.5973512 secs] [Times: user=0.53 sys=0.00, real=0.60 secs] 
2020-03-19T14:50:58.075+0800: 20661.700: [GC (CMS Initial Mark) [1 CMS-initial-mark: 121364K(237276K)] 121666K(414236K), 0.0099737 secs] [Times: user=0.01 sys=0.00, real=0.01 secs] 
2020-03-19T14:50:58.086+0800: 20661.710: [CMS-concurrent-mark-start]
2020-03-19T14:50:58.088+0800: 20661.713: [Full GC (Metadata GC Threshold) 2020-03-19T14:50:58.088+0800: 20661.713: [CMS2020-03-19T14:50:58.290+0800: 20661.914: [CMS-concurrent-mark: 0.197/0.204 secs] [Times: user=0.20 sys=0.00, real=0.21 secs] 
 (concurrent mode failure): 121364K->121364K(237276K), 0.6895748 secs] 121689K->121364K(414236K), [Metaspace: 121356K->121356K(1165312K)], 0.6900038 secs] [Times: user=0.68 sys=0.00, real=0.69 secs] 
2020-03-19T14:50:58.778+0800: 20662.403: [Full GC (Last ditch collection) 2020-03-19T14:50:58.779+0800: 20662.403: [CMS: 121364K->121364K(237276K), 0.4979124 secs] 121364K->121364K(414236K), [Metaspace: 121356K->121356K(1165312K)], 0.4983283 secs] [Times: user=0.49 sys=0.00, real=0.49 secs] 
2020-03-19T14:50:59.296+0800: 20662.921: [Full GC (Metadata GC Threshold) 2020-03-19T14:50:59.297+0800: 20662.921: [CMS: 121364K->121422K(237276K), 0.5056435 secs] 122669K->121422K(414236K), [Metaspace: 121356K->121356K(1165312K)], 0.5060619 secs] [Times: user=0.50 sys=0.00, real=0.51 secs] 
2020-03-19T14:50:59.803+0800: 20663.427: [Full GC (Last ditch collection) 2020-03-19T14:50:59.803+0800: 20663.427: [CMS: 121422K->121377K(237276K), 0.5371068 secs] 121422K->121377K(414236K), [Metaspace: 121356K->121356K(1165312K)], 0.5374642 secs] [Times: user=0.49 sys=0.00, real=0.54 secs] 
2020-03-19T14:51:00.343+0800: 20663.968: [Full GC (Metadata GC Threshold) 2020-03-19T14:51:00.343+0800: 20663.968: [CMS: 121377K->121377K(237276K), 0.4996519 secs] 121389K->121377K(414236K), [Metaspace: 121356K->121356K(1165312K)], 0.5000530 secs] [Times: user=0.49 sys=0.00, real=0.50 secs] 
2020-03-19T14:51:00.844+0800: 20664.468: [Full GC (Last ditch collection) 2020-03-19T14:51:00.844+0800: 20664.468: [CMS: 121377K->121377K(237276K), 0.5627039 secs] 121377K->121377K(414236K), [Metaspace: 121356K->121356K(1165312K)], 0.5630961 secs] [Times: user=0.51 sys=0.00, real=0.57 secs] 
2020-03-19T14:51:01.410+0800: 20665.034: [GC (CMS Initial Mark) [1 CMS-initial-mark: 121377K(237276K)] 121395K(414236K), 0.0086170 secs] [Times: user=0.02 sys=0.00, real=0.01 secs] 
2020-03-19T14:51:01.419+0800: 20665.043: [CMS-concurrent-mark-start]
2020-03-19T14:51:01.429+0800: 20665.053: [Full GC (Metadata GC Threshold) 2020-03-19T14:51:01.429+0800: 20665.053: [CMS2020-03-19T14:51:01.647+0800: 20665.272: [CMS-concurrent-mark: 0.219/0.228 secs] [Times: user=0.22 sys=0.00, real=0.23 secs] 
 (concurrent mode failure): 121377K->121384K(237276K), 0.7057376 secs] 121492K->121384K(414236K), [Metaspace: 121356K->121356K(1165312K)], 0.7062169 secs] [Times: user=0.70 sys=0.00, real=0.70 secs] 
2020-03-19T14:51:02.135+0800: 20665.760: [Full GC (Last ditch collection) 2020-03-19T14:51:02.135+0800: 20665.760: [CMS: 121384K->121384K(237276K), 0.5059865 secs] 121384K->121384K(414236K), [Metaspace: 121356K->121356K(1165312K)], 0.5064491 secs] [Times: user=0.50 sys=0.00, real=0.51 secs] 
2020-03-19T14:51:02.645+0800: 20666.270: [Full GC (Metadata GC Threshold) 2020-03-19T14:51:02.645+0800: 20666.270: [CMS: 121384K->121383K(237276K), 0.4675567 secs] 121433K->121383K(414236K), [Metaspace: 121356K->121356K(1165312K)], 0.4679468 secs] [Times: user=0.46 sys=0.00, real=0.47 secs] 
2020-03-19T14:51:03.113+0800: 20666.738: [Full GC (Last ditch collection) 2020-03-19T14:51:03.113+0800: 20666.738: [CMS: 121383K->121383K(237276K), 0.4980005 secs] 121383K->121383K(414236K), [Metaspace: 121356K->121356K(1165312K)], 0.4984016 secs] [Times: user=0.49 sys=0.00, real=0.50 secs] 
2020-03-19T14:51:03.615+0800: 20667.239: [GC (CMS Initial Mark) [1 CMS-initial-mark: 121383K(237276K)] 121393K(414236K), 0.0082765 secs] [Times: user=0.01 sys=0.00, real=0.01 secs] 
2020-03-19T14:51:03.623+0800: 20667.248: [CMS-concurrent-mark-start]
2020-03-19T14:51:03.625+0800: 20667.249: [Full GC (Metadata GC Threshold) 2020-03-19T14:51:03.625+0800: 20667.250: [CMS2020-03-19T14:51:03.803+0800: 20667.428: [CMS-concurrent-mark: 0.173/0.180 secs] [Times: user=0.18 sys=0.00, real=0.18 secs] 
 (concurrent mode failure): 121383K->121383K(237276K), 0.6659379 secs] 121393K->121383K(414236K), [Metaspace: 121356K->121356K(1165312K)], 0.6665053 secs] [Times: user=0.67 sys=0.00, real=0.67 secs] 
2020-03-19T14:51:04.292+0800: 20667.916: [Full GC (Last ditch collection) 2020-03-19T14:51:04.292+0800: 20667.916: [CMS: 121383K->121383K(237276K), 0.4817899 secs] 121383K->121383K(414236K), [Metaspace: 121356K->121356K(1165312K)], 0.4822020 secs] [Times: user=0.48 sys=0.00, real=0.48 secs] 
2020-03-19T14:51:04.777+0800: 20668.402: [Full GC (Metadata GC Threshold) 2020-03-19T14:51:04.778+0800: 20668.402: [CMS: 121383K->121383K(237276K), 0.5668243 secs] 121385K->121383K(414236K), [Metaspace: 121356K->121356K(1165312K)], 0.5672090 secs] [Times: user=0.52 sys=0.00, real=0.57 secs] 
2020-03-19T14:51:05.345+0800: 20668.970: [Full GC (Last ditch collection) 2020-03-19T14:51:05.345+0800: 20668.970: [CMS: 121383K->121383K(237276K), 0.4644510 secs] 121383K->121383K(414236K), [Metaspace: 121356K->121356K(1165312K)], 0.4648492 secs] [Times: user=0.46 sys=0.00, real=0.47 secs] 
2020-03-19T14:51:05.813+0800: 20669.437: [Full GC (Metadata GC Threshold) 2020-03-19T14:51:05.813+0800: 20669.437: [CMS: 121383K->121383K(237276K), 0.4863516 secs] 121387K->121383K(414236K), [Metaspace: 121356K->121356K(1165312K)], 0.4867461 secs] [Times: user=0.49 sys=0.00, real=0.49 secs] 
2020-03-19T14:51:06.300+0800: 20669.924: [Full GC (Last ditch collection) 2020-03-19T14:51:06.300+0800: 20669.924: [CMS: 121383K->121383K(237276K), 0.4664648 secs] 121383K->121383K(414236K), [Metaspace: 121356K->121356K(1165312K)], 0.4668749 secs] [Times: user=0.47 sys=0.00, real=0.47 secs] 
2020-03-19T14:51:06.770+0800: 20670.394: [Full GC (Metadata GC Threshold) 2020-03-19T14:51:06.770+0800: 20670.394: [CMS: 121383K->121383K(237276K), 0.4734952 secs] 121394K->121383K(414236K), [Metaspace: 121356K->121356K(1165312K)], 0.4739523 secs] [Times: user=0.47 sys=0.00, real=0.47 secs] 
2020-03-19T14:51:07.244+0800: 20670.869: [Full GC (Last ditch collection) 2020-03-19T14:51:07.244+0800: 20670.869: [CMS: 121383K->121383K(237276K), 0.4535905 secs] 121383K->121383K(414236K), [Metaspace: 121356K->121356K(1165312K)], 0.4539556 secs] [Times: user=0.45 sys=0.00, real=0.46 secs] 
2020-03-19T14:51:07.701+0800: 20671.325: [Full GC (Metadata GC Threshold) 2020-03-19T14:51:07.701+0800: 20671.326: [CMS: 121383K->121383K(237276K), 0.4783317 secs] 121387K->121383K(414236K), [Metaspace: 121356K->121356K(1165312K)], 0.4787857 secs] [Times: user=0.47 sys=0.00, real=0.48 secs] 
2020-03-19T14:51:08.180+0800: 20671.805: [Full GC (Last ditch collection) 2020-03-19T14:51:08.180+0800: 20671.805: [CMS: 121383K->121383K(237276K), 0.4980944 secs] 121383K->121383K(414236K), [Metaspace: 121356K->121356K(1165312K)], 0.4985912 secs] [Times: user=0.50 sys=0.00, real=0.50 secs] 
2020-03-19T14:51:08.682+0800: 20672.307: [Full GC (Metadata GC Threshold) 2020-03-19T14:51:08.682+0800: 20672.307: [CMS: 121383K->121383K(237276K), 0.5041948 secs] 121383K->121383K(414236K), [Metaspace: 121356K->121356K(1165312K)], 0.5046658 secs] [Times: user=0.50 sys=0.00, real=0.51 secs] 
2020-03-19T14:51:09.187+0800: 20672.812: [Full GC (Last ditch collection) 2020-03-19T14:51:09.187+0800: 20672.812: [CMS: 121383K->121383K(237276K), 0.4668256 secs] 121383K->121383K(414236K), [Metaspace: 121356K->121356K(1165312K)], 0.4672685 secs] [Times: user=0.46 sys=0.00, real=0.46 secs] 
2020-03-19T14:51:09.657+0800: 20673.282: [Full GC (Metadata GC Threshold) 2020-03-19T14:51:09.658+0800: 20673.282: [CMS: 121383K->121383K(237276K), 0.4662032 secs] 121385K->121383K(414236K), [Metaspace: 121356K->121356K(1165312K)], 0.4666477 secs] [Times: user=0.46 sys=0.00, real=0.47 secs] 
2020-03-19T14:51:10.124+0800: 20673.749: [Full GC (Last ditch collection) 2020-03-19T14:51:10.125+0800: 20673.749: [CMS: 121383K->121383K(237276K), 0.5033839 secs] 121383K->121383K(414236K), [Metaspace: 121356K->121356K(1165312K)], 0.5038525 secs] [Times: user=0.49 sys=0.00, real=0.51 secs] 
2020-03-19T14:51:10.632+0800: 20674.256: [Full GC (Metadata GC Threshold) 2020-03-19T14:51:10.632+0800: 20674.256: [CMS: 121383K->121383K(237276K), 0.4989279 secs] 121396K->121383K(414236K), [Metaspace: 121356K->121356K(1165312K)], 0.4993095 secs] [Times: user=0.47 sys=0.00, real=0.50 secs] 
2020-03-19T14:51:11.131+0800: 20674.756: [Full GC (Last ditch collection) 2020-03-19T14:51:11.131+0800: 20674.756: [CMS: 121383K->121383K(237276K), 0.4480429 secs] 121383K->121383K(414236K), [Metaspace: 121356K->121356K(1165312K)], 0.4484205 secs] [Times: user=0.44 sys=0.00, real=0.45 secs] 
2020-03-19T14:51:11.583+0800: 20675.207: [Full GC (Metadata GC Threshold) 2020-03-19T14:51:11.583+0800: 20675.207: [CMS: 121383K->121383K(237276K), 0.4639697 secs] 121387K->121383K(414236K), [Metaspace: 121356K->121356K(1165312K)], 0.4644168 secs] [Times: user=0.46 sys=0.00, real=0.47 secs] 
2020-03-19T14:51:12.047+0800: 20675.672: [Full GC (Last ditch collection) 2020-03-19T14:51:12.047+0800: 20675.672: [CMS: 121383K->121383K(237276K), 0.5021366 secs] 121383K->121383K(414236K), [Metaspace: 121356K->121356K(1165312K)], 0.5026044 secs] [Times: user=0.48 sys=0.00, real=0.50 secs] 
2020-03-19T14:51:12.562+0800: 20676.186: [Full GC (Metadata GC Threshold) 2020-03-19T14:51:12.562+0800: 20676.186: [CMS: 121383K->121401K(237276K), 0.6467403 secs] 122436K->121401K(414236K), [Metaspace: 121356K->121356K(1165312K)], 0.6472348 secs] [Times: user=0.57 sys=0.00, real=0.65 secs] 
2020-03-19T14:51:13.209+0800: 20676.834: [Full GC (Last ditch collection) 2020-03-19T14:51:13.209+0800: 20676.834: [CMS: 121401K->121390K(237276K), 0.4579026 secs] 121401K->121390K(414236K), [Metaspace: 121356K->121356K(1165312K)], 0.4582984 secs] [Times: user=0.45 sys=0.00, real=0.46 secs] 
2020-03-19T14:51:13.670+0800: 20677.295: [Full GC (Metadata GC Threshold) 2020-03-19T14:51:13.671+0800: 20677.295: [CMS: 121390K->121390K(237276K), 0.4658031 secs] 121394K->121390K(414236K), [Metaspace: 121356K->121356K(1165312K)], 0.4662159 secs] [Times: user=0.47 sys=0.00, real=0.46 secs] 
2020-03-19T14:51:14.137+0800: 20677.761: [Full GC (Last ditch collection) 2020-03-19T14:51:14.137+0800: 20677.762: [CMS: 121390K->121390K(237276K), 0.4933787 secs] 121390K->121390K(414236K), [Metaspace: 121356K->121356K(1165312K)], 0.4938301 secs] [Times: user=0.49 sys=0.00, real=0.50 secs] 
2020-03-19T14:51:14.634+0800: 20678.259: [GC (CMS Initial Mark) [1 CMS-initial-mark: 121390K(237276K)] 121431K(414236K), 0.0085837 secs] [Times: user=0.01 sys=0.00, real=0.01 secs] 
2020-03-19T14:51:14.643+0800: 20678.268: [CMS-concurrent-mark-start]
2020-03-19T14:51:14.653+0800: 20678.278: [Full GC (Metadata GC Threshold) 2020-03-19T14:51:14.653+0800: 20678.278: [CMS2020-03-19T14:51:14.876+0800: 20678.500: [CMS-concurrent-mark: 0.224/0.232 secs] [Times: user=0.23 sys=0.00, real=0.23 secs] 
 (concurrent mode failure): 121390K->121426K(237276K), 0.6926245 secs] 121895K->121426K(414236K), [Metaspace: 121356K->121356K(1165312K)], 0.6930340 secs] [Times: user=0.68 sys=0.00, real=0.70 secs] 
2020-03-19T14:51:15.346+0800: 20678.971: [Full GC (Last ditch collection) 2020-03-19T14:51:15.346+0800: 20678.971: [CMS: 121426K->121424K(237276K), 0.4666940 secs] 121426K->121424K(414236K), [Metaspace: 121356K->121356K(1165312K)], 0.4671006 secs] [Times: user=0.46 sys=0.00, real=0.46 secs] 
2020-03-19T14:51:15.816+0800: 20679.441: [Full GC (Metadata GC Threshold) 2020-03-19T14:51:15.816+0800: 20679.441: [CMS: 121424K->121424K(237276K), 0.6362594 secs] 121424K->121424K(414236K), [Metaspace: 121356K->121356K(1165312K)], 0.6366712 secs] [Times: user=0.53 sys=0.00, real=0.64 secs] 
2020-03-19T14:51:16.453+0800: 20680.078: [Full GC (Last ditch collection) 2020-03-19T14:51:16.453+0800: 20680.078: [CMS: 121424K->121424K(237276K), 0.4868527 secs] 121424K->121424K(414236K), [Metaspace: 121356K->121356K(1165312K)], 0.4872574 secs] [Times: user=0.48 sys=0.00, real=0.49 secs] 
2020-03-19T14:51:16.943+0800: 20680.568: [Full GC (Metadata GC Threshold) 2020-03-19T14:51:16.943+0800: 20680.568: [CMS: 121424K->121424K(237276K), 0.4766070 secs] 121428K->121424K(414236K), [Metaspace: 121356K->121356K(1165312K)], 0.4770017 secs] [Times: user=0.46 sys=0.00, real=0.48 secs] 
2020-03-19T14:51:17.421+0800: 20681.045: [Full GC (Last ditch collection) 2020-03-19T14:51:17.421+0800: 20681.045: [CMS: 121424K->121424K(237276K), 0.4609095 secs] 121424K->121424K(414236K), [Metaspace: 121356K->121356K(1165312K)], 0.4613112 secs] [Times: user=0.46 sys=0.00, real=0.46 secs] 
2020-03-19T14:51:17.886+0800: 20681.510: [GC (CMS Initial Mark) [1 CMS-initial-mark: 121424K(237276K)] 121473K(414236K), 0.0085915 secs] [Times: user=0.02 sys=0.00, real=0.01 secs] 
2020-03-19T14:51:17.895+0800: 20681.519: [CMS-concurrent-mark-start]
2020-03-19T14:51:17.914+0800: 20681.538: [Full GC (Metadata GC Threshold) 2020-03-19T14:51:17.914+0800: 20681.538: [CMS2020-03-19T14:51:18.102+0800: 20681.727: [CMS-concurrent-mark: 0.199/0.207 secs] [Times: user=0.22 sys=0.00, real=0.21 secs] 
 (concurrent mode failure): 121424K->121539K(237276K), 0.7473918 secs] 122247K->121539K(414236K), [Metaspace: 121356K->121356K(1165312K)], 0.7478316 secs] [Times: user=0.72 sys=0.00, real=0.75 secs] 
2020-03-19T14:51:18.662+0800: 20682.286: [Full GC (Last ditch collection) 2020-03-19T14:51:18.662+0800: 20682.286: [CMS: 121539K->121509K(237276K), 0.4808522 secs] 121539K->121509K(414236K), [Metaspace: 121356K->121356K(1165312K)], 0.4812163 secs] [Times: user=0.47 sys=0.00, real=0.48 secs] 
2020-03-19T14:51:19.146+0800: 20682.770: [Full GC (Metadata GC Threshold) 2020-03-19T14:51:19.146+0800: 20682.771: [CMS: 121509K->121509K(237276K), 0.4634796 secs] 121515K->121509K(414236K), [Metaspace: 121356K->121356K(1165312K)], 0.4638853 secs] [Times: user=0.46 sys=0.00, real=0.47 secs] 
2020-03-19T14:51:19.610+0800: 20683.235: [Full GC (Last ditch collection) 2020-03-19T14:51:19.610+0800: 20683.235: [CMS: 121509K->121509K(237276K), 0.5749686 secs] 121509K->121509K(414236K), [Metaspace: 121356K->121356K(1165312K)], 0.5754099 secs] [Times: user=0.52 sys=0.00, real=0.57 secs] 
2020-03-19T14:51:20.194+0800: 20683.819: [Full GC (Metadata GC Threshold) 2020-03-19T14:51:20.194+0800: 20683.819: [CMS: 121509K->121512K(237276K), 0.5210607 secs] 121640K->121512K(414236K), [Metaspace: 121356K->121356K(1165312K)], 0.5214960 secs] [Times: user=0.49 sys=0.00, real=0.52 secs] 
2020-03-19T14:51:20.716+0800: 20684.341: [Full GC (Last ditch collection) 2020-03-19T14:51:20.716+0800: 20684.341: [CMS: 121512K->121510K(237276K), 0.4623196 secs] 121512K->121510K(414236K), [Metaspace: 121356K->121356K(1165312K)], 0.4627238 secs] [Times: user=0.46 sys=0.00, real=0.47 secs] 
2020-03-19T14:51:21.182+0800: 20684.806: [Full GC (Metadata GC Threshold) 2020-03-19T14:51:21.182+0800: 20684.806: [CMS: 121510K->121511K(237276K), 0.4530923 secs] 121515K->121511K(414236K), [Metaspace: 121356K->121356K(1165312K)], 0.4535114 secs] [Times: user=0.45 sys=0.00, real=0.45 secs] 
2020-03-19T14:51:21.635+0800: 20685.260: [Full GC (Last ditch collection) 2020-03-19T14:51:21.636+0800: 20685.260: [CMS: 121511K->121511K(237276K), 0.4710887 secs] 121511K->121511K(414236K), [Metaspace: 121356K->121356K(1165312K)], 0.4715073 secs] [Times: user=0.47 sys=0.00, real=0.48 secs] 
2020-03-19T14:51:22.110+0800: 20685.735: [Full GC (Metadata GC Threshold) 2020-03-19T14:51:22.110+0800: 20685.735: [CMS: 121511K->121509K(237276K), 0.4701597 secs] 121563K->121509K(414236K), [Metaspace: 121356K->121356K(1165312K)], 0.4705860 secs] [Times: user=0.47 sys=0.00, real=0.47 secs] 
2020-03-19T14:51:22.581+0800: 20686.206: [Full GC (Last ditch collection) 2020-03-19T14:51:22.581+0800: 20686.206: [CMS: 121509K->121509K(237276K), 0.4871239 secs] 121509K->121509K(414236K), [Metaspace: 121356K->121356K(1165312K)], 0.4875585 secs] [Times: user=0.48 sys=0.00, real=0.49 secs] 
2020-03-19T14:51:23.072+0800: 20686.696: [Full GC (Metadata GC Threshold) 2020-03-19T14:51:23.072+0800: 20686.697: [CMS: 121509K->121509K(237276K), 0.4938998 secs] 121513K->121509K(414236K), [Metaspace: 121356K->121356K(1165312K)], 0.4943293 secs] [Times: user=0.49 sys=0.00, real=0.50 secs] 
2020-03-19T14:51:23.567+0800: 20687.191: [Full GC (Last ditch collection) 2020-03-19T14:51:23.567+0800: 20687.191: [CMS: 121509K->121509K(237276K), 0.4701103 secs] 121509K->121509K(414236K), [Metaspace: 121356K->121356K(1165312K)], 0.4704980 secs] [Times: user=0.46 sys=0.00, real=0.46 secs] 
2020-03-19T14:51:24.040+0800: 20687.665: [Full GC (Metadata GC Threshold) 2020-03-19T14:51:24.040+0800: 20687.665: [CMS: 121509K->121509K(237276K), 0.4892547 secs] 121509K->121509K(414236K), [Metaspace: 121356K->121356K(1165312K)], 0.4896604 secs] [Times: user=0.48 sys=0.00, real=0.49 secs] 
2020-03-19T14:51:24.530+0800: 20688.154: [Full GC (Last ditch collection) 2020-03-19T14:51:24.530+0800: 20688.155: [CMS: 121509K->121509K(237276K), 0.4835180 secs] 121509K->121509K(414236K), [Metaspace: 121356K->121356K(1165312K)], 0.4838877 secs] [Times: user=0.48 sys=0.00, real=0.48 secs] 
2020-03-19T14:51:25.017+0800: 20688.641: [Full GC (Metadata GC Threshold) 2020-03-19T14:51:25.017+0800: 20688.641: [CMS: 121509K->121509K(237276K), 0.4735982 secs] 121509K->121509K(414236K), [Metaspace: 121356K->121356K(1165312K)], 0.4740169 secs] [Times: user=0.47 sys=0.00, real=0.48 secs] 
2020-03-19T14:51:25.491+0800: 20689.116: [Full GC (Last ditch collection) 2020-03-19T14:51:25.491+0800: 20689.116: [CMS: 121509K->121509K(237276K), 0.5025068 secs] 121509K->121509K(414236K), [Metaspace: 121356K->121356K(1165312K)], 0.5029570 secs] [Times: user=0.48 sys=0.00, real=0.50 secs] 
2020-03-19T14:51:25.997+0800: 20689.622: [Full GC (Metadata GC Threshold) 2020-03-19T14:51:25.998+0800: 20689.622: [CMS: 121509K->121509K(237276K), 0.5030051 secs] 121509K->121509K(414236K), [Metaspace: 121356K->121356K(1165312K)], 0.5033803 secs] [Times: user=0.48 sys=0.00, real=0.51 secs] 
2020-03-19T14:51:26.501+0800: 20690.126: [Full GC (Last ditch collection) 2020-03-19T14:51:26.501+0800: 20690.126: [CMS: 121509K->121509K(237276K), 0.4970018 secs] 121509K->121509K(414236K), [Metaspace: 121356K->121356K(1165312K)], 0.4974388 secs] [Times: user=0.49 sys=0.00, real=0.50 secs] 
2020-03-19T14:51:27.002+0800: 20690.626: [Full GC (Metadata GC Threshold) 2020-03-19T14:51:27.002+0800: 20690.627: [CMS: 121509K->121509K(237276K), 0.4828352 secs] 121511K->121509K(414236K), [Metaspace: 121356K->121356K(1165312K)], 0.4832950 secs] [Times: user=0.48 sys=0.00, real=0.48 secs] 
2020-03-19T14:51:27.486+0800: 20691.110: [Full GC (Last ditch collection) 2020-03-19T14:51:27.486+0800: 20691.110: [CMS: 121509K->121509K(237276K), 0.5598112 secs] 121509K->121509K(414236K), [Metaspace: 121356K->121356K(1165312K)], 0.5602172 secs] [Times: user=0.53 sys=0.00, real=0.56 secs] 
2020-03-19T14:51:28.049+0800: 20691.674: [Full GC (Metadata GC Threshold) 2020-03-19T14:51:28.049+0800: 20691.674: [CMS: 121509K->121509K(237276K), 0.4829012 secs] 121511K->121509K(414236K), [Metaspace: 121356K->121356K(1165312K)], 0.4833174 secs] [Times: user=0.47 sys=0.00, real=0.48 secs] 
2020-03-19T14:51:28.533+0800: 20692.157: [Full GC (Last ditch collection) 2020-03-19T14:51:28.533+0800: 20692.157: [CMS: 121509K->121509K(237276K), 0.4934107 secs] 121509K->121509K(414236K), [Metaspace: 121356K->121356K(1165312K)], 0.4938071 secs] [Times: user=0.49 sys=0.00, real=0.50 secs] 
2020-03-19T14:51:29.031+0800: 20692.655: [Full GC (Metadata GC Threshold) 2020-03-19T14:51:29.031+0800: 20692.655: [CMS: 121509K->121509K(237276K), 0.4750708 secs] 121517K->121509K(414236K), [Metaspace: 121356K->121356K(1165312K)], 0.4754895 secs] [Times: user=0.47 sys=0.00, real=0.48 secs] 
2020-03-19T14:51:29.507+0800: 20693.131: [Full GC (Last ditch collection) 2020-03-19T14:51:29.507+0800: 20693.131: [CMS: 121509K->121509K(237276K), 0.4814605 secs] 121509K->121509K(414236K), [Metaspace: 121356K->121356K(1165312K)], 0.4818510 secs] [Times: user=0.48 sys=0.00, real=0.48 secs] 
2020-03-19T14:51:29.991+0800: 20693.616: [GC (CMS Initial Mark) [1 CMS-initial-mark: 121509K(237276K)] 121517K(414236K), 0.0101040 secs] [Times: user=0.02 sys=0.00, real=0.01 secs] 
2020-03-19T14:51:30.002+0800: 20693.627: [CMS-concurrent-mark-start]
2020-03-19T14:51:30.015+0800: 20693.640: [Full GC (Metadata GC Threshold) 2020-03-19T14:51:30.016+0800: 20693.640: [CMS2020-03-19T14:51:30.220+0800: 20693.844: [CMS-concurrent-mark: 0.207/0.218 secs] [Times: user=0.21 sys=0.00, real=0.22 secs] 
 (concurrent mode failure): 121509K->121523K(237276K), 0.6881199 secs] 121725K->121523K(414236K), [Metaspace: 121356K->121356K(1165312K)], 0.6887385 secs] [Times: user=0.66 sys=0.00, real=0.69 secs] 
2020-03-19T14:51:30.704+0800: 20694.329: [Full GC (Last ditch collection) 2020-03-19T14:51:30.704+0800: 20694.329: [CMS: 121523K->121523K(237276K), 0.5636489 secs] 121523K->121523K(414236K), [Metaspace: 121356K->121356K(1165312K)], 0.5640951 secs] [Times: user=0.50 sys=0.00, real=0.57 secs] 
2020-03-19T14:51:31.323+0800: 20694.948: [Full GC (Metadata GC Threshold) 2020-03-19T14:51:31.324+0800: 20694.948: [CMS: 121523K->121558K(237276K), 0.4938008 secs] 123152K->121558K(414236K), [Metaspace: 121356K->121356K(1165312K)], 0.4942701 secs] [Times: user=0.49 sys=0.00, real=0.49 secs] 
2020-03-19T14:51:31.818+0800: 20695.442: [Full GC (Last ditch collection) 2020-03-19T14:51:31.818+0800: 20695.443: [CMS: 121558K->121556K(237276K), 0.4911125 secs] 121558K->121556K(414236K), [Metaspace: 121356K->121356K(1165312K)], 0.4914731 secs] [Times: user=0.48 sys=0.00, real=0.50 secs] 
2020-03-19T14:51:32.314+0800: 20695.939: [Full GC (Metadata GC Threshold) 2020-03-19T14:51:32.314+0800: 20695.939: [CMS: 121556K->121558K(237276K), 0.4767155 secs] 121663K->121558K(414236K), [Metaspace: 121356K->121356K(1165312K)], 0.4771874 secs] [Times: user=0.47 sys=0.00, real=0.48 secs] 
2020-03-19T14:51:32.792+0800: 20696.416: [Full GC (Last ditch collection) 2020-03-19T14:51:32.792+0800: 20696.416: [CMS: 121558K->121556K(237276K), 0.4913220 secs] 121558K->121556K(414236K), [Metaspace: 121356K->121356K(1165312K)], 0.4917423 secs] [Times: user=0.49 sys=0.00, real=0.49 secs] 
2020-03-19T14:51:33.294+0800: 20696.919: [Full GC (Metadata GC Threshold) 2020-03-19T14:51:33.295+0800: 20696.919: [CMS: 121556K->121557K(237276K), 0.4557959 secs] 121660K->121557K(414236K), [Metaspace: 121356K->121356K(1165312K)], 0.4564753 secs] [Times: user=0.46 sys=0.00, real=0.46 secs] 
2020-03-19T14:51:33.751+0800: 20697.375: [Full GC (Last ditch collection) 2020-03-19T14:51:33.751+0800: 20697.376: [CMS: 121557K->121557K(237276K), 0.4900079 secs] 121557K->121557K(414236K), [Metaspace: 121356K->121356K(1165312K)], 0.4903894 secs] [Times: user=0.47 sys=0.00, real=0.49 secs] 
2020-03-19T14:51:34.245+0800: 20697.869: [Full GC (Metadata GC Threshold) 2020-03-19T14:51:34.245+0800: 20697.869: [CMS: 121557K->121236K(237276K), 0.5318401 secs] 121587K->121236K(414236K), [Metaspace: 121356K->121356K(1165312K)], 0.5322191 secs] [Times: user=0.51 sys=0.00, real=0.53 secs] 
2020-03-19T14:51:34.777+0800: 20698.402: [Full GC (Last ditch collection) 2020-03-19T14:51:34.777+0800: 20698.402: [CMS: 121236K->121236K(237276K), 0.5522272 secs] 121236K->121236K(414236K), [Metaspace: 121356K->121356K(1165312K)], 0.5526052 secs] [Times: user=0.51 sys=0.00, real=0.56 secs] 
2020-03-19T14:51:35.333+0800: 20698.957: [Full GC (Metadata GC Threshold) 2020-03-19T14:51:35.333+0800: 20698.957: [CMS: 121236K->121232K(237276K), 0.4632144 secs] 121238K->121232K(414236K), [Metaspace: 121356K->121356K(1165312K)], 0.4636207 secs] [Times: user=0.46 sys=0.00, real=0.46 secs] 
2020-03-19T14:51:35.797+0800: 20699.421: [Full GC (Last ditch collection) 2020-03-19T14:51:35.797+0800: 20699.421: [CMS: 121232K->121232K(237276K), 0.4739126 secs] 121232K->121232K(414236K), [Metaspace: 121356K->121356K(1165312K)], 0.4743182 secs] [Times: user=0.47 sys=0.00, real=0.48 secs] 
2020-03-19T14:51:36.274+0800: 20699.899: [Full GC (Metadata GC Threshold) 2020-03-19T14:51:36.274+0800: 20699.899: [CMS: 121232K->121232K(237276K), 0.4722201 secs] 121232K->121232K(414236K), [Metaspace: 121356K->121356K(1165312K)], 0.4726812 secs] [Times: user=0.48 sys=0.00, real=0.48 secs] 
2020-03-19T14:51:36.747+0800: 20700.372: [Full GC (Last ditch collection) 2020-03-19T14:51:36.747+0800: 20700.372: [CMS: 121232K->121232K(237276K), 0.4771058 secs] 121232K->121232K(414236K), [Metaspace: 121356K->121356K(1165312K)], 0.4775286 secs] [Times: user=0.46 sys=0.00, real=0.47 secs] 
2020-03-19T14:51:37.228+0800: 20700.853: [Full GC (Metadata GC Threshold) 2020-03-19T14:51:37.228+0800: 20700.853: [CMS: 121232K->121232K(237276K), 0.4471943 secs] 121250K->121232K(414236K), [Metaspace: 121356K->121356K(1165312K)], 0.4475805 secs] [Times: user=0.45 sys=0.00, real=0.44 secs] 
2020-03-19T14:51:37.676+0800: 20701.300: [Full GC (Last ditch collection) 2020-03-19T14:51:37.676+0800: 20701.301: [CMS: 121232K->121232K(237276K), 0.4627211 secs] 121232K->121232K(414236K), [Metaspace: 121356K->121356K(1165312K)], 0.4630949 secs] [Times: user=0.46 sys=0.00, real=0.47 secs] 
2020-03-19T14:51:38.142+0800: 20701.766: [GC (CMS Initial Mark) [1 CMS-initial-mark: 121232K(237276K)] 121239K(414236K), 0.0093607 secs] [Times: user=0.01 sys=0.00, real=0.01 secs] 
2020-03-19T14:51:38.151+0800: 20701.776: [CMS-concurrent-mark-start]
2020-03-19T14:51:38.161+0800: 20701.785: [Full GC (Metadata GC Threshold) 2020-03-19T14:51:38.161+0800: 20701.785: [CMS2020-03-19T14:51:38.351+0800: 20701.976: [CMS-concurrent-mark: 0.192/0.200 secs] [Times: user=0.20 sys=0.00, real=0.20 secs] 
 (concurrent mode failure): 121232K->121239K(237276K), 0.6793535 secs] 121333K->121239K(414236K), [Metaspace: 121356K->121356K(1165312K)], 0.6797915 secs] [Times: user=0.66 sys=0.00, real=0.68 secs] 
2020-03-19T14:51:38.841+0800: 20702.465: [Full GC (Last ditch collection) 2020-03-19T14:51:38.841+0800: 20702.465: [CMS: 121239K->121239K(237276K), 0.5009672 secs] 121239K->121239K(414236K), [Metaspace: 121356K->121356K(1165312K)], 0.5013328 secs] [Times: user=0.48 sys=0.00, real=0.50 secs] 
2020-03-19T14:51:39.345+0800: 20702.970: [Full GC (Metadata GC Threshold) 2020-03-19T14:51:39.345+0800: 20702.970: [CMS: 121239K->121239K(237276K), 0.4624270 secs] 121241K->121239K(414236K), [Metaspace: 121356K->121356K(1165312K)], 0.4628074 secs] [Times: user=0.46 sys=0.00, real=0.47 secs] 
2020-03-19T14:51:39.808+0800: 20703.433: [Full GC (Last ditch collection) 2020-03-19T14:51:39.808+0800: 20703.433: [CMS: 121239K->121239K(237276K), 0.4830056 secs] 121239K->121239K(414236K), [Metaspace: 121356K->121356K(1165312K)], 0.4833977 secs] [Times: user=0.47 sys=0.00, real=0.48 secs] 
2020-03-19T14:51:40.294+0800: 20703.919: [Full GC (Metadata GC Threshold) 2020-03-19T14:51:40.295+0800: 20703.919: [CMS: 121239K->121240K(237276K), 0.4817770 secs] 121243K->121240K(414236K), [Metaspace: 121356K->121356K(1165312K)], 0.4821869 secs] [Times: user=0.48 sys=0.00, real=0.48 secs] 
2020-03-19T14:51:40.777+0800: 20704.402: [Full GC (Last ditch collection) 2020-03-19T14:51:40.777+0800: 20704.402: [CMS: 121240K->121240K(237276K), 0.4937591 secs] 121240K->121240K(414236K), [Metaspace: 121356K->121356K(1165312K)], 0.4941743 secs] [Times: user=0.48 sys=0.00, real=0.50 secs] 
2020-03-19T14:51:41.275+0800: 20704.899: [Full GC (Metadata GC Threshold) 2020-03-19T14:51:41.275+0800: 20704.900: [CMS: 121240K->121242K(237276K), 0.4659920 secs] 121268K->121242K(414236K), [Metaspace: 121356K->121356K(1165312K)], 0.4664030 secs] [Times: user=0.46 sys=0.00, real=0.47 secs] 
2020-03-19T14:51:41.742+0800: 20705.366: [Full GC (Last ditch collection) 2020-03-19T14:51:41.742+0800: 20705.366: [CMS: 121242K->121242K(237276K), 0.4911384 secs] 121242K->121242K(414236K), [Metaspace: 121356K->121356K(1165312K)], 0.4915563 secs] [Times: user=0.48 sys=0.00, real=0.49 secs] 
2020-03-19T14:51:42.260+0800: 20705.884: [GC (CMS Initial Mark) [1 CMS-initial-mark: 121242K(237276K)] 122084K(414236K), 0.0371772 secs] [Times: user=0.03 sys=0.00, real=0.03 secs] 
2020-03-19T14:51:42.297+0800: 20705.922: [CMS-concurrent-mark-start]
2020-03-19T14:51:42.301+0800: 20705.926: [Full GC (Metadata GC Threshold) 2020-03-19T14:51:42.302+0800: 20705.926: [CMS2020-03-19T14:51:42.493+0800: 20706.118: [CMS-concurrent-mark: 0.184/0.196 secs] [Times: user=0.19 sys=0.00, real=0.20 secs] 
 (concurrent mode failure): 121242K->121244K(237276K), 0.8235469 secs] 122115K->121244K(414236K), [Metaspace: 121356K->121356K(1165312K)], 0.8239920 secs] [Times: user=0.74 sys=0.00, real=0.82 secs] 
2020-03-19T14:51:43.126+0800: 20706.750: [Full GC (Last ditch collection) 2020-03-19T14:51:43.126+0800: 20706.750: [CMS: 121244K->121242K(237276K), 0.4639299 secs] 121244K->121242K(414236K), [Metaspace: 121356K->121356K(1165312K)], 0.4643182 secs] [Times: user=0.46 sys=0.00, real=0.47 secs] 
2020-03-19T14:51:43.594+0800: 20707.218: [Full GC (Metadata GC Threshold) 2020-03-19T14:51:43.594+0800: 20707.218: [CMS: 121242K->121244K(237276K), 0.4666016 secs] 121258K->121244K(414236K), [Metaspace: 121356K->121356K(1165312K)], 0.4670355 secs] [Times: user=0.46 sys=0.00, real=0.47 secs] 
2020-03-19T14:51:44.061+0800: 20707.686: [Full GC (Last ditch collection) 2020-03-19T14:51:44.061+0800: 20707.686: [CMS: 121244K->121244K(237276K), 0.4781474 secs] 121244K->121244K(414236K), [Metaspace: 121356K->121356K(1165312K)], 0.4785421 secs] [Times: user=0.48 sys=0.00, real=0.48 secs] 
2020-03-19T14:51:44.544+0800: 20708.169: [Full GC (Metadata GC Threshold) 2020-03-19T14:51:44.544+0800: 20708.169: [CMS: 121244K->121115K(237276K), 0.5183834 secs] 122202K->121115K(414236K), [Metaspace: 121356K->121356K(1165312K)], 0.5188128 secs] [Times: user=0.51 sys=0.00, real=0.52 secs] 
2020-03-19T14:51:45.063+0800: 20708.688: [Full GC (Last ditch collection) 2020-03-19T14:51:45.063+0800: 20708.688: [CMS: 121115K->121113K(237276K), 0.4661316 secs] 121115K->121113K(414236K), [Metaspace: 121356K->121356K(1165312K)], 0.4665763 secs] [Times: user=0.47 sys=0.00, real=0.47 secs] 
2020-03-19T14:51:45.539+0800: 20709.164: [Full GC (Metadata GC Threshold) 2020-03-19T14:51:45.539+0800: 20709.164: [CMS: 121113K->121127K(237276K), 0.4747583 secs] 121490K->121127K(414236K), [Metaspace: 121356K->121356K(1165312K)], 0.4752421 secs] [Times: user=0.46 sys=0.00, real=0.47 secs] 
2020-03-19T14:51:46.015+0800: 20709.639: [Full GC (Last ditch collection) 2020-03-19T14:51:46.015+0800: 20709.639: [CMS: 121127K->121123K(237276K), 0.5878181 secs] 121127K->121123K(414236K), [Metaspace: 121356K->121356K(1165312K)], 0.5882344 secs] [Times: user=0.53 sys=0.00, real=0.59 secs] 
2020-03-19T14:51:46.608+0800: 20710.232: [Full GC (Metadata GC Threshold) 2020-03-19T14:51:46.608+0800: 20710.232: [CMS: 121123K->121121K(237276K), 0.4979636 secs] 121215K->121121K(414236K), [Metaspace: 121356K->121356K(1165312K)], 0.4983901 secs] [Times: user=0.50 sys=0.00, real=0.50 secs] 
2020-03-19T14:51:47.106+0800: 20710.731: [Full GC (Last ditch collection) 2020-03-19T14:51:47.106+0800: 20710.731: [CMS: 121121K->121078K(237276K), 0.4627081 secs] 121121K->121078K(414236K), [Metaspace: 121356K->121356K(1165312K)], 0.4630717 secs] [Times: user=0.45 sys=0.00, real=0.46 secs] 
2020-03-19T14:51:47.573+0800: 20711.197: [GC (CMS Initial Mark) [1 CMS-initial-mark: 121078K(237276K)] 121211K(414236K), 0.0083458 secs] [Times: user=0.01 sys=0.00, real=0.01 secs] 
2020-03-19T14:51:47.587+0800: 20711.211: [CMS-concurrent-mark-start]
2020-03-19T14:51:47.597+0800: 20711.222: [Full GC (Metadata GC Threshold) 2020-03-19T14:51:47.598+0800: 20711.222: [CMS2020-03-19T14:51:47.775+0800: 20711.399: [CMS-concurrent-mark: 0.180/0.188 secs] [Times: user=0.19 sys=0.00, real=0.18 secs] 
 (concurrent mode failure): 121078K->121118K(237276K), 0.7000518 secs] 123353K->121118K(414236K), [Metaspace: 121356K->121356K(1165312K)], 0.7004963 secs] [Times: user=0.68 sys=0.00, real=0.71 secs] 
2020-03-19T14:51:48.298+0800: 20711.923: [Full GC (Last ditch collection) 2020-03-19T14:51:48.298+0800: 20711.923: [CMS: 121118K->121086K(237276K), 0.4869027 secs] 121118K->121086K(414236K), [Metaspace: 121356K->121356K(1165312K)], 0.4873251 secs] [Times: user=0.48 sys=0.00, real=0.48 secs] 
2020-03-19T14:51:48.789+0800: 20712.414: [Full GC (Metadata GC Threshold) 2020-03-19T14:51:48.789+0800: 20712.414: [CMS: 121086K->121048K(237276K), 0.4783426 secs] 121110K->121048K(414236K), [Metaspace: 121356K->121356K(1165312K)], 0.4787934 secs] [Times: user=0.48 sys=0.00, real=0.48 secs] 
2020-03-19T14:51:49.268+0800: 20712.893: [Full GC (Last ditch collection) 2020-03-19T14:51:49.268+0800: 20712.893: [CMS: 121048K->121048K(237276K), 0.4536885 secs] 121048K->121048K(414236K), [Metaspace: 121356K->121356K(1165312K)], 0.4541414 secs] [Times: user=0.45 sys=0.00, real=0.45 secs] 
2020-03-19T14:51:49.728+0800: 20713.353: [GC (CMS Initial Mark) [1 CMS-initial-mark: 121048K(237276K)] 121175K(414236K), 0.0095959 secs] [Times: user=0.02 sys=0.00, real=0.01 secs] 
2020-03-19T14:51:49.739+0800: 20713.363: [CMS-concurrent-mark-start]
2020-03-19T14:51:49.757+0800: 20713.382: [Full GC (Metadata GC Threshold) 2020-03-19T14:51:49.758+0800: 20713.382: [CMS2020-03-19T14:51:49.979+0800: 20713.604: [CMS-concurrent-mark: 0.226/0.241 secs] [Times: user=0.24 sys=0.00, real=0.24 secs] 
 (concurrent mode failure): 121048K->121080K(237276K), 0.7652279 secs] 122186K->121080K(414236K), [Metaspace: 121356K->121356K(1165312K)], 0.7657205 secs] [Times: user=0.69 sys=0.00, real=0.77 secs] 
2020-03-19T14:51:50.523+0800: 20714.148: [Full GC (Last ditch collection) 2020-03-19T14:51:50.523+0800: 20714.148: [CMS: 121080K->121078K(237276K), 0.4806496 secs] 121080K->121078K(414236K), [Metaspace: 121356K->121356K(1165312K)], 0.4810138 secs] [Times: user=0.47 sys=0.00, real=0.48 secs] 
2020-03-19T14:51:51.007+0800: 20714.632: [Full GC (Metadata GC Threshold) 2020-03-19T14:51:51.007+0800: 20714.632: [CMS: 121078K->121080K(237276K), 0.4627898 secs] 121404K->121080K(414236K), [Metaspace: 121356K->121356K(1165312K)], 0.4631830 secs] [Times: user=0.46 sys=0.00, real=0.46 secs] 
2020-03-19T14:51:51.471+0800: 20715.095: [Full GC (Last ditch collection) 2020-03-19T14:51:51.471+0800: 20715.095: [CMS: 121080K->121080K(237276K), 0.4455525 secs] 121080K->121080K(414236K), [Metaspace: 121356K->121356K(1165312K)], 0.4459187 secs] [Times: user=0.44 sys=0.00, real=0.44 secs] 
2020-03-19T14:51:51.920+0800: 20715.545: [Full GC (Metadata GC Threshold) 2020-03-19T14:51:51.920+0800: 20715.545: [CMS: 121080K->121084K(237276K), 0.4652660 secs] 121424K->121084K(414236K), [Metaspace: 121356K->121356K(1165312K)], 0.4657149 secs] [Times: user=0.46 sys=0.00, real=0.47 secs] 
2020-03-19T14:51:52.386+0800: 20716.011: [Full GC (Last ditch collection) 2020-03-19T14:51:52.386+0800: 20716.011: [CMS: 121084K->121083K(237276K), 0.4687720 secs] 121084K->121083K(414236K), [Metaspace: 121356K->121356K(1165312K)], 0.4691310 secs] [Times: user=0.47 sys=0.00, real=0.46 secs] 
2020-03-19T14:51:52.858+0800: 20716.483: [Full GC (Metadata GC Threshold) 2020-03-19T14:51:52.859+0800: 20716.483: [CMS: 121083K->121084K(237276K), 0.4873972 secs] 121085K->121084K(414236K), [Metaspace: 121356K->121356K(1165312K)], 0.4878254 secs] [Times: user=0.49 sys=0.00, real=0.49 secs] 
2020-03-19T14:51:53.347+0800: 20716.971: [Full GC (Last ditch collection) 2020-03-19T14:51:53.347+0800: 20716.971: [CMS: 121084K->121084K(237276K), 0.5595703 secs] 121084K->121084K(414236K), [Metaspace: 121356K->121356K(1165312K)], 0.5600461 secs] [Times: user=0.54 sys=0.00, real=0.56 secs] 
2020-03-19T14:51:53.911+0800: 20717.535: [Full GC (Metadata GC Threshold) 2020-03-19T14:51:53.911+0800: 20717.536: [CMS: 121084K->121073K(237276K), 0.5278724 secs] 122217K->121073K(414236K), [Metaspace: 121356K->121356K(1165312K)], 0.5283290 secs] [Times: user=0.52 sys=0.00, real=0.53 secs] 
2020-03-19T14:51:54.440+0800: 20718.064: [Full GC (Last ditch collection) 2020-03-19T14:51:54.440+0800: 20718.064: [CMS: 121073K->121072K(237276K), 0.4795490 secs] 121073K->121072K(414236K), [Metaspace: 121356K->121356K(1165312K)], 0.4799686 secs] [Times: user=0.48 sys=0.00, real=0.48 secs] 
2020-03-19T14:51:54.923+0800: 20718.547: [Full GC (Metadata GC Threshold) 2020-03-19T14:51:54.923+0800: 20718.548: [CMS: 121072K->121073K(237276K), 0.4756951 secs] 121277K->121073K(414236K), [Metaspace: 121356K->121356K(1165312K)], 0.4761214 secs] [Times: user=0.47 sys=0.00, real=0.48 secs] 
2020-03-19T14:51:55.399+0800: 20719.024: [Full GC (Last ditch collection) 2020-03-19T14:51:55.399+0800: 20719.024: [CMS: 121073K->121073K(237276K), 0.4860308 secs] 121073K->121073K(414236K), [Metaspace: 121356K->121356K(1165312K)], 0.4864290 secs] [Times: user=0.48 sys=0.00, real=0.49 secs] 
2020-03-19T14:51:55.894+0800: 20719.518: [GC (CMS Initial Mark) [1 CMS-initial-mark: 121073K(237276K)] 121533K(414236K), 0.0088686 secs] [Times: user=0.02 sys=0.00, real=0.01 secs] 
2020-03-19T14:51:55.903+0800: 20719.528: [CMS-concurrent-mark-start]
2020-03-19T14:51:55.920+0800: 20719.544: [Full GC (Metadata GC Threshold) 2020-03-19T14:51:55.920+0800: 20719.544: [CMS2020-03-19T14:51:56.109+0800: 20719.733: [CMS-concurrent-mark: 0.197/0.205 secs] [Times: user=0.21 sys=0.00, real=0.21 secs] 
 (concurrent mode failure): 121073K->121139K(237276K), 0.6660253 secs] 122689K->121139K(414236K), [Metaspace: 121356K->121356K(1165312K)], 0.6664646 secs] [Times: user=0.67 sys=0.00, real=0.67 secs] 
2020-03-19T14:51:56.587+0800: 20720.211: [Full GC (Last ditch collection) 2020-03-19T14:51:56.587+0800: 20720.211: [CMS: 121139K->121127K(237276K), 0.5185996 secs] 121139K->121127K(414236K), [Metaspace: 121356K->121356K(1165312K)], 0.5190105 secs] [Times: user=0.48 sys=0.00, real=0.51 secs] 
2020-03-19T14:51:57.109+0800: 20720.734: [Full GC (Metadata GC Threshold) 2020-03-19T14:51:57.109+0800: 20720.734: [CMS: 121127K->121128K(237276K), 0.5044569 secs] 121461K->121128K(414236K), [Metaspace: 121356K->121356K(1165312K)], 0.5048832 secs] [Times: user=0.48 sys=0.00, real=0.50 secs] 
2020-03-19T14:51:57.614+0800: 20721.239: [Full GC (Last ditch collection) 2020-03-19T14:51:57.615+0800: 20721.239: [CMS: 121128K->121128K(237276K), 0.5637061 secs] 121128K->121128K(414236K), [Metaspace: 121356K->121356K(1165312K)], 0.5642403 secs] [Times: user=0.53 sys=0.00, real=0.57 secs] 
2020-03-19T14:51:58.181+0800: 20721.806: [Full GC (Metadata GC Threshold) 2020-03-19T14:51:58.182+0800: 20721.806: [CMS: 121128K->121128K(237276K), 0.4866705 secs] 121448K->121128K(414236K), [Metaspace: 121356K->121356K(1165312K)], 0.4870498 secs] [Times: user=0.48 sys=0.00, real=0.49 secs] 
2020-03-19T14:51:58.669+0800: 20722.293: [Full GC (Last ditch collection) 2020-03-19T14:51:58.669+0800: 20722.294: [CMS: 121128K->121128K(237276K), 0.4980570 secs] 121128K->121128K(414236K), [Metaspace: 121356K->121356K(1165312K)], 0.4984393 secs] [Times: user=0.48 sys=0.00, real=0.50 secs] 
2020-03-19T14:51:59.171+0800: 20722.795: [Full GC (Metadata GC Threshold) 2020-03-19T14:51:59.171+0800: 20722.795: [CMS: 121128K->121128K(237276K), 0.4607682 secs] 121132K->121128K(414236K), [Metaspace: 121356K->121356K(1165312K)], 0.4612594 secs] [Times: user=0.46 sys=0.00, real=0.46 secs] 
2020-03-19T14:51:59.632+0800: 20723.257: [Full GC (Last ditch collection) 2020-03-19T14:51:59.632+0800: 20723.257: [CMS: 121128K->121128K(237276K), 0.5169893 secs] 121128K->121128K(414236K), [Metaspace: 121356K->121356K(1165312K)], 0.5173352 secs] [Times: user=0.50 sys=0.00, real=0.52 secs] 
2020-03-19T14:52:00.156+0800: 20723.781: [GC (CMS Initial Mark) [1 CMS-initial-mark: 121128K(237276K)] 122650K(414236K), 0.0104473 secs] [Times: user=0.01 sys=0.00, real=0.02 secs] 
2020-03-19T14:52:00.167+0800: 20723.792: [CMS-concurrent-mark-start]
2020-03-19T14:52:00.176+0800: 20723.801: [Full GC (Metadata GC Threshold) 2020-03-19T14:52:00.176+0800: 20723.801: [CMS2020-03-19T14:52:00.372+0800: 20723.996: [CMS-concurrent-mark: 0.196/0.205 secs] [Times: user=0.21 sys=0.00, real=0.20 secs] 
 (concurrent mode failure): 121128K->121141K(237276K), 0.7076344 secs] 123329K->121141K(414236K), [Metaspace: 121357K->121357K(1165312K)], 0.7081271 secs] [Times: user=0.69 sys=0.00, real=0.72 secs] 
2020-03-19T14:52:00.886+0800: 20724.511: [Full GC (Last ditch collection) 2020-03-19T14:52:00.887+0800: 20724.511: [CMS: 121141K->121120K(237276K), 0.5822455 secs] 121141K->121120K(414236K), [Metaspace: 121357K->121357K(1165312K)], 0.5826739 secs] [Times: user=0.51 sys=0.00, real=0.58 secs] 
2020-03-19T14:52:01.475+0800: 20725.100: [Full GC (Metadata GC Threshold) 2020-03-19T14:52:01.475+0800: 20725.100: [CMS: 121120K->121132K(237276K), 0.5448446 secs] 121762K->121132K(414236K), [Metaspace: 121357K->121357K(1165312K)], 0.5452603 secs] [Times: user=0.52 sys=0.00, real=0.55 secs] 
2020-03-19T14:52:02.021+0800: 20725.645: [Full GC (Last ditch collection) 2020-03-19T14:52:02.021+0800: 20725.645: [CMS: 121132K->121130K(237276K), 0.5061839 secs] 121132K->121130K(414236K), [Metaspace: 121357K->121357K(1165312K)], 0.5065978 secs] [Times: user=0.48 sys=0.00, real=0.51 secs] 
2020-03-19T14:52:02.537+0800: 20726.161: [Full GC (Metadata GC Threshold) 2020-03-19T14:52:02.537+0800: 20726.161: [CMS: 121130K->121130K(237276K), 0.4884104 secs] 121155K->121130K(414236K), [Metaspace: 121357K->121357K(1165312K)], 0.4888577 secs] [Times: user=0.48 sys=0.00, real=0.49 secs] 
2020-03-19T14:52:03.026+0800: 20726.650: [Full GC (Last ditch collection) 2020-03-19T14:52:03.026+0800: 20726.650: [CMS: 121130K->121130K(237276K), 0.4969536 secs] 121130K->121130K(414236K), [Metaspace: 121357K->121357K(1165312K)], 0.4973490 secs] [Times: user=0.49 sys=0.00, real=0.50 secs] 
2020-03-19T14:52:03.526+0800: 20727.150: [Full GC (Metadata GC Threshold) 2020-03-19T14:52:03.526+0800: 20727.151: [CMS: 121130K->121095K(237276K), 0.4556446 secs] 121134K->121095K(414236K), [Metaspace: 121357K->121357K(1165312K)], 0.4573808 secs] [Times: user=0.46 sys=0.00, real=0.46 secs] 
2020-03-19T14:52:03.984+0800: 20727.608: [Full GC (Last ditch collection) 2020-03-19T14:52:03.987+0800: 20727.612: [CMS: 121095K->121095K(237276K), 0.4953909 secs] 121095K->121095K(414236K), [Metaspace: 121357K->121357K(1165312K)], 0.4990693 secs] [Times: user=0.48 sys=0.00, real=0.50 secs] 
2020-03-19T14:52:04.486+0800: 20728.111: [Full GC (Metadata GC Threshold) 2020-03-19T14:52:04.486+0800: 20728.111: [CMS: 121095K->121095K(237276K), 0.5493563 secs] 121099K->121095K(414236K), [Metaspace: 121357K->121357K(1165312K)], 0.5497965 secs] [Times: user=0.53 sys=0.00, real=0.54 secs] 
2020-03-19T14:52:05.036+0800: 20728.661: [Full GC (Last ditch collection) 2020-03-19T14:52:05.036+0800: 20728.661: [CMS: 121095K->121095K(237276K), 0.4931967 secs] 121095K->121095K(414236K), [Metaspace: 121357K->121357K(1165312K)], 0.4936332 secs] [Times: user=0.49 sys=0.00, real=0.50 secs] 
2020-03-19T14:52:05.536+0800: 20729.161: [Full GC (Metadata GC Threshold) 2020-03-19T14:52:05.537+0800: 20729.161: [CMS: 121095K->121047K(237276K), 0.4821788 secs] 121355K->121047K(414236K), [Metaspace: 121357K->121357K(1165312K)], 0.4826013 secs] [Times: user=0.48 sys=0.00, real=0.49 secs] 
2020-03-19T14:52:06.019+0800: 20729.644: [Full GC (Last ditch collection) 2020-03-19T14:52:06.019+0800: 20729.644: [CMS: 121047K->121046K(237276K), 0.4921889 secs] 121047K->121046K(414236K), [Metaspace: 121357K->121357K(1165312K)], 0.4925534 secs] [Times: user=0.49 sys=0.00, real=0.49 secs] 
2020-03-19T14:52:06.515+0800: 20730.140: [Full GC (Metadata GC Threshold) 2020-03-19T14:52:06.515+0800: 20730.140: [CMS: 121046K->121044K(237276K), 0.4859899 secs] 121374K->121044K(414236K), [Metaspace: 121357K->121357K(1165312K)], 0.4864796 secs] [Times: user=0.49 sys=0.00, real=0.49 secs] 
2020-03-19T14:52:07.002+0800: 20730.626: [Full GC (Last ditch collection) 2020-03-19T14:52:07.002+0800: 20730.627: [CMS: 121044K->121043K(237276K), 0.4618421 secs] 121044K->121043K(414236K), [Metaspace: 121357K->121357K(1165312K)], 0.4622355 secs] [Times: user=0.46 sys=0.00, real=0.46 secs] 
2020-03-19T14:52:07.468+0800: 20731.093: [GC (CMS Initial Mark) [1 CMS-initial-mark: 121043K(237276K)] 121864K(414236K), 0.0085825 secs] [Times: user=0.02 sys=0.00, real=0.00 secs] 
2020-03-19T14:52:07.478+0800: 20731.102: [CMS-concurrent-mark-start]
2020-03-19T14:52:07.497+0800: 20731.122: [Full GC (Metadata GC Threshold) 2020-03-19T14:52:07.498+0800: 20731.122: [CMS2020-03-19T14:52:07.675+0800: 20731.299: [CMS-concurrent-mark: 0.187/0.197 secs] [Times: user=0.20 sys=0.00, real=0.20 secs] 
 (concurrent mode failure): 121043K->120596K(237276K), 0.6959581 secs] 123137K->120596K(414236K), [Metaspace: 121357K->121357K(1165312K)], 0.6964063 secs] [Times: user=0.67 sys=0.00, real=0.70 secs] 
2020-03-19T14:52:08.194+0800: 20731.819: [Full GC (Last ditch collection) 2020-03-19T14:52:08.194+0800: 20731.819: [CMS: 120596K->120594K(237276K), 0.5116410 secs] 120596K->120594K(414236K), [Metaspace: 121357K->121357K(1165312K)], 0.5121001 secs] [Times: user=0.50 sys=0.00, real=0.52 secs] 
2020-03-19T14:52:08.715+0800: 20732.339: [Full GC (Metadata GC Threshold) 2020-03-19T14:52:08.715+0800: 20732.340: [CMS: 120594K->120580K(237276K), 0.5662955 secs] 122509K->120580K(414236K), [Metaspace: 121357K->121357K(1165312K)], 0.5668943 secs] [Times: user=0.56 sys=0.00, real=0.57 secs] 
2020-03-19T14:52:09.282+0800: 20732.907: [Full GC (Last ditch collection) 2020-03-19T14:52:09.282+0800: 20732.907: [CMS: 120580K->120549K(237276K), 0.4627540 secs] 120580K->120549K(414236K), [Metaspace: 121208K->121208K(1165312K)], 0.4631624 secs] [Times: user=0.46 sys=0.00, real=0.46 secs] 
2020-03-19T14:52:09.748+0800: 20733.373: [Full GC (Metadata GC Threshold) 2020-03-19T14:52:09.748+0800: 20733.373: [CMS: 120549K->120549K(237276K), 0.4643167 secs] 120553K->120549K(414236K), [Metaspace: 121208K->121208K(1165312K)], 0.4647343 secs] [Times: user=0.46 sys=0.00, real=0.46 secs] 
2020-03-19T14:52:10.213+0800: 20733.838: [Full GC (Last ditch collection) 2020-03-19T14:52:10.213+0800: 20733.838: [CMS: 120549K->120549K(237276K), 0.4859650 secs] 120549K->120549K(414236K), [Metaspace: 121208K->121208K(1165312K)], 0.4863346 secs] [Times: user=0.48 sys=0.00, real=0.49 secs] 
2020-03-19T14:52:10.702+0800: 20734.327: [Full GC (Metadata GC Threshold) 2020-03-19T14:52:10.703+0800: 20734.327: [CMS: 120549K->120549K(237276K), 0.4768663 secs] 120551K->120549K(414236K), [Metaspace: 121208K->121208K(1165312K)], 0.4772684 secs] [Times: user=0.47 sys=0.00, real=0.48 secs] 
2020-03-19T14:52:11.180+0800: 20734.805: [Full GC (Last ditch collection) 2020-03-19T14:52:11.180+0800: 20734.805: [CMS: 120549K->120549K(237276K), 0.4713535 secs] 120549K->120549K(414236K), [Metaspace: 121208K->121208K(1165312K)], 0.4717313 secs] [Times: user=0.47 sys=0.00, real=0.47 secs] 
2020-03-19T14:52:11.655+0800: 20735.279: [GC (CMS Initial Mark) [1 CMS-initial-mark: 120549K(237276K)] 120555K(414236K), 0.0085282 secs] [Times: user=0.02 sys=0.00, real=0.01 secs] 
2020-03-19T14:52:11.663+0800: 20735.288: [CMS-concurrent-mark-start]
2020-03-19T14:52:11.680+0800: 20735.304: [Full GC (Metadata GC Threshold) 2020-03-19T14:52:11.680+0800: 20735.304: [CMS2020-03-19T14:52:11.862+0800: 20735.486: [CMS-concurrent-mark: 0.187/0.198 secs] [Times: user=0.20 sys=0.00, real=0.20 secs] 
 (concurrent mode failure): 120549K->120559K(237276K), 0.6753489 secs] 122355K->120559K(414236K), [Metaspace: 121208K->121208K(1165312K)], 0.6757849 secs] [Times: user=0.65 sys=0.00, real=0.67 secs] 
2020-03-19T14:52:12.356+0800: 20735.980: [Full GC (Last ditch collection) 2020-03-19T14:52:12.356+0800: 20735.980: [CMS: 120559K->120556K(237276K), 0.5501970 secs] 120559K->120556K(414236K), [Metaspace: 121208K->121208K(1165312K)], 0.5506457 secs] [Times: user=0.52 sys=0.00, real=0.56 secs] 
2020-03-19T14:52:12.909+0800: 20736.534: [Full GC (Metadata GC Threshold) 2020-03-19T14:52:12.909+0800: 20736.534: [CMS: 120556K->120556K(237276K), 0.5101414 secs] 120571K->120556K(414236K), [Metaspace: 121208K->121208K(1165312K)], 0.5105428 secs] [Times: user=0.47 sys=0.00, real=0.51 secs] 
2020-03-19T14:52:13.420+0800: 20737.045: [Full GC (Last ditch collection) 2020-03-19T14:52:13.420+0800: 20737.045: [CMS: 120556K->120556K(237276K), 0.4450165 secs] 120556K->120556K(414236K), [Metaspace: 121208K->121208K(1165312K)], 0.4453824 secs] [Times: user=0.45 sys=0.00, real=0.44 secs] 
2020-03-19T14:52:13.869+0800: 20737.493: [GC (CMS Initial Mark) [1 CMS-initial-mark: 120556K(237276K)] 120569K(414236K), 0.0079572 secs] [Times: user=0.01 sys=0.00, real=0.00 secs] 
2020-03-19T14:52:13.877+0800: 20737.501: [CMS-concurrent-mark-start]
2020-03-19T14:52:13.892+0800: 20737.517: [Full GC (Metadata GC Threshold) 2020-03-19T14:52:13.893+0800: 20737.517: [CMS2020-03-19T14:52:14.082+0800: 20737.706: [CMS-concurrent-mark: 0.189/0.205 secs] [Times: user=0.21 sys=0.00, real=0.21 secs] 
 (concurrent mode failure): 120556K->120564K(237276K), 0.7134263 secs] 121555K->120564K(414236K), [Metaspace: 121208K->121208K(1165312K)], 0.7138744 secs] [Times: user=0.67 sys=0.00, real=0.72 secs] 
2020-03-19T14:52:14.607+0800: 20738.231: [Full GC (Last ditch collection) 2020-03-19T14:52:14.607+0800: 20738.232: [CMS: 120564K->120562K(237276K), 0.5220891 secs] 120564K->120562K(414236K), [Metaspace: 121208K->121208K(1165312K)], 0.5225699 secs] [Times: user=0.50 sys=0.00, real=0.52 secs] 
2020-03-19T14:52:15.133+0800: 20738.758: [Full GC (Metadata GC Threshold) 2020-03-19T14:52:15.133+0800: 20738.758: [CMS: 120562K->120568K(237276K), 0.4840407 secs] 120922K->120568K(414236K), [Metaspace: 121208K->121208K(1165312K)], 0.4844695 secs] [Times: user=0.47 sys=0.00, real=0.48 secs] 
2020-03-19T14:52:15.618+0800: 20739.243: [Full GC (Last ditch collection) 2020-03-19T14:52:15.618+0800: 20739.243: [CMS: 120568K->120568K(237276K), 0.4875758 secs] 120568K->120568K(414236K), [Metaspace: 121208K->121208K(1165312K)], 0.4880007 secs] [Times: user=0.48 sys=0.00, real=0.50 secs] 
2020-03-19T14:52:16.123+0800: 20739.747: [Full GC (Metadata GC Threshold) 2020-03-19T14:52:16.123+0800: 20739.747: [CMS: 120568K->120566K(237276K), 0.5965040 secs] 120821K->120566K(414236K), [Metaspace: 121208K->121208K(1165312K)], 0.5969921 secs] [Times: user=0.51 sys=0.00, real=0.60 secs] 
2020-03-19T14:52:16.720+0800: 20740.345: [Full GC (Last ditch collection) 2020-03-19T14:52:16.720+0800: 20740.345: [CMS: 120566K->120564K(237276K), 0.4748075 secs] 120566K->120564K(414236K), [Metaspace: 121208K->121208K(1165312K)], 0.4752049 secs] [Times: user=0.47 sys=0.00, real=0.47 secs] 
2020-03-19T14:52:17.198+0800: 20740.823: [Full GC (Metadata GC Threshold) 2020-03-19T14:52:17.198+0800: 20740.823: [CMS: 120564K->120564K(237276K), 0.4828151 secs] 120564K->120564K(414236K), [Metaspace: 121208K->121208K(1165312K)], 0.4832343 secs] [Times: user=0.47 sys=0.00, real=0.49 secs] 
2020-03-19T14:52:17.682+0800: 20741.306: [Full GC (Last ditch collection) 2020-03-19T14:52:17.682+0800: 20741.306: [CMS: 120564K->120564K(237276K), 0.4759016 secs] 120564K->120564K(414236K), [Metaspace: 121208K->121208K(1165312K)], 0.4763293 secs] [Times: user=0.47 sys=0.00, real=0.48 secs] 
2020-03-19T14:52:18.161+0800: 20741.785: [Full GC (Metadata GC Threshold) 2020-03-19T14:52:18.161+0800: 20741.786: [CMS: 120564K->120564K(237276K), 0.5335929 secs] 120571K->120564K(414236K), [Metaspace: 121208K->121208K(1165312K)], 0.5339635 secs] [Times: user=0.50 sys=0.00, real=0.53 secs] 
2020-03-19T14:52:18.695+0800: 20742.320: [Full GC (Last ditch collection) 2020-03-19T14:52:18.695+0800: 20742.320: [CMS: 120564K->120564K(237276K), 0.4781207 secs] 120564K->120564K(414236K), [Metaspace: 121208K->121208K(1165312K)], 0.4785008 secs] [Times: user=0.46 sys=0.00, real=0.48 secs] 
2020-03-19T14:52:19.176+0800: 20742.801: [Full GC (Metadata GC Threshold) 2020-03-19T14:52:19.177+0800: 20742.801: [CMS: 120564K->120564K(237276K), 0.4769559 secs] 120569K->120564K(414236K), [Metaspace: 121208K->121208K(1165312K)], 0.4774503 secs] [Times: user=0.46 sys=0.00, real=0.48 secs] 
2020-03-19T14:52:19.654+0800: 20743.279: [Full GC (Last ditch collection) 2020-03-19T14:52:19.655+0800: 20743.279: [CMS: 120564K->120564K(237276K), 0.5625352 secs] 120564K->120564K(414236K), [Metaspace: 121208K->121208K(1165312K)], 0.5632501 secs] [Times: user=0.52 sys=0.00, real=0.56 secs] 
2020-03-19T14:52:20.222+0800: 20743.846: [Full GC (Metadata GC Threshold) 2020-03-19T14:52:20.222+0800: 20743.847: [CMS: 120564K->120565K(237276K), 0.4932906 secs] 120573K->120565K(414236K), [Metaspace: 121208K->121208K(1165312K)], 0.4937383 secs] [Times: user=0.48 sys=0.00, real=0.49 secs] 
2020-03-19T14:52:20.716+0800: 20744.340: [Full GC (Last ditch collection) 2020-03-19T14:52:20.716+0800: 20744.340: [CMS: 120565K->120565K(237276K), 0.4661721 secs] 120565K->120565K(414236K), [Metaspace: 121208K->121208K(1165312K)], 0.4665558 secs] [Times: user=0.46 sys=0.00, real=0.47 secs] 
2020-03-19T14:52:21.185+0800: 20744.810: [Full GC (Metadata GC Threshold) 2020-03-19T14:52:21.186+0800: 20744.810: [CMS: 120565K->120565K(237276K), 0.4888990 secs] 120575K->120565K(414236K), [Metaspace: 121208K->121208K(1165312K)], 0.4893159 secs] [Times: user=0.49 sys=0.00, real=0.49 secs] 
2020-03-19T14:52:21.675+0800: 20745.300: [Full GC (Last ditch collection) 2020-03-19T14:52:21.675+0800: 20745.300: [CMS: 120565K->120565K(237276K), 0.4604471 secs] 120565K->120565K(414236K), [Metaspace: 121208K->121208K(1165312K)], 0.4609207 secs] [Times: user=0.46 sys=0.00, real=0.46 secs] 
2020-03-19T14:52:22.143+0800: 20745.768: [Full GC (Metadata GC Threshold) 2020-03-19T14:52:22.143+0800: 20745.768: [CMS: 120565K->120588K(237276K), 0.4914364 secs] 121087K->120588K(414236K), [Metaspace: 121208K->121208K(1165312K)], 0.4918940 secs] [Times: user=0.49 sys=0.00, real=0.49 secs] 
2020-03-19T14:52:22.635+0800: 20746.260: [Full GC (Last ditch collection) 2020-03-19T14:52:22.636+0800: 20746.260: [CMS: 120588K->120587K(237276K), 0.4876989 secs] 120588K->120587K(414236K), [Metaspace: 121208K->121208K(1165312K)], 0.4881469 secs] [Times: user=0.47 sys=0.00, real=0.49 secs] 
2020-03-19T14:52:23.126+0800: 20746.751: [Full GC (Metadata GC Threshold) 2020-03-19T14:52:23.127+0800: 20746.751: [CMS: 120587K->120587K(237276K), 0.4724721 secs] 120593K->120587K(414236K), [Metaspace: 121208K->121208K(1165312K)], 0.4729010 secs] [Times: user=0.47 sys=0.00, real=0.47 secs] 
2020-03-19T14:52:23.600+0800: 20747.224: [Full GC (Last ditch collection) 2020-03-19T14:52:23.600+0800: 20747.224: [CMS: 120587K->120587K(237276K), 0.4613087 secs] 120587K->120587K(414236K), [Metaspace: 121208K->121208K(1165312K)], 0.4616826 secs] [Times: user=0.46 sys=0.00, real=0.46 secs] 
2020-03-19T14:52:24.064+0800: 20747.689: [Full GC (Metadata GC Threshold) 2020-03-19T14:52:24.064+0800: 20747.689: [CMS: 120587K->120587K(237276K), 0.4826391 secs] 120589K->120587K(414236K), [Metaspace: 121208K->121208K(1165312K)], 0.4830749 secs] [Times: user=0.48 sys=0.00, real=0.49 secs] 
2020-03-19T14:52:24.547+0800: 20748.172: [Full GC (Last ditch collection) 2020-03-19T14:52:24.548+0800: 20748.172: [CMS: 120587K->120587K(237276K), 0.4876299 secs] 120587K->120587K(414236K), [Metaspace: 121208K->121208K(1165312K)], 0.4881018 secs] [Times: user=0.49 sys=0.00, real=0.48 secs] 
2020-03-19T14:52:25.038+0800: 20748.663: [Full GC (Metadata GC Threshold) 2020-03-19T14:52:25.039+0800: 20748.663: [CMS: 120587K->120587K(237276K), 0.4718605 secs] 120589K->120587K(414236K), [Metaspace: 121208K->121208K(1165312K)], 0.4723359 secs] [Times: user=0.47 sys=0.00, real=0.47 secs] 
2020-03-19T14:52:25.511+0800: 20749.136: [Full GC (Last ditch collection) 2020-03-19T14:52:25.511+0800: 20749.136: [CMS: 120587K->120587K(237276K), 0.4968706 secs] 120587K->120587K(414236K), [Metaspace: 121208K->121208K(1165312K)], 0.4973031 secs] [Times: user=0.49 sys=0.00, real=0.50 secs] 
2020-03-19T14:52:26.011+0800: 20749.636: [Full GC (Metadata GC Threshold) 2020-03-19T14:52:26.011+0800: 20749.636: [CMS: 120587K->120587K(237276K), 0.5064299 secs] 120593K->120587K(414236K), [Metaspace: 121208K->121208K(1165312K)], 0.5069150 secs] [Times: user=0.49 sys=0.00, real=0.51 secs] 
2020-03-19T14:52:26.520+0800: 20750.144: [Full GC (Last ditch collection) 2020-03-19T14:52:26.520+0800: 20750.145: [CMS: 120587K->120587K(237276K), 0.5396130 secs] 120587K->120587K(414236K), [Metaspace: 121208K->121208K(1165312K)], 0.5400347 secs] [Times: user=0.49 sys=0.00, real=0.54 secs] 
2020-03-19T14:52:27.063+0800: 20750.687: [Full GC (Metadata GC Threshold) 2020-03-19T14:52:27.063+0800: 20750.688: [CMS: 120587K->120587K(237276K), 0.4999321 secs] 120589K->120587K(414236K), [Metaspace: 121208K->121208K(1165312K)], 0.5003923 secs] [Times: user=0.49 sys=0.00, real=0.50 secs] 
2020-03-19T14:52:27.564+0800: 20751.188: [Full GC (Last ditch collection) 2020-03-19T14:52:27.564+0800: 20751.188: [CMS: 120587K->120587K(237276K), 0.5931401 secs] 120587K->120587K(414236K), [Metaspace: 121208K->121208K(1165312K)], 0.5935673 secs] [Times: user=0.54 sys=0.00, real=0.59 secs] 
2020-03-19T14:52:28.160+0800: 20751.785: [Full GC (Metadata GC Threshold) 2020-03-19T14:52:28.160+0800: 20751.785: [CMS: 120587K->120587K(237276K), 0.4639878 secs] 120591K->120587K(414236K), [Metaspace: 121208K->121208K(1165312K)], 0.4643995 secs] [Times: user=0.46 sys=0.00, real=0.46 secs] 
2020-03-19T14:52:28.625+0800: 20752.250: [Full GC (Last ditch collection) 2020-03-19T14:52:28.625+0800: 20752.250: [CMS: 120587K->120587K(237276K), 0.4900621 secs] 120587K->120587K(414236K), [Metaspace: 121208K->121208K(1165312K)], 0.4905044 secs] [Times: user=0.48 sys=0.00, real=0.49 secs] 
2020-03-19T14:52:29.118+0800: 20752.743: [Full GC (Metadata GC Threshold) 2020-03-19T14:52:29.118+0800: 20752.743: [CMS: 120587K->120587K(237276K), 0.4654815 secs] 120589K->120587K(414236K), [Metaspace: 121208K->121208K(1165312K)], 0.4658765 secs] [Times: user=0.46 sys=0.00, real=0.46 secs] 
2020-03-19T14:52:29.585+0800: 20753.209: [Full GC (Last ditch collection) 2020-03-19T14:52:29.585+0800: 20753.209: [CMS: 120587K->120587K(237276K), 0.4838334 secs] 120587K->120587K(414236K), [Metaspace: 121208K->121208K(1165312K)], 0.4842603 secs] [Times: user=0.49 sys=0.00, real=0.49 secs] 
2020-03-19T14:52:30.072+0800: 20753.696: [Full GC (Metadata GC Threshold) 2020-03-19T14:52:30.072+0800: 20753.696: [CMS: 120587K->120587K(237276K), 0.4976215 secs] 120587K->120587K(414236K), [Metaspace: 121208K->121208K(1165312K)], 0.4980565 secs] [Times: user=0.48 sys=0.00, real=0.50 secs] 
2020-03-19T14:52:30.570+0800: 20754.195: [Full GC (Last ditch collection) 2020-03-19T14:52:30.570+0800: 20754.195: [CMS: 120587K->120587K(237276K), 0.5543578 secs] 120587K->120587K(414236K), [Metaspace: 121208K->121208K(1165312K)], 0.5548231 secs] [Times: user=0.50 sys=0.00, real=0.55 secs] 
2020-03-19T14:52:31.151+0800: 20754.775: [Full GC (Metadata GC Threshold) 2020-03-19T14:52:31.151+0800: 20754.776: [CMS: 120587K->120553K(237276K), 0.5397072 secs] 121861K->120553K(414236K), [Metaspace: 121208K->121208K(1165312K)], 0.5402547 secs] [Times: user=0.48 sys=0.00, real=0.54 secs] 
2020-03-19T14:52:31.697+0800: 20755.321: [Full GC (Last ditch collection) 2020-03-19T14:52:31.697+0800: 20755.322: [CMS: 120553K->120551K(237276K), 0.4640788 secs] 120553K->120551K(414236K), [Metaspace: 121208K->121208K(1165312K)], 0.4645132 secs] [Times: user=0.47 sys=0.00, real=0.47 secs] 
2020-03-19T14:52:32.164+0800: 20755.789: [Full GC (Metadata GC Threshold) 2020-03-19T14:52:32.165+0800: 20755.789: [CMS: 120551K->120551K(237276K), 0.4947487 secs] 120557K->120551K(414236K), [Metaspace: 121208K->121208K(1165312K)], 0.4952059 secs] [Times: user=0.49 sys=0.00, real=0.50 secs] 
2020-03-19T14:52:32.660+0800: 20756.284: [Full GC (Last ditch collection) 2020-03-19T14:52:32.660+0800: 20756.285: [CMS: 120551K->120551K(237276K), 0.4891168 secs] 120551K->120551K(414236K), [Metaspace: 121208K->121208K(1165312K)], 0.4895740 secs] [Times: user=0.48 sys=0.00, real=0.49 secs] 
2020-03-19T14:52:33.163+0800: 20756.788: [Full GC (Metadata GC Threshold) 2020-03-19T14:52:33.164+0800: 20756.788: [CMS: 120551K->120594K(237276K), 0.5346271 secs] 121085K->120594K(414236K), [Metaspace: 121208K->121208K(1165312K)], 0.5350811 secs] [Times: user=0.50 sys=0.00, real=0.54 secs] 
2020-03-19T14:52:33.699+0800: 20757.323: [Full GC (Last ditch collection) 2020-03-19T14:52:33.699+0800: 20757.324: [CMS: 120594K->120592K(237276K), 0.4644553 secs] 120594K->120592K(414236K), [Metaspace: 121208K->121208K(1165312K)], 0.4648588 secs] [Times: user=0.47 sys=0.00, real=0.46 secs] 
2020-03-19T14:52:34.167+0800: 20757.791: [Full GC (Metadata GC Threshold) 2020-03-19T14:52:34.167+0800: 20757.791: [CMS: 120592K->120592K(237276K), 0.4938492 secs] 120596K->120592K(414236K), [Metaspace: 121208K->121208K(1165312K)], 0.4943498 secs] [Times: user=0.48 sys=0.00, real=0.49 secs] 
2020-03-19T14:52:34.661+0800: 20758.286: [Full GC (Last ditch collection) 2020-03-19T14:52:34.662+0800: 20758.286: [CMS: 120592K->120592K(237276K), 0.5733658 secs] 120592K->120592K(414236K), [Metaspace: 121208K->121208K(1165312K)], 0.5738707 secs] [Times: user=0.53 sys=0.00, real=0.57 secs] 
2020-03-19T14:52:35.241+0800: 20758.866: [Full GC (Metadata GC Threshold) 2020-03-19T14:52:35.241+0800: 20758.866: [CMS: 120592K->120606K(237276K), 0.4822999 secs] 120668K->120606K(414236K), [Metaspace: 121208K->121208K(1165312K)], 0.4827647 secs] [Times: user=0.48 sys=0.00, real=0.48 secs] 
2020-03-19T14:52:35.724+0800: 20759.349: [Full GC (Last ditch collection) 2020-03-19T14:52:35.724+0800: 20759.349: [CMS: 120606K->120604K(237276K), 0.4707611 secs] 120606K->120604K(414236K), [Metaspace: 121208K->121208K(1165312K)], 0.4711705 secs] [Times: user=0.47 sys=0.00, real=0.47 secs] 
2020-03-19T14:52:36.199+0800: 20759.823: [Full GC (Metadata GC Threshold) 2020-03-19T14:52:36.199+0800: 20759.823: [CMS: 120604K->120604K(237276K), 0.4900457 secs] 120608K->120604K(414236K), [Metaspace: 121208K->121208K(1165312K)], 0.4904648 secs] [Times: user=0.48 sys=0.00, real=0.49 secs] 
2020-03-19T14:52:36.689+0800: 20760.314: [Full GC (Last ditch collection) 2020-03-19T14:52:36.689+0800: 20760.314: [CMS: 120604K->120604K(237276K), 0.4631859 secs] 120604K->120604K(414236K), [Metaspace: 121208K->121208K(1165312K)], 0.4635898 secs] [Times: user=0.47 sys=0.00, real=0.46 secs] 
2020-03-19T14:52:37.156+0800: 20760.780: [Full GC (Metadata GC Threshold) 2020-03-19T14:52:37.156+0800: 20760.780: [CMS: 120604K->120604K(237276K), 0.4474754 secs] 120606K->120604K(414236K), [Metaspace: 121208K->121208K(1165312K)], 0.4479006 secs] [Times: user=0.45 sys=0.00, real=0.45 secs] 
2020-03-19T14:52:37.604+0800: 20761.229: [Full GC (Last ditch collection) 2020-03-19T14:52:37.604+0800: 20761.229: [CMS: 120604K->120604K(237276K), 0.4633255 secs] 120604K->120604K(414236K), [Metaspace: 121208K->121208K(1165312K)], 0.4637308 secs] [Times: user=0.45 sys=0.00, real=0.47 secs] 
2020-03-19T14:52:38.071+0800: 20761.696: [Full GC (Metadata GC Threshold) 2020-03-19T14:52:38.071+0800: 20761.696: [CMS: 120604K->120604K(237276K), 0.5015167 secs] 120604K->120604K(414236K), [Metaspace: 121208K->121208K(1165312K)], 0.5019635 secs] [Times: user=0.50 sys=0.00, real=0.50 secs] 
2020-03-19T14:52:38.573+0800: 20762.198: [Full GC (Last ditch collection) 2020-03-19T14:52:38.573+0800: 20762.198: [CMS: 120604K->120604K(237276K), 0.4981110 secs] 120604K->120604K(414236K), [Metaspace: 121208K->121208K(1165312K)], 0.4984995 secs] [Times: user=0.48 sys=0.00, real=0.50 secs] 
2020-03-19T14:52:39.075+0800: 20762.699: [Full GC (Metadata GC Threshold) 2020-03-19T14:52:39.075+0800: 20762.699: [CMS: 120604K->120604K(237276K), 0.4641426 secs] 120606K->120604K(414236K), [Metaspace: 121208K->121208K(1165312K)], 0.4645764 secs] [Times: user=0.46 sys=0.00, real=0.47 secs] 
2020-03-19T14:52:39.540+0800: 20763.164: [Full GC (Last ditch collection) 2020-03-19T14:52:39.540+0800: 20763.164: [CMS: 120604K->120604K(237276K), 0.4636323 secs] 120604K->120604K(414236K), [Metaspace: 121208K->121208K(1165312K)], 0.4640534 secs] [Times: user=0.46 sys=0.00, real=0.46 secs] 
2020-03-19T14:52:40.007+0800: 20763.631: [Full GC (Metadata GC Threshold) 2020-03-19T14:52:40.007+0800: 20763.632: [CMS: 120604K->120604K(237276K), 0.4852725 secs] 120612K->120604K(414236K), [Metaspace: 121208K->121208K(1165312K)], 0.4856838 secs] [Times: user=0.48 sys=0.00, real=0.48 secs] 
2020-03-19T14:52:40.493+0800: 20764.117: [Full GC (Last ditch collection) 2020-03-19T14:52:40.493+0800: 20764.117: [CMS: 120604K->120604K(237276K), 0.4988995 secs] 120604K->120604K(414236K), [Metaspace: 121208K->121208K(1165312K)], 0.4993085 secs] [Times: user=0.49 sys=0.00, real=0.50 secs] 
2020-03-19T14:52:40.997+0800: 20764.622: [Full GC (Metadata GC Threshold) 2020-03-19T14:52:40.997+0800: 20764.622: [CMS: 120604K->120608K(237276K), 0.4696487 secs] 120684K->120608K(414236K), [Metaspace: 121208K->121208K(1165312K)], 0.4700467 secs] [Times: user=0.46 sys=0.00, real=0.48 secs] 
2020-03-19T14:52:41.468+0800: 20765.092: [Full GC (Last ditch collection) 2020-03-19T14:52:41.468+0800: 20765.092: [CMS: 120608K->120608K(237276K), 0.4715948 secs] 120608K->120608K(414236K), [Metaspace: 121208K->121208K(1165312K)], 0.4719501 secs] [Times: user=0.47 sys=0.00, real=0.47 secs] 
2020-03-19T14:52:41.943+0800: 20765.567: [Full GC (Metadata GC Threshold) 2020-03-19T14:52:41.943+0800: 20765.567: [CMS: 120608K->120608K(237276K), 0.5064846 secs] 120629K->120608K(414236K), [Metaspace: 121208K->121208K(1165312K)], 0.5068654 secs] [Times: user=0.49 sys=0.00, real=0.51 secs] 
2020-03-19T14:52:42.450+0800: 20766.074: [Full GC (Last ditch collection) 2020-03-19T14:52:42.450+0800: 20766.074: [CMS: 120608K->120608K(237276K), 0.6139395 secs] 120608K->120608K(414236K), [Metaspace: 121208K->121208K(1165312K)], 0.6144034 secs] [Times: user=0.55 sys=0.00, real=0.61 secs] 
2020-03-19T14:52:43.068+0800: 20766.692: [Full GC (Metadata GC Threshold) 2020-03-19T14:52:43.068+0800: 20766.692: [CMS: 120608K->120608K(237276K), 0.4625584 secs] 120629K->120608K(414236K), [Metaspace: 121208K->121208K(1165312K)], 0.4629615 secs] [Times: user=0.46 sys=0.00, real=0.46 secs] 
2020-03-19T14:52:43.531+0800: 20767.155: [Full GC (Last ditch collection) 2020-03-19T14:52:43.531+0800: 20767.155: [CMS: 120608K->120608K(237276K), 0.4607522 secs] 120608K->120608K(414236K), [Metaspace: 121208K->121208K(1165312K)], 0.4611271 secs] [Times: user=0.46 sys=0.00, real=0.46 secs] 
2020-03-19T14:52:43.995+0800: 20767.619: [Full GC (Metadata GC Threshold) 2020-03-19T14:52:43.995+0800: 20767.620: [CMS: 120608K->120608K(237276K), 0.5026846 secs] 120614K->120608K(414236K), [Metaspace: 121208K->121208K(1165312K)], 0.5031178 secs] [Times: user=0.50 sys=0.00, real=0.51 secs] 
2020-03-19T14:52:44.498+0800: 20768.123: [Full GC (Last ditch collection) 2020-03-19T14:52:44.498+0800: 20768.123: [CMS: 120608K->120608K(237276K), 0.4967435 secs] 120608K->120608K(414236K), [Metaspace: 121208K->121208K(1165312K)], 0.4971659 secs] [Times: user=0.50 sys=0.00, real=0.49 secs] 
2020-03-19T14:52:44.999+0800: 20768.624: [Full GC (Metadata GC Threshold) 2020-03-19T14:52:44.999+0800: 20768.624: [CMS: 120608K->120608K(237276K), 0.5191764 secs] 120616K->120608K(414236K), [Metaspace: 121208K->121208K(1165312K)], 0.5196076 secs] [Times: user=0.52 sys=0.00, real=0.52 secs] 
2020-03-19T14:52:45.519+0800: 20769.144: [Full GC (Last ditch collection) 2020-03-19T14:52:45.519+0800: 20769.144: [CMS: 120608K->120608K(237276K), 0.4777024 secs] 120608K->120608K(414236K), [Metaspace: 121208K->121208K(1165312K)], 0.4781114 secs] [Times: user=0.46 sys=0.00, real=0.47 secs] 
2020-03-19T14:52:46.001+0800: 20769.625: [Full GC (Metadata GC Threshold) 2020-03-19T14:52:46.001+0800: 20769.625: [CMS: 120608K->120608K(237276K), 0.6329101 secs] 120610K->120608K(414236K), [Metaspace: 121208K->121208K(1165312K)], 0.6333176 secs] [Times: user=0.53 sys=0.00, real=0.63 secs] 
2020-03-19T14:52:46.634+0800: 20770.259: [Full GC (Last ditch collection) 2020-03-19T14:52:46.634+0800: 20770.259: [CMS: 120608K->120608K(237276K), 0.4743972 secs] 120608K->120608K(414236K), [Metaspace: 121208K->121208K(1165312K)], 0.4748080 secs] [Times: user=0.48 sys=0.00, real=0.48 secs] 
2020-03-19T14:52:47.112+0800: 20770.737: [Full GC (Metadata GC Threshold) 2020-03-19T14:52:47.112+0800: 20770.737: [CMS: 120608K->120608K(237276K), 0.4536109 secs] 120625K->120608K(414236K), [Metaspace: 121208K->121208K(1165312K)], 0.4540268 secs] [Times: user=0.46 sys=0.00, real=0.46 secs] 
2020-03-19T14:52:47.566+0800: 20771.191: [Full GC (Last ditch collection) 2020-03-19T14:52:47.566+0800: 20771.191: [CMS: 120608K->120608K(237276K), 0.4498050 secs] 120608K->120608K(414236K), [Metaspace: 121208K->121208K(1165312K)], 0.4502434 secs] [Times: user=0.45 sys=0.00, real=0.44 secs] 
2020-03-19T14:52:48.021+0800: 20771.646: [Full GC (Metadata GC Threshold) 2020-03-19T14:52:48.021+0800: 20771.646: [CMS: 120608K->120608K(237276K), 0.5465360 secs] 120608K->120608K(414236K), [Metaspace: 121208K->121208K(1165312K)], 0.5469653 secs] [Times: user=0.50 sys=0.00, real=0.55 secs] 
2020-03-19T14:52:48.568+0800: 20772.193: [Full GC (Last ditch collection) 2020-03-19T14:52:48.568+0800: 20772.193: [CMS: 120608K->120608K(237276K), 0.4917012 secs] 120608K->120608K(414236K), [Metaspace: 121208K->121208K(1165312K)], 0.4921118 secs] [Times: user=0.49 sys=0.00, real=0.49 secs] 
2020-03-19T14:52:49.068+0800: 20772.692: [Full GC (Metadata GC Threshold) 2020-03-19T14:52:49.068+0800: 20772.693: [CMS: 120608K->120607K(237276K), 0.4660859 secs] 120906K->120607K(414236K), [Metaspace: 121208K->121208K(1165312K)], 0.4670053 secs] [Times: user=0.47 sys=0.00, real=0.46 secs] 
2020-03-19T14:52:49.535+0800: 20773.159: [Full GC (Last ditch collection) 2020-03-19T14:52:49.535+0800: 20773.159: [CMS: 120607K->120607K(237276K), 0.5061860 secs] 120607K->120607K(414236K), [Metaspace: 121208K->121208K(1165312K)], 0.5065541 secs] [Times: user=0.49 sys=0.00, real=0.51 secs] 
2020-03-19T14:52:50.047+0800: 20773.672: [Full GC (Metadata GC Threshold) 2020-03-19T14:52:50.047+0800: 20773.672: [CMS: 120607K->120602K(237276K), 0.5193519 secs] 121366K->120602K(414236K), [Metaspace: 121208K->121208K(1165312K)], 0.5198720 secs] [Times: user=0.49 sys=0.00, real=0.52 secs] 
2020-03-19T14:52:50.567+0800: 20774.192: [Full GC (Last ditch collection) 2020-03-19T14:52:50.567+0800: 20774.192: [CMS: 120602K->120601K(237276K), 0.4828879 secs] 120602K->120601K(414236K), [Metaspace: 121208K->121208K(1165312K)], 0.4833075 secs] [Times: user=0.48 sys=0.00, real=0.48 secs] 
2020-03-19T14:52:51.054+0800: 20774.679: [Full GC (Metadata GC Threshold) 2020-03-19T14:52:51.054+0800: 20774.679: [CMS: 120601K->120601K(237276K), 0.5389883 secs] 120603K->120601K(414236K), [Metaspace: 121208K->121208K(1165312K)], 0.5393810 secs] [Times: user=0.53 sys=0.00, real=0.54 secs] 
2020-03-19T14:52:51.594+0800: 20775.218: [Full GC (Last ditch collection) 2020-03-19T14:52:51.594+0800: 20775.219: [CMS: 120601K->120601K(237276K), 0.4442145 secs] 120601K->120601K(414236K), [Metaspace: 121208K->121208K(1165312K)], 0.4445928 secs] [Times: user=0.45 sys=0.00, real=0.45 secs] 
2020-03-19T14:52:52.042+0800: 20775.666: [Full GC (Metadata GC Threshold) 2020-03-19T14:52:52.042+0800: 20775.666: [CMS: 120601K->120601K(237276K), 0.5048552 secs] 120619K->120601K(414236K), [Metaspace: 121208K->121208K(1165312K)], 0.5052677 secs] [Times: user=0.50 sys=0.00, real=0.51 secs] 
2020-03-19T14:52:52.547+0800: 20776.172: [Full GC (Last ditch collection) 2020-03-19T14:52:52.547+0800: 20776.172: [CMS: 120601K->120601K(237276K), 0.4720143 secs] 120601K->120601K(414236K), [Metaspace: 121208K->121208K(1165312K)], 0.4723844 secs] [Times: user=0.47 sys=0.00, real=0.47 secs] 
2020-03-19T14:52:53.023+0800: 20776.647: [Full GC (Metadata GC Threshold) 2020-03-19T14:52:53.023+0800: 20776.647: [CMS: 120601K->120602K(237276K), 0.4915143 secs] 120605K->120602K(414236K), [Metaspace: 121208K->121208K(1165312K)], 0.4919099 secs] [Times: user=0.48 sys=0.00, real=0.49 secs] 
2020-03-19T14:52:53.515+0800: 20777.139: [Full GC (Last ditch collection) 2020-03-19T14:52:53.515+0800: 20777.139: [CMS: 120602K->120602K(237276K), 0.4492620 secs] 120602K->120602K(414236K), [Metaspace: 121208K->121208K(1165312K)], 0.4496333 secs] [Times: user=0.45 sys=0.00, real=0.45 secs] 
2020-03-19T14:52:53.967+0800: 20777.592: [Full GC (Metadata GC Threshold) 2020-03-19T14:52:53.968+0800: 20777.592: [CMS: 120602K->120602K(237276K), 0.4848309 secs] 120602K->120602K(414236K), [Metaspace: 121208K->121208K(1165312K)], 0.4852609 secs] [Times: user=0.48 sys=0.00, real=0.48 secs] 
2020-03-19T14:52:54.453+0800: 20778.077: [Full GC (Last ditch collection) 2020-03-19T14:52:54.453+0800: 20778.078: [CMS: 120602K->120602K(237276K), 0.4647925 secs] 120602K->120602K(414236K), [Metaspace: 121208K->121208K(1165312K)], 0.4652067 secs] [Times: user=0.46 sys=0.00, real=0.47 secs] 
2020-03-19T14:52:54.921+0800: 20778.546: [Full GC (Metadata GC Threshold) 2020-03-19T14:52:54.921+0800: 20778.546: [CMS: 120602K->120602K(237276K), 0.4953492 secs] 120602K->120602K(414236K), [Metaspace: 121208K->121208K(1165312K)], 0.4957912 secs] [Times: user=0.49 sys=0.00, real=0.49 secs] 
2020-03-19T14:52:55.417+0800: 20779.042: [Full GC (Last ditch collection) 2020-03-19T14:52:55.417+0800: 20779.042: [CMS: 120602K->120602K(237276K), 0.4823667 secs] 120602K->120602K(414236K), [Metaspace: 121208K->121208K(1165312K)], 0.4827738 secs] [Times: user=0.48 sys=0.00, real=0.49 secs] 
2020-03-19T14:52:55.903+0800: 20779.527: [Full GC (Metadata GC Threshold) 2020-03-19T14:52:55.903+0800: 20779.528: [CMS: 120602K->120602K(237276K), 0.4857414 secs] 120610K->120602K(414236K), [Metaspace: 121208K->121208K(1165312K)], 0.4861268 secs] [Times: user=0.48 sys=0.00, real=0.49 secs] 
2020-03-19T14:52:56.389+0800: 20780.014: [Full GC (Last ditch collection) 2020-03-19T14:52:56.390+0800: 20780.014: [CMS: 120602K->120602K(237276K), 0.4946520 secs] 120602K->120602K(414236K), [Metaspace: 121208K->121208K(1165312K)], 0.4950793 secs] [Times: user=0.48 sys=0.00, real=0.49 secs] 
2020-03-19T14:52:56.887+0800: 20780.512: [Full GC (Metadata GC Threshold) 2020-03-19T14:52:56.888+0800: 20780.512: [CMS: 120602K->120602K(237276K), 0.5116698 secs] 120608K->120602K(414236K), [Metaspace: 121208K->121208K(1165312K)], 0.5121439 secs] [Times: user=0.51 sys=0.00, real=0.51 secs] 
2020-03-19T14:52:57.400+0800: 20781.024: [Full GC (Last ditch collection) 2020-03-19T14:52:57.400+0800: 20781.025: [CMS: 120602K->120602K(237276K), 0.5394701 secs] 120602K->120602K(414236K), [Metaspace: 121208K->121208K(1165312K)], 0.5398284 secs] [Times: user=0.50 sys=0.00, real=0.54 secs] 
2020-03-19T14:52:57.943+0800: 20781.567: [Full GC (Metadata GC Threshold) 2020-03-19T14:52:57.943+0800: 20781.567: [CMS: 120602K->120575K(237276K), 0.5316099 secs] 120602K->120575K(414236K), [Metaspace: 121208K->121208K(1165312K)], 0.5320642 secs] [Times: user=0.52 sys=0.00, real=0.53 secs] 
2020-03-19T14:52:58.475+0800: 20782.100: [Full GC (Last ditch collection) 2020-03-19T14:52:58.475+0800: 20782.100: [CMS: 120575K->120575K(237276K), 0.4963589 secs] 120575K->120575K(414236K), [Metaspace: 121208K->121208K(1165312K)], 0.4968134 secs] [Times: user=0.50 sys=0.00, real=0.50 secs] 
2020-03-19T14:52:58.975+0800: 20782.600: [Full GC (Metadata GC Threshold) 2020-03-19T14:52:58.976+0800: 20782.600: [CMS: 120575K->120575K(237276K), 0.4819568 secs] 120597K->120575K(414236K), [Metaspace: 121208K->121208K(1165312K)], 0.4823523 secs] [Times: user=0.48 sys=0.00, real=0.48 secs] 
2020-03-19T14:52:59.458+0800: 20783.083: [Full GC (Last ditch collection) 2020-03-19T14:52:59.458+0800: 20783.083: [CMS: 120575K->120575K(237276K), 0.4910338 secs] 120575K->120575K(414236K), [Metaspace: 121208K->121208K(1165312K)], 0.4914616 secs] [Times: user=0.48 sys=0.00, real=0.50 secs] 
2020-03-19T14:52:59.952+0800: 20783.577: [Full GC (Metadata GC Threshold) 2020-03-19T14:52:59.953+0800: 20783.577: [CMS: 120575K->120575K(237276K), 0.5077695 secs] 120584K->120575K(414236K), [Metaspace: 121208K->121208K(1165312K)], 0.5081869 secs] [Times: user=0.50 sys=0.00, real=0.51 secs] 
2020-03-19T14:53:00.461+0800: 20784.086: [Full GC (Last ditch collection) 2020-03-19T14:53:00.461+0800: 20784.086: [CMS: 120575K->120575K(237276K), 0.4819090 secs] 120575K->120575K(414236K), [Metaspace: 121208K->121208K(1165312K)], 0.4822869 secs] [Times: user=0.48 sys=0.00, real=0.48 secs] 
2020-03-19T14:53:00.947+0800: 20784.571: [Full GC (Metadata GC Threshold) 2020-03-19T14:53:00.947+0800: 20784.571: [CMS: 120575K->120576K(237276K), 0.6065883 secs] 120599K->120576K(414236K), [Metaspace: 121208K->121208K(1165312K)], 0.6070181 secs] [Times: user=0.54 sys=0.00, real=0.60 secs] 
2020-03-19T14:53:01.554+0800: 20785.178: [Full GC (Last ditch collection) 2020-03-19T14:53:01.554+0800: 20785.178: [CMS: 120576K->120576K(237276K), 0.4975419 secs] 120576K->120576K(414236K), [Metaspace: 121208K->121208K(1165312K)], 0.4979926 secs] [Times: user=0.48 sys=0.00, real=0.50 secs] 
2020-03-19T14:53:02.055+0800: 20785.679: [Full GC (Metadata GC Threshold) 2020-03-19T14:53:02.055+0800: 20785.679: [CMS: 120576K->120576K(237276K), 0.4757140 secs] 120582K->120576K(414236K), [Metaspace: 121208K->121208K(1165312K)], 0.4761802 secs] [Times: user=0.47 sys=0.00, real=0.48 secs] 
2020-03-19T14:53:02.531+0800: 20786.156: [Full GC (Last ditch collection) 2020-03-19T14:53:02.531+0800: 20786.156: [CMS: 120576K->120576K(237276K), 0.4696177 secs] 120576K->120576K(414236K), [Metaspace: 121208K->121208K(1165312K)], 0.4699967 secs] [Times: user=0.47 sys=0.00, real=0.47 secs] 
2020-03-19T14:53:03.004+0800: 20786.629: [Full GC (Metadata GC Threshold) 2020-03-19T14:53:03.004+0800: 20786.629: [CMS: 120576K->120576K(237276K), 0.5290998 secs] 120578K->120576K(414236K), [Metaspace: 121208K->121208K(1165312K)], 0.5295019 secs] [Times: user=0.49 sys=0.00, real=0.53 secs] 
2020-03-19T14:53:03.534+0800: 20787.159: [Full GC (Last ditch collection) 2020-03-19T14:53:03.534+0800: 20787.159: [CMS: 120576K->120576K(237276K), 0.4430297 secs] 120576K->120576K(414236K), [Metaspace: 121208K->121208K(1165312K)], 0.4434169 secs] [Times: user=0.45 sys=0.00, real=0.44 secs] 
2020-03-19T14:53:03.981+0800: 20787.605: [Full GC (Metadata GC Threshold) 2020-03-19T14:53:03.981+0800: 20787.605: [CMS: 120576K->120576K(237276K), 0.4849820 secs] 120576K->120576K(414236K), [Metaspace: 121208K->121208K(1165312K)], 0.4854512 secs] [Times: user=0.48 sys=0.00, real=0.49 secs] 
2020-03-19T14:53:04.467+0800: 20788.091: [Full GC (Last ditch collection) 2020-03-19T14:53:04.467+0800: 20788.091: [CMS: 120576K->120576K(237276K), 0.5147226 secs] 120576K->120576K(414236K), [Metaspace: 121208K->121208K(1165312K)], 0.5151788 secs] [Times: user=0.50 sys=0.00, real=0.51 secs] 
2020-03-19T14:53:04.985+0800: 20788.609: [Full GC (Metadata GC Threshold) 2020-03-19T14:53:04.985+0800: 20788.609: [CMS: 120576K->120576K(237276K), 0.5270534 secs] 120589K->120576K(414236K), [Metaspace: 121208K->121208K(1165312K)], 0.5274860 secs] [Times: user=0.50 sys=0.00, real=0.53 secs] 
2020-03-19T14:53:05.512+0800: 20789.137: [Full GC (Last ditch collection) 2020-03-19T14:53:05.513+0800: 20789.137: [CMS: 120576K->120576K(237276K), 0.4700773 secs] 120576K->120576K(414236K), [Metaspace: 121208K->121208K(1165312K)], 0.4704629 secs] [Times: user=0.46 sys=0.00, real=0.47 secs] 
2020-03-19T14:53:05.986+0800: 20789.610: [Full GC (Metadata GC Threshold) 2020-03-19T14:53:05.986+0800: 20789.610: [CMS: 120576K->120576K(237276K), 0.4953799 secs] 120582K->120576K(414236K), [Metaspace: 121208K->121208K(1165312K)], 0.4957991 secs] [Times: user=0.49 sys=0.00, real=0.50 secs] 
2020-03-19T14:53:06.482+0800: 20790.106: [Full GC (Last ditch collection) 2020-03-19T14:53:06.482+0800: 20790.106: [CMS: 120576K->120576K(237276K), 0.4618249 secs] 120576K->120576K(414236K), [Metaspace: 121208K->121208K(1165312K)], 0.4622441 secs] [Times: user=0.46 sys=0.00, real=0.46 secs] 
2020-03-19T14:53:06.947+0800: 20790.572: [Full GC (Metadata GC Threshold) 2020-03-19T14:53:06.947+0800: 20790.572: [CMS: 120576K->120576K(237276K), 0.4861570 secs] 120582K->120576K(414236K), [Metaspace: 121208K->121208K(1165312K)], 0.4865873 secs] [Times: user=0.48 sys=0.00, real=0.48 secs] 
2020-03-19T14:53:07.434+0800: 20791.059: [Full GC (Last ditch collection) 2020-03-19T14:53:07.434+0800: 20791.059: [CMS: 120576K->120576K(237276K), 0.4525251 secs] 120576K->120576K(414236K), [Metaspace: 121208K->121208K(1165312K)], 0.4529045 secs] [Times: user=0.44 sys=0.00, real=0.46 secs] 
2020-03-19T14:53:07.890+0800: 20791.514: [Full GC (Metadata GC Threshold) 2020-03-19T14:53:07.890+0800: 20791.515: [CMS: 120576K->120576K(237276K), 0.4940415 secs] 120587K->120576K(414236K), [Metaspace: 121208K->121208K(1165312K)], 0.4944809 secs] [Times: user=0.48 sys=0.00, real=0.49 secs] 
2020-03-19T14:53:08.385+0800: 20792.009: [Full GC (Last ditch collection) 2020-03-19T14:53:08.385+0800: 20792.009: [CMS: 120576K->120576K(237276K), 0.5104197 secs] 120576K->120576K(414236K), [Metaspace: 121208K->121208K(1165312K)], 0.5108896 secs] [Times: user=0.47 sys=0.00, real=0.51 secs] 
2020-03-19T14:53:08.901+0800: 20792.526: [Full GC (Metadata GC Threshold) 2020-03-19T14:53:08.902+0800: 20792.526: [CMS: 120576K->120576K(237276K), 0.4933559 secs] 120593K->120576K(414236K), [Metaspace: 121208K->121208K(1165312K)], 0.4938083 secs] [Times: user=0.48 sys=0.00, real=0.49 secs] 
2020-03-19T14:53:09.396+0800: 20793.020: [Full GC (Last ditch collection) 2020-03-19T14:53:09.396+0800: 20793.020: [CMS: 120576K->120576K(237276K), 0.4683706 secs] 120576K->120576K(414236K), [Metaspace: 121208K->121208K(1165312K)], 0.4687472 secs] [Times: user=0.46 sys=0.00, real=0.47 secs] 
2020-03-19T14:53:09.867+0800: 20793.492: [Full GC (Metadata GC Threshold) 2020-03-19T14:53:09.867+0800: 20793.492: [CMS: 120576K->120576K(237276K), 0.4721343 secs] 120578K->120576K(414236K), [Metaspace: 121208K->121208K(1165312K)], 0.4725349 secs] [Times: user=0.46 sys=0.00, real=0.47 secs] 
2020-03-19T14:53:10.340+0800: 20793.965: [Full GC (Last ditch collection) 2020-03-19T14:53:10.340+0800: 20793.965: [CMS: 120576K->120576K(237276K), 0.4912711 secs] 120576K->120576K(414236K), [Metaspace: 121208K->121208K(1165312K)], 0.4916887 secs] [Times: user=0.48 sys=0.00, real=0.49 secs] 
2020-03-19T14:53:10.835+0800: 20794.460: [Full GC (Metadata GC Threshold) 2020-03-19T14:53:10.835+0800: 20794.460: [CMS: 120576K->120576K(237276K), 0.4996651 secs] 120584K->120576K(414236K), [Metaspace: 121208K->121208K(1165312K)], 0.5001387 secs] [Times: user=0.50 sys=0.00, real=0.50 secs] 
2020-03-19T14:53:11.336+0800: 20794.960: [Full GC (Last ditch collection) 2020-03-19T14:53:11.336+0800: 20794.960: [CMS: 120576K->120576K(237276K), 0.4694533 secs] 120576K->120576K(414236K), [Metaspace: 121208K->121208K(1165312K)], 0.4699192 secs] [Times: user=0.46 sys=0.00, real=0.47 secs] 
2020-03-19T14:53:11.809+0800: 20795.433: [Full GC (Metadata GC Threshold) 2020-03-19T14:53:11.809+0800: 20795.434: [CMS: 120576K->120577K(237276K), 0.5144421 secs] 120586K->120577K(414236K), [Metaspace: 121208K->121208K(1165312K)], 0.5148711 secs] [Times: user=0.51 sys=0.00, real=0.51 secs] 
2020-03-19T14:53:12.324+0800: 20795.949: [Full GC (Last ditch collection) 2020-03-19T14:53:12.324+0800: 20795.949: [CMS: 120577K->120577K(237276K), 0.5565946 secs] 120577K->120577K(414236K), [Metaspace: 121208K->121208K(1165312K)], 0.5570796 secs] [Times: user=0.52 sys=0.00, real=0.56 secs] 
2020-03-19T14:53:12.904+0800: 20796.528: [Full GC (Metadata GC Threshold) 2020-03-19T14:53:12.904+0800: 20796.528: [CMS: 120577K->120609K(237276K), 0.5183320 secs] 123419K->120609K(414236K), [Metaspace: 121208K->121208K(1165312K)], 0.5187515 secs] [Times: user=0.52 sys=0.00, real=0.52 secs] 
2020-03-19T14:53:13.423+0800: 20797.047: [Full GC (Last ditch collection) 2020-03-19T14:53:13.423+0800: 20797.047: [CMS: 120609K->120587K(237276K), 0.4466794 secs] 120609K->120587K(414236K), [Metaspace: 121208K->121208K(1165312K)], 0.4470809 secs] [Times: user=0.44 sys=0.00, real=0.45 secs] 
2020-03-19T14:53:13.873+0800: 20797.497: [Full GC (Metadata GC Threshold) 2020-03-19T14:53:13.873+0800: 20797.498: [CMS: 120587K->120539K(237276K), 0.4722453 secs] 120589K->120539K(414236K), [Metaspace: 121208K->121208K(1165312K)], 0.4726278 secs] [Times: user=0.47 sys=0.00, real=0.47 secs] 
2020-03-19T14:53:14.346+0800: 20797.970: [Full GC (Last ditch collection) 2020-03-19T14:53:14.346+0800: 20797.970: [CMS: 120539K->120539K(237276K), 0.5036111 secs] 120539K->120539K(414236K), [Metaspace: 121208K->121208K(1165312K)], 0.5040464 secs] [Times: user=0.51 sys=0.00, real=0.51 secs] 
2020-03-19T14:53:14.855+0800: 20798.479: [Full GC (Metadata GC Threshold) 2020-03-19T14:53:14.855+0800: 20798.479: [CMS: 120539K->120540K(237276K), 0.5028611 secs] 120656K->120540K(414236K), [Metaspace: 121208K->121208K(1165312K)], 0.5033924 secs] [Times: user=0.50 sys=0.00, real=0.51 secs] 
2020-03-19T14:53:15.358+0800: 20798.983: [Full GC (Last ditch collection) 2020-03-19T14:53:15.358+0800: 20798.983: [CMS: 120540K->120539K(237276K), 0.4570325 secs] 120540K->120539K(414236K), [Metaspace: 121208K->121208K(1165312K)], 0.4574760 secs] [Times: user=0.46 sys=0.00, real=0.45 secs] 
2020-03-19T14:53:15.819+0800: 20799.443: [Full GC (Metadata GC Threshold) 2020-03-19T14:53:15.819+0800: 20799.443: [CMS: 120539K->120539K(237276K), 0.6298542 secs] 120543K->120539K(414236K), [Metaspace: 121208K->121208K(1165312K)], 0.6302700 secs] [Times: user=0.53 sys=0.00, real=0.63 secs] 
2020-03-19T14:53:16.449+0800: 20800.074: [Full GC (Last ditch collection) 2020-03-19T14:53:16.449+0800: 20800.074: [CMS: 120539K->120539K(237276K), 0.4831032 secs] 120539K->120539K(414236K), [Metaspace: 121208K->121208K(1165312K)], 0.4835856 secs] [Times: user=0.48 sys=0.00, real=0.48 secs] 
2020-03-19T14:53:16.936+0800: 20800.561: [Full GC (Metadata GC Threshold) 2020-03-19T14:53:16.936+0800: 20800.561: [CMS: 120539K->120539K(237276K), 0.5028982 secs] 120549K->120539K(414236K), [Metaspace: 121208K->121208K(1165312K)], 0.5033123 secs] [Times: user=0.50 sys=0.00, real=0.51 secs] 
2020-03-19T14:53:17.440+0800: 20801.064: [Full GC (Last ditch collection) 2020-03-19T14:53:17.440+0800: 20801.064: [CMS: 120539K->120539K(237276K), 0.4591052 secs] 120539K->120539K(414236K), [Metaspace: 121208K->121208K(1165312K)], 0.4595068 secs] [Times: user=0.46 sys=0.00, real=0.46 secs] 
2020-03-19T14:53:17.903+0800: 20801.527: [Full GC (Metadata GC Threshold) 2020-03-19T14:53:17.903+0800: 20801.527: [CMS: 120539K->120540K(237276K), 0.5498539 secs] 120586K->120540K(414236K), [Metaspace: 121208K->121208K(1165312K)], 0.5503155 secs] [Times: user=0.52 sys=0.00, real=0.55 secs] 
2020-03-19T14:53:18.453+0800: 20802.078: [Full GC (Last ditch collection) 2020-03-19T14:53:18.453+0800: 20802.078: [CMS: 120540K->120540K(237276K), 0.4867016 secs] 120540K->120540K(414236K), [Metaspace: 121208K->121208K(1165312K)], 0.4871300 secs] [Times: user=0.48 sys=0.00, real=0.49 secs] 
2020-03-19T14:53:18.943+0800: 20802.568: [Full GC (Metadata GC Threshold) 2020-03-19T14:53:18.943+0800: 20802.568: [CMS: 120540K->120540K(237276K), 0.4781985 secs] 120546K->120540K(414236K), [Metaspace: 121208K->121208K(1165312K)], 0.4786230 secs] [Times: user=0.47 sys=0.00, real=0.48 secs] 
2020-03-19T14:53:19.422+0800: 20803.047: [Full GC (Last ditch collection) 2020-03-19T14:53:19.422+0800: 20803.047: [CMS: 120540K->120540K(237276K), 0.5039645 secs] 120540K->120540K(414236K), [Metaspace: 121208K->121208K(1165312K)], 0.5044073 secs] [Times: user=0.50 sys=0.00, real=0.51 secs] 
2020-03-19T14:53:19.944+0800: 20803.568: [Full GC (Metadata GC Threshold) 2020-03-19T14:53:19.944+0800: 20803.568: [CMS: 120540K->120570K(237276K), 0.5503047 secs] 121895K->120570K(414236K), [Metaspace: 121208K->121208K(1165312K)], 0.5507939 secs] [Times: user=0.51 sys=0.00, real=0.55 secs] 
2020-03-19T14:53:20.495+0800: 20804.119: [Full GC (Last ditch collection) 2020-03-19T14:53:20.495+0800: 20804.119: [CMS: 120570K->120540K(237276K), 0.4654988 secs] 120570K->120540K(414236K), [Metaspace: 121208K->121208K(1165312K)], 0.4658761 secs] [Times: user=0.45 sys=0.00, real=0.47 secs] 
2020-03-19T14:53:20.963+0800: 20804.588: [Full GC (Metadata GC Threshold) 2020-03-19T14:53:20.964+0800: 20804.588: [CMS: 120540K->120540K(237276K), 0.4764975 secs] 120542K->120540K(414236K), [Metaspace: 121208K->121208K(1165312K)], 0.4768893 secs] [Times: user=0.47 sys=0.00, real=0.48 secs] 
2020-03-19T14:53:21.441+0800: 20805.065: [Full GC (Last ditch collection) 2020-03-19T14:53:21.441+0800: 20805.065: [CMS: 120540K->120540K(237276K), 0.4479825 secs] 120540K->120540K(414236K), [Metaspace: 121208K->121208K(1165312K)], 0.4486011 secs] [Times: user=0.44 sys=0.00, real=0.45 secs] 
2020-03-19T14:53:21.894+0800: 20805.518: [Full GC (Metadata GC Threshold) 2020-03-19T14:53:21.894+0800: 20805.518: [CMS: 120540K->120540K(237276K), 0.4649422 secs] 120542K->120540K(414236K), [Metaspace: 121208K->121208K(1165312K)], 0.4653518 secs] [Times: user=0.46 sys=0.00, real=0.47 secs] 
2020-03-19T14:53:22.359+0800: 20805.984: [Full GC (Last ditch collection) 2020-03-19T14:53:22.359+0800: 20805.984: [CMS: 120540K->120540K(237276K), 0.4751195 secs] 120540K->120540K(414236K), [Metaspace: 121208K->121208K(1165312K)], 0.4755822 secs] [Times: user=0.47 sys=0.00, real=0.47 secs] 
2020-03-19T14:53:22.839+0800: 20806.463: [Full GC (Metadata GC Threshold) 2020-03-19T14:53:22.839+0800: 20806.464: [CMS: 120540K->120540K(237276K), 0.4753040 secs] 120568K->120540K(414236K), [Metaspace: 121208K->121208K(1165312K)], 0.4759955 secs] [Times: user=0.45 sys=0.00, real=0.47 secs] 
2020-03-19T14:53:23.315+0800: 20806.939: [Full GC (Last ditch collection) 2020-03-19T14:53:23.315+0800: 20806.940: [CMS: 120540K->120540K(237276K), 0.4879227 secs] 120540K->120540K(414236K), [Metaspace: 121208K->121208K(1165312K)], 0.4883286 secs] [Times: user=0.46 sys=0.00, real=0.49 secs] 
2020-03-19T14:53:23.807+0800: 20807.432: [Full GC (Metadata GC Threshold) 2020-03-19T14:53:23.807+0800: 20807.432: [CMS: 120540K->120541K(237276K), 0.4723812 secs] 120727K->120541K(414236K), [Metaspace: 121208K->121208K(1165312K)], 0.4728408 secs] [Times: user=0.47 sys=0.00, real=0.47 secs] 
2020-03-19T14:53:24.280+0800: 20807.905: [Full GC (Last ditch collection) 2020-03-19T14:53:24.280+0800: 20807.905: [CMS: 120541K->120540K(237276K), 0.4829170 secs] 120541K->120540K(414236K), [Metaspace: 121208K->121208K(1165312K)], 0.4833571 secs] [Times: user=0.48 sys=0.00, real=0.48 secs] 
2020-03-19T14:53:24.767+0800: 20808.392: [Full GC (Metadata GC Threshold) 2020-03-19T14:53:24.767+0800: 20808.392: [CMS: 120540K->120540K(237276K), 0.4736734 secs] 120615K->120540K(414236K), [Metaspace: 121208K->121208K(1165312K)], 0.4741031 secs] [Times: user=0.47 sys=0.00, real=0.47 secs] 
2020-03-19T14:53:25.241+0800: 20808.866: [Full GC (Last ditch collection) 2020-03-19T14:53:25.242+0800: 20808.866: [CMS: 120540K->120540K(237276K), 0.4893234 secs] 120540K->120540K(414236K), [Metaspace: 121208K->121208K(1165312K)], 0.4897209 secs] [Times: user=0.49 sys=0.00, real=0.49 secs] 
2020-03-19T14:53:25.734+0800: 20809.359: [Full GC (Metadata GC Threshold) 2020-03-19T14:53:25.734+0800: 20809.359: [CMS: 120540K->120540K(237276K), 0.4793089 secs] 120544K->120540K(414236K), [Metaspace: 121208K->121208K(1165312K)], 0.4797284 secs] [Times: user=0.48 sys=0.00, real=0.48 secs] 
2020-03-19T14:53:26.214+0800: 20809.839: [Full GC (Last ditch collection) 2020-03-19T14:53:26.214+0800: 20809.839: [CMS: 120540K->120540K(237276K), 0.5217951 secs] 120540K->120540K(414236K), [Metaspace: 121208K->121208K(1165312K)], 0.5222021 secs] [Times: user=0.49 sys=0.00, real=0.52 secs] 
2020-03-19T14:53:26.740+0800: 20810.364: [Full GC (Metadata GC Threshold) 2020-03-19T14:53:26.740+0800: 20810.364: [CMS: 120540K->120540K(237276K), 0.4933163 secs] 120546K->120540K(414236K), [Metaspace: 121208K->121208K(1165312K)], 0.4937793 secs] [Times: user=0.48 sys=0.00, real=0.49 secs] 
2020-03-19T14:53:27.234+0800: 20810.858: [Full GC (Last ditch collection) 2020-03-19T14:53:27.234+0800: 20810.859: [CMS: 120540K->120540K(237276K), 0.4893474 secs] 120540K->120540K(414236K), [Metaspace: 121208K->121208K(1165312K)], 0.4898704 secs] [Times: user=0.48 sys=0.00, real=0.49 secs] 
2020-03-19T14:53:27.727+0800: 20811.351: [Full GC (Metadata GC Threshold) 2020-03-19T14:53:27.727+0800: 20811.352: [CMS: 120540K->120540K(237276K), 0.5680493 secs] 120540K->120540K(414236K), [Metaspace: 121208K->121208K(1165312K)], 0.5684670 secs] [Times: user=0.53 sys=0.00, real=0.56 secs] 
2020-03-19T14:53:28.296+0800: 20811.920: [Full GC (Last ditch collection) 2020-03-19T14:53:28.296+0800: 20811.920: [CMS: 120540K->120540K(237276K), 0.4750996 secs] 120540K->120540K(414236K), [Metaspace: 121208K->121208K(1165312K)], 0.4754697 secs] [Times: user=0.47 sys=0.00, real=0.48 secs] 
2020-03-19T14:53:28.774+0800: 20812.399: [Full GC (Metadata GC Threshold) 2020-03-19T14:53:28.774+0800: 20812.399: [CMS: 120540K->120540K(237276K), 0.4741111 secs] 120559K->120540K(414236K), [Metaspace: 121208K->121208K(1165312K)], 0.4745120 secs] [Times: user=0.46 sys=0.00, real=0.48 secs] 
2020-03-19T14:53:29.249+0800: 20812.873: [Full GC (Last ditch collection) 2020-03-19T14:53:29.249+0800: 20812.874: [CMS: 120540K->120540K(237276K), 0.5093955 secs] 120540K->120540K(414236K), [Metaspace: 121208K->121208K(1165312K)], 0.5098480 secs] [Times: user=0.50 sys=0.00, real=0.51 secs] 
2020-03-19T14:53:29.762+0800: 20813.386: [Full GC (Metadata GC Threshold) 2020-03-19T14:53:29.762+0800: 20813.386: [CMS: 120540K->120540K(237276K), 0.4896863 secs] 120544K->120540K(414236K), [Metaspace: 121208K->121208K(1165312K)], 0.4901800 secs] [Times: user=0.48 sys=0.00, real=0.49 secs] 
2020-03-19T14:53:30.252+0800: 20813.877: [Full GC (Last ditch collection) 2020-03-19T14:53:30.252+0800: 20813.877: [CMS: 120540K->120540K(237276K), 0.4839998 secs] 120540K->120540K(414236K), [Metaspace: 121208K->121208K(1165312K)], 0.4844553 secs] [Times: user=0.48 sys=0.00, real=0.48 secs] 
2020-03-19T14:53:30.740+0800: 20814.364: [Full GC (Metadata GC Threshold) 2020-03-19T14:53:30.740+0800: 20814.364: [CMS: 120540K->120540K(237276K), 0.5496845 secs] 120563K->120540K(414236K), [Metaspace: 121208K->121208K(1165312K)], 0.5501598 secs] [Times: user=0.52 sys=0.00, real=0.55 secs] 
2020-03-19T14:53:31.305+0800: 20814.929: [Full GC (Last ditch collection) 2020-03-19T14:53:31.305+0800: 20814.929: [CMS: 120540K->120540K(237276K), 0.4797210 secs] 120540K->120540K(414236K), [Metaspace: 121208K->121208K(1165312K)], 0.4802792 secs] [Times: user=0.47 sys=0.00, real=0.49 secs] 
2020-03-19T14:53:31.796+0800: 20815.420: [Full GC (Metadata GC Threshold) 2020-03-19T14:53:31.796+0800: 20815.421: [CMS: 120540K->120542K(237276K), 0.4963175 secs] 121324K->120542K(414236K), [Metaspace: 121208K->121208K(1165312K)], 0.4967758 secs] [Times: user=0.49 sys=0.00, real=0.50 secs] 
2020-03-19T14:53:32.293+0800: 20815.918: [Full GC (Last ditch collection) 2020-03-19T14:53:32.293+0800: 20815.918: [CMS: 120542K->120540K(237276K), 0.5119302 secs] 120542K->120540K(414236K), [Metaspace: 121208K->121208K(1165312K)], 0.5123210 secs] [Times: user=0.48 sys=0.00, real=0.51 secs] 
2020-03-19T14:53:32.808+0800: 20816.433: [Full GC (Metadata GC Threshold) 2020-03-19T14:53:32.808+0800: 20816.433: [CMS: 120540K->120540K(237276K), 0.4897714 secs] 120542K->120540K(414236K), [Metaspace: 121208K->121208K(1165312K)], 0.4901805 secs] [Times: user=0.48 sys=0.00, real=0.49 secs] 
2020-03-19T14:53:33.299+0800: 20816.923: [Full GC (Last ditch collection) 2020-03-19T14:53:33.299+0800: 20816.923: [CMS: 120540K->120540K(237276K), 0.4702326 secs] 120540K->120540K(414236K), [Metaspace: 121208K->121208K(1165312K)], 0.4706150 secs] [Times: user=0.46 sys=0.00, real=0.47 secs] 
2020-03-19T14:53:33.772+0800: 20817.397: [Full GC (Metadata GC Threshold) 2020-03-19T14:53:33.772+0800: 20817.397: [CMS: 120540K->120540K(237276K), 0.4861159 secs] 120546K->120540K(414236K), [Metaspace: 121208K->121208K(1165312K)], 0.4865853 secs] [Times: user=0.48 sys=0.00, real=0.49 secs] 
2020-03-19T14:53:34.259+0800: 20817.884: [Full GC (Last ditch collection) 2020-03-19T14:53:34.259+0800: 20817.884: [CMS: 120540K->120540K(237276K), 0.4804754 secs] 120540K->120540K(414236K), [Metaspace: 121208K->121208K(1165312K)], 0.4809497 secs] [Times: user=0.48 sys=0.00, real=0.48 secs] 
2020-03-19T14:53:34.743+0800: 20818.368: [Full GC (Metadata GC Threshold) 2020-03-19T14:53:34.743+0800: 20818.368: [CMS: 120540K->120540K(237276K), 0.5208365 secs] 120563K->120540K(414236K), [Metaspace: 121208K->121208K(1165312K)], 0.5212454 secs] [Times: user=0.52 sys=0.00, real=0.52 secs] 
2020-03-19T14:53:35.265+0800: 20818.889: [Full GC (Last ditch collection) 2020-03-19T14:53:35.265+0800: 20818.889: [CMS: 120540K->120540K(237276K), 0.4815134 secs] 120540K->120540K(414236K), [Metaspace: 121208K->121208K(1165312K)], 0.4819176 secs] [Times: user=0.48 sys=0.00, real=0.49 secs] 
2020-03-19T14:53:35.750+0800: 20819.375: [Full GC (Metadata GC Threshold) 2020-03-19T14:53:35.750+0800: 20819.375: [CMS: 120540K->120540K(237276K), 0.4762677 secs] 120546K->120540K(414236K), [Metaspace: 121208K->121208K(1165312K)], 0.4767353 secs] [Times: user=0.48 sys=0.00, real=0.48 secs] 
2020-03-19T14:53:36.227+0800: 20819.852: [Full GC (Last ditch collection) 2020-03-19T14:53:36.227+0800: 20819.852: [CMS: 120540K->120540K(237276K), 0.4716005 secs] 120540K->120540K(414236K), [Metaspace: 121208K->121208K(1165312K)], 0.4720083 secs] [Times: user=0.47 sys=0.00, real=0.47 secs] 
2020-03-19T14:53:36.714+0800: 20820.339: [Full GC (Metadata GC Threshold) 2020-03-19T14:53:36.715+0800: 20820.339: [CMS: 120540K->120541K(237276K), 0.5198307 secs] 121022K->120541K(414236K), [Metaspace: 121208K->121208K(1165312K)], 0.5202615 secs] [Times: user=0.50 sys=0.00, real=0.52 secs] 
2020-03-19T14:53:37.235+0800: 20820.859: [Full GC (Last ditch collection) 2020-03-19T14:53:37.235+0800: 20820.860: [CMS: 120541K->120540K(237276K), 0.4503542 secs] 120541K->120540K(414236K), [Metaspace: 121208K->121208K(1165312K)], 0.4507326 secs] [Times: user=0.44 sys=0.00, real=0.45 secs] 
2020-03-19T14:53:37.688+0800: 20821.313: [Full GC (Metadata GC Threshold) 2020-03-19T14:53:37.689+0800: 20821.313: [CMS: 120540K->120540K(237276K), 0.4666851 secs] 120544K->120540K(414236K), [Metaspace: 121208K->121208K(1165312K)], 0.4670584 secs] [Times: user=0.46 sys=0.00, real=0.46 secs] 
2020-03-19T14:53:38.156+0800: 20821.780: [Full GC (Last ditch collection) 2020-03-19T14:53:38.156+0800: 20821.780: [CMS: 120540K->120540K(237276K), 0.4874496 secs] 120540K->120540K(414236K), [Metaspace: 121208K->121208K(1165312K)], 0.4878205 secs] [Times: user=0.48 sys=0.00, real=0.49 secs] 
2020-03-19T14:53:38.649+0800: 20822.273: [Full GC (Metadata GC Threshold) 2020-03-19T14:53:38.649+0800: 20822.273: [CMS: 120540K->120540K(237276K), 0.4845755 secs] 120548K->120540K(414236K), [Metaspace: 121208K->121208K(1165312K)], 0.4849832 secs] [Times: user=0.48 sys=0.00, real=0.48 secs] 
2020-03-19T14:53:39.134+0800: 20822.759: [Full GC (Last ditch collection) 2020-03-19T14:53:39.134+0800: 20822.759: [CMS: 120540K->120540K(237276K), 0.4834699 secs] 120540K->120540K(414236K), [Metaspace: 121208K->121208K(1165312K)], 0.4839293 secs] [Times: user=0.47 sys=0.00, real=0.49 secs] 
2020-03-19T14:53:39.621+0800: 20823.245: [Full GC (Metadata GC Threshold) 2020-03-19T14:53:39.621+0800: 20823.246: [CMS: 120540K->120540K(237276K), 0.4597124 secs] 120544K->120540K(414236K), [Metaspace: 121208K->121208K(1165312K)], 0.4601028 secs] [Times: user=0.46 sys=0.00, real=0.46 secs] 
2020-03-19T14:53:40.081+0800: 20823.706: [Full GC (Last ditch collection) 2020-03-19T14:53:40.081+0800: 20823.706: [CMS: 120540K->120540K(237276K), 0.4857801 secs] 120540K->120540K(414236K), [Metaspace: 121208K->121208K(1165312K)], 0.4861428 secs] [Times: user=0.46 sys=0.00, real=0.49 secs] 
2020-03-19T14:53:40.570+0800: 20824.195: [Full GC (Metadata GC Threshold) 2020-03-19T14:53:40.571+0800: 20824.195: [CMS: 120540K->120540K(237276K), 0.4942889 secs] 120544K->120540K(414236K), [Metaspace: 121208K->121208K(1165312K)], 0.4946703 secs] [Times: user=0.48 sys=0.00, real=0.49 secs] 
2020-03-19T14:53:41.065+0800: 20824.690: [Full GC (Last ditch collection) 2020-03-19T14:53:41.065+0800: 20824.690: [CMS: 120540K->120540K(237276K), 0.4661149 secs] 120540K->120540K(414236K), [Metaspace: 121208K->121208K(1165312K)], 0.4664921 secs] [Times: user=0.47 sys=0.00, real=0.47 secs] 
2020-03-19T14:53:41.535+0800: 20825.159: [Full GC (Metadata GC Threshold) 2020-03-19T14:53:41.535+0800: 20825.159: [CMS: 120540K->120540K(237276K), 0.4553042 secs] 120546K->120540K(414236K), [Metaspace: 121208K->121208K(1165312K)], 0.4557034 secs] [Times: user=0.45 sys=0.00, real=0.46 secs] 
2020-03-19T14:53:41.991+0800: 20825.615: [Full GC (Last ditch collection) 2020-03-19T14:53:41.991+0800: 20825.615: [CMS: 120540K->120540K(237276K), 0.5001707 secs] 120540K->120540K(414236K), [Metaspace: 121208K->121208K(1165312K)], 0.5005974 secs] [Times: user=0.49 sys=0.00, real=0.50 secs] 
2020-03-19T14:53:42.497+0800: 20826.122: [Full GC (Metadata GC Threshold) 2020-03-19T14:53:42.497+0800: 20826.122: [CMS: 120540K->120540K(237276K), 0.5694932 secs] 120542K->120540K(414236K), [Metaspace: 121208K->121208K(1165312K)], 0.5699098 secs] [Times: user=0.54 sys=0.00, real=0.58 secs] 
2020-03-19T14:53:43.067+0800: 20826.692: [Full GC (Last ditch collection) 2020-03-19T14:53:43.067+0800: 20826.692: [CMS: 120540K->120540K(237276K), 0.4844489 secs] 120540K->120540K(414236K), [Metaspace: 121208K->121208K(1165312K)], 0.4848417 secs] [Times: user=0.48 sys=0.00, real=0.48 secs] 
2020-03-19T14:53:43.555+0800: 20827.179: [Full GC (Metadata GC Threshold) 2020-03-19T14:53:43.555+0800: 20827.180: [CMS: 120540K->120542K(237276K), 0.4559705 secs] 120545K->120542K(414236K), [Metaspace: 121208K->121208K(1165312K)], 0.4563698 secs] [Times: user=0.46 sys=0.00, real=0.46 secs] 
2020-03-19T14:53:44.012+0800: 20827.636: [Full GC (Last ditch collection) 2020-03-19T14:53:44.012+0800: 20827.636: [CMS: 120542K->120542K(237276K), 0.5000514 secs] 120542K->120542K(414236K), [Metaspace: 121208K->121208K(1165312K)], 0.5004898 secs] [Times: user=0.47 sys=0.00, real=0.50 secs] 
2020-03-19T14:53:44.515+0800: 20828.140: [Full GC (Metadata GC Threshold) 2020-03-19T14:53:44.516+0800: 20828.140: [CMS: 120542K->120542K(237276K), 0.4846900 secs] 120544K->120542K(414236K), [Metaspace: 121208K->121208K(1165312K)], 0.4851363 secs] [Times: user=0.49 sys=0.00, real=0.49 secs] 
2020-03-19T14:53:45.001+0800: 20828.625: [Full GC (Last ditch collection) 2020-03-19T14:53:45.001+0800: 20828.625: [CMS: 120542K->120542K(237276K), 0.4953761 secs] 120542K->120542K(414236K), [Metaspace: 121208K->121208K(1165312K)], 0.4957576 secs] [Times: user=0.47 sys=0.00, real=0.49 secs] 
2020-03-19T14:53:45.499+0800: 20829.124: [Full GC (Metadata GC Threshold) 2020-03-19T14:53:45.500+0800: 20829.124: [CMS: 120542K->120542K(237276K), 0.4685682 secs] 120544K->120542K(414236K), [Metaspace: 121208K->121208K(1165312K)], 0.4689851 secs] [Times: user=0.46 sys=0.00, real=0.47 secs] 
2020-03-19T14:53:45.969+0800: 20829.593: [Full GC (Last ditch collection) 2020-03-19T14:53:45.969+0800: 20829.593: [CMS: 120542K->120542K(237276K), 0.6188559 secs] 120542K->120542K(414236K), [Metaspace: 121208K->121208K(1165312K)], 0.6192747 secs] [Times: user=0.51 sys=0.00, real=0.62 secs] 
2020-03-19T14:53:46.591+0800: 20830.216: [Full GC (Metadata GC Threshold) 2020-03-19T14:53:46.591+0800: 20830.216: [CMS: 120542K->120542K(237276K), 0.4603395 secs] 120568K->120542K(414236K), [Metaspace: 121208K->121208K(1165312K)], 0.4607512 secs] [Times: user=0.45 sys=0.00, real=0.46 secs] 
2020-03-19T14:53:47.052+0800: 20830.677: [Full GC (Last ditch collection) 2020-03-19T14:53:47.052+0800: 20830.677: [CMS: 120542K->120542K(237276K), 0.4745231 secs] 120542K->120542K(414236K), [Metaspace: 121208K->121208K(1165312K)], 0.4749236 secs] [Times: user=0.47 sys=0.00, real=0.48 secs] 
2020-03-19T14:53:47.530+0800: 20831.155: [Full GC (Metadata GC Threshold) 2020-03-19T14:53:47.530+0800: 20831.155: [CMS: 120542K->120542K(237276K), 0.4441782 secs] 120546K->120542K(414236K), [Metaspace: 121208K->121208K(1165312K)], 0.4445978 secs] [Times: user=0.44 sys=0.00, real=0.44 secs] 
2020-03-19T14:53:47.975+0800: 20831.600: [Full GC (Last ditch collection) 2020-03-19T14:53:47.975+0800: 20831.600: [CMS: 120542K->120542K(237276K), 0.4969164 secs] 120542K->120542K(414236K), [Metaspace: 121208K->121208K(1165312K)], 0.4973522 secs] [Times: user=0.49 sys=0.00, real=0.50 secs] 
2020-03-19T14:53:48.476+0800: 20832.101: [Full GC (Metadata GC Threshold) 2020-03-19T14:53:48.477+0800: 20832.101: [CMS: 120542K->120554K(237276K), 0.4983129 secs] 120567K->120554K(414236K), [Metaspace: 121208K->121208K(1165312K)], 0.4987516 secs] [Times: user=0.48 sys=0.00, real=0.50 secs] 
2020-03-19T14:53:48.975+0800: 20832.600: [Full GC (Last ditch collection) 2020-03-19T14:53:48.976+0800: 20832.600: [CMS: 120554K->120554K(237276K), 0.4804589 secs] 120554K->120554K(414236K), [Metaspace: 121208K->121208K(1165312K)], 0.4808296 secs] [Times: user=0.47 sys=0.00, real=0.48 secs] 
2020-03-19T14:53:49.459+0800: 20833.084: [Full GC (Metadata GC Threshold) 2020-03-19T14:53:49.459+0800: 20833.084: [CMS: 120554K->120554K(237276K), 0.4951453 secs] 120554K->120554K(414236K), [Metaspace: 121208K->121208K(1165312K)], 0.4955410 secs] [Times: user=0.49 sys=0.00, real=0.49 secs] 
2020-03-19T14:53:49.955+0800: 20833.580: [Full GC (Last ditch collection) 2020-03-19T14:53:49.955+0800: 20833.580: [CMS: 120554K->120554K(237276K), 0.5199260 secs] 120554K->120554K(414236K), [Metaspace: 121208K->121208K(1165312K)], 0.5203293 secs] [Times: user=0.49 sys=0.00, real=0.52 secs] 
2020-03-19T14:53:50.479+0800: 20834.103: [Full GC (Metadata GC Threshold) 2020-03-19T14:53:50.479+0800: 20834.103: [CMS: 120554K->120554K(237276K), 0.4687268 secs] 120556K->120554K(414236K), [Metaspace: 121208K->121208K(1165312K)], 0.4691088 secs] [Times: user=0.46 sys=0.00, real=0.47 secs] 
2020-03-19T14:53:50.948+0800: 20834.573: [Full GC (Last ditch collection) 2020-03-19T14:53:50.948+0800: 20834.573: [CMS: 120554K->120554K(237276K), 0.4629776 secs] 120554K->120554K(414236K), [Metaspace: 121208K->121208K(1165312K)], 0.4633576 secs] [Times: user=0.46 sys=0.00, real=0.46 secs] 
2020-03-19T14:53:51.414+0800: 20835.039: [Full GC (Metadata GC Threshold) 2020-03-19T14:53:51.414+0800: 20835.039: [CMS: 120554K->120554K(237276K), 0.4726093 secs] 120556K->120554K(414236K), [Metaspace: 121208K->121208K(1165312K)], 0.4730358 secs] [Times: user=0.47 sys=0.00, real=0.48 secs] 
2020-03-19T14:53:51.888+0800: 20835.512: [Full GC (Last ditch collection) 2020-03-19T14:53:51.888+0800: 20835.512: [CMS: 120554K->120554K(237276K), 0.4569296 secs] 120554K->120554K(414236K), [Metaspace: 121208K->121208K(1165312K)], 0.4573109 secs] [Times: user=0.45 sys=0.00, real=0.45 secs] 
2020-03-19T14:53:52.348+0800: 20835.973: [Full GC (Metadata GC Threshold) 2020-03-19T14:53:52.348+0800: 20835.973: [CMS: 120554K->120554K(237276K), 0.4793560 secs] 120554K->120554K(414236K), [Metaspace: 121208K->121208K(1165312K)], 0.4797535 secs] [Times: user=0.48 sys=0.00, real=0.48 secs] 
2020-03-19T14:53:52.828+0800: 20836.453: [Full GC (Last ditch collection) 2020-03-19T14:53:52.828+0800: 20836.453: [CMS: 120554K->120554K(237276K), 0.4835746 secs] 120554K->120554K(414236K), [Metaspace: 121208K->121208K(1165312K)], 0.4839527 secs] [Times: user=0.47 sys=0.00, real=0.48 secs] 
2020-03-19T14:53:53.315+0800: 20836.939: [Full GC (Metadata GC Threshold) 2020-03-19T14:53:53.315+0800: 20836.940: [CMS: 120554K->120554K(237276K), 0.4980148 secs] 120556K->120554K(414236K), [Metaspace: 121208K->121208K(1165312K)], 0.4984098 secs] [Times: user=0.48 sys=0.00, real=0.50 secs] 
2020-03-19T14:53:53.814+0800: 20837.438: [Full GC (Last ditch collection) 2020-03-19T14:53:53.814+0800: 20837.438: [CMS: 120554K->120554K(237276K), 0.4756035 secs] 120554K->120554K(414236K), [Metaspace: 121208K->121208K(1165312K)], 0.4760050 secs] [Times: user=0.47 sys=0.00, real=0.48 secs] 
2020-03-19T14:53:54.297+0800: 20837.922: [Full GC (Metadata GC Threshold) 2020-03-19T14:53:54.297+0800: 20837.922: [CMS: 120554K->120554K(237276K), 0.4846943 secs] 120611K->120554K(414236K), [Metaspace: 121208K->121208K(1165312K)], 0.4851724 secs] [Times: user=0.47 sys=0.00, real=0.49 secs] 
2020-03-19T14:53:54.783+0800: 20838.407: [Full GC (Last ditch collection) 2020-03-19T14:53:54.783+0800: 20838.407: [CMS: 120554K->120554K(237276K), 0.4685285 secs] 120554K->120554K(414236K), [Metaspace: 121208K->121208K(1165312K)], 0.4689771 secs] [Times: user=0.47 sys=0.00, real=0.47 secs] 
2020-03-19T14:53:55.254+0800: 20838.879: [Full GC (Metadata GC Threshold) 2020-03-19T14:53:55.255+0800: 20838.879: [CMS: 120554K->120554K(237276K), 0.4941509 secs] 120878K->120554K(414236K), [Metaspace: 121208K->121208K(1165312K)], 0.4945431 secs] [Times: user=0.49 sys=0.00, real=0.50 secs] 
2020-03-19T14:53:55.749+0800: 20839.374: [Full GC (Last ditch collection) 2020-03-19T14:53:55.749+0800: 20839.374: [CMS: 120554K->120554K(237276K), 0.4883144 secs] 120554K->120554K(414236K), [Metaspace: 121208K->121208K(1165312K)], 0.4886814 secs] [Times: user=0.48 sys=0.00, real=0.49 secs] 
2020-03-19T14:53:56.241+0800: 20839.865: [Full GC (Metadata GC Threshold) 2020-03-19T14:53:56.241+0800: 20839.866: [CMS: 120554K->120553K(237276K), 0.5106009 secs] 120558K->120553K(414236K), [Metaspace: 121208K->121208K(1165312K)], 0.5110760 secs] [Times: user=0.51 sys=0.00, real=0.51 secs] 
2020-03-19T14:53:56.752+0800: 20840.377: [Full GC (Last ditch collection) 2020-03-19T14:53:56.752+0800: 20840.377: [CMS: 120553K->120553K(237276K), 0.4859018 secs] 120553K->120553K(414236K), [Metaspace: 121208K->121208K(1165312K)], 0.4864019 secs] [Times: user=0.49 sys=0.00, real=0.49 secs] 
2020-03-19T14:53:57.260+0800: 20840.885: [Full GC (Metadata GC Threshold) 2020-03-19T14:53:57.261+0800: 20840.885: [CMS: 120553K->120506K(237276K), 0.5902827 secs] 122505K->120506K(414236K), [Metaspace: 121209K->121209K(1165312K)], 0.5907709 secs] [Times: user=0.54 sys=0.00, real=0.59 secs] 
2020-03-19T14:53:57.852+0800: 20841.476: [Full GC (Last ditch collection) 2020-03-19T14:53:57.852+0800: 20841.476: [CMS: 120506K->120503K(237276K), 0.5097433 secs] 120506K->120503K(414236K), [Metaspace: 121209K->121209K(1165312K)], 0.5102084 secs] [Times: user=0.50 sys=0.00, real=0.51 secs] 
2020-03-19T14:53:58.365+0800: 20841.990: [Full GC (Metadata GC Threshold) 2020-03-19T14:53:58.365+0800: 20841.990: [CMS: 120503K->120503K(237276K), 0.4880778 secs] 120507K->120503K(414236K), [Metaspace: 121209K->121209K(1165312K)], 0.4884933 secs] [Times: user=0.48 sys=0.00, real=0.49 secs] 
2020-03-19T14:53:58.854+0800: 20842.478: [Full GC (Last ditch collection) 2020-03-19T14:53:58.854+0800: 20842.479: [CMS: 120503K->120503K(237276K), 0.4810820 secs] 120503K->120503K(414236K), [Metaspace: 121209K->121209K(1165312K)], 0.4814731 secs] [Times: user=0.48 sys=0.00, real=0.48 secs] 
2020-03-19T14:53:59.338+0800: 20842.963: [Full GC (Metadata GC Threshold) 2020-03-19T14:53:59.338+0800: 20842.963: [CMS: 120503K->120503K(237276K), 0.5006695 secs] 120509K->120503K(414236K), [Metaspace: 121209K->121209K(1165312K)], 0.5010741 secs] [Times: user=0.50 sys=0.00, real=0.50 secs] 
2020-03-19T14:53:59.840+0800: 20843.464: [Full GC (Last ditch collection) 2020-03-19T14:53:59.840+0800: 20843.464: [CMS: 120503K->120503K(237276K), 0.4843979 secs] 120503K->120503K(414236K), [Metaspace: 121209K->121209K(1165312K)], 0.4848063 secs] [Times: user=0.48 sys=0.00, real=0.48 secs] 
2020-03-19T14:54:00.327+0800: 20843.952: [Full GC (Metadata GC Threshold) 2020-03-19T14:54:00.328+0800: 20843.952: [CMS: 120503K->120503K(237276K), 0.5211999 secs] 120505K->120503K(414236K), [Metaspace: 121209K->121209K(1165312K)], 0.5216318 secs] [Times: user=0.51 sys=0.00, real=0.52 secs] 
2020-03-19T14:54:00.849+0800: 20844.474: [Full GC (Last ditch collection) 2020-03-19T14:54:00.849+0800: 20844.474: [CMS: 120503K->120503K(237276K), 0.5764107 secs] 120503K->120503K(414236K), [Metaspace: 121209K->121209K(1165312K)], 0.5767982 secs] [Times: user=0.50 sys=0.00, real=0.58 secs] 
2020-03-19T14:54:01.429+0800: 20845.054: [Full GC (Metadata GC Threshold) 2020-03-19T14:54:01.429+0800: 20845.054: [CMS: 120503K->120503K(237276K), 0.5007396 secs] 120505K->120503K(414236K), [Metaspace: 121209K->121209K(1165312K)], 0.5011842 secs] [Times: user=0.49 sys=0.00, real=0.50 secs] 
2020-03-19T14:54:01.931+0800: 20845.555: [Full GC (Last ditch collection) 2020-03-19T14:54:01.931+0800: 20845.555: [CMS: 120503K->120503K(237276K), 0.5166224 secs] 120503K->120503K(414236K), [Metaspace: 121209K->121209K(1165312K)], 0.5170805 secs] [Times: user=0.50 sys=0.00, real=0.52 secs] 
2020-03-19T14:54:02.451+0800: 20846.075: [Full GC (Metadata GC Threshold) 2020-03-19T14:54:02.451+0800: 20846.075: [CMS: 120503K->120503K(237276K), 0.5197594 secs] 120517K->120503K(414236K), [Metaspace: 121209K->121209K(1165312K)], 0.5201677 secs] [Times: user=0.51 sys=0.00, real=0.52 secs] 
2020-03-19T14:54:02.971+0800: 20846.596: [Full GC (Last ditch collection) 2020-03-19T14:54:02.971+0800: 20846.596: [CMS: 120503K->120503K(237276K), 0.5139323 secs] 120503K->120503K(414236K), [Metaspace: 121209K->121209K(1165312K)], 0.5143525 secs] [Times: user=0.49 sys=0.00, real=0.51 secs] 
2020-03-19T14:54:03.489+0800: 20847.114: [Full GC (Metadata GC Threshold) 2020-03-19T14:54:03.489+0800: 20847.114: [CMS: 120503K->120507K(237276K), 0.4971820 secs] 120518K->120507K(414236K), [Metaspace: 121209K->121209K(1165312K)], 0.4976525 secs] [Times: user=0.48 sys=0.00, real=0.50 secs] 
2020-03-19T14:54:03.987+0800: 20847.612: [Full GC (Last ditch collection) 2020-03-19T14:54:03.988+0800: 20847.612: [CMS: 120507K->120507K(237276K), 0.4746710 secs] 120507K->120507K(414236K), [Metaspace: 121209K->121209K(1165312K)], 0.4751360 secs] [Times: user=0.47 sys=0.00, real=0.47 secs] 
2020-03-19T14:54:04.466+0800: 20848.090: [Full GC (Metadata GC Threshold) 2020-03-19T14:54:04.466+0800: 20848.090: [CMS: 120507K->120507K(237276K), 0.5288055 secs] 120509K->120507K(414236K), [Metaspace: 121209K->121209K(1165312K)], 0.5292423 secs] [Times: user=0.52 sys=0.00, real=0.53 secs] 
2020-03-19T14:54:04.995+0800: 20848.620: [Full GC (Last ditch collection) 2020-03-19T14:54:04.995+0800: 20848.620: [CMS: 120507K->120507K(237276K), 0.5152008 secs] 120507K->120507K(414236K), [Metaspace: 121209K->121209K(1165312K)], 0.5156454 secs] [Times: user=0.50 sys=0.00, real=0.52 secs] 
2020-03-19T14:54:05.515+0800: 20849.139: [Full GC (Metadata GC Threshold) 2020-03-19T14:54:05.515+0800: 20849.139: [CMS: 120507K->120507K(237276K), 0.4816288 secs] 120511K->120507K(414236K), [Metaspace: 121209K->121209K(1165312K)], 0.4820860 secs] [Times: user=0.48 sys=0.00, real=0.48 secs] 
2020-03-19T14:54:05.997+0800: 20849.622: [Full GC (Last ditch collection) 2020-03-19T14:54:05.997+0800: 20849.622: [CMS: 120507K->120507K(237276K), 0.4847615 secs] 120507K->120507K(414236K), [Metaspace: 121209K->121209K(1165312K)], 0.4852037 secs] [Times: user=0.48 sys=0.00, real=0.49 secs] 
2020-03-19T14:54:06.486+0800: 20850.110: [Full GC (Metadata GC Threshold) 2020-03-19T14:54:06.486+0800: 20850.110: [CMS: 120507K->120507K(237276K), 0.4731351 secs] 120509K->120507K(414236K), [Metaspace: 121209K->121209K(1165312K)], 0.4735190 secs] [Times: user=0.48 sys=0.00, real=0.48 secs] 
2020-03-19T14:54:06.959+0800: 20850.584: [Full GC (Last ditch collection) 2020-03-19T14:54:06.960+0800: 20850.584: [CMS: 120507K->120507K(237276K), 0.4678591 secs] 120507K->120507K(414236K), [Metaspace: 121209K->121209K(1165312K)], 0.4683057 secs] [Times: user=0.46 sys=0.00, real=0.47 secs] 
2020-03-19T14:54:07.431+0800: 20851.056: [Full GC (Metadata GC Threshold) 2020-03-19T14:54:07.431+0800: 20851.056: [CMS: 120507K->120507K(237276K), 0.4880247 secs] 120599K->120507K(414236K), [Metaspace: 121209K->121209K(1165312K)], 0.4885005 secs] [Times: user=0.49 sys=0.00, real=0.49 secs] 
2020-03-19T14:54:07.920+0800: 20851.545: [Full GC (Last ditch collection) 2020-03-19T14:54:07.920+0800: 20851.545: [CMS: 120507K->120507K(237276K), 0.5037292 secs] 120507K->120507K(414236K), [Metaspace: 121209K->121209K(1165312K)], 0.5041584 secs] [Times: user=0.49 sys=0.00, real=0.50 secs] 
2020-03-19T14:54:08.427+0800: 20852.052: [Full GC (Metadata GC Threshold) 2020-03-19T14:54:08.427+0800: 20852.052: [CMS: 120507K->120507K(237276K), 0.5262876 secs] 120515K->120507K(414236K), [Metaspace: 121209K->121209K(1165312K)], 0.5267273 secs] [Times: user=0.52 sys=0.00, real=0.52 secs] 
2020-03-19T14:54:08.954+0800: 20852.579: [Full GC (Last ditch collection) 2020-03-19T14:54:08.954+0800: 20852.579: [CMS: 120507K->120507K(237276K), 0.4950387 secs] 120507K->120507K(414236K), [Metaspace: 121209K->121209K(1165312K)], 0.4954895 secs] [Times: user=0.49 sys=0.00, real=0.50 secs] 
2020-03-19T14:54:09.456+0800: 20853.081: [Full GC (Metadata GC Threshold) 2020-03-19T14:54:09.457+0800: 20853.081: [CMS: 120507K->120508K(237276K), 0.5163126 secs] 120515K->120508K(414236K), [Metaspace: 121209K->121209K(1165312K)], 0.5168699 secs] [Times: user=0.52 sys=0.00, real=0.52 secs] 
2020-03-19T14:54:09.974+0800: 20853.598: [Full GC (Last ditch collection) 2020-03-19T14:54:09.974+0800: 20853.598: [CMS: 120508K->120508K(237276K), 0.4819415 secs] 120508K->120508K(414236K), [Metaspace: 121209K->121209K(1165312K)], 0.4823244 secs] [Times: user=0.47 sys=0.00, real=0.48 secs] 
2020-03-19T14:54:10.459+0800: 20854.084: [Full GC (Metadata GC Threshold) 2020-03-19T14:54:10.459+0800: 20854.084: [CMS: 120508K->120508K(237276K), 0.5137157 secs] 120514K->120508K(414236K), [Metaspace: 121209K->121209K(1165312K)], 0.5141074 secs] [Times: user=0.50 sys=0.00, real=0.51 secs] 
2020-03-19T14:54:10.974+0800: 20854.598: [Full GC (Last ditch collection) 2020-03-19T14:54:10.974+0800: 20854.598: [CMS: 120508K->120508K(237276K), 0.4536186 secs] 120508K->120508K(414236K), [Metaspace: 121209K->121209K(1165312K)], 0.4539953 secs] [Times: user=0.45 sys=0.00, real=0.46 secs] 
2020-03-19T14:54:11.431+0800: 20855.055: [Full GC (Metadata GC Threshold) 2020-03-19T14:54:11.431+0800: 20855.055: [CMS: 120508K->120508K(237276K), 0.4701123 secs] 120510K->120508K(414236K), [Metaspace: 121209K->121209K(1165312K)], 0.4705072 secs] [Times: user=0.47 sys=0.00, real=0.47 secs] 
2020-03-19T14:54:11.901+0800: 20855.526: [Full GC (Last ditch collection) 2020-03-19T14:54:11.902+0800: 20855.526: [CMS: 120508K->120508K(237276K), 0.4970902 secs] 120508K->120508K(414236K), [Metaspace: 121209K->121209K(1165312K)], 0.4974731 secs] [Times: user=0.48 sys=0.00, real=0.50 secs] 
2020-03-19T14:54:12.402+0800: 20856.026: [Full GC (Metadata GC Threshold) 2020-03-19T14:54:12.402+0800: 20856.026: [CMS: 120508K->120508K(237276K), 0.5654003 secs] 120510K->120508K(414236K), [Metaspace: 121209K->121209K(1165312K)], 0.5658371 secs] [Times: user=0.52 sys=0.00, real=0.57 secs] 
2020-03-19T14:54:12.968+0800: 20856.592: [Full GC (Last ditch collection) 2020-03-19T14:54:12.968+0800: 20856.593: [CMS: 120508K->120508K(237276K), 0.4695436 secs] 120508K->120508K(414236K), [Metaspace: 121209K->121209K(1165312K)], 0.4699734 secs] [Times: user=0.47 sys=0.00, real=0.46 secs] 
2020-03-19T14:54:13.441+0800: 20857.065: [Full GC (Metadata GC Threshold) 2020-03-19T14:54:13.441+0800: 20857.066: [CMS: 120508K->120508K(237276K), 0.4657600 secs] 120510K->120508K(414236K), [Metaspace: 121209K->121209K(1165312K)], 0.4661554 secs] [Times: user=0.47 sys=0.00, real=0.47 secs] 
2020-03-19T14:54:13.907+0800: 20857.532: [Full GC (Last ditch collection) 2020-03-19T14:54:13.907+0800: 20857.532: [CMS: 120508K->120508K(237276K), 0.4799845 secs] 120508K->120508K(414236K), [Metaspace: 121209K->121209K(1165312K)], 0.4803711 secs] [Times: user=0.46 sys=0.00, real=0.48 secs] 
2020-03-19T14:54:14.391+0800: 20858.015: [Full GC (Metadata GC Threshold) 2020-03-19T14:54:14.391+0800: 20858.015: [CMS: 120508K->120508K(237276K), 0.5324992 secs] 120520K->120508K(414236K), [Metaspace: 121209K->121209K(1165312K)], 0.5328947 secs] [Times: user=0.51 sys=0.00, real=0.53 secs] 
2020-03-19T14:54:14.924+0800: 20858.548: [Full GC (Last ditch collection) 2020-03-19T14:54:14.924+0800: 20858.549: [CMS: 120508K->120508K(237276K), 0.4762067 secs] 120508K->120508K(414236K), [Metaspace: 121209K->121209K(1165312K)], 0.4765985 secs] [Times: user=0.47 sys=0.00, real=0.48 secs] 
2020-03-19T14:54:15.404+0800: 20859.028: [Full GC (Metadata GC Threshold) 2020-03-19T14:54:15.404+0800: 20859.028: [CMS: 120508K->120507K(237276K), 0.4930942 secs] 120519K->120507K(414236K), [Metaspace: 121209K->121209K(1165312K)], 0.4935481 secs] [Times: user=0.48 sys=0.00, real=0.49 secs] 
2020-03-19T14:54:15.898+0800: 20859.522: [Full GC (Last ditch collection) 2020-03-19T14:54:15.898+0800: 20859.522: [CMS: 120507K->120507K(237276K), 0.6247305 secs] 120507K->120507K(414236K), [Metaspace: 121209K->121209K(1165312K)], 0.6251171 secs] [Times: user=0.51 sys=0.00, real=0.63 secs] 
2020-03-19T14:54:16.526+0800: 20860.150: [Full GC (Metadata GC Threshold) 2020-03-19T14:54:16.526+0800: 20860.150: [CMS: 120507K->120507K(237276K), 0.5058381 secs] 120518K->120507K(414236K), [Metaspace: 121209K->121209K(1165312K)], 0.5062781 secs] [Times: user=0.49 sys=0.00, real=0.51 secs] 
2020-03-19T14:54:17.032+0800: 20860.657: [Full GC (Last ditch collection) 2020-03-19T14:54:17.032+0800: 20860.657: [CMS: 120507K->120507K(237276K), 0.4769507 secs] 120507K->120507K(414236K), [Metaspace: 121209K->121209K(1165312K)], 0.4772933 secs] [Times: user=0.47 sys=0.00, real=0.48 secs] 
2020-03-19T14:54:17.517+0800: 20861.142: [Full GC (Metadata GC Threshold) 2020-03-19T14:54:17.518+0800: 20861.142: [CMS: 120507K->120508K(237276K), 0.4700447 secs] 120747K->120508K(414236K), [Metaspace: 121209K->121209K(1165312K)], 0.4705141 secs] [Times: user=0.46 sys=0.00, real=0.48 secs] 
2020-03-19T14:54:17.994+0800: 20861.618: [Full GC (Last ditch collection) 2020-03-19T14:54:17.994+0800: 20861.618: [CMS: 120508K->120508K(237276K), 0.5135076 secs] 120508K->120508K(414236K), [Metaspace: 121209K->121209K(1165312K)], 0.5139802 secs] [Times: user=0.50 sys=0.00, real=0.52 secs] 
2020-03-19T14:54:18.523+0800: 20862.148: [Full GC (Metadata GC Threshold) 2020-03-19T14:54:18.523+0800: 20862.148: [CMS: 120508K->120574K(237276K), 0.5199759 secs] 122698K->120574K(414236K), [Metaspace: 121209K->121209K(1165312K)], 0.5203861 secs] [Times: user=0.51 sys=0.00, real=0.52 secs] 
2020-03-19T14:54:19.044+0800: 20862.668: [Full GC (Last ditch collection) 2020-03-19T14:54:19.044+0800: 20862.668: [CMS: 120574K->120538K(237276K), 0.4645284 secs] 120574K->120538K(414236K), [Metaspace: 121209K->121209K(1165312K)], 0.4649103 secs] [Times: user=0.46 sys=0.00, real=0.47 secs] 
2020-03-19T14:54:19.512+0800: 20863.137: [Full GC (Metadata GC Threshold) 2020-03-19T14:54:19.512+0800: 20863.137: [CMS: 120538K->120538K(237276K), 0.5489670 secs] 120542K->120538K(414236K), [Metaspace: 121209K->121209K(1165312K)], 0.5494104 secs] [Times: user=0.52 sys=0.00, real=0.55 secs] 
2020-03-19T14:54:20.062+0800: 20863.686: [Full GC (Last ditch collection) 2020-03-19T14:54:20.062+0800: 20863.686: [CMS: 120538K->120538K(237276K), 0.5085264 secs] 120538K->120538K(414236K), [Metaspace: 121209K->121209K(1165312K)], 0.5089281 secs] [Times: user=0.50 sys=0.00, real=0.51 secs] 
2020-03-19T14:54:20.574+0800: 20864.198: [Full GC (Metadata GC Threshold) 2020-03-19T14:54:20.574+0800: 20864.198: [CMS: 120538K->120538K(237276K), 0.4807368 secs] 120542K->120538K(414236K), [Metaspace: 121209K->121209K(1165312K)], 0.4811498 secs] [Times: user=0.47 sys=0.00, real=0.48 secs] 
2020-03-19T14:54:21.055+0800: 20864.680: [Full GC (Last ditch collection) 2020-03-19T14:54:21.055+0800: 20864.680: [CMS: 120538K->120538K(237276K), 0.4758479 secs] 120538K->120538K(414236K), [Metaspace: 121209K->121209K(1165312K)], 0.4765236 secs] [Times: user=0.47 sys=0.00, real=0.48 secs] 
2020-03-19T14:54:21.535+0800: 20865.160: [Full GC (Metadata GC Threshold) 2020-03-19T14:54:21.535+0800: 20865.160: [CMS: 120538K->120538K(237276K), 0.4490518 secs] 120554K->120538K(414236K), [Metaspace: 121209K->121209K(1165312K)], 0.4494690 secs] [Times: user=0.45 sys=0.00, real=0.45 secs] 
2020-03-19T14:54:21.985+0800: 20865.610: [Full GC (Last ditch collection) 2020-03-19T14:54:21.985+0800: 20865.610: [CMS: 120538K->120538K(237276K), 0.4628751 secs] 120538K->120538K(414236K), [Metaspace: 121209K->121209K(1165312K)], 0.4632302 secs] [Times: user=0.46 sys=0.00, real=0.47 secs] 
2020-03-19T14:54:22.451+0800: 20866.076: [Full GC (Metadata GC Threshold) 2020-03-19T14:54:22.451+0800: 20866.076: [CMS: 120538K->120542K(237276K), 0.5011096 secs] 120548K->120542K(414236K), [Metaspace: 121209K->121209K(1165312K)], 0.5015132 secs] [Times: user=0.50 sys=0.00, real=0.50 secs] 
2020-03-19T14:54:22.953+0800: 20866.578: [Full GC (Last ditch collection) 2020-03-19T14:54:22.953+0800: 20866.578: [CMS: 120542K->120542K(237276K), 0.4841893 secs] 120542K->120542K(414236K), [Metaspace: 121209K->121209K(1165312K)], 0.4845717 secs] [Times: user=0.48 sys=0.00, real=0.48 secs] 
2020-03-19T14:54:23.440+0800: 20867.065: [Full GC (Metadata GC Threshold) 2020-03-19T14:54:23.441+0800: 20867.065: [CMS: 120542K->120543K(237276K), 0.4891833 secs] 120546K->120543K(414236K), [Metaspace: 121209K->121209K(1165312K)], 0.4896275 secs] [Times: user=0.48 sys=0.00, real=0.49 secs] 
2020-03-19T14:54:23.930+0800: 20867.555: [Full GC (Last ditch collection) 2020-03-19T14:54:23.931+0800: 20867.555: [CMS: 120543K->120543K(237276K), 0.4828415 secs] 120543K->120543K(414236K), [Metaspace: 121209K->121209K(1165312K)], 0.4832749 secs] [Times: user=0.48 sys=0.00, real=0.48 secs] 
2020-03-19T14:54:24.419+0800: 20868.043: [Full GC (Metadata GC Threshold) 2020-03-19T14:54:24.419+0800: 20868.043: [CMS: 120543K->120545K(237276K), 0.4965786 secs] 120546K->120545K(414236K), [Metaspace: 121209K->121209K(1165312K)], 0.4971170 secs] [Times: user=0.49 sys=0.00, real=0.49 secs] 
2020-03-19T14:54:24.916+0800: 20868.541: [Full GC (Last ditch collection) 2020-03-19T14:54:24.916+0800: 20868.541: [CMS: 120545K->120545K(237276K), 0.4826972 secs] 120545K->120545K(414236K), [Metaspace: 121209K->121209K(1165312K)], 0.4830854 secs] [Times: user=0.48 sys=0.00, real=0.49 secs] 
2020-03-19T14:54:25.402+0800: 20869.027: [Full GC (Metadata GC Threshold) 2020-03-19T14:54:25.402+0800: 20869.027: [CMS: 120545K->120546K(237276K), 0.5070413 secs] 120549K->120546K(414236K), [Metaspace: 121209K->121209K(1165312K)], 0.5074520 secs] [Times: user=0.50 sys=0.00, real=0.51 secs] 
2020-03-19T14:54:25.910+0800: 20869.534: [Full GC (Last ditch collection) 2020-03-19T14:54:25.910+0800: 20869.535: [CMS: 120546K->120546K(237276K), 0.4761095 secs] 120546K->120546K(414236K), [Metaspace: 121209K->121209K(1165312K)], 0.4764738 secs] [Times: user=0.46 sys=0.00, real=0.48 secs] 
2020-03-19T14:54:26.390+0800: 20870.015: [Full GC (Metadata GC Threshold) 2020-03-19T14:54:26.390+0800: 20870.015: [CMS: 120546K->120547K(237276K), 0.5473667 secs] 120601K->120547K(414236K), [Metaspace: 121209K->121209K(1165312K)], 0.5478510 secs] [Times: user=0.51 sys=0.00, real=0.54 secs] 
2020-03-19T14:54:26.938+0800: 20870.563: [Full GC (Last ditch collection) 2020-03-19T14:54:26.938+0800: 20870.563: [CMS: 120547K->120547K(237276K), 0.4869809 secs] 120547K->120547K(414236K), [Metaspace: 121209K->121209K(1165312K)], 0.4873739 secs] [Times: user=0.49 sys=0.00, real=0.48 secs] 
2020-03-19T14:54:27.429+0800: 20871.054: [Full GC (Metadata GC Threshold) 2020-03-19T14:54:27.430+0800: 20871.054: [CMS: 120547K->120546K(237276K), 0.5707101 secs] 120564K->120546K(414236K), [Metaspace: 121209K->121209K(1165312K)], 0.5711370 secs] [Times: user=0.54 sys=0.00, real=0.57 secs] 
2020-03-19T14:54:28.001+0800: 20871.625: [Full GC (Last ditch collection) 2020-03-19T14:54:28.001+0800: 20871.626: [CMS: 120546K->120546K(237276K), 0.4696392 secs] 120546K->120546K(414236K), [Metaspace: 121209K->121209K(1165312K)], 0.4701219 secs] [Times: user=0.47 sys=0.00, real=0.47 secs] 
2020-03-19T14:54:28.474+0800: 20872.099: [Full GC (Metadata GC Threshold) 2020-03-19T14:54:28.474+0800: 20872.099: [CMS: 120546K->120546K(237276K), 0.5029483 secs] 120550K->120546K(414236K), [Metaspace: 121209K->121209K(1165312K)], 0.5033694 secs] [Times: user=0.49 sys=0.00, real=0.50 secs] 
2020-03-19T14:54:28.978+0800: 20872.602: [Full GC (Last ditch collection) 2020-03-19T14:54:28.978+0800: 20872.602: [CMS: 120546K->120546K(237276K), 0.4887210 secs] 120546K->120546K(414236K), [Metaspace: 121209K->121209K(1165312K)], 0.4891227 secs] [Times: user=0.46 sys=0.00, real=0.50 secs] 
2020-03-19T14:54:29.470+0800: 20873.094: [Full GC (Metadata GC Threshold) 2020-03-19T14:54:29.470+0800: 20873.095: [CMS: 120546K->120546K(237276K), 0.4897712 secs] 120556K->120546K(414236K), [Metaspace: 121209K->121209K(1165312K)], 0.4901879 secs] [Times: user=0.49 sys=0.00, real=0.49 secs] 
2020-03-19T14:54:29.960+0800: 20873.585: [Full GC (Last ditch collection) 2020-03-19T14:54:29.961+0800: 20873.585: [CMS: 120546K->120546K(237276K), 0.4882672 secs] 120546K->120546K(414236K), [Metaspace: 121209K->121209K(1165312K)], 0.4886387 secs] [Times: user=0.48 sys=0.00, real=0.49 secs] 
2020-03-19T14:54:30.452+0800: 20874.077: [Full GC (Metadata GC Threshold) 2020-03-19T14:54:30.452+0800: 20874.077: [CMS: 120546K->120546K(237276K), 0.4875953 secs] 120552K->120546K(414236K), [Metaspace: 121209K->121209K(1165312K)], 0.4880025 secs] [Times: user=0.49 sys=0.00, real=0.49 secs] 
2020-03-19T14:54:30.940+0800: 20874.565: [Full GC (Last ditch collection) 2020-03-19T14:54:30.941+0800: 20874.565: [CMS: 120546K->120546K(237276K), 0.5532507 secs] 120546K->120546K(414236K), [Metaspace: 121209K->121209K(1165312K)], 0.5537789 secs] [Times: user=0.50 sys=0.00, real=0.55 secs] 
2020-03-19T14:54:31.499+0800: 20875.124: [Full GC (Metadata GC Threshold) 2020-03-19T14:54:31.499+0800: 20875.124: [CMS: 120546K->120546K(237276K), 0.4717911 secs] 120550K->120546K(414236K), [Metaspace: 121209K->121209K(1165312K)], 0.4722669 secs] [Times: user=0.47 sys=0.00, real=0.47 secs] 
2020-03-19T14:54:31.972+0800: 20875.596: [Full GC (Last ditch collection) 2020-03-19T14:54:31.972+0800: 20875.596: [CMS: 120546K->120546K(237276K), 0.4844169 secs] 120546K->120546K(414236K), [Metaspace: 121209K->121209K(1165312K)], 0.4847893 secs] [Times: user=0.48 sys=0.00, real=0.48 secs] 
2020-03-19T14:54:32.459+0800: 20876.084: [Full GC (Metadata GC Threshold) 2020-03-19T14:54:32.460+0800: 20876.084: [CMS: 120546K->120546K(237276K), 0.4723254 secs] 120548K->120546K(414236K), [Metaspace: 121209K->121209K(1165312K)], 0.4727543 secs] [Times: user=0.46 sys=0.00, real=0.47 secs] 
2020-03-19T14:54:32.932+0800: 20876.557: [Full GC (Last ditch collection) 2020-03-19T14:54:32.933+0800: 20876.557: [CMS: 120546K->120546K(237276K), 0.4973200 secs] 120546K->120546K(414236K), [Metaspace: 121209K->121209K(1165312K)], 0.4977225 secs] [Times: user=0.47 sys=0.00, real=0.50 secs] 
2020-03-19T14:54:33.433+0800: 20877.058: [Full GC (Metadata GC Threshold) 2020-03-19T14:54:33.433+0800: 20877.058: [CMS: 120546K->120546K(237276K), 0.4822948 secs] 120550K->120546K(414236K), [Metaspace: 121209K->121209K(1165312K)], 0.4826892 secs] [Times: user=0.47 sys=0.00, real=0.48 secs] 
2020-03-19T14:54:33.916+0800: 20877.541: [Full GC (Last ditch collection) 2020-03-19T14:54:33.916+0800: 20877.541: [CMS: 120546K->120546K(237276K), 0.4850676 secs] 120546K->120546K(414236K), [Metaspace: 121209K->121209K(1165312K)], 0.4854368 secs] [Times: user=0.47 sys=0.00, real=0.49 secs] 
2020-03-19T14:54:34.404+0800: 20878.029: [Full GC (Metadata GC Threshold) 2020-03-19T14:54:34.405+0800: 20878.029: [CMS: 120546K->120546K(237276K), 0.5058928 secs] 120552K->120546K(414236K), [Metaspace: 121209K->121209K(1165312K)], 0.5063323 secs] [Times: user=0.50 sys=0.00, real=0.51 secs] 
2020-03-19T14:54:34.911+0800: 20878.536: [Full GC (Last ditch collection) 2020-03-19T14:54:34.911+0800: 20878.536: [CMS: 120546K->120546K(237276K), 0.5171292 secs] 120546K->120546K(414236K), [Metaspace: 121209K->121209K(1165312K)], 0.5175775 secs] [Times: user=0.50 sys=0.00, real=0.52 secs] 
2020-03-19T14:54:35.432+0800: 20879.056: [Full GC (Metadata GC Threshold) 2020-03-19T14:54:35.432+0800: 20879.056: [CMS: 120546K->120546K(237276K), 0.4821144 secs] 120551K->120546K(414236K), [Metaspace: 121209K->121209K(1165312K)], 0.4825201 secs] [Times: user=0.47 sys=0.00, real=0.48 secs] 
2020-03-19T14:54:35.914+0800: 20879.539: [Full GC (Last ditch collection) 2020-03-19T14:54:35.915+0800: 20879.539: [CMS: 120546K->120546K(237276K), 0.4844223 secs] 120546K->120546K(414236K), [Metaspace: 121209K->121209K(1165312K)], 0.4847662 secs] [Times: user=0.48 sys=0.00, real=0.49 secs] 
2020-03-19T14:54:36.413+0800: 20880.037: [Full GC (Metadata GC Threshold) 2020-03-19T14:54:36.413+0800: 20880.038: [CMS: 120546K->120546K(237276K), 0.5158499 secs] 122258K->120546K(414236K), [Metaspace: 121209K->121209K(1165312K)], 0.5162555 secs] [Times: user=0.51 sys=0.00, real=0.52 secs] 
2020-03-19T14:54:36.930+0800: 20880.554: [Full GC (Last ditch collection) 2020-03-19T14:54:36.930+0800: 20880.554: [CMS: 120546K->120544K(237276K), 0.4552528 secs] 120546K->120544K(414236K), [Metaspace: 121209K->121209K(1165312K)], 0.4556291 secs] [Times: user=0.45 sys=0.00, real=0.45 secs] 
2020-03-19T14:54:37.388+0800: 20881.013: [Full GC (Metadata GC Threshold) 2020-03-19T14:54:37.388+0800: 20881.013: [CMS: 120544K->120544K(237276K), 0.4634965 secs] 120552K->120544K(414236K), [Metaspace: 121209K->121209K(1165312K)], 0.4638827 secs] [Times: user=0.47 sys=0.00, real=0.46 secs] 
2020-03-19T14:54:37.852+0800: 20881.477: [Full GC (Last ditch collection) 2020-03-19T14:54:37.852+0800: 20881.477: [CMS: 120544K->120544K(237276K), 0.4564940 secs] 120544K->120544K(414236K), [Metaspace: 121209K->121209K(1165312K)], 0.4569362 secs] [Times: user=0.45 sys=0.00, real=0.46 secs] 
2020-03-19T14:54:38.313+0800: 20881.937: [Full GC (Metadata GC Threshold) 2020-03-19T14:54:38.313+0800: 20881.937: [CMS: 120544K->120546K(237276K), 0.5094678 secs] 120563K->120546K(414236K), [Metaspace: 121209K->121209K(1165312K)], 0.5099039 secs] [Times: user=0.51 sys=0.00, real=0.51 secs] 
2020-03-19T14:54:38.823+0800: 20882.447: [Full GC (Last ditch collection) 2020-03-19T14:54:38.823+0800: 20882.448: [CMS: 120546K->120546K(237276K), 0.4844555 secs] 120546K->120546K(414236K), [Metaspace: 121209K->121209K(1165312K)], 0.4849003 secs] [Times: user=0.46 sys=0.00, real=0.49 secs] 
2020-03-19T14:54:39.311+0800: 20882.936: [Full GC (Metadata GC Threshold) 2020-03-19T14:54:39.311+0800: 20882.936: [CMS: 120546K->120548K(237276K), 0.4844571 secs] 120555K->120548K(414236K), [Metaspace: 121209K->121209K(1165312K)], 0.4848778 secs] [Times: user=0.48 sys=0.00, real=0.48 secs] 
2020-03-19T14:54:39.796+0800: 20883.421: [Full GC (Last ditch collection) 2020-03-19T14:54:39.797+0800: 20883.421: [CMS: 120548K->120548K(237276K), 0.4673188 secs] 120548K->120548K(414236K), [Metaspace: 121209K->121209K(1165312K)], 0.4676909 secs] [Times: user=0.46 sys=0.00, real=0.47 secs] 
2020-03-19T14:54:40.267+0800: 20883.892: [Full GC (Metadata GC Threshold) 2020-03-19T14:54:40.267+0800: 20883.892: [CMS: 120548K->120548K(237276K), 0.4775913 secs] 120550K->120548K(414236K), [Metaspace: 121209K->121209K(1165312K)], 0.4780169 secs] [Times: user=0.47 sys=0.00, real=0.47 secs] 
2020-03-19T14:54:40.746+0800: 20884.370: [Full GC (Last ditch collection) 2020-03-19T14:54:40.746+0800: 20884.370: [CMS: 120548K->120548K(237276K), 0.4946711 secs] 120548K->120548K(414236K), [Metaspace: 121209K->121209K(1165312K)], 0.4950250 secs] [Times: user=0.46 sys=0.00, real=0.50 secs] 
2020-03-19T14:54:41.243+0800: 20884.868: [Full GC (Metadata GC Threshold) 2020-03-19T14:54:41.244+0800: 20884.868: [CMS: 120548K->120548K(237276K), 0.4986485 secs] 120550K->120548K(414236K), [Metaspace: 121209K->121209K(1165312K)], 0.4990328 secs] [Times: user=0.49 sys=0.00, real=0.50 secs] 
2020-03-19T14:54:41.743+0800: 20885.367: [Full GC (Last ditch collection) 2020-03-19T14:54:41.743+0800: 20885.367: [CMS: 120548K->120548K(237276K), 0.4703984 secs] 120548K->120548K(414236K), [Metaspace: 121209K->121209K(1165312K)], 0.4708024 secs] [Times: user=0.46 sys=0.00, real=0.47 secs] 
2020-03-19T14:54:42.238+0800: 20885.863: [Full GC (Metadata GC Threshold) 2020-03-19T14:54:42.238+0800: 20885.863: [CMS: 120548K->120603K(237276K), 0.5406921 secs] 121635K->120603K(414236K), [Metaspace: 121209K->121209K(1165312K)], 0.5411933 secs] [Times: user=0.53 sys=0.00, real=0.54 secs] 
2020-03-19T14:54:42.781+0800: 20886.405: [Full GC (Last ditch collection) 2020-03-19T14:54:42.781+0800: 20886.405: [CMS: 120603K->120601K(237276K), 0.5526631 secs] 120603K->120601K(414236K), [Metaspace: 121209K->121209K(1165312K)], 0.5531592 secs] [Times: user=0.50 sys=0.00, real=0.55 secs] 
2020-03-19T14:54:43.338+0800: 20886.962: [Full GC (Metadata GC Threshold) 2020-03-19T14:54:43.338+0800: 20886.962: [CMS: 120601K->120607K(237276K), 0.4878454 secs] 120647K->120607K(414236K), [Metaspace: 121209K->121209K(1165312K)], 0.4882581 secs] [Times: user=0.48 sys=0.00, real=0.50 secs] 
2020-03-19T14:54:43.826+0800: 20887.451: [Full GC (Last ditch collection) 2020-03-19T14:54:43.826+0800: 20887.451: [CMS: 120607K->120607K(237276K), 0.4670443 secs] 120607K->120607K(414236K), [Metaspace: 121209K->121209K(1165312K)], 0.4674733 secs] [Times: user=0.47 sys=0.00, real=0.46 secs] 
2020-03-19T14:54:44.304+0800: 20887.928: [Full GC (Metadata GC Threshold) 2020-03-19T14:54:44.304+0800: 20887.928: [CMS: 120607K->120614K(237276K), 0.5111042 secs] 121187K->120614K(414236K), [Metaspace: 121209K->121209K(1165312K)], 0.5116481 secs] [Times: user=0.49 sys=0.00, real=0.51 secs] 
2020-03-19T14:54:44.815+0800: 20888.440: [Full GC (Last ditch collection) 2020-03-19T14:54:44.816+0800: 20888.440: [CMS: 120614K->120614K(237276K), 0.4732229 secs] 120614K->120614K(414236K), [Metaspace: 121209K->121209K(1165312K)], 0.4736916 secs] [Times: user=0.47 sys=0.00, real=0.48 secs] 
2020-03-19T14:54:45.294+0800: 20888.918: [Full GC (Metadata GC Threshold) 2020-03-19T14:54:45.294+0800: 20888.918: [CMS: 120614K->120614K(237276K), 0.4913528 secs] 120618K->120614K(414236K), [Metaspace: 121209K->121209K(1165312K)], 0.4917886 secs] [Times: user=0.48 sys=0.00, real=0.49 secs] 
2020-03-19T14:54:45.786+0800: 20889.410: [Full GC (Last ditch collection) 2020-03-19T14:54:45.786+0800: 20889.410: [CMS: 120614K->120614K(237276K), 0.5726434 secs] 120614K->120614K(414236K), [Metaspace: 121209K->121209K(1165312K)], 0.5731142 secs] [Times: user=0.51 sys=0.00, real=0.58 secs] 
2020-03-19T14:54:46.365+0800: 20889.990: [GC (CMS Initial Mark) [1 CMS-initial-mark: 120614K(237276K)] 121518K(414236K), 0.0090109 secs] [Times: user=0.02 sys=0.00, real=0.01 secs] 
2020-03-19T14:54:46.386+0800: 20890.011: [CMS-concurrent-mark-start]
2020-03-19T14:54:46.391+0800: 20890.016: [Full GC (Metadata GC Threshold) 2020-03-19T14:54:46.391+0800: 20890.016: [CMS2020-03-19T14:54:46.590+0800: 20890.214: [CMS-concurrent-mark: 0.194/0.203 secs] [Times: user=0.21 sys=0.00, real=0.20 secs] 
 (concurrent mode failure): 120614K->120648K(237276K), 0.6568718 secs] 122711K->120648K(414236K), [Metaspace: 121209K->121209K(1165312K)], 0.6572909 secs] [Times: user=0.65 sys=0.00, real=0.66 secs] 
2020-03-19T14:54:47.049+0800: 20890.673: [Full GC (Last ditch collection) 2020-03-19T14:54:47.049+0800: 20890.673: [CMS: 120648K->120646K(237276K), 0.4618783 secs] 120648K->120646K(414236K), [Metaspace: 121209K->121209K(1165312K)], 0.4622404 secs] [Times: user=0.46 sys=0.00, real=0.46 secs] 
2020-03-19T14:54:47.514+0800: 20891.138: [Full GC (Metadata GC Threshold) 2020-03-19T14:54:47.514+0800: 20891.139: [CMS: 120646K->120646K(237276K), 0.4854666 secs] 120646K->120646K(414236K), [Metaspace: 121209K->121209K(1165312K)], 0.4858735 secs] [Times: user=0.47 sys=0.00, real=0.49 secs] 
2020-03-19T14:54:48.000+0800: 20891.625: [Full GC (Last ditch collection) 2020-03-19T14:54:48.000+0800: 20891.625: [CMS: 120646K->120646K(237276K), 0.5133789 secs] 120646K->120646K(414236K), [Metaspace: 121209K->121209K(1165312K)], 0.5138409 secs] [Times: user=0.49 sys=0.00, real=0.51 secs] 
2020-03-19T14:54:48.517+0800: 20892.142: [Full GC (Metadata GC Threshold) 2020-03-19T14:54:48.518+0800: 20892.142: [CMS: 120646K->120647K(237276K), 0.5059114 secs] 120677K->120647K(414236K), [Metaspace: 121209K->121209K(1165312K)], 0.5063592 secs] [Times: user=0.48 sys=0.00, real=0.51 secs] 
2020-03-19T14:54:49.024+0800: 20892.649: [Full GC (Last ditch collection) 2020-03-19T14:54:49.024+0800: 20892.649: [CMS: 120647K->120647K(237276K), 0.4599511 secs] 120647K->120647K(414236K), [Metaspace: 121209K->121209K(1165312K)], 0.4604813 secs] [Times: user=0.46 sys=0.00, real=0.46 secs] 
2020-03-19T14:54:49.488+0800: 20893.112: [Full GC (Metadata GC Threshold) 2020-03-19T14:54:49.488+0800: 20893.112: [CMS: 120647K->120647K(237276K), 0.5258554 secs] 120649K->120647K(414236K), [Metaspace: 121209K->121209K(1165312K)], 0.5262748 secs] [Times: user=0.50 sys=0.00, real=0.52 secs] 
2020-03-19T14:54:50.014+0800: 20893.639: [Full GC (Last ditch collection) 2020-03-19T14:54:50.014+0800: 20893.639: [CMS: 120647K->120647K(237276K), 0.5051328 secs] 120647K->120647K(414236K), [Metaspace: 121209K->121209K(1165312K)], 0.5055225 secs] [Times: user=0.49 sys=0.00, real=0.51 secs] 
2020-03-19T14:54:50.524+0800: 20894.148: [Full GC (Metadata GC Threshold) 2020-03-19T14:54:50.524+0800: 20894.149: [CMS: 120647K->120648K(237276K), 0.4783354 secs] 120824K->120648K(414236K), [Metaspace: 121209K->121209K(1165312K)], 0.4787552 secs] [Times: user=0.47 sys=0.00, real=0.48 secs] 
2020-03-19T14:54:51.003+0800: 20894.628: [Full GC (Last ditch collection) 2020-03-19T14:54:51.003+0800: 20894.628: [CMS: 120648K->120647K(237276K), 0.4615404 secs] 120648K->120647K(414236K), [Metaspace: 121209K->121209K(1165312K)], 0.4619640 secs] [Times: user=0.46 sys=0.00, real=0.46 secs] 
2020-03-19T14:54:51.468+0800: 20895.093: [Full GC (Metadata GC Threshold) 2020-03-19T14:54:51.468+0800: 20895.093: [CMS: 120647K->120648K(237276K), 0.5003932 secs] 120654K->120648K(414236K), [Metaspace: 121209K->121209K(1165312K)], 0.5007874 secs] [Times: user=0.50 sys=0.00, real=0.50 secs] 
2020-03-19T14:54:51.969+0800: 20895.594: [Full GC (Last ditch collection) 2020-03-19T14:54:51.969+0800: 20895.594: [CMS: 120648K->120648K(237276K), 0.4531710 secs] 120648K->120648K(414236K), [Metaspace: 121209K->121209K(1165312K)], 0.4535402 secs] [Times: user=0.45 sys=0.00, real=0.45 secs] 
2020-03-19T14:54:52.426+0800: 20896.050: [Full GC (Metadata GC Threshold) 2020-03-19T14:54:52.426+0800: 20896.050: [CMS: 120648K->120648K(237276K), 0.4891149 secs] 120650K->120648K(414236K), [Metaspace: 121209K->121209K(1165312K)], 0.4895387 secs] [Times: user=0.47 sys=0.00, real=0.49 secs] 
2020-03-19T14:54:52.915+0800: 20896.540: [Full GC (Last ditch collection) 2020-03-19T14:54:52.916+0800: 20896.540: [CMS: 120648K->120648K(237276K), 0.5150672 secs] 120648K->120648K(414236K), [Metaspace: 121209K->121209K(1165312K)], 0.5155181 secs] [Times: user=0.48 sys=0.00, real=0.52 secs] 
2020-03-19T14:54:53.434+0800: 20897.058: [Full GC (Metadata GC Threshold) 2020-03-19T14:54:53.434+0800: 20897.059: [CMS: 120648K->120648K(237276K), 0.4508017 secs] 120650K->120648K(414236K), [Metaspace: 121209K->121209K(1165312K)], 0.4512380 secs] [Times: user=0.45 sys=0.00, real=0.45 secs] 
2020-03-19T14:54:53.885+0800: 20897.510: [Full GC (Last ditch collection) 2020-03-19T14:54:53.885+0800: 20897.510: [CMS: 120648K->120648K(237276K), 0.4816415 secs] 120648K->120648K(414236K), [Metaspace: 121209K->121209K(1165312K)], 0.4819941 secs] [Times: user=0.48 sys=0.00, real=0.49 secs] 
2020-03-19T14:54:54.371+0800: 20897.995: [Full GC (Metadata GC Threshold) 2020-03-19T14:54:54.371+0800: 20897.995: [CMS: 120648K->120649K(237276K), 0.4948316 secs] 120666K->120649K(414236K), [Metaspace: 121209K->121209K(1165312K)], 0.4952419 secs] [Times: user=0.49 sys=0.00, real=0.49 secs] 
2020-03-19T14:54:54.866+0800: 20898.491: [Full GC (Last ditch collection) 2020-03-19T14:54:54.866+0800: 20898.491: [CMS: 120649K->120649K(237276K), 0.4604440 secs] 120649K->120649K(414236K), [Metaspace: 121209K->121209K(1165312K)], 0.4608772 secs] [Times: user=0.46 sys=0.00, real=0.46 secs] 
2020-03-19T14:54:55.332+0800: 20898.956: [Full GC (Metadata GC Threshold) 2020-03-19T14:54:55.332+0800: 20898.956: [CMS: 120649K->120649K(237276K), 0.4945525 secs] 120770K->120649K(414236K), [Metaspace: 121209K->121209K(1165312K)], 0.4950419 secs] [Times: user=0.49 sys=0.00, real=0.50 secs] 
2020-03-19T14:54:55.827+0800: 20899.452: [Full GC (Last ditch collection) 2020-03-19T14:54:55.827+0800: 20899.452: [CMS: 120649K->120649K(237276K), 0.4767060 secs] 120649K->120649K(414236K), [Metaspace: 121209K->121209K(1165312K)], 0.4771842 secs] [Times: user=0.47 sys=0.00, real=0.47 secs] 
2020-03-19T14:54:56.308+0800: 20899.933: [Full GC (Metadata GC Threshold) 2020-03-19T14:54:56.309+0800: 20899.933: [CMS: 120649K->120649K(237276K), 0.5201768 secs] 120655K->120649K(414236K), [Metaspace: 121209K->121209K(1165312K)], 0.5206419 secs] [Times: user=0.51 sys=0.00, real=0.52 secs] 
2020-03-19T14:54:56.829+0800: 20900.454: [Full GC (Last ditch collection) 2020-03-19T14:54:56.829+0800: 20900.454: [CMS: 120649K->120649K(237276K), 0.4960473 secs] 120649K->120649K(414236K), [Metaspace: 121209K->121209K(1165312K)], 0.4966316 secs] [Times: user=0.48 sys=0.00, real=0.50 secs] 
2020-03-19T14:54:57.336+0800: 20900.960: [Full GC (Metadata GC Threshold) 2020-03-19T14:54:57.336+0800: 20900.960: [CMS: 120649K->120651K(237276K), 0.5900251 secs] 121359K->120651K(414236K), [Metaspace: 121209K->121209K(1165312K)], 0.5904926 secs] [Times: user=0.56 sys=0.00, real=0.60 secs] 
2020-03-19T14:54:57.927+0800: 20901.551: [Full GC (Last ditch collection) 2020-03-19T14:54:57.927+0800: 20901.551: [CMS: 120651K->120651K(237276K), 0.4893647 secs] 120651K->120651K(414236K), [Metaspace: 121209K->121209K(1165312K)], 0.4897535 secs] [Times: user=0.48 sys=0.00, real=0.48 secs] 
2020-03-19T14:54:58.445+0800: 20902.070: [Full GC (Metadata GC Threshold) 2020-03-19T14:54:58.446+0800: 20902.070: [CMS: 120651K->121002K(237276K), 0.4947705 secs] 121194K->121002K(414236K), [Metaspace: 121209K->121209K(1165312K)], 0.4952003 secs] [Times: user=0.49 sys=0.00, real=0.50 secs] 
2020-03-19T14:54:58.941+0800: 20902.565: [Full GC (Last ditch collection) 2020-03-19T14:54:58.941+0800: 20902.565: [CMS: 121002K->121002K(237276K), 0.4687864 secs] 121002K->121002K(414236K), [Metaspace: 121209K->121209K(1165312K)], 0.4691591 secs] [Times: user=0.46 sys=0.00, real=0.47 secs] 
2020-03-19T14:54:59.413+0800: 20903.037: [Full GC (Metadata GC Threshold) 2020-03-19T14:54:59.413+0800: 20903.037: [CMS: 121002K->121002K(237276K), 0.4957496 secs] 121002K->121002K(414236K), [Metaspace: 121209K->121209K(1165312K)], 0.4961617 secs] [Times: user=0.49 sys=0.00, real=0.50 secs] 
2020-03-19T14:54:59.909+0800: 20903.534: [Full GC (Last ditch collection) 2020-03-19T14:54:59.909+0800: 20903.534: [CMS: 121002K->121002K(237276K), 0.5120345 secs] 121002K->121002K(414236K), [Metaspace: 121209K->121209K(1165312K)], 0.5124262 secs] [Times: user=0.47 sys=0.00, real=0.51 secs] 
2020-03-19T14:55:00.425+0800: 20904.050: [Full GC (Metadata GC Threshold) 2020-03-19T14:55:00.425+0800: 20904.050: [CMS: 121002K->121002K(237276K), 0.5028490 secs] 121004K->121002K(414236K), [Metaspace: 121209K->121209K(1165312K)], 0.5032633 secs] [Times: user=0.49 sys=0.00, real=0.51 secs] 
2020-03-19T14:55:00.929+0800: 20904.553: [Full GC (Last ditch collection) 2020-03-19T14:55:00.929+0800: 20904.554: [CMS: 121002K->121002K(237276K), 0.6418309 secs] 121002K->121002K(414236K), [Metaspace: 121209K->121209K(1165312K)], 0.6422625 secs] [Times: user=0.52 sys=0.00, real=0.64 secs] 
2020-03-19T14:55:01.574+0800: 20905.199: [Full GC (Metadata GC Threshold) 2020-03-19T14:55:01.574+0800: 20905.199: [CMS: 121002K->121002K(237276K), 0.4644229 secs] 121002K->121002K(414236K), [Metaspace: 121209K->121209K(1165312K)], 0.4648056 secs] [Times: user=0.46 sys=0.00, real=0.47 secs] 
2020-03-19T14:55:02.039+0800: 20905.664: [Full GC (Last ditch collection) 2020-03-19T14:55:02.039+0800: 20905.664: [CMS: 121002K->121002K(237276K), 0.4724204 secs] 121002K->121002K(414236K), [Metaspace: 121209K->121209K(1165312K)], 0.4728048 secs] [Times: user=0.47 sys=0.00, real=0.47 secs] 
2020-03-19T14:55:02.515+0800: 20906.140: [Full GC (Metadata GC Threshold) 2020-03-19T14:55:02.515+0800: 20906.140: [CMS: 121002K->121002K(237276K), 0.5100269 secs] 121004K->121002K(414236K), [Metaspace: 121209K->121209K(1165312K)], 0.5104382 secs] [Times: user=0.51 sys=0.00, real=0.51 secs] 
2020-03-19T14:55:03.026+0800: 20906.650: [Full GC (Last ditch collection) 2020-03-19T14:55:03.026+0800: 20906.650: [CMS: 121002K->121002K(237276K), 0.4903842 secs] 121002K->121002K(414236K), [Metaspace: 121209K->121209K(1165312K)], 0.4907757 secs] [Times: user=0.48 sys=0.00, real=0.49 secs] 
2020-03-19T14:55:03.521+0800: 20907.146: [Full GC (Metadata GC Threshold) 2020-03-19T14:55:03.521+0800: 20907.146: [CMS: 121002K->121003K(237276K), 0.4787079 secs] 121675K->121003K(414236K), [Metaspace: 121209K->121209K(1165312K)], 0.4791250 secs] [Times: user=0.47 sys=0.00, real=0.48 secs] 
2020-03-19T14:55:04.001+0800: 20907.625: [Full GC (Last ditch collection) 2020-03-19T14:55:04.001+0800: 20907.625: [CMS: 121003K->121001K(237276K), 0.4733792 secs] 121003K->121001K(414236K), [Metaspace: 121209K->121209K(1165312K)], 0.4737938 secs] [Times: user=0.47 sys=0.00, real=0.47 secs] 
2020-03-19T14:55:04.477+0800: 20908.102: [Full GC (Metadata GC Threshold) 2020-03-19T14:55:04.478+0800: 20908.102: [CMS: 121001K->121001K(237276K), 0.5494789 secs] 121005K->121001K(414236K), [Metaspace: 121209K->121209K(1165312K)], 0.5498849 secs] [Times: user=0.51 sys=0.00, real=0.56 secs] 
2020-03-19T14:55:05.028+0800: 20908.652: [Full GC (Last ditch collection) 2020-03-19T14:55:05.028+0800: 20908.652: [CMS: 121001K->121001K(237276K), 0.5134167 secs] 121001K->121001K(414236K), [Metaspace: 121209K->121209K(1165312K)], 0.5137949 secs] [Times: user=0.50 sys=0.00, real=0.51 secs] 
2020-03-19T14:55:05.544+0800: 20909.169: [Full GC (Metadata GC Threshold) 2020-03-19T14:55:05.544+0800: 20909.169: [CMS: 121001K->121001K(237276K), 0.4932515 secs] 121013K->121001K(414236K), [Metaspace: 121209K->121209K(1165312K)], 0.4937010 secs] [Times: user=0.48 sys=0.00, real=0.50 secs] 
2020-03-19T14:55:06.038+0800: 20909.663: [Full GC (Last ditch collection) 2020-03-19T14:55:06.039+0800: 20909.663: [CMS: 121001K->121001K(237276K), 0.4973324 secs] 121001K->121001K(414236K), [Metaspace: 121209K->121209K(1165312K)], 0.4977661 secs] [Times: user=0.49 sys=0.00, real=0.49 secs] 
2020-03-19T14:55:06.540+0800: 20910.165: [Full GC (Metadata GC Threshold) 2020-03-19T14:55:06.540+0800: 20910.165: [CMS: 121001K->121001K(237276K), 0.4725918 secs] 121015K->121001K(414236K), [Metaspace: 121209K->121209K(1165312K)], 0.4730339 secs] [Times: user=0.47 sys=0.00, real=0.47 secs] 
2020-03-19T14:55:07.013+0800: 20910.638: [Full GC (Last ditch collection) 2020-03-19T14:55:07.014+0800: 20910.638: [CMS: 121001K->121001K(237276K), 0.4592540 secs] 121001K->121001K(414236K), [Metaspace: 121209K->121209K(1165312K)], 0.4596386 secs] [Times: user=0.45 sys=0.00, real=0.46 secs] 
2020-03-19T14:55:07.476+0800: 20911.101: [Full GC (Metadata GC Threshold) 2020-03-19T14:55:07.476+0800: 20911.101: [CMS: 121001K->121022K(237276K), 0.4933485 secs] 121038K->121022K(414236K), [Metaspace: 121209K->121209K(1165312K)], 0.4937599 secs] [Times: user=0.48 sys=0.00, real=0.50 secs] 
2020-03-19T14:55:07.970+0800: 20911.595: [Full GC (Last ditch collection) 2020-03-19T14:55:07.971+0800: 20911.595: [CMS: 121022K->121022K(237276K), 0.5216892 secs] 121022K->121022K(414236K), [Metaspace: 121209K->121209K(1165312K)], 0.5220679 secs] [Times: user=0.50 sys=0.00, real=0.52 secs] 
2020-03-19T14:55:08.495+0800: 20912.120: [Full GC (Metadata GC Threshold) 2020-03-19T14:55:08.496+0800: 20912.120: [CMS: 121022K->121022K(237276K), 0.5033682 secs] 121024K->121022K(414236K), [Metaspace: 121209K->121209K(1165312K)], 0.5037530 secs] [Times: user=0.49 sys=0.00, real=0.51 secs] 
2020-03-19T14:55:08.999+0800: 20912.624: [Full GC (Last ditch collection) 2020-03-19T14:55:09.000+0800: 20912.624: [CMS: 121022K->121022K(237276K), 0.4840205 secs] 121022K->121022K(414236K), [Metaspace: 121209K->121209K(1165312K)], 0.4843911 secs] [Times: user=0.47 sys=0.00, real=0.48 secs] 
2020-03-19T14:55:09.487+0800: 20913.111: [Full GC (Metadata GC Threshold) 2020-03-19T14:55:09.487+0800: 20913.111: [CMS: 121022K->121022K(237276K), 0.4767099 secs] 121026K->121022K(414236K), [Metaspace: 121209K->121209K(1165312K)], 0.4771425 secs] [Times: user=0.48 sys=0.00, real=0.47 secs] 
2020-03-19T14:55:09.964+0800: 20913.588: [Full GC (Last ditch collection) 2020-03-19T14:55:09.964+0800: 20913.589: [CMS: 121022K->121022K(237276K), 0.4859471 secs] 121022K->121022K(414236K), [Metaspace: 121209K->121209K(1165312K)], 0.4863515 secs] [Times: user=0.48 sys=0.00, real=0.49 secs] 
2020-03-19T14:55:10.453+0800: 20914.078: [Full GC (Metadata GC Threshold) 2020-03-19T14:55:10.453+0800: 20914.078: [CMS: 121022K->121022K(237276K), 0.5011476 secs] 121024K->121022K(414236K), [Metaspace: 121209K->121209K(1165312K)], 0.5015368 secs] [Times: user=0.50 sys=0.00, real=0.50 secs] 
2020-03-19T14:55:10.955+0800: 20914.579: [Full GC (Last ditch collection) 2020-03-19T14:55:10.955+0800: 20914.580: [CMS: 121022K->121022K(237276K), 0.4584854 secs] 121022K->121022K(414236K), [Metaspace: 121209K->121209K(1165312K)], 0.4589035 secs] [Times: user=0.46 sys=0.00, real=0.46 secs] 
2020-03-19T14:55:11.417+0800: 20915.041: [Full GC (Metadata GC Threshold) 2020-03-19T14:55:11.417+0800: 20915.041: [CMS: 121022K->121022K(237276K), 0.4743223 secs] 121026K->121022K(414236K), [Metaspace: 121209K->121209K(1165312K)], 0.4747188 secs] [Times: user=0.47 sys=0.00, real=0.48 secs] 
2020-03-19T14:55:11.892+0800: 20915.516: [Full GC (Last ditch collection) 2020-03-19T14:55:11.892+0800: 20915.516: [CMS: 121022K->121022K(237276K), 0.4894243 secs] 121022K->121022K(414236K), [Metaspace: 121209K->121209K(1165312K)], 0.4898090 secs] [Times: user=0.49 sys=0.00, real=0.49 secs] 
2020-03-19T14:55:12.384+0800: 20916.009: [Full GC (Metadata GC Threshold) 2020-03-19T14:55:12.384+0800: 20916.009: [CMS: 121022K->121022K(237276K), 0.5403120 secs] 121028K->121022K(414236K), [Metaspace: 121209K->121209K(1165312K)], 0.5407841 secs] [Times: user=0.52 sys=0.00, real=0.54 secs] 
2020-03-19T14:55:12.925+0800: 20916.550: [Full GC (Last ditch collection) 2020-03-19T14:55:12.926+0800: 20916.550: [CMS: 121022K->121022K(237276K), 0.4859690 secs] 121022K->121022K(414236K), [Metaspace: 121209K->121209K(1165312K)], 0.4864305 secs] [Times: user=0.49 sys=0.00, real=0.49 secs] 
2020-03-19T14:55:13.415+0800: 20917.039: [Full GC (Metadata GC Threshold) 2020-03-19T14:55:13.415+0800: 20917.040: [CMS: 121022K->121024K(237276K), 0.4828308 secs] 121032K->121024K(414236K), [Metaspace: 121209K->121209K(1165312K)], 0.4832230 secs] [Times: user=0.48 sys=0.00, real=0.49 secs] 
2020-03-19T14:55:13.898+0800: 20917.523: [Full GC (Last ditch collection) 2020-03-19T14:55:13.899+0800: 20917.523: [CMS: 121024K->121024K(237276K), 0.4763608 secs] 121024K->121024K(414236K), [Metaspace: 121209K->121209K(1165312K)], 0.4767619 secs] [Times: user=0.47 sys=0.00, real=0.47 secs] 
2020-03-19T14:55:14.379+0800: 20918.003: [Full GC (Metadata GC Threshold) 2020-03-19T14:55:14.379+0800: 20918.003: [CMS: 121024K->121027K(237276K), 0.5325760 secs] 121052K->121027K(414236K), [Metaspace: 121209K->121209K(1165312K)], 0.5329720 secs] [Times: user=0.54 sys=0.00, real=0.53 secs] 
2020-03-19T14:55:14.912+0800: 20918.536: [Full GC (Last ditch collection) 2020-03-19T14:55:14.912+0800: 20918.537: [CMS: 121027K->121026K(237276K), 0.4773330 secs] 121027K->121026K(414236K), [Metaspace: 121209K->121209K(1165312K)], 0.4777350 secs] [Times: user=0.47 sys=0.00, real=0.48 secs] 
2020-03-19T14:55:15.392+0800: 20919.017: [Full GC (Metadata GC Threshold) 2020-03-19T14:55:15.393+0800: 20919.017: [CMS: 121026K->121026K(237276K), 0.4761533 secs] 121030K->121026K(414236K), [Metaspace: 121209K->121209K(1165312K)], 0.4765644 secs] [Times: user=0.48 sys=0.00, real=0.48 secs] 
2020-03-19T14:55:15.869+0800: 20919.494: [Full GC (Last ditch collection) 2020-03-19T14:55:15.869+0800: 20919.494: [CMS: 121026K->121026K(237276K), 0.5771676 secs] 121026K->121026K(414236K), [Metaspace: 121209K->121209K(1165312K)], 0.5775776 secs] [Times: user=0.54 sys=0.00, real=0.58 secs] 
2020-03-19T14:55:16.450+0800: 20920.075: [Full GC (Metadata GC Threshold) 2020-03-19T14:55:16.450+0800: 20920.075: [CMS: 121026K->121026K(237276K), 0.4926551 secs] 121028K->121026K(414236K), [Metaspace: 121209K->121209K(1165312K)], 0.4931226 secs] [Times: user=0.48 sys=0.00, real=0.49 secs] 
2020-03-19T14:55:16.944+0800: 20920.568: [Full GC (Last ditch collection) 2020-03-19T14:55:16.944+0800: 20920.568: [CMS: 121026K->121026K(237276K), 0.4810277 secs] 121026K->121026K(414236K), [Metaspace: 121209K->121209K(1165312K)], 0.4814059 secs] [Times: user=0.47 sys=0.00, real=0.48 secs] 
2020-03-19T14:55:17.428+0800: 20921.053: [Full GC (Metadata GC Threshold) 2020-03-19T14:55:17.428+0800: 20921.053: [CMS: 121026K->121026K(237276K), 0.4789980 secs] 121028K->121026K(414236K), [Metaspace: 121209K->121209K(1165312K)], 0.4794001 secs] [Times: user=0.47 sys=0.00, real=0.48 secs] 
2020-03-19T14:55:17.908+0800: 20921.532: [Full GC (Last ditch collection) 2020-03-19T14:55:17.908+0800: 20921.532: [CMS: 121026K->121026K(237276K), 0.4960941 secs] 121026K->121026K(414236K), [Metaspace: 121209K->121209K(1165312K)], 0.4965020 secs] [Times: user=0.49 sys=0.00, real=0.49 secs] 
2020-03-19T14:55:18.428+0800: 20922.052: [Full GC (Metadata GC Threshold) 2020-03-19T14:55:18.428+0800: 20922.052: [CMS: 121026K->124478K(237276K), 0.5507418 secs] 137392K->124478K(414236K), [Metaspace: 121209K->121209K(1165312K)], 0.5513213 secs] [Times: user=0.52 sys=0.00, real=0.55 secs] 
2020-03-19T14:55:18.979+0800: 20922.604: [Full GC (Last ditch collection) 2020-03-19T14:55:18.979+0800: 20922.604: [CMS: 124478K->124465K(237276K), 0.4698433 secs] 124478K->124465K(414236K), [Metaspace: 121209K->121209K(1165312K)], 0.4702863 secs] [Times: user=0.46 sys=0.00, real=0.47 secs] 
2020-03-19T14:55:19.452+0800: 20923.077: [Full GC (Metadata GC Threshold) 2020-03-19T14:55:19.453+0800: 20923.077: [CMS: 124465K->124465K(237276K), 0.5412942 secs] 124471K->124465K(414236K), [Metaspace: 121209K->121209K(1165312K)], 0.5417084 secs] [Times: user=0.52 sys=0.00, real=0.54 secs] 
2020-03-19T14:55:19.994+0800: 20923.619: [Full GC (Last ditch collection) 2020-03-19T14:55:19.995+0800: 20923.619: [CMS: 124465K->124465K(237276K), 0.5005816 secs] 124465K->124465K(414236K), [Metaspace: 121209K->121209K(1165312K)], 0.5009471 secs] [Times: user=0.49 sys=0.00, real=0.50 secs] 
2020-03-19T14:55:20.498+0800: 20924.123: [Full GC (Metadata GC Threshold) 2020-03-19T14:55:20.498+0800: 20924.123: [CMS: 124465K->124465K(237276K), 0.4863366 secs] 124469K->124465K(414236K), [Metaspace: 121209K->121209K(1165312K)], 0.4867480 secs] [Times: user=0.48 sys=0.00, real=0.48 secs] 
2020-03-19T14:55:20.985+0800: 20924.610: [Full GC (Last ditch collection) 2020-03-19T14:55:20.985+0800: 20924.610: [CMS: 124465K->124465K(237276K), 0.4618040 secs] 124465K->124465K(414236K), [Metaspace: 121209K->121209K(1165312K)], 0.4621803 secs] [Times: user=0.46 sys=0.00, real=0.47 secs] 
2020-03-19T14:55:21.450+0800: 20925.075: [Full GC (Metadata GC Threshold) 2020-03-19T14:55:21.451+0800: 20925.075: [CMS: 124465K->124465K(237276K), 0.4703972 secs] 124473K->124465K(414236K), [Metaspace: 121209K->121209K(1165312K)], 0.4707784 secs] [Times: user=0.47 sys=0.00, real=0.47 secs] 
2020-03-19T14:55:21.921+0800: 20925.546: [Full GC (Last ditch collection) 2020-03-19T14:55:21.922+0800: 20925.546: [CMS: 124465K->124465K(237276K), 0.4634207 secs] 124465K->124465K(414236K), [Metaspace: 121209K->121209K(1165312K)], 0.4638230 secs] [Times: user=0.46 sys=0.00, real=0.46 secs] 
2020-03-19T14:55:22.389+0800: 20926.013: [Full GC (Metadata GC Threshold) 2020-03-19T14:55:22.389+0800: 20926.013: [CMS: 124465K->124466K(237276K), 0.5040138 secs] 124471K->124466K(414236K), [Metaspace: 121209K->121209K(1165312K)], 0.5044379 secs] [Times: user=0.50 sys=0.00, real=0.50 secs] 
2020-03-19T14:55:22.893+0800: 20926.518: [Full GC (Last ditch collection) 2020-03-19T14:55:22.894+0800: 20926.518: [CMS: 124466K->124466K(237276K), 0.4682989 secs] 124466K->124466K(414236K), [Metaspace: 121209K->121209K(1165312K)], 0.4688095 secs] [Times: user=0.46 sys=0.00, real=0.47 secs] 
2020-03-19T14:55:23.378+0800: 20927.003: [Full GC (Metadata GC Threshold) 2020-03-19T14:55:23.378+0800: 20927.003: [CMS: 124466K->124472K(237276K), 0.5068345 secs] 124486K->124472K(414236K), [Metaspace: 121209K->121209K(1165312K)], 0.5073158 secs] [Times: user=0.50 sys=0.00, real=0.51 secs] 
2020-03-19T14:55:23.886+0800: 20927.510: [Full GC (Last ditch collection) 2020-03-19T14:55:23.886+0800: 20927.510: [CMS: 124472K->124472K(237276K), 0.4735580 secs] 124472K->124472K(414236K), [Metaspace: 121209K->121209K(1165312K)], 0.4739763 secs] [Times: user=0.46 sys=0.00, real=0.48 secs] 
2020-03-19T14:55:24.365+0800: 20927.989: [Full GC (Metadata GC Threshold) 2020-03-19T14:55:24.365+0800: 20927.989: [CMS: 124472K->124470K(237276K), 0.4665346 secs] 124957K->124470K(414236K), [Metaspace: 121209K->121209K(1165312K)], 0.4669885 secs] [Times: user=0.46 sys=0.00, real=0.47 secs] 
2020-03-19T14:55:24.832+0800: 20928.456: [Full GC (Last ditch collection) 2020-03-19T14:55:24.832+0800: 20928.457: [CMS: 124470K->124468K(237276K), 0.4756665 secs] 124470K->124468K(414236K), [Metaspace: 121209K->121209K(1165312K)], 0.4761224 secs] [Times: user=0.48 sys=0.00, real=0.48 secs] 
2020-03-19T14:55:25.311+0800: 20928.935: [Full GC (Metadata GC Threshold) 2020-03-19T14:55:25.311+0800: 20928.936: [CMS: 124468K->124468K(237276K), 0.5229090 secs] 124477K->124468K(414236K), [Metaspace: 121209K->121209K(1165312K)], 0.5233579 secs] [Times: user=0.51 sys=0.00, real=0.52 secs] 
2020-03-19T14:55:25.835+0800: 20929.459: [Full GC (Last ditch collection) 2020-03-19T14:55:25.835+0800: 20929.459: [CMS: 124468K->124468K(237276K), 0.4696305 secs] 124468K->124468K(414236K), [Metaspace: 121209K->121209K(1165312K)], 0.4701420 secs] [Times: user=0.47 sys=0.00, real=0.47 secs] 
2020-03-19T14:55:26.308+0800: 20929.933: [Full GC (Metadata GC Threshold) 2020-03-19T14:55:26.308+0800: 20929.933: [CMS: 124468K->124468K(237276K), 0.4997496 secs] 124473K->124468K(414236K), [Metaspace: 121209K->121209K(1165312K)], 0.5001767 secs] [Times: user=0.49 sys=0.00, real=0.50 secs] 
2020-03-19T14:55:26.809+0800: 20930.433: [Full GC (Last ditch collection) 2020-03-19T14:55:26.809+0800: 20930.433: [CMS: 124468K->124468K(237276K), 0.4860277 secs] 124468K->124468K(414236K), [Metaspace: 121209K->121209K(1165312K)], 0.4864168 secs] [Times: user=0.48 sys=0.00, real=0.48 secs] 
2020-03-19T14:55:27.298+0800: 20930.923: [Full GC (Metadata GC Threshold) 2020-03-19T14:55:27.298+0800: 20930.923: [CMS: 124468K->123331K(237276K), 0.5637768 secs] 124928K->123331K(414236K), [Metaspace: 121209K->121209K(1165312K)], 0.5641998 secs] [Times: user=0.53 sys=0.00, real=0.56 secs] 
2020-03-19T14:55:27.863+0800: 20931.487: [Full GC (Last ditch collection) 2020-03-19T14:55:27.863+0800: 20931.488: [CMS: 123331K->123331K(237276K), 0.4990898 secs] 123331K->123331K(414236K), [Metaspace: 121209K->121209K(1165312K)], 0.4996632 secs] [Times: user=0.49 sys=0.00, real=0.50 secs] 
2020-03-19T14:55:28.377+0800: 20932.001: [Full GC (Metadata GC Threshold) 2020-03-19T14:55:28.377+0800: 20932.001: [CMS: 123331K->124882K(237276K), 0.4767248 secs] 128462K->124882K(414236K), [Metaspace: 121209K->121209K(1165312K)], 0.4771638 secs] [Times: user=0.48 sys=0.00, real=0.48 secs] 
2020-03-19T14:55:28.854+0800: 20932.479: [Full GC (Last ditch collection) 2020-03-19T14:55:28.854+0800: 20932.479: [CMS: 124882K->124882K(237276K), 0.4948875 secs] 124882K->124882K(414236K), [Metaspace: 121209K->121209K(1165312K)], 0.4953914 secs] [Times: user=0.47 sys=0.00, real=0.50 secs] 
2020-03-19T14:55:29.352+0800: 20932.977: [Full GC (Metadata GC Threshold) 2020-03-19T14:55:29.352+0800: 20932.977: [CMS: 124882K->124883K(237276K), 0.5149880 secs] 124884K->124883K(414236K), [Metaspace: 121209K->121209K(1165312K)], 0.5153996 secs] [Times: user=0.50 sys=0.00, real=0.52 secs] 
2020-03-19T14:55:29.868+0800: 20933.493: [Full GC (Last ditch collection) 2020-03-19T14:55:29.868+0800: 20933.493: [CMS: 124883K->124883K(237276K), 0.4790194 secs] 124883K->124883K(414236K), [Metaspace: 121209K->121209K(1165312K)], 0.4794826 secs] [Times: user=0.47 sys=0.00, real=0.48 secs] 
2020-03-19T14:55:30.352+0800: 20933.977: [Full GC (Metadata GC Threshold) 2020-03-19T14:55:30.352+0800: 20933.977: [CMS: 124883K->124884K(237276K), 0.4915175 secs] 125195K->124884K(414236K), [Metaspace: 121209K->121209K(1165312K)], 0.4919940 secs] [Times: user=0.49 sys=0.00, real=0.49 secs] 
2020-03-19T14:55:30.844+0800: 20934.469: [Full GC (Last ditch collection) 2020-03-19T14:55:30.845+0800: 20934.469: [CMS: 124884K->124883K(237276K), 0.5727918 secs] 124884K->124883K(414236K), [Metaspace: 121209K->121209K(1165312K)], 0.5732168 secs] [Times: user=0.54 sys=0.00, real=0.57 secs] 
2020-03-19T14:55:31.421+0800: 20935.045: [Full GC (Metadata GC Threshold) 2020-03-19T14:55:31.421+0800: 20935.045: [CMS: 124883K->124883K(237276K), 0.4717147 secs] 124891K->124883K(414236K), [Metaspace: 121209K->121209K(1165312K)], 0.4721421 secs] [Times: user=0.47 sys=0.00, real=0.47 secs] 
2020-03-19T14:55:31.893+0800: 20935.518: [Full GC (Last ditch collection) 2020-03-19T14:55:31.893+0800: 20935.518: [CMS: 124883K->124883K(237276K), 0.4779880 secs] 124883K->124883K(414236K), [Metaspace: 121209K->121209K(1165312K)], 0.4783814 secs] [Times: user=0.46 sys=0.00, real=0.48 secs] 
2020-03-19T14:55:32.374+0800: 20935.999: [Full GC (Metadata GC Threshold) 2020-03-19T14:55:32.375+0800: 20935.999: [CMS: 124883K->124785K(237276K), 0.5101559 secs] 124895K->124785K(414236K), [Metaspace: 121209K->121209K(1165312K)], 0.5106255 secs] [Times: user=0.50 sys=0.00, real=0.51 secs] 
2020-03-19T14:55:32.885+0800: 20936.510: [Full GC (Last ditch collection) 2020-03-19T14:55:32.886+0800: 20936.510: [CMS: 124785K->124785K(237276K), 0.5151201 secs] 124785K->124785K(414236K), [Metaspace: 121209K->121209K(1165312K)], 0.5167640 secs] [Times: user=0.49 sys=0.00, real=0.52 secs] 
2020-03-19T14:55:33.408+0800: 20937.032: [Full GC (Metadata GC Threshold) 2020-03-19T14:55:33.408+0800: 20937.032: [CMS: 124785K->124786K(237276K), 0.4935834 secs] 124986K->124786K(414236K), [Metaspace: 121209K->121209K(1165312K)], 0.4940422 secs] [Times: user=0.49 sys=0.00, real=0.49 secs] 
2020-03-19T14:55:33.902+0800: 20937.526: [Full GC (Last ditch collection) 2020-03-19T14:55:33.902+0800: 20937.527: [CMS: 124786K->124785K(237276K), 0.4707769 secs] 124786K->124785K(414236K), [Metaspace: 121209K->121209K(1165312K)], 0.4711507 secs] [Times: user=0.47 sys=0.00, real=0.47 secs] 
2020-03-19T14:55:34.376+0800: 20938.001: [Full GC (Metadata GC Threshold) 2020-03-19T14:55:34.376+0800: 20938.001: [CMS: 124785K->124785K(237276K), 0.4798979 secs] 124818K->124785K(414236K), [Metaspace: 121209K->121209K(1165312K)], 0.4803258 secs] [Times: user=0.47 sys=0.00, real=0.48 secs] 
2020-03-19T14:55:34.857+0800: 20938.481: [Full GC (Last ditch collection) 2020-03-19T14:55:34.857+0800: 20938.482: [CMS: 124785K->124785K(237276K), 0.5108336 secs] 124785K->124785K(414236K), [Metaspace: 121209K->121209K(1165312K)], 0.5113474 secs] [Times: user=0.51 sys=0.00, real=0.52 secs] 
2020-03-19T14:55:35.372+0800: 20938.997: [Full GC (Metadata GC Threshold) 2020-03-19T14:55:35.372+0800: 20938.997: [CMS: 124785K->124782K(237276K), 0.4857175 secs] 124811K->124782K(414236K), [Metaspace: 121209K->121209K(1165312K)], 0.4861567 secs] [Times: user=0.48 sys=0.00, real=0.49 secs] 
2020-03-19T14:55:35.859+0800: 20939.483: [Full GC (Last ditch collection) 2020-03-19T14:55:35.859+0800: 20939.483: [CMS: 124782K->124782K(237276K), 0.4679757 secs] 124782K->124782K(414236K), [Metaspace: 121209K->121209K(1165312K)], 0.4683681 secs] [Times: user=0.47 sys=0.00, real=0.47 secs] 
2020-03-19T14:55:36.330+0800: 20939.955: [Full GC (Metadata GC Threshold) 2020-03-19T14:55:36.330+0800: 20939.955: [CMS: 124782K->124781K(237276K), 0.4660115 secs] 124786K->124781K(414236K), [Metaspace: 121209K->121209K(1165312K)], 0.4664359 secs] [Times: user=0.46 sys=0.00, real=0.46 secs] 
2020-03-19T14:55:36.797+0800: 20940.421: [Full GC (Last ditch collection) 2020-03-19T14:55:36.797+0800: 20940.422: [CMS: 124781K->124781K(237276K), 0.4579189 secs] 124781K->124781K(414236K), [Metaspace: 121209K->121209K(1165312K)], 0.4583583 secs] [Times: user=0.46 sys=0.00, real=0.46 secs] 
2020-03-19T14:55:37.258+0800: 20940.883: [Full GC (Metadata GC Threshold) 2020-03-19T14:55:37.259+0800: 20940.883: [CMS: 124781K->124782K(237276K), 0.4600085 secs] 124790K->124782K(414236K), [Metaspace: 121209K->121209K(1165312K)], 0.4603954 secs] [Times: user=0.47 sys=0.00, real=0.46 secs] 
2020-03-19T14:55:37.719+0800: 20941.344: [Full GC (Last ditch collection) 2020-03-19T14:55:37.719+0800: 20941.344: [CMS: 124782K->124782K(237276K), 0.4630771 secs] 124782K->124782K(414236K), [Metaspace: 121209K->121209K(1165312K)], 0.4634396 secs] [Times: user=0.46 sys=0.00, real=0.46 secs] 
2020-03-19T14:55:38.186+0800: 20941.810: [Full GC (Metadata GC Threshold) 2020-03-19T14:55:38.186+0800: 20941.810: [CMS: 124782K->124696K(237276K), 0.5274770 secs] 124788K->124696K(414236K), [Metaspace: 121209K->121209K(1165312K)], 0.5278754 secs] [Times: user=0.50 sys=0.00, real=0.53 secs] 
2020-03-19T14:55:38.714+0800: 20942.338: [Full GC (Last ditch collection) 2020-03-19T14:55:38.714+0800: 20942.339: [CMS: 124696K->124696K(237276K), 0.4725178 secs] 124696K->124696K(414236K), [Metaspace: 121209K->121209K(1165312K)], 0.4729453 secs] [Times: user=0.47 sys=0.00, real=0.48 secs] 
2020-03-19T14:55:39.190+0800: 20942.815: [Full GC (Metadata GC Threshold) 2020-03-19T14:55:39.190+0800: 20942.815: [CMS: 124696K->124696K(237276K), 0.4984098 secs] 124709K->124696K(414236K), [Metaspace: 121209K->121209K(1165312K)], 0.4989120 secs] [Times: user=0.50 sys=0.00, real=0.50 secs] 
2020-03-19T14:55:39.689+0800: 20943.314: [Full GC (Last ditch collection) 2020-03-19T14:55:39.689+0800: 20943.314: [CMS: 124696K->124696K(237276K), 0.4515972 secs] 124696K->124696K(414236K), [Metaspace: 121209K->121209K(1165312K)], 0.4520507 secs] [Times: user=0.46 sys=0.00, real=0.45 secs] 
2020-03-19T14:55:40.146+0800: 20943.771: [Full GC (Metadata GC Threshold) 2020-03-19T14:55:40.147+0800: 20943.771: [CMS: 124696K->124696K(237276K), 0.4748431 secs] 124704K->124696K(414236K), [Metaspace: 121209K->121209K(1165312K)], 0.4752675 secs] [Times: user=0.47 sys=0.00, real=0.47 secs] 
2020-03-19T14:55:40.622+0800: 20944.247: [Full GC (Last ditch collection) 2020-03-19T14:55:40.622+0800: 20944.247: [CMS: 124696K->124696K(237276K), 0.5237521 secs] 124696K->124696K(414236K), [Metaspace: 121209K->121209K(1165312K)], 0.5242249 secs] [Times: user=0.47 sys=0.00, real=0.53 secs] 
2020-03-19T14:55:41.149+0800: 20944.774: [Full GC (Metadata GC Threshold) 2020-03-19T14:55:41.149+0800: 20944.774: [CMS: 124696K->124696K(237276K), 0.4600699 secs] 124696K->124696K(414236K), [Metaspace: 121209K->121209K(1165312K)], 0.4605060 secs] [Times: user=0.45 sys=0.00, real=0.46 secs] 
2020-03-19T14:55:41.610+0800: 20945.234: [Full GC (Last ditch collection) 2020-03-19T14:55:41.610+0800: 20945.235: [CMS: 124696K->124696K(237276K), 0.4719768 secs] 124696K->124696K(414236K), [Metaspace: 121209K->121209K(1165312K)], 0.4723903 secs] [Times: user=0.48 sys=0.00, real=0.47 secs] 
2020-03-19T14:55:42.085+0800: 20945.710: [Full GC (Metadata GC Threshold) 2020-03-19T14:55:42.085+0800: 20945.710: [CMS: 124696K->126203K(237276K), 0.4929791 secs] 126652K->126203K(414236K), [Metaspace: 121209K->121209K(1165312K)], 0.4934261 secs] [Times: user=0.48 sys=0.00, real=0.50 secs] 
2020-03-19T14:55:42.579+0800: 20946.203: [Full GC (Last ditch collection) 2020-03-19T14:55:42.579+0800: 20946.204: [CMS: 126203K->126203K(237276K), 0.5914532 secs] 126203K->126203K(414236K), [Metaspace: 121209K->121209K(1165312K)], 0.5919180 secs] [Times: user=0.55 sys=0.00, real=0.59 secs] 
2020-03-19T14:55:43.185+0800: 20946.810: [Full GC (Metadata GC Threshold) 2020-03-19T14:55:43.185+0800: 20946.810: [CMS: 126203K->122104K(237276K), 0.5076171 secs] 128933K->122104K(414236K), [Metaspace: 121209K->121209K(1165312K)], 0.5080998 secs] [Times: user=0.50 sys=0.00, real=0.51 secs] 
2020-03-19T14:55:43.693+0800: 20947.318: [Full GC (Last ditch collection) 2020-03-19T14:55:43.694+0800: 20947.318: [CMS: 122104K->122103K(237276K), 0.4568160 secs] 122104K->122103K(414236K), [Metaspace: 121209K->121209K(1165312K)], 0.4572944 secs] [Times: user=0.45 sys=0.00, real=0.46 secs] 
2020-03-19T14:55:44.154+0800: 20947.778: [Full GC (Metadata GC Threshold) 2020-03-19T14:55:44.154+0800: 20947.778: [CMS: 122103K->121021K(237276K), 0.5197595 secs] 122107K->121021K(414236K), [Metaspace: 121209K->121209K(1165312K)], 0.5201776 secs] [Times: user=0.51 sys=0.00, real=0.52 secs] 
2020-03-19T14:55:44.674+0800: 20948.299: [Full GC (Last ditch collection) 2020-03-19T14:55:44.674+0800: 20948.299: [CMS: 121021K->121021K(237276K), 0.4884671 secs] 121021K->121021K(414236K), [Metaspace: 121209K->121209K(1165312K)], 0.4888628 secs] [Times: user=0.48 sys=0.00, real=0.49 secs] 
2020-03-19T14:55:45.166+0800: 20948.791: [Full GC (Metadata GC Threshold) 2020-03-19T14:55:45.166+0800: 20948.791: [CMS: 121021K->121021K(237276K), 0.4761001 secs] 121030K->121021K(414236K), [Metaspace: 121209K->121209K(1165312K)], 0.4765429 secs] [Times: user=0.47 sys=0.00, real=0.47 secs] 
2020-03-19T14:55:45.643+0800: 20949.268: [Full GC (Last ditch collection) 2020-03-19T14:55:45.643+0800: 20949.268: [CMS: 121021K->121021K(237276K), 0.4909698 secs] 121021K->121021K(414236K), [Metaspace: 121209K->121209K(1165312K)], 0.4914136 secs] [Times: user=0.49 sys=0.00, real=0.49 secs] 
2020-03-19T14:55:46.141+0800: 20949.765: [Full GC (Metadata GC Threshold) 2020-03-19T14:55:46.141+0800: 20949.765: [CMS: 121021K->121023K(237276K), 0.5384813 secs] 121600K->121023K(414236K), [Metaspace: 121209K->121209K(1165312K)], 0.5389541 secs] [Times: user=0.51 sys=0.00, real=0.54 secs] 
2020-03-19T14:55:46.680+0800: 20950.304: [Full GC (Last ditch collection) 2020-03-19T14:55:46.680+0800: 20950.305: [CMS: 121023K->121021K(237276K), 0.4733372 secs] 121023K->121021K(414236K), [Metaspace: 121209K->121209K(1165312K)], 0.4738062 secs] [Times: user=0.47 sys=0.00, real=0.47 secs] 
2020-03-19T14:55:47.157+0800: 20950.781: [Full GC (Metadata GC Threshold) 2020-03-19T14:55:47.157+0800: 20950.782: [CMS: 121021K->121021K(237276K), 0.4946620 secs] 121029K->121021K(414236K), [Metaspace: 121209K->121209K(1165312K)], 0.4950622 secs] [Times: user=0.49 sys=0.00, real=0.50 secs] 
2020-03-19T14:55:47.652+0800: 20951.277: [Full GC (Last ditch collection) 2020-03-19T14:55:47.652+0800: 20951.277: [CMS: 121021K->121021K(237276K), 0.4630121 secs] 121021K->121021K(414236K), [Metaspace: 121209K->121209K(1165312K)], 0.4633787 secs] [Times: user=0.45 sys=0.00, real=0.46 secs] 
2020-03-19T14:55:48.119+0800: 20951.743: [Full GC (Metadata GC Threshold) 2020-03-19T14:55:48.119+0800: 20951.744: [CMS: 121021K->121021K(237276K), 0.5648017 secs] 121042K->121021K(414236K), [Metaspace: 121209K->121209K(1165312K)], 0.5652634 secs] [Times: user=0.52 sys=0.00, real=0.56 secs] 
2020-03-19T14:55:48.684+0800: 20952.309: [Full GC (Last ditch collection) 2020-03-19T14:55:48.685+0800: 20952.309: [CMS: 121021K->121021K(237276K), 0.5020942 secs] 121021K->121021K(414236K), [Metaspace: 121209K->121209K(1165312K)], 0.5091504 secs] [Times: user=0.46 sys=0.00, real=0.51 secs] 
2020-03-19T14:55:49.197+0800: 20952.822: [Full GC (Metadata GC Threshold) 2020-03-19T14:55:49.198+0800: 20952.822: [CMS: 121021K->121023K(237276K), 0.4639757 secs] 121161K->121023K(414236K), [Metaspace: 121209K->121209K(1165312K)], 0.4644102 secs] [Times: user=0.47 sys=0.00, real=0.47 secs] 
2020-03-19T14:55:49.662+0800: 20953.287: [Full GC (Last ditch collection) 2020-03-19T14:55:49.662+0800: 20953.287: [CMS: 121023K->121021K(237276K), 0.5077792 secs] 121023K->121021K(414236K), [Metaspace: 121209K->121209K(1165312K)], 0.5082337 secs] [Times: user=0.48 sys=0.00, real=0.51 secs] 
2020-03-19T14:55:50.176+0800: 20953.800: [Full GC (Metadata GC Threshold) 2020-03-19T14:55:50.176+0800: 20953.800: [CMS: 121021K->121022K(237276K), 0.5355120 secs] 121142K->121022K(414236K), [Metaspace: 121209K->121209K(1165312K)], 0.5359485 secs] [Times: user=0.53 sys=0.00, real=0.54 secs] 
2020-03-19T14:55:50.712+0800: 20954.336: [Full GC (Last ditch collection) 2020-03-19T14:55:50.712+0800: 20954.337: [CMS: 121022K->121022K(237276K), 0.4676485 secs] 121022K->121022K(414236K), [Metaspace: 121209K->121209K(1165312K)], 0.4680366 secs] [Times: user=0.46 sys=0.00, real=0.47 secs] 
2020-03-19T14:55:51.183+0800: 20954.807: [Full GC (Metadata GC Threshold) 2020-03-19T14:55:51.183+0800: 20954.808: [CMS: 121022K->121022K(237276K), 0.4659092 secs] 121026K->121022K(414236K), [Metaspace: 121209K->121209K(1165312K)], 0.4663251 secs] [Times: user=0.46 sys=0.00, real=0.47 secs] 
2020-03-19T14:55:51.650+0800: 20955.274: [Full GC (Last ditch collection) 2020-03-19T14:55:51.650+0800: 20955.274: [CMS: 121022K->121022K(237276K), 0.4616582 secs] 121022K->121022K(414236K), [Metaspace: 121209K->121209K(1165312K)], 0.4621600 secs] [Times: user=0.46 sys=0.00, real=0.46 secs] 
2020-03-19T14:55:52.115+0800: 20955.740: [Full GC (Metadata GC Threshold) 2020-03-19T14:55:52.115+0800: 20955.740: [CMS: 121022K->121023K(237276K), 0.5039981 secs] 121032K->121023K(414236K), [Metaspace: 121209K->121209K(1165312K)], 0.5045064 secs] [Times: user=0.50 sys=0.00, real=0.51 secs] 
2020-03-19T14:55:52.620+0800: 20956.245: [Full GC (Last ditch collection) 2020-03-19T14:55:52.620+0800: 20956.245: [CMS: 121023K->121023K(237276K), 0.4753076 secs] 121023K->121023K(414236K), [Metaspace: 121209K->121209K(1165312K)], 0.4757046 secs] [Times: user=0.47 sys=0.00, real=0.47 secs] 
2020-03-19T14:55:53.099+0800: 20956.723: [Full GC (Metadata GC Threshold) 2020-03-19T14:55:53.099+0800: 20956.724: [CMS: 121023K->121023K(237276K), 0.4978750 secs] 121027K->121023K(414236K), [Metaspace: 121209K->121209K(1165312K)], 0.4982646 secs] [Times: user=0.49 sys=0.00, real=0.49 secs] 
2020-03-19T14:55:53.597+0800: 20957.222: [Full GC (Last ditch collection) 2020-03-19T14:55:53.598+0800: 20957.222: [CMS: 121023K->121023K(237276K), 0.4653990 secs] 121023K->121023K(414236K), [Metaspace: 121209K->121209K(1165312K)], 0.4658112 secs] [Times: user=0.46 sys=0.00, real=0.47 secs] 
2020-03-19T14:55:54.066+0800: 20957.691: [Full GC (Metadata GC Threshold) 2020-03-19T14:55:54.066+0800: 20957.691: [CMS: 121023K->121023K(237276K), 0.4742797 secs] 121023K->121023K(414236K), [Metaspace: 121209K->121209K(1165312K)], 0.4747191 secs] [Times: user=0.47 sys=0.00, real=0.47 secs] 
2020-03-19T14:55:54.541+0800: 20958.166: [Full GC (Last ditch collection) 2020-03-19T14:55:54.541+0800: 20958.166: [CMS: 121023K->121023K(237276K), 0.4725516 secs] 121023K->121023K(414236K), [Metaspace: 121209K->121209K(1165312K)], 0.4730059 secs] [Times: user=0.46 sys=0.00, real=0.47 secs] 
2020-03-19T14:55:55.017+0800: 20958.642: [Full GC (Metadata GC Threshold) 2020-03-19T14:55:55.017+0800: 20958.642: [CMS: 121023K->121023K(237276K), 0.4841263 secs] 121027K->121023K(414236K), [Metaspace: 121209K->121209K(1165312K)], 0.4845527 secs] [Times: user=0.46 sys=0.00, real=0.49 secs] 
2020-03-19T14:55:55.502+0800: 20959.126: [Full GC (Last ditch collection) 2020-03-19T14:55:55.502+0800: 20959.127: [CMS: 121023K->121023K(237276K), 0.5246277 secs] 121023K->121023K(414236K), [Metaspace: 121209K->121209K(1165312K)], 0.5250447 secs] [Times: user=0.49 sys=0.00, real=0.53 secs] 
2020-03-19T14:55:56.031+0800: 20959.655: [Full GC (Metadata GC Threshold) 2020-03-19T14:55:56.031+0800: 20959.655: [CMS: 121023K->121021K(237276K), 0.4802353 secs] 121231K->121021K(414236K), [Metaspace: 121209K->121209K(1165312K)], 0.4806535 secs] [Times: user=0.47 sys=0.00, real=0.48 secs] 
2020-03-19T14:55:56.512+0800: 20960.136: [Full GC (Last ditch collection) 2020-03-19T14:55:56.512+0800: 20960.136: [CMS: 121021K->121021K(237276K), 0.4905477 secs] 121021K->121021K(414236K), [Metaspace: 121209K->121209K(1165312K)], 0.4909654 secs] [Times: user=0.47 sys=0.00, real=0.49 secs] 
2020-03-19T14:55:57.006+0800: 20960.630: [Full GC (Metadata GC Threshold) 2020-03-19T14:55:57.006+0800: 20960.631: [CMS: 121021K->121021K(237276K), 0.4734187 secs] 121023K->121021K(414236K), [Metaspace: 121209K->121209K(1165312K)], 0.4738667 secs] [Times: user=0.47 sys=0.00, real=0.48 secs] 
2020-03-19T14:55:57.480+0800: 20961.105: [Full GC (Last ditch collection) 2020-03-19T14:55:57.480+0800: 20961.105: [CMS: 121021K->121021K(237276K), 0.5836589 secs] 121021K->121021K(414236K), [Metaspace: 121209K->121209K(1165312K)], 0.5840482 secs] [Times: user=0.53 sys=0.00, real=0.58 secs] 
2020-03-19T14:55:58.067+0800: 20961.692: [Full GC (Metadata GC Threshold) 2020-03-19T14:55:58.067+0800: 20961.692: [CMS: 121021K->121021K(237276K), 0.4562624 secs] 121025K->121021K(414236K), [Metaspace: 121209K->121209K(1165312K)], 0.4566506 secs] [Times: user=0.45 sys=0.00, real=0.45 secs] 
2020-03-19T14:55:58.524+0800: 20962.148: [Full GC (Last ditch collection) 2020-03-19T14:55:58.524+0800: 20962.149: [CMS: 121021K->121021K(237276K), 0.5169658 secs] 121021K->121021K(414236K), [Metaspace: 121209K->121209K(1165312K)], 0.5173168 secs] [Times: user=0.48 sys=0.00, real=0.52 secs] 
2020-03-19T14:55:59.044+0800: 20962.669: [Full GC (Metadata GC Threshold) 2020-03-19T14:55:59.044+0800: 20962.669: [CMS: 121021K->121021K(237276K), 0.4647506 secs] 121021K->121021K(414236K), [Metaspace: 121209K->121209K(1165312K)], 0.4651313 secs] [Times: user=0.46 sys=0.00, real=0.47 secs] 
2020-03-19T14:55:59.510+0800: 20963.134: [Full GC (Last ditch collection) 2020-03-19T14:55:59.510+0800: 20963.134: [CMS: 121021K->121021K(237276K), 0.5205703 secs] 121021K->121021K(414236K), [Metaspace: 121209K->121209K(1165312K)], 0.5210208 secs] [Times: user=0.47 sys=0.00, real=0.52 secs] 
2020-03-19T14:56:00.035+0800: 20963.660: [Full GC (Metadata GC Threshold) 2020-03-19T14:56:00.036+0800: 20963.660: [CMS: 121021K->121021K(237276K), 0.4856322 secs] 121025K->121021K(414236K), [Metaspace: 121209K->121209K(1165312K)], 0.4862850 secs] [Times: user=0.48 sys=0.00, real=0.49 secs] 
2020-03-19T14:56:00.522+0800: 20964.146: [Full GC (Last ditch collection) 2020-03-19T14:56:00.522+0800: 20964.146: [CMS: 121021K->121021K(237276K), 0.4942334 secs] 121021K->121021K(414236K), [Metaspace: 121209K->121209K(1165312K)], 0.4946276 secs] [Times: user=0.48 sys=0.00, real=0.49 secs] 
2020-03-19T14:56:01.019+0800: 20964.644: [Full GC (Metadata GC Threshold) 2020-03-19T14:56:01.019+0800: 20964.644: [CMS: 121021K->121021K(237276K), 0.6221145 secs] 121025K->121021K(414236K), [Metaspace: 121209K->121209K(1165312K)], 0.6225276 secs] [Times: user=0.55 sys=0.00, real=0.62 secs] 
2020-03-19T14:56:01.642+0800: 20965.267: [Full GC (Last ditch collection) 2020-03-19T14:56:01.642+0800: 20965.267: [CMS: 121021K->121021K(237276K), 0.4704205 secs] 121021K->121021K(414236K), [Metaspace: 121209K->121209K(1165312K)], 0.4708261 secs] [Times: user=0.47 sys=0.00, real=0.47 secs] 
2020-03-19T14:56:02.116+0800: 20965.740: [Full GC (Metadata GC Threshold) 2020-03-19T14:56:02.116+0800: 20965.741: [CMS: 121021K->121021K(237276K), 0.4933551 secs] 121023K->121021K(414236K), [Metaspace: 121209K->121209K(1165312K)], 0.4937239 secs] [Times: user=0.48 sys=0.00, real=0.50 secs] 
2020-03-19T14:56:02.610+0800: 20966.234: [Full GC (Last ditch collection) 2020-03-19T14:56:02.610+0800: 20966.235: [CMS: 121021K->121021K(237276K), 0.4739859 secs] 121021K->121021K(414236K), [Metaspace: 121209K->121209K(1165312K)], 0.4743534 secs] [Times: user=0.47 sys=0.00, real=0.47 secs] 
2020-03-19T14:56:03.087+0800: 20966.712: [Full GC (Metadata GC Threshold) 2020-03-19T14:56:03.088+0800: 20966.712: [CMS: 121021K->121021K(237276K), 0.4956630 secs] 121030K->121021K(414236K), [Metaspace: 121209K->121209K(1165312K)], 0.4960954 secs] [Times: user=0.48 sys=0.00, real=0.49 secs] 
2020-03-19T14:56:03.584+0800: 20967.208: [Full GC (Last ditch collection) 2020-03-19T14:56:03.584+0800: 20967.208: [CMS: 121021K->121021K(237276K), 0.4741544 secs] 121021K->121021K(414236K), [Metaspace: 121209K->121209K(1165312K)], 0.4745490 secs] [Times: user=0.47 sys=0.00, real=0.48 secs] 
2020-03-19T14:56:04.061+0800: 20967.686: [Full GC (Metadata GC Threshold) 2020-03-19T14:56:04.061+0800: 20967.686: [CMS: 121021K->121021K(237276K), 0.4835940 secs] 121038K->121021K(414236K), [Metaspace: 121209K->121209K(1165312K)], 0.4840580 secs] [Times: user=0.48 sys=0.00, real=0.49 secs] 
2020-03-19T14:56:04.548+0800: 20968.173: [Full GC (Last ditch collection) 2020-03-19T14:56:04.548+0800: 20968.173: [CMS: 121021K->121021K(237276K), 0.5484333 secs] 121021K->121021K(414236K), [Metaspace: 121209K->121209K(1165312K)], 0.5489072 secs] [Times: user=0.49 sys=0.00, real=0.54 secs] 
2020-03-19T14:56:05.100+0800: 20968.725: [Full GC (Metadata GC Threshold) 2020-03-19T14:56:05.100+0800: 20968.725: [CMS: 121021K->121021K(237276K), 0.4897579 secs] 121034K->121021K(414236K), [Metaspace: 121209K->121209K(1165312K)], 0.4901626 secs] [Times: user=0.48 sys=0.00, real=0.49 secs] 
2020-03-19T14:56:05.591+0800: 20969.215: [Full GC (Last ditch collection) 2020-03-19T14:56:05.591+0800: 20969.215: [CMS: 121021K->121021K(237276K), 0.4877156 secs] 121021K->121021K(414236K), [Metaspace: 121209K->121209K(1165312K)], 0.4881320 secs] [Times: user=0.48 sys=0.00, real=0.49 secs] 
2020-03-19T14:56:06.089+0800: 20969.713: [Full GC (Metadata GC Threshold) 2020-03-19T14:56:06.089+0800: 20969.713: [CMS: 121021K->121044K(237276K), 0.4874497 secs] 121329K->121044K(414236K), [Metaspace: 121209K->121209K(1165312K)], 0.4879367 secs] [Times: user=0.48 sys=0.00, real=0.48 secs] 
2020-03-19T14:56:06.577+0800: 20970.201: [Full GC (Last ditch collection) 2020-03-19T14:56:06.577+0800: 20970.202: [CMS: 121044K->121044K(237276K), 0.4779018 secs] 121044K->121044K(414236K), [Metaspace: 121209K->121209K(1165312K)], 0.4783546 secs] [Times: user=0.48 sys=0.00, real=0.48 secs] 
2020-03-19T14:56:07.059+0800: 20970.683: [Full GC (Metadata GC Threshold) 2020-03-19T14:56:07.059+0800: 20970.683: [CMS: 121044K->121044K(237276K), 0.4910405 secs] 121086K->121044K(414236K), [Metaspace: 121209K->121209K(1165312K)], 0.4914976 secs] [Times: user=0.49 sys=0.00, real=0.49 secs] 
2020-03-19T14:56:07.551+0800: 20971.175: [Full GC (Last ditch collection) 2020-03-19T14:56:07.551+0800: 20971.175: [CMS: 121044K->121044K(237276K), 0.4818203 secs] 121044K->121044K(414236K), [Metaspace: 121209K->121209K(1165312K)], 0.4821857 secs] [Times: user=0.46 sys=0.00, real=0.48 secs] 
2020-03-19T14:56:08.035+0800: 20971.660: [Full GC (Metadata GC Threshold) 2020-03-19T14:56:08.036+0800: 20971.660: [CMS: 121044K->121044K(237276K), 0.5333162 secs] 121049K->121044K(414236K), [Metaspace: 121209K->121209K(1165312K)], 0.5337736 secs] [Times: user=0.50 sys=0.00, real=0.54 secs] 
2020-03-19T14:56:08.570+0800: 20972.194: [Full GC (Last ditch collection) 2020-03-19T14:56:08.570+0800: 20972.194: [CMS: 121044K->121044K(237276K), 0.4966646 secs] 121044K->121044K(414236K), [Metaspace: 121209K->121209K(1165312K)], 0.4970851 secs] [Times: user=0.48 sys=0.00, real=0.50 secs] 
2020-03-19T14:56:09.070+0800: 20972.694: [Full GC (Metadata GC Threshold) 2020-03-19T14:56:09.070+0800: 20972.694: [CMS: 121044K->121044K(237276K), 0.4803761 secs] 121046K->121044K(414236K), [Metaspace: 121209K->121209K(1165312K)], 0.4810320 secs] [Times: user=0.47 sys=0.00, real=0.48 secs] 
2020-03-19T14:56:09.553+0800: 20973.177: [Full GC (Last ditch collection) 2020-03-19T14:56:09.553+0800: 20973.177: [CMS: 121044K->121044K(237276K), 0.4772449 secs] 121044K->121044K(414236K), [Metaspace: 121209K->121209K(1165312K)], 0.4776875 secs] [Times: user=0.48 sys=0.00, real=0.48 secs] 
2020-03-19T14:56:10.033+0800: 20973.658: [Full GC (Metadata GC Threshold) 2020-03-19T14:56:10.033+0800: 20973.658: [CMS: 121044K->121044K(237276K), 0.4711779 secs] 121049K->121044K(414236K), [Metaspace: 121209K->121209K(1165312K)], 0.4715849 secs] [Times: user=0.47 sys=0.00, real=0.47 secs] 
2020-03-19T14:56:10.505+0800: 20974.129: [Full GC (Last ditch collection) 2020-03-19T14:56:10.505+0800: 20974.130: [CMS: 121044K->121044K(237276K), 0.4983443 secs] 121044K->121044K(414236K), [Metaspace: 121209K->121209K(1165312K)], 0.4987237 secs] [Times: user=0.49 sys=0.00, real=0.50 secs] 
2020-03-19T14:56:11.006+0800: 20974.631: [Full GC (Metadata GC Threshold) 2020-03-19T14:56:11.007+0800: 20974.631: [CMS: 121044K->121044K(237276K), 0.4408488 secs] 121049K->121044K(414236K), [Metaspace: 121209K->121209K(1165312K)], 0.4412512 secs] [Times: user=0.44 sys=0.00, real=0.44 secs] 
2020-03-19T14:56:11.448+0800: 20975.073: [Full GC (Last ditch collection) 2020-03-19T14:56:11.448+0800: 20975.073: [CMS: 121044K->121044K(237276K), 0.4935545 secs] 121044K->121044K(414236K), [Metaspace: 121209K->121209K(1165312K)], 0.4939226 secs] [Times: user=0.48 sys=0.00, real=0.49 secs] 
2020-03-19T14:56:11.945+0800: 20975.569: [Full GC (Metadata GC Threshold) 2020-03-19T14:56:11.945+0800: 20975.569: [CMS: 121044K->121044K(237276K), 0.5026403 secs] 121057K->121044K(414236K), [Metaspace: 121209K->121209K(1165312K)], 0.5030920 secs] [Times: user=0.47 sys=0.00, real=0.51 secs] 
2020-03-19T14:56:12.448+0800: 20976.073: [Full GC (Last ditch collection) 2020-03-19T14:56:12.448+0800: 20976.073: [CMS: 121044K->121044K(237276K), 0.5947626 secs] 121044K->121044K(414236K), [Metaspace: 121209K->121209K(1165312K)], 0.5952243 secs] [Times: user=0.55 sys=0.00, real=0.59 secs] 
2020-03-19T14:56:13.082+0800: 20976.706: [GC (CMS Initial Mark) [1 CMS-initial-mark: 121044K(237276K)] 123457K(414236K), 0.0098915 secs] [Times: user=0.01 sys=0.00, real=0.01 secs] 
2020-03-19T14:56:13.092+0800: 20976.716: [CMS-concurrent-mark-start]
2020-03-19T14:56:13.098+0800: 20976.723: [Full GC (Metadata GC Threshold) 2020-03-19T14:56:13.099+0800: 20976.723: [CMS2020-03-19T14:56:13.273+0800: 20976.898: [CMS-concurrent-mark: 0.174/0.181 secs] [Times: user=0.18 sys=0.00, real=0.18 secs] 
 (concurrent mode failure): 121044K->121098K(237276K), 0.6774485 secs] 123457K->121098K(414236K), [Metaspace: 121209K->121209K(1165312K)], 0.6778632 secs] [Times: user=0.67 sys=0.00, real=0.67 secs] 
2020-03-19T14:56:13.777+0800: 20977.401: [Full GC (Last ditch collection) 2020-03-19T14:56:13.777+0800: 20977.401: [CMS: 121098K->121096K(237276K), 0.4581883 secs] 121098K->121096K(414236K), [Metaspace: 121209K->121209K(1165312K)], 0.4586307 secs] [Times: user=0.46 sys=0.00, real=0.46 secs] 
2020-03-19T14:56:14.239+0800: 20977.863: [Full GC (Metadata GC Threshold) 2020-03-19T14:56:14.239+0800: 20977.864: [CMS: 121096K->121096K(237276K), 0.4829612 secs] 121098K->121096K(414236K), [Metaspace: 121209K->121209K(1165312K)], 0.4834019 secs] [Times: user=0.49 sys=0.00, real=0.48 secs] 
2020-03-19T14:56:14.723+0800: 20978.347: [Full GC (Last ditch collection) 2020-03-19T14:56:14.723+0800: 20978.347: [CMS: 121096K->121096K(237276K), 0.4938457 secs] 121096K->121096K(414236K), [Metaspace: 121209K->121209K(1165312K)], 0.4942998 secs] [Times: user=0.49 sys=0.00, real=0.49 secs] 
2020-03-19T14:56:15.220+0800: 20978.845: [Full GC (Metadata GC Threshold) 2020-03-19T14:56:15.220+0800: 20978.845: [CMS: 121096K->121096K(237276K), 0.4862492 secs] 121106K->121096K(414236K), [Metaspace: 121209K->121209K(1165312K)], 0.4867050 secs] [Times: user=0.48 sys=0.00, real=0.49 secs] 
2020-03-19T14:56:15.707+0800: 20979.332: [Full GC (Last ditch collection) 2020-03-19T14:56:15.708+0800: 20979.332: [CMS: 121096K->121096K(237276K), 0.5547562 secs] 121096K->121096K(414236K), [Metaspace: 121209K->121209K(1165312K)], 0.5552746 secs] [Times: user=0.50 sys=0.00, real=0.55 secs] 
2020-03-19T14:56:16.268+0800: 20979.892: [GC (CMS Initial Mark) [1 CMS-initial-mark: 121096K(237276K)] 121258K(414236K), 0.0126314 secs] [Times: user=0.02 sys=0.00, real=0.01 secs] 
2020-03-19T14:56:16.281+0800: 20979.905: [CMS-concurrent-mark-start]
2020-03-19T14:56:16.284+0800: 20979.908: [Full GC (Metadata GC Threshold) 2020-03-19T14:56:16.284+0800: 20979.908: [CMS2020-03-19T14:56:16.507+0800: 20980.132: [CMS-concurrent-mark: 0.216/0.226 secs] [Times: user=0.20 sys=0.00, real=0.23 secs] 
 (concurrent mode failure): 121096K->121097K(237276K), 0.7095655 secs] 121258K->121097K(414236K), [Metaspace: 121209K->121209K(1165312K)], 0.7100042 secs] [Times: user=0.67 sys=0.00, real=0.71 secs] 
2020-03-19T14:56:16.994+0800: 20980.618: [Full GC (Last ditch collection) 2020-03-19T14:56:16.994+0800: 20980.619: [CMS: 121097K->121096K(237276K), 0.4597799 secs] 121097K->121096K(414236K), [Metaspace: 121209K->121209K(1165312K)], 0.4601500 secs] [Times: user=0.45 sys=0.00, real=0.46 secs] 
2020-03-19T14:56:17.457+0800: 20981.082: [Full GC (Metadata GC Threshold) 2020-03-19T14:56:17.458+0800: 20981.082: [CMS: 121096K->121097K(237276K), 0.5174006 secs] 121118K->121097K(414236K), [Metaspace: 121209K->121209K(1165312K)], 0.5178139 secs] [Times: user=0.51 sys=0.00, real=0.52 secs] 
2020-03-19T14:56:17.975+0800: 20981.600: [Full GC (Last ditch collection) 2020-03-19T14:56:17.976+0800: 20981.600: [CMS: 121097K->121096K(237276K), 0.5187823 secs] 121097K->121096K(414236K), [Metaspace: 121209K->121209K(1165312K)], 0.5192009 secs] [Times: user=0.49 sys=0.00, real=0.52 secs] 
2020-03-19T14:56:18.499+0800: 20982.124: [Full GC (Metadata GC Threshold) 2020-03-19T14:56:18.499+0800: 20982.124: [CMS: 121096K->121097K(237276K), 0.5260112 secs] 121101K->121097K(414236K), [Metaspace: 121209K->121209K(1165312K)], 0.5264624 secs] [Times: user=0.48 sys=0.00, real=0.52 secs] 
2020-03-19T14:56:19.026+0800: 20982.651: [Full GC (Last ditch collection) 2020-03-19T14:56:19.026+0800: 20982.651: [CMS: 121097K->121097K(237276K), 0.4526291 secs] 121097K->121097K(414236K), [Metaspace: 121209K->121209K(1165312K)], 0.4531148 secs] [Times: user=0.45 sys=0.00, real=0.45 secs] 
2020-03-19T14:56:19.483+0800: 20983.107: [GC (CMS Initial Mark) [1 CMS-initial-mark: 121097K(237276K)] 121103K(414236K), 0.0119991 secs] [Times: user=0.02 sys=0.00, real=0.01 secs] 
2020-03-19T14:56:19.495+0800: 20983.120: [CMS-concurrent-mark-start]
2020-03-19T14:56:19.505+0800: 20983.129: [Full GC (Metadata GC Threshold) 2020-03-19T14:56:19.505+0800: 20983.129: [CMS2020-03-19T14:56:19.739+0800: 20983.364: [CMS-concurrent-mark: 0.237/0.244 secs] [Times: user=0.21 sys=0.00, real=0.25 secs] 
 (concurrent mode failure): 121097K->121098K(237276K), 0.7817762 secs] 121533K->121098K(414236K), [Metaspace: 121209K->121209K(1165312K)], 0.7822404 secs] [Times: user=0.73 sys=0.00, real=0.79 secs] 
2020-03-19T14:56:20.287+0800: 20983.912: [Full GC (Last ditch collection) 2020-03-19T14:56:20.287+0800: 20983.912: [CMS: 121098K->121096K(237276K), 0.4720926 secs] 121098K->121096K(414236K), [Metaspace: 121209K->121209K(1165312K)], 0.4724937 secs] [Times: user=0.47 sys=0.00, real=0.47 secs] 
2020-03-19T14:56:20.763+0800: 20984.388: [Full GC (Metadata GC Threshold) 2020-03-19T14:56:20.763+0800: 20984.388: [CMS: 121096K->121096K(237276K), 0.4791723 secs] 121109K->121096K(414236K), [Metaspace: 121209K->121209K(1165312K)], 0.4795899 secs] [Times: user=0.48 sys=0.00, real=0.48 secs] 
2020-03-19T14:56:21.243+0800: 20984.867: [Full GC (Last ditch collection) 2020-03-19T14:56:21.243+0800: 20984.868: [CMS: 121096K->121096K(237276K), 0.4503087 secs] 121096K->121096K(414236K), [Metaspace: 121209K->121209K(1165312K)], 0.4506690 secs] [Times: user=0.45 sys=0.00, real=0.45 secs] 
2020-03-19T14:56:21.696+0800: 20985.321: [GC (CMS Initial Mark) [1 CMS-initial-mark: 121096K(237276K)] 121103K(414236K), 0.0078871 secs] [Times: user=0.02 sys=0.00, real=0.01 secs] 
2020-03-19T14:56:21.705+0800: 20985.329: [CMS-concurrent-mark-start]
2020-03-19T14:56:21.719+0800: 20985.344: [Full GC (Metadata GC Threshold) 2020-03-19T14:56:21.720+0800: 20985.344: [CMS2020-03-19T14:56:21.910+0800: 20985.534: [CMS-concurrent-mark: 0.194/0.205 secs] [Times: user=0.20 sys=0.00, real=0.21 secs] 
 (concurrent mode failure): 121096K->121098K(237276K), 0.6683986 secs] 121358K->121098K(414236K), [Metaspace: 121209K->121209K(1165312K)], 0.6688721 secs] [Times: user=0.66 sys=0.00, real=0.67 secs] 
2020-03-19T14:56:22.389+0800: 20986.013: [Full GC (Last ditch collection) 2020-03-19T14:56:22.389+0800: 20986.013: [CMS: 121098K->121097K(237276K), 0.4658801 secs] 121098K->121097K(414236K), [Metaspace: 121209K->121209K(1165312K)], 0.4663727 secs] [Times: user=0.46 sys=0.00, real=0.46 secs] 
2020-03-19T14:56:22.858+0800: 20986.483: [Full GC (Metadata GC Threshold) 2020-03-19T14:56:22.858+0800: 20986.483: [CMS: 121097K->121098K(237276K), 0.4747244 secs] 121110K->121098K(414236K), [Metaspace: 121209K->121209K(1165312K)], 0.4751704 secs] [Times: user=0.47 sys=0.00, real=0.48 secs] 
2020-03-19T14:56:23.333+0800: 20986.958: [Full GC (Last ditch collection) 2020-03-19T14:56:23.334+0800: 20986.958: [CMS: 121098K->121098K(237276K), 0.4829154 secs] 121098K->121098K(414236K), [Metaspace: 121209K->121209K(1165312K)], 0.4833067 secs] [Times: user=0.48 sys=0.00, real=0.48 secs] 
2020-03-19T14:56:23.821+0800: 20987.446: [Full GC (Metadata GC Threshold) 2020-03-19T14:56:23.821+0800: 20987.446: [CMS: 121098K->121093K(237276K), 0.4666296 secs] 122062K->121093K(414236K), [Metaspace: 121209K->121209K(1165312K)], 0.4670761 secs] [Times: user=0.46 sys=0.00, real=0.47 secs] 
2020-03-19T14:56:24.289+0800: 20987.913: [Full GC (Last ditch collection) 2020-03-19T14:56:24.289+0800: 20987.913: [CMS: 121093K->121072K(237276K), 0.4707900 secs] 121093K->121072K(414236K), [Metaspace: 121209K->121209K(1165312K)], 0.4712135 secs] [Times: user=0.47 sys=0.00, real=0.47 secs] 
2020-03-19T14:56:24.764+0800: 20988.389: [Full GC (Metadata GC Threshold) 2020-03-19T14:56:24.765+0800: 20988.389: [CMS: 121072K->121072K(237276K), 0.4629027 secs] 121077K->121072K(414236K), [Metaspace: 121209K->121209K(1165312K)], 0.4633087 secs] [Times: user=0.46 sys=0.00, real=0.47 secs] 
2020-03-19T14:56:25.228+0800: 20988.853: [Full GC (Last ditch collection) 2020-03-19T14:56:25.228+0800: 20988.853: [CMS: 121072K->121072K(237276K), 0.4856692 secs] 121072K->121072K(414236K), [Metaspace: 121209K->121209K(1165312K)], 0.4860884 secs] [Times: user=0.47 sys=0.00, real=0.48 secs] 
2020-03-19T14:56:25.717+0800: 20989.342: [Full GC (Metadata GC Threshold) 2020-03-19T14:56:25.718+0800: 20989.342: [CMS: 121072K->121074K(237276K), 0.5002117 secs] 121079K->121074K(414236K), [Metaspace: 121209K->121209K(1165312K)], 0.5006122 secs] [Times: user=0.50 sys=0.00, real=0.51 secs] 
2020-03-19T14:56:26.218+0800: 20989.843: [Full GC (Last ditch collection) 2020-03-19T14:56:26.218+0800: 20989.843: [CMS: 121074K->121073K(237276K), 0.5087996 secs] 121074K->121073K(414236K), [Metaspace: 121209K->121209K(1165312K)], 0.5091910 secs] [Times: user=0.49 sys=0.00, real=0.51 secs] 
2020-03-19T14:56:26.730+0800: 20990.355: [Full GC (Metadata GC Threshold) 2020-03-19T14:56:26.730+0800: 20990.355: [CMS: 121073K->121073K(237276K), 0.5024983 secs] 121080K->121073K(414236K), [Metaspace: 121209K->121209K(1165312K)], 0.5029622 secs] [Times: user=0.48 sys=0.00, real=0.50 secs] 
2020-03-19T14:56:27.234+0800: 20990.858: [Full GC (Last ditch collection) 2020-03-19T14:56:27.234+0800: 20990.858: [CMS: 121073K->121073K(237276K), 0.5219703 secs] 121073K->121073K(414236K), [Metaspace: 121209K->121209K(1165312K)], 0.5224525 secs] [Times: user=0.50 sys=0.00, real=0.52 secs] 
2020-03-19T14:56:27.760+0800: 20991.384: [Full GC (Metadata GC Threshold) 2020-03-19T14:56:27.760+0800: 20991.385: [CMS: 121073K->121073K(237276K), 0.5408172 secs] 121076K->121073K(414236K), [Metaspace: 121209K->121209K(1165312K)], 0.5412758 secs] [Times: user=0.50 sys=0.00, real=0.54 secs] 
2020-03-19T14:56:28.301+0800: 20991.926: [Full GC (Last ditch collection) 2020-03-19T14:56:28.302+0800: 20991.926: [CMS: 121073K->121073K(237276K), 0.4678079 secs] 121073K->121073K(414236K), [Metaspace: 121209K->121209K(1165312K)], 0.4681967 secs] [Times: user=0.46 sys=0.00, real=0.47 secs] 
2020-03-19T14:56:28.772+0800: 20992.397: [Full GC (Metadata GC Threshold) 2020-03-19T14:56:28.773+0800: 20992.397: [CMS: 121073K->121073K(237276K), 0.5154774 secs] 121078K->121073K(414236K), [Metaspace: 121209K->121209K(1165312K)], 0.5158935 secs] [Times: user=0.50 sys=0.00, real=0.52 secs] 
2020-03-19T14:56:29.289+0800: 20992.913: [Full GC (Last ditch collection) 2020-03-19T14:56:29.289+0800: 20992.913: [CMS: 121073K->121073K(237276K), 0.5138608 secs] 121073K->121073K(414236K), [Metaspace: 121209K->121209K(1165312K)], 0.5142917 secs] [Times: user=0.49 sys=0.00, real=0.51 secs] 
2020-03-19T14:56:29.806+0800: 20993.430: [Full GC (Metadata GC Threshold) 2020-03-19T14:56:29.806+0800: 20993.431: [CMS: 121073K->121073K(237276K), 0.4671598 secs] 121086K->121073K(414236K), [Metaspace: 121209K->121209K(1165312K)], 0.4676220 secs] [Times: user=0.46 sys=0.00, real=0.47 secs] 
2020-03-19T14:56:30.274+0800: 20993.898: [Full GC (Last ditch collection) 2020-03-19T14:56:30.274+0800: 20993.899: [CMS: 121073K->121073K(237276K), 0.5070762 secs] 121073K->121073K(414236K), [Metaspace: 121209K->121209K(1165312K)], 0.5075487 secs] [Times: user=0.49 sys=0.00, real=0.51 secs] 
2020-03-19T14:56:30.784+0800: 20994.409: [GC (CMS Initial Mark) [1 CMS-initial-mark: 121073K(237276K)] 121079K(414236K), 0.0100378 secs] [Times: user=0.02 sys=0.00, real=0.01 secs] 
2020-03-19T14:56:30.795+0800: 20994.420: [CMS-concurrent-mark-start]
2020-03-19T14:56:30.804+0800: 20994.429: [Full GC (Metadata GC Threshold) 2020-03-19T14:56:30.804+0800: 20994.429: [CMS2020-03-19T14:56:30.999+0800: 20994.624: [CMS-concurrent-mark: 0.196/0.204 secs] [Times: user=0.21 sys=0.00, real=0.21 secs] 
 (concurrent mode failure): 121073K->121068K(237276K), 0.7845927 secs] 121640K->121068K(414236K), [Metaspace: 121209K->121209K(1165312K)], 0.7850171 secs] [Times: user=0.72 sys=0.00, real=0.79 secs] 
2020-03-19T14:56:31.589+0800: 20995.214: [Full GC (Last ditch collection) 2020-03-19T14:56:31.590+0800: 20995.214: [CMS: 121068K->121067K(237276K), 0.4649903 secs] 121068K->121067K(414236K), [Metaspace: 121209K->121209K(1165312K)], 0.4653805 secs] [Times: user=0.46 sys=0.00, real=0.46 secs] 
2020-03-19T14:56:32.058+0800: 20995.682: [Full GC (Metadata GC Threshold) 2020-03-19T14:56:32.058+0800: 20995.683: [CMS: 121067K->121067K(237276K), 0.5032893 secs] 121069K->121067K(414236K), [Metaspace: 121209K->121209K(1165312K)], 0.5037571 secs] [Times: user=0.50 sys=0.00, real=0.51 secs] 
2020-03-19T14:56:32.562+0800: 20996.186: [Full GC (Last ditch collection) 2020-03-19T14:56:32.562+0800: 20996.187: [CMS: 121067K->121067K(237276K), 0.4795778 secs] 121067K->121067K(414236K), [Metaspace: 121209K->121209K(1165312K)], 0.4799813 secs] [Times: user=0.47 sys=0.00, real=0.48 secs] 
2020-03-19T14:56:33.046+0800: 20996.671: [Full GC (Metadata GC Threshold) 2020-03-19T14:56:33.046+0800: 20996.671: [CMS: 121067K->121067K(237276K), 0.5307751 secs] 121102K->121067K(414236K), [Metaspace: 121209K->121209K(1165312K)], 0.5311956 secs] [Times: user=0.52 sys=0.00, real=0.53 secs] 
2020-03-19T14:56:33.577+0800: 20997.202: [Full GC (Last ditch collection) 2020-03-19T14:56:33.578+0800: 20997.202: [CMS: 121067K->121067K(237276K), 0.4779298 secs] 121067K->121067K(414236K), [Metaspace: 121209K->121209K(1165312K)], 0.4785775 secs] [Times: user=0.46 sys=0.00, real=0.48 secs] 
2020-03-19T14:56:34.059+0800: 20997.684: [Full GC (Metadata GC Threshold) 2020-03-19T14:56:34.059+0800: 20997.684: [CMS: 121067K->121067K(237276K), 0.4859268 secs] 121073K->121067K(414236K), [Metaspace: 121209K->121209K(1165312K)], 0.4862916 secs] [Times: user=0.47 sys=0.00, real=0.48 secs] 
2020-03-19T14:56:34.546+0800: 20998.170: [Full GC (Last ditch collection) 2020-03-19T14:56:34.546+0800: 20998.170: [CMS: 121067K->121067K(237276K), 0.5478941 secs] 121067K->121067K(414236K), [Metaspace: 121209K->121209K(1165312K)], 0.5482952 secs] [Times: user=0.51 sys=0.00, real=0.55 secs] 
2020-03-19T14:56:35.097+0800: 20998.722: [GC (CMS Initial Mark) [1 CMS-initial-mark: 121067K(237276K)] 121080K(414236K), 0.0087827 secs] [Times: user=0.01 sys=0.00, real=0.01 secs] 
2020-03-19T14:56:35.106+0800: 20998.731: [CMS-concurrent-mark-start]
2020-03-19T14:56:35.108+0800: 20998.733: [Full GC (Metadata GC Threshold) 2020-03-19T14:56:35.108+0800: 20998.733: [CMS2020-03-19T14:56:35.322+0800: 20998.947: [CMS-concurrent-mark: 0.209/0.216 secs] [Times: user=0.21 sys=0.00, real=0.21 secs] 
 (concurrent mode failure): 121067K->121071K(237276K), 0.7258512 secs] 121082K->121071K(414236K), [Metaspace: 121209K->121209K(1165312K)], 0.7262522 secs] [Times: user=0.71 sys=0.00, real=0.72 secs] 
2020-03-19T14:56:35.835+0800: 20999.459: [Full GC (Last ditch collection) 2020-03-19T14:56:35.835+0800: 20999.459: [CMS: 121071K->121071K(237276K), 0.4650545 secs] 121071K->121071K(414236K), [Metaspace: 121209K->121209K(1165312K)], 0.4654574 secs] [Times: user=0.46 sys=0.00, real=0.47 secs] 
2020-03-19T14:56:36.303+0800: 20999.928: [Full GC (Metadata GC Threshold) 2020-03-19T14:56:36.304+0800: 20999.928: [CMS: 121071K->121071K(237276K), 0.4807869 secs] 121079K->121071K(414236K), [Metaspace: 121209K->121209K(1165312K)], 0.4811813 secs] [Times: user=0.48 sys=0.00, real=0.48 secs] 
2020-03-19T14:56:36.785+0800: 21000.409: [Full GC (Last ditch collection) 2020-03-19T14:56:36.785+0800: 21000.410: [CMS: 121071K->121071K(237276K), 0.4631120 secs] 121071K->121071K(414236K), [Metaspace: 121209K->121209K(1165312K)], 0.4635114 secs] [Times: user=0.46 sys=0.00, real=0.47 secs] 
2020-03-19T14:56:37.252+0800: 21000.876: [Full GC (Metadata GC Threshold) 2020-03-19T14:56:37.252+0800: 21000.876: [CMS: 121071K->121071K(237276K), 0.4571373 secs] 121073K->121071K(414236K), [Metaspace: 121209K->121209K(1165312K)], 0.4575393 secs] [Times: user=0.46 sys=0.00, real=0.46 secs] 
2020-03-19T14:56:37.709+0800: 21001.334: [Full GC (Last ditch collection) 2020-03-19T14:56:37.710+0800: 21001.334: [CMS: 121071K->121071K(237276K), 0.4841079 secs] 121071K->121071K(414236K), [Metaspace: 121209K->121209K(1165312K)], 0.4844789 secs] [Times: user=0.46 sys=0.00, real=0.48 secs] 
2020-03-19T14:56:38.197+0800: 21001.822: [Full GC (Metadata GC Threshold) 2020-03-19T14:56:38.198+0800: 21001.822: [CMS: 121071K->121071K(237276K), 0.5039095 secs] 121160K->121071K(414236K), [Metaspace: 121209K->121209K(1165312K)], 0.5042983 secs] [Times: user=0.48 sys=0.00, real=0.51 secs] 
2020-03-19T14:56:38.702+0800: 21002.327: [Full GC (Last ditch collection) 2020-03-19T14:56:38.702+0800: 21002.327: [CMS: 121071K->121071K(237276K), 0.4723158 secs] 121071K->121071K(414236K), [Metaspace: 121209K->121209K(1165312K)], 0.4727260 secs] [Times: user=0.47 sys=0.00, real=0.47 secs] 
2020-03-19T14:56:39.178+0800: 21002.802: [GC (CMS Initial Mark) [1 CMS-initial-mark: 121071K(237276K)] 121075K(414236K), 0.0078800 secs] [Times: user=0.01 sys=0.00, real=0.01 secs] 
2020-03-19T14:56:39.186+0800: 21002.810: [CMS-concurrent-mark-start]
2020-03-19T14:56:39.208+0800: 21002.833: [Full GC (Metadata GC Threshold) 2020-03-19T14:56:39.208+0800: 21002.833: [CMS2020-03-19T14:56:39.372+0800: 21002.997: [CMS-concurrent-mark: 0.177/0.186 secs] [Times: user=0.20 sys=0.00, real=0.19 secs] 
 (concurrent mode failure): 121071K->121109K(237276K), 0.6438747 secs] 121944K->121109K(414236K), [Metaspace: 121209K->121209K(1165312K)], 0.6444041 secs] [Times: user=0.63 sys=0.00, real=0.64 secs] 
2020-03-19T14:56:39.857+0800: 21003.481: [Full GC (Last ditch collection) 2020-03-19T14:56:39.857+0800: 21003.481: [CMS: 121109K->121107K(237276K), 0.4708511 secs] 121109K->121107K(414236K), [Metaspace: 121209K->121209K(1165312K)], 0.4713401 secs] [Times: user=0.47 sys=0.00, real=0.48 secs] 
2020-03-19T14:56:40.331+0800: 21003.956: [Full GC (Metadata GC Threshold) 2020-03-19T14:56:40.332+0800: 21003.956: [CMS: 121107K->121107K(237276K), 0.4868931 secs] 121109K->121107K(414236K), [Metaspace: 121209K->121209K(1165312K)], 0.4873770 secs] [Times: user=0.48 sys=0.00, real=0.49 secs] 
2020-03-19T14:56:40.819+0800: 21004.444: [Full GC (Last ditch collection) 2020-03-19T14:56:40.819+0800: 21004.444: [CMS: 121107K->121107K(237276K), 0.5166080 secs] 121107K->121107K(414236K), [Metaspace: 121209K->121209K(1165312K)], 0.5170401 secs] [Times: user=0.47 sys=0.00, real=0.51 secs] 
2020-03-19T14:56:41.339+0800: 21004.964: [Full GC (Metadata GC Threshold) 2020-03-19T14:56:41.339+0800: 21004.964: [CMS: 121107K->121107K(237276K), 0.4944237 secs] 121111K->121107K(414236K), [Metaspace: 121209K->121209K(1165312K)], 0.4948105 secs] [Times: user=0.48 sys=0.00, real=0.49 secs] 
2020-03-19T14:56:41.834+0800: 21005.459: [Full GC (Last ditch collection) 2020-03-19T14:56:41.834+0800: 21005.459: [CMS: 121107K->121107K(237276K), 0.4846657 secs] 121107K->121107K(414236K), [Metaspace: 121209K->121209K(1165312K)], 0.4850454 secs] [Times: user=0.47 sys=0.00, real=0.49 secs] 
2020-03-19T14:56:42.322+0800: 21005.947: [Full GC (Metadata GC Threshold) 2020-03-19T14:56:42.322+0800: 21005.947: [CMS: 121107K->121107K(237276K), 0.5307390 secs] 121115K->121107K(414236K), [Metaspace: 121209K->121209K(1165312K)], 0.5311603 secs] [Times: user=0.50 sys=0.00, real=0.53 secs] 
2020-03-19T14:56:42.854+0800: 21006.478: [Full GC (Last ditch collection) 2020-03-19T14:56:42.854+0800: 21006.478: [CMS: 121107K->121107K(237276K), 0.5339297 secs] 121107K->121107K(414236K), [Metaspace: 121209K->121209K(1165312K)], 0.5343738 secs] [Times: user=0.50 sys=0.00, real=0.54 secs] 
2020-03-19T14:56:43.391+0800: 21007.015: [GC (CMS Initial Mark) [1 CMS-initial-mark: 121107K(237276K)] 121117K(414236K), 0.0084712 secs] [Times: user=0.02 sys=0.00, real=0.01 secs] 
2020-03-19T14:56:43.400+0800: 21007.024: [CMS-concurrent-mark-start]
2020-03-19T14:56:43.429+0800: 21007.053: [Full GC (Metadata GC Threshold) 2020-03-19T14:56:43.429+0800: 21007.054: [CMS2020-03-19T14:56:43.613+0800: 21007.237: [CMS-concurrent-mark: 0.205/0.213 secs] [Times: user=0.21 sys=0.00, real=0.21 secs] 
 (concurrent mode failure): 121107K->121161K(237276K), 0.6960258 secs] 121834K->121161K(414236K), [Metaspace: 121209K->121209K(1165312K)], 0.6965156 secs] [Times: user=0.69 sys=0.00, real=0.69 secs] 
2020-03-19T14:56:44.126+0800: 21007.750: [Full GC (Last ditch collection) 2020-03-19T14:56:44.126+0800: 21007.750: [CMS: 121161K->121159K(237276K), 0.4754331 secs] 121161K->121159K(414236K), [Metaspace: 121209K->121209K(1165312K)], 0.4758681 secs] [Times: user=0.47 sys=0.00, real=0.48 secs] 
2020-03-19T14:56:44.606+0800: 21008.230: [Full GC (Metadata GC Threshold) 2020-03-19T14:56:44.606+0800: 21008.230: [CMS: 121159K->121160K(237276K), 0.5338094 secs] 121175K->121160K(414236K), [Metaspace: 121209K->121209K(1165312K)], 0.5342802 secs] [Times: user=0.53 sys=0.00, real=0.54 secs] 
2020-03-19T14:56:45.140+0800: 21008.765: [Full GC (Last ditch collection) 2020-03-19T14:56:45.140+0800: 21008.765: [CMS: 121160K->121160K(237276K), 0.4919624 secs] 121160K->121160K(414236K), [Metaspace: 121209K->121209K(1165312K)], 0.4923734 secs] [Times: user=0.47 sys=0.00, real=0.49 secs] 
2020-03-19T14:56:45.636+0800: 21009.260: [Full GC (Metadata GC Threshold) 2020-03-19T14:56:45.636+0800: 21009.261: [CMS: 121160K->121160K(237276K), 0.5732185 secs] 121168K->121160K(414236K), [Metaspace: 121209K->121209K(1165312K)], 0.5736310 secs] [Times: user=0.54 sys=0.00, real=0.58 secs] 
2020-03-19T14:56:46.210+0800: 21009.834: [Full GC (Last ditch collection) 2020-03-19T14:56:46.210+0800: 21009.834: [CMS: 121160K->121160K(237276K), 0.5196404 secs] 121160K->121160K(414236K), [Metaspace: 121209K->121209K(1165312K)], 0.5200267 secs] [Times: user=0.49 sys=0.00, real=0.52 secs] 
2020-03-19T14:56:46.734+0800: 21010.359: [Full GC (Metadata GC Threshold) 2020-03-19T14:56:46.734+0800: 21010.359: [CMS: 121160K->121162K(237276K), 0.5001785 secs] 121308K->121162K(414236K), [Metaspace: 121209K->121209K(1165312K)], 0.5006074 secs] [Times: user=0.50 sys=0.00, real=0.50 secs] 
2020-03-19T14:56:47.235+0800: 21010.860: [Full GC (Last ditch collection) 2020-03-19T14:56:47.235+0800: 21010.860: [CMS: 121162K->121161K(237276K), 0.4655151 secs] 121162K->121161K(414236K), [Metaspace: 121209K->121209K(1165312K)], 0.4659014 secs] [Times: user=0.46 sys=0.00, real=0.47 secs] 
2020-03-19T14:56:47.704+0800: 21011.329: [Full GC (Metadata GC Threshold) 2020-03-19T14:56:47.704+0800: 21011.329: [CMS: 121161K->121161K(237276K), 0.4742474 secs] 121185K->121161K(414236K), [Metaspace: 121209K->121209K(1165312K)], 0.4746555 secs] [Times: user=0.45 sys=0.00, real=0.48 secs] 
2020-03-19T14:56:48.179+0800: 21011.804: [Full GC (Last ditch collection) 2020-03-19T14:56:48.179+0800: 21011.804: [CMS: 121161K->121161K(237276K), 0.5063578 secs] 121161K->121161K(414236K), [Metaspace: 121209K->121209K(1165312K)], 0.5067412 secs] [Times: user=0.49 sys=0.00, real=0.51 secs] 
2020-03-19T14:56:48.689+0800: 21012.313: [GC (CMS Initial Mark) [1 CMS-initial-mark: 121161K(237276K)] 121163K(414236K), 0.0081655 secs] [Times: user=0.02 sys=0.00, real=0.00 secs] 
2020-03-19T14:56:48.698+0800: 21012.322: [CMS-concurrent-mark-start]
2020-03-19T14:56:48.700+0800: 21012.324: [Full GC (Metadata GC Threshold) 2020-03-19T14:56:48.700+0800: 21012.325: [CMS2020-03-19T14:56:48.886+0800: 21012.510: [CMS-concurrent-mark: 0.181/0.188 secs] [Times: user=0.19 sys=0.00, real=0.20 secs] 
 (concurrent mode failure): 121161K->121161K(237276K), 0.6669735 secs] 121167K->121161K(414236K), [Metaspace: 121209K->121209K(1165312K)], 0.6673652 secs] [Times: user=0.64 sys=0.00, real=0.67 secs] 
2020-03-19T14:56:49.368+0800: 21012.992: [Full GC (Last ditch collection) 2020-03-19T14:56:49.368+0800: 21012.992: [CMS: 121161K->121161K(237276K), 0.5008903 secs] 121161K->121161K(414236K), [Metaspace: 121209K->121209K(1165312K)], 0.5012865 secs] [Times: user=0.49 sys=0.00, real=0.50 secs] 
2020-03-19T14:56:49.875+0800: 21013.499: [Full GC (Metadata GC Threshold) 2020-03-19T14:56:49.875+0800: 21013.499: [CMS: 121161K->121156K(237276K), 0.4956634 secs] 121479K->121156K(414236K), [Metaspace: 121209K->121209K(1165312K)], 0.4962300 secs] [Times: user=0.49 sys=0.00, real=0.50 secs] 
2020-03-19T14:56:50.371+0800: 21013.996: [Full GC (Last ditch collection) 2020-03-19T14:56:50.371+0800: 21013.996: [CMS: 121156K->121154K(237276K), 0.4770509 secs] 121156K->121154K(414236K), [Metaspace: 121209K->121209K(1165312K)], 0.4775021 secs] [Times: user=0.47 sys=0.00, real=0.48 secs] 
2020-03-19T14:56:50.852+0800: 21014.476: [Full GC (Metadata GC Threshold) 2020-03-19T14:56:50.852+0800: 21014.476: [CMS: 121154K->121156K(237276K), 0.4643900 secs] 121168K->121156K(414236K), [Metaspace: 121209K->121209K(1165312K)], 0.4647861 secs] [Times: user=0.47 sys=0.00, real=0.46 secs] 
2020-03-19T14:56:51.317+0800: 21014.941: [Full GC (Last ditch collection) 2020-03-19T14:56:51.317+0800: 21014.941: [CMS: 121156K->121156K(237276K), 0.4718516 secs] 121156K->121156K(414236K), [Metaspace: 121209K->121209K(1165312K)], 0.4722523 secs] [Times: user=0.47 sys=0.00, real=0.48 secs] 
2020-03-19T14:56:51.793+0800: 21015.417: [Full GC (Metadata GC Threshold) 2020-03-19T14:56:51.793+0800: 21015.417: [CMS: 121156K->121156K(237276K), 0.4784152 secs] 121164K->121156K(414236K), [Metaspace: 121209K->121209K(1165312K)], 0.4788637 secs] [Times: user=0.48 sys=0.00, real=0.48 secs] 
2020-03-19T14:56:52.272+0800: 21015.896: [Full GC (Last ditch collection) 2020-03-19T14:56:52.272+0800: 21015.897: [CMS: 121156K->121156K(237276K), 0.4602011 secs] 121156K->121156K(414236K), [Metaspace: 121209K->121209K(1165312K)], 0.4606576 secs] [Times: user=0.46 sys=0.00, real=0.46 secs] 
2020-03-19T14:56:52.736+0800: 21016.360: [Full GC (Metadata GC Threshold) 2020-03-19T14:56:52.736+0800: 21016.360: [CMS: 121156K->121157K(237276K), 0.5055084 secs] 121176K->121157K(414236K), [Metaspace: 121209K->121209K(1165312K)], 0.5058996 secs] [Times: user=0.50 sys=0.00, real=0.51 secs] 
2020-03-19T14:56:53.242+0800: 21016.866: [Full GC (Last ditch collection) 2020-03-19T14:56:53.242+0800: 21016.866: [CMS: 121157K->121157K(237276K), 0.4765552 secs] 121157K->121157K(414236K), [Metaspace: 121209K->121209K(1165312K)], 0.4769691 secs] [Times: user=0.47 sys=0.00, real=0.48 secs] 
2020-03-19T14:56:53.722+0800: 21017.346: [Full GC (Metadata GC Threshold) 2020-03-19T14:56:53.722+0800: 21017.346: [CMS: 121157K->121157K(237276K), 0.4714175 secs] 121165K->121157K(414236K), [Metaspace: 121209K->121209K(1165312K)], 0.4718637 secs] [Times: user=0.46 sys=0.00, real=0.47 secs] 
2020-03-19T14:56:54.194+0800: 21017.818: [Full GC (Last ditch collection) 2020-03-19T14:56:54.194+0800: 21017.819: [CMS: 121157K->121157K(237276K), 0.4875707 secs] 121157K->121157K(414236K), [Metaspace: 121209K->121209K(1165312K)], 0.4880030 secs] [Times: user=0.48 sys=0.00, real=0.49 secs] 
2020-03-19T14:56:54.687+0800: 21018.311: [Full GC (Metadata GC Threshold) 2020-03-19T14:56:54.687+0800: 21018.311: [CMS: 121157K->121166K(237276K), 0.4850403 secs] 121202K->121166K(414236K), [Metaspace: 121209K->121209K(1165312K)], 0.4854638 secs] [Times: user=0.47 sys=0.00, real=0.48 secs] 
2020-03-19T14:56:55.172+0800: 21018.797: [Full GC (Last ditch collection) 2020-03-19T14:56:55.172+0800: 21018.797: [CMS: 121166K->121166K(237276K), 0.4909447 secs] 121166K->121166K(414236K), [Metaspace: 121209K->121209K(1165312K)], 0.4913806 secs] [Times: user=0.48 sys=0.00, real=0.49 secs] 
2020-03-19T14:56:55.666+0800: 21019.291: [Full GC (Metadata GC Threshold) 2020-03-19T14:56:55.667+0800: 21019.291: [CMS: 121166K->121166K(237276K), 0.5051618 secs] 121170K->121166K(414236K), [Metaspace: 121209K->121209K(1165312K)], 0.5061924 secs] [Times: user=0.50 sys=0.00, real=0.50 secs] 
2020-03-19T14:56:56.173+0800: 21019.798: [Full GC (Last ditch collection) 2020-03-19T14:56:56.173+0800: 21019.798: [CMS: 121166K->121166K(237276K), 0.5393744 secs] 121166K->121166K(414236K), [Metaspace: 121209K->121209K(1165312K)], 0.5398078 secs] [Times: user=0.49 sys=0.00, real=0.54 secs] 
2020-03-19T14:56:56.716+0800: 21020.340: [Full GC (Metadata GC Threshold) 2020-03-19T14:56:56.716+0800: 21020.340: [CMS: 121166K->121166K(237276K), 0.4739483 secs] 121172K->121166K(414236K), [Metaspace: 121209K->121209K(1165312K)], 0.4745333 secs] [Times: user=0.47 sys=0.00, real=0.48 secs] 
2020-03-19T14:56:57.191+0800: 21020.815: [Full GC (Last ditch collection) 2020-03-19T14:56:57.191+0800: 21020.815: [CMS: 121166K->121166K(237276K), 0.5045529 secs] 121166K->121166K(414236K), [Metaspace: 121209K->121209K(1165312K)], 0.5050144 secs] [Times: user=0.49 sys=0.00, real=0.50 secs] 
2020-03-19T14:56:57.699+0800: 21021.323: [Full GC (Metadata GC Threshold) 2020-03-19T14:56:57.699+0800: 21021.324: [CMS: 121166K->121166K(237276K), 0.5924332 secs] 121174K->121166K(414236K), [Metaspace: 121209K->121209K(1165312K)], 0.5929251 secs] [Times: user=0.55 sys=0.00, real=0.59 secs] 
2020-03-19T14:56:58.292+0800: 21021.917: [Full GC (Last ditch collection) 2020-03-19T14:56:58.292+0800: 21021.917: [CMS: 121166K->121166K(237276K), 0.4647019 secs] 121166K->121166K(414236K), [Metaspace: 121209K->121209K(1165312K)], 0.4651377 secs] [Times: user=0.46 sys=0.00, real=0.46 secs] 
2020-03-19T14:56:58.764+0800: 21022.389: [Full GC (Metadata GC Threshold) 2020-03-19T14:56:58.764+0800: 21022.389: [CMS: 121166K->121166K(237276K), 0.4860251 secs] 121658K->121166K(414236K), [Metaspace: 121209K->121209K(1165312K)], 0.4864490 secs] [Times: user=0.48 sys=0.00, real=0.49 secs] 
2020-03-19T14:56:59.251+0800: 21022.875: [Full GC (Last ditch collection) 2020-03-19T14:56:59.251+0800: 21022.875: [CMS: 121166K->121164K(237276K), 0.4837944 secs] 121166K->121164K(414236K), [Metaspace: 121209K->121209K(1165312K)], 0.4842121 secs] [Times: user=0.49 sys=0.00, real=0.48 secs] 
2020-03-19T14:56:59.739+0800: 21023.363: [GC (CMS Initial Mark) [1 CMS-initial-mark: 121164K(237276K)] 121185K(414236K), 0.0113153 secs] [Times: user=0.01 sys=0.00, real=0.01 secs] 
2020-03-19T14:56:59.750+0800: 21023.375: [CMS-concurrent-mark-start]
2020-03-19T14:56:59.772+0800: 21023.397: [Full GC (Metadata GC Threshold) 2020-03-19T14:56:59.772+0800: 21023.397: [CMS2020-03-19T14:56:59.977+0800: 21023.601: [CMS-concurrent-mark: 0.213/0.226 secs] [Times: user=0.23 sys=0.00, real=0.22 secs] 
 (concurrent mode failure): 121164K->121229K(237276K), 0.7287946 secs] 122240K->121229K(414236K), [Metaspace: 121209K->121209K(1165312K)], 0.7294242 secs] [Times: user=0.67 sys=0.00, real=0.74 secs] 
2020-03-19T14:57:00.507+0800: 21024.131: [Full GC (Last ditch collection) 2020-03-19T14:57:00.507+0800: 21024.132: [CMS: 121229K->121227K(237276K), 0.4875486 secs] 121229K->121227K(414236K), [Metaspace: 121209K->121209K(1165312K)], 0.4880920 secs] [Times: user=0.48 sys=0.00, real=0.48 secs] 
2020-03-19T14:57:01.000+0800: 21024.625: [Full GC (Metadata GC Threshold) 2020-03-19T14:57:01.000+0800: 21024.625: [CMS: 121227K->121227K(237276K), 0.6433228 secs] 121252K->121227K(414236K), [Metaspace: 121209K->121209K(1165312K)], 0.6437430 secs] [Times: user=0.57 sys=0.00, real=0.64 secs] 
2020-03-19T14:57:01.644+0800: 21025.269: [Full GC (Last ditch collection) 2020-03-19T14:57:01.645+0800: 21025.269: [CMS: 121227K->121227K(237276K), 0.4851872 secs] 121227K->121227K(414236K), [Metaspace: 121209K->121209K(1165312K)], 0.4856261 secs] [Times: user=0.47 sys=0.00, real=0.49 secs] 
2020-03-19T14:57:02.134+0800: 21025.758: [Full GC (Metadata GC Threshold) 2020-03-19T14:57:02.134+0800: 21025.758: [CMS: 121227K->121230K(237276K), 0.4954866 secs] 121259K->121230K(414236K), [Metaspace: 121209K->121209K(1165312K)], 0.4959077 secs] [Times: user=0.50 sys=0.00, real=0.50 secs] 
2020-03-19T14:57:02.630+0800: 21026.254: [Full GC (Last ditch collection) 2020-03-19T14:57:02.630+0800: 21026.254: [CMS: 121230K->121228K(237276K), 0.4777256 secs] 121230K->121228K(414236K), [Metaspace: 121209K->121209K(1165312K)], 0.4780947 secs] [Times: user=0.47 sys=0.00, real=0.48 secs] 
2020-03-19T14:57:03.111+0800: 21026.735: [Full GC (Metadata GC Threshold) 2020-03-19T14:57:03.111+0800: 21026.735: [CMS: 121228K->121228K(237276K), 0.4830967 secs] 121230K->121228K(414236K), [Metaspace: 121209K->121209K(1165312K)], 0.4835450 secs] [Times: user=0.47 sys=0.00, real=0.48 secs] 
2020-03-19T14:57:03.595+0800: 21027.219: [Full GC (Last ditch collection) 2020-03-19T14:57:03.595+0800: 21027.219: [CMS: 121228K->121228K(237276K), 0.4802883 secs] 121228K->121228K(414236K), [Metaspace: 121209K->121209K(1165312K)], 0.4807240 secs] [Times: user=0.47 sys=0.00, real=0.48 secs] 
2020-03-19T14:57:04.078+0800: 21027.703: [Full GC (Metadata GC Threshold) 2020-03-19T14:57:04.078+0800: 21027.703: [CMS: 121228K->121228K(237276K), 0.4786184 secs] 121231K->121228K(414236K), [Metaspace: 121209K->121209K(1165312K)], 0.4790074 secs] [Times: user=0.48 sys=0.00, real=0.47 secs] 
2020-03-19T14:57:04.558+0800: 21028.182: [Full GC (Last ditch collection) 2020-03-19T14:57:04.558+0800: 21028.182: [CMS: 121228K->121228K(237276K), 0.5470005 secs] 121228K->121228K(414236K), [Metaspace: 121209K->121209K(1165312K)], 0.5474014 secs] [Times: user=0.52 sys=0.00, real=0.55 secs] 
2020-03-19T14:57:05.108+0800: 21028.732: [Full GC (Metadata GC Threshold) 2020-03-19T14:57:05.108+0800: 21028.733: [CMS: 121228K->121228K(237276K), 0.5073251 secs] 121230K->121228K(414236K), [Metaspace: 121209K->121209K(1165312K)], 0.5077302 secs] [Times: user=0.50 sys=0.00, real=0.50 secs] 
2020-03-19T14:57:05.616+0800: 21029.240: [Full GC (Last ditch collection) 2020-03-19T14:57:05.616+0800: 21029.241: [CMS: 121228K->121228K(237276K), 0.4762190 secs] 121228K->121228K(414236K), [Metaspace: 121209K->121209K(1165312K)], 0.4765875 secs] [Times: user=0.47 sys=0.00, real=0.48 secs] 
2020-03-19T14:57:06.096+0800: 21029.720: [Full GC (Metadata GC Threshold) 2020-03-19T14:57:06.096+0800: 21029.720: [CMS: 121228K->121228K(237276K), 0.4700772 secs] 121231K->121228K(414236K), [Metaspace: 121209K->121209K(1165312K)], 0.4705080 secs] [Times: user=0.47 sys=0.00, real=0.48 secs] 
2020-03-19T14:57:06.566+0800: 21030.191: [Full GC (Last ditch collection) 2020-03-19T14:57:06.566+0800: 21030.191: [CMS: 121228K->121228K(237276K), 0.4868216 secs] 121228K->121228K(414236K), [Metaspace: 121209K->121209K(1165312K)], 0.4872520 secs] [Times: user=0.48 sys=0.00, real=0.48 secs] 
2020-03-19T14:57:07.057+0800: 21030.682: [Full GC (Metadata GC Threshold) 2020-03-19T14:57:07.057+0800: 21030.682: [CMS: 121228K->121229K(237276K), 0.4451581 secs] 121233K->121229K(414236K), [Metaspace: 121209K->121209K(1165312K)], 0.4455531 secs] [Times: user=0.45 sys=0.00, real=0.45 secs] 
2020-03-19T14:57:07.503+0800: 21031.127: [Full GC (Last ditch collection) 2020-03-19T14:57:07.503+0800: 21031.128: [CMS: 121229K->121229K(237276K), 0.4927604 secs] 121229K->121229K(414236K), [Metaspace: 121209K->121209K(1165312K)], 0.4931388 secs] [Times: user=0.49 sys=0.00, real=0.49 secs] 
2020-03-19T14:57:07.999+0800: 21031.623: [Full GC (Metadata GC Threshold) 2020-03-19T14:57:07.999+0800: 21031.624: [CMS: 121229K->121229K(237276K), 0.4811844 secs] 121233K->121229K(414236K), [Metaspace: 121209K->121209K(1165312K)], 0.4815958 secs] [Times: user=0.48 sys=0.00, real=0.48 secs] 
2020-03-19T14:57:08.481+0800: 21032.105: [Full GC (Last ditch collection) 2020-03-19T14:57:08.481+0800: 21032.105: [CMS: 121229K->121229K(237276K), 0.4794029 secs] 121229K->121229K(414236K), [Metaspace: 121209K->121209K(1165312K)], 0.4797885 secs] [Times: user=0.48 sys=0.00, real=0.48 secs] 
2020-03-19T14:57:08.965+0800: 21032.589: [Full GC (Metadata GC Threshold) 2020-03-19T14:57:08.965+0800: 21032.589: [CMS: 121229K->121229K(237276K), 0.4872989 secs] 121277K->121229K(414236K), [Metaspace: 121209K->121209K(1165312K)], 0.4877284 secs] [Times: user=0.49 sys=0.00, real=0.49 secs] 
2020-03-19T14:57:09.453+0800: 21033.077: [Full GC (Last ditch collection) 2020-03-19T14:57:09.453+0800: 21033.077: [CMS: 121229K->121229K(237276K), 0.4779927 secs] 121229K->121229K(414236K), [Metaspace: 121209K->121209K(1165312K)], 0.4783603 secs] [Times: user=0.47 sys=0.00, real=0.48 secs] 
2020-03-19T14:57:09.934+0800: 21033.559: [GC (CMS Initial Mark) [1 CMS-initial-mark: 121229K(237276K)] 121684K(414236K), 0.0081827 secs] [Times: user=0.02 sys=0.00, real=0.01 secs] 
2020-03-19T14:57:09.943+0800: 21033.567: [CMS-concurrent-mark-start]
2020-03-19T14:57:09.964+0800: 21033.589: [Full GC (Metadata GC Threshold) 2020-03-19T14:57:09.964+0800: 21033.589: [CMS2020-03-19T14:57:10.147+0800: 21033.771: [CMS-concurrent-mark: 0.196/0.204 secs] [Times: user=0.22 sys=0.00, real=0.21 secs] 
 (concurrent mode failure): 121229K->121292K(237276K), 0.6965506 secs] 122762K->121292K(414236K), [Metaspace: 121209K->121209K(1165312K)], 0.6970281 secs] [Times: user=0.68 sys=0.00, real=0.70 secs] 
2020-03-19T14:57:10.662+0800: 21034.286: [Full GC (Last ditch collection) 2020-03-19T14:57:10.662+0800: 21034.286: [CMS: 121292K->121290K(237276K), 0.4904898 secs] 121292K->121290K(414236K), [Metaspace: 121209K->121209K(1165312K)], 0.4909002 secs] [Times: user=0.47 sys=0.00, real=0.49 secs] 
2020-03-19T14:57:11.178+0800: 21034.802: [Full GC (Metadata GC Threshold) 2020-03-19T14:57:11.178+0800: 21034.802: [CMS: 121290K->121641K(237276K), 0.4704080 secs] 121823K->121641K(414236K), [Metaspace: 121209K->121209K(1165312K)], 0.4708851 secs] [Times: user=0.46 sys=0.00, real=0.48 secs] 
2020-03-19T14:57:11.649+0800: 21035.274: [Full GC (Last ditch collection) 2020-03-19T14:57:11.649+0800: 21035.274: [CMS: 121641K->121639K(237276K), 0.4646978 secs] 121641K->121639K(414236K), [Metaspace: 121209K->121209K(1165312K)], 0.4651340 secs] [Times: user=0.46 sys=0.00, real=0.46 secs] 
2020-03-19T14:57:12.117+0800: 21035.742: [Full GC (Metadata GC Threshold) 2020-03-19T14:57:12.117+0800: 21035.742: [CMS: 121639K->121639K(237276K), 0.5048757 secs] 121643K->121639K(414236K), [Metaspace: 121209K->121209K(1165312K)], 0.5052942 secs] [Times: user=0.50 sys=0.00, real=0.51 secs] 
2020-03-19T14:57:12.623+0800: 21036.247: [Full GC (Last ditch collection) 2020-03-19T14:57:12.623+0800: 21036.248: [CMS: 121639K->121639K(237276K), 0.5664895 secs] 121639K->121639K(414236K), [Metaspace: 121209K->121209K(1165312K)], 0.5669570 secs] [Times: user=0.53 sys=0.00, real=0.57 secs] 
2020-03-19T14:57:13.193+0800: 21036.817: [Full GC (Metadata GC Threshold) 2020-03-19T14:57:13.193+0800: 21036.817: [CMS: 121639K->121640K(237276K), 0.4574891 secs] 121645K->121640K(414236K), [Metaspace: 121209K->121209K(1165312K)], 0.4579584 secs] [Times: user=0.45 sys=0.00, real=0.46 secs] 
2020-03-19T14:57:13.651+0800: 21037.276: [Full GC (Last ditch collection) 2020-03-19T14:57:13.651+0800: 21037.276: [CMS: 121640K->121640K(237276K), 0.4850167 secs] 121640K->121640K(414236K), [Metaspace: 121209K->121209K(1165312K)], 0.4853876 secs] [Times: user=0.47 sys=0.00, real=0.48 secs] 
2020-03-19T14:57:14.139+0800: 21037.764: [GC (CMS Initial Mark) [1 CMS-initial-mark: 121640K(237276K)] 121648K(414236K), 0.0086487 secs] [Times: user=0.01 sys=0.00, real=0.01 secs] 
2020-03-19T14:57:14.149+0800: 21037.773: [CMS-concurrent-mark-start]
2020-03-19T14:57:14.157+0800: 21037.781: [Full GC (Metadata GC Threshold) 2020-03-19T14:57:14.157+0800: 21037.781: [CMS2020-03-19T14:57:14.361+0800: 21037.986: [CMS-concurrent-mark: 0.204/0.213 secs] [Times: user=0.21 sys=0.00, real=0.21 secs] 
 (concurrent mode failure): 121640K->121640K(237276K), 0.7184506 secs] 121713K->121640K(414236K), [Metaspace: 121209K->121209K(1165312K)], 0.7189042 secs] [Times: user=0.71 sys=0.00, real=0.72 secs] 
2020-03-19T14:57:14.876+0800: 21038.500: [Full GC (Last ditch collection) 2020-03-19T14:57:14.876+0800: 21038.501: [CMS: 121640K->121640K(237276K), 0.4880460 secs] 121640K->121640K(414236K), [Metaspace: 121209K->121209K(1165312K)], 0.4884654 secs] [Times: user=0.48 sys=0.00, real=0.49 secs] 
2020-03-19T14:57:15.368+0800: 21038.992: [Full GC (Metadata GC Threshold) 2020-03-19T14:57:15.368+0800: 21038.992: [CMS: 121640K->121640K(237276K), 0.5235115 secs] 121667K->121640K(414236K), [Metaspace: 121209K->121209K(1165312K)], 0.5240099 secs] [Times: user=0.51 sys=0.00, real=0.52 secs] 
2020-03-19T14:57:15.892+0800: 21039.517: [Full GC (Last ditch collection) 2020-03-19T14:57:15.892+0800: 21039.517: [CMS: 121640K->121640K(237276K), 0.5613740 secs] 121640K->121640K(414236K), [Metaspace: 121209K->121209K(1165312K)], 0.5618606 secs] [Times: user=0.55 sys=0.00, real=0.56 secs] 
2020-03-19T14:57:16.458+0800: 21040.082: [Full GC (Metadata GC Threshold) 2020-03-19T14:57:16.458+0800: 21040.082: [CMS: 121640K->121640K(237276K), 0.4731050 secs] 121685K->121640K(414236K), [Metaspace: 121209K->121209K(1165312K)], 0.4735697 secs] [Times: user=0.47 sys=0.00, real=0.48 secs] 
2020-03-19T14:57:16.932+0800: 21040.556: [Full GC (Last ditch collection) 2020-03-19T14:57:16.932+0800: 21040.556: [CMS: 121640K->121640K(237276K), 0.4894548 secs] 121640K->121640K(414236K), [Metaspace: 121209K->121209K(1165312K)], 0.4899008 secs] [Times: user=0.49 sys=0.00, real=0.49 secs] 
2020-03-19T14:57:17.424+0800: 21041.049: [Full GC (Metadata GC Threshold) 2020-03-19T14:57:17.425+0800: 21041.049: [CMS: 121640K->121641K(237276K), 0.4923345 secs] 121650K->121641K(414236K), [Metaspace: 121209K->121209K(1165312K)], 0.4927377 secs] [Times: user=0.49 sys=0.00, real=0.49 secs] 
2020-03-19T14:57:17.917+0800: 21041.542: [Full GC (Last ditch collection) 2020-03-19T14:57:17.918+0800: 21041.542: [CMS: 121641K->121641K(237276K), 0.5103350 secs] 121641K->121641K(414236K), [Metaspace: 121209K->121209K(1165312K)], 0.5107006 secs] [Times: user=0.50 sys=0.00, real=0.52 secs] 
2020-03-19T14:57:18.431+0800: 21042.056: [Full GC (Metadata GC Threshold) 2020-03-19T14:57:18.431+0800: 21042.056: [CMS: 121641K->121641K(237276K), 0.4719629 secs] 121643K->121641K(414236K), [Metaspace: 121209K->121209K(1165312K)], 0.4723927 secs] [Times: user=0.47 sys=0.00, real=0.47 secs] 
2020-03-19T14:57:18.904+0800: 21042.529: [Full GC (Last ditch collection) 2020-03-19T14:57:18.904+0800: 21042.529: [CMS: 121641K->121641K(237276K), 0.4936587 secs] 121641K->121641K(414236K), [Metaspace: 121209K->121209K(1165312K)], 0.4941524 secs] [Times: user=0.47 sys=0.00, real=0.50 secs] 
2020-03-19T14:57:19.401+0800: 21043.026: [Full GC (Metadata GC Threshold) 2020-03-19T14:57:19.402+0800: 21043.026: [CMS: 121641K->121641K(237276K), 0.5733157 secs] 121647K->121641K(414236K), [Metaspace: 121209K->121209K(1165312K)], 0.5737340 secs] [Times: user=0.52 sys=0.00, real=0.57 secs] 
2020-03-19T14:57:19.975+0800: 21043.600: [Full GC (Last ditch collection) 2020-03-19T14:57:19.975+0800: 21043.600: [CMS: 121641K->121641K(237276K), 0.4956871 secs] 121641K->121641K(414236K), [Metaspace: 121209K->121209K(1165312K)], 0.4960536 secs] [Times: user=0.48 sys=0.00, real=0.50 secs] 
2020-03-19T14:57:20.475+0800: 21044.099: [GC (CMS Initial Mark) [1 CMS-initial-mark: 121641K(237276K)] 121682K(414236K), 0.0081670 secs] [Times: user=0.02 sys=0.00, real=0.01 secs] 
2020-03-19T14:57:20.483+0800: 21044.108: [CMS-concurrent-mark-start]
2020-03-19T14:57:20.517+0800: 21044.142: [Full GC (Metadata GC Threshold) 2020-03-19T14:57:20.517+0800: 21044.142: [CMS2020-03-19T14:57:20.727+0800: 21044.351: [CMS-concurrent-mark: 0.230/0.243 secs] [Times: user=0.24 sys=0.00, real=0.25 secs] 
 (concurrent mode failure): 121641K->124032K(237276K), 0.7088066 secs] 139122K->124032K(414236K), [Metaspace: 121209K->121209K(1165312K)], 0.7092167 secs] [Times: user=0.69 sys=0.00, real=0.72 secs] 
2020-03-19T14:57:21.227+0800: 21044.851: [Full GC (Last ditch collection) 2020-03-19T14:57:21.227+0800: 21044.851: [CMS: 124032K->124020K(237276K), 0.4645621 secs] 124032K->124020K(414236K), [Metaspace: 121209K->121209K(1165312K)], 0.4649310 secs] [Times: user=0.46 sys=0.00, real=0.46 secs] 
2020-03-19T14:57:21.710+0800: 21045.334: [Full GC (Metadata GC Threshold) 2020-03-19T14:57:21.710+0800: 21045.334: [CMS: 124020K->122967K(237276K), 0.4870295 secs] 131943K->122967K(414236K), [Metaspace: 121209K->121209K(1165312K)], 0.4875007 secs] [Times: user=0.48 sys=0.00, real=0.48 secs] 
2020-03-19T14:57:22.197+0800: 21045.822: [Full GC (Last ditch collection) 2020-03-19T14:57:22.197+0800: 21045.822: [CMS: 122967K->122915K(237276K), 0.4656500 secs] 122967K->122915K(414236K), [Metaspace: 121209K->121209K(1165312K)], 0.4660446 secs] [Times: user=0.47 sys=0.00, real=0.47 secs] 
2020-03-19T14:57:22.667+0800: 21046.292: [Full GC (Metadata GC Threshold) 2020-03-19T14:57:22.668+0800: 21046.292: [CMS: 122915K->122916K(237276K), 0.5227494 secs] 122933K->122916K(414236K), [Metaspace: 121209K->121209K(1165312K)], 0.5232107 secs] [Times: user=0.51 sys=0.00, real=0.52 secs] 
2020-03-19T14:57:23.191+0800: 21046.816: [Full GC (Last ditch collection) 2020-03-19T14:57:23.191+0800: 21046.816: [CMS: 122916K->122915K(237276K), 0.4876007 secs] 122916K->122915K(414236K), [Metaspace: 121209K->121209K(1165312K)], 0.4879835 secs] [Times: user=0.47 sys=0.00, real=0.49 secs] 
2020-03-19T14:57:23.682+0800: 21047.306: [Full GC (Metadata GC Threshold) 2020-03-19T14:57:23.682+0800: 21047.306: [CMS: 122915K->122916K(237276K), 0.4809091 secs] 122924K->122916K(414236K), [Metaspace: 121209K->121209K(1165312K)], 0.4813275 secs] [Times: user=0.48 sys=0.00, real=0.48 secs] 
2020-03-19T14:57:24.163+0800: 21047.788: [Full GC (Last ditch collection) 2020-03-19T14:57:24.163+0800: 21047.788: [CMS: 122916K->122916K(237276K), 0.4761890 secs] 122916K->122916K(414236K), [Metaspace: 121209K->121209K(1165312K)], 0.4765508 secs] [Times: user=0.47 sys=0.00, real=0.48 secs] 
2020-03-19T14:57:24.644+0800: 21048.268: [GC (CMS Initial Mark) [1 CMS-initial-mark: 122916K(237276K)] 123063K(414236K), 0.0088543 secs] [Times: user=0.02 sys=0.00, real=0.01 secs] 
2020-03-19T14:57:24.653+0800: 21048.277: [CMS-concurrent-mark-start]
2020-03-19T14:57:24.668+0800: 21048.293: [Full GC (Metadata GC Threshold) 2020-03-19T14:57:24.669+0800: 21048.293: [CMS2020-03-19T14:57:24.855+0800: 21048.480: [CMS-concurrent-mark: 0.192/0.202 secs] [Times: user=0.20 sys=0.00, real=0.20 secs] 
 (concurrent mode failure): 122916K->122917K(237276K), 0.7052337 secs] 123228K->122917K(414236K), [Metaspace: 121209K->121209K(1165312K)], 0.7057273 secs] [Times: user=0.69 sys=0.00, real=0.70 secs] 
2020-03-19T14:57:25.374+0800: 21048.999: [Full GC (Last ditch collection) 2020-03-19T14:57:25.375+0800: 21048.999: [CMS: 122917K->122916K(237276K), 0.5079407 secs] 122917K->122916K(414236K), [Metaspace: 121209K->121209K(1165312K)], 0.5084182 secs] [Times: user=0.50 sys=0.00, real=0.51 secs] 
2020-03-19T14:57:25.887+0800: 21049.511: [Full GC (Metadata GC Threshold) 2020-03-19T14:57:25.887+0800: 21049.511: [CMS: 122916K->122915K(237276K), 0.4740484 secs] 122936K->122915K(414236K), [Metaspace: 121209K->121209K(1165312K)], 0.4745459 secs] [Times: user=0.47 sys=0.00, real=0.47 secs] 
2020-03-19T14:57:26.361+0800: 21049.986: [Full GC (Last ditch collection) 2020-03-19T14:57:26.362+0800: 21049.986: [CMS: 122915K->122915K(237276K), 0.5157194 secs] 122915K->122915K(414236K), [Metaspace: 121209K->121209K(1165312K)], 0.5161583 secs] [Times: user=0.49 sys=0.00, real=0.51 secs] 
2020-03-19T14:57:26.880+0800: 21050.505: [Full GC (Metadata GC Threshold) 2020-03-19T14:57:26.880+0800: 21050.505: [CMS: 122915K->122916K(237276K), 0.4886492 secs] 122922K->122916K(414236K), [Metaspace: 121209K->121209K(1165312K)], 0.4890289 secs] [Times: user=0.49 sys=0.00, real=0.49 secs] 
2020-03-19T14:57:27.370+0800: 21050.994: [Full GC (Last ditch collection) 2020-03-19T14:57:27.370+0800: 21050.994: [CMS: 122916K->122916K(237276K), 0.5815778 secs] 122916K->122916K(414236K), [Metaspace: 121209K->121209K(1165312K)], 0.5819731 secs] [Times: user=0.53 sys=0.00, real=0.58 secs] 
2020-03-19T14:57:27.955+0800: 21051.580: [Full GC (Metadata GC Threshold) 2020-03-19T14:57:27.955+0800: 21051.580: [CMS: 122916K->122916K(237276K), 0.5186877 secs] 122924K->122916K(414236K), [Metaspace: 121209K->121209K(1165312K)], 0.5191221 secs] [Times: user=0.52 sys=0.00, real=0.52 secs] 
2020-03-19T14:57:28.475+0800: 21052.099: [Full GC (Last ditch collection) 2020-03-19T14:57:28.475+0800: 21052.099: [CMS: 122916K->122916K(237276K), 0.4721324 secs] 122916K->122916K(414236K), [Metaspace: 121209K->121209K(1165312K)], 0.4724880 secs] [Times: user=0.47 sys=0.00, real=0.48 secs] 
2020-03-19T14:57:28.950+0800: 21052.575: [GC (CMS Initial Mark) [1 CMS-initial-mark: 122916K(237276K)] 122928K(414236K), 0.0098445 secs] [Times: user=0.02 sys=0.00, real=0.01 secs] 
2020-03-19T14:57:28.962+0800: 21052.587: [CMS-concurrent-mark-start]
2020-03-19T14:57:28.973+0800: 21052.597: [Full GC (Metadata GC Threshold) 2020-03-19T14:57:28.973+0800: 21052.598: [CMS2020-03-19T14:57:29.173+0800: 21052.798: [CMS-concurrent-mark: 0.200/0.211 secs] [Times: user=0.21 sys=0.00, real=0.21 secs] 
 (concurrent mode failure): 122916K->122918K(237276K), 0.6959088 secs] 123333K->122918K(414236K), [Metaspace: 121209K->121209K(1165312K)], 0.6963720 secs] [Times: user=0.67 sys=0.00, real=0.70 secs] 
2020-03-19T14:57:29.670+0800: 21053.294: [Full GC (Last ditch collection) 2020-03-19T14:57:29.670+0800: 21053.294: [CMS: 122918K->122916K(237276K), 0.4789298 secs] 122918K->122916K(414236K), [Metaspace: 121209K->121209K(1165312K)], 0.4793837 secs] [Times: user=0.48 sys=0.00, real=0.48 secs] 
2020-03-19T14:57:30.152+0800: 21053.777: [Full GC (Metadata GC Threshold) 2020-03-19T14:57:30.152+0800: 21053.777: [CMS: 122916K->122916K(237276K), 0.5026243 secs] 122922K->122916K(414236K), [Metaspace: 121209K->121209K(1165312K)], 0.5030828 secs] [Times: user=0.49 sys=0.00, real=0.50 secs] 
2020-03-19T14:57:30.656+0800: 21054.280: [Full GC (Last ditch collection) 2020-03-19T14:57:30.656+0800: 21054.280: [CMS: 122916K->122915K(237276K), 0.5752017 secs] 122916K->122915K(414236K), [Metaspace: 121209K->121209K(1165312K)], 0.5756251 secs] [Times: user=0.49 sys=0.00, real=0.58 secs] 
2020-03-19T14:57:31.248+0800: 21054.872: [Full GC (Metadata GC Threshold) 2020-03-19T14:57:31.248+0800: 21054.873: [CMS: 122915K->122932K(237276K), 0.4913820 secs] 128831K->122932K(414236K), [Metaspace: 121209K->121209K(1165312K)], 0.4918455 secs] [Times: user=0.49 sys=0.00, real=0.49 secs] 
2020-03-19T14:57:31.740+0800: 21055.364: [Full GC (Last ditch collection) 2020-03-19T14:57:31.740+0800: 21055.365: [CMS: 122932K->122930K(237276K), 0.4666607 secs] 122932K->122930K(414236K), [Metaspace: 121209K->121209K(1165312K)], 0.4670789 secs] [Times: user=0.46 sys=0.00, real=0.47 secs] 
2020-03-19T14:57:32.210+0800: 21055.835: [Full GC (Metadata GC Threshold) 2020-03-19T14:57:32.210+0800: 21055.835: [CMS: 122930K->122930K(237276K), 0.4724952 secs] 123087K->122930K(414236K), [Metaspace: 121209K->121209K(1165312K)], 0.4729565 secs] [Times: user=0.47 sys=0.00, real=0.47 secs] 
2020-03-19T14:57:32.683+0800: 21056.308: [Full GC (Last ditch collection) 2020-03-19T14:57:32.684+0800: 21056.308: [CMS: 122930K->122930K(237276K), 0.4746341 secs] 122930K->122930K(414236K), [Metaspace: 121209K->121209K(1165312K)], 0.4750738 secs] [Times: user=0.47 sys=0.00, real=0.48 secs] 
2020-03-19T14:57:33.162+0800: 21056.787: [GC (CMS Initial Mark) [1 CMS-initial-mark: 122930K(237276K)] 122946K(414236K), 0.0114454 secs] [Times: user=0.01 sys=0.00, real=0.01 secs] 
2020-03-19T14:57:33.174+0800: 21056.798: [CMS-concurrent-mark-start]
2020-03-19T14:57:33.202+0800: 21056.827: [Full GC (Metadata GC Threshold) 2020-03-19T14:57:33.203+0800: 21056.827: [CMS2020-03-19T14:57:33.403+0800: 21057.028: [CMS-concurrent-mark: 0.220/0.229 secs] [Times: user=0.24 sys=0.00, real=0.23 secs] 
 (concurrent mode failure): 122930K->122927K(237276K), 0.7036671 secs] 124759K->122927K(414236K), [Metaspace: 121209K->121209K(1165312K)], 0.7041340 secs] [Times: user=0.69 sys=0.00, real=0.71 secs] 
2020-03-19T14:57:33.907+0800: 21057.531: [Full GC (Last ditch collection) 2020-03-19T14:57:33.907+0800: 21057.532: [CMS: 122927K->122905K(237276K), 0.5011909 secs] 122927K->122905K(414236K), [Metaspace: 121209K->121209K(1165312K)], 0.5016159 secs] [Times: user=0.47 sys=0.00, real=0.50 secs] 
2020-03-19T14:57:34.411+0800: 21058.036: [Full GC (Metadata GC Threshold) 2020-03-19T14:57:34.412+0800: 21058.036: [CMS: 122905K->122905K(237276K), 0.5447161 secs] 122907K->122905K(414236K), [Metaspace: 121209K->121209K(1165312K)], 0.5451105 secs] [Times: user=0.53 sys=0.00, real=0.54 secs] 
2020-03-19T14:57:34.957+0800: 21058.581: [Full GC (Last ditch collection) 2020-03-19T14:57:34.957+0800: 21058.581: [CMS: 122905K->122905K(237276K), 0.5048615 secs] 122905K->122905K(414236K), [Metaspace: 121209K->121209K(1165312K)], 0.5052392 secs] [Times: user=0.49 sys=0.00, real=0.51 secs] 
2020-03-19T14:57:35.465+0800: 21059.089: [Full GC (Metadata GC Threshold) 2020-03-19T14:57:35.465+0800: 21059.090: [CMS: 122905K->122905K(237276K), 0.4934254 secs] 122909K->122905K(414236K), [Metaspace: 121209K->121209K(1165312K)], 0.4938504 secs] [Times: user=0.49 sys=0.00, real=0.50 secs] 
2020-03-19T14:57:35.959+0800: 21059.584: [Full GC (Last ditch collection) 2020-03-19T14:57:35.959+0800: 21059.584: [CMS: 122905K->122905K(237276K), 0.4843080 secs] 122905K->122905K(414236K), [Metaspace: 121209K->121209K(1165312K)], 0.4847320 secs] [Times: user=0.48 sys=0.00, real=0.48 secs] 
2020-03-19T14:57:36.447+0800: 21060.072: [Full GC (Metadata GC Threshold) 2020-03-19T14:57:36.447+0800: 21060.072: [CMS: 122905K->122905K(237276K), 0.4647105 secs] 122913K->122905K(414236K), [Metaspace: 121209K->121209K(1165312K)], 0.4651424 secs] [Times: user=0.46 sys=0.00, real=0.46 secs] 
2020-03-19T14:57:36.913+0800: 21060.537: [Full GC (Last ditch collection) 2020-03-19T14:57:36.913+0800: 21060.537: [CMS: 122905K->122905K(237276K), 0.4636266 secs] 122905K->122905K(414236K), [Metaspace: 121209K->121209K(1165312K)], 0.4639973 secs] [Times: user=0.46 sys=0.00, real=0.46 secs] 
2020-03-19T14:57:37.380+0800: 21061.004: [Full GC (Metadata GC Threshold) 2020-03-19T14:57:37.380+0800: 21061.005: [CMS: 122905K->122907K(237276K), 0.4882779 secs] 122929K->122907K(414236K), [Metaspace: 121209K->121209K(1165312K)], 0.4886958 secs] [Times: user=0.50 sys=0.00, real=0.49 secs] 
2020-03-19T14:57:37.869+0800: 21061.493: [Full GC (Last ditch collection) 2020-03-19T14:57:37.869+0800: 21061.494: [CMS: 122907K->122907K(237276K), 0.4942716 secs] 122907K->122907K(414236K), [Metaspace: 121209K->121209K(1165312K)], 0.4949571 secs] [Times: user=0.47 sys=0.00, real=0.49 secs] 
2020-03-19T14:57:38.368+0800: 21061.992: [Full GC (Metadata GC Threshold) 2020-03-19T14:57:38.368+0800: 21061.993: [CMS: 122907K->122907K(237276K), 0.5054645 secs] 122913K->122907K(414236K), [Metaspace: 121209K->121209K(1165312K)], 0.5058811 secs] [Times: user=0.49 sys=0.00, real=0.50 secs] 
2020-03-19T14:57:38.874+0800: 21062.499: [Full GC (Last ditch collection) 2020-03-19T14:57:38.874+0800: 21062.499: [CMS: 122907K->122907K(237276K), 0.4970281 secs] 122907K->122907K(414236K), [Metaspace: 121209K->121209K(1165312K)], 0.4974000 secs] [Times: user=0.47 sys=0.00, real=0.50 secs] 
2020-03-19T14:57:39.375+0800: 21062.999: [Full GC (Metadata GC Threshold) 2020-03-19T14:57:39.375+0800: 21062.999: [CMS: 122907K->122908K(237276K), 0.4639678 secs] 122911K->122908K(414236K), [Metaspace: 121209K->121209K(1165312K)], 0.4643681 secs] [Times: user=0.46 sys=0.00, real=0.47 secs] 
2020-03-19T14:57:39.839+0800: 21063.464: [Full GC (Last ditch collection) 2020-03-19T14:57:39.839+0800: 21063.464: [CMS: 122908K->122908K(237276K), 0.4756099 secs] 122908K->122908K(414236K), [Metaspace: 121209K->121209K(1165312K)], 0.4760117 secs] [Times: user=0.47 sys=0.00, real=0.47 secs] 
2020-03-19T14:57:40.318+0800: 21063.943: [Full GC (Metadata GC Threshold) 2020-03-19T14:57:40.319+0800: 21063.943: [CMS: 122908K->122908K(237276K), 0.4795693 secs] 122910K->122908K(414236K), [Metaspace: 121209K->121209K(1165312K)], 0.4800311 secs] [Times: user=0.48 sys=0.00, real=0.48 secs] 
2020-03-19T14:57:40.799+0800: 21064.423: [Full GC (Last ditch collection) 2020-03-19T14:57:40.799+0800: 21064.423: [CMS: 122908K->122908K(237276K), 0.4817457 secs] 122908K->122908K(414236K), [Metaspace: 121209K->121209K(1165312K)], 0.4821674 secs] [Times: user=0.47 sys=0.00, real=0.48 secs] 
2020-03-19T14:57:41.284+0800: 21064.908: [Full GC (Metadata GC Threshold) 2020-03-19T14:57:41.284+0800: 21064.908: [CMS: 122908K->122908K(237276K), 0.4746698 secs] 122910K->122908K(414236K), [Metaspace: 121209K->121209K(1165312K)], 0.4750518 secs] [Times: user=0.46 sys=0.00, real=0.48 secs] 
2020-03-19T14:57:41.759+0800: 21065.384: [Full GC (Last ditch collection) 2020-03-19T14:57:41.759+0800: 21065.384: [CMS: 122908K->122908K(237276K), 0.4846283 secs] 122908K->122908K(414236K), [Metaspace: 121209K->121209K(1165312K)], 0.4850740 secs] [Times: user=0.48 sys=0.00, real=0.48 secs] 
2020-03-19T14:57:42.263+0800: 21065.887: [Full GC (Metadata GC Threshold) 2020-03-19T14:57:42.263+0800: 21065.887: [CMS: 122908K->122911K(237276K), 0.5992079 secs] 123717K->122911K(414236K), [Metaspace: 121209K->121209K(1165312K)], 0.5996974 secs] [Times: user=0.56 sys=0.00, real=0.60 secs] 
2020-03-19T14:57:42.863+0800: 21066.487: [Full GC (Last ditch collection) 2020-03-19T14:57:42.863+0800: 21066.487: [CMS: 122911K->122908K(237276K), 0.5267867 secs] 122911K->122908K(414236K), [Metaspace: 121209K->121209K(1165312K)], 0.5272325 secs] [Times: user=0.50 sys=0.00, real=0.53 secs] 
2020-03-19T14:57:43.393+0800: 21067.017: [Full GC (Metadata GC Threshold) 2020-03-19T14:57:43.393+0800: 21067.017: [CMS: 122908K->122909K(237276K), 0.4816540 secs] 122910K->122909K(414236K), [Metaspace: 121209K->121209K(1165312K)], 0.4820918 secs] [Times: user=0.47 sys=0.00, real=0.48 secs] 
2020-03-19T14:57:43.875+0800: 21067.500: [Full GC (Last ditch collection) 2020-03-19T14:57:43.875+0800: 21067.500: [CMS: 122909K->122909K(237276K), 0.4901550 secs] 122909K->122909K(414236K), [Metaspace: 121209K->121209K(1165312K)], 0.4905577 secs] [Times: user=0.49 sys=0.00, real=0.49 secs] 
2020-03-19T14:57:44.370+0800: 21067.994: [Full GC (Metadata GC Threshold) 2020-03-19T14:57:44.370+0800: 21067.995: [CMS: 122909K->122910K(237276K), 0.4946547 secs] 123117K->122910K(414236K), [Metaspace: 121209K->121209K(1165312K)], 0.4951254 secs] [Times: user=0.50 sys=0.00, real=0.49 secs] 
2020-03-19T14:57:44.865+0800: 21068.490: [Full GC (Last ditch collection) 2020-03-19T14:57:44.865+0800: 21068.490: [CMS: 122910K->122910K(237276K), 0.4868531 secs] 122910K->122910K(414236K), [Metaspace: 121209K->121209K(1165312K)], 0.4872509 secs] [Times: user=0.48 sys=0.00, real=0.49 secs] 
2020-03-19T14:57:45.356+0800: 21068.980: [Full GC (Metadata GC Threshold) 2020-03-19T14:57:45.356+0800: 21068.980: [CMS: 122910K->122910K(237276K), 0.4819326 secs] 122912K->122910K(414236K), [Metaspace: 121209K->121209K(1165312K)], 0.4823512 secs] [Times: user=0.48 sys=0.00, real=0.49 secs] 
2020-03-19T14:57:45.838+0800: 21069.463: [Full GC (Last ditch collection) 2020-03-19T14:57:45.838+0800: 21069.463: [CMS: 122910K->122910K(237276K), 0.6065536 secs] 122910K->122910K(414236K), [Metaspace: 121209K->121209K(1165312K)], 0.6069907 secs] [Times: user=0.51 sys=0.00, real=0.60 secs] 
2020-03-19T14:57:46.450+0800: 21070.074: [Full GC (Metadata GC Threshold) 2020-03-19T14:57:46.450+0800: 21070.074: [CMS: 122910K->122908K(237276K), 0.4602099 secs] 123002K->122908K(414236K), [Metaspace: 121209K->121209K(1165312K)], 0.4606232 secs] [Times: user=0.46 sys=0.00, real=0.46 secs] 
2020-03-19T14:57:46.911+0800: 21070.535: [Full GC (Last ditch collection) 2020-03-19T14:57:46.911+0800: 21070.535: [CMS: 122908K->122908K(237276K), 0.4743637 secs] 122908K->122908K(414236K), [Metaspace: 121209K->121209K(1165312K)], 0.4747675 secs] [Times: user=0.47 sys=0.00, real=0.47 secs] 
2020-03-19T14:57:47.389+0800: 21071.013: [Full GC (Metadata GC Threshold) 2020-03-19T14:57:47.389+0800: 21071.013: [CMS: 122908K->122908K(237276K), 0.4823070 secs] 122910K->122908K(414236K), [Metaspace: 121209K->121209K(1165312K)], 0.4827389 secs] [Times: user=0.47 sys=0.00, real=0.48 secs] 
2020-03-19T14:57:47.872+0800: 21071.496: [Full GC (Last ditch collection) 2020-03-19T14:57:47.872+0800: 21071.496: [CMS: 122908K->122908K(237276K), 0.4931793 secs] 122908K->122908K(414236K), [Metaspace: 121209K->121209K(1165312K)], 0.4936342 secs] [Times: user=0.49 sys=0.00, real=0.49 secs] 
2020-03-19T14:57:48.369+0800: 21071.993: [Full GC (Metadata GC Threshold) 2020-03-19T14:57:48.369+0800: 21071.994: [CMS: 122908K->122908K(237276K), 0.4692008 secs] 122910K->122908K(414236K), [Metaspace: 121209K->121209K(1165312K)], 0.4697487 secs] [Times: user=0.47 sys=0.00, real=0.47 secs] 
2020-03-19T14:57:48.839+0800: 21072.463: [Full GC (Last ditch collection) 2020-03-19T14:57:48.839+0800: 21072.463: [CMS: 122908K->122908K(237276K), 0.4934161 secs] 122908K->122908K(414236K), [Metaspace: 121209K->121209K(1165312K)], 0.4937652 secs] [Times: user=0.47 sys=0.00, real=0.49 secs] 
2020-03-19T14:57:49.335+0800: 21072.960: [Full GC (Metadata GC Threshold) 2020-03-19T14:57:49.336+0800: 21072.960: [CMS: 122908K->122908K(237276K), 0.4657587 secs] 122912K->122908K(414236K), [Metaspace: 121209K->121209K(1165312K)], 0.4661693 secs] [Times: user=0.46 sys=0.00, real=0.47 secs] 
2020-03-19T14:57:49.802+0800: 21073.426: [Full GC (Last ditch collection) 2020-03-19T14:57:49.802+0800: 21073.427: [CMS: 122908K->122908K(237276K), 0.5288606 secs] 122908K->122908K(414236K), [Metaspace: 121209K->121209K(1165312K)], 0.5293913 secs] [Times: user=0.50 sys=0.00, real=0.53 secs] 
2020-03-19T14:57:50.339+0800: 21073.964: [Full GC (Metadata GC Threshold) 2020-03-19T14:57:50.339+0800: 21073.964: [CMS: 122908K->122908K(237276K), 0.4899619 secs] 122937K->122908K(414236K), [Metaspace: 121209K->121209K(1165312K)], 0.4904172 secs] [Times: user=0.48 sys=0.00, real=0.49 secs] 
2020-03-19T14:57:50.830+0800: 21074.454: [Full GC (Last ditch collection) 2020-03-19T14:57:50.830+0800: 21074.455: [CMS: 122908K->122908K(237276K), 0.4567388 secs] 122908K->122908K(414236K), [Metaspace: 121209K->121209K(1165312K)], 0.4571233 secs] [Times: user=0.45 sys=0.00, real=0.46 secs] 
2020-03-19T14:57:51.290+0800: 21074.915: [Full GC (Metadata GC Threshold) 2020-03-19T14:57:51.290+0800: 21074.915: [CMS: 122908K->122908K(237276K), 0.4977393 secs] 122938K->122908K(414236K), [Metaspace: 121209K->121209K(1165312K)], 0.4981432 secs] [Times: user=0.49 sys=0.00, real=0.50 secs] 
2020-03-19T14:57:51.788+0800: 21075.413: [Full GC (Last ditch collection) 2020-03-19T14:57:51.789+0800: 21075.413: [CMS: 122908K->122908K(237276K), 0.4510823 secs] 122908K->122908K(414236K), [Metaspace: 121209K->121209K(1165312K)], 0.4514978 secs] [Times: user=0.44 sys=0.00, real=0.45 secs] 
2020-03-19T14:57:52.248+0800: 21075.873: [Full GC (Metadata GC Threshold) 2020-03-19T14:57:52.248+0800: 21075.873: [CMS: 122908K->122919K(237276K), 0.4909801 secs] 123075K->122919K(414236K), [Metaspace: 121209K->121209K(1165312K)], 0.4913960 secs] [Times: user=0.49 sys=0.00, real=0.49 secs] 
2020-03-19T14:57:52.740+0800: 21076.364: [Full GC (Last ditch collection) 2020-03-19T14:57:52.740+0800: 21076.364: [CMS: 122919K->122917K(237276K), 0.4731535 secs] 122919K->122917K(414236K), [Metaspace: 121209K->121209K(1165312K)], 0.4735315 secs] [Times: user=0.47 sys=0.00, real=0.47 secs] 
2020-03-19T14:57:53.216+0800: 21076.841: [Full GC (Metadata GC Threshold) 2020-03-19T14:57:53.216+0800: 21076.841: [CMS: 122917K->122916K(237276K), 0.4773800 secs] 122923K->122916K(414236K), [Metaspace: 121209K->121209K(1165312K)], 0.4777893 secs] [Times: user=0.47 sys=0.00, real=0.48 secs] 
2020-03-19T14:57:53.694+0800: 21077.319: [Full GC (Last ditch collection) 2020-03-19T14:57:53.694+0800: 21077.319: [CMS: 122916K->122916K(237276K), 0.4683387 secs] 122916K->122916K(414236K), [Metaspace: 121209K->121209K(1165312K)], 0.4687222 secs] [Times: user=0.46 sys=0.00, real=0.47 secs] 
2020-03-19T14:57:54.166+0800: 21077.791: [Full GC (Metadata GC Threshold) 2020-03-19T14:57:54.166+0800: 21077.791: [CMS: 122916K->122916K(237276K), 0.4686857 secs] 122925K->122916K(414236K), [Metaspace: 121209K->121209K(1165312K)], 0.4690894 secs] [Times: user=0.46 sys=0.00, real=0.47 secs] 
2020-03-19T14:57:54.635+0800: 21078.260: [Full GC (Last ditch collection) 2020-03-19T14:57:54.636+0800: 21078.260: [CMS: 122916K->122916K(237276K), 0.4886044 secs] 122916K->122916K(414236K), [Metaspace: 121209K->121209K(1165312K)], 0.4889977 secs] [Times: user=0.48 sys=0.00, real=0.49 secs] 
2020-03-19T14:57:55.128+0800: 21078.752: [Full GC (Metadata GC Threshold) 2020-03-19T14:57:55.131+0800: 21078.755: [CMS: 122916K->122916K(237276K), 0.4696989 secs] 122923K->122916K(414236K), [Metaspace: 121209K->121209K(1165312K)], 0.4730692 secs] [Times: user=0.47 sys=0.00, real=0.47 secs] 
2020-03-19T14:57:55.601+0800: 21079.226: [Full GC (Last ditch collection) 2020-03-19T14:57:55.601+0800: 21079.226: [CMS: 122916K->122916K(237276K), 0.4965854 secs] 122916K->122916K(414236K), [Metaspace: 121209K->121209K(1165312K)], 0.4971002 secs] [Times: user=0.50 sys=0.00, real=0.50 secs] 
2020-03-19T14:57:56.102+0800: 21079.726: [Full GC (Metadata GC Threshold) 2020-03-19T14:57:56.102+0800: 21079.726: [CMS: 122916K->122916K(237276K), 0.5135406 secs] 122923K->122916K(414236K), [Metaspace: 121209K->121209K(1165312K)], 0.5140154 secs] [Times: user=0.51 sys=0.00, real=0.51 secs] 
2020-03-19T14:57:56.616+0800: 21080.240: [Full GC (Last ditch collection) 2020-03-19T14:57:56.616+0800: 21080.241: [CMS: 122916K->122916K(237276K), 0.4793127 secs] 122916K->122916K(414236K), [Metaspace: 121209K->121209K(1165312K)], 0.4797418 secs] [Times: user=0.47 sys=0.00, real=0.48 secs] 
2020-03-19T14:57:57.099+0800: 21080.723: [Full GC (Metadata GC Threshold) 2020-03-19T14:57:57.099+0800: 21080.724: [CMS: 122916K->122917K(237276K), 0.5162190 secs] 122923K->122917K(414236K), [Metaspace: 121209K->121209K(1165312K)], 0.5166487 secs] [Times: user=0.50 sys=0.00, real=0.51 secs] 
2020-03-19T14:57:57.616+0800: 21081.240: [Full GC (Last ditch collection) 2020-03-19T14:57:57.616+0800: 21081.241: [CMS: 122917K->122917K(237276K), 0.6070683 secs] 122917K->122917K(414236K), [Metaspace: 121209K->121209K(1165312K)], 0.6075678 secs] [Times: user=0.52 sys=0.00, real=0.61 secs] 
2020-03-19T14:57:58.227+0800: 21081.851: [Full GC (Metadata GC Threshold) 2020-03-19T14:57:58.227+0800: 21081.851: [CMS: 122917K->122917K(237276K), 0.4727564 secs] 123077K->122917K(414236K), [Metaspace: 121209K->121209K(1165312K)], 0.4732116 secs] [Times: user=0.47 sys=0.00, real=0.47 secs] 
2020-03-19T14:57:58.700+0800: 21082.325: [Full GC (Last ditch collection) 2020-03-19T14:57:58.700+0800: 21082.325: [CMS: 122917K->122916K(237276K), 0.5004125 secs] 122917K->122916K(414236K), [Metaspace: 121209K->121209K(1165312K)], 0.5008187 secs] [Times: user=0.48 sys=0.00, real=0.50 secs] 
2020-03-19T14:57:59.205+0800: 21082.830: [Full GC (Metadata GC Threshold) 2020-03-19T14:57:59.205+0800: 21082.830: [CMS: 122916K->122947K(237276K), 0.4922613 secs] 123132K->122947K(414236K), [Metaspace: 121209K->121209K(1165312K)], 0.4927067 secs] [Times: user=0.49 sys=0.00, real=0.50 secs] 
2020-03-19T14:57:59.698+0800: 21083.323: [Full GC (Last ditch collection) 2020-03-19T14:57:59.698+0800: 21083.323: [CMS: 122947K->122913K(237276K), 0.5477427 secs] 122947K->122913K(414236K), [Metaspace: 121209K->121209K(1165312K)], 0.5481792 secs] [Times: user=0.49 sys=0.00, real=0.55 secs] 
2020-03-19T14:58:00.249+0800: 21083.874: [Full GC (Metadata GC Threshold) 2020-03-19T14:58:00.250+0800: 21083.874: [CMS: 122913K->122913K(237276K), 0.4877411 secs] 123272K->122913K(414236K), [Metaspace: 121209K->121209K(1165312K)], 0.4881612 secs] [Times: user=0.48 sys=0.00, real=0.48 secs] 
2020-03-19T14:58:00.738+0800: 21084.362: [Full GC (Last ditch collection) 2020-03-19T14:58:00.738+0800: 21084.363: [CMS: 122913K->122913K(237276K), 0.5982088 secs] 122913K->122913K(414236K), [Metaspace: 121209K->121209K(1165312K)], 0.5986474 secs] [Times: user=0.51 sys=0.00, real=0.60 secs] 
2020-03-19T14:58:01.340+0800: 21084.965: [Full GC (Metadata GC Threshold) 2020-03-19T14:58:01.340+0800: 21084.965: [CMS: 122913K->122913K(237276K), 0.5404801 secs] 122925K->122913K(414236K), [Metaspace: 121209K->121209K(1165312K)], 0.5408813 secs] [Times: user=0.49 sys=0.00, real=0.54 secs] 
2020-03-19T14:58:01.881+0800: 21085.506: [Full GC (Last ditch collection) 2020-03-19T14:58:01.881+0800: 21085.506: [CMS: 122913K->122913K(237276K), 0.4798705 secs] 122913K->122913K(414236K), [Metaspace: 121209K->121209K(1165312K)], 0.4802721 secs] [Times: user=0.46 sys=0.00, real=0.48 secs] 
2020-03-19T14:58:02.364+0800: 21085.989: [Full GC (Metadata GC Threshold) 2020-03-19T14:58:02.364+0800: 21085.989: [CMS: 122913K->122913K(237276K), 0.4642653 secs] 122917K->122913K(414236K), [Metaspace: 121209K->121209K(1165312K)], 0.4646658 secs] [Times: user=0.47 sys=0.00, real=0.47 secs] 
2020-03-19T14:58:02.829+0800: 21086.454: [Full GC (Last ditch collection) 2020-03-19T14:58:02.829+0800: 21086.454: [CMS: 122913K->122913K(237276K), 0.5031594 secs] 122913K->122913K(414236K), [Metaspace: 121209K->121209K(1165312K)], 0.5035440 secs] [Times: user=0.49 sys=0.00, real=0.50 secs] 
2020-03-19T14:58:03.336+0800: 21086.960: [Full GC (Metadata GC Threshold) 2020-03-19T14:58:03.336+0800: 21086.960: [CMS: 122913K->122913K(237276K), 0.4590798 secs] 122913K->122913K(414236K), [Metaspace: 121209K->121209K(1165312K)], 0.4594934 secs] [Times: user=0.46 sys=0.00, real=0.46 secs] 
2020-03-19T14:58:03.795+0800: 21087.420: [Full GC (Last ditch collection) 2020-03-19T14:58:03.796+0800: 21087.420: [CMS: 122913K->122913K(237276K), 0.4941414 secs] 122913K->122913K(414236K), [Metaspace: 121209K->121209K(1165312K)], 0.4945249 secs] [Times: user=0.46 sys=0.00, real=0.50 secs] 
2020-03-19T14:58:04.295+0800: 21087.920: [Full GC (Metadata GC Threshold) 2020-03-19T14:58:04.295+0800: 21087.920: [CMS: 122913K->122931K(237276K), 0.4782867 secs] 122960K->122931K(414236K), [Metaspace: 121209K->121209K(1165312K)], 0.4787058 secs] [Times: user=0.47 sys=0.00, real=0.48 secs] 
2020-03-19T14:58:04.774+0800: 21088.399: [Full GC (Last ditch collection) 2020-03-19T14:58:04.774+0800: 21088.399: [CMS: 122931K->122931K(237276K), 0.5610931 secs] 122931K->122931K(414236K), [Metaspace: 121209K->121209K(1165312K)], 0.5615651 secs] [Times: user=0.54 sys=0.00, real=0.56 secs] 
2020-03-19T14:58:05.341+0800: 21088.965: [Full GC (Metadata GC Threshold) 2020-03-19T14:58:05.341+0800: 21088.965: [CMS: 122931K->122937K(237276K), 0.4877575 secs] 123007K->122937K(414236K), [Metaspace: 121209K->121209K(1165312K)], 0.4881714 secs] [Times: user=0.48 sys=0.00, real=0.49 secs] 
2020-03-19T14:58:05.829+0800: 21089.454: [Full GC (Last ditch collection) 2020-03-19T14:58:05.829+0800: 21089.454: [CMS: 122937K->122937K(237276K), 0.4827220 secs] 122937K->122937K(414236K), [Metaspace: 121209K->121209K(1165312K)], 0.4831241 secs] [Times: user=0.48 sys=0.00, real=0.48 secs] 
2020-03-19T14:58:06.315+0800: 21089.940: [Full GC (Metadata GC Threshold) 2020-03-19T14:58:06.315+0800: 21089.940: [CMS: 122937K->122937K(237276K), 0.4844794 secs] 122943K->122937K(414236K), [Metaspace: 121209K->121209K(1165312K)], 0.4849135 secs] [Times: user=0.48 sys=0.00, real=0.49 secs] 
2020-03-19T14:58:06.801+0800: 21090.425: [Full GC (Last ditch collection) 2020-03-19T14:58:06.801+0800: 21090.425: [CMS: 122937K->122937K(237276K), 0.4765221 secs] 122937K->122937K(414236K), [Metaspace: 121209K->121209K(1165312K)], 0.4769366 secs] [Times: user=0.48 sys=0.00, real=0.47 secs] 
2020-03-19T14:58:07.280+0800: 21090.905: [Full GC (Metadata GC Threshold) 2020-03-19T14:58:07.280+0800: 21090.905: [CMS: 122937K->122937K(237276K), 0.4839552 secs] 122937K->122937K(414236K), [Metaspace: 121209K->121209K(1165312K)], 0.4843561 secs] [Times: user=0.49 sys=0.00, real=0.48 secs] 
2020-03-19T14:58:07.765+0800: 21091.390: [Full GC (Last ditch collection) 2020-03-19T14:58:07.765+0800: 21091.390: [CMS: 122937K->122937K(237276K), 0.4897339 secs] 122937K->122937K(414236K), [Metaspace: 121209K->121209K(1165312K)], 0.4901195 secs] [Times: user=0.48 sys=0.00, real=0.49 secs] 
2020-03-19T14:58:08.258+0800: 21091.883: [Full GC (Metadata GC Threshold) 2020-03-19T14:58:08.258+0800: 21091.883: [CMS: 122937K->122937K(237276K), 0.5035374 secs] 122937K->122937K(414236K), [Metaspace: 121209K->121209K(1165312K)], 0.5039643 secs] [Times: user=0.50 sys=0.00, real=0.51 secs] 
2020-03-19T14:58:08.762+0800: 21092.387: [Full GC (Last ditch collection) 2020-03-19T14:58:08.762+0800: 21092.387: [CMS: 122937K->122937K(237276K), 0.4878322 secs] 122937K->122937K(414236K), [Metaspace: 121209K->121209K(1165312K)], 0.4881960 secs] [Times: user=0.48 sys=0.00, real=0.49 secs] 
2020-03-19T14:58:09.253+0800: 21092.878: [Full GC (Metadata GC Threshold) 2020-03-19T14:58:09.253+0800: 21092.878: [CMS: 122937K->122937K(237276K), 0.4774727 secs] 122943K->122937K(414236K), [Metaspace: 121209K->121209K(1165312K)], 0.4778678 secs] [Times: user=0.48 sys=0.00, real=0.48 secs] 
2020-03-19T14:58:09.731+0800: 21093.356: [Full GC (Last ditch collection) 2020-03-19T14:58:09.732+0800: 21093.356: [CMS: 122937K->122937K(237276K), 0.4907690 secs] 122937K->122937K(414236K), [Metaspace: 121209K->121209K(1165312K)], 0.4911161 secs] [Times: user=0.47 sys=0.00, real=0.49 secs] 
2020-03-19T14:58:10.226+0800: 21093.850: [Full GC (Metadata GC Threshold) 2020-03-19T14:58:10.226+0800: 21093.850: [CMS: 122937K->122937K(237276K), 0.5387916 secs] 122947K->122937K(414236K), [Metaspace: 121209K->121209K(1165312K)], 0.5391759 secs] [Times: user=0.52 sys=0.00, real=0.54 secs] 
2020-03-19T14:58:10.765+0800: 21094.390: [Full GC (Last ditch collection) 2020-03-19T14:58:10.765+0800: 21094.390: [CMS: 122937K->122937K(237276K), 0.4747319 secs] 122937K->122937K(414236K), [Metaspace: 121209K->121209K(1165312K)], 0.4751478 secs] [Times: user=0.47 sys=0.00, real=0.48 secs] 
2020-03-19T14:58:11.243+0800: 21094.868: [Full GC (Metadata GC Threshold) 2020-03-19T14:58:11.243+0800: 21094.868: [CMS: 122937K->122938K(237276K), 0.4947135 secs] 122945K->122938K(414236K), [Metaspace: 121209K->121209K(1165312K)], 0.4951415 secs] [Times: user=0.48 sys=0.00, real=0.50 secs] 
2020-03-19T14:58:11.739+0800: 21095.363: [Full GC (Last ditch collection) 2020-03-19T14:58:11.739+0800: 21095.363: [CMS: 122938K->122938K(237276K), 0.5050214 secs] 122938K->122938K(414236K), [Metaspace: 121209K->121209K(1165312K)], 0.5054904 secs] [Times: user=0.48 sys=0.00, real=0.50 secs] 
2020-03-19T14:58:12.247+0800: 21095.872: [Full GC (Metadata GC Threshold) 2020-03-19T14:58:12.247+0800: 21095.872: [CMS: 122938K->122939K(237276K), 0.4957814 secs] 122940K->122939K(414236K), [Metaspace: 121209K->121209K(1165312K)], 0.4962154 secs] [Times: user=0.48 sys=0.00, real=0.49 secs] 
2020-03-19T14:58:12.744+0800: 21096.368: [Full GC (Last ditch collection) 2020-03-19T14:58:12.744+0800: 21096.368: [CMS: 122939K->122939K(237276K), 0.5340879 secs] 122939K->122939K(414236K), [Metaspace: 121209K->121209K(1165312K)], 0.5345677 secs] [Times: user=0.52 sys=0.00, real=0.54 secs] 
2020-03-19T14:58:13.281+0800: 21096.906: [Full GC (Metadata GC Threshold) 2020-03-19T14:58:13.281+0800: 21096.906: [CMS: 122939K->122939K(237276K), 0.4565767 secs] 122943K->122939K(414236K), [Metaspace: 121209K->121209K(1165312K)], 0.4570162 secs] [Times: user=0.45 sys=0.00, real=0.46 secs] 
2020-03-19T14:58:13.738+0800: 21097.363: [Full GC (Last ditch collection) 2020-03-19T14:58:13.739+0800: 21097.363: [CMS: 122939K->122939K(237276K), 0.4716831 secs] 122939K->122939K(414236K), [Metaspace: 121209K->121209K(1165312K)], 0.4721165 secs] [Times: user=0.46 sys=0.00, real=0.47 secs] 
2020-03-19T14:58:14.213+0800: 21097.838: [Full GC (Metadata GC Threshold) 2020-03-19T14:58:14.214+0800: 21097.838: [CMS: 122939K->122940K(237276K), 0.4740655 secs] 122943K->122940K(414236K), [Metaspace: 121209K->121209K(1165312K)], 0.4757384 secs] [Times: user=0.47 sys=0.00, real=0.48 secs] 
2020-03-19T14:58:14.689+0800: 21098.314: [Full GC (Last ditch collection) 2020-03-19T14:58:14.690+0800: 21098.314: [CMS: 122940K->122940K(237276K), 0.4903182 secs] 122940K->122940K(414236K), [Metaspace: 121209K->121209K(1165312K)], 0.4907472 secs] [Times: user=0.48 sys=0.00, real=0.49 secs] 
2020-03-19T14:58:15.183+0800: 21098.808: [Full GC (Metadata GC Threshold) 2020-03-19T14:58:15.183+0800: 21098.808: [CMS: 122940K->122940K(237276K), 0.4808207 secs] 123297K->122940K(414236K), [Metaspace: 121209K->121209K(1165312K)], 0.4812364 secs] [Times: user=0.48 sys=0.00, real=0.48 secs] 
2020-03-19T14:58:15.665+0800: 21099.289: [Full GC (Last ditch collection) 2020-03-19T14:58:15.665+0800: 21099.289: [CMS: 122940K->122940K(237276K), 0.5941036 secs] 122940K->122940K(414236K), [Metaspace: 121209K->121209K(1165312K)], 0.5945302 secs] [Times: user=0.50 sys=0.00, real=0.60 secs] 
2020-03-19T14:58:16.282+0800: 21099.906: [Full GC (Metadata GC Threshold) 2020-03-19T14:58:16.282+0800: 21099.907: [CMS: 122940K->122923K(237276K), 0.5581505 secs] 126240K->122923K(414236K), [Metaspace: 121209K->121209K(1165312K)], 0.5585814 secs] [Times: user=0.52 sys=0.00, real=0.56 secs] 
2020-03-19T14:58:16.841+0800: 21100.465: [Full GC (Last ditch collection) 2020-03-19T14:58:16.841+0800: 21100.465: [CMS: 122923K->122921K(237276K), 0.4684970 secs] 122923K->122921K(414236K), [Metaspace: 121209K->121209K(1165312K)], 0.4688918 secs] [Times: user=0.46 sys=0.00, real=0.47 secs] 
2020-03-19T14:58:17.313+0800: 21100.937: [Full GC (Metadata GC Threshold) 2020-03-19T14:58:17.313+0800: 21100.937: [CMS: 122921K->122921K(237276K), 0.4704432 secs] 122925K->122921K(414236K), [Metaspace: 121209K->121209K(1165312K)], 0.4708636 secs] [Times: user=0.46 sys=0.00, real=0.47 secs] 
2020-03-19T14:58:17.784+0800: 21101.408: [Full GC (Last ditch collection) 2020-03-19T14:58:17.784+0800: 21101.408: [CMS: 122921K->122921K(237276K), 0.5118154 secs] 122921K->122921K(414236K), [Metaspace: 121209K->121209K(1165312K)], 0.5121894 secs] [Times: user=0.48 sys=0.00, real=0.51 secs] 
2020-03-19T14:58:18.299+0800: 21101.923: [Full GC (Metadata GC Threshold) 2020-03-19T14:58:18.299+0800: 21101.923: [CMS: 122921K->122921K(237276K), 0.4928030 secs] 122929K->122921K(414236K), [Metaspace: 121209K->121209K(1165312K)], 0.4932396 secs] [Times: user=0.47 sys=0.00, real=0.49 secs] 
2020-03-19T14:58:18.792+0800: 21102.417: [Full GC (Last ditch collection) 2020-03-19T14:58:18.793+0800: 21102.417: [CMS: 122921K->122921K(237276K), 0.4925883 secs] 122921K->122921K(414236K), [Metaspace: 121209K->121209K(1165312K)], 0.4929954 secs] [Times: user=0.48 sys=0.00, real=0.49 secs] 
2020-03-19T14:58:19.288+0800: 21102.913: [Full GC (Metadata GC Threshold) 2020-03-19T14:58:19.288+0800: 21102.913: [CMS: 122921K->122921K(237276K), 0.5186487 secs] 122927K->122921K(414236K), [Metaspace: 121209K->121209K(1165312K)], 0.5190350 secs] [Times: user=0.49 sys=0.00, real=0.52 secs] 
2020-03-19T14:58:19.808+0800: 21103.432: [Full GC (Last ditch collection) 2020-03-19T14:58:19.808+0800: 21103.432: [CMS: 122921K->122921K(237276K), 0.5463347 secs] 122921K->122921K(414236K), [Metaspace: 121209K->121209K(1165312K)], 0.5467449 secs] [Times: user=0.50 sys=0.00, real=0.54 secs] 
2020-03-19T14:58:20.357+0800: 21103.982: [Full GC (Metadata GC Threshold) 2020-03-19T14:58:20.357+0800: 21103.982: [CMS: 122921K->122921K(237276K), 0.4822856 secs] 122923K->122921K(414236K), [Metaspace: 121209K->121209K(1165312K)], 0.4826766 secs] [Times: user=0.48 sys=0.00, real=0.49 secs] 
2020-03-19T14:58:20.840+0800: 21104.465: [Full GC (Last ditch collection) 2020-03-19T14:58:20.840+0800: 21104.465: [CMS: 122921K->122921K(237276K), 0.4612476 secs] 122921K->122921K(414236K), [Metaspace: 121209K->121209K(1165312K)], 0.4616110 secs] [Times: user=0.46 sys=0.00, real=0.46 secs] 
2020-03-19T14:58:21.305+0800: 21104.929: [Full GC (Metadata GC Threshold) 2020-03-19T14:58:21.305+0800: 21104.929: [CMS: 122921K->122921K(237276K), 0.4762656 secs] 122929K->122921K(414236K), [Metaspace: 121209K->121209K(1165312K)], 0.4767675 secs] [Times: user=0.48 sys=0.00, real=0.48 secs] 
2020-03-19T14:58:21.782+0800: 21105.406: [Full GC (Last ditch collection) 2020-03-19T14:58:21.782+0800: 21105.406: [CMS: 122921K->122921K(237276K), 0.4644035 secs] 122921K->122921K(414236K), [Metaspace: 121209K->121209K(1165312K)], 0.4647956 secs] [Times: user=0.46 sys=0.00, real=0.47 secs] 
2020-03-19T14:58:22.250+0800: 21105.874: [Full GC (Metadata GC Threshold) 2020-03-19T14:58:22.250+0800: 21105.875: [CMS: 122921K->122921K(237276K), 0.4830784 secs] 122996K->122921K(414236K), [Metaspace: 121209K->121209K(1165312K)], 0.4834971 secs] [Times: user=0.47 sys=0.00, real=0.48 secs] 
2020-03-19T14:58:22.734+0800: 21106.358: [Full GC (Last ditch collection) 2020-03-19T14:58:22.734+0800: 21106.358: [CMS: 122921K->122921K(237276K), 0.4941359 secs] 122921K->122921K(414236K), [Metaspace: 121209K->121209K(1165312K)], 0.4945298 secs] [Times: user=0.49 sys=0.00, real=0.50 secs] 
2020-03-19T14:58:23.231+0800: 21106.856: [Full GC (Metadata GC Threshold) 2020-03-19T14:58:23.231+0800: 21106.856: [CMS: 122921K->122921K(237276K), 0.4680299 secs] 122923K->122921K(414236K), [Metaspace: 121209K->121209K(1165312K)], 0.4684768 secs] [Times: user=0.46 sys=0.00, real=0.47 secs] 
2020-03-19T14:58:23.700+0800: 21107.324: [Full GC (Last ditch collection) 2020-03-19T14:58:23.700+0800: 21107.325: [CMS: 122921K->122921K(237276K), 0.4912464 secs] 122921K->122921K(414236K), [Metaspace: 121209K->121209K(1165312K)], 0.4917384 secs] [Times: user=0.48 sys=0.00, real=0.49 secs] 
2020-03-19T14:58:24.195+0800: 21107.819: [Full GC (Metadata GC Threshold) 2020-03-19T14:58:24.195+0800: 21107.819: [CMS: 122921K->122921K(237276K), 0.4750954 secs] 122925K->122921K(414236K), [Metaspace: 121209K->121209K(1165312K)], 0.4755074 secs] [Times: user=0.48 sys=0.00, real=0.48 secs] 
2020-03-19T14:58:24.670+0800: 21108.295: [Full GC (Last ditch collection) 2020-03-19T14:58:24.670+0800: 21108.295: [CMS: 122921K->122921K(237276K), 0.4910616 secs] 122921K->122921K(414236K), [Metaspace: 121209K->121209K(1165312K)], 0.4914472 secs] [Times: user=0.48 sys=0.00, real=0.49 secs] 
2020-03-19T14:58:25.165+0800: 21108.789: [Full GC (Metadata GC Threshold) 2020-03-19T14:58:25.165+0800: 21108.790: [CMS: 122921K->122921K(237276K), 0.5045084 secs] 122925K->122921K(414236K), [Metaspace: 121209K->121209K(1165312K)], 0.5049364 secs] [Times: user=0.50 sys=0.00, real=0.51 secs] 
2020-03-19T14:58:25.670+0800: 21109.295: [Full GC (Last ditch collection) 2020-03-19T14:58:25.670+0800: 21109.295: [CMS: 122921K->122921K(237276K), 0.4981764 secs] 122921K->122921K(414236K), [Metaspace: 121209K->121209K(1165312K)], 0.4985947 secs] [Times: user=0.49 sys=0.00, real=0.50 secs] 
2020-03-19T14:58:26.172+0800: 21109.796: [Full GC (Metadata GC Threshold) 2020-03-19T14:58:26.172+0800: 21109.796: [CMS: 122921K->122921K(237276K), 0.5245430 secs] 122923K->122921K(414236K), [Metaspace: 121209K->121209K(1165312K)], 0.5249499 secs] [Times: user=0.51 sys=0.00, real=0.52 secs] 
2020-03-19T14:58:26.697+0800: 21110.321: [Full GC (Last ditch collection) 2020-03-19T14:58:26.697+0800: 21110.322: [CMS: 122921K->122921K(237276K), 0.4913356 secs] 122921K->122921K(414236K), [Metaspace: 121209K->121209K(1165312K)], 0.4917413 secs] [Times: user=0.48 sys=0.00, real=0.50 secs] 
2020-03-19T14:58:27.193+0800: 21110.818: [Full GC (Metadata GC Threshold) 2020-03-19T14:58:27.193+0800: 21110.818: [CMS: 122921K->122924K(237276K), 0.5061249 secs] 122942K->122924K(414236K), [Metaspace: 121209K->121209K(1165312K)], 0.5067844 secs] [Times: user=0.50 sys=0.00, real=0.51 secs] 
2020-03-19T14:58:27.700+0800: 21111.325: [Full GC (Last ditch collection) 2020-03-19T14:58:27.700+0800: 21111.325: [CMS: 122924K->122924K(237276K), 0.5738504 secs] 122924K->122924K(414236K), [Metaspace: 121209K->121209K(1165312K)], 0.5742654 secs] [Times: user=0.53 sys=0.00, real=0.57 secs] 
2020-03-19T14:58:28.278+0800: 21111.902: [Full GC (Metadata GC Threshold) 2020-03-19T14:58:28.278+0800: 21111.902: [CMS: 122924K->122924K(237276K), 0.4623613 secs] 122926K->122924K(414236K), [Metaspace: 121209K->121209K(1165312K)], 0.4627690 secs] [Times: user=0.46 sys=0.00, real=0.47 secs] 
2020-03-19T14:58:28.741+0800: 21112.365: [Full GC (Last ditch collection) 2020-03-19T14:58:28.741+0800: 21112.365: [CMS: 122924K->122924K(237276K), 0.4844097 secs] 122924K->122924K(414236K), [Metaspace: 121209K->121209K(1165312K)], 0.4847759 secs] [Times: user=0.48 sys=0.00, real=0.48 secs] 
2020-03-19T14:58:29.228+0800: 21112.853: [Full GC (Metadata GC Threshold) 2020-03-19T14:58:29.228+0800: 21112.853: [CMS: 122924K->122924K(237276K), 0.4677600 secs] 122926K->122924K(414236K), [Metaspace: 121209K->121209K(1165312K)], 0.4682013 secs] [Times: user=0.46 sys=0.00, real=0.46 secs] 
2020-03-19T14:58:29.697+0800: 21113.321: [Full GC (Last ditch collection) 2020-03-19T14:58:29.697+0800: 21113.321: [CMS: 122924K->122924K(237276K), 0.4940641 secs] 122924K->122924K(414236K), [Metaspace: 121209K->121209K(1165312K)], 0.4945386 secs] [Times: user=0.48 sys=0.00, real=0.50 secs] 
2020-03-19T14:58:30.194+0800: 21113.819: [Full GC (Metadata GC Threshold) 2020-03-19T14:58:30.194+0800: 21113.819: [CMS: 122924K->122924K(237276K), 0.5072499 secs] 122930K->122924K(414236K), [Metaspace: 121209K->121209K(1165312K)], 0.5077021 secs] [Times: user=0.50 sys=0.00, real=0.51 secs] 
2020-03-19T14:58:30.702+0800: 21114.327: [Full GC (Last ditch collection) 2020-03-19T14:58:30.702+0800: 21114.327: [CMS: 122924K->122924K(237276K), 0.5448723 secs] 122924K->122924K(414236K), [Metaspace: 121209K->121209K(1165312K)], 0.5453287 secs] [Times: user=0.52 sys=0.00, real=0.55 secs] 
2020-03-19T14:58:31.253+0800: 21114.878: [Full GC (Metadata GC Threshold) 2020-03-19T14:58:31.254+0800: 21114.878: [CMS: 122924K->122924K(237276K), 0.5255988 secs] 122941K->122924K(414236K), [Metaspace: 121209K->121209K(1165312K)], 0.5260442 secs] [Times: user=0.49 sys=0.00, real=0.53 secs] 
2020-03-19T14:58:31.780+0800: 21115.404: [Full GC (Last ditch collection) 2020-03-19T14:58:31.780+0800: 21115.404: [CMS: 122924K->122924K(237276K), 0.4667401 secs] 122924K->122924K(414236K), [Metaspace: 121209K->121209K(1165312K)], 0.4672184 secs] [Times: user=0.47 sys=0.00, real=0.47 secs] 
2020-03-19T14:58:32.250+0800: 21115.875: [Full GC (Metadata GC Threshold) 2020-03-19T14:58:32.250+0800: 21115.875: [CMS: 122924K->122924K(237276K), 0.4978121 secs] 122924K->122924K(414236K), [Metaspace: 121209K->121209K(1165312K)], 0.4982848 secs] [Times: user=0.48 sys=0.00, real=0.50 secs] 
2020-03-19T14:58:32.749+0800: 21116.373: [Full GC (Last ditch collection) 2020-03-19T14:58:32.749+0800: 21116.374: [CMS: 122924K->122924K(237276K), 0.4846200 secs] 122924K->122924K(414236K), [Metaspace: 121209K->121209K(1165312K)], 0.4851271 secs] [Times: user=0.49 sys=0.00, real=0.48 secs] 
2020-03-19T14:58:33.238+0800: 21116.862: [Full GC (Metadata GC Threshold) 2020-03-19T14:58:33.238+0800: 21116.863: [CMS: 122924K->122924K(237276K), 0.4672743 secs] 122975K->122924K(414236K), [Metaspace: 121209K->121209K(1165312K)], 0.4677156 secs] [Times: user=0.47 sys=0.00, real=0.47 secs] 
2020-03-19T14:58:33.706+0800: 21117.330: [Full GC (Last ditch collection) 2020-03-19T14:58:33.706+0800: 21117.330: [CMS: 122924K->122924K(237276K), 0.4940878 secs] 122924K->122924K(414236K), [Metaspace: 121209K->121209K(1165312K)], 0.4945321 secs] [Times: user=0.48 sys=0.00, real=0.50 secs] 
2020-03-19T14:58:34.204+0800: 21117.828: [Full GC (Metadata GC Threshold) 2020-03-19T14:58:34.204+0800: 21117.828: [CMS: 122924K->122924K(237276K), 0.4923039 secs] 122930K->122924K(414236K), [Metaspace: 121209K->121209K(1165312K)], 0.4927459 secs] [Times: user=0.48 sys=0.00, real=0.49 secs] 
2020-03-19T14:58:34.697+0800: 21118.321: [Full GC (Last ditch collection) 2020-03-19T14:58:34.697+0800: 21118.321: [CMS: 122924K->122924K(237276K), 0.5528340 secs] 122924K->122924K(414236K), [Metaspace: 121209K->121209K(1165312K)], 0.5532441 secs] [Times: user=0.53 sys=0.00, real=0.56 secs] 
2020-03-19T14:58:35.253+0800: 21118.878: [Full GC (Metadata GC Threshold) 2020-03-19T14:58:35.253+0800: 21118.878: [CMS: 122924K->122924K(237276K), 0.4730674 secs] 122928K->122924K(414236K), [Metaspace: 121209K->121209K(1165312K)], 0.4734723 secs] [Times: user=0.47 sys=0.00, real=0.48 secs] 
2020-03-19T14:58:35.727+0800: 21119.351: [Full GC (Last ditch collection) 2020-03-19T14:58:35.727+0800: 21119.351: [CMS: 122924K->122924K(237276K), 0.4743357 secs] 122924K->122924K(414236K), [Metaspace: 121209K->121209K(1165312K)], 0.4748252 secs] [Times: user=0.48 sys=0.00, real=0.47 secs] 
2020-03-19T14:58:36.207+0800: 21119.831: [Full GC (Metadata GC Threshold) 2020-03-19T14:58:36.207+0800: 21119.831: [CMS: 122924K->122922K(237276K), 0.5208828 secs] 122941K->122922K(414236K), [Metaspace: 121209K->121209K(1165312K)], 0.5212844 secs] [Times: user=0.51 sys=0.00, real=0.52 secs] 
2020-03-19T14:58:36.728+0800: 21120.353: [Full GC (Last ditch collection) 2020-03-19T14:58:36.728+0800: 21120.353: [CMS: 122922K->122922K(237276K), 0.4771949 secs] 122922K->122922K(414236K), [Metaspace: 121209K->121209K(1165312K)], 0.4775931 secs] [Times: user=0.47 sys=0.00, real=0.47 secs] 
2020-03-19T14:58:37.209+0800: 21120.833: [Full GC (Metadata GC Threshold) 2020-03-19T14:58:37.209+0800: 21120.833: [CMS: 122922K->122922K(237276K), 0.4421782 secs] 122926K->122922K(414236K), [Metaspace: 121209K->121209K(1165312K)], 0.4425796 secs] [Times: user=0.44 sys=0.00, real=0.44 secs] 
2020-03-19T14:58:37.651+0800: 21121.276: [Full GC (Last ditch collection) 2020-03-19T14:58:37.652+0800: 21121.276: [CMS: 122922K->122922K(237276K), 0.5010260 secs] 122922K->122922K(414236K), [Metaspace: 121209K->121209K(1165312K)], 0.5014047 secs] [Times: user=0.47 sys=0.00, real=0.50 secs] 
2020-03-19T14:58:38.156+0800: 21121.780: [Full GC (Metadata GC Threshold) 2020-03-19T14:58:38.156+0800: 21121.780: [CMS: 122922K->122922K(237276K), 0.4882843 secs] 122924K->122922K(414236K), [Metaspace: 121209K->121209K(1165312K)], 0.4886584 secs] [Times: user=0.49 sys=0.00, real=0.49 secs] 
2020-03-19T14:58:38.645+0800: 21122.269: [Full GC (Last ditch collection) 2020-03-19T14:58:38.645+0800: 21122.269: [CMS: 122922K->122922K(237276K), 0.4864616 secs] 122922K->122922K(414236K), [Metaspace: 121209K->121209K(1165312K)], 0.4868117 secs] [Times: user=0.49 sys=0.00, real=0.49 secs] 
2020-03-19T14:58:39.134+0800: 21122.759: [Full GC (Metadata GC Threshold) 2020-03-19T14:58:39.134+0800: 21122.759: [CMS: 122922K->122922K(237276K), 0.4534835 secs] 122928K->122922K(414236K), [Metaspace: 121209K->121209K(1165312K)], 0.4538936 secs] [Times: user=0.45 sys=0.00, real=0.46 secs] 
2020-03-19T14:58:39.589+0800: 21123.213: [Full GC (Last ditch collection) 2020-03-19T14:58:39.589+0800: 21123.213: [CMS: 122922K->122922K(237276K), 0.4633924 secs] 122922K->122922K(414236K), [Metaspace: 121209K->121209K(1165312K)], 0.4638010 secs] [Times: user=0.46 sys=0.00, real=0.46 secs] 
2020-03-19T14:58:40.056+0800: 21123.680: [Full GC (Metadata GC Threshold) 2020-03-19T14:58:40.056+0800: 21123.681: [CMS: 122922K->122922K(237276K), 0.4828443 secs] 122949K->122922K(414236K), [Metaspace: 121209K->121209K(1165312K)], 0.4832857 secs] [Times: user=0.47 sys=0.00, real=0.49 secs] 
2020-03-19T14:58:40.539+0800: 21124.164: [Full GC (Last ditch collection) 2020-03-19T14:58:40.540+0800: 21124.164: [CMS: 122922K->122922K(237276K), 0.4893274 secs] 122922K->122922K(414236K), [Metaspace: 121209K->121209K(1165312K)], 0.4897130 secs] [Times: user=0.48 sys=0.00, real=0.49 secs] 
2020-03-19T14:58:41.032+0800: 21124.656: [GC (CMS Initial Mark) [1 CMS-initial-mark: 122922K(237276K)] 122922K(414236K), 0.0078370 secs] [Times: user=0.01 sys=0.00, real=0.01 secs] 
2020-03-19T14:58:41.040+0800: 21124.665: [CMS-concurrent-mark-start]
2020-03-19T14:58:41.051+0800: 21124.676: [Full GC (Metadata GC Threshold) 2020-03-19T14:58:41.051+0800: 21124.676: [CMS2020-03-19T14:58:41.249+0800: 21124.874: [CMS-concurrent-mark: 0.201/0.209 secs] [Times: user=0.21 sys=0.00, real=0.21 secs] 
 (concurrent mode failure): 122922K->122924K(237276K), 0.6961652 secs] 124649K->122924K(414236K), [Metaspace: 121209K->121209K(1165312K)], 0.6965873 secs] [Times: user=0.69 sys=0.00, real=0.70 secs] 
2020-03-19T14:58:41.748+0800: 21125.373: [Full GC (Last ditch collection) 2020-03-19T14:58:41.748+0800: 21125.373: [CMS: 122924K->122922K(237276K), 0.4814629 secs] 122924K->122922K(414236K), [Metaspace: 121209K->121209K(1165312K)], 0.4821224 secs] [Times: user=0.47 sys=0.00, real=0.48 secs] 
2020-03-19T14:58:42.235+0800: 21125.859: [Full GC (Metadata GC Threshold) 2020-03-19T14:58:42.235+0800: 21125.859: [CMS: 122922K->122923K(237276K), 0.4943028 secs] 122935K->122923K(414236K), [Metaspace: 121209K->121209K(1165312K)], 0.4947516 secs] [Times: user=0.49 sys=0.00, real=0.50 secs] 
2020-03-19T14:58:42.730+0800: 21126.354: [Full GC (Last ditch collection) 2020-03-19T14:58:42.730+0800: 21126.354: [CMS: 122923K->122923K(237276K), 0.5559599 secs] 122923K->122923K(414236K), [Metaspace: 121209K->121209K(1165312K)], 0.5564135 secs] [Times: user=0.52 sys=0.00, real=0.56 secs] 
2020-03-19T14:58:43.289+0800: 21126.914: [Full GC (Metadata GC Threshold) 2020-03-19T14:58:43.289+0800: 21126.914: [CMS: 122923K->122923K(237276K), 0.4443357 secs] 122926K->122923K(414236K), [Metaspace: 121209K->121209K(1165312K)], 0.4447620 secs] [Times: user=0.44 sys=0.00, real=0.44 secs] 
2020-03-19T14:58:43.734+0800: 21127.359: [Full GC (Last ditch collection) 2020-03-19T14:58:43.734+0800: 21127.359: [CMS: 122923K->122923K(237276K), 0.4905672 secs] 122923K->122923K(414236K), [Metaspace: 121209K->121209K(1165312K)], 0.4909627 secs] [Times: user=0.49 sys=0.00, real=0.49 secs] 
2020-03-19T14:58:44.228+0800: 21127.852: [Full GC (Metadata GC Threshold) 2020-03-19T14:58:44.228+0800: 21127.852: [CMS: 122923K->122923K(237276K), 0.4726603 secs] 122926K->122923K(414236K), [Metaspace: 121209K->121209K(1165312K)], 0.4730846 secs] [Times: user=0.47 sys=0.00, real=0.47 secs] 
2020-03-19T14:58:44.701+0800: 21128.326: [Full GC (Last ditch collection) 2020-03-19T14:58:44.701+0800: 21128.326: [CMS: 122923K->122923K(237276K), 0.4892966 secs] 122923K->122923K(414236K), [Metaspace: 121209K->121209K(1165312K)], 0.4897336 secs] [Times: user=0.48 sys=0.00, real=0.49 secs] 
2020-03-19T14:58:45.194+0800: 21128.818: [Full GC (Metadata GC Threshold) 2020-03-19T14:58:45.194+0800: 21128.818: [CMS: 122923K->122924K(237276K), 0.4646553 secs] 122926K->122924K(414236K), [Metaspace: 121209K->121209K(1165312K)], 0.4650617 secs] [Times: user=0.46 sys=0.00, real=0.47 secs] 
2020-03-19T14:58:45.659+0800: 21129.284: [Full GC (Last ditch collection) 2020-03-19T14:58:45.659+0800: 21129.284: [CMS: 122924K->122924K(237276K), 0.5750394 secs] 122924K->122924K(414236K), [Metaspace: 121209K->121209K(1165312K)], 0.5754782 secs] [Times: user=0.49 sys=0.00, real=0.57 secs] 
2020-03-19T14:58:46.255+0800: 21129.879: [Full GC (Metadata GC Threshold) 2020-03-19T14:58:46.255+0800: 21129.880: [CMS: 122924K->122960K(237276K), 0.5615414 secs] 124102K->122960K(414236K), [Metaspace: 121209K->121209K(1165312K)], 0.5620411 secs] [Times: user=0.52 sys=0.00, real=0.56 secs] 
2020-03-19T14:58:46.817+0800: 21130.442: [Full GC (Last ditch collection) 2020-03-19T14:58:46.817+0800: 21130.442: [CMS: 122960K->122929K(237276K), 0.4502285 secs] 122960K->122929K(414236K), [Metaspace: 121209K->121209K(1165312K)], 0.4505861 secs] [Times: user=0.45 sys=0.00, real=0.46 secs] 
2020-03-19T14:58:47.271+0800: 21130.895: [Full GC (Metadata GC Threshold) 2020-03-19T14:58:47.271+0800: 21130.895: [CMS: 122929K->122929K(237276K), 0.4397241 secs] 122929K->122929K(414236K), [Metaspace: 121209K->121209K(1165312K)], 0.4401281 secs] [Times: user=0.44 sys=0.00, real=0.44 secs] 
2020-03-19T14:58:47.711+0800: 21131.336: [Full GC (Last ditch collection) 2020-03-19T14:58:47.711+0800: 21131.336: [CMS: 122929K->122929K(237276K), 0.4770441 secs] 122929K->122929K(414236K), [Metaspace: 121209K->121209K(1165312K)], 0.4774103 secs] [Times: user=0.48 sys=0.00, real=0.48 secs] 
2020-03-19T14:58:48.191+0800: 21131.816: [Full GC (Metadata GC Threshold) 2020-03-19T14:58:48.192+0800: 21131.816: [CMS: 122929K->122929K(237276K), 0.4992882 secs] 122933K->122929K(414236K), [Metaspace: 121209K->121209K(1165312K)], 0.4996839 secs] [Times: user=0.49 sys=0.00, real=0.50 secs] 
2020-03-19T14:58:48.691+0800: 21132.316: [Full GC (Last ditch collection) 2020-03-19T14:58:48.691+0800: 21132.316: [CMS: 122929K->122929K(237276K), 0.4879273 secs] 122929K->122929K(414236K), [Metaspace: 121209K->121209K(1165312K)], 0.4882757 secs] [Times: user=0.49 sys=0.00, real=0.49 secs] 
2020-03-19T14:58:49.183+0800: 21132.807: [Full GC (Metadata GC Threshold) 2020-03-19T14:58:49.183+0800: 21132.807: [CMS: 122929K->122929K(237276K), 0.4521741 secs] 122929K->122929K(414236K), [Metaspace: 121209K->121209K(1165312K)], 0.4525699 secs] [Times: user=0.45 sys=0.00, real=0.45 secs] 
2020-03-19T14:58:49.635+0800: 21133.260: [Full GC (Last ditch collection) 2020-03-19T14:58:49.636+0800: 21133.260: [CMS: 122929K->122929K(237276K), 0.5110394 secs] 122929K->122929K(414236K), [Metaspace: 121209K->121209K(1165312K)], 0.5113833 secs] [Times: user=0.51 sys=0.00, real=0.52 secs] 
2020-03-19T14:58:50.150+0800: 21133.774: [GC (CMS Initial Mark) [1 CMS-initial-mark: 122929K(237276K)] 122933K(414236K), 0.0086247 secs] [Times: user=0.01 sys=0.00, real=0.01 secs] 
2020-03-19T14:58:50.159+0800: 21133.783: [CMS-concurrent-mark-start]
2020-03-19T14:58:50.167+0800: 21133.791: [Full GC (Metadata GC Threshold) 2020-03-19T14:58:50.167+0800: 21133.791: [CMS2020-03-19T14:58:50.361+0800: 21133.986: [CMS-concurrent-mark: 0.195/0.203 secs] [Times: user=0.21 sys=0.00, real=0.20 secs] 
 (concurrent mode failure): 122929K->122931K(237276K), 0.6894753 secs] 123205K->122931K(414236K), [Metaspace: 121209K->121209K(1165312K)], 0.6898759 secs] [Times: user=0.68 sys=0.00, real=0.68 secs] 
2020-03-19T14:58:50.857+0800: 21134.481: [Full GC (Last ditch collection) 2020-03-19T14:58:50.857+0800: 21134.481: [CMS: 122931K->122929K(237276K), 0.4684676 secs] 122931K->122929K(414236K), [Metaspace: 121209K->121209K(1165312K)], 0.4688731 secs] [Times: user=0.47 sys=0.00, real=0.47 secs] 
2020-03-19T14:58:51.329+0800: 21134.953: [Full GC (Metadata GC Threshold) 2020-03-19T14:58:51.329+0800: 21134.953: [CMS: 122929K->122929K(237276K), 0.4642690 secs] 122931K->122929K(414236K), [Metaspace: 121209K->121209K(1165312K)], 0.4647341 secs] [Times: user=0.46 sys=0.00, real=0.46 secs] 
2020-03-19T14:58:51.794+0800: 21135.418: [Full GC (Last ditch collection) 2020-03-19T14:58:51.794+0800: 21135.418: [CMS: 122929K->122929K(237276K), 0.4620651 secs] 122929K->122929K(414236K), [Metaspace: 121209K->121209K(1165312K)], 0.4624811 secs] [Times: user=0.46 sys=0.00, real=0.46 secs] 
2020-03-19T14:58:52.259+0800: 21135.884: [Full GC (Metadata GC Threshold) 2020-03-19T14:58:52.259+0800: 21135.884: [CMS: 122929K->122977K(237276K), 0.4625714 secs] 122993K->122977K(414236K), [Metaspace: 121209K->121209K(1165312K)], 0.4630202 secs] [Times: user=0.46 sys=0.00, real=0.46 secs] 
2020-03-19T14:58:52.722+0800: 21136.347: [Full GC (Last ditch collection) 2020-03-19T14:58:52.722+0800: 21136.347: [CMS: 122977K->122977K(237276K), 0.5015653 secs] 122977K->122977K(414236K), [Metaspace: 121209K->121209K(1165312K)], 0.5019334 secs] [Times: user=0.48 sys=0.00, real=0.50 secs] 
2020-03-19T14:58:53.228+0800: 21136.852: [Full GC (Metadata GC Threshold) 2020-03-19T14:58:53.228+0800: 21136.852: [CMS: 122977K->123009K(237276K), 0.4654493 secs] 123117K->123009K(414236K), [Metaspace: 121209K->121209K(1165312K)], 0.4659044 secs] [Times: user=0.46 sys=0.00, real=0.46 secs] 
2020-03-19T14:58:53.694+0800: 21137.318: [Full GC (Last ditch collection) 2020-03-19T14:58:53.694+0800: 21137.319: [CMS: 123009K->123009K(237276K), 0.4700270 secs] 123009K->123009K(414236K), [Metaspace: 121209K->121209K(1165312K)], 0.4704241 secs] [Times: user=0.47 sys=0.00, real=0.47 secs] 
2020-03-19T14:58:54.169+0800: 21137.794: [Full GC (Metadata GC Threshold) 2020-03-19T14:58:54.169+0800: 21137.794: [CMS: 123009K->123009K(237276K), 0.5373538 secs] 123015K->123009K(414236K), [Metaspace: 121209K->121209K(1165312K)], 0.5377966 secs] [Times: user=0.51 sys=0.00, real=0.54 secs] 
2020-03-19T14:58:54.707+0800: 21138.332: [Full GC (Last ditch collection) 2020-03-19T14:58:54.707+0800: 21138.332: [CMS: 123009K->123009K(237276K), 0.4663553 secs] 123009K->123009K(414236K), [Metaspace: 121209K->121209K(1165312K)], 0.4668258 secs] [Times: user=0.47 sys=0.00, real=0.46 secs] 
2020-03-19T14:58:55.178+0800: 21138.803: [GC (CMS Initial Mark) [1 CMS-initial-mark: 123009K(237276K)] 123028K(414236K), 0.0102559 secs] [Times: user=0.01 sys=0.00, real=0.01 secs] 
2020-03-19T14:58:55.189+0800: 21138.813: [CMS-concurrent-mark-start]
2020-03-19T14:58:55.208+0800: 21138.833: [Full GC (Metadata GC Threshold) 2020-03-19T14:58:55.208+0800: 21138.833: [CMS2020-03-19T14:58:55.387+0800: 21139.011: [CMS-concurrent-mark: 0.190/0.198 secs] [Times: user=0.20 sys=0.00, real=0.20 secs] 
 (concurrent mode failure): 123009K->123008K(237276K), 0.7030816 secs] 123702K->123008K(414236K), [Metaspace: 121209K->121209K(1165312K)], 0.7035130 secs] [Times: user=0.69 sys=0.00, real=0.70 secs] 
2020-03-19T14:58:55.912+0800: 21139.537: [Full GC (Last ditch collection) 2020-03-19T14:58:55.912+0800: 21139.537: [CMS: 123008K->123006K(237276K), 0.4844685 secs] 123008K->123006K(414236K), [Metaspace: 121209K->121209K(1165312K)], 0.4848585 secs] [Times: user=0.48 sys=0.00, real=0.48 secs] 
2020-03-19T14:58:56.401+0800: 21140.025: [Full GC (Metadata GC Threshold) 2020-03-19T14:58:56.401+0800: 21140.026: [CMS: 123006K->123006K(237276K), 0.5193508 secs] 123017K->123006K(414236K), [Metaspace: 121209K->121209K(1165312K)], 0.5198219 secs] [Times: user=0.49 sys=0.00, real=0.52 secs] 
2020-03-19T14:58:56.921+0800: 21140.545: [Full GC (Last ditch collection) 2020-03-19T14:58:56.921+0800: 21140.546: [CMS: 123006K->123006K(237276K), 0.4865929 secs] 123006K->123006K(414236K), [Metaspace: 121209K->121209K(1165312K)], 0.4869528 secs] [Times: user=0.48 sys=0.00, real=0.49 secs] 
2020-03-19T14:58:57.411+0800: 21141.035: [Full GC (Metadata GC Threshold) 2020-03-19T14:58:57.411+0800: 21141.035: [CMS: 123006K->123006K(237276K), 0.5501189 secs] 123014K->123006K(414236K), [Metaspace: 121209K->121209K(1165312K)], 0.5506189 secs] [Times: user=0.51 sys=0.00, real=0.55 secs] 
2020-03-19T14:58:57.962+0800: 21141.586: [Full GC (Last ditch collection) 2020-03-19T14:58:57.962+0800: 21141.586: [CMS: 123006K->123006K(237276K), 0.4893943 secs] 123006K->123006K(414236K), [Metaspace: 121209K->121209K(1165312K)], 0.4898380 secs] [Times: user=0.48 sys=0.00, real=0.49 secs] 
2020-03-19T14:58:58.454+0800: 21142.079: [Full GC (Metadata GC Threshold) 2020-03-19T14:58:58.454+0800: 21142.079: [CMS: 123006K->123006K(237276K), 0.4735612 secs] 123012K->123006K(414236K), [Metaspace: 121209K->121209K(1165312K)], 0.4739927 secs] [Times: user=0.46 sys=0.00, real=0.48 secs] 
2020-03-19T14:58:58.929+0800: 21142.553: [Full GC (Last ditch collection) 2020-03-19T14:58:58.929+0800: 21142.553: [CMS: 123006K->123006K(237276K), 0.4669750 secs] 123006K->123006K(414236K), [Metaspace: 121209K->121209K(1165312K)], 0.4673708 secs] [Times: user=0.47 sys=0.00, real=0.46 secs] 
2020-03-19T14:58:59.399+0800: 21143.023: [Full GC (Metadata GC Threshold) 2020-03-19T14:58:59.399+0800: 21143.023: [CMS: 123006K->123008K(237276K), 0.4888521 secs] 123013K->123008K(414236K), [Metaspace: 121209K->121209K(1165312K)], 0.4893117 secs] [Times: user=0.49 sys=0.00, real=0.49 secs] 
2020-03-19T14:58:59.888+0800: 21143.513: [Full GC (Last ditch collection) 2020-03-19T14:58:59.889+0800: 21143.513: [CMS: 123008K->123008K(237276K), 0.5130700 secs] 123008K->123008K(414236K), [Metaspace: 121209K->121209K(1165312K)], 0.5135264 secs] [Times: user=0.48 sys=0.00, real=0.51 secs] 
2020-03-19T14:59:00.405+0800: 21144.030: [Full GC (Metadata GC Threshold) 2020-03-19T14:59:00.406+0800: 21144.030: [CMS: 123008K->123008K(237276K), 0.5087047 secs] 123010K->123008K(414236K), [Metaspace: 121209K->121209K(1165312K)], 0.5091461 secs] [Times: user=0.51 sys=0.00, real=0.51 secs] 
2020-03-19T14:59:00.915+0800: 21144.539: [Full GC (Last ditch collection) 2020-03-19T14:59:00.915+0800: 21144.540: [CMS: 123008K->123008K(237276K), 0.5658159 secs] 123008K->123008K(414236K), [Metaspace: 121209K->121209K(1165312K)], 0.5662087 secs] [Times: user=0.51 sys=0.00, real=0.57 secs] 
2020-03-19T14:59:01.484+0800: 21145.109: [GC (CMS Initial Mark) [1 CMS-initial-mark: 123008K(237276K)] 123029K(414236K), 0.0089039 secs] [Times: user=0.02 sys=0.00, real=0.01 secs] 
2020-03-19T14:59:01.494+0800: 21145.119: [CMS-concurrent-mark-start]
2020-03-19T14:59:01.501+0800: 21145.125: [Full GC (Metadata GC Threshold) 2020-03-19T14:59:01.501+0800: 21145.126: [CMS2020-03-19T14:59:01.685+0800: 21145.309: [CMS-concurrent-mark: 0.182/0.191 secs] [Times: user=0.18 sys=0.00, real=0.19 secs] 
 (concurrent mode failure): 123008K->123010K(237276K), 0.7556844 secs] 123269K->123010K(414236K), [Metaspace: 121209K->121209K(1165312K)], 0.7561481 secs] [Times: user=0.70 sys=0.00, real=0.75 secs] 
2020-03-19T14:59:02.257+0800: 21145.882: [Full GC (Last ditch collection) 2020-03-19T14:59:02.258+0800: 21145.882: [CMS: 123010K->123010K(237276K), 0.4692423 secs] 123010K->123010K(414236K), [Metaspace: 121209K->121209K(1165312K)], 0.4697119 secs] [Times: user=0.47 sys=0.00, real=0.48 secs] 
2020-03-19T14:59:02.731+0800: 21146.356: [Full GC (Metadata GC Threshold) 2020-03-19T14:59:02.731+0800: 21146.356: [CMS: 123010K->123009K(237276K), 0.4799411 secs] 123024K->123009K(414236K), [Metaspace: 121209K->121209K(1165312K)], 0.4805550 secs] [Times: user=0.47 sys=0.00, real=0.48 secs] 
2020-03-19T14:59:03.212+0800: 21146.836: [Full GC (Last ditch collection) 2020-03-19T14:59:03.212+0800: 21146.837: [CMS: 123009K->123009K(237276K), 0.4817923 secs] 123009K->123009K(414236K), [Metaspace: 121209K->121209K(1165312K)], 0.4822549 secs] [Times: user=0.47 sys=0.00, real=0.48 secs] 
2020-03-19T14:59:03.697+0800: 21147.322: [Full GC (Metadata GC Threshold) 2020-03-19T14:59:03.697+0800: 21147.322: [CMS: 123009K->123009K(237276K), 0.4808437 secs] 123028K->123009K(414236K), [Metaspace: 121209K->121209K(1165312K)], 0.4812700 secs] [Times: user=0.48 sys=0.00, real=0.49 secs] 
2020-03-19T14:59:04.179+0800: 21147.803: [Full GC (Last ditch collection) 2020-03-19T14:59:04.179+0800: 21147.803: [CMS: 123009K->123009K(237276K), 0.4817315 secs] 123009K->123009K(414236K), [Metaspace: 121209K->121209K(1165312K)], 0.4821359 secs] [Times: user=0.47 sys=0.00, real=0.48 secs] 
2020-03-19T14:59:04.664+0800: 21148.288: [Full GC (Metadata GC Threshold) 2020-03-19T14:59:04.664+0800: 21148.288: [CMS: 123009K->123011K(237276K), 0.5361739 secs] 123013K->123011K(414236K), [Metaspace: 121209K->121209K(1165312K)], 0.5366114 secs] [Times: user=0.51 sys=0.00, real=0.54 secs] 
2020-03-19T14:59:05.201+0800: 21148.825: [Full GC (Last ditch collection) 2020-03-19T14:59:05.201+0800: 21148.825: [CMS: 123011K->123011K(237276K), 0.4858484 secs] 123011K->123011K(414236K), [Metaspace: 121209K->121209K(1165312K)], 0.4863576 secs] [Times: user=0.48 sys=0.00, real=0.49 secs] 
2020-03-19T14:59:05.690+0800: 21149.314: [Full GC (Metadata GC Threshold) 2020-03-19T14:59:05.690+0800: 21149.314: [CMS: 123011K->123012K(237276K), 0.4933558 secs] 123029K->123012K(414236K), [Metaspace: 121209K->121209K(1165312K)], 0.4937578 secs] [Times: user=0.48 sys=0.00, real=0.49 secs] 
2020-03-19T14:59:06.184+0800: 21149.808: [Full GC (Last ditch collection) 2020-03-19T14:59:06.184+0800: 21149.809: [CMS: 123012K->123012K(237276K), 0.4805801 secs] 123012K->123012K(414236K), [Metaspace: 121209K->121209K(1165312K)], 0.4809816 secs] [Times: user=0.48 sys=0.00, real=0.48 secs] 
2020-03-19T14:59:06.668+0800: 21150.292: [Full GC (Metadata GC Threshold) 2020-03-19T14:59:06.668+0800: 21150.292: [CMS: 123012K->123012K(237276K), 0.4811264 secs] 123016K->123012K(414236K), [Metaspace: 121209K->121209K(1165312K)], 0.4815526 secs] [Times: user=0.47 sys=0.00, real=0.48 secs] 
2020-03-19T14:59:07.150+0800: 21150.774: [Full GC (Last ditch collection) 2020-03-19T14:59:07.150+0800: 21150.774: [CMS: 123012K->123012K(237276K), 0.4486390 secs] 123012K->123012K(414236K), [Metaspace: 121209K->121209K(1165312K)], 0.4490367 secs] [Times: user=0.45 sys=0.00, real=0.45 secs] 
2020-03-19T14:59:07.602+0800: 21151.226: [Full GC (Metadata GC Threshold) 2020-03-19T14:59:07.602+0800: 21151.226: [CMS: 123012K->123012K(237276K), 0.5113211 secs] 123024K->123012K(414236K), [Metaspace: 121209K->121209K(1165312K)], 0.5117649 secs] [Times: user=0.51 sys=0.00, real=0.51 secs] 
2020-03-19T14:59:08.114+0800: 21151.738: [Full GC (Last ditch collection) 2020-03-19T14:59:08.114+0800: 21151.738: [CMS: 123012K->123012K(237276K), 0.5051718 secs] 123012K->123012K(414236K), [Metaspace: 121209K->121209K(1165312K)], 0.5056386 secs] [Times: user=0.48 sys=0.00, real=0.51 secs] 
2020-03-19T14:59:08.623+0800: 21152.248: [Full GC (Metadata GC Threshold) 2020-03-19T14:59:08.623+0800: 21152.248: [CMS: 123012K->123010K(237276K), 0.5207374 secs] 123126K->123010K(414236K), [Metaspace: 121209K->121209K(1165312K)], 0.5212038 secs] [Times: user=0.52 sys=0.00, real=0.52 secs] 
2020-03-19T14:59:09.145+0800: 21152.769: [Full GC (Last ditch collection) 2020-03-19T14:59:09.145+0800: 21152.769: [CMS: 123010K->123010K(237276K), 0.4605602 secs] 123010K->123010K(414236K), [Metaspace: 121209K->121209K(1165312K)], 0.4610079 secs] [Times: user=0.46 sys=0.00, real=0.46 secs] 
2020-03-19T14:59:09.608+0800: 21153.233: [Full GC (Metadata GC Threshold) 2020-03-19T14:59:09.609+0800: 21153.233: [CMS: 123010K->123010K(237276K), 0.5147932 secs] 123014K->123010K(414236K), [Metaspace: 121209K->121209K(1165312K)], 0.5153217 secs] [Times: user=0.51 sys=0.00, real=0.51 secs] 
2020-03-19T14:59:10.124+0800: 21153.749: [Full GC (Last ditch collection) 2020-03-19T14:59:10.124+0800: 21153.749: [CMS: 123010K->123010K(237276K), 0.4823583 secs] 123010K->123010K(414236K), [Metaspace: 121209K->121209K(1165312K)], 0.4828468 secs] [Times: user=0.48 sys=0.00, real=0.49 secs] 
2020-03-19T14:59:10.610+0800: 21154.235: [Full GC (Metadata GC Threshold) 2020-03-19T14:59:10.610+0800: 21154.235: [CMS: 123010K->123010K(237276K), 0.4825634 secs] 123016K->123010K(414236K), [Metaspace: 121209K->121209K(1165312K)], 0.4829872 secs] [Times: user=0.48 sys=0.00, real=0.48 secs] 
2020-03-19T14:59:11.093+0800: 21154.718: [Full GC (Last ditch collection) 2020-03-19T14:59:11.093+0800: 21154.718: [CMS: 123010K->123010K(237276K), 0.4494327 secs] 123010K->123010K(414236K), [Metaspace: 121209K->121209K(1165312K)], 0.4498064 secs] [Times: user=0.46 sys=0.00, real=0.45 secs] 
2020-03-19T14:59:11.546+0800: 21155.171: [Full GC (Metadata GC Threshold) 2020-03-19T14:59:11.546+0800: 21155.171: [CMS: 123010K->123011K(237276K), 0.5130638 secs] 123017K->123011K(414236K), [Metaspace: 121209K->121209K(1165312K)], 0.5134866 secs] [Times: user=0.50 sys=0.00, real=0.51 secs] 
2020-03-19T14:59:12.060+0800: 21155.685: [Full GC (Last ditch collection) 2020-03-19T14:59:12.060+0800: 21155.685: [CMS: 123011K->123011K(237276K), 0.4841740 secs] 123011K->123011K(414236K), [Metaspace: 121209K->121209K(1165312K)], 0.4845657 secs] [Times: user=0.49 sys=0.00, real=0.48 secs] 
2020-03-19T14:59:12.548+0800: 21156.172: [Full GC (Metadata GC Threshold) 2020-03-19T14:59:12.548+0800: 21156.172: [CMS: 123011K->123011K(237276K), 0.5799468 secs] 123015K->123011K(414236K), [Metaspace: 121209K->121209K(1165312K)], 0.5803632 secs] [Times: user=0.55 sys=0.00, real=0.58 secs] 
2020-03-19T14:59:13.128+0800: 21156.753: [Full GC (Last ditch collection) 2020-03-19T14:59:13.128+0800: 21156.753: [CMS: 123011K->123011K(237276K), 0.4631841 secs] 123011K->123011K(414236K), [Metaspace: 121209K->121209K(1165312K)], 0.4636416 secs] [Times: user=0.45 sys=0.00, real=0.46 secs] 
2020-03-19T14:59:13.595+0800: 21157.219: [Full GC (Metadata GC Threshold) 2020-03-19T14:59:13.595+0800: 21157.219: [CMS: 123011K->123011K(237276K), 0.4681709 secs] 123024K->123011K(414236K), [Metaspace: 121209K->121209K(1165312K)], 0.4685782 secs] [Times: user=0.46 sys=0.00, real=0.47 secs] 
2020-03-19T14:59:14.064+0800: 21157.688: [Full GC (Last ditch collection) 2020-03-19T14:59:14.064+0800: 21157.688: [CMS: 123011K->123011K(237276K), 0.4863590 secs] 123011K->123011K(414236K), [Metaspace: 121209K->121209K(1165312K)], 0.4867998 secs] [Times: user=0.47 sys=0.00, real=0.49 secs] 
2020-03-19T14:59:14.554+0800: 21158.178: [Full GC (Metadata GC Threshold) 2020-03-19T14:59:14.554+0800: 21158.178: [CMS: 123011K->123011K(237276K), 0.5029034 secs] 123016K->123011K(414236K), [Metaspace: 121209K->121209K(1165312K)], 0.5033028 secs] [Times: user=0.51 sys=0.00, real=0.50 secs] 
2020-03-19T14:59:15.057+0800: 21158.682: [Full GC (Last ditch collection) 2020-03-19T14:59:15.057+0800: 21158.682: [CMS: 123011K->123011K(237276K), 0.4706722 secs] 123011K->123011K(414236K), [Metaspace: 121209K->121209K(1165312K)], 0.4712261 secs] [Times: user=0.46 sys=0.00, real=0.48 secs] 
2020-03-19T14:59:15.532+0800: 21159.157: [Full GC (Metadata GC Threshold) 2020-03-19T14:59:15.532+0800: 21159.157: [CMS: 123011K->123011K(237276K), 0.4888931 secs] 123011K->123011K(414236K), [Metaspace: 121209K->121209K(1165312K)], 0.4893366 secs] [Times: user=0.49 sys=0.00, real=0.49 secs] 
2020-03-19T14:59:16.022+0800: 21159.646: [Full GC (Last ditch collection) 2020-03-19T14:59:16.022+0800: 21159.646: [CMS: 123011K->123011K(237276K), 0.5951385 secs] 123011K->123011K(414236K), [Metaspace: 121209K->121209K(1165312K)], 0.5955099 secs] [Times: user=0.52 sys=0.00, real=0.59 secs] 
2020-03-19T14:59:16.620+0800: 21160.245: [Full GC (Metadata GC Threshold) 2020-03-19T14:59:16.620+0800: 21160.245: [CMS: 123011K->123011K(237276K), 0.4658412 secs] 123019K->123011K(414236K), [Metaspace: 121209K->121209K(1165312K)], 0.4662588 secs] [Times: user=0.46 sys=0.00, real=0.47 secs] 
2020-03-19T14:59:17.087+0800: 21160.711: [Full GC (Last ditch collection) 2020-03-19T14:59:17.087+0800: 21160.711: [CMS: 123011K->123011K(237276K), 0.4618604 secs] 123011K->123011K(414236K), [Metaspace: 121209K->121209K(1165312K)], 0.4622413 secs] [Times: user=0.46 sys=0.00, real=0.46 secs] 
2020-03-19T14:59:17.552+0800: 21161.177: [GC (CMS Initial Mark) [1 CMS-initial-mark: 123011K(237276K)] 123018K(414236K), 0.0080616 secs] [Times: user=0.02 sys=0.00, real=0.01 secs] 
2020-03-19T14:59:17.560+0800: 21161.185: [CMS-concurrent-mark-start]
2020-03-19T14:59:17.581+0800: 21161.205: [Full GC (Metadata GC Threshold) 2020-03-19T14:59:17.581+0800: 21161.205: [CMS2020-03-19T14:59:17.758+0800: 21161.382: [CMS-concurrent-mark: 0.188/0.197 secs] [Times: user=0.21 sys=0.00, real=0.19 secs] 
 (concurrent mode failure): 123011K->123204K(237276K), 0.7135526 secs] 125293K->123204K(414236K), [Metaspace: 121209K->121209K(1165312K)], 0.7140133 secs] [Times: user=0.70 sys=0.00, real=0.71 secs] 
2020-03-19T14:59:18.295+0800: 21161.920: [Full GC (Last ditch collection) 2020-03-19T14:59:18.295+0800: 21161.920: [CMS: 123204K->123172K(237276K), 0.4809756 secs] 123204K->123172K(414236K), [Metaspace: 121209K->121209K(1165312K)], 0.4814066 secs] [Times: user=0.48 sys=0.00, real=0.48 secs] 
2020-03-19T14:59:18.779+0800: 21162.404: [Full GC (Metadata GC Threshold) 2020-03-19T14:59:18.779+0800: 21162.404: [CMS: 123172K->123172K(237276K), 0.4790553 secs] 123177K->123172K(414236K), [Metaspace: 121209K->121209K(1165312K)], 0.4794462 secs] [Times: user=0.48 sys=0.00, real=0.48 secs] 
2020-03-19T14:59:19.259+0800: 21162.884: [Full GC (Last ditch collection) 2020-03-19T14:59:19.259+0800: 21162.884: [CMS: 123172K->123172K(237276K), 0.4828003 secs] 123172K->123172K(414236K), [Metaspace: 121209K->121209K(1165312K)], 0.4832260 secs] [Times: user=0.47 sys=0.00, real=0.48 secs] 
2020-03-19T14:59:19.746+0800: 21163.370: [GC (CMS Initial Mark) [1 CMS-initial-mark: 123172K(237276K)] 123179K(414236K), 0.0083902 secs] [Times: user=0.01 sys=0.00, real=0.01 secs] 
2020-03-19T14:59:19.754+0800: 21163.379: [CMS-concurrent-mark-start]
2020-03-19T14:59:19.768+0800: 21163.393: [Full GC (Metadata GC Threshold) 2020-03-19T14:59:19.768+0800: 21163.393: [CMS2020-03-19T14:59:20.011+0800: 21163.636: [CMS-concurrent-mark: 0.254/0.257 secs] [Times: user=0.24 sys=0.00, real=0.26 secs] 
 (concurrent mode failure): 123172K->123174K(237276K), 0.7615332 secs] 123427K->123174K(414236K), [Metaspace: 121209K->121209K(1165312K)], 0.7619896 secs] [Times: user=0.70 sys=0.00, real=0.76 secs] 
2020-03-19T14:59:20.530+0800: 21164.155: [Full GC (Last ditch collection) 2020-03-19T14:59:20.531+0800: 21164.155: [CMS: 123174K->123173K(237276K), 0.4608238 secs] 123174K->123173K(414236K), [Metaspace: 121209K->121209K(1165312K)], 0.4612617 secs] [Times: user=0.46 sys=0.00, real=0.46 secs] 
2020-03-19T14:59:20.995+0800: 21164.619: [Full GC (Metadata GC Threshold) 2020-03-19T14:59:20.995+0800: 21164.619: [CMS: 123173K->123173K(237276K), 0.4616631 secs] 123177K->123173K(414236K), [Metaspace: 121209K->121209K(1165312K)], 0.4620522 secs] [Times: user=0.46 sys=0.00, real=0.46 secs] 
2020-03-19T14:59:21.457+0800: 21165.081: [Full GC (Last ditch collection) 2020-03-19T14:59:21.457+0800: 21165.082: [CMS: 123173K->123173K(237276K), 0.4487894 secs] 123173K->123173K(414236K), [Metaspace: 121209K->121209K(1165312K)], 0.4491846 secs] [Times: user=0.45 sys=0.00, real=0.46 secs] 
2020-03-19T14:59:21.909+0800: 21165.534: [Full GC (Metadata GC Threshold) 2020-03-19T14:59:21.909+0800: 21165.534: [CMS: 123173K->123173K(237276K), 0.4615613 secs] 123177K->123173K(414236K), [Metaspace: 121209K->121209K(1165312K)], 0.4619338 secs] [Times: user=0.46 sys=0.00, real=0.46 secs] 
2020-03-19T14:59:22.371+0800: 21165.996: [Full GC (Last ditch collection) 2020-03-19T14:59:22.371+0800: 21165.996: [CMS: 123173K->123173K(237276K), 0.4739672 secs] 123173K->123173K(414236K), [Metaspace: 121209K->121209K(1165312K)], 0.4744469 secs] [Times: user=0.47 sys=0.00, real=0.47 secs] 
2020-03-19T14:59:22.849+0800: 21166.473: [Full GC (Metadata GC Threshold) 2020-03-19T14:59:22.849+0800: 21166.473: [CMS: 123173K->123173K(237276K), 0.4786546 secs] 123173K->123173K(414236K), [Metaspace: 121209K->121209K(1165312K)], 0.4790500 secs] [Times: user=0.46 sys=0.00, real=0.48 secs] 
2020-03-19T14:59:23.328+0800: 21166.952: [Full GC (Last ditch collection) 2020-03-19T14:59:23.328+0800: 21166.953: [CMS: 123173K->123173K(237276K), 0.4658307 secs] 123173K->123173K(414236K), [Metaspace: 121209K->121209K(1165312K)], 0.4662505 secs] [Times: user=0.46 sys=0.00, real=0.46 secs] 
2020-03-19T14:59:23.797+0800: 21167.422: [Full GC (Metadata GC Threshold) 2020-03-19T14:59:23.797+0800: 21167.422: [CMS: 123173K->123173K(237276K), 0.4810624 secs] 123177K->123173K(414236K), [Metaspace: 121209K->121209K(1165312K)], 0.4814731 secs] [Times: user=0.47 sys=0.00, real=0.49 secs] 
2020-03-19T14:59:24.279+0800: 21167.903: [Full GC (Last ditch collection) 2020-03-19T14:59:24.279+0800: 21167.903: [CMS: 123173K->123173K(237276K), 0.4798390 secs] 123173K->123173K(414236K), [Metaspace: 121209K->121209K(1165312K)], 0.4802403 secs] [Times: user=0.48 sys=0.00, real=0.48 secs] 
2020-03-19T14:59:24.763+0800: 21168.387: [Full GC (Metadata GC Threshold) 2020-03-19T14:59:24.763+0800: 21168.387: [CMS: 123173K->123175K(237276K), 0.4764080 secs] 123183K->123175K(414236K), [Metaspace: 121209K->121209K(1165312K)], 0.4768474 secs] [Times: user=0.47 sys=0.00, real=0.48 secs] 
2020-03-19T14:59:25.240+0800: 21168.864: [Full GC (Last ditch collection) 2020-03-19T14:59:25.240+0800: 21168.864: [CMS: 123175K->123175K(237276K), 0.4666891 secs] 123175K->123175K(414236K), [Metaspace: 121209K->121209K(1165312K)], 0.4670697 secs] [Times: user=0.47 sys=0.00, real=0.47 secs] 
2020-03-19T14:59:25.710+0800: 21169.334: [Full GC (Metadata GC Threshold) 2020-03-19T14:59:25.710+0800: 21169.334: [CMS: 123175K->123175K(237276K), 0.4899689 secs] 123179K->123175K(414236K), [Metaspace: 121209K->121209K(1165312K)], 0.4903863 secs] [Times: user=0.49 sys=0.00, real=0.49 secs] 
2020-03-19T14:59:26.200+0800: 21169.825: [Full GC (Last ditch collection) 2020-03-19T14:59:26.200+0800: 21169.825: [CMS: 123175K->123175K(237276K), 0.5182554 secs] 123175K->123175K(414236K), [Metaspace: 121209K->121209K(1165312K)], 0.5186434 secs] [Times: user=0.50 sys=0.00, real=0.52 secs] 
2020-03-19T14:59:26.722+0800: 21170.347: [Full GC (Metadata GC Threshold) 2020-03-19T14:59:26.722+0800: 21170.347: [CMS: 123175K->123175K(237276K), 0.5004016 secs] 123179K->123175K(414236K), [Metaspace: 121209K->121209K(1165312K)], 0.5008602 secs] [Times: user=0.48 sys=0.00, real=0.50 secs] 
2020-03-19T14:59:27.223+0800: 21170.848: [Full GC (Last ditch collection) 2020-03-19T14:59:27.223+0800: 21170.848: [CMS: 123175K->123175K(237276K), 0.4844275 secs] 123175K->123175K(414236K), [Metaspace: 121209K->121209K(1165312K)], 0.4848727 secs] [Times: user=0.48 sys=0.00, real=0.49 secs] 
2020-03-19T14:59:27.711+0800: 21171.336: [Full GC (Metadata GC Threshold) 2020-03-19T14:59:27.712+0800: 21171.336: [CMS: 123175K->123175K(237276K), 0.5740275 secs] 123240K->123175K(414236K), [Metaspace: 121209K->121209K(1165312K)], 0.5744409 secs] [Times: user=0.55 sys=0.00, real=0.58 secs] 
2020-03-19T14:59:28.286+0800: 21171.911: [Full GC (Last ditch collection) 2020-03-19T14:59:28.286+0800: 21171.911: [CMS: 123175K->123175K(237276K), 0.4606323 secs] 123175K->123175K(414236K), [Metaspace: 121209K->121209K(1165312K)], 0.4610917 secs] [Times: user=0.46 sys=0.00, real=0.46 secs] 
2020-03-19T14:59:28.754+0800: 21172.378: [GC (CMS Initial Mark) [1 CMS-initial-mark: 123175K(237276K)] 123475K(414236K), 0.0151733 secs] [Times: user=0.01 sys=0.00, real=0.02 secs] 
2020-03-19T14:59:28.769+0800: 21172.394: [CMS-concurrent-mark-start]
2020-03-19T14:59:28.772+0800: 21172.397: [Full GC (Metadata GC Threshold) 2020-03-19T14:59:28.773+0800: 21172.397: [CMS2020-03-19T14:59:28.972+0800: 21172.596: [CMS-concurrent-mark: 0.193/0.202 secs] [Times: user=0.20 sys=0.00, real=0.20 secs] 
 (concurrent mode failure): 123175K->123185K(237276K), 0.6785413 secs] 123475K->123185K(414236K), [Metaspace: 121209K->121209K(1165312K)], 0.6789749 secs] [Times: user=0.66 sys=0.00, real=0.68 secs] 
2020-03-19T14:59:29.452+0800: 21173.076: [Full GC (Last ditch collection) 2020-03-19T14:59:29.452+0800: 21173.076: [CMS: 123185K->123184K(237276K), 0.4897036 secs] 123185K->123184K(414236K), [Metaspace: 121209K->121209K(1165312K)], 0.4901190 secs] [Times: user=0.48 sys=0.00, real=0.49 secs] 
2020-03-19T14:59:29.947+0800: 21173.572: [Full GC (Metadata GC Threshold) 2020-03-19T14:59:29.947+0800: 21173.572: [CMS: 123184K->123184K(237276K), 0.5222172 secs] 123468K->123184K(414236K), [Metaspace: 121209K->121209K(1165312K)], 0.5226055 secs] [Times: user=0.52 sys=0.00, real=0.52 secs] 
2020-03-19T14:59:30.470+0800: 21174.095: [Full GC (Last ditch collection) 2020-03-19T14:59:30.470+0800: 21174.095: [CMS: 123184K->123184K(237276K), 0.4805240 secs] 123184K->123184K(414236K), [Metaspace: 121209K->121209K(1165312K)], 0.4809231 secs] [Times: user=0.47 sys=0.00, real=0.48 secs] 
2020-03-19T14:59:30.955+0800: 21174.580: [Full GC (Metadata GC Threshold) 2020-03-19T14:59:30.955+0800: 21174.580: [CMS: 123184K->123174K(237276K), 0.5448401 secs] 123623K->123174K(414236K), [Metaspace: 121209K->121209K(1165312K)], 0.5452246 secs] [Times: user=0.51 sys=0.00, real=0.55 secs] 
2020-03-19T14:59:31.501+0800: 21175.125: [Full GC (Last ditch collection) 2020-03-19T14:59:31.501+0800: 21175.126: [CMS: 123174K->123173K(237276K), 0.4580673 secs] 123174K->123173K(414236K), [Metaspace: 121209K->121209K(1165312K)], 0.4584211 secs] [Times: user=0.46 sys=0.00, real=0.46 secs] 
2020-03-19T14:59:31.963+0800: 21175.587: [Full GC (Metadata GC Threshold) 2020-03-19T14:59:31.963+0800: 21175.587: [CMS: 123173K->123173K(237276K), 0.4827323 secs] 123196K->123173K(414236K), [Metaspace: 121209K->121209K(1165312K)], 0.4831505 secs] [Times: user=0.48 sys=0.00, real=0.48 secs] 
2020-03-19T14:59:32.446+0800: 21176.071: [Full GC (Last ditch collection) 2020-03-19T14:59:32.446+0800: 21176.071: [CMS: 123173K->123173K(237276K), 0.4787018 secs] 123173K->123173K(414236K), [Metaspace: 121209K->121209K(1165312K)], 0.4791697 secs] [Times: user=0.48 sys=0.00, real=0.48 secs] 
2020-03-19T14:59:32.932+0800: 21176.557: [GC (CMS Initial Mark) [1 CMS-initial-mark: 123173K(237276K)] 123695K(414236K), 0.0086755 secs] [Times: user=0.01 sys=0.00, real=0.01 secs] 
2020-03-19T14:59:32.941+0800: 21176.566: [CMS-concurrent-mark-start]
2020-03-19T14:59:32.944+0800: 21176.569: [Full GC (Metadata GC Threshold) 2020-03-19T14:59:32.944+0800: 21176.569: [CMS2020-03-19T14:59:33.124+0800: 21176.749: [CMS-concurrent-mark: 0.176/0.183 secs] [Times: user=0.19 sys=0.00, real=0.18 secs] 
 (concurrent mode failure): 123173K->123026K(237276K), 0.6823928 secs] 123697K->123026K(414236K), [Metaspace: 121209K->121209K(1165312K)], 0.6827937 secs] [Times: user=0.68 sys=0.00, real=0.69 secs] 
2020-03-19T14:59:33.627+0800: 21177.252: [Full GC (Last ditch collection) 2020-03-19T14:59:33.627+0800: 21177.252: [CMS: 123026K->122965K(237276K), 0.4723386 secs] 123026K->122965K(414236K), [Metaspace: 121209K->121209K(1165312K)], 0.4727266 secs] [Times: user=0.46 sys=0.00, real=0.47 secs] 
2020-03-19T14:59:34.103+0800: 21177.727: [Full GC (Metadata GC Threshold) 2020-03-19T14:59:34.103+0800: 21177.727: [CMS: 122965K->122965K(237276K), 0.4864663 secs] 122969K->122965K(414236K), [Metaspace: 121209K->121209K(1165312K)], 0.4868604 secs] [Times: user=0.49 sys=0.00, real=0.49 secs] 
2020-03-19T14:59:34.590+0800: 21178.214: [Full GC (Last ditch collection) 2020-03-19T14:59:34.590+0800: 21178.215: [CMS: 122965K->122965K(237276K), 0.5396742 secs] 122965K->122965K(414236K), [Metaspace: 121209K->121209K(1165312K)], 0.5400839 secs] [Times: user=0.50 sys=0.00, real=0.54 secs] 
2020-03-19T14:59:35.133+0800: 21178.758: [Full GC (Metadata GC Threshold) 2020-03-19T14:59:35.134+0800: 21178.758: [CMS: 122965K->122965K(237276K), 0.5095959 secs] 122967K->122965K(414236K), [Metaspace: 121209K->121209K(1165312K)], 0.5099892 secs] [Times: user=0.49 sys=0.00, real=0.51 secs] 
2020-03-19T14:59:35.644+0800: 21179.268: [Full GC (Last ditch collection) 2020-03-19T14:59:35.644+0800: 21179.268: [CMS: 122965K->122965K(237276K), 0.4683034 secs] 122965K->122965K(414236K), [Metaspace: 121209K->121209K(1165312K)], 0.4686873 secs] [Times: user=0.47 sys=0.00, real=0.47 secs] 
2020-03-19T14:59:36.115+0800: 21179.740: [GC (CMS Initial Mark) [1 CMS-initial-mark: 122965K(237276K)] 122971K(414236K), 0.0081615 secs] [Times: user=0.01 sys=0.00, real=0.01 secs] 
2020-03-19T14:59:36.124+0800: 21179.748: [CMS-concurrent-mark-start]
2020-03-19T14:59:36.168+0800: 21179.792: [Full GC (Metadata GC Threshold) 2020-03-19T14:59:36.168+0800: 21179.792: [CMS2020-03-19T14:59:36.350+0800: 21179.974: [CMS-concurrent-mark: 0.213/0.226 secs] [Times: user=0.25 sys=0.00, real=0.23 secs] 
 (concurrent mode failure): 122965K->123064K(237276K), 0.7091901 secs] 124028K->123064K(414236K), [Metaspace: 121210K->121210K(1165312K)], 0.7097025 secs] [Times: user=0.69 sys=0.00, real=0.70 secs] 
2020-03-19T14:59:36.877+0800: 21180.502: [Full GC (Last ditch collection) 2020-03-19T14:59:36.878+0800: 21180.502: [CMS: 123064K->123011K(237276K), 0.4683475 secs] 123064K->123011K(414236K), [Metaspace: 121210K->121210K(1165312K)], 0.4687735 secs] [Times: user=0.47 sys=0.00, real=0.48 secs] 
2020-03-19T14:59:37.349+0800: 21180.974: [Full GC (Metadata GC Threshold) 2020-03-19T14:59:37.349+0800: 21180.974: [CMS: 123011K->123011K(237276K), 0.4405589 secs] 123015K->123011K(414236K), [Metaspace: 121210K->121210K(1165312K)], 0.4409912 secs] [Times: user=0.44 sys=0.00, real=0.44 secs] 
2020-03-19T14:59:37.790+0800: 21181.415: [Full GC (Last ditch collection) 2020-03-19T14:59:37.790+0800: 21181.415: [CMS: 123011K->123011K(237276K), 0.4896886 secs] 123011K->123011K(414236K), [Metaspace: 121210K->121210K(1165312K)], 0.4901096 secs] [Times: user=0.48 sys=0.00, real=0.49 secs] 
2020-03-19T14:59:38.284+0800: 21181.908: [Full GC (Metadata GC Threshold) 2020-03-19T14:59:38.284+0800: 21181.908: [CMS: 123011K->123011K(237276K), 0.5116275 secs] 123011K->123011K(414236K), [Metaspace: 121210K->121210K(1165312K)], 0.5120103 secs] [Times: user=0.49 sys=0.00, real=0.51 secs] 
2020-03-19T14:59:38.796+0800: 21182.420: [Full GC (Last ditch collection) 2020-03-19T14:59:38.796+0800: 21182.421: [CMS: 123011K->123011K(237276K), 0.4804010 secs] 123011K->123011K(414236K), [Metaspace: 121210K->121210K(1165312K)], 0.4807821 secs] [Times: user=0.48 sys=0.00, real=0.48 secs] 
2020-03-19T14:59:39.279+0800: 21182.904: [Full GC (Metadata GC Threshold) 2020-03-19T14:59:39.280+0800: 21182.904: [CMS: 123011K->123011K(237276K), 0.4494367 secs] 123013K->123011K(414236K), [Metaspace: 121210K->121210K(1165312K)], 0.4498670 secs] [Times: user=0.45 sys=0.00, real=0.45 secs] 
2020-03-19T14:59:39.730+0800: 21183.354: [Full GC (Last ditch collection) 2020-03-19T14:59:39.730+0800: 21183.354: [CMS: 123011K->123011K(237276K), 0.4961959 secs] 123011K->123011K(414236K), [Metaspace: 121210K->121210K(1165312K)], 0.4966703 secs] [Times: user=0.48 sys=0.00, real=0.50 secs] 
2020-03-19T14:59:40.229+0800: 21183.854: [Full GC (Metadata GC Threshold) 2020-03-19T14:59:40.230+0800: 21183.854: [CMS: 123011K->123011K(237276K), 0.4843544 secs] 123015K->123011K(414236K), [Metaspace: 121210K->121210K(1165312K)], 0.4847812 secs] [Times: user=0.48 sys=0.00, real=0.48 secs] 
2020-03-19T14:59:40.715+0800: 21184.339: [Full GC (Last ditch collection) 2020-03-19T14:59:40.715+0800: 21184.339: [CMS: 123011K->123011K(237276K), 0.4924548 secs] 123011K->123011K(414236K), [Metaspace: 121210K->121210K(1165312K)], 0.4930894 secs] [Times: user=0.48 sys=0.00, real=0.50 secs] 
2020-03-19T14:59:41.211+0800: 21184.836: [Full GC (Metadata GC Threshold) 2020-03-19T14:59:41.211+0800: 21184.836: [CMS: 123011K->123011K(237276K), 0.4678928 secs] 123017K->123011K(414236K), [Metaspace: 121210K->121210K(1165312K)], 0.4683266 secs] [Times: user=0.47 sys=0.00, real=0.47 secs] 
2020-03-19T14:59:41.680+0800: 21185.304: [Full GC (Last ditch collection) 2020-03-19T14:59:41.680+0800: 21185.304: [CMS: 123011K->123011K(237276K), 0.4592728 secs] 123011K->123011K(414236K), [Metaspace: 121210K->121210K(1165312K)], 0.4596483 secs] [Times: user=0.46 sys=0.00, real=0.46 secs] 
2020-03-19T14:59:42.142+0800: 21185.767: [Full GC (Metadata GC Threshold) 2020-03-19T14:59:42.142+0800: 21185.767: [CMS: 123011K->123011K(237276K), 0.5237685 secs] 123015K->123011K(414236K), [Metaspace: 121210K->121210K(1165312K)], 0.5242106 secs] [Times: user=0.51 sys=0.00, real=0.53 secs] 
2020-03-19T14:59:42.667+0800: 21186.291: [Full GC (Last ditch collection) 2020-03-19T14:59:42.667+0800: 21186.292: [CMS: 123011K->123011K(237276K), 0.5587071 secs] 123011K->123011K(414236K), [Metaspace: 121210K->121210K(1165312K)], 0.5592056 secs] [Times: user=0.53 sys=0.00, real=0.56 secs] 
2020-03-19T14:59:43.229+0800: 21186.854: [Full GC (Metadata GC Threshold) 2020-03-19T14:59:43.229+0800: 21186.854: [CMS: 123011K->123011K(237276K), 0.4519929 secs] 123015K->123011K(414236K), [Metaspace: 121210K->121210K(1165312K)], 0.4524482 secs] [Times: user=0.46 sys=0.00, real=0.45 secs] 
2020-03-19T14:59:43.682+0800: 21187.307: [Full GC (Last ditch collection) 2020-03-19T14:59:43.682+0800: 21187.307: [CMS: 123011K->123011K(237276K), 0.4810940 secs] 123011K->123011K(414236K), [Metaspace: 121210K->121210K(1165312K)], 0.4815236 secs] [Times: user=0.48 sys=0.00, real=0.48 secs] 
2020-03-19T14:59:44.167+0800: 21187.792: [Full GC (Metadata GC Threshold) 2020-03-19T14:59:44.167+0800: 21187.792: [CMS: 123011K->123014K(237276K), 0.4758930 secs] 123016K->123014K(414236K), [Metaspace: 121210K->121210K(1165312K)], 0.4763477 secs] [Times: user=0.48 sys=0.00, real=0.47 secs] 
2020-03-19T14:59:44.644+0800: 21188.268: [Full GC (Last ditch collection) 2020-03-19T14:59:44.644+0800: 21188.269: [CMS: 123014K->123014K(237276K), 0.5019226 secs] 123014K->123014K(414236K), [Metaspace: 121210K->121210K(1165312K)], 0.5023266 secs] [Times: user=0.48 sys=0.00, real=0.51 secs] 
2020-03-19T14:59:45.150+0800: 21188.775: [Full GC (Metadata GC Threshold) 2020-03-19T14:59:45.150+0800: 21188.775: [CMS: 123014K->123014K(237276K), 0.4845853 secs] 123022K->123014K(414236K), [Metaspace: 121210K->121210K(1165312K)], 0.4850418 secs] [Times: user=0.48 sys=0.00, real=0.48 secs] 
2020-03-19T14:59:45.635+0800: 21189.260: [Full GC (Last ditch collection) 2020-03-19T14:59:45.636+0800: 21189.260: [CMS: 123014K->123014K(237276K), 0.5612530 secs] 123014K->123014K(414236K), [Metaspace: 121210K->121210K(1165312K)], 0.5621776 secs] [Times: user=0.49 sys=0.00, real=0.56 secs] 
2020-03-19T14:59:46.202+0800: 21189.827: [Full GC (Metadata GC Threshold) 2020-03-19T14:59:46.202+0800: 21189.827: [CMS: 123014K->123014K(237276K), 0.5109759 secs] 123098K->123014K(414236K), [Metaspace: 121210K->121210K(1165312K)], 0.5113778 secs] [Times: user=0.49 sys=0.00, real=0.51 secs] 
2020-03-19T14:59:46.714+0800: 21190.338: [Full GC (Last ditch collection) 2020-03-19T14:59:46.714+0800: 21190.338: [CMS: 123014K->123014K(237276K), 0.4673541 secs] 123014K->123014K(414236K), [Metaspace: 121210K->121210K(1165312K)], 0.4677147 secs] [Times: user=0.45 sys=0.00, real=0.47 secs] 
2020-03-19T14:59:47.185+0800: 21190.809: [Full GC (Metadata GC Threshold) 2020-03-19T14:59:47.185+0800: 21190.809: [CMS: 123014K->123014K(237276K), 0.4638460 secs] 123018K->123014K(414236K), [Metaspace: 121210K->121210K(1165312K)], 0.4642709 secs] [Times: user=0.46 sys=0.00, real=0.47 secs] 
2020-03-19T14:59:47.649+0800: 21191.274: [Full GC (Last ditch collection) 2020-03-19T14:59:47.649+0800: 21191.274: [CMS: 123014K->123014K(237276K), 0.4711520 secs] 123014K->123014K(414236K), [Metaspace: 121210K->121210K(1165312K)], 0.4715394 secs] [Times: user=0.47 sys=0.00, real=0.47 secs] 
2020-03-19T14:59:48.124+0800: 21191.749: [Full GC (Metadata GC Threshold) 2020-03-19T14:59:48.124+0800: 21191.749: [CMS: 123014K->123014K(237276K), 0.5359216 secs] 123018K->123014K(414236K), [Metaspace: 121210K->121210K(1165312K)], 0.5363647 secs] [Times: user=0.53 sys=0.00, real=0.54 secs] 
2020-03-19T14:59:48.661+0800: 21192.285: [Full GC (Last ditch collection) 2020-03-19T14:59:48.661+0800: 21192.286: [CMS: 123014K->123014K(237276K), 0.4828766 secs] 123014K->123014K(414236K), [Metaspace: 121210K->121210K(1165312K)], 0.4833612 secs] [Times: user=0.48 sys=0.00, real=0.48 secs] 
2020-03-19T14:59:49.148+0800: 21192.772: [Full GC (Metadata GC Threshold) 2020-03-19T14:59:49.148+0800: 21192.772: [CMS: 123014K->123015K(237276K), 0.4871818 secs] 123059K->123015K(414236K), [Metaspace: 121210K->121210K(1165312K)], 0.4875776 secs] [Times: user=0.49 sys=0.00, real=0.48 secs] 
2020-03-19T14:59:49.636+0800: 21193.260: [Full GC (Last ditch collection) 2020-03-19T14:59:49.636+0800: 21193.260: [CMS: 123015K->123015K(237276K), 0.5145352 secs] 123015K->123015K(414236K), [Metaspace: 121210K->121210K(1165312K)], 0.5149385 secs] [Times: user=0.50 sys=0.00, real=0.52 secs] 
2020-03-19T14:59:50.154+0800: 21193.778: [Full GC (Metadata GC Threshold) 2020-03-19T14:59:50.154+0800: 21193.778: [CMS: 123015K->123015K(237276K), 0.5090380 secs] 123017K->123015K(414236K), [Metaspace: 121210K->121210K(1165312K)], 0.5095213 secs] [Times: user=0.50 sys=0.00, real=0.51 secs] 
2020-03-19T14:59:50.664+0800: 21194.288: [Full GC (Last ditch collection) 2020-03-19T14:59:50.664+0800: 21194.288: [CMS: 123015K->123015K(237276K), 0.4620174 secs] 123015K->123015K(414236K), [Metaspace: 121210K->121210K(1165312K)], 0.4624003 secs] [Times: user=0.46 sys=0.00, real=0.47 secs] 
2020-03-19T14:59:51.129+0800: 21194.754: [Full GC (Metadata GC Threshold) 2020-03-19T14:59:51.130+0800: 21194.754: [CMS: 123015K->123015K(237276K), 0.4665613 secs] 123019K->123015K(414236K), [Metaspace: 121210K->121210K(1165312K)], 0.4669985 secs] [Times: user=0.46 sys=0.00, real=0.46 secs] 
2020-03-19T14:59:51.597+0800: 21195.221: [Full GC (Last ditch collection) 2020-03-19T14:59:51.597+0800: 21195.221: [CMS: 123015K->123015K(237276K), 0.4758412 secs] 123015K->123015K(414236K), [Metaspace: 121210K->121210K(1165312K)], 0.4762797 secs] [Times: user=0.47 sys=0.00, real=0.48 secs] 
2020-03-19T14:59:52.076+0800: 21195.701: [Full GC (Metadata GC Threshold) 2020-03-19T14:59:52.076+0800: 21195.701: [CMS: 123015K->123015K(237276K), 0.4650474 secs] 123015K->123015K(414236K), [Metaspace: 121210K->121210K(1165312K)], 0.4655347 secs] [Times: user=0.46 sys=0.00, real=0.47 secs] 
2020-03-19T14:59:52.542+0800: 21196.167: [Full GC (Last ditch collection) 2020-03-19T14:59:52.542+0800: 21196.167: [CMS: 123015K->123015K(237276K), 0.4721915 secs] 123015K->123015K(414236K), [Metaspace: 121210K->121210K(1165312K)], 0.4726426 secs] [Times: user=0.47 sys=0.00, real=0.47 secs] 
2020-03-19T14:59:53.018+0800: 21196.642: [Full GC (Metadata GC Threshold) 2020-03-19T14:59:53.018+0800: 21196.642: [CMS: 123015K->123015K(237276K), 0.5082766 secs] 123017K->123015K(414236K), [Metaspace: 121210K->121210K(1165312K)], 0.5086840 secs] [Times: user=0.49 sys=0.00, real=0.52 secs] 
2020-03-19T14:59:53.527+0800: 21197.151: [Full GC (Last ditch collection) 2020-03-19T14:59:53.527+0800: 21197.151: [CMS: 123015K->123015K(237276K), 0.4589229 secs] 123015K->123015K(414236K), [Metaspace: 121210K->121210K(1165312K)], 0.4593293 secs] [Times: user=0.46 sys=0.00, real=0.46 secs] 
2020-03-19T14:59:54.002+0800: 21197.627: [Full GC (Metadata GC Threshold) 2020-03-19T14:59:54.002+0800: 21197.627: [CMS: 123015K->123037K(237276K), 0.5223611 secs] 123511K->123037K(414236K), [Metaspace: 121210K->121210K(1165312K)], 0.5228447 secs] [Times: user=0.52 sys=0.00, real=0.52 secs] 
2020-03-19T14:59:54.525+0800: 21198.150: [Full GC (Last ditch collection) 2020-03-19T14:59:54.526+0800: 21198.150: [CMS: 123037K->123035K(237276K), 0.4580872 secs] 123037K->123035K(414236K), [Metaspace: 121210K->121210K(1165312K)], 0.4585399 secs] [Times: user=0.46 sys=0.00, real=0.46 secs] 
2020-03-19T14:59:54.987+0800: 21198.612: [Full GC (Metadata GC Threshold) 2020-03-19T14:59:54.987+0800: 21198.612: [CMS: 123035K->123035K(237276K), 0.5033675 secs] 123037K->123035K(414236K), [Metaspace: 121210K->121210K(1165312K)], 0.5037769 secs] [Times: user=0.50 sys=0.00, real=0.50 secs] 
2020-03-19T14:59:55.491+0800: 21199.116: [Full GC (Last ditch collection) 2020-03-19T14:59:55.492+0800: 21199.116: [CMS: 123035K->123035K(237276K), 0.5000453 secs] 123035K->123035K(414236K), [Metaspace: 121210K->121210K(1165312K)], 0.5004085 secs] [Times: user=0.49 sys=0.00, real=0.50 secs] 
2020-03-19T14:59:55.995+0800: 21199.619: [Full GC (Metadata GC Threshold) 2020-03-19T14:59:55.995+0800: 21199.619: [CMS: 123035K->123035K(237276K), 0.4791318 secs] 123037K->123035K(414236K), [Metaspace: 121210K->121210K(1165312K)], 0.4796038 secs] [Times: user=0.48 sys=0.00, real=0.48 secs] 
2020-03-19T14:59:56.475+0800: 21200.099: [Full GC (Last ditch collection) 2020-03-19T14:59:56.475+0800: 21200.099: [CMS: 123035K->123035K(237276K), 0.4978435 secs] 123035K->123035K(414236K), [Metaspace: 121210K->121210K(1165312K)], 0.4983136 secs] [Times: user=0.48 sys=0.00, real=0.50 secs] 
2020-03-19T14:59:56.976+0800: 21200.600: [Full GC (Metadata GC Threshold) 2020-03-19T14:59:56.976+0800: 21200.601: [CMS: 123035K->123035K(237276K), 0.5033889 secs] 123037K->123035K(414236K), [Metaspace: 121210K->121210K(1165312K)], 0.5037791 secs] [Times: user=0.45 sys=0.00, real=0.51 secs] 
2020-03-19T14:59:57.480+0800: 21201.105: [Full GC (Last ditch collection) 2020-03-19T14:59:57.480+0800: 21201.105: [CMS: 123035K->123035K(237276K), 0.5978611 secs] 123035K->123035K(414236K), [Metaspace: 121210K->121210K(1165312K)], 0.5982473 secs] [Times: user=0.53 sys=0.00, real=0.60 secs] 
2020-03-19T14:59:58.082+0800: 21201.706: [GC (CMS Initial Mark) [1 CMS-initial-mark: 123035K(237276K)] 123109K(414236K), 0.0082700 secs] [Times: user=0.01 sys=0.00, real=0.01 secs] 
2020-03-19T14:59:58.090+0800: 21201.715: [CMS-concurrent-mark-start]
2020-03-19T14:59:58.114+0800: 21201.738: [Full GC (Metadata GC Threshold) 2020-03-19T14:59:58.114+0800: 21201.739: [CMS2020-03-19T14:59:58.299+0800: 21201.924: [CMS-concurrent-mark: 0.193/0.209 secs] [Times: user=0.23 sys=0.00, real=0.21 secs] 
 (concurrent mode failure): 123035K->123014K(237276K), 0.6730812 secs] 124307K->123014K(414236K), [Metaspace: 121210K->121210K(1165312K)], 0.6737039 secs] [Times: user=0.65 sys=0.00, real=0.68 secs] 
2020-03-19T14:59:58.788+0800: 21202.412: [Full GC (Last ditch collection) 2020-03-19T14:59:58.788+0800: 21202.412: [CMS: 123014K->123013K(237276K), 0.4952508 secs] 123014K->123013K(414236K), [Metaspace: 121210K->121210K(1165312K)], 0.4957509 secs] [Times: user=0.49 sys=0.00, real=0.49 secs] 
2020-03-19T14:59:59.286+0800: 21202.911: [Full GC (Metadata GC Threshold) 2020-03-19T14:59:59.287+0800: 21202.911: [CMS: 123013K->123013K(237276K), 0.4660540 secs] 123019K->123013K(414236K), [Metaspace: 121210K->121210K(1165312K)], 0.4664986 secs] [Times: user=0.47 sys=0.00, real=0.46 secs] 
2020-03-19T14:59:59.753+0800: 21203.378: [Full GC (Last ditch collection) 2020-03-19T14:59:59.753+0800: 21203.378: [CMS: 123013K->123013K(237276K), 0.5460169 secs] 123013K->123013K(414236K), [Metaspace: 121210K->121210K(1165312K)], 0.5464600 secs] [Times: user=0.50 sys=0.00, real=0.55 secs] 
2020-03-19T15:00:00.303+0800: 21203.927: [Full GC (Metadata GC Threshold) 2020-03-19T15:00:00.303+0800: 21203.928: [CMS: 123013K->123014K(237276K), 0.5133584 secs] 123022K->123014K(414236K), [Metaspace: 121210K->121210K(1165312K)], 0.5137700 secs] [Times: user=0.51 sys=0.00, real=0.51 secs] 
2020-03-19T15:00:00.817+0800: 21204.442: [Full GC (Last ditch collection) 2020-03-19T15:00:00.818+0800: 21204.442: [CMS: 123014K->123014K(237276K), 0.5847571 secs] 123014K->123014K(414236K), [Metaspace: 121210K->121210K(1165312K)], 0.5852814 secs] [Times: user=0.52 sys=0.00, real=0.59 secs] 
2020-03-19T15:00:01.406+0800: 21205.031: [Full GC (Metadata GC Threshold) 2020-03-19T15:00:01.406+0800: 21205.031: [CMS: 123014K->123015K(237276K), 0.4864817 secs] 123037K->123015K(414236K), [Metaspace: 121210K->121210K(1165312K)], 0.4869079 secs] [Times: user=0.48 sys=0.00, real=0.48 secs] 
2020-03-19T15:00:01.894+0800: 21205.518: [Full GC (Last ditch collection) 2020-03-19T15:00:01.894+0800: 21205.518: [CMS: 123015K->123015K(237276K), 0.5442019 secs] 123015K->123015K(414236K), [Metaspace: 121210K->121210K(1165312K)], 0.5446054 secs] [Times: user=0.52 sys=0.00, real=0.55 secs] 
2020-03-19T15:00:02.441+0800: 21206.065: [Full GC (Metadata GC Threshold) 2020-03-19T15:00:02.441+0800: 21206.066: [CMS: 123015K->123015K(237276K), 0.4803781 secs] 123021K->123015K(414236K), [Metaspace: 121210K->121210K(1165312K)], 0.4808133 secs] [Times: user=0.47 sys=0.00, real=0.48 secs] 
2020-03-19T15:00:02.922+0800: 21206.547: [Full GC (Last ditch collection) 2020-03-19T15:00:02.922+0800: 21206.547: [CMS: 123015K->123015K(237276K), 0.5186404 secs] 123015K->123015K(414236K), [Metaspace: 121210K->121210K(1165312K)], 0.5190824 secs] [Times: user=0.51 sys=0.00, real=0.52 secs] 
2020-03-19T15:00:03.444+0800: 21207.069: [Full GC (Metadata GC Threshold) 2020-03-19T15:00:03.444+0800: 21207.069: [CMS: 123015K->123015K(237276K), 0.4545008 secs] 123017K->123015K(414236K), [Metaspace: 121210K->121210K(1165312K)], 0.4549510 secs] [Times: user=0.45 sys=0.00, real=0.46 secs] 
2020-03-19T15:00:03.899+0800: 21207.524: [Full GC (Last ditch collection) 2020-03-19T15:00:03.899+0800: 21207.524: [CMS: 123015K->123015K(237276K), 0.5026819 secs] 123015K->123015K(414236K), [Metaspace: 121210K->121210K(1165312K)], 0.5030631 secs] [Times: user=0.48 sys=0.00, real=0.50 secs] 
2020-03-19T15:00:04.405+0800: 21208.030: [GC (CMS Initial Mark) [1 CMS-initial-mark: 123015K(237276K)] 123019K(414236K), 0.0078961 secs] [Times: user=0.01 sys=0.00, real=0.01 secs] 
2020-03-19T15:00:04.413+0800: 21208.038: [CMS-concurrent-mark-start]
2020-03-19T15:00:04.416+0800: 21208.040: [Full GC (Metadata GC Threshold) 2020-03-19T15:00:04.416+0800: 21208.041: [CMS2020-03-19T15:00:04.612+0800: 21208.237: [CMS-concurrent-mark: 0.191/0.199 secs] [Times: user=0.20 sys=0.00, real=0.20 secs] 
 (concurrent mode failure): 123015K->123015K(237276K), 0.7342069 secs] 123056K->123015K(414236K), [Metaspace: 121210K->121210K(1165312K)], 0.7346764 secs] [Times: user=0.70 sys=0.00, real=0.74 secs] 
2020-03-19T15:00:05.151+0800: 21208.775: [Full GC (Last ditch collection) 2020-03-19T15:00:05.151+0800: 21208.776: [CMS: 123015K->123015K(237276K), 0.5232971 secs] 123015K->123015K(414236K), [Metaspace: 121210K->121210K(1165312K)], 0.5237833 secs] [Times: user=0.51 sys=0.00, real=0.52 secs] 
2020-03-19T15:00:05.688+0800: 21209.313: [Full GC (Metadata GC Threshold) 2020-03-19T15:00:05.688+0800: 21209.313: [CMS: 123015K->123062K(237276K), 0.4825355 secs] 123502K->123062K(414236K), [Metaspace: 121210K->121210K(1165312K)], 0.4829822 secs] [Times: user=0.48 sys=0.00, real=0.48 secs] 
2020-03-19T15:00:06.171+0800: 21209.796: [Full GC (Last ditch collection) 2020-03-19T15:00:06.171+0800: 21209.796: [CMS: 123062K->123062K(237276K), 0.4986069 secs] 123062K->123062K(414236K), [Metaspace: 121210K->121210K(1165312K)], 0.4989540 secs] [Times: user=0.49 sys=0.00, real=0.50 secs] 
2020-03-19T15:00:06.673+0800: 21210.298: [Full GC (Metadata GC Threshold) 2020-03-19T15:00:06.674+0800: 21210.298: [CMS: 123062K->123062K(237276K), 0.4881481 secs] 123068K->123062K(414236K), [Metaspace: 121210K->121210K(1165312K)], 0.4886027 secs] [Times: user=0.48 sys=0.00, real=0.49 secs] 
2020-03-19T15:00:07.162+0800: 21210.787: [Full GC (Last ditch collection) 2020-03-19T15:00:07.162+0800: 21210.787: [CMS: 123062K->123062K(237276K), 0.4813951 secs] 123062K->123062K(414236K), [Metaspace: 121210K->121210K(1165312K)], 0.4817794 secs] [Times: user=0.48 sys=0.00, real=0.48 secs] 
2020-03-19T15:00:07.647+0800: 21211.272: [Full GC (Metadata GC Threshold) 2020-03-19T15:00:07.647+0800: 21211.272: [CMS: 123062K->123062K(237276K), 0.4965297 secs] 123070K->123062K(414236K), [Metaspace: 121210K->121210K(1165312K)], 0.4969277 secs] [Times: user=0.49 sys=0.00, real=0.49 secs] 
2020-03-19T15:00:08.144+0800: 21211.769: [Full GC (Last ditch collection) 2020-03-19T15:00:08.144+0800: 21211.769: [CMS: 123062K->123062K(237276K), 0.5070216 secs] 123062K->123062K(414236K), [Metaspace: 121210K->121210K(1165312K)], 0.5073830 secs] [Times: user=0.49 sys=0.00, real=0.51 secs] 
2020-03-19T15:00:08.655+0800: 21212.279: [GC (CMS Initial Mark) [1 CMS-initial-mark: 123062K(237276K)] 123066K(414236K), 0.0093872 secs] [Times: user=0.01 sys=0.00, real=0.01 secs] 
2020-03-19T15:00:08.665+0800: 21212.289: [CMS-concurrent-mark-start]
2020-03-19T15:00:08.673+0800: 21212.298: [Full GC (Metadata GC Threshold) 2020-03-19T15:00:08.673+0800: 21212.298: [CMS2020-03-19T15:00:08.877+0800: 21212.501: [CMS-concurrent-mark: 0.203/0.212 secs] [Times: user=0.22 sys=0.00, real=0.21 secs] 
 (concurrent mode failure): 123062K->123075K(237276K), 0.7371368 secs] 123799K->123075K(414236K), [Metaspace: 121210K->121210K(1165312K)], 0.7376131 secs] [Times: user=0.71 sys=0.00, real=0.74 secs] 
2020-03-19T15:00:09.411+0800: 21213.036: [Full GC (Last ditch collection) 2020-03-19T15:00:09.411+0800: 21213.036: [CMS: 123075K->123073K(237276K), 0.4639396 secs] 123075K->123073K(414236K), [Metaspace: 121210K->121210K(1165312K)], 0.4643636 secs] [Times: user=0.45 sys=0.00, real=0.46 secs] 
2020-03-19T15:00:09.893+0800: 21213.517: [Full GC (Metadata GC Threshold) 2020-03-19T15:00:09.893+0800: 21213.517: [CMS: 123073K->123114K(237276K), 0.5144764 secs] 123534K->123114K(414236K), [Metaspace: 121210K->121210K(1165312K)], 0.5149383 secs] [Times: user=0.50 sys=0.00, real=0.52 secs] 
2020-03-19T15:00:10.408+0800: 21214.032: [Full GC (Last ditch collection) 2020-03-19T15:00:10.408+0800: 21214.033: [CMS: 123114K->123112K(237276K), 0.5241917 secs] 123114K->123112K(414236K), [Metaspace: 121210K->121210K(1165312K)], 0.5245880 secs] [Times: user=0.52 sys=0.00, real=0.52 secs] 
2020-03-19T15:00:10.945+0800: 21214.569: [Full GC (Metadata GC Threshold) 2020-03-19T15:00:10.945+0800: 21214.569: [CMS: 123112K->123157K(237276K), 0.4679979 secs] 123418K->123157K(414236K), [Metaspace: 121210K->121210K(1165312K)], 0.4684200 secs] [Times: user=0.47 sys=0.00, real=0.47 secs] 
2020-03-19T15:00:11.413+0800: 21215.038: [Full GC (Last ditch collection) 2020-03-19T15:00:11.414+0800: 21215.038: [CMS: 123157K->123155K(237276K), 0.4753004 secs] 123157K->123155K(414236K), [Metaspace: 121210K->121210K(1165312K)], 0.4758338 secs] [Times: user=0.46 sys=0.00, real=0.48 secs] 
2020-03-19T15:00:11.894+0800: 21215.519: [Full GC (Metadata GC Threshold) 2020-03-19T15:00:11.894+0800: 21215.519: [CMS: 123155K->123156K(237276K), 0.5035543 secs] 123170K->123156K(414236K), [Metaspace: 121210K->121210K(1165312K)], 0.5040082 secs] [Times: user=0.50 sys=0.00, real=0.51 secs] 
2020-03-19T15:00:12.399+0800: 21216.023: [Full GC (Last ditch collection) 2020-03-19T15:00:12.399+0800: 21216.023: [CMS: 123156K->123156K(237276K), 0.5536852 secs] 123156K->123156K(414236K), [Metaspace: 121210K->121210K(1165312K)], 0.5541278 secs] [Times: user=0.52 sys=0.00, real=0.55 secs] 
2020-03-19T15:00:12.956+0800: 21216.581: [Full GC (Metadata GC Threshold) 2020-03-19T15:00:12.956+0800: 21216.581: [CMS: 123156K->123156K(237276K), 0.4913233 secs] 123169K->123156K(414236K), [Metaspace: 121210K->121210K(1165312K)], 0.4917512 secs] [Times: user=0.49 sys=0.00, real=0.50 secs] 
2020-03-19T15:00:13.448+0800: 21217.073: [Full GC (Last ditch collection) 2020-03-19T15:00:13.448+0800: 21217.073: [CMS: 123156K->123156K(237276K), 0.4561014 secs] 123156K->123156K(414236K), [Metaspace: 121210K->121210K(1165312K)], 0.4565155 secs] [Times: user=0.45 sys=0.00, real=0.45 secs] 
2020-03-19T15:00:13.908+0800: 21217.532: [Full GC (Metadata GC Threshold) 2020-03-19T15:00:13.908+0800: 21217.532: [CMS (concurrent mode failure): 123156K->123156K(237276K), 0.5209302 secs] 123164K->123156K(414236K), [Metaspace: 121210K->121210K(1165312K)], 0.5213985 secs] [Times: user=0.51 sys=0.00, real=0.52 secs] 
2020-03-19T15:00:14.429+0800: 21218.054: [Full GC (Last ditch collection) 2020-03-19T15:00:14.430+0800: 21218.054: [CMS: 123156K->123156K(237276K), 0.4988802 secs] 123156K->123156K(414236K), [Metaspace: 121210K->121210K(1165312K)], 0.4993133 secs] [Times: user=0.50 sys=0.00, real=0.50 secs] 
2020-03-19T15:00:14.932+0800: 21218.557: [Full GC (Metadata GC Threshold) 2020-03-19T15:00:14.932+0800: 21218.557: [CMS: 123156K->123156K(237276K), 0.4752859 secs] 123164K->123156K(414236K), [Metaspace: 121210K->121210K(1165312K)], 0.4757631 secs] [Times: user=0.47 sys=0.00, real=0.48 secs] 
2020-03-19T15:00:15.408+0800: 21219.033: [Full GC (Last ditch collection) 2020-03-19T15:00:15.408+0800: 21219.033: [CMS: 123156K->123156K(237276K), 0.4677933 secs] 123156K->123156K(414236K), [Metaspace: 121210K->121210K(1165312K)], 0.4681703 secs] [Times: user=0.46 sys=0.00, real=0.46 secs] 
2020-03-19T15:00:15.879+0800: 21219.504: [Full GC (Metadata GC Threshold) 2020-03-19T15:00:15.879+0800: 21219.504: [CMS: 123156K->123156K(237276K), 0.5816849 secs] 123156K->123156K(414236K), [Metaspace: 121210K->121210K(1165312K)], 0.5821093 secs] [Times: user=0.51 sys=0.00, real=0.58 secs] 
2020-03-19T15:00:16.461+0800: 21220.086: [Full GC (Last ditch collection) 2020-03-19T15:00:16.461+0800: 21220.086: [CMS: 123156K->123156K(237276K), 0.5020570 secs] 123156K->123156K(414236K), [Metaspace: 121210K->121210K(1165312K)], 0.5026613 secs] [Times: user=0.49 sys=0.00, real=0.51 secs] 
2020-03-19T15:00:16.974+0800: 21220.599: [Full GC (Metadata GC Threshold) 2020-03-19T15:00:16.974+0800: 21220.599: [CMS: 123156K->123163K(237276K), 0.4783589 secs] 123462K->123163K(414236K), [Metaspace: 121210K->121210K(1165312K)], 0.4788023 secs] [Times: user=0.47 sys=0.00, real=0.48 secs] 
2020-03-19T15:00:17.453+0800: 21221.078: [Full GC (Last ditch collection) 2020-03-19T15:00:17.453+0800: 21221.078: [CMS: 123163K->123162K(237276K), 0.4677050 secs] 123163K->123162K(414236K), [Metaspace: 121210K->121210K(1165312K)], 0.4680711 secs] [Times: user=0.47 sys=0.00, real=0.47 secs] 
2020-03-19T15:00:17.924+0800: 21221.549: [Full GC (Metadata GC Threshold) 2020-03-19T15:00:17.924+0800: 21221.549: [CMS: 123162K->123162K(237276K), 0.5258525 secs] 123162K->123162K(414236K), [Metaspace: 121210K->121210K(1165312K)], 0.5262350 secs] [Times: user=0.50 sys=0.00, real=0.53 secs] 
2020-03-19T15:00:18.451+0800: 21222.075: [Full GC (Last ditch collection) 2020-03-19T15:00:18.451+0800: 21222.075: [CMS: 123162K->123162K(237276K), 0.4925147 secs] 123162K->123162K(414236K), [Metaspace: 121210K->121210K(1165312K)], 0.4929249 secs] [Times: user=0.47 sys=0.00, real=0.49 secs] 
2020-03-19T15:00:18.947+0800: 21222.571: [Full GC (Metadata GC Threshold) 2020-03-19T15:00:18.947+0800: 21222.572: [CMS: 123162K->123162K(237276K), 0.4716464 secs] 123164K->123162K(414236K), [Metaspace: 121210K->121210K(1165312K)], 0.4720678 secs] [Times: user=0.46 sys=0.00, real=0.47 secs] 
2020-03-19T15:00:19.419+0800: 21223.044: [Full GC (Last ditch collection) 2020-03-19T15:00:19.419+0800: 21223.044: [CMS: 123162K->123162K(237276K), 0.5531632 secs] 123162K->123162K(414236K), [Metaspace: 121210K->121210K(1165312K)], 0.5536265 secs] [Times: user=0.52 sys=0.00, real=0.55 secs] 
2020-03-19T15:00:19.976+0800: 21223.601: [Full GC (Metadata GC Threshold) 2020-03-19T15:00:19.976+0800: 21223.601: [CMS: 123162K->123162K(237276K), 0.5486981 secs] 123180K->123162K(414236K), [Metaspace: 121210K->121210K(1165312K)], 0.5491084 secs] [Times: user=0.51 sys=0.00, real=0.55 secs] 
2020-03-19T15:00:20.526+0800: 21224.150: [Full GC (Last ditch collection) 2020-03-19T15:00:20.526+0800: 21224.150: [CMS: 123162K->123162K(237276K), 0.4828527 secs] 123162K->123162K(414236K), [Metaspace: 121210K->121210K(1165312K)], 0.4832331 secs] [Times: user=0.47 sys=0.00, real=0.49 secs] 
2020-03-19T15:00:21.012+0800: 21224.636: [Full GC (Metadata GC Threshold) 2020-03-19T15:00:21.012+0800: 21224.637: [CMS: 123162K->123162K(237276K), 0.4653875 secs] 123164K->123162K(414236K), [Metaspace: 121210K->121210K(1165312K)], 0.4657759 secs] [Times: user=0.46 sys=0.00, real=0.46 secs] 
2020-03-19T15:00:21.478+0800: 21225.103: [Full GC (Last ditch collection) 2020-03-19T15:00:21.478+0800: 21225.103: [CMS: 123162K->123162K(237276K), 0.4468683 secs] 123162K->123162K(414236K), [Metaspace: 121210K->121210K(1165312K)], 0.4472951 secs] [Times: user=0.44 sys=0.00, real=0.45 secs] 
2020-03-19T15:00:21.929+0800: 21225.553: [Full GC (Metadata GC Threshold) 2020-03-19T15:00:21.929+0800: 21225.553: [CMS: 123162K->123167K(237276K), 0.4814290 secs] 123225K->123167K(414236K), [Metaspace: 121210K->121210K(1165312K)], 0.4818400 secs] [Times: user=0.47 sys=0.00, real=0.48 secs] 
2020-03-19T15:00:22.411+0800: 21226.035: [Full GC (Last ditch collection) 2020-03-19T15:00:22.411+0800: 21226.036: [CMS: 123167K->123167K(237276K), 0.4822189 secs] 123167K->123167K(414236K), [Metaspace: 121210K->121210K(1165312K)], 0.4825663 secs] [Times: user=0.47 sys=0.00, real=0.48 secs] 
2020-03-19T15:00:22.896+0800: 21226.521: [Full GC (Metadata GC Threshold) 2020-03-19T15:00:22.896+0800: 21226.521: [CMS: 123167K->123167K(237276K), 0.5064202 secs] 123169K->123167K(414236K), [Metaspace: 121210K->121210K(1165312K)], 0.5068065 secs] [Times: user=0.49 sys=0.00, real=0.51 secs] 
2020-03-19T15:00:23.403+0800: 21227.028: [Full GC (Last ditch collection) 2020-03-19T15:00:23.403+0800: 21227.028: [CMS: 123167K->123167K(237276K), 0.4435081 secs] 123167K->123167K(414236K), [Metaspace: 121210K->121210K(1165312K)], 0.4438442 secs] [Times: user=0.44 sys=0.00, real=0.45 secs] 
2020-03-19T15:00:23.850+0800: 21227.475: [GC (CMS Initial Mark) [1 CMS-initial-mark: 123167K(237276K)] 123182K(414236K), 0.0091864 secs] [Times: user=0.02 sys=0.00, real=0.01 secs] 
2020-03-19T15:00:23.860+0800: 21227.484: [CMS-concurrent-mark-start]
2020-03-19T15:00:23.862+0800: 21227.486: [Full GC (Metadata GC Threshold) 2020-03-19T15:00:23.862+0800: 21227.487: [CMS2020-03-19T15:00:24.053+0800: 21227.677: [CMS-concurrent-mark: 0.185/0.193 secs] [Times: user=0.19 sys=0.00, real=0.19 secs] 
 (concurrent mode failure): 123167K->123167K(237276K), 0.6733967 secs] 123199K->123167K(414236K), [Metaspace: 121210K->121210K(1165312K)], 0.6739946 secs] [Times: user=0.66 sys=0.00, real=0.67 secs] 
2020-03-19T15:00:24.536+0800: 21228.161: [Full GC (Last ditch collection) 2020-03-19T15:00:24.536+0800: 21228.161: [CMS: 123167K->123167K(237276K), 0.4787338 secs] 123167K->123167K(414236K), [Metaspace: 121210K->121210K(1165312K)], 0.4791553 secs] [Times: user=0.48 sys=0.00, real=0.48 secs] 
2020-03-19T15:00:25.018+0800: 21228.643: [Full GC (Metadata GC Threshold) 2020-03-19T15:00:25.018+0800: 21228.643: [CMS: 123167K->123167K(237276K), 0.4884347 secs] 123178K->123167K(414236K), [Metaspace: 121210K->121210K(1165312K)], 0.4888610 secs] [Times: user=0.48 sys=0.00, real=0.49 secs] 
2020-03-19T15:00:25.507+0800: 21229.132: [Full GC (Last ditch collection) 2020-03-19T15:00:25.508+0800: 21229.132: [CMS: 123167K->123167K(237276K), 0.4871881 secs] 123167K->123167K(414236K), [Metaspace: 121210K->121210K(1165312K)], 0.4875873 secs] [Times: user=0.48 sys=0.00, real=0.48 secs] 
2020-03-19T15:00:25.998+0800: 21229.623: [Full GC (Metadata GC Threshold) 2020-03-19T15:00:25.998+0800: 21229.623: [CMS: 123167K->123167K(237276K), 0.4858256 secs] 123173K->123167K(414236K), [Metaspace: 121210K->121210K(1165312K)], 0.4862273 secs] [Times: user=0.48 sys=0.00, real=0.48 secs] 
2020-03-19T15:00:26.485+0800: 21230.109: [Full GC (Last ditch collection) 2020-03-19T15:00:26.485+0800: 21230.109: [CMS: 123167K->123167K(237276K), 0.5144669 secs] 123167K->123167K(414236K), [Metaspace: 121210K->121210K(1165312K)], 0.5149096 secs] [Times: user=0.49 sys=0.00, real=0.52 secs] 
2020-03-19T15:00:27.004+0800: 21230.628: [Full GC (Metadata GC Threshold) 2020-03-19T15:00:27.004+0800: 21230.628: [CMS: 123167K->123167K(237276K), 0.4804510 secs] 123167K->123167K(414236K), [Metaspace: 121210K->121210K(1165312K)], 0.4808443 secs] [Times: user=0.47 sys=0.00, real=0.48 secs] 
2020-03-19T15:00:27.485+0800: 21231.109: [Full GC (Last ditch collection) 2020-03-19T15:00:27.485+0800: 21231.110: [CMS: 123167K->123167K(237276K), 0.5699990 secs] 123167K->123167K(414236K), [Metaspace: 121210K->121210K(1165312K)], 0.5703949 secs] [Times: user=0.53 sys=0.00, real=0.57 secs] 
2020-03-19T15:00:28.076+0800: 21231.700: [Full GC (Metadata GC Threshold) 2020-03-19T15:00:28.076+0800: 21231.700: [CMS: 123167K->123151K(237276K), 0.5215372 secs] 124432K->123151K(414236K), [Metaspace: 121210K->121210K(1165312K)], 0.5220424 secs] [Times: user=0.51 sys=0.00, real=0.52 secs] 
2020-03-19T15:00:28.598+0800: 21232.223: [Full GC (Last ditch collection) 2020-03-19T15:00:28.598+0800: 21232.223: [CMS: 123151K->123149K(237276K), 0.4828185 secs] 123151K->123149K(414236K), [Metaspace: 121210K->121210K(1165312K)], 0.4832061 secs] [Times: user=0.48 sys=0.00, real=0.49 secs] 
2020-03-19T15:00:29.084+0800: 21232.709: [GC (CMS Initial Mark) [1 CMS-initial-mark: 123149K(237276K)] 123153K(414236K), 0.0087512 secs] [Times: user=0.02 sys=0.00, real=0.01 secs] 
2020-03-19T15:00:29.093+0800: 21232.718: [CMS-concurrent-mark-start]
2020-03-19T15:00:29.108+0800: 21232.732: [Full GC (Metadata GC Threshold) 2020-03-19T15:00:29.108+0800: 21232.732: [CMS2020-03-19T15:00:29.285+0800: 21232.909: [CMS-concurrent-mark: 0.184/0.191 secs] [Times: user=0.20 sys=0.00, real=0.19 secs] 
 (concurrent mode failure): 123149K->123151K(237276K), 0.7043420 secs] 123329K->123151K(414236K), [Metaspace: 121210K->121210K(1165312K)], 0.7047356 secs] [Times: user=0.68 sys=0.00, real=0.70 secs] 
2020-03-19T15:00:29.813+0800: 21233.437: [Full GC (Last ditch collection) 2020-03-19T15:00:29.813+0800: 21233.437: [CMS: 123151K->123149K(237276K), 0.4736570 secs] 123151K->123149K(414236K), [Metaspace: 121210K->121210K(1165312K)], 0.4740321 secs] [Times: user=0.48 sys=0.00, real=0.48 secs] 
2020-03-19T15:00:30.290+0800: 21233.914: [Full GC (Metadata GC Threshold) 2020-03-19T15:00:30.290+0800: 21233.914: [CMS: 123149K->123149K(237276K), 0.5197332 secs] 123151K->123149K(414236K), [Metaspace: 121210K->121210K(1165312K)], 0.5201425 secs] [Times: user=0.49 sys=0.00, real=0.52 secs] 
2020-03-19T15:00:30.810+0800: 21234.435: [Full GC (Last ditch collection) 2020-03-19T15:00:30.810+0800: 21234.435: [CMS: 123149K->123149K(237276K), 0.5675812 secs] 123149K->123149K(414236K), [Metaspace: 121210K->121210K(1165312K)], 0.5680400 secs] [Times: user=0.52 sys=0.00, real=0.57 secs] 
2020-03-19T15:00:31.381+0800: 21235.006: [Full GC (Metadata GC Threshold) 2020-03-19T15:00:31.381+0800: 21235.006: [CMS: 123149K->123149K(237276K), 0.4464314 secs] 123149K->123149K(414236K), [Metaspace: 121210K->121210K(1165312K)], 0.4468636 secs] [Times: user=0.45 sys=0.00, real=0.45 secs] 
2020-03-19T15:00:31.828+0800: 21235.453: [Full GC (Last ditch collection) 2020-03-19T15:00:31.828+0800: 21235.453: [CMS: 123149K->123149K(237276K), 0.4839732 secs] 123149K->123149K(414236K), [Metaspace: 121210K->121210K(1165312K)], 0.4843870 secs] [Times: user=0.46 sys=0.00, real=0.48 secs] 
2020-03-19T15:00:32.328+0800: 21235.952: [Full GC (Metadata GC Threshold) 2020-03-19T15:00:32.328+0800: 21235.952: [CMS: 123149K->123151K(237276K), 0.4976477 secs] 123577K->123151K(414236K), [Metaspace: 121210K->121210K(1165312K)], 0.4981023 secs] [Times: user=0.50 sys=0.00, real=0.49 secs] 
2020-03-19T15:00:32.826+0800: 21236.451: [Full GC (Last ditch collection) 2020-03-19T15:00:32.826+0800: 21236.451: [CMS: 123151K->123149K(237276K), 0.4909975 secs] 123151K->123149K(414236K), [Metaspace: 121210K->121210K(1165312K)], 0.4914582 secs] [Times: user=0.48 sys=0.00, real=0.48 secs] 
2020-03-19T15:00:33.321+0800: 21236.946: [GC (CMS Initial Mark) [1 CMS-initial-mark: 123149K(237276K)] 123180K(414236K), 0.0098365 secs] [Times: user=0.02 sys=0.00, real=0.01 secs] 
2020-03-19T15:00:33.338+0800: 21236.963: [CMS-concurrent-mark-start]
2020-03-19T15:00:33.345+0800: 21236.969: [Full GC (Metadata GC Threshold) 2020-03-19T15:00:33.345+0800: 21236.969: [CMS2020-03-19T15:00:33.532+0800: 21237.157: [CMS-concurrent-mark: 0.184/0.194 secs] [Times: user=0.20 sys=0.00, real=0.19 secs] 
 (concurrent mode failure): 123149K->123152K(237276K), 0.6419133 secs] 123323K->123152K(414236K), [Metaspace: 121210K->121210K(1165312K)], 0.6423556 secs] [Times: user=0.63 sys=0.00, real=0.65 secs] 
2020-03-19T15:00:33.987+0800: 21237.612: [Full GC (Last ditch collection) 2020-03-19T15:00:33.987+0800: 21237.612: [CMS: 123152K->123150K(237276K), 0.4893233 secs] 123152K->123150K(414236K), [Metaspace: 121210K->121210K(1165312K)], 0.4897376 secs] [Times: user=0.49 sys=0.00, real=0.48 secs] 
2020-03-19T15:00:34.480+0800: 21238.105: [Full GC (Metadata GC Threshold) 2020-03-19T15:00:34.480+0800: 21238.105: [CMS: 123150K->123150K(237276K), 0.5327153 secs] 123156K->123150K(414236K), [Metaspace: 121210K->121210K(1165312K)], 0.5331431 secs] [Times: user=0.50 sys=0.00, real=0.53 secs] 
2020-03-19T15:00:35.014+0800: 21238.638: [Full GC (Last ditch collection) 2020-03-19T15:00:35.014+0800: 21238.638: [CMS: 123150K->123150K(237276K), 0.5238489 secs] 123150K->123150K(414236K), [Metaspace: 121210K->121210K(1165312K)], 0.5242426 secs] [Times: user=0.49 sys=0.00, real=0.53 secs] 
2020-03-19T15:00:35.541+0800: 21239.165: [Full GC (Metadata GC Threshold) 2020-03-19T15:00:35.541+0800: 21239.166: [CMS: 123150K->123150K(237276K), 0.4680957 secs] 123152K->123150K(414236K), [Metaspace: 121210K->121210K(1165312K)], 0.4685189 secs] [Times: user=0.47 sys=0.00, real=0.47 secs] 
2020-03-19T15:00:36.010+0800: 21239.634: [Full GC (Last ditch collection) 2020-03-19T15:00:36.010+0800: 21239.634: [CMS: 123150K->123150K(237276K), 0.4768607 secs] 123150K->123150K(414236K), [Metaspace: 121210K->121210K(1165312K)], 0.4773108 secs] [Times: user=0.47 sys=0.00, real=0.48 secs] 
2020-03-19T15:00:36.493+0800: 21240.117: [Full GC (Metadata GC Threshold) 2020-03-19T15:00:36.493+0800: 21240.117: [CMS: 123150K->123150K(237276K), 0.4823335 secs] 123152K->123150K(414236K), [Metaspace: 121210K->121210K(1165312K)], 0.4827434 secs] [Times: user=0.48 sys=0.00, real=0.48 secs] 
2020-03-19T15:00:36.976+0800: 21240.600: [Full GC (Last ditch collection) 2020-03-19T15:00:36.976+0800: 21240.601: [CMS: 123150K->123150K(237276K), 0.4614174 secs] 123150K->123150K(414236K), [Metaspace: 121210K->121210K(1165312K)], 0.4618503 secs] [Times: user=0.45 sys=0.00, real=0.46 secs] 
2020-03-19T15:00:37.441+0800: 21241.065: [Full GC (Metadata GC Threshold) 2020-03-19T15:00:37.441+0800: 21241.065: [CMS: 123150K->123150K(237276K), 0.4546536 secs] 123150K->123150K(414236K), [Metaspace: 121210K->121210K(1165312K)], 0.4550351 secs] [Times: user=0.45 sys=0.00, real=0.45 secs] 
2020-03-19T15:00:37.896+0800: 21241.520: [Full GC (Last ditch collection) 2020-03-19T15:00:37.896+0800: 21241.521: [CMS: 123150K->123150K(237276K), 0.4891636 secs] 123150K->123150K(414236K), [Metaspace: 121210K->121210K(1165312K)], 0.4895995 secs] [Times: user=0.47 sys=0.00, real=0.49 secs] 
2020-03-19T15:00:38.400+0800: 21242.025: [GC (CMS Initial Mark) [1 CMS-initial-mark: 123150K(237276K)] 123661K(414236K), 0.0188422 secs] [Times: user=0.01 sys=0.00, real=0.02 secs] 
2020-03-19T15:00:38.419+0800: 21242.044: [CMS-concurrent-mark-start]
2020-03-19T15:00:38.428+0800: 21242.053: [Full GC (Metadata GC Threshold) 2020-03-19T15:00:38.429+0800: 21242.053: [CMS2020-03-19T15:00:38.615+0800: 21242.239: [CMS-concurrent-mark: 0.187/0.195 secs] [Times: user=0.20 sys=0.00, real=0.19 secs] 
 (concurrent mode failure): 123150K->123152K(237276K), 0.6660164 secs] 123661K->123152K(414236K), [Metaspace: 121210K->121210K(1165312K)], 0.6664833 secs] [Times: user=0.65 sys=0.00, real=0.66 secs] 
2020-03-19T15:00:39.095+0800: 21242.720: [Full GC (Last ditch collection) 2020-03-19T15:00:39.095+0800: 21242.720: [CMS: 123152K->123150K(237276K), 0.4673040 secs] 123152K->123150K(414236K), [Metaspace: 121210K->121210K(1165312K)], 0.4676811 secs] [Times: user=0.47 sys=0.00, real=0.47 secs] 
2020-03-19T15:00:39.566+0800: 21243.191: [Full GC (Metadata GC Threshold) 2020-03-19T15:00:39.566+0800: 21243.191: [CMS: 123150K->123152K(237276K), 0.4466149 secs] 123152K->123152K(414236K), [Metaspace: 121210K->121210K(1165312K)], 0.4470668 secs] [Times: user=0.45 sys=0.00, real=0.45 secs] 
2020-03-19T15:00:40.013+0800: 21243.638: [Full GC (Last ditch collection) 2020-03-19T15:00:40.013+0800: 21243.638: [CMS: 123152K->123152K(237276K), 0.4915219 secs] 123152K->123152K(414236K), [Metaspace: 121210K->121210K(1165312K)], 0.4919056 secs] [Times: user=0.49 sys=0.00, real=0.49 secs] 
2020-03-19T15:00:40.508+0800: 21244.133: [Full GC (Metadata GC Threshold) 2020-03-19T15:00:40.508+0800: 21244.133: [CMS: 123152K->123152K(237276K), 0.5050132 secs] 123156K->123152K(414236K), [Metaspace: 121210K->121210K(1165312K)], 0.5054102 secs] [Times: user=0.50 sys=0.00, real=0.50 secs] 
2020-03-19T15:00:41.014+0800: 21244.638: [Full GC (Last ditch collection) 2020-03-19T15:00:41.014+0800: 21244.639: [CMS: 123152K->123152K(237276K), 0.4711181 secs] 123152K->123152K(414236K), [Metaspace: 121210K->121210K(1165312K)], 0.4715699 secs] [Times: user=0.47 sys=0.00, real=0.47 secs] 
2020-03-19T15:00:41.488+0800: 21245.113: [Full GC (Metadata GC Threshold) 2020-03-19T15:00:41.489+0800: 21245.113: [CMS: 123152K->123152K(237276K), 0.4598720 secs] 123158K->123152K(414236K), [Metaspace: 121210K->121210K(1165312K)], 0.4602856 secs] [Times: user=0.46 sys=0.00, real=0.46 secs] 
2020-03-19T15:00:41.949+0800: 21245.574: [Full GC (Last ditch collection) 2020-03-19T15:00:41.949+0800: 21245.574: [CMS: 123152K->123152K(237276K), 0.5139023 secs] 123152K->123152K(414236K), [Metaspace: 121210K->121210K(1165312K)], 0.5143040 secs] [Times: user=0.50 sys=0.00, real=0.51 secs] 
2020-03-19T15:00:42.467+0800: 21246.091: [GC (CMS Initial Mark) [1 CMS-initial-mark: 123152K(237276K)] 123160K(414236K), 0.0108460 secs] [Times: user=0.02 sys=0.00, real=0.00 secs] 
2020-03-19T15:00:42.478+0800: 21246.102: [CMS-concurrent-mark-start]
2020-03-19T15:00:42.487+0800: 21246.112: [Full GC (Metadata GC Threshold) 2020-03-19T15:00:42.488+0800: 21246.112: [CMS2020-03-19T15:00:42.702+0800: 21246.327: [CMS-concurrent-mark: 0.215/0.225 secs] [Times: user=0.22 sys=0.00, real=0.23 secs] 
 (concurrent mode failure): 123152K->123152K(237276K), 0.8105552 secs] 123570K->123152K(414236K), [Metaspace: 121210K->121210K(1165312K)], 0.8109968 secs] [Times: user=0.76 sys=0.00, real=0.81 secs] 
2020-03-19T15:00:43.299+0800: 21246.923: [Full GC (Last ditch collection) 2020-03-19T15:00:43.299+0800: 21246.924: [CMS: 123152K->123150K(237276K), 0.4596659 secs] 123152K->123150K(414236K), [Metaspace: 121210K->121210K(1165312K)], 0.4601358 secs] [Times: user=0.45 sys=0.00, real=0.46 secs] 
2020-03-19T15:00:43.762+0800: 21247.387: [Full GC (Metadata GC Threshold) 2020-03-19T15:00:43.762+0800: 21247.387: [CMS: 123150K->123152K(237276K), 0.4719242 secs] 123152K->123152K(414236K), [Metaspace: 121210K->121210K(1165312K)], 0.4723529 secs] [Times: user=0.46 sys=0.00, real=0.47 secs] 
2020-03-19T15:00:44.235+0800: 21247.859: [Full GC (Last ditch collection) 2020-03-19T15:00:44.235+0800: 21247.859: [CMS: 123152K->123152K(237276K), 0.4890525 secs] 123152K->123152K(414236K), [Metaspace: 121210K->121210K(1165312K)], 0.4894730 secs] [Times: user=0.49 sys=0.00, real=0.49 secs] 
2020-03-19T15:00:44.728+0800: 21248.352: [Full GC (Metadata GC Threshold) 2020-03-19T15:00:44.728+0800: 21248.352: [CMS: 123152K->123152K(237276K), 0.4799320 secs] 123152K->123152K(414236K), [Metaspace: 121210K->121210K(1165312K)], 0.4804062 secs] [Times: user=0.48 sys=0.00, real=0.48 secs] 
2020-03-19T15:00:45.208+0800: 21248.833: [Full GC (Last ditch collection) 2020-03-19T15:00:45.209+0800: 21248.833: [CMS: 123152K->123152K(237276K), 0.4862710 secs] 123152K->123152K(414236K), [Metaspace: 121210K->121210K(1165312K)], 0.4867228 secs] [Times: user=0.48 sys=0.00, real=0.48 secs] 
2020-03-19T15:00:45.698+0800: 21249.323: [Full GC (Metadata GC Threshold) 2020-03-19T15:00:45.698+0800: 21249.323: [CMS: 123152K->123152K(237276K), 0.5777579 secs] 123158K->123152K(414236K), [Metaspace: 121210K->121210K(1165312K)], 0.5782195 secs] [Times: user=0.50 sys=0.00, real=0.57 secs] 
2020-03-19T15:00:46.277+0800: 21249.901: [Full GC (Last ditch collection) 2020-03-19T15:00:46.277+0800: 21249.902: [CMS: 123152K->123152K(237276K), 0.5110978 secs] 123152K->123152K(414236K), [Metaspace: 121210K->121210K(1165312K)], 0.5115468 secs] [Times: user=0.49 sys=0.00, real=0.52 secs] 
2020-03-19T15:00:46.791+0800: 21250.416: [Full GC (Metadata GC Threshold) 2020-03-19T15:00:46.791+0800: 21250.416: [CMS: 123152K->123152K(237276K), 0.4591798 secs] 123154K->123152K(414236K), [Metaspace: 121210K->121210K(1165312K)], 0.4596659 secs] [Times: user=0.46 sys=0.00, real=0.46 secs] 
2020-03-19T15:00:47.254+0800: 21250.878: [Full GC (Last ditch collection) 2020-03-19T15:00:47.254+0800: 21250.878: [CMS: 123152K->123152K(237276K), 0.4627541 secs] 123152K->123152K(414236K), [Metaspace: 121210K->121210K(1165312K)], 0.4631656 secs] [Times: user=0.46 sys=0.00, real=0.46 secs] 
2020-03-19T15:00:47.720+0800: 21251.344: [Full GC (Metadata GC Threshold) 2020-03-19T15:00:47.720+0800: 21251.344: [CMS: 123152K->123152K(237276K), 0.4761798 secs] 123154K->123152K(414236K), [Metaspace: 121210K->121210K(1165312K)], 0.4765926 secs] [Times: user=0.47 sys=0.00, real=0.47 secs] 
2020-03-19T15:00:48.197+0800: 21251.821: [Full GC (Last ditch collection) 2020-03-19T15:00:48.197+0800: 21251.821: [CMS: 123152K->123152K(237276K), 0.5351670 secs] 123152K->123152K(414236K), [Metaspace: 121210K->121210K(1165312K)], 0.5355809 secs] [Times: user=0.50 sys=0.00, real=0.54 secs] 
2020-03-19T15:00:48.741+0800: 21252.365: [GC (CMS Initial Mark) [1 CMS-initial-mark: 123152K(237276K)] 123597K(414236K), 0.0089399 secs] [Times: user=0.01 sys=0.00, real=0.01 secs] 
2020-03-19T15:00:48.750+0800: 21252.375: [CMS-concurrent-mark-start]
2020-03-19T15:00:48.752+0800: 21252.377: [Full GC (Metadata GC Threshold) 2020-03-19T15:00:48.752+0800: 21252.377: [CMS2020-03-19T15:00:48.947+0800: 21252.572: [CMS-concurrent-mark: 0.189/0.197 secs] [Times: user=0.19 sys=0.00, real=0.20 secs] 
 (concurrent mode failure): 123152K->123155K(237276K), 0.6720081 secs] 123599K->123155K(414236K), [Metaspace: 121210K->121210K(1165312K)], 0.6724104 secs] [Times: user=0.67 sys=0.00, real=0.67 secs] 
2020-03-19T15:00:49.425+0800: 21253.049: [Full GC (Last ditch collection) 2020-03-19T15:00:49.425+0800: 21253.050: [CMS: 123155K->123153K(237276K), 0.4997313 secs] 123155K->123153K(414236K), [Metaspace: 121210K->121210K(1165312K)], 0.5001693 secs] [Times: user=0.49 sys=0.00, real=0.50 secs] 
2020-03-19T15:00:49.933+0800: 21253.558: [Full GC (Metadata GC Threshold) 2020-03-19T15:00:49.934+0800: 21253.558: [CMS: 123153K->123157K(237276K), 0.5063377 secs] 123293K->123157K(414236K), [Metaspace: 121210K->121210K(1165312K)], 0.5067888 secs] [Times: user=0.50 sys=0.00, real=0.51 secs] 
2020-03-19T15:00:50.441+0800: 21254.065: [Full GC (Last ditch collection) 2020-03-19T15:00:50.441+0800: 21254.065: [CMS: 123157K->123156K(237276K), 0.4905844 secs] 123157K->123156K(414236K), [Metaspace: 121210K->121210K(1165312K)], 0.4909592 secs] [Times: user=0.48 sys=0.00, real=0.49 secs] 
2020-03-19T15:00:50.935+0800: 21254.559: [GC (CMS Initial Mark) [1 CMS-initial-mark: 123156K(237276K)] 123180K(414236K), 0.0095667 secs] [Times: user=0.01 sys=0.00, real=0.01 secs] 
2020-03-19T15:00:50.945+0800: 21254.569: [CMS-concurrent-mark-start]
2020-03-19T15:00:50.964+0800: 21254.588: [Full GC (Metadata GC Threshold) 2020-03-19T15:00:50.964+0800: 21254.588: [CMS2020-03-19T15:00:51.139+0800: 21254.763: [CMS-concurrent-mark: 0.185/0.194 secs] [Times: user=0.20 sys=0.00, real=0.20 secs] 
 (concurrent mode failure): 123156K->123151K(237276K), 0.6387410 secs] 123718K->123151K(414236K), [Metaspace: 121210K->121210K(1165312K)], 0.6392023 secs] [Times: user=0.63 sys=0.00, real=0.64 secs] 
2020-03-19T15:00:51.603+0800: 21255.228: [Full GC (Last ditch collection) 2020-03-19T15:00:51.604+0800: 21255.228: [CMS: 123151K->123147K(237276K), 0.4611209 secs] 123151K->123147K(414236K), [Metaspace: 121210K->121210K(1165312K)], 0.4615646 secs] [Times: user=0.45 sys=0.00, real=0.46 secs] 
2020-03-19T15:00:52.068+0800: 21255.692: [Full GC (Metadata GC Threshold) 2020-03-19T15:00:52.068+0800: 21255.692: [CMS: 123147K->123147K(237276K), 0.4826551 secs] 123149K->123147K(414236K), [Metaspace: 121210K->121210K(1165312K)], 0.4830636 secs] [Times: user=0.47 sys=0.00, real=0.48 secs] 
2020-03-19T15:00:52.551+0800: 21256.176: [Full GC (Last ditch collection) 2020-03-19T15:00:52.551+0800: 21256.176: [CMS: 123147K->123147K(237276K), 0.4744847 secs] 123147K->123147K(414236K), [Metaspace: 121210K->121210K(1165312K)], 0.4748668 secs] [Times: user=0.47 sys=0.00, real=0.48 secs] 
2020-03-19T15:00:53.029+0800: 21256.654: [Full GC (Metadata GC Threshold) 2020-03-19T15:00:53.029+0800: 21256.654: [CMS: 123147K->123147K(237276K), 0.5221451 secs] 123153K->123147K(414236K), [Metaspace: 121210K->121210K(1165312K)], 0.5225354 secs] [Times: user=0.48 sys=0.00, real=0.52 secs] 
2020-03-19T15:00:53.552+0800: 21257.176: [Full GC (Last ditch collection) 2020-03-19T15:00:53.552+0800: 21257.176: [CMS: 123147K->123147K(237276K), 0.4552884 secs] 123147K->123147K(414236K), [Metaspace: 121210K->121210K(1165312K)], 0.4556929 secs] [Times: user=0.46 sys=0.00, real=0.46 secs] 
2020-03-19T15:00:54.010+0800: 21257.635: [Full GC (Metadata GC Threshold) 2020-03-19T15:00:54.011+0800: 21257.635: [CMS: 123147K->123147K(237276K), 0.4830366 secs] 123149K->123147K(414236K), [Metaspace: 121210K->121210K(1165312K)], 0.4834800 secs] [Times: user=0.48 sys=0.00, real=0.48 secs] 
2020-03-19T15:00:54.494+0800: 21258.119: [Full GC (Last ditch collection) 2020-03-19T15:00:54.494+0800: 21258.119: [CMS: 123147K->123147K(237276K), 0.4709826 secs] 123147K->123147K(414236K), [Metaspace: 121210K->121210K(1165312K)], 0.4713771 secs] [Times: user=0.47 sys=0.00, real=0.47 secs] 
2020-03-19T15:00:54.968+0800: 21258.593: [Full GC (Metadata GC Threshold) 2020-03-19T15:00:54.969+0800: 21258.593: [CMS: 123147K->123147K(237276K), 0.4702037 secs] 123151K->123147K(414236K), [Metaspace: 121210K->121210K(1165312K)], 0.4706344 secs] [Times: user=0.46 sys=0.00, real=0.47 secs] 
2020-03-19T15:00:55.439+0800: 21259.064: [Full GC (Last ditch collection) 2020-03-19T15:00:55.440+0800: 21259.064: [CMS: 123147K->123147K(237276K), 0.4993809 secs] 123147K->123147K(414236K), [Metaspace: 121210K->121210K(1165312K)], 0.4997593 secs] [Times: user=0.49 sys=0.00, real=0.50 secs] 
2020-03-19T15:00:55.942+0800: 21259.567: [Full GC (Metadata GC Threshold) 2020-03-19T15:00:55.942+0800: 21259.567: [CMS: 123147K->123147K(237276K), 0.4813847 secs] 123147K->123147K(414236K), [Metaspace: 121210K->121210K(1165312K)], 0.4818382 secs] [Times: user=0.47 sys=0.00, real=0.48 secs] 
2020-03-19T15:00:56.424+0800: 21260.049: [Full GC (Last ditch collection) 2020-03-19T15:00:56.424+0800: 21260.049: [CMS: 123147K->123147K(237276K), 0.5079976 secs] 123147K->123147K(414236K), [Metaspace: 121210K->121210K(1165312K)], 0.5084310 secs] [Times: user=0.49 sys=0.00, real=0.51 secs] 
2020-03-19T15:00:56.936+0800: 21260.560: [Full GC (Metadata GC Threshold) 2020-03-19T15:00:56.936+0800: 21260.560: [CMS: 123147K->123148K(237276K), 0.5276887 secs] 123156K->123148K(414236K), [Metaspace: 121210K->121210K(1165312K)], 0.5281274 secs] [Times: user=0.51 sys=0.00, real=0.53 secs] 
2020-03-19T15:00:57.464+0800: 21261.089: [Full GC (Last ditch collection) 2020-03-19T15:00:57.464+0800: 21261.089: [CMS: 123148K->123148K(237276K), 0.5806909 secs] 123148K->123148K(414236K), [Metaspace: 121210K->121210K(1165312K)], 0.5810436 secs] [Times: user=0.53 sys=0.00, real=0.58 secs] 
2020-03-19T15:00:58.048+0800: 21261.673: [GC (CMS Initial Mark) [1 CMS-initial-mark: 123148K(237276K)] 123167K(414236K), 0.0092718 secs] [Times: user=0.01 sys=0.00, real=0.00 secs] 
2020-03-19T15:00:58.058+0800: 21261.683: [CMS-concurrent-mark-start]
2020-03-19T15:00:58.060+0800: 21261.684: [Full GC (Metadata GC Threshold) 2020-03-19T15:00:58.060+0800: 21261.685: [CMS2020-03-19T15:00:58.252+0800: 21261.876: [CMS-concurrent-mark: 0.187/0.194 secs] [Times: user=0.19 sys=0.00, real=0.19 secs] 
 (concurrent mode failure): 123148K->123151K(237276K), 0.6791781 secs] 123167K->123151K(414236K), [Metaspace: 121210K->121210K(1165312K)], 0.6796191 secs] [Times: user=0.66 sys=0.00, real=0.68 secs] 
2020-03-19T15:00:58.740+0800: 21262.364: [Full GC (Last ditch collection) 2020-03-19T15:00:58.740+0800: 21262.365: [CMS: 123151K->123151K(237276K), 0.4883543 secs] 123151K->123151K(414236K), [Metaspace: 121210K->121210K(1165312K)], 0.4888080 secs] [Times: user=0.48 sys=0.00, real=0.49 secs] 
2020-03-19T15:00:59.232+0800: 21262.856: [Full GC (Metadata GC Threshold) 2020-03-19T15:00:59.232+0800: 21262.857: [CMS: 123151K->123160K(237276K), 0.4758680 secs] 123170K->123160K(414236K), [Metaspace: 121210K->121210K(1165312K)], 0.4762995 secs] [Times: user=0.47 sys=0.00, real=0.48 secs] 
2020-03-19T15:00:59.709+0800: 21263.333: [Full GC (Last ditch collection) 2020-03-19T15:00:59.709+0800: 21263.333: [CMS: 123160K->123160K(237276K), 0.5149029 secs] 123160K->123160K(414236K), [Metaspace: 121210K->121210K(1165312K)], 0.5154294 secs] [Times: user=0.48 sys=0.00, real=0.51 secs] 
2020-03-19T15:01:00.227+0800: 21263.852: [Full GC (Metadata GC Threshold) 2020-03-19T15:01:00.227+0800: 21263.852: [CMS: 123160K->123162K(237276K), 0.5019925 secs] 123167K->123162K(414236K), [Metaspace: 121210K->121210K(1165312K)], 0.5024649 secs] [Times: user=0.49 sys=0.00, real=0.50 secs] 
2020-03-19T15:01:00.730+0800: 21264.354: [Full GC (Last ditch collection) 2020-03-19T15:01:00.730+0800: 21264.355: [CMS: 123162K->123162K(237276K), 0.7022358 secs] 123162K->123162K(414236K), [Metaspace: 121210K->121210K(1165312K)], 0.7027314 secs] [Times: user=0.51 sys=0.00, real=0.70 secs] 
2020-03-19T15:01:01.436+0800: 21265.061: [Full GC (Metadata GC Threshold) 2020-03-19T15:01:01.436+0800: 21265.061: [CMS: 123162K->123166K(237276K), 0.4835823 secs] 123270K->123166K(414236K), [Metaspace: 121210K->121210K(1165312K)], 0.4839761 secs] [Times: user=0.48 sys=0.00, real=0.49 secs] 
2020-03-19T15:01:01.920+0800: 21265.545: [Full GC (Last ditch collection) 2020-03-19T15:01:01.920+0800: 21265.545: [CMS: 123166K->123166K(237276K), 0.4809393 secs] 123166K->123166K(414236K), [Metaspace: 121210K->121210K(1165312K)], 0.4813011 secs] [Times: user=0.48 sys=0.00, real=0.48 secs] 
2020-03-19T15:01:02.405+0800: 21266.029: [Full GC (Metadata GC Threshold) 2020-03-19T15:01:02.405+0800: 21266.030: [CMS: 123166K->123168K(237276K), 0.5115148 secs] 123215K->123168K(414236K), [Metaspace: 121210K->121210K(1165312K)], 0.5119103 secs] [Times: user=0.51 sys=0.00, real=0.51 secs] 
2020-03-19T15:01:02.917+0800: 21266.542: [Full GC (Last ditch collection) 2020-03-19T15:01:02.917+0800: 21266.542: [CMS: 123168K->123168K(237276K), 0.4874627 secs] 123168K->123168K(414236K), [Metaspace: 121210K->121210K(1165312K)], 0.4878736 secs] [Times: user=0.49 sys=0.00, real=0.49 secs] 
2020-03-19T15:01:03.408+0800: 21267.033: [Full GC (Metadata GC Threshold) 2020-03-19T15:01:03.408+0800: 21267.033: [CMS: 123168K->123168K(237276K), 0.4521917 secs] 123172K->123168K(414236K), [Metaspace: 121210K->121210K(1165312K)], 0.4526041 secs] [Times: user=0.45 sys=0.00, real=0.45 secs] 
2020-03-19T15:01:03.861+0800: 21267.485: [Full GC (Last ditch collection) 2020-03-19T15:01:03.861+0800: 21267.486: [CMS: 123168K->123168K(237276K), 0.4755473 secs] 123168K->123168K(414236K), [Metaspace: 121210K->121210K(1165312K)], 0.4760396 secs] [Times: user=0.47 sys=0.00, real=0.47 secs] 
2020-03-19T15:01:04.340+0800: 21267.965: [Full GC (Metadata GC Threshold) 2020-03-19T15:01:04.341+0800: 21267.965: [CMS: 123168K->123168K(237276K), 0.4861442 secs] 123168K->123168K(414236K), [Metaspace: 121210K->121210K(1165312K)], 0.4866065 secs] [Times: user=0.49 sys=0.00, real=0.49 secs] 
2020-03-19T15:01:04.827+0800: 21268.452: [Full GC (Last ditch collection) 2020-03-19T15:01:04.828+0800: 21268.452: [CMS: 123168K->123168K(237276K), 0.5385405 secs] 123168K->123168K(414236K), [Metaspace: 121210K->121210K(1165312K)], 0.5389548 secs] [Times: user=0.52 sys=0.00, real=0.54 secs] 
2020-03-19T15:01:05.369+0800: 21268.994: [Full GC (Metadata GC Threshold) 2020-03-19T15:01:05.369+0800: 21268.994: [CMS: 123168K->123168K(237276K), 0.4647062 secs] 123174K->123168K(414236K), [Metaspace: 121210K->121210K(1165312K)], 0.4651084 secs] [Times: user=0.46 sys=0.00, real=0.46 secs] 
2020-03-19T15:01:05.835+0800: 21269.459: [Full GC (Last ditch collection) 2020-03-19T15:01:05.835+0800: 21269.459: [CMS: 123168K->123168K(237276K), 0.4616504 secs] 123168K->123168K(414236K), [Metaspace: 121210K->121210K(1165312K)], 0.4620269 secs] [Times: user=0.47 sys=0.00, real=0.46 secs] 
2020-03-19T15:01:06.300+0800: 21269.924: [Full GC (Metadata GC Threshold) 2020-03-19T15:01:06.300+0800: 21269.924: [CMS: 123168K->123168K(237276K), 0.4804692 secs] 123172K->123168K(414236K), [Metaspace: 121210K->121210K(1165312K)], 0.4808951 secs] [Times: user=0.48 sys=0.00, real=0.48 secs] 
2020-03-19T15:01:06.781+0800: 21270.405: [Full GC (Last ditch collection) 2020-03-19T15:01:06.781+0800: 21270.406: [CMS: 123168K->123168K(237276K), 0.4546041 secs] 123168K->123168K(414236K), [Metaspace: 121210K->121210K(1165312K)], 0.4551007 secs] [Times: user=0.45 sys=0.00, real=0.45 secs] 
2020-03-19T15:01:07.239+0800: 21270.864: [GC (CMS Initial Mark) [1 CMS-initial-mark: 123168K(237276K)] 123174K(414236K), 0.0089108 secs] [Times: user=0.01 sys=0.00, real=0.01 secs] 
2020-03-19T15:01:07.248+0800: 21270.873: [CMS-concurrent-mark-start]
2020-03-19T15:01:07.272+0800: 21270.897: [Full GC (Metadata GC Threshold) 2020-03-19T15:01:07.272+0800: 21270.897: [CMS2020-03-19T15:01:07.459+0800: 21271.084: [CMS-concurrent-mark: 0.197/0.211 secs] [Times: user=0.22 sys=0.00, real=0.21 secs] 
 (concurrent mode failure): 123168K->123154K(237276K), 0.6761628 secs] 124711K->123154K(414236K), [Metaspace: 121210K->121210K(1165312K)], 0.6765792 secs] [Times: user=0.67 sys=0.00, real=0.68 secs] 
2020-03-19T15:01:07.949+0800: 21271.574: [Full GC (Last ditch collection) 2020-03-19T15:01:07.949+0800: 21271.574: [CMS: 123154K->123152K(237276K), 0.5100432 secs] 123154K->123152K(414236K), [Metaspace: 121210K->121210K(1165312K)], 0.5104210 secs] [Times: user=0.48 sys=0.00, real=0.51 secs] 
2020-03-19T15:01:08.463+0800: 21272.087: [Full GC (Metadata GC Threshold) 2020-03-19T15:01:08.463+0800: 21272.087: [CMS: 123152K->123152K(237276K), 0.4895932 secs] 123156K->123152K(414236K), [Metaspace: 121210K->121210K(1165312K)], 0.4899799 secs] [Times: user=0.48 sys=0.00, real=0.49 secs] 
2020-03-19T15:01:08.953+0800: 21272.577: [Full GC (Last ditch collection) 2020-03-19T15:01:08.953+0800: 21272.578: [CMS: 123152K->123152K(237276K), 0.4718196 secs] 123152K->123152K(414236K), [Metaspace: 121210K->121210K(1165312K)], 0.4722538 secs] [Times: user=0.47 sys=0.00, real=0.47 secs] 
2020-03-19T15:01:09.428+0800: 21273.053: [Full GC (Metadata GC Threshold) 2020-03-19T15:01:09.428+0800: 21273.053: [CMS: 123152K->123152K(237276K), 0.4696939 secs] 123165K->123152K(414236K), [Metaspace: 121210K->121210K(1165312K)], 0.4701016 secs] [Times: user=0.46 sys=0.00, real=0.47 secs] 
2020-03-19T15:01:09.898+0800: 21273.523: [Full GC (Last ditch collection) 2020-03-19T15:01:09.899+0800: 21273.523: [CMS: 123152K->123152K(237276K), 0.4736956 secs] 123152K->123152K(414236K), [Metaspace: 121210K->121210K(1165312K)], 0.4740942 secs] [Times: user=0.48 sys=0.00, real=0.47 secs] 
2020-03-19T15:01:10.376+0800: 21274.001: [Full GC (Metadata GC Threshold) 2020-03-19T15:01:10.376+0800: 21274.001: [CMS: 123152K->123153K(237276K), 0.5018773 secs] 123163K->123153K(414236K), [Metaspace: 121210K->121210K(1165312K)], 0.5022882 secs] [Times: user=0.50 sys=0.00, real=0.51 secs] 
2020-03-19T15:01:10.879+0800: 21274.503: [Full GC (Last ditch collection) 2020-03-19T15:01:10.879+0800: 21274.503: [CMS: 123153K->123153K(237276K), 0.4485846 secs] 123153K->123153K(414236K), [Metaspace: 121210K->121210K(1165312K)], 0.4490366 secs] [Times: user=0.45 sys=0.00, real=0.45 secs] 
2020-03-19T15:01:11.332+0800: 21274.956: [Full GC (Metadata GC Threshold) 2020-03-19T15:01:11.332+0800: 21274.956: [CMS: 123153K->123153K(237276K), 0.4630599 secs] 123159K->123153K(414236K), [Metaspace: 121210K->121210K(1165312K)], 0.4634874 secs] [Times: user=0.47 sys=0.00, real=0.46 secs] 
2020-03-19T15:01:11.795+0800: 21275.420: [Full GC (Last ditch collection) 2020-03-19T15:01:11.795+0800: 21275.420: [CMS: 123153K->123153K(237276K), 0.4716315 secs] 123153K->123153K(414236K), [Metaspace: 121210K->121210K(1165312K)], 0.4720332 secs] [Times: user=0.47 sys=0.00, real=0.48 secs] 
2020-03-19T15:01:12.271+0800: 21275.895: [Full GC (Metadata GC Threshold) 2020-03-19T15:01:12.271+0800: 21275.896: [CMS: 123153K->123153K(237276K), 0.5796630 secs] 123175K->123153K(414236K), [Metaspace: 121210K->121210K(1165312K)], 0.5801819 secs] [Times: user=0.55 sys=0.00, real=0.58 secs] 
2020-03-19T15:01:12.852+0800: 21276.476: [Full GC (Last ditch collection) 2020-03-19T15:01:12.852+0800: 21276.476: [CMS: 123153K->123153K(237276K), 0.5152212 secs] 123153K->123153K(414236K), [Metaspace: 121210K->121210K(1165312K)], 0.5157024 secs] [Times: user=0.50 sys=0.00, real=0.52 secs] 
2020-03-19T15:01:13.371+0800: 21276.996: [Full GC (Metadata GC Threshold) 2020-03-19T15:01:13.371+0800: 21276.996: [CMS: 123153K->123155K(237276K), 0.4736323 secs] 123186K->123155K(414236K), [Metaspace: 121210K->121210K(1165312K)], 0.4740690 secs] [Times: user=0.48 sys=0.00, real=0.47 secs] 
2020-03-19T15:01:13.845+0800: 21277.470: [Full GC (Last ditch collection) 2020-03-19T15:01:13.846+0800: 21277.470: [CMS: 123155K->123155K(237276K), 0.4608617 secs] 123155K->123155K(414236K), [Metaspace: 121210K->121210K(1165312K)], 0.4612110 secs] [Times: user=0.46 sys=0.00, real=0.47 secs] 
2020-03-19T15:01:14.310+0800: 21277.934: [Full GC (Metadata GC Threshold) 2020-03-19T15:01:14.310+0800: 21277.934: [CMS: 123155K->123155K(237276K), 0.5204952 secs] 123157K->123155K(414236K), [Metaspace: 121210K->121210K(1165312K)], 0.5208878 secs] [Times: user=0.49 sys=0.00, real=0.52 secs] 
2020-03-19T15:01:14.831+0800: 21278.455: [Full GC (Last ditch collection) 2020-03-19T15:01:14.831+0800: 21278.456: [CMS: 123155K->123155K(237276K), 0.4659017 secs] 123155K->123155K(414236K), [Metaspace: 121210K->121210K(1165312K)], 0.4662575 secs] [Times: user=0.47 sys=0.00, real=0.46 secs] 
2020-03-19T15:01:15.300+0800: 21278.925: [Full GC (Metadata GC Threshold) 2020-03-19T15:01:15.300+0800: 21278.925: [CMS: 123155K->123155K(237276K), 0.4748924 secs] 123159K->123155K(414236K), [Metaspace: 121210K->121210K(1165312K)], 0.4753275 secs] [Times: user=0.47 sys=0.00, real=0.47 secs] 
2020-03-19T15:01:15.776+0800: 21279.400: [Full GC (Last ditch collection) 2020-03-19T15:01:15.776+0800: 21279.400: [CMS: 123155K->123155K(237276K), 0.5860916 secs] 123155K->123155K(414236K), [Metaspace: 121210K->121210K(1165312K)], 0.5866406 secs] [Times: user=0.51 sys=0.00, real=0.59 secs] 
2020-03-19T15:01:16.366+0800: 21279.991: [Full GC (Metadata GC Threshold) 2020-03-19T15:01:16.366+0800: 21279.991: [CMS: 123155K->123164K(237276K), 0.5135216 secs] 123173K->123164K(414236K), [Metaspace: 121210K->121210K(1165312K)], 0.5139373 secs] [Times: user=0.49 sys=0.00, real=0.51 secs] 
2020-03-19T15:01:16.880+0800: 21280.505: [Full GC (Last ditch collection) 2020-03-19T15:01:16.881+0800: 21280.505: [CMS: 123164K->123164K(237276K), 0.4760061 secs] 123164K->123164K(414236K), [Metaspace: 121210K->121210K(1165312K)], 0.4764128 secs] [Times: user=0.47 sys=0.00, real=0.47 secs] 
2020-03-19T15:01:17.361+0800: 21280.985: [Full GC (Metadata GC Threshold) 2020-03-19T15:01:17.361+0800: 21280.986: [CMS: 123164K->123164K(237276K), 0.4708168 secs] 123173K->123164K(414236K), [Metaspace: 121210K->121210K(1165312K)], 0.4712997 secs] [Times: user=0.47 sys=0.00, real=0.47 secs] 
2020-03-19T15:01:17.833+0800: 21281.457: [Full GC (Last ditch collection) 2020-03-19T15:01:17.833+0800: 21281.457: [CMS: 123164K->123164K(237276K), 0.4958322 secs] 123164K->123164K(414236K), [Metaspace: 121210K->121210K(1165312K)], 0.4962604 secs] [Times: user=0.48 sys=0.00, real=0.50 secs] 
2020-03-19T15:01:18.332+0800: 21281.957: [Full GC (Metadata GC Threshold) 2020-03-19T15:01:18.332+0800: 21281.957: [CMS: 123164K->123164K(237276K), 0.5407269 secs] 123166K->123164K(414236K), [Metaspace: 121210K->121210K(1165312K)], 0.5411769 secs] [Times: user=0.51 sys=0.00, real=0.54 secs] 
2020-03-19T15:01:18.874+0800: 21282.498: [Full GC (Last ditch collection) 2020-03-19T15:01:18.874+0800: 21282.498: [CMS: 123164K->123164K(237276K), 0.4682483 secs] 123164K->123164K(414236K), [Metaspace: 121210K->121210K(1165312K)], 0.4686766 secs] [Times: user=0.47 sys=0.00, real=0.47 secs] 
2020-03-19T15:01:19.347+0800: 21282.971: [Full GC (Metadata GC Threshold) 2020-03-19T15:01:19.347+0800: 21282.972: [CMS: 123164K->123165K(237276K), 0.5576114 secs] 123218K->123165K(414236K), [Metaspace: 121210K->121210K(1165312K)], 0.5581835 secs] [Times: user=0.54 sys=0.00, real=0.55 secs] 
2020-03-19T15:01:19.905+0800: 21283.530: [Full GC (Last ditch collection) 2020-03-19T15:01:19.906+0800: 21283.530: [CMS: 123165K->123165K(237276K), 0.5595526 secs] 123165K->123165K(414236K), [Metaspace: 121210K->121210K(1165312K)], 0.5600180 secs] [Times: user=0.51 sys=0.00, real=0.56 secs] 
2020-03-19T15:01:20.470+0800: 21284.095: [Full GC (Metadata GC Threshold) 2020-03-19T15:01:20.471+0800: 21284.095: [CMS: 123165K->123169K(237276K), 0.4884231 secs] 123310K->123169K(414236K), [Metaspace: 121210K->121210K(1165312K)], 0.4888150 secs] [Times: user=0.47 sys=0.00, real=0.49 secs] 
2020-03-19T15:01:20.959+0800: 21284.584: [Full GC (Last ditch collection) 2020-03-19T15:01:20.960+0800: 21284.584: [CMS: 123169K->123169K(237276K), 0.4697699 secs] 123169K->123169K(414236K), [Metaspace: 121210K->121210K(1165312K)], 0.4701427 secs] [Times: user=0.47 sys=0.00, real=0.47 secs] 
2020-03-19T15:01:21.432+0800: 21285.057: [Full GC (Metadata GC Threshold) 2020-03-19T15:01:21.433+0800: 21285.057: [CMS: 123169K->123169K(237276K), 0.4512950 secs] 123169K->123169K(414236K), [Metaspace: 121210K->121210K(1165312K)], 0.4516745 secs] [Times: user=0.46 sys=0.00, real=0.45 secs] 
2020-03-19T15:01:21.884+0800: 21285.509: [Full GC (Last ditch collection) 2020-03-19T15:01:21.885+0800: 21285.509: [CMS: 123169K->123169K(237276K), 0.4586806 secs] 123169K->123169K(414236K), [Metaspace: 121210K->121210K(1165312K)], 0.4590340 secs] [Times: user=0.45 sys=0.00, real=0.46 secs] 
2020-03-19T15:01:22.346+0800: 21285.971: [Full GC (Metadata GC Threshold) 2020-03-19T15:01:22.347+0800: 21285.971: [CMS: 123169K->123169K(237276K), 0.4811216 secs] 123173K->123169K(414236K), [Metaspace: 121210K->121210K(1165312K)], 0.4815302 secs] [Times: user=0.48 sys=0.00, real=0.48 secs] 
2020-03-19T15:01:22.828+0800: 21286.453: [Full GC (Last ditch collection) 2020-03-19T15:01:22.828+0800: 21286.453: [CMS: 123169K->123169K(237276K), 0.4674070 secs] 123169K->123169K(414236K), [Metaspace: 121210K->121210K(1165312K)], 0.4677875 secs] [Times: user=0.46 sys=0.00, real=0.46 secs] 
2020-03-19T15:01:23.299+0800: 21286.924: [Full GC (Metadata GC Threshold) 2020-03-19T15:01:23.299+0800: 21286.924: [CMS: 123169K->123169K(237276K), 0.4750209 secs] 123173K->123169K(414236K), [Metaspace: 121210K->121210K(1165312K)], 0.4754164 secs] [Times: user=0.46 sys=0.00, real=0.47 secs] 
2020-03-19T15:01:23.775+0800: 21287.399: [Full GC (Last ditch collection) 2020-03-19T15:01:23.775+0800: 21287.399: [CMS: 123169K->123169K(237276K), 0.4705513 secs] 123169K->123169K(414236K), [Metaspace: 121210K->121210K(1165312K)], 0.4709179 secs] [Times: user=0.47 sys=0.00, real=0.47 secs] 
2020-03-19T15:01:24.249+0800: 21287.874: [Full GC (Metadata GC Threshold) 2020-03-19T15:01:24.250+0800: 21287.874: [CMS: 123169K->123171K(237276K), 0.5052906 secs] 123184K->123171K(414236K), [Metaspace: 121210K->121210K(1165312K)], 0.5057662 secs] [Times: user=0.50 sys=0.00, real=0.50 secs] 
2020-03-19T15:01:24.755+0800: 21288.380: [Full GC (Last ditch collection) 2020-03-19T15:01:24.756+0800: 21288.380: [CMS: 123171K->123171K(237276K), 0.4769925 secs] 123171K->123171K(414236K), [Metaspace: 121210K->121210K(1165312K)], 0.4773896 secs] [Times: user=0.47 sys=0.00, real=0.48 secs] 
2020-03-19T15:01:25.236+0800: 21288.860: [Full GC (Metadata GC Threshold) 2020-03-19T15:01:25.236+0800: 21288.860: [CMS: 123171K->123172K(237276K), 0.5211534 secs] 123173K->123172K(414236K), [Metaspace: 121210K->121210K(1165312K)], 0.5215630 secs] [Times: user=0.50 sys=0.00, real=0.52 secs] 
2020-03-19T15:01:25.758+0800: 21289.382: [Full GC (Last ditch collection) 2020-03-19T15:01:25.758+0800: 21289.382: [CMS: 123172K->123172K(237276K), 0.4747073 secs] 123172K->123172K(414236K), [Metaspace: 121210K->121210K(1165312K)], 0.4750969 secs] [Times: user=0.48 sys=0.00, real=0.48 secs] 
2020-03-19T15:01:26.236+0800: 21289.860: [Full GC (Metadata GC Threshold) 2020-03-19T15:01:26.236+0800: 21289.860: [CMS: 123172K->123172K(237276K), 0.5031810 secs] 123172K->123172K(414236K), [Metaspace: 121210K->121210K(1165312K)], 0.5035598 secs] [Times: user=0.50 sys=0.00, real=0.51 secs] 
2020-03-19T15:01:26.739+0800: 21290.364: [Full GC (Last ditch collection) 2020-03-19T15:01:26.740+0800: 21290.364: [CMS: 123172K->123172K(237276K), 0.4970477 secs] 123172K->123172K(414236K), [Metaspace: 121210K->121210K(1165312K)], 0.4975063 secs] [Times: user=0.48 sys=0.00, real=0.49 secs] 
2020-03-19T15:01:27.249+0800: 21290.874: [Full GC (Metadata GC Threshold) 2020-03-19T15:01:27.250+0800: 21290.874: [CMS: 123172K->123168K(237276K), 0.5050907 secs] 123943K->123168K(414236K), [Metaspace: 121210K->121210K(1165312K)], 0.5055313 secs] [Times: user=0.51 sys=0.00, real=0.50 secs] 
2020-03-19T15:01:27.755+0800: 21291.380: [Full GC (Last ditch collection) 2020-03-19T15:01:27.755+0800: 21291.380: [CMS: 123168K->123166K(237276K), 0.5577504 secs] 123168K->123166K(414236K), [Metaspace: 121210K->121210K(1165312K)], 0.5581532 secs] [Times: user=0.53 sys=0.00, real=0.56 secs] 
2020-03-19T15:01:28.316+0800: 21291.941: [Full GC (Metadata GC Threshold) 2020-03-19T15:01:28.317+0800: 21291.941: [CMS: 123166K->123166K(237276K), 0.4700618 secs] 123168K->123166K(414236K), [Metaspace: 121210K->121210K(1165312K)], 0.4705023 secs] [Times: user=0.47 sys=0.00, real=0.48 secs] 
2020-03-19T15:01:28.787+0800: 21292.412: [Full GC (Last ditch collection) 2020-03-19T15:01:28.787+0800: 21292.412: [CMS: 123166K->123166K(237276K), 0.5018500 secs] 123166K->123166K(414236K), [Metaspace: 121210K->121210K(1165312K)], 0.5022139 secs] [Times: user=0.48 sys=0.00, real=0.50 secs] 
2020-03-19T15:01:29.293+0800: 21292.917: [Full GC (Metadata GC Threshold) 2020-03-19T15:01:29.293+0800: 21292.917: [CMS: 123166K->123166K(237276K), 0.5220564 secs] 123168K->123166K(414236K), [Metaspace: 121210K->121210K(1165312K)], 0.5224893 secs] [Times: user=0.48 sys=0.00, real=0.52 secs] 
2020-03-19T15:01:29.816+0800: 21293.440: [Full GC (Last ditch collection) 2020-03-19T15:01:29.816+0800: 21293.440: [CMS: 123166K->123166K(237276K), 0.4736137 secs] 123166K->123166K(414236K), [Metaspace: 121210K->121210K(1165312K)], 0.4740371 secs] [Times: user=0.48 sys=0.00, real=0.48 secs] 
2020-03-19T15:01:30.292+0800: 21293.917: [Full GC (Metadata GC Threshold) 2020-03-19T15:01:30.293+0800: 21293.917: [CMS: 123166K->123166K(237276K), 0.5138781 secs] 123168K->123166K(414236K), [Metaspace: 121210K->121210K(1165312K)], 0.5153324 secs] [Times: user=0.50 sys=0.00, real=0.52 secs] 
2020-03-19T15:01:30.808+0800: 21294.433: [Full GC (Last ditch collection) 2020-03-19T15:01:30.808+0800: 21294.433: [CMS: 123166K->123166K(237276K), 0.5813453 secs] 123166K->123166K(414236K), [Metaspace: 121210K->121210K(1165312K)], 0.5818093 secs] [Times: user=0.53 sys=0.00, real=0.58 secs] 
2020-03-19T15:01:31.394+0800: 21295.018: [Full GC (Metadata GC Threshold) 2020-03-19T15:01:31.394+0800: 21295.018: [CMS: 123166K->123166K(237276K), 0.4556880 secs] 123268K->123166K(414236K), [Metaspace: 121210K->121210K(1165312K)], 0.4561195 secs] [Times: user=0.45 sys=0.00, real=0.46 secs] 
2020-03-19T15:01:31.850+0800: 21295.475: [Full GC (Last ditch collection) 2020-03-19T15:01:31.850+0800: 21295.475: [CMS: 123166K->123166K(237276K), 0.4717268 secs] 123166K->123166K(414236K), [Metaspace: 121210K->121210K(1165312K)], 0.4721228 secs] [Times: user=0.47 sys=0.00, real=0.47 secs] 
2020-03-19T15:01:32.325+0800: 21295.950: [Full GC (Metadata GC Threshold) 2020-03-19T15:01:32.325+0800: 21295.950: [CMS: 123166K->123166K(237276K), 0.4690907 secs] 123166K->123166K(414236K), [Metaspace: 121210K->121210K(1165312K)], 0.4695300 secs] [Times: user=0.47 sys=0.00, real=0.47 secs] 
2020-03-19T15:01:32.795+0800: 21296.420: [Full GC (Last ditch collection) 2020-03-19T15:01:32.795+0800: 21296.420: [CMS: 123166K->123166K(237276K), 0.4901480 secs] 123166K->123166K(414236K), [Metaspace: 121210K->121210K(1165312K)], 0.4906205 secs] [Times: user=0.48 sys=0.00, real=0.49 secs] 
2020-03-19T15:01:33.305+0800: 21296.930: [Full GC (Metadata GC Threshold) 2020-03-19T15:01:33.305+0800: 21296.930: [CMS: 123166K->123155K(237276K), 0.4980473 secs] 124199K->123155K(414236K), [Metaspace: 121210K->121210K(1165312K)], 0.4985347 secs] [Times: user=0.49 sys=0.00, real=0.50 secs] 
2020-03-19T15:01:33.804+0800: 21297.428: [Full GC (Last ditch collection) 2020-03-19T15:01:33.804+0800: 21297.428: [CMS: 123155K->123154K(237276K), 0.4802578 secs] 123155K->123154K(414236K), [Metaspace: 121210K->121210K(1165312K)], 0.4806192 secs] [Times: user=0.47 sys=0.00, real=0.48 secs] 
2020-03-19T15:01:34.287+0800: 21297.912: [Full GC (Metadata GC Threshold) 2020-03-19T15:01:34.287+0800: 21297.912: [CMS: 123154K->123154K(237276K), 0.4708023 secs] 123154K->123154K(414236K), [Metaspace: 121210K->121210K(1165312K)], 0.4711748 secs] [Times: user=0.47 sys=0.00, real=0.47 secs] 
2020-03-19T15:01:34.759+0800: 21298.383: [Full GC (Last ditch collection) 2020-03-19T15:01:34.759+0800: 21298.383: [CMS: 123154K->123154K(237276K), 0.5408055 secs] 123154K->123154K(414236K), [Metaspace: 121210K->121210K(1165312K)], 0.5412213 secs] [Times: user=0.52 sys=0.00, real=0.54 secs] 
2020-03-19T15:01:35.303+0800: 21298.928: [GC (CMS Initial Mark) [1 CMS-initial-mark: 123154K(237276K)] 123177K(414236K), 0.0149892 secs] [Times: user=0.02 sys=0.00, real=0.02 secs] 
2020-03-19T15:01:35.319+0800: 21298.943: [CMS-concurrent-mark-start]
2020-03-19T15:01:35.329+0800: 21298.953: [Full GC (Metadata GC Threshold) 2020-03-19T15:01:35.329+0800: 21298.953: [CMS2020-03-19T15:01:35.516+0800: 21299.141: [CMS-concurrent-mark: 0.189/0.198 secs] [Times: user=0.20 sys=0.00, real=0.19 secs] 
 (concurrent mode failure): 123154K->123156K(237276K), 0.6840644 secs] 123393K->123156K(414236K), [Metaspace: 121210K->121210K(1165312K)], 0.6845303 secs] [Times: user=0.67 sys=0.00, real=0.68 secs] 
2020-03-19T15:01:36.013+0800: 21299.638: [Full GC (Last ditch collection) 2020-03-19T15:01:36.013+0800: 21299.638: [CMS: 123156K->123155K(237276K), 0.4809337 secs] 123156K->123155K(414236K), [Metaspace: 121210K->121210K(1165312K)], 0.4813427 secs] [Times: user=0.48 sys=0.00, real=0.48 secs] 
2020-03-19T15:01:36.500+0800: 21300.125: [Full GC (Metadata GC Threshold) 2020-03-19T15:01:36.501+0800: 21300.125: [CMS: 123155K->123157K(237276K), 0.5038560 secs] 123246K->123157K(414236K), [Metaspace: 121210K->121210K(1165312K)], 0.5042939 secs] [Times: user=0.49 sys=0.00, real=0.50 secs] 
2020-03-19T15:01:37.005+0800: 21300.630: [Full GC (Last ditch collection) 2020-03-19T15:01:37.005+0800: 21300.630: [CMS: 123157K->123155K(237276K), 0.4672415 secs] 123157K->123155K(414236K), [Metaspace: 121210K->121210K(1165312K)], 0.4676184 secs] [Times: user=0.47 sys=0.00, real=0.47 secs] 
2020-03-19T15:01:37.476+0800: 21301.100: [Full GC (Metadata GC Threshold) 2020-03-19T15:01:37.476+0800: 21301.100: [CMS: 123155K->123155K(237276K), 0.4486131 secs] 123157K->123155K(414236K), [Metaspace: 121210K->121210K(1165312K)], 0.4490180 secs] [Times: user=0.44 sys=0.00, real=0.45 secs] 
2020-03-19T15:01:37.925+0800: 21301.549: [Full GC (Last ditch collection) 2020-03-19T15:01:37.925+0800: 21301.550: [CMS: 123155K->123155K(237276K), 0.4883607 secs] 123155K->123155K(414236K), [Metaspace: 121210K->121210K(1165312K)], 0.4887963 secs] [Times: user=0.48 sys=0.00, real=0.49 secs] 
2020-03-19T15:01:38.441+0800: 21302.066: [Full GC (Metadata GC Threshold) 2020-03-19T15:01:38.442+0800: 21302.066: [CMS: 123155K->123147K(237276K), 0.5042541 secs] 125067K->123147K(414236K), [Metaspace: 121210K->121210K(1165312K)], 0.5047571 secs] [Times: user=0.51 sys=0.00, real=0.51 secs] 
2020-03-19T15:01:38.946+0800: 21302.571: [Full GC (Last ditch collection) 2020-03-19T15:01:38.947+0800: 21302.571: [CMS: 123147K->123135K(237276K), 0.4641463 secs] 123147K->123135K(414236K), [Metaspace: 121210K->121210K(1165312K)], 0.4645189 secs] [Times: user=0.46 sys=0.00, real=0.46 secs] 
2020-03-19T15:01:39.414+0800: 21303.039: [Full GC (Metadata GC Threshold) 2020-03-19T15:01:39.414+0800: 21303.039: [CMS: 123135K->123135K(237276K), 0.4558402 secs] 123141K->123135K(414236K), [Metaspace: 121210K->121210K(1165312K)], 0.4563188 secs] [Times: user=0.46 sys=0.00, real=0.46 secs] 
2020-03-19T15:01:39.871+0800: 21303.495: [Full GC (Last ditch collection) 2020-03-19T15:01:39.871+0800: 21303.495: [CMS: 123135K->123135K(237276K), 0.4619002 secs] 123135K->123135K(414236K), [Metaspace: 121210K->121210K(1165312K)], 0.4622862 secs] [Times: user=0.46 sys=0.00, real=0.46 secs] 
2020-03-19T15:01:40.336+0800: 21303.960: [Full GC (Metadata GC Threshold) 2020-03-19T15:01:40.336+0800: 21303.960: [CMS: 123135K->123135K(237276K), 0.5366382 secs] 123141K->123135K(414236K), [Metaspace: 121210K->121210K(1165312K)], 0.5371112 secs] [Times: user=0.50 sys=0.00, real=0.54 secs] 
2020-03-19T15:01:40.873+0800: 21304.498: [Full GC (Last ditch collection) 2020-03-19T15:01:40.873+0800: 21304.498: [CMS: 123135K->123135K(237276K), 0.4581432 secs] 123135K->123135K(414236K), [Metaspace: 121210K->121210K(1165312K)], 0.4585904 secs] [Times: user=0.46 sys=0.00, real=0.46 secs] 
2020-03-19T15:01:41.335+0800: 21304.959: [Full GC (Metadata GC Threshold) 2020-03-19T15:01:41.335+0800: 21304.959: [CMS: 123135K->123135K(237276K), 0.4858199 secs] 123143K->123135K(414236K), [Metaspace: 121210K->121210K(1165312K)], 0.4862080 secs] [Times: user=0.48 sys=0.00, real=0.49 secs] 
2020-03-19T15:01:41.821+0800: 21305.446: [Full GC (Last ditch collection) 2020-03-19T15:01:41.821+0800: 21305.446: [CMS: 123135K->123135K(237276K), 0.4745035 secs] 123135K->123135K(414236K), [Metaspace: 121210K->121210K(1165312K)], 0.4748702 secs] [Times: user=0.46 sys=0.00, real=0.47 secs] 
2020-03-19T15:01:42.299+0800: 21305.924: [Full GC (Metadata GC Threshold) 2020-03-19T15:01:42.299+0800: 21305.924: [CMS: 123135K->123137K(237276K), 0.5274193 secs] 123140K->123137K(414236K), [Metaspace: 121210K->121210K(1165312K)], 0.5278451 secs] [Times: user=0.50 sys=0.00, real=0.53 secs] 
2020-03-19T15:01:42.827+0800: 21306.452: [Full GC (Last ditch collection) 2020-03-19T15:01:42.827+0800: 21306.452: [CMS: 123137K->123137K(237276K), 0.5117224 secs] 123137K->123137K(414236K), [Metaspace: 121210K->121210K(1165312K)], 0.5121378 secs] [Times: user=0.50 sys=0.00, real=0.51 secs] 
2020-03-19T15:01:43.342+0800: 21306.967: [Full GC (Metadata GC Threshold) 2020-03-19T15:01:43.342+0800: 21306.967: [CMS: 123137K->123138K(237276K), 0.4806616 secs] 123150K->123138K(414236K), [Metaspace: 121210K->121210K(1165312K)], 0.4810700 secs] [Times: user=0.48 sys=0.00, real=0.48 secs] 
2020-03-19T15:01:43.824+0800: 21307.448: [Full GC (Last ditch collection) 2020-03-19T15:01:43.824+0800: 21307.448: [CMS: 123138K->123138K(237276K), 0.4683412 secs] 123138K->123138K(414236K), [Metaspace: 121210K->121210K(1165312K)], 0.4687131 secs] [Times: user=0.47 sys=0.00, real=0.47 secs] 
2020-03-19T15:01:44.296+0800: 21307.920: [Full GC (Metadata GC Threshold) 2020-03-19T15:01:44.296+0800: 21307.921: [CMS: 123138K->123139K(237276K), 0.5271508 secs] 123157K->123139K(414236K), [Metaspace: 121210K->121210K(1165312K)], 0.5275848 secs] [Times: user=0.53 sys=0.00, real=0.53 secs] 
2020-03-19T15:01:44.824+0800: 21308.448: [Full GC (Last ditch collection) 2020-03-19T15:01:44.824+0800: 21308.448: [CMS: 123139K->123139K(237276K), 0.4706136 secs] 123139K->123139K(414236K), [Metaspace: 121210K->121210K(1165312K)], 0.4709989 secs] [Times: user=0.47 sys=0.00, real=0.47 secs] 
2020-03-19T15:01:45.298+0800: 21308.922: [Full GC (Metadata GC Threshold) 2020-03-19T15:01:45.298+0800: 21308.922: [CMS: 123139K->123139K(237276K), 0.4736388 secs] 123141K->123139K(414236K), [Metaspace: 121210K->121210K(1165312K)], 0.4740835 secs] [Times: user=0.47 sys=0.00, real=0.48 secs] 
2020-03-19T15:01:45.772+0800: 21309.397: [Full GC (Last ditch collection) 2020-03-19T15:01:45.772+0800: 21309.397: [CMS: 123139K->123139K(237276K), 0.5442192 secs] 123139K->123139K(414236K), [Metaspace: 121210K->121210K(1165312K)], 0.5446613 secs] [Times: user=0.51 sys=0.00, real=0.54 secs] 
2020-03-19T15:01:46.335+0800: 21309.960: [Full GC (Metadata GC Threshold) 2020-03-19T15:01:46.336+0800: 21309.960: [CMS: 123139K->123139K(237276K), 0.5140135 secs] 124512K->123139K(414236K), [Metaspace: 121210K->121210K(1165312K)], 0.5144777 secs] [Times: user=0.52 sys=0.00, real=0.52 secs] 
2020-03-19T15:01:46.850+0800: 21310.475: [Full GC (Last ditch collection) 2020-03-19T15:01:46.850+0800: 21310.475: [CMS: 123139K->123136K(237276K), 0.4710082 secs] 123139K->123136K(414236K), [Metaspace: 121210K->121210K(1165312K)], 0.4714731 secs] [Times: user=0.46 sys=0.00, real=0.47 secs] 
2020-03-19T15:01:47.325+0800: 21310.949: [GC (CMS Initial Mark) [1 CMS-initial-mark: 123136K(237276K)] 123142K(414236K), 0.0079953 secs] [Times: user=0.02 sys=0.00, real=0.01 secs] 
2020-03-19T15:01:47.333+0800: 21310.957: [CMS-concurrent-mark-start]
2020-03-19T15:01:47.342+0800: 21310.966: [Full GC (Metadata GC Threshold) 2020-03-19T15:01:47.342+0800: 21310.967: [CMS2020-03-19T15:01:47.535+0800: 21311.160: [CMS-concurrent-mark: 0.195/0.202 secs] [Times: user=0.20 sys=0.00, real=0.20 secs] 
 (concurrent mode failure): 123136K->123137K(237276K), 0.6613680 secs] 123309K->123137K(414236K), [Metaspace: 121210K->121210K(1165312K)], 0.6617974 secs] [Times: user=0.64 sys=0.00, real=0.66 secs] 
2020-03-19T15:01:48.004+0800: 21311.628: [Full GC (Last ditch collection) 2020-03-19T15:01:48.004+0800: 21311.629: [CMS: 123137K->123136K(237276K), 0.5165949 secs] 123137K->123136K(414236K), [Metaspace: 121210K->121210K(1165312K)], 0.5169770 secs] [Times: user=0.50 sys=0.00, real=0.52 secs] 
2020-03-19T15:01:48.524+0800: 21312.148: [Full GC (Metadata GC Threshold) 2020-03-19T15:01:48.524+0800: 21312.149: [CMS: 123136K->123136K(237276K), 0.5082766 secs] 123146K->123136K(414236K), [Metaspace: 121210K->121210K(1165312K)], 0.5086853 secs] [Times: user=0.49 sys=0.00, real=0.51 secs] 
2020-03-19T15:01:49.033+0800: 21312.657: [Full GC (Last ditch collection) 2020-03-19T15:01:49.033+0800: 21312.658: [CMS: 123136K->123136K(237276K), 0.4775778 secs] 123136K->123136K(414236K), [Metaspace: 121210K->121210K(1165312K)], 0.4779826 secs] [Times: user=0.48 sys=0.00, real=0.48 secs] 
2020-03-19T15:01:49.514+0800: 21313.138: [GC (CMS Initial Mark) [1 CMS-initial-mark: 123136K(237276K)] 123140K(414236K), 0.0092264 secs] [Times: user=0.02 sys=0.00, real=0.01 secs] 
2020-03-19T15:01:49.523+0800: 21313.148: [CMS-concurrent-mark-start]
2020-03-19T15:01:49.536+0800: 21313.161: [Full GC (Metadata GC Threshold) 2020-03-19T15:01:49.536+0800: 21313.161: [CMS2020-03-19T15:01:49.717+0800: 21313.341: [CMS-concurrent-mark: 0.183/0.193 secs] [Times: user=0.20 sys=0.00, real=0.19 secs] 
 (concurrent mode failure): 123136K->123138K(237276K), 0.7465605 secs] 123404K->123138K(414236K), [Metaspace: 121210K->121210K(1165312K)], 0.7470254 secs] [Times: user=0.72 sys=0.00, real=0.75 secs] 
2020-03-19T15:01:50.283+0800: 21313.908: [Full GC (Last ditch collection) 2020-03-19T15:01:50.284+0800: 21313.908: [CMS: 123138K->123136K(237276K), 0.4999925 secs] 123138K->123136K(414236K), [Metaspace: 121210K->121210K(1165312K)], 0.5004679 secs] [Times: user=0.48 sys=0.00, real=0.50 secs] 
2020-03-19T15:01:50.787+0800: 21314.412: [Full GC (Metadata GC Threshold) 2020-03-19T15:01:50.788+0800: 21314.412: [CMS: 123136K->123136K(237276K), 0.4797693 secs] 123142K->123136K(414236K), [Metaspace: 121210K->121210K(1165312K)], 0.4802459 secs] [Times: user=0.47 sys=0.00, real=0.48 secs] 
2020-03-19T15:01:51.268+0800: 21314.893: [Full GC (Last ditch collection) 2020-03-19T15:01:51.268+0800: 21314.893: [CMS: 123136K->123136K(237276K), 0.4536731 secs] 123136K->123136K(414236K), [Metaspace: 121210K->121210K(1165312K)], 0.4540932 secs] [Times: user=0.45 sys=0.00, real=0.45 secs] 
2020-03-19T15:01:51.728+0800: 21315.352: [Full GC (Metadata GC Threshold) 2020-03-19T15:01:51.728+0800: 21315.353: [CMS: 123136K->123136K(237276K), 0.4493457 secs] 123151K->123136K(414236K), [Metaspace: 121210K->121210K(1165312K)], 0.4498092 secs] [Times: user=0.45 sys=0.00, real=0.44 secs] 
2020-03-19T15:01:52.178+0800: 21315.802: [Full GC (Last ditch collection) 2020-03-19T15:01:52.178+0800: 21315.803: [CMS: 123136K->123136K(237276K), 0.4961967 secs] 123136K->123136K(414236K), [Metaspace: 121210K->121210K(1165312K)], 0.4965925 secs] [Times: user=0.49 sys=0.00, real=0.50 secs] 
2020-03-19T15:01:52.679+0800: 21316.303: [Full GC (Metadata GC Threshold) 2020-03-19T15:01:52.679+0800: 21316.303: [CMS: 123136K->123138K(237276K), 0.4762779 secs] 123284K->123138K(414236K), [Metaspace: 121210K->121210K(1165312K)], 0.4767260 secs] [Times: user=0.47 sys=0.00, real=0.47 secs] 
2020-03-19T15:01:53.156+0800: 21316.780: [Full GC (Last ditch collection) 2020-03-19T15:01:53.156+0800: 21316.780: [CMS: 123138K->123136K(237276K), 0.4935262 secs] 123138K->123136K(414236K), [Metaspace: 121210K->121210K(1165312K)], 0.4939171 secs] [Times: user=0.48 sys=0.00, real=0.50 secs] 
2020-03-19T15:01:53.652+0800: 21317.277: [GC (CMS Initial Mark) [1 CMS-initial-mark: 123136K(237276K)] 123142K(414236K), 0.0086327 secs] [Times: user=0.02 sys=0.00, real=0.01 secs] 
2020-03-19T15:01:53.661+0800: 21317.286: [CMS-concurrent-mark-start]
2020-03-19T15:01:53.671+0800: 21317.295: [Full GC (Metadata GC Threshold) 2020-03-19T15:01:53.671+0800: 21317.296: [CMS2020-03-19T15:01:53.843+0800: 21317.468: [CMS-concurrent-mark: 0.175/0.182 secs] [Times: user=0.19 sys=0.00, real=0.18 secs] 
 (concurrent mode failure): 123136K->123138K(237276K), 0.6735425 secs] 123488K->123138K(414236K), [Metaspace: 121210K->121210K(1165312K)], 0.6739852 secs] [Times: user=0.67 sys=0.00, real=0.67 secs] 
2020-03-19T15:01:54.345+0800: 21317.970: [Full GC (Last ditch collection) 2020-03-19T15:01:54.345+0800: 21317.970: [CMS: 123138K->123136K(237276K), 0.4796195 secs] 123138K->123136K(414236K), [Metaspace: 121210K->121210K(1165312K)], 0.4800032 secs] [Times: user=0.48 sys=0.00, real=0.48 secs] 
2020-03-19T15:01:54.828+0800: 21318.452: [Full GC (Metadata GC Threshold) 2020-03-19T15:01:54.828+0800: 21318.453: [CMS: 123136K->123136K(237276K), 0.4627105 secs] 123138K->123136K(414236K), [Metaspace: 121210K->121210K(1165312K)], 0.4631172 secs] [Times: user=0.46 sys=0.00, real=0.46 secs] 
2020-03-19T15:01:55.291+0800: 21318.916: [Full GC (Last ditch collection) 2020-03-19T15:01:55.291+0800: 21318.916: [CMS: 123136K->123136K(237276K), 0.4885325 secs] 123136K->123136K(414236K), [Metaspace: 121210K->121210K(1165312K)], 0.4889160 secs] [Times: user=0.48 sys=0.00, real=0.49 secs] 
2020-03-19T15:01:55.783+0800: 21319.408: [Full GC (Metadata GC Threshold) 2020-03-19T15:01:55.783+0800: 21319.408: [CMS: 123136K->123136K(237276K), 0.4747223 secs] 123140K->123136K(414236K), [Metaspace: 121210K->121210K(1165312K)], 0.4751153 secs] [Times: user=0.48 sys=0.00, real=0.48 secs] 
2020-03-19T15:01:56.259+0800: 21319.883: [Full GC (Last ditch collection) 2020-03-19T15:01:56.259+0800: 21319.883: [CMS: 123136K->123136K(237276K), 0.5105482 secs] 123136K->123136K(414236K), [Metaspace: 121210K->121210K(1165312K)], 0.5109226 secs] [Times: user=0.48 sys=0.00, real=0.51 secs] 
2020-03-19T15:01:56.772+0800: 21320.397: [Full GC (Metadata GC Threshold) 2020-03-19T15:01:56.773+0800: 21320.397: [CMS: 123136K->123136K(237276K), 0.4927998 secs] 123140K->123136K(414236K), [Metaspace: 121210K->121210K(1165312K)], 0.4932224 secs] [Times: user=0.49 sys=0.00, real=0.49 secs] 
2020-03-19T15:01:57.266+0800: 21320.891: [Full GC (Last ditch collection) 2020-03-19T15:01:57.266+0800: 21320.891: [CMS: 123136K->123136K(237276K), 0.4976382 secs] 123136K->123136K(414236K), [Metaspace: 121210K->121210K(1165312K)], 0.4981440 secs] [Times: user=0.49 sys=0.00, real=0.50 secs] 
2020-03-19T15:01:57.770+0800: 21321.395: [Full GC (Metadata GC Threshold) 2020-03-19T15:01:57.770+0800: 21321.395: [CMS: 123136K->123138K(237276K), 0.5433800 secs] 123506K->123138K(414236K), [Metaspace: 121210K->121210K(1165312K)], 0.5439246 secs] [Times: user=0.53 sys=0.00, real=0.54 secs] 
2020-03-19T15:01:58.314+0800: 21321.939: [Full GC (Last ditch collection) 2020-03-19T15:01:58.315+0800: 21321.939: [CMS: 123138K->123137K(237276K), 0.4845583 secs] 123138K->123137K(414236K), [Metaspace: 121210K->121210K(1165312K)], 0.4849647 secs] [Times: user=0.47 sys=0.00, real=0.49 secs] 
2020-03-19T15:01:58.802+0800: 21322.427: [Full GC (Metadata GC Threshold) 2020-03-19T15:01:58.803+0800: 21322.427: [CMS: 123137K->123137K(237276K), 0.4733560 secs] 123143K->123137K(414236K), [Metaspace: 121210K->121210K(1165312K)], 0.4737594 secs] [Times: user=0.48 sys=0.00, real=0.47 secs] 
2020-03-19T15:01:59.276+0800: 21322.901: [Full GC (Last ditch collection) 2020-03-19T15:01:59.277+0800: 21322.901: [CMS: 123137K->123137K(237276K), 0.4902072 secs] 123137K->123137K(414236K), [Metaspace: 121210K->121210K(1165312K)], 0.4906691 secs] [Times: user=0.48 sys=0.00, real=0.50 secs] 
2020-03-19T15:01:59.778+0800: 21323.403: [GC (CMS Initial Mark) [1 CMS-initial-mark: 123137K(237276K)] 123495K(414236K), 0.0101889 secs] [Times: user=0.01 sys=0.00, real=0.01 secs] 
2020-03-19T15:01:59.789+0800: 21323.413: [CMS-concurrent-mark-start]
2020-03-19T15:01:59.792+0800: 21323.416: [Full GC (Metadata GC Threshold) 2020-03-19T15:01:59.792+0800: 21323.416: [CMS2020-03-19T15:01:59.971+0800: 21323.596: [CMS-concurrent-mark: 0.175/0.182 secs] [Times: user=0.18 sys=0.00, real=0.18 secs] 
 (concurrent mode failure): 123137K->123138K(237276K), 0.7277390 secs] 123495K->123138K(414236K), [Metaspace: 121210K->121210K(1165312K)], 0.7281292 secs] [Times: user=0.68 sys=0.00, real=0.73 secs] 
2020-03-19T15:02:00.520+0800: 21324.145: [Full GC (Last ditch collection) 2020-03-19T15:02:00.520+0800: 21324.145: [CMS: 123138K->123137K(237276K), 0.4960668 secs] 123138K->123137K(414236K), [Metaspace: 121210K->121210K(1165312K)], 0.4965118 secs] [Times: user=0.48 sys=0.00, real=0.49 secs] 
2020-03-19T15:02:01.020+0800: 21324.645: [Full GC (Metadata GC Threshold) 2020-03-19T15:02:01.020+0800: 21324.645: [CMS: 123137K->123137K(237276K), 0.6403272 secs] 123149K->123137K(414236K), [Metaspace: 121210K->121210K(1165312K)], 0.6407625 secs] [Times: user=0.53 sys=0.00, real=0.64 secs] 
2020-03-19T15:02:01.661+0800: 21325.286: [Full GC (Last ditch collection) 2020-03-19T15:02:01.661+0800: 21325.286: [CMS: 123137K->123137K(237276K), 0.4572114 secs] 123137K->123137K(414236K), [Metaspace: 121210K->121210K(1165312K)], 0.4575630 secs] [Times: user=0.45 sys=0.00, real=0.46 secs] 
2020-03-19T15:02:02.122+0800: 21325.746: [Full GC (Metadata GC Threshold) 2020-03-19T15:02:02.122+0800: 21325.746: [CMS: 123137K->123137K(237276K), 0.4819972 secs] 123137K->123137K(414236K), [Metaspace: 121210K->121210K(1165312K)], 0.4823942 secs] [Times: user=0.47 sys=0.00, real=0.48 secs] 
2020-03-19T15:02:02.604+0800: 21326.229: [Full GC (Last ditch collection) 2020-03-19T15:02:02.604+0800: 21326.229: [CMS: 123137K->123137K(237276K), 0.4675437 secs] 123137K->123137K(414236K), [Metaspace: 121210K->121210K(1165312K)], 0.4679016 secs] [Times: user=0.47 sys=0.00, real=0.47 secs] 
2020-03-19T15:02:03.075+0800: 21326.700: [Full GC (Metadata GC Threshold) 2020-03-19T15:02:03.075+0800: 21326.700: [CMS: 123137K->123137K(237276K), 0.4907805 secs] 123145K->123137K(414236K), [Metaspace: 121210K->121210K(1165312K)], 0.4911972 secs] [Times: user=0.49 sys=0.00, real=0.50 secs] 
2020-03-19T15:02:03.567+0800: 21327.191: [Full GC (Last ditch collection) 2020-03-19T15:02:03.567+0800: 21327.191: [CMS: 123137K->123137K(237276K), 0.4508176 secs] 123137K->123137K(414236K), [Metaspace: 121210K->121210K(1165312K)], 0.4512134 secs] [Times: user=0.45 sys=0.00, real=0.44 secs] 
2020-03-19T15:02:04.021+0800: 21327.645: [GC (CMS Initial Mark) [1 CMS-initial-mark: 123137K(237276K)] 123143K(414236K), 0.0087082 secs] [Times: user=0.02 sys=0.00, real=0.01 secs] 
2020-03-19T15:02:04.030+0800: 21327.654: [CMS-concurrent-mark-start]
2020-03-19T15:02:04.044+0800: 21327.668: [Full GC (Metadata GC Threshold) 2020-03-19T15:02:04.044+0800: 21327.669: [CMS2020-03-19T15:02:04.234+0800: 21327.858: [CMS-concurrent-mark: 0.196/0.204 secs] [Times: user=0.20 sys=0.00, real=0.20 secs] 
 (concurrent mode failure): 123137K->123138K(237276K), 0.6933038 secs] 123563K->123138K(414236K), [Metaspace: 121210K->121210K(1165312K)], 0.6937362 secs] [Times: user=0.69 sys=0.00, real=0.69 secs] 
2020-03-19T15:02:04.738+0800: 21328.363: [Full GC (Last ditch collection) 2020-03-19T15:02:04.738+0800: 21328.363: [CMS: 123138K->123137K(237276K), 0.5464749 secs] 123138K->123137K(414236K), [Metaspace: 121210K->121210K(1165312K)], 0.5469888 secs] [Times: user=0.52 sys=0.00, real=0.55 secs] 
2020-03-19T15:02:05.289+0800: 21328.914: [Full GC (Metadata GC Threshold) 2020-03-19T15:02:05.290+0800: 21328.914: [CMS: 123137K->123137K(237276K), 0.4824888 secs] 123166K->123137K(414236K), [Metaspace: 121210K->121210K(1165312K)], 0.4829741 secs] [Times: user=0.48 sys=0.00, real=0.48 secs] 
2020-03-19T15:02:05.773+0800: 21329.397: [Full GC (Last ditch collection) 2020-03-19T15:02:05.773+0800: 21329.397: [CMS: 123137K->123137K(237276K), 0.4699940 secs] 123137K->123137K(414236K), [Metaspace: 121210K->121210K(1165312K)], 0.4704342 secs] [Times: user=0.47 sys=0.00, real=0.47 secs] 
2020-03-19T15:02:06.246+0800: 21329.871: [Full GC (Metadata GC Threshold) 2020-03-19T15:02:06.246+0800: 21329.871: [CMS: 123137K->123139K(237276K), 0.4886149 secs] 123141K->123139K(414236K), [Metaspace: 121210K->121210K(1165312K)], 0.4890205 secs] [Times: user=0.49 sys=0.00, real=0.48 secs] 
2020-03-19T15:02:06.735+0800: 21330.360: [Full GC (Last ditch collection) 2020-03-19T15:02:06.736+0800: 21330.360: [CMS: 123139K->123139K(237276K), 0.4692219 secs] 123139K->123139K(414236K), [Metaspace: 121210K->121210K(1165312K)], 0.4696420 secs] [Times: user=0.47 sys=0.00, real=0.47 secs] 
2020-03-19T15:02:07.208+0800: 21330.832: [Full GC (Metadata GC Threshold) 2020-03-19T15:02:07.208+0800: 21330.833: [CMS: 123139K->123139K(237276K), 0.4573999 secs] 123139K->123139K(414236K), [Metaspace: 121210K->121210K(1165312K)], 0.4578054 secs] [Times: user=0.46 sys=0.00, real=0.45 secs] 
2020-03-19T15:02:07.666+0800: 21331.291: [Full GC (Last ditch collection) 2020-03-19T15:02:07.666+0800: 21331.291: [CMS: 123139K->123139K(237276K), 0.4590663 secs] 123139K->123139K(414236K), [Metaspace: 121210K->121210K(1165312K)], 0.4594594 secs] [Times: user=0.46 sys=0.00, real=0.46 secs] 
2020-03-19T15:02:08.128+0800: 21331.753: [Full GC (Metadata GC Threshold) 2020-03-19T15:02:08.129+0800: 21331.753: [CMS: 123139K->123139K(237276K), 0.5156195 secs] 123145K->123139K(414236K), [Metaspace: 121210K->121210K(1165312K)], 0.5160399 secs] [Times: user=0.50 sys=0.00, real=0.51 secs] 
2020-03-19T15:02:08.645+0800: 21332.269: [Full GC (Last ditch collection) 2020-03-19T15:02:08.645+0800: 21332.270: [CMS: 123139K->123139K(237276K), 0.4869453 secs] 123139K->123139K(414236K), [Metaspace: 121210K->121210K(1165312K)], 0.4873811 secs] [Times: user=0.48 sys=0.00, real=0.49 secs] 
2020-03-19T15:02:09.135+0800: 21332.760: [Full GC (Metadata GC Threshold) 2020-03-19T15:02:09.135+0800: 21332.760: [CMS: 123139K->123139K(237276K), 0.4633607 secs] 123143K->123139K(414236K), [Metaspace: 121210K->121210K(1165312K)], 0.4637866 secs] [Times: user=0.46 sys=0.00, real=0.47 secs] 
2020-03-19T15:02:09.599+0800: 21333.224: [Full GC (Last ditch collection) 2020-03-19T15:02:09.600+0800: 21333.224: [CMS: 123139K->123139K(237276K), 0.4539081 secs] 123139K->123139K(414236K), [Metaspace: 121210K->121210K(1165312K)], 0.4543079 secs] [Times: user=0.45 sys=0.00, real=0.45 secs] 
2020-03-19T15:02:10.057+0800: 21333.681: [Full GC (Metadata GC Threshold) 2020-03-19T15:02:10.057+0800: 21333.681: [CMS: 123139K->123139K(237276K), 0.4866039 secs] 123145K->123139K(414236K), [Metaspace: 121210K->121210K(1165312K)], 0.4870536 secs] [Times: user=0.49 sys=0.00, real=0.49 secs] 
2020-03-19T15:02:10.544+0800: 21334.169: [Full GC (Last ditch collection) 2020-03-19T15:02:10.544+0800: 21334.169: [CMS: 123139K->123139K(237276K), 0.4986192 secs] 123139K->123139K(414236K), [Metaspace: 121210K->121210K(1165312K)], 0.4990747 secs] [Times: user=0.50 sys=0.00, real=0.50 secs] 
2020-03-19T15:02:11.046+0800: 21334.671: [Full GC (Metadata GC Threshold) 2020-03-19T15:02:11.046+0800: 21334.671: [CMS: 123139K->123140K(237276K), 0.4553380 secs] 123142K->123140K(414236K), [Metaspace: 121210K->121210K(1165312K)], 0.4557424 secs] [Times: user=0.45 sys=0.00, real=0.45 secs] 
2020-03-19T15:02:11.502+0800: 21335.127: [Full GC (Last ditch collection) 2020-03-19T15:02:11.502+0800: 21335.127: [CMS: 123140K->123140K(237276K), 0.4550010 secs] 123140K->123140K(414236K), [Metaspace: 121210K->121210K(1165312K)], 0.4553865 secs] [Times: user=0.46 sys=0.00, real=0.45 secs] 
2020-03-19T15:02:11.961+0800: 21335.585: [Full GC (Metadata GC Threshold) 2020-03-19T15:02:11.961+0800: 21335.585: [CMS: 123140K->123142K(237276K), 0.5031310 secs] 123149K->123142K(414236K), [Metaspace: 121210K->121210K(1165312K)], 0.5035952 secs] [Times: user=0.49 sys=0.00, real=0.50 secs] 
2020-03-19T15:02:12.464+0800: 21336.089: [Full GC (Last ditch collection) 2020-03-19T15:02:12.465+0800: 21336.089: [CMS: 123142K->123142K(237276K), 0.5284124 secs] 123142K->123142K(414236K), [Metaspace: 121210K->121210K(1165312K)], 0.5289136 secs] [Times: user=0.52 sys=0.00, real=0.53 secs] 
2020-03-19T15:02:13.013+0800: 21336.638: [Full GC (Metadata GC Threshold) 2020-03-19T15:02:13.013+0800: 21336.638: [CMS: 123142K->123143K(237276K), 0.5323390 secs] 123967K->123143K(414236K), [Metaspace: 121210K->121210K(1165312K)], 0.5328420 secs] [Times: user=0.49 sys=0.00, real=0.53 secs] 
2020-03-19T15:02:13.546+0800: 21337.171: [Full GC (Last ditch collection) 2020-03-19T15:02:13.546+0800: 21337.171: [CMS: 123143K->123141K(237276K), 0.4557038 secs] 123143K->123141K(414236K), [Metaspace: 121210K->121210K(1165312K)], 0.4560952 secs] [Times: user=0.45 sys=0.00, real=0.45 secs] 
2020-03-19T15:02:14.006+0800: 21337.630: [GC (CMS Initial Mark) [1 CMS-initial-mark: 123141K(237276K)] 123145K(414236K), 0.0081397 secs] [Times: user=0.02 sys=0.00, real=0.01 secs] 
2020-03-19T15:02:14.014+0800: 21337.639: [CMS-concurrent-mark-start]
2020-03-19T15:02:14.019+0800: 21337.643: [Full GC (Metadata GC Threshold) 2020-03-19T15:02:14.019+0800: 21337.643: [CMS2020-03-19T15:02:14.214+0800: 21337.838: [CMS-concurrent-mark: 0.192/0.200 secs] [Times: user=0.20 sys=0.00, real=0.20 secs] 
 (concurrent mode failure): 123141K->123141K(237276K), 0.7084452 secs] 123165K->123141K(414236K), [Metaspace: 121210K->121210K(1165312K)], 0.7090457 secs] [Times: user=0.69 sys=0.00, real=0.71 secs] 
2020-03-19T15:02:14.728+0800: 21338.352: [Full GC (Last ditch collection) 2020-03-19T15:02:14.728+0800: 21338.353: [CMS: 123141K->123141K(237276K), 0.4819986 secs] 123141K->123141K(414236K), [Metaspace: 121210K->121210K(1165312K)], 0.4824332 secs] [Times: user=0.47 sys=0.00, real=0.48 secs] 
2020-03-19T15:02:15.213+0800: 21338.838: [Full GC (Metadata GC Threshold) 2020-03-19T15:02:15.213+0800: 21338.838: [CMS: 123141K->123141K(237276K), 0.4760531 secs] 123158K->123141K(414236K), [Metaspace: 121210K->121210K(1165312K)], 0.4764582 secs] [Times: user=0.48 sys=0.00, real=0.48 secs] 
2020-03-19T15:02:15.690+0800: 21339.315: [Full GC (Last ditch collection) 2020-03-19T15:02:15.690+0800: 21339.315: [CMS: 123141K->123141K(237276K), 0.5262512 secs] 123141K->123141K(414236K), [Metaspace: 121210K->121210K(1165312K)], 0.5266645 secs] [Times: user=0.50 sys=0.00, real=0.52 secs] 
2020-03-19T15:02:16.220+0800: 21339.844: [Full GC (Metadata GC Threshold) 2020-03-19T15:02:16.220+0800: 21339.844: [CMS: 123141K->123141K(237276K), 0.5101859 secs] 123151K->123141K(414236K), [Metaspace: 121210K->121210K(1165312K)], 0.5106243 secs] [Times: user=0.50 sys=0.00, real=0.51 secs] 
2020-03-19T15:02:16.731+0800: 21340.355: [Full GC (Last ditch collection) 2020-03-19T15:02:16.731+0800: 21340.355: [CMS: 123141K->123141K(237276K), 0.4687320 secs] 123141K->123141K(414236K), [Metaspace: 121210K->121210K(1165312K)], 0.4691716 secs] [Times: user=0.47 sys=0.00, real=0.47 secs] 
2020-03-19T15:02:17.203+0800: 21340.827: [Full GC (Metadata GC Threshold) 2020-03-19T15:02:17.203+0800: 21340.827: [CMS: 123141K->123141K(237276K), 0.4875889 secs] 123145K->123141K(414236K), [Metaspace: 121210K->121210K(1165312K)], 0.4880078 secs] [Times: user=0.48 sys=0.00, real=0.49 secs] 
2020-03-19T15:02:17.691+0800: 21341.315: [Full GC (Last ditch collection) 2020-03-19T15:02:17.691+0800: 21341.316: [CMS: 123141K->123141K(237276K), 0.4557267 secs] 123141K->123141K(414236K), [Metaspace: 121210K->121210K(1165312K)], 0.4561329 secs] [Times: user=0.46 sys=0.00, real=0.46 secs] 
2020-03-19T15:02:18.150+0800: 21341.774: [Full GC (Metadata GC Threshold) 2020-03-19T15:02:18.150+0800: 21341.774: [CMS: 123141K->123141K(237276K), 0.5412980 secs] 123145K->123141K(414236K), [Metaspace: 121210K->121210K(1165312K)], 0.5417234 secs] [Times: user=0.50 sys=0.00, real=0.54 secs] 
2020-03-19T15:02:18.692+0800: 21342.316: [Full GC (Last ditch collection) 2020-03-19T15:02:18.692+0800: 21342.317: [CMS: 123141K->123141K(237276K), 0.4750503 secs] 123141K->123141K(414236K), [Metaspace: 121210K->121210K(1165312K)], 0.4754941 secs] [Times: user=0.47 sys=0.00, real=0.48 secs] 
2020-03-19T15:02:19.170+0800: 21342.795: [Full GC (Metadata GC Threshold) 2020-03-19T15:02:19.170+0800: 21342.795: [CMS: 123141K->123142K(237276K), 0.5407157 secs] 123143K->123142K(414236K), [Metaspace: 121210K->121210K(1165312K)], 0.5411594 secs] [Times: user=0.52 sys=0.00, real=0.54 secs] 
2020-03-19T15:02:19.712+0800: 21343.336: [Full GC (Last ditch collection) 2020-03-19T15:02:19.712+0800: 21343.336: [CMS: 123142K->123142K(237276K), 0.7209565 secs] 123142K->123142K(414236K), [Metaspace: 121210K->121210K(1165312K)], 0.7214070 secs] [Times: user=0.58 sys=0.00, real=0.72 secs] 
2020-03-19T15:02:20.449+0800: 21344.074: [GC (CMS Initial Mark) [1 CMS-initial-mark: 123142K(237276K)] 123803K(414236K), 0.0183894 secs] [Times: user=0.02 sys=0.00, real=0.02 secs] 
2020-03-19T15:02:20.468+0800: 21344.093: [CMS-concurrent-mark-start]
2020-03-19T15:02:20.476+0800: 21344.101: [Full GC (Metadata GC Threshold) 2020-03-19T15:02:20.476+0800: 21344.101: [CMS2020-03-19T15:02:20.816+0800: 21344.441: [CMS-concurrent-mark: 0.330/0.348 secs] [Times: user=0.25 sys=0.00, real=0.34 secs] 
 (concurrent mode failure): 123142K->123153K(237276K), 0.7953745 secs] 123803K->123153K(414236K), [Metaspace: 121210K->121210K(1165312K)], 0.7958289 secs] [Times: user=0.70 sys=0.00, real=0.80 secs] 
2020-03-19T15:02:21.272+0800: 21344.897: [Full GC (Last ditch collection) 2020-03-19T15:02:21.272+0800: 21344.897: [CMS: 123153K->123151K(237276K), 0.4652159 secs] 123153K->123151K(414236K), [Metaspace: 121210K->121210K(1165312K)], 0.4655804 secs] [Times: user=0.46 sys=0.00, real=0.46 secs] 
2020-03-19T15:02:21.741+0800: 21345.365: [Full GC (Metadata GC Threshold) 2020-03-19T15:02:21.741+0800: 21345.365: [CMS: 123151K->123153K(237276K), 0.4425444 secs] 123161K->123153K(414236K), [Metaspace: 121210K->121210K(1165312K)], 0.4429355 secs] [Times: user=0.45 sys=0.00, real=0.44 secs] 
2020-03-19T15:02:22.184+0800: 21345.808: [Full GC (Last ditch collection) 2020-03-19T15:02:22.184+0800: 21345.808: [CMS: 123153K->123153K(237276K), 0.4825922 secs] 123153K->123153K(414236K), [Metaspace: 121210K->121210K(1165312K)], 0.4829914 secs] [Times: user=0.48 sys=0.00, real=0.49 secs] 
2020-03-19T15:02:22.670+0800: 21346.294: [Full GC (Metadata GC Threshold) 2020-03-19T15:02:22.670+0800: 21346.294: [CMS: 123153K->123153K(237276K), 0.4773336 secs] 123155K->123153K(414236K), [Metaspace: 121210K->121210K(1165312K)], 0.4777365 secs] [Times: user=0.48 sys=0.00, real=0.48 secs] 
2020-03-19T15:02:23.148+0800: 21346.772: [Full GC (Last ditch collection) 2020-03-19T15:02:23.148+0800: 21346.772: [CMS: 123153K->123153K(237276K), 0.4875921 secs] 123153K->123153K(414236K), [Metaspace: 121210K->121210K(1165312K)], 0.4879507 secs] [Times: user=0.48 sys=0.00, real=0.48 secs] 
2020-03-19T15:02:23.638+0800: 21347.263: [Full GC (Metadata GC Threshold) 2020-03-19T15:02:23.639+0800: 21347.263: [CMS: 123153K->123153K(237276K), 0.4512247 secs] 123157K->123153K(414236K), [Metaspace: 121210K->121210K(1165312K)], 0.4516331 secs] [Times: user=0.46 sys=0.00, real=0.45 secs] 
2020-03-19T15:02:24.090+0800: 21347.715: [Full GC (Last ditch collection) 2020-03-19T15:02:24.091+0800: 21347.715: [CMS: 123153K->123153K(237276K), 0.4936437 secs] 123153K->123153K(414236K), [Metaspace: 121210K->121210K(1165312K)], 0.4940604 secs] [Times: user=0.48 sys=0.00, real=0.49 secs] 
2020-03-19T15:02:24.588+0800: 21348.213: [Full GC (Metadata GC Threshold) 2020-03-19T15:02:24.589+0800: 21348.213: [CMS: 123153K->123154K(237276K), 0.4665816 secs] 123346K->123154K(414236K), [Metaspace: 121210K->121210K(1165312K)], 0.4670481 secs] [Times: user=0.47 sys=0.00, real=0.46 secs] 
2020-03-19T15:02:25.056+0800: 21348.680: [Full GC (Last ditch collection) 2020-03-19T15:02:25.056+0800: 21348.681: [CMS: 123154K->123153K(237276K), 0.4786985 secs] 123154K->123153K(414236K), [Metaspace: 121210K->121210K(1165312K)], 0.4791808 secs] [Times: user=0.48 sys=0.00, real=0.48 secs] 
2020-03-19T15:02:25.538+0800: 21349.163: [Full GC (Metadata GC Threshold) 2020-03-19T15:02:25.538+0800: 21349.163: [CMS: 123153K->123153K(237276K), 0.4895256 secs] 123155K->123153K(414236K), [Metaspace: 121210K->121210K(1165312K)], 0.4899346 secs] [Times: user=0.49 sys=0.00, real=0.49 secs] 
2020-03-19T15:02:26.028+0800: 21349.653: [Full GC (Last ditch collection) 2020-03-19T15:02:26.029+0800: 21349.653: [CMS: 123153K->123153K(237276K), 0.4745531 secs] 123153K->123153K(414236K), [Metaspace: 121210K->121210K(1165312K)], 0.4749363 secs] [Times: user=0.47 sys=0.00, real=0.47 secs] 
2020-03-19T15:02:26.506+0800: 21350.131: [Full GC (Metadata GC Threshold) 2020-03-19T15:02:26.506+0800: 21350.131: [CMS: 123153K->123153K(237276K), 0.5111745 secs] 123157K->123153K(414236K), [Metaspace: 121210K->121210K(1165312K)], 0.5115641 secs] [Times: user=0.50 sys=0.00, real=0.50 secs] 
2020-03-19T15:02:27.018+0800: 21350.643: [Full GC (Last ditch collection) 2020-03-19T15:02:27.018+0800: 21350.643: [CMS: 123153K->123153K(237276K), 0.4832627 secs] 123153K->123153K(414236K), [Metaspace: 121210K->121210K(1165312K)], 0.4836401 secs] [Times: user=0.48 sys=0.00, real=0.48 secs] 
2020-03-19T15:02:27.505+0800: 21351.129: [Full GC (Metadata GC Threshold) 2020-03-19T15:02:27.505+0800: 21351.129: [CMS: 123153K->123153K(237276K), 0.5682751 secs] 123157K->123153K(414236K), [Metaspace: 121210K->121210K(1165312K)], 0.5687198 secs] [Times: user=0.54 sys=0.00, real=0.57 secs] 
2020-03-19T15:02:28.074+0800: 21351.698: [Full GC (Last ditch collection) 2020-03-19T15:02:28.074+0800: 21351.698: [CMS: 123153K->123153K(237276K), 0.4849817 secs] 123153K->123153K(414236K), [Metaspace: 121210K->121210K(1165312K)], 0.4854178 secs] [Times: user=0.48 sys=0.00, real=0.49 secs] 
2020-03-19T15:02:28.563+0800: 21352.187: [Full GC (Metadata GC Threshold) 2020-03-19T15:02:28.563+0800: 21352.187: [CMS: 123153K->123153K(237276K), 0.4878451 secs] 123220K->123153K(414236K), [Metaspace: 121210K->121210K(1165312K)], 0.4883597 secs] [Times: user=0.47 sys=0.00, real=0.49 secs] 
2020-03-19T15:02:29.051+0800: 21352.676: [Full GC (Last ditch collection) 2020-03-19T15:02:29.051+0800: 21352.676: [CMS: 123153K->123153K(237276K), 0.4752460 secs] 123153K->123153K(414236K), [Metaspace: 121210K->121210K(1165312K)], 0.4756785 secs] [Times: user=0.47 sys=0.00, real=0.48 secs] 
2020-03-19T15:02:29.530+0800: 21353.154: [Full GC (Metadata GC Threshold) 2020-03-19T15:02:29.530+0800: 21353.154: [CMS: 123153K->123153K(237276K), 0.4574186 secs] 123153K->123153K(414236K), [Metaspace: 121210K->121210K(1165312K)], 0.4578039 secs] [Times: user=0.46 sys=0.00, real=0.46 secs] 
2020-03-19T15:02:29.988+0800: 21353.612: [Full GC (Last ditch collection) 2020-03-19T15:02:29.988+0800: 21353.612: [CMS: 123153K->123153K(237276K), 0.4814508 secs] 123153K->123153K(414236K), [Metaspace: 121210K->121210K(1165312K)], 0.4818552 secs] [Times: user=0.47 sys=0.00, real=0.48 secs] 
2020-03-19T15:02:30.473+0800: 21354.098: [Full GC (Metadata GC Threshold) 2020-03-19T15:02:30.474+0800: 21354.098: [CMS: 123153K->123153K(237276K), 0.5267916 secs] 123153K->123153K(414236K), [Metaspace: 121210K->121210K(1165312K)], 0.5272384 secs] [Times: user=0.50 sys=0.00, real=0.53 secs] 
2020-03-19T15:02:31.001+0800: 21354.625: [Full GC (Last ditch collection) 2020-03-19T15:02:31.001+0800: 21354.625: [CMS: 123153K->123153K(237276K), 0.5601751 secs] 123153K->123153K(414236K), [Metaspace: 121210K->121210K(1165312K)], 0.5605238 secs] [Times: user=0.52 sys=0.00, real=0.56 secs] 
2020-03-19T15:02:31.564+0800: 21355.189: [Full GC (Metadata GC Threshold) 2020-03-19T15:02:31.564+0800: 21355.189: [CMS: 123153K->123153K(237276K), 0.4436349 secs] 123157K->123153K(414236K), [Metaspace: 121210K->121210K(1165312K)], 0.4440365 secs] [Times: user=0.44 sys=0.00, real=0.45 secs] 
2020-03-19T15:02:32.008+0800: 21355.633: [Full GC (Last ditch collection) 2020-03-19T15:02:32.009+0800: 21355.633: [CMS: 123153K->123153K(237276K), 0.4698877 secs] 123153K->123153K(414236K), [Metaspace: 121210K->121210K(1165312K)], 0.4703016 secs] [Times: user=0.47 sys=0.00, real=0.47 secs] 
2020-03-19T15:02:32.482+0800: 21356.107: [Full GC (Metadata GC Threshold) 2020-03-19T15:02:32.482+0800: 21356.107: [CMS: 123153K->123153K(237276K), 0.4787750 secs] 123153K->123153K(414236K), [Metaspace: 121210K->121210K(1165312K)], 0.4791950 secs] [Times: user=0.47 sys=0.00, real=0.48 secs] 
2020-03-19T15:02:32.961+0800: 21356.586: [Full GC (Last ditch collection) 2020-03-19T15:02:32.962+0800: 21356.586: [CMS: 123153K->123153K(237276K), 0.4979142 secs] 123153K->123153K(414236K), [Metaspace: 121210K->121210K(1165312K)], 0.4983096 secs] [Times: user=0.49 sys=0.00, real=0.50 secs] 
2020-03-19T15:02:33.462+0800: 21357.087: [Full GC (Metadata GC Threshold) 2020-03-19T15:02:33.463+0800: 21357.087: [CMS: 123153K->123153K(237276K), 0.4543077 secs] 123153K->123153K(414236K), [Metaspace: 121210K->121210K(1165312K)], 0.4547598 secs] [Times: user=0.45 sys=0.00, real=0.46 secs] 
2020-03-19T15:02:33.919+0800: 21357.544: [Full GC (Last ditch collection) 2020-03-19T15:02:33.919+0800: 21357.544: [CMS: 123153K->123153K(237276K), 0.4886763 secs] 123153K->123153K(414236K), [Metaspace: 121210K->121210K(1165312K)], 0.4890685 secs] [Times: user=0.48 sys=0.00, real=0.49 secs] 
2020-03-19T15:02:34.411+0800: 21358.036: [Full GC (Metadata GC Threshold) 2020-03-19T15:02:34.411+0800: 21358.036: [CMS: 123153K->123153K(237276K), 0.5110268 secs] 123155K->123153K(414236K), [Metaspace: 121210K->121210K(1165312K)], 0.5114816 secs] [Times: user=0.50 sys=0.00, real=0.51 secs] 
2020-03-19T15:02:34.923+0800: 21358.548: [Full GC (Last ditch collection) 2020-03-19T15:02:34.923+0800: 21358.548: [CMS: 123153K->123153K(237276K), 0.5380769 secs] 123153K->123153K(414236K), [Metaspace: 121210K->121210K(1165312K)], 0.5385078 secs] [Times: user=0.52 sys=0.00, real=0.54 secs] 
2020-03-19T15:02:35.464+0800: 21359.089: [Full GC (Metadata GC Threshold) 2020-03-19T15:02:35.465+0800: 21359.089: [CMS: 123153K->123153K(237276K), 0.4792206 secs] 123155K->123153K(414236K), [Metaspace: 121210K->121210K(1165312K)], 0.4796442 secs] [Times: user=0.47 sys=0.00, real=0.48 secs] 
2020-03-19T15:02:35.944+0800: 21359.569: [Full GC (Last ditch collection) 2020-03-19T15:02:35.945+0800: 21359.569: [CMS: 123153K->123153K(237276K), 0.4880948 secs] 123153K->123153K(414236K), [Metaspace: 121210K->121210K(1165312K)], 0.4884833 secs] [Times: user=0.47 sys=0.00, real=0.49 secs] 
2020-03-19T15:02:36.436+0800: 21360.061: [Full GC (Metadata GC Threshold) 2020-03-19T15:02:36.436+0800: 21360.061: [CMS: 123153K->123153K(237276K), 0.4953128 secs] 123153K->123153K(414236K), [Metaspace: 121210K->121210K(1165312K)], 0.4957368 secs] [Times: user=0.48 sys=0.00, real=0.50 secs] 
2020-03-19T15:02:36.932+0800: 21360.557: [Full GC (Last ditch collection) 2020-03-19T15:02:36.932+0800: 21360.557: [CMS: 123153K->123153K(237276K), 0.4708891 secs] 123153K->123153K(414236K), [Metaspace: 121210K->121210K(1165312K)], 0.4712421 secs] [Times: user=0.47 sys=0.00, real=0.47 secs] 
2020-03-19T15:02:37.407+0800: 21361.031: [Full GC (Metadata GC Threshold) 2020-03-19T15:02:37.407+0800: 21361.031: [CMS: 123153K->123153K(237276K), 0.4640851 secs] 123202K->123153K(414236K), [Metaspace: 121210K->121210K(1165312K)], 0.4644756 secs] [Times: user=0.46 sys=0.00, real=0.46 secs] 
2020-03-19T15:02:37.871+0800: 21361.496: [Full GC (Last ditch collection) 2020-03-19T15:02:37.871+0800: 21361.496: [CMS: 123153K->123153K(237276K), 0.4596220 secs] 123153K->123153K(414236K), [Metaspace: 121210K->121210K(1165312K)], 0.4600196 secs] [Times: user=0.46 sys=0.00, real=0.46 secs] 
2020-03-19T15:02:38.341+0800: 21361.966: [Full GC (Metadata GC Threshold) 2020-03-19T15:02:38.342+0800: 21361.966: [CMS: 123153K->123155K(237276K), 0.4954203 secs] 124067K->123155K(414236K), [Metaspace: 121210K->121210K(1165312K)], 0.4958739 secs] [Times: user=0.49 sys=0.00, real=0.49 secs] 
2020-03-19T15:02:38.837+0800: 21362.462: [Full GC (Last ditch collection) 2020-03-19T15:02:38.838+0800: 21362.462: [CMS: 123155K->123153K(237276K), 0.4726596 secs] 123155K->123153K(414236K), [Metaspace: 121210K->121210K(1165312K)], 0.4731116 secs] [Times: user=0.47 sys=0.00, real=0.48 secs] 
2020-03-19T15:02:39.314+0800: 21362.938: [Full GC (Metadata GC Threshold) 2020-03-19T15:02:39.314+0800: 21362.938: [CMS: 123153K->123153K(237276K), 0.4677836 secs] 123157K->123153K(414236K), [Metaspace: 121210K->121210K(1165312K)], 0.4682231 secs] [Times: user=0.46 sys=0.00, real=0.47 secs] 
2020-03-19T15:02:39.782+0800: 21363.407: [Full GC (Last ditch collection) 2020-03-19T15:02:39.782+0800: 21363.407: [CMS: 123153K->123153K(237276K), 0.4469357 secs] 123153K->123153K(414236K), [Metaspace: 121210K->121210K(1165312K)], 0.4474061 secs] [Times: user=0.45 sys=0.00, real=0.45 secs] 
2020-03-19T15:02:40.232+0800: 21363.857: [Full GC (Metadata GC Threshold) 2020-03-19T15:02:40.232+0800: 21363.857: [CMS: 123153K->123153K(237276K), 0.5132338 secs] 123155K->123153K(414236K), [Metaspace: 121210K->121210K(1165312K)], 0.5136476 secs] [Times: user=0.51 sys=0.00, real=0.52 secs] 
2020-03-19T15:02:40.746+0800: 21364.371: [Full GC (Last ditch collection) 2020-03-19T15:02:40.746+0800: 21364.371: [CMS: 123153K->123153K(237276K), 0.4827730 secs] 123153K->123153K(414236K), [Metaspace: 121210K->121210K(1165312K)], 0.4831482 secs] [Times: user=0.48 sys=0.00, real=0.48 secs] 
2020-03-19T15:02:41.232+0800: 21364.857: [Full GC (Metadata GC Threshold) 2020-03-19T15:02:41.232+0800: 21364.857: [CMS: 123153K->123153K(237276K), 0.4843372 secs] 123155K->123153K(414236K), [Metaspace: 121210K->121210K(1165312K)], 0.4847168 secs] [Times: user=0.47 sys=0.00, real=0.48 secs] 
2020-03-19T15:02:41.717+0800: 21365.342: [Full GC (Last ditch collection) 2020-03-19T15:02:41.717+0800: 21365.342: [CMS: 123153K->123153K(237276K), 0.4455416 secs] 123153K->123153K(414236K), [Metaspace: 121210K->121210K(1165312K)], 0.4458908 secs] [Times: user=0.45 sys=0.00, real=0.45 secs] 
2020-03-19T15:02:42.166+0800: 21365.791: [Full GC (Metadata GC Threshold) 2020-03-19T15:02:42.166+0800: 21365.791: [CMS: 123153K->123153K(237276K), 0.5292788 secs] 123157K->123153K(414236K), [Metaspace: 121210K->121210K(1165312K)], 0.5296967 secs] [Times: user=0.53 sys=0.00, real=0.53 secs] 
2020-03-19T15:02:42.696+0800: 21366.321: [Full GC (Last ditch collection) 2020-03-19T15:02:42.696+0800: 21366.321: [CMS: 123153K->123153K(237276K), 0.5380316 secs] 123153K->123153K(414236K), [Metaspace: 121210K->121210K(1165312K)], 0.5384778 secs] [Times: user=0.53 sys=0.00, real=0.54 secs] 
2020-03-19T15:02:43.237+0800: 21366.862: [Full GC (Metadata GC Threshold) 2020-03-19T15:02:43.237+0800: 21366.862: [CMS: 123153K->123153K(237276K), 0.4697528 secs] 123153K->123153K(414236K), [Metaspace: 121210K->121210K(1165312K)], 0.4701667 secs] [Times: user=0.46 sys=0.00, real=0.48 secs] 
2020-03-19T15:02:43.708+0800: 21367.332: [Full GC (Last ditch collection) 2020-03-19T15:02:43.708+0800: 21367.332: [CMS: 123153K->123153K(237276K), 0.4585185 secs] 123153K->123153K(414236K), [Metaspace: 121210K->121210K(1165312K)], 0.4589274 secs] [Times: user=0.45 sys=0.00, real=0.46 secs] 
2020-03-19T15:02:44.170+0800: 21367.794: [Full GC (Metadata GC Threshold) 2020-03-19T15:02:44.170+0800: 21367.794: [CMS: 123153K->123153K(237276K), 0.4961103 secs] 123155K->123153K(414236K), [Metaspace: 121210K->121210K(1165312K)], 0.4965571 secs] [Times: user=0.49 sys=0.00, real=0.50 secs] 
2020-03-19T15:02:44.667+0800: 21368.291: [Full GC (Last ditch collection) 2020-03-19T15:02:44.667+0800: 21368.291: [CMS: 123153K->123153K(237276K), 0.5063402 secs] 123153K->123153K(414236K), [Metaspace: 121210K->121210K(1165312K)], 0.5067262 secs] [Times: user=0.48 sys=0.00, real=0.50 secs] 
2020-03-19T15:02:45.177+0800: 21368.801: [Full GC (Metadata GC Threshold) 2020-03-19T15:02:45.177+0800: 21368.801: [CMS: 123153K->123153K(237276K), 0.4785383 secs] 123155K->123153K(414236K), [Metaspace: 121210K->121210K(1165312K)], 0.4789725 secs] [Times: user=0.47 sys=0.00, real=0.48 secs] 
2020-03-19T15:02:45.656+0800: 21369.281: [Full GC (Last ditch collection) 2020-03-19T15:02:45.656+0800: 21369.281: [CMS: 123153K->123153K(237276K), 0.4747125 secs] 123153K->123153K(414236K), [Metaspace: 121210K->121210K(1165312K)], 0.4751786 secs] [Times: user=0.48 sys=0.00, real=0.48 secs] 
2020-03-19T15:02:46.150+0800: 21369.775: [Full GC (Metadata GC Threshold) 2020-03-19T15:02:46.151+0800: 21369.775: [CMS: 123153K->123149K(237276K), 0.5962828 secs] 123818K->123149K(414236K), [Metaspace: 121210K->121210K(1165312K)], 0.5968302 secs] [Times: user=0.55 sys=0.00, real=0.60 secs] 
2020-03-19T15:02:46.748+0800: 21370.372: [Full GC (Last ditch collection) 2020-03-19T15:02:46.748+0800: 21370.372: [CMS: 123149K->123147K(237276K), 0.4695106 secs] 123149K->123147K(414236K), [Metaspace: 121210K->121210K(1165312K)], 0.4698679 secs] [Times: user=0.47 sys=0.00, real=0.46 secs] 
2020-03-19T15:02:47.220+0800: 21370.845: [Full GC (Metadata GC Threshold) 2020-03-19T15:02:47.220+0800: 21370.845: [CMS: 123147K->123147K(237276K), 0.4663378 secs] 123147K->123147K(414236K), [Metaspace: 121210K->121210K(1165312K)], 0.4667173 secs] [Times: user=0.47 sys=0.00, real=0.47 secs] 
2020-03-19T15:02:47.687+0800: 21371.312: [Full GC (Last ditch collection) 2020-03-19T15:02:47.687+0800: 21371.312: [CMS: 123147K->123147K(237276K), 0.4542317 secs] 123147K->123147K(414236K), [Metaspace: 121210K->121210K(1165312K)], 0.4546376 secs] [Times: user=0.45 sys=0.00, real=0.45 secs] 
2020-03-19T15:02:48.145+0800: 21371.769: [Full GC (Metadata GC Threshold) 2020-03-19T15:02:48.145+0800: 21371.770: [CMS: 123147K->123147K(237276K), 0.5084067 secs] 123147K->123147K(414236K), [Metaspace: 121210K->121210K(1165312K)], 0.5088263 secs] [Times: user=0.51 sys=0.00, real=0.51 secs] 
2020-03-19T15:02:48.654+0800: 21372.279: [Full GC (Last ditch collection) 2020-03-19T15:02:48.654+0800: 21372.279: [CMS: 123147K->123147K(237276K), 0.4738357 secs] 123147K->123147K(414236K), [Metaspace: 121210K->121210K(1165312K)], 0.4742625 secs] [Times: user=0.47 sys=0.00, real=0.48 secs] 
2020-03-19T15:02:49.132+0800: 21372.756: [Full GC (Metadata GC Threshold) 2020-03-19T15:02:49.132+0800: 21372.756: [CMS: 123147K->123147K(237276K), 0.4716040 secs] 123147K->123147K(414236K), [Metaspace: 121210K->121210K(1165312K)], 0.4720251 secs] [Times: user=0.47 sys=0.00, real=0.47 secs] 
2020-03-19T15:02:49.604+0800: 21373.228: [Full GC (Last ditch collection) 2020-03-19T15:02:49.604+0800: 21373.229: [CMS: 123147K->123147K(237276K), 0.4849399 secs] 123147K->123147K(414236K), [Metaspace: 121210K->121210K(1165312K)], 0.4853272 secs] [Times: user=0.49 sys=0.00, real=0.49 secs] 
2020-03-19T15:02:50.092+0800: 21373.717: [Full GC (Metadata GC Threshold) 2020-03-19T15:02:50.092+0800: 21373.717: [CMS: 123147K->123147K(237276K), 0.5061499 secs] 123153K->123147K(414236K), [Metaspace: 121210K->121210K(1165312K)], 0.5065896 secs] [Times: user=0.51 sys=0.00, real=0.51 secs] 
2020-03-19T15:02:50.599+0800: 21374.224: [Full GC (Last ditch collection) 2020-03-19T15:02:50.599+0800: 21374.224: [CMS: 123147K->123147K(237276K), 0.5282562 secs] 123147K->123147K(414236K), [Metaspace: 121210K->121210K(1165312K)], 0.5286985 secs] [Times: user=0.50 sys=0.00, real=0.53 secs] 
2020-03-19T15:02:51.131+0800: 21374.755: [Full GC (Metadata GC Threshold) 2020-03-19T15:02:51.131+0800: 21374.755: [CMS: 123147K->123147K(237276K), 0.4690229 secs] 123147K->123147K(414236K), [Metaspace: 121210K->121210K(1165312K)], 0.4694496 secs] [Times: user=0.46 sys=0.00, real=0.47 secs] 
2020-03-19T15:02:51.600+0800: 21375.225: [Full GC (Last ditch collection) 2020-03-19T15:02:51.601+0800: 21375.225: [CMS: 123147K->123147K(237276K), 0.4594701 secs] 123147K->123147K(414236K), [Metaspace: 121210K->121210K(1165312K)], 0.4599127 secs] [Times: user=0.46 sys=0.00, real=0.46 secs] 
2020-03-19T15:02:52.063+0800: 21375.688: [Full GC (Metadata GC Threshold) 2020-03-19T15:02:52.063+0800: 21375.688: [CMS: 123147K->123147K(237276K), 0.4602019 secs] 123149K->123147K(414236K), [Metaspace: 121210K->121210K(1165312K)], 0.4606017 secs] [Times: user=0.46 sys=0.00, real=0.46 secs] 
2020-03-19T15:02:52.524+0800: 21376.149: [Full GC (Last ditch collection) 2020-03-19T15:02:52.524+0800: 21376.149: [CMS: 123147K->123147K(237276K), 0.4886083 secs] 123147K->123147K(414236K), [Metaspace: 121210K->121210K(1165312K)], 0.4890295 secs] [Times: user=0.48 sys=0.00, real=0.49 secs] 
2020-03-19T15:02:53.016+0800: 21376.641: [Full GC (Metadata GC Threshold) 2020-03-19T15:02:53.016+0800: 21376.641: [CMS: 123147K->123148K(237276K), 0.5002590 secs] 123149K->123148K(414236K), [Metaspace: 121210K->121210K(1165312K)], 0.5006420 secs] [Times: user=0.50 sys=0.00, real=0.50 secs] 
2020-03-19T15:02:53.517+0800: 21377.141: [Full GC (Last ditch collection) 2020-03-19T15:02:53.517+0800: 21377.142: [CMS: 123148K->123148K(237276K), 0.4447619 secs] 123148K->123148K(414236K), [Metaspace: 121210K->121210K(1165312K)], 0.4451692 secs] [Times: user=0.44 sys=0.00, real=0.45 secs] 
2020-03-19T15:02:53.965+0800: 21377.589: [Full GC (Metadata GC Threshold) 2020-03-19T15:02:53.965+0800: 21377.590: [CMS: 123148K->123148K(237276K), 0.4679895 secs] 123150K->123148K(414236K), [Metaspace: 121210K->121210K(1165312K)], 0.4684054 secs] [Times: user=0.46 sys=0.00, real=0.47 secs] 
2020-03-19T15:02:54.434+0800: 21378.058: [Full GC (Last ditch collection) 2020-03-19T15:02:54.434+0800: 21378.058: [CMS: 123148K->123148K(237276K), 0.4842746 secs] 123148K->123148K(414236K), [Metaspace: 121210K->121210K(1165312K)], 0.4846613 secs] [Times: user=0.49 sys=0.00, real=0.49 secs] 
2020-03-19T15:02:54.921+0800: 21378.546: [Full GC (Metadata GC Threshold) 2020-03-19T15:02:54.921+0800: 21378.546: [CMS: 123148K->123148K(237276K), 0.4694670 secs] 123150K->123148K(414236K), [Metaspace: 121210K->121210K(1165312K)], 0.4698634 secs] [Times: user=0.47 sys=0.00, real=0.47 secs] 
2020-03-19T15:02:55.391+0800: 21379.016: [Full GC (Last ditch collection) 2020-03-19T15:02:55.391+0800: 21379.016: [CMS: 123148K->123148K(237276K), 0.5103044 secs] 123148K->123148K(414236K), [Metaspace: 121210K->121210K(1165312K)], 0.5107081 secs] [Times: user=0.49 sys=0.00, real=0.51 secs] 
2020-03-19T15:02:55.905+0800: 21379.530: [GC (CMS Initial Mark) [1 CMS-initial-mark: 123148K(237276K)] 123158K(414236K), 0.0084760 secs] [Times: user=0.01 sys=0.00, real=0.01 secs] 
2020-03-19T15:02:55.914+0800: 21379.539: [CMS-concurrent-mark-start]
2020-03-19T15:02:55.927+0800: 21379.551: [Full GC (Metadata GC Threshold) 2020-03-19T15:02:55.927+0800: 21379.552: [CMS2020-03-19T15:02:56.112+0800: 21379.736: [CMS-concurrent-mark: 0.187/0.198 secs] [Times: user=0.21 sys=0.00, real=0.20 secs] 
 (concurrent mode failure): 123148K->123177K(237276K), 0.7251295 secs] 124095K->123177K(414236K), [Metaspace: 121210K->121210K(1165312K)], 0.7256454 secs] [Times: user=0.69 sys=0.00, real=0.72 secs] 
2020-03-19T15:02:56.653+0800: 21380.277: [Full GC (Last ditch collection) 2020-03-19T15:02:56.653+0800: 21380.277: [CMS: 123177K->123175K(237276K), 0.4710905 secs] 123177K->123175K(414236K), [Metaspace: 121210K->121210K(1165312K)], 0.4715225 secs] [Times: user=0.47 sys=0.00, real=0.47 secs] 
2020-03-19T15:02:57.127+0800: 21380.752: [Full GC (Metadata GC Threshold) 2020-03-19T15:02:57.128+0800: 21380.752: [CMS: 123175K->123175K(237276K), 0.4885441 secs] 123189K->123175K(414236K), [Metaspace: 121210K->121210K(1165312K)], 0.4891667 secs] [Times: user=0.49 sys=0.00, real=0.48 secs] 
2020-03-19T15:02:57.617+0800: 21381.241: [Full GC (Last ditch collection) 2020-03-19T15:02:57.617+0800: 21381.242: [CMS: 123175K->123175K(237276K), 0.5686872 secs] 123175K->123175K(414236K), [Metaspace: 121210K->121210K(1165312K)], 0.5691829 secs] [Times: user=0.51 sys=0.00, real=0.58 secs] 
2020-03-19T15:02:58.189+0800: 21381.814: [Full GC (Metadata GC Threshold) 2020-03-19T15:02:58.189+0800: 21381.814: [CMS: 123175K->123175K(237276K), 0.4896687 secs] 123179K->123175K(414236K), [Metaspace: 121210K->121210K(1165312K)], 0.4900425 secs] [Times: user=0.48 sys=0.00, real=0.49 secs] 
2020-03-19T15:02:58.680+0800: 21382.304: [Full GC (Last ditch collection) 2020-03-19T15:02:58.680+0800: 21382.304: [CMS: 123175K->123175K(237276K), 0.4982569 secs] 123175K->123175K(414236K), [Metaspace: 121210K->121210K(1165312K)], 0.4987016 secs] [Times: user=0.49 sys=0.00, real=0.50 secs] 
2020-03-19T15:02:59.181+0800: 21382.806: [Full GC (Metadata GC Threshold) 2020-03-19T15:02:59.181+0800: 21382.806: [CMS: 123175K->123175K(237276K), 0.4667938 secs] 123177K->123175K(414236K), [Metaspace: 121210K->121210K(1165312K)], 0.4672408 secs] [Times: user=0.47 sys=0.00, real=0.47 secs] 
2020-03-19T15:02:59.649+0800: 21383.273: [Full GC (Last ditch collection) 2020-03-19T15:02:59.649+0800: 21383.273: [CMS: 123175K->123175K(237276K), 0.5186897 secs] 123175K->123175K(414236K), [Metaspace: 121210K->121210K(1165312K)], 0.5190911 secs] [Times: user=0.49 sys=0.00, real=0.52 secs] 
2020-03-19T15:03:00.171+0800: 21383.796: [Full GC (Metadata GC Threshold) 2020-03-19T15:03:00.171+0800: 21383.796: [CMS: 123175K->123175K(237276K), 0.5308745 secs] 123177K->123175K(414236K), [Metaspace: 121210K->121210K(1165312K)], 0.5313104 secs] [Times: user=0.50 sys=0.00, real=0.53 secs] 
2020-03-19T15:03:00.703+0800: 21384.327: [Full GC (Last ditch collection) 2020-03-19T15:03:00.703+0800: 21384.327: [CMS: 123175K->123175K(237276K), 0.5519592 secs] 123175K->123175K(414236K), [Metaspace: 121210K->121210K(1165312K)], 0.5524503 secs] [Times: user=0.51 sys=0.00, real=0.55 secs] 
2020-03-19T15:03:01.259+0800: 21384.884: [Full GC (Metadata GC Threshold) 2020-03-19T15:03:01.260+0800: 21384.884: [CMS: 123175K->123175K(237276K), 0.5679275 secs] 123187K->123175K(414236K), [Metaspace: 121210K->121210K(1165312K)], 0.5685411 secs] [Times: user=0.50 sys=0.00, real=0.57 secs] 
2020-03-19T15:03:01.828+0800: 21385.453: [Full GC (Last ditch collection) 2020-03-19T15:03:01.828+0800: 21385.453: [CMS: 123175K->123175K(237276K), 0.4545847 secs] 123175K->123175K(414236K), [Metaspace: 121210K->121210K(1165312K)], 0.4549708 secs] [Times: user=0.46 sys=0.00, real=0.45 secs] 
2020-03-19T15:03:02.288+0800: 21385.913: [Full GC (Metadata GC Threshold) 2020-03-19T15:03:02.288+0800: 21385.913: [CMS: 123175K->123177K(237276K), 0.4982427 secs] 123613K->123177K(414236K), [Metaspace: 121210K->121210K(1165312K)], 0.4986669 secs] [Times: user=0.49 sys=0.00, real=0.50 secs] 
2020-03-19T15:03:02.787+0800: 21386.412: [Full GC (Last ditch collection) 2020-03-19T15:03:02.787+0800: 21386.412: [CMS: 123177K->123175K(237276K), 0.4913852 secs] 123177K->123175K(414236K), [Metaspace: 121210K->121210K(1165312K)], 0.4918284 secs] [Times: user=0.48 sys=0.00, real=0.49 secs] 
2020-03-19T15:03:03.284+0800: 21386.908: [Full GC (Metadata GC Threshold) 2020-03-19T15:03:03.284+0800: 21386.908: [CMS: 123175K->123146K(237276K), 0.4792271 secs] 123402K->123146K(414236K), [Metaspace: 121210K->121210K(1165312K)], 0.4796971 secs] [Times: user=0.47 sys=0.00, real=0.48 secs] 
2020-03-19T15:03:03.764+0800: 21387.388: [Full GC (Last ditch collection) 2020-03-19T15:03:03.764+0800: 21387.388: [CMS: 123146K->123146K(237276K), 0.4658430 secs] 123146K->123146K(414236K), [Metaspace: 121210K->121210K(1165312K)], 0.4662104 secs] [Times: user=0.47 sys=0.00, real=0.47 secs] 
2020-03-19T15:03:04.233+0800: 21387.857: [Full GC (Metadata GC Threshold) 2020-03-19T15:03:04.233+0800: 21387.857: [CMS: 123146K->123149K(237276K), 0.5019390 secs] 123150K->123149K(414236K), [Metaspace: 121210K->121210K(1165312K)], 0.5023469 secs] [Times: user=0.49 sys=0.00, real=0.50 secs] 
2020-03-19T15:03:04.735+0800: 21388.360: [Full GC (Last ditch collection) 2020-03-19T15:03:04.735+0800: 21388.360: [CMS: 123149K->123149K(237276K), 0.5629349 secs] 123149K->123149K(414236K), [Metaspace: 121210K->121210K(1165312K)], 0.5633543 secs] [Times: user=0.52 sys=0.00, real=0.57 secs] 
2020-03-19T15:03:05.304+0800: 21388.928: [Full GC (Metadata GC Threshold) 2020-03-19T15:03:05.304+0800: 21388.928: [CMS: 123149K->123153K(237276K), 0.5062252 secs] 123306K->123153K(414236K), [Metaspace: 121210K->121210K(1165312K)], 0.5066584 secs] [Times: user=0.49 sys=0.00, real=0.51 secs] 
2020-03-19T15:03:05.811+0800: 21389.435: [Full GC (Last ditch collection) 2020-03-19T15:03:05.811+0800: 21389.435: [CMS: 123153K->123152K(237276K), 0.4703417 secs] 123153K->123152K(414236K), [Metaspace: 121210K->121210K(1165312K)], 0.4707595 secs] [Times: user=0.47 sys=0.00, real=0.47 secs] 
2020-03-19T15:03:06.286+0800: 21389.910: [Full GC (Metadata GC Threshold) 2020-03-19T15:03:06.286+0800: 21389.910: [CMS: 123152K->123155K(237276K), 0.4955420 secs] 123209K->123155K(414236K), [Metaspace: 121210K->121210K(1165312K)], 0.4959809 secs] [Times: user=0.49 sys=0.00, real=0.50 secs] 
2020-03-19T15:03:06.782+0800: 21390.406: [Full GC (Last ditch collection) 2020-03-19T15:03:06.782+0800: 21390.407: [CMS: 123155K->123155K(237276K), 0.4771192 secs] 123155K->123155K(414236K), [Metaspace: 121210K->121210K(1165312K)], 0.4775124 secs] [Times: user=0.47 sys=0.00, real=0.48 secs] 
2020-03-19T15:03:07.262+0800: 21390.887: [Full GC (Metadata GC Threshold) 2020-03-19T15:03:07.262+0800: 21390.887: [CMS: 123155K->123155K(237276K), 0.4582085 secs] 123155K->123155K(414236K), [Metaspace: 121210K->121210K(1165312K)], 0.4586071 secs] [Times: user=0.46 sys=0.00, real=0.46 secs] 
2020-03-19T15:03:07.721+0800: 21391.346: [Full GC (Last ditch collection) 2020-03-19T15:03:07.721+0800: 21391.346: [CMS: 123155K->123155K(237276K), 0.4626817 secs] 123155K->123155K(414236K), [Metaspace: 121210K->121210K(1165312K)], 0.4630320 secs] [Times: user=0.45 sys=0.00, real=0.46 secs] 
2020-03-19T15:03:08.187+0800: 21391.812: [Full GC (Metadata GC Threshold) 2020-03-19T15:03:08.187+0800: 21391.812: [CMS: 123155K->123155K(237276K), 0.5225777 secs] 123187K->123155K(414236K), [Metaspace: 121210K->121210K(1165312K)], 0.5229846 secs] [Times: user=0.49 sys=0.00, real=0.52 secs] 
2020-03-19T15:03:08.711+0800: 21392.335: [Full GC (Last ditch collection) 2020-03-19T15:03:08.711+0800: 21392.335: [CMS: 123155K->123155K(237276K), 0.5004870 secs] 123155K->123155K(414236K), [Metaspace: 121210K->121210K(1165312K)], 0.5008868 secs] [Times: user=0.49 sys=0.00, real=0.50 secs] 
2020-03-19T15:03:09.214+0800: 21392.839: [Full GC (Metadata GC Threshold) 2020-03-19T15:03:09.214+0800: 21392.839: [CMS: 123155K->123154K(237276K), 0.4730457 secs] 123168K->123154K(414236K), [Metaspace: 121210K->121210K(1165312K)], 0.4734813 secs] [Times: user=0.47 sys=0.00, real=0.48 secs] 
2020-03-19T15:03:09.688+0800: 21393.313: [Full GC (Last ditch collection) 2020-03-19T15:03:09.688+0800: 21393.313: [CMS: 123154K->123154K(237276K), 0.4662786 secs] 123154K->123154K(414236K), [Metaspace: 121210K->121210K(1165312K)], 0.4666805 secs] [Times: user=0.46 sys=0.00, real=0.46 secs] 
2020-03-19T15:03:10.161+0800: 21393.785: [GC (CMS Initial Mark) [1 CMS-initial-mark: 123154K(237276K)] 123263K(414236K), 0.0089007 secs] [Times: user=0.02 sys=0.00, real=0.01 secs] 
2020-03-19T15:03:10.170+0800: 21393.795: [CMS-concurrent-mark-start]
2020-03-19T15:03:10.177+0800: 21393.801: [Full GC (Metadata GC Threshold) 2020-03-19T15:03:10.177+0800: 21393.801: [CMS2020-03-19T15:03:10.368+0800: 21393.993: [CMS-concurrent-mark: 0.190/0.198 secs] [Times: user=0.19 sys=0.00, real=0.20 secs] 
 (concurrent mode failure): 123154K->123148K(237276K), 0.7171040 secs] 123818K->123148K(414236K), [Metaspace: 121210K->121210K(1165312K)], 0.7175105 secs] [Times: user=0.69 sys=0.00, real=0.72 secs] 
2020-03-19T15:03:10.895+0800: 21394.519: [Full GC (Last ditch collection) 2020-03-19T15:03:10.895+0800: 21394.519: [CMS: 123148K->123146K(237276K), 0.4817665 secs] 123148K->123146K(414236K), [Metaspace: 121210K->121210K(1165312K)], 0.4821215 secs] [Times: user=0.47 sys=0.00, real=0.48 secs] 
2020-03-19T15:03:11.380+0800: 21395.004: [Full GC (Metadata GC Threshold) 2020-03-19T15:03:11.380+0800: 21395.004: [CMS: 123146K->123146K(237276K), 0.4833327 secs] 123162K->123146K(414236K), [Metaspace: 121210K->121210K(1165312K)], 0.4837734 secs] [Times: user=0.47 sys=0.00, real=0.48 secs] 
2020-03-19T15:03:11.864+0800: 21395.488: [Full GC (Last ditch collection) 2020-03-19T15:03:11.864+0800: 21395.488: [CMS: 123146K->123146K(237276K), 0.4670276 secs] 123146K->123146K(414236K), [Metaspace: 121210K->121210K(1165312K)], 0.4674527 secs] [Times: user=0.46 sys=0.00, real=0.47 secs] 
2020-03-19T15:03:12.335+0800: 21395.959: [Full GC (Metadata GC Threshold) 2020-03-19T15:03:12.335+0800: 21395.959: [CMS: 123146K->123146K(237276K), 0.5824603 secs] 123148K->123146K(414236K), [Metaspace: 121210K->121210K(1165312K)], 0.5828887 secs] [Times: user=0.54 sys=0.00, real=0.58 secs] 
2020-03-19T15:03:12.918+0800: 21396.542: [Full GC (Last ditch collection) 2020-03-19T15:03:12.918+0800: 21396.542: [CMS: 123146K->123146K(237276K), 0.4997833 secs] 123146K->123146K(414236K), [Metaspace: 121210K->121210K(1165312K)], 0.5002252 secs] [Times: user=0.48 sys=0.00, real=0.51 secs] 
2020-03-19T15:03:13.421+0800: 21397.045: [Full GC (Metadata GC Threshold) 2020-03-19T15:03:13.421+0800: 21397.045: [CMS: 123146K->123146K(237276K), 0.4646430 secs] 123148K->123146K(414236K), [Metaspace: 121210K->121210K(1165312K)], 0.4650805 secs] [Times: user=0.46 sys=0.00, real=0.46 secs] 
2020-03-19T15:03:13.886+0800: 21397.511: [Full GC (Last ditch collection) 2020-03-19T15:03:13.886+0800: 21397.511: [CMS: 123146K->123146K(237276K), 0.4767765 secs] 123146K->123146K(414236K), [Metaspace: 121210K->121210K(1165312K)], 0.4772009 secs] [Times: user=0.47 sys=0.00, real=0.47 secs] 
2020-03-19T15:03:14.367+0800: 21397.991: [Full GC (Metadata GC Threshold) 2020-03-19T15:03:14.367+0800: 21397.991: [CMS: 123146K->123148K(237276K), 0.4986655 secs] 123148K->123148K(414236K), [Metaspace: 121210K->121210K(1165312K)], 0.4990713 secs] [Times: user=0.48 sys=0.00, real=0.49 secs] 
2020-03-19T15:03:14.866+0800: 21398.491: [Full GC (Last ditch collection) 2020-03-19T15:03:14.866+0800: 21398.491: [CMS: 123148K->123148K(237276K), 0.4631122 secs] 123148K->123148K(414236K), [Metaspace: 121210K->121210K(1165312K)], 0.4635237 secs] [Times: user=0.46 sys=0.00, real=0.46 secs] 
2020-03-19T15:03:15.348+0800: 21398.973: [Full GC (Metadata GC Threshold) 2020-03-19T15:03:15.349+0800: 21398.973: [CMS: 123148K->123150K(237276K), 0.4786410 secs] 123531K->123150K(414236K), [Metaspace: 121210K->121210K(1165312K)], 0.4790877 secs] [Times: user=0.48 sys=0.00, real=0.48 secs] 
2020-03-19T15:03:15.828+0800: 21399.452: [Full GC (Last ditch collection) 2020-03-19T15:03:15.828+0800: 21399.452: [CMS: 123150K->123148K(237276K), 0.5835685 secs] 123150K->123148K(414236K), [Metaspace: 121210K->121210K(1165312K)], 0.5839742 secs] [Times: user=0.50 sys=0.00, real=0.58 secs] 
2020-03-19T15:03:16.415+0800: 21400.039: [Full GC (Metadata GC Threshold) 2020-03-19T15:03:16.415+0800: 21400.040: [CMS: 123148K->123148K(237276K), 0.5079388 secs] 123160K->123148K(414236K), [Metaspace: 121210K->121210K(1165312K)], 0.5083462 secs] [Times: user=0.47 sys=0.00, real=0.51 secs] 
2020-03-19T15:03:16.924+0800: 21400.548: [Full GC (Last ditch collection) 2020-03-19T15:03:16.924+0800: 21400.548: [CMS: 123148K->123148K(237276K), 0.4730175 secs] 123148K->123148K(414236K), [Metaspace: 121210K->121210K(1165312K)], 0.4734079 secs] [Times: user=0.47 sys=0.00, real=0.47 secs] 
2020-03-19T15:03:17.400+0800: 21401.024: [Full GC (Metadata GC Threshold) 2020-03-19T15:03:17.400+0800: 21401.025: [CMS: 123148K->123148K(237276K), 0.4713332 secs] 123150K->123148K(414236K), [Metaspace: 121210K->121210K(1165312K)], 0.4717395 secs] [Times: user=0.47 sys=0.00, real=0.47 secs] 
2020-03-19T15:03:17.872+0800: 21401.496: [Full GC (Last ditch collection) 2020-03-19T15:03:17.872+0800: 21401.496: [CMS: 123148K->123148K(237276K), 0.5188694 secs] 123148K->123148K(414236K), [Metaspace: 121210K->121210K(1165312K)], 0.5192700 secs] [Times: user=0.50 sys=0.00, real=0.52 secs] 
2020-03-19T15:03:18.394+0800: 21402.019: [Full GC (Metadata GC Threshold) 2020-03-19T15:03:18.394+0800: 21402.019: [CMS: 123148K->123148K(237276K), 0.4991366 secs] 123154K->123148K(414236K), [Metaspace: 121210K->121210K(1165312K)], 0.4995673 secs] [Times: user=0.48 sys=0.00, real=0.50 secs] 
2020-03-19T15:03:18.894+0800: 21402.519: [Full GC (Last ditch collection) 2020-03-19T15:03:18.894+0800: 21402.519: [CMS: 123148K->123148K(237276K), 0.4761485 secs] 123148K->123148K(414236K), [Metaspace: 121210K->121210K(1165312K)], 0.4765931 secs] [Times: user=0.48 sys=0.00, real=0.48 secs] 
2020-03-19T15:03:19.374+0800: 21402.998: [Full GC (Metadata GC Threshold) 2020-03-19T15:03:19.374+0800: 21402.998: [CMS: 123148K->123148K(237276K), 0.5195365 secs] 123187K->123148K(414236K), [Metaspace: 121210K->121210K(1165312K)], 0.5199180 secs] [Times: user=0.50 sys=0.00, real=0.52 secs] 
2020-03-19T15:03:19.894+0800: 21403.518: [Full GC (Last ditch collection) 2020-03-19T15:03:19.894+0800: 21403.519: [CMS: 123148K->123148K(237276K), 0.5144669 secs] 123148K->123148K(414236K), [Metaspace: 121210K->121210K(1165312K)], 0.5148473 secs] [Times: user=0.50 sys=0.00, real=0.52 secs] 
2020-03-19T15:03:20.412+0800: 21404.036: [Full GC (Metadata GC Threshold) 2020-03-19T15:03:20.412+0800: 21404.036: [CMS: 123148K->123148K(237276K), 0.4942383 secs] 123150K->123148K(414236K), [Metaspace: 121210K->121210K(1165312K)], 0.4946599 secs] [Times: user=0.49 sys=0.00, real=0.50 secs] 
2020-03-19T15:03:20.907+0800: 21404.531: [Full GC (Last ditch collection) 2020-03-19T15:03:20.907+0800: 21404.531: [CMS: 123148K->123148K(237276K), 0.4705819 secs] 123148K->123148K(414236K), [Metaspace: 121210K->121210K(1165312K)], 0.4709351 secs] [Times: user=0.46 sys=0.00, real=0.46 secs] 
2020-03-19T15:03:21.381+0800: 21405.005: [Full GC (Metadata GC Threshold) 2020-03-19T15:03:21.381+0800: 21405.005: [CMS: 123148K->123148K(237276K), 0.4657695 secs] 123152K->123148K(414236K), [Metaspace: 121210K->121210K(1165312K)], 0.4661655 secs] [Times: user=0.46 sys=0.00, real=0.47 secs] 
2020-03-19T15:03:21.847+0800: 21405.472: [Full GC (Last ditch collection) 2020-03-19T15:03:21.847+0800: 21405.472: [CMS: 123148K->123148K(237276K), 0.4432008 secs] 123148K->123148K(414236K), [Metaspace: 121210K->121210K(1165312K)], 0.4437677 secs] [Times: user=0.45 sys=0.00, real=0.44 secs] 
2020-03-19T15:03:22.296+0800: 21405.920: [Full GC (Metadata GC Threshold) 2020-03-19T15:03:22.296+0800: 21405.921: [CMS: 123148K->123149K(237276K), 0.4939019 secs] 123218K->123149K(414236K), [Metaspace: 121210K->121210K(1165312K)], 0.4943721 secs] [Times: user=0.48 sys=0.00, real=0.50 secs] 
2020-03-19T15:03:22.791+0800: 21406.415: [Full GC (Last ditch collection) 2020-03-19T15:03:22.791+0800: 21406.415: [CMS: 123149K->123149K(237276K), 0.4939845 secs] 123149K->123149K(414236K), [Metaspace: 121210K->121210K(1165312K)], 0.4943520 secs] [Times: user=0.48 sys=0.00, real=0.49 secs] 
2020-03-19T15:03:23.288+0800: 21406.912: [Full GC (Metadata GC Threshold) 2020-03-19T15:03:23.288+0800: 21406.912: [CMS: 123149K->123149K(237276K), 0.4896820 secs] 123151K->123149K(414236K), [Metaspace: 121210K->121210K(1165312K)], 0.4900806 secs] [Times: user=0.47 sys=0.00, real=0.48 secs] 
2020-03-19T15:03:23.778+0800: 21407.403: [Full GC (Last ditch collection) 2020-03-19T15:03:23.778+0800: 21407.403: [CMS: 123149K->123149K(237276K), 0.4601201 secs] 123149K->123149K(414236K), [Metaspace: 121210K->121210K(1165312K)], 0.4605637 secs] [Times: user=0.46 sys=0.00, real=0.47 secs] 
2020-03-19T15:03:24.241+0800: 21407.866: [Full GC (Metadata GC Threshold) 2020-03-19T15:03:24.242+0800: 21407.866: [CMS: 123149K->123149K(237276K), 0.5059440 secs] 123153K->123149K(414236K), [Metaspace: 121210K->121210K(1165312K)], 0.5064043 secs] [Times: user=0.49 sys=0.00, real=0.51 secs] 
2020-03-19T15:03:24.748+0800: 21408.373: [Full GC (Last ditch collection) 2020-03-19T15:03:24.748+0800: 21408.373: [CMS: 123149K->123149K(237276K), 0.4705094 secs] 123149K->123149K(414236K), [Metaspace: 121210K->121210K(1165312K)], 0.4709653 secs] [Times: user=0.46 sys=0.00, real=0.47 secs] 
2020-03-19T15:03:25.222+0800: 21408.847: [Full GC (Metadata GC Threshold) 2020-03-19T15:03:25.222+0800: 21408.847: [CMS: 123149K->123149K(237276K), 0.4898573 secs] 123155K->123149K(414236K), [Metaspace: 121210K->121210K(1165312K)], 0.4903067 secs] [Times: user=0.48 sys=0.00, real=0.49 secs] 
2020-03-19T15:03:25.713+0800: 21409.337: [Full GC (Last ditch collection) 2020-03-19T15:03:25.713+0800: 21409.337: [CMS: 123149K->123149K(237276K), 0.4705610 secs] 123149K->123149K(414236K), [Metaspace: 121210K->121210K(1165312K)], 0.4709601 secs] [Times: user=0.47 sys=0.00, real=0.47 secs] 
2020-03-19T15:03:26.186+0800: 21409.811: [Full GC (Metadata GC Threshold) 2020-03-19T15:03:26.187+0800: 21409.811: [CMS: 123149K->123149K(237276K), 0.5314322 secs] 123151K->123149K(414236K), [Metaspace: 121210K->121210K(1165312K)], 0.5318395 secs] [Times: user=0.49 sys=0.00, real=0.53 secs] 
2020-03-19T15:03:26.719+0800: 21410.343: [Full GC (Last ditch collection) 2020-03-19T15:03:26.719+0800: 21410.343: [CMS: 123149K->123149K(237276K), 0.4843565 secs] 123149K->123149K(414236K), [Metaspace: 121210K->121210K(1165312K)], 0.4847523 secs] [Times: user=0.48 sys=0.00, real=0.48 secs] 
2020-03-19T15:03:27.207+0800: 21410.831: [Full GC (Metadata GC Threshold) 2020-03-19T15:03:27.207+0800: 21410.832: [CMS: 123149K->123149K(237276K), 0.4866029 secs] 123160K->123149K(414236K), [Metaspace: 121210K->121210K(1165312K)], 0.4870268 secs] [Times: user=0.49 sys=0.00, real=0.48 secs] 
2020-03-19T15:03:27.694+0800: 21411.319: [Full GC (Last ditch collection) 2020-03-19T15:03:27.694+0800: 21411.319: [CMS: 123149K->123149K(237276K), 0.5373434 secs] 123149K->123149K(414236K), [Metaspace: 121210K->121210K(1165312K)], 0.5377419 secs] [Times: user=0.51 sys=0.00, real=0.54 secs] 
2020-03-19T15:03:28.235+0800: 21411.859: [Full GC (Metadata GC Threshold) 2020-03-19T15:03:28.235+0800: 21411.859: [CMS: 123149K->123149K(237276K), 0.4734123 secs] 123151K->123149K(414236K), [Metaspace: 121210K->121210K(1165312K)], 0.4738568 secs] [Times: user=0.47 sys=0.00, real=0.48 secs] 
2020-03-19T15:03:28.709+0800: 21412.333: [Full GC (Last ditch collection) 2020-03-19T15:03:28.709+0800: 21412.334: [CMS: 123149K->123149K(237276K), 0.4839160 secs] 123149K->123149K(414236K), [Metaspace: 121210K->121210K(1165312K)], 0.4843478 secs] [Times: user=0.48 sys=0.00, real=0.48 secs] 
2020-03-19T15:03:29.196+0800: 21412.821: [Full GC (Metadata GC Threshold) 2020-03-19T15:03:29.196+0800: 21412.821: [CMS: 123149K->123149K(237276K), 0.4691718 secs] 123149K->123149K(414236K), [Metaspace: 121210K->121210K(1165312K)], 0.4695779 secs] [Times: user=0.47 sys=0.00, real=0.47 secs] 
2020-03-19T15:03:29.666+0800: 21413.291: [Full GC (Last ditch collection) 2020-03-19T15:03:29.666+0800: 21413.291: [CMS: 123149K->123149K(237276K), 0.4774601 secs] 123149K->123149K(414236K), [Metaspace: 121210K->121210K(1165312K)], 0.4778725 secs] [Times: user=0.46 sys=0.00, real=0.47 secs] 
2020-03-19T15:03:30.147+0800: 21413.772: [Full GC (Metadata GC Threshold) 2020-03-19T15:03:30.147+0800: 21413.772: [CMS: 123149K->123149K(237276K), 0.4983506 secs] 123179K->123149K(414236K), [Metaspace: 121210K->121210K(1165312K)], 0.4987889 secs] [Times: user=0.48 sys=0.00, real=0.49 secs] 
2020-03-19T15:03:30.646+0800: 21414.271: [Full GC (Last ditch collection) 2020-03-19T15:03:30.646+0800: 21414.271: [CMS: 123149K->123149K(237276K), 0.5241514 secs] 123149K->123149K(414236K), [Metaspace: 121210K->121210K(1165312K)], 0.5245916 secs] [Times: user=0.51 sys=0.00, real=0.52 secs] 
2020-03-19T15:03:31.175+0800: 21414.800: [Full GC (Metadata GC Threshold) 2020-03-19T15:03:31.175+0800: 21414.800: [CMS: 123149K->123166K(237276K), 0.5179852 secs] 123227K->123166K(414236K), [Metaspace: 121210K->121210K(1165312K)], 0.5184295 secs] [Times: user=0.48 sys=0.00, real=0.52 secs] 
2020-03-19T15:03:31.694+0800: 21415.318: [Full GC (Last ditch collection) 2020-03-19T15:03:31.694+0800: 21415.318: [CMS: 123166K->123166K(237276K), 0.4899220 secs] 123166K->123166K(414236K), [Metaspace: 121210K->121210K(1165312K)], 0.4903869 secs] [Times: user=0.49 sys=0.00, real=0.49 secs] 
2020-03-19T15:03:32.188+0800: 21415.812: [Full GC (Metadata GC Threshold) 2020-03-19T15:03:32.188+0800: 21415.812: [CMS: 123166K->123168K(237276K), 0.4956010 secs] 123174K->123168K(414236K), [Metaspace: 121210K->121210K(1165312K)], 0.4960729 secs] [Times: user=0.49 sys=0.00, real=0.49 secs] 
2020-03-19T15:03:32.684+0800: 21416.309: [Full GC (Last ditch collection) 2020-03-19T15:03:32.684+0800: 21416.309: [CMS: 123168K->123168K(237276K), 0.5930825 secs] 123168K->123168K(414236K), [Metaspace: 121210K->121210K(1165312K)], 0.5945876 secs] [Times: user=0.52 sys=0.00, real=0.60 secs] 
2020-03-19T15:03:33.287+0800: 21416.911: [Full GC (Metadata GC Threshold) 2020-03-19T15:03:33.287+0800: 21416.911: [CMS: 123168K->123168K(237276K), 0.5084794 secs] 123168K->123168K(414236K), [Metaspace: 121210K->121210K(1165312K)], 0.5089355 secs] [Times: user=0.47 sys=0.00, real=0.50 secs] 
2020-03-19T15:03:33.796+0800: 21417.420: [Full GC (Last ditch collection) 2020-03-19T15:03:33.796+0800: 21417.421: [CMS: 123168K->123168K(237276K), 0.4644226 secs] 123168K->123168K(414236K), [Metaspace: 121210K->121210K(1165312K)], 0.4648043 secs] [Times: user=0.47 sys=0.00, real=0.47 secs] 
2020-03-19T15:03:34.264+0800: 21417.888: [Full GC (Metadata GC Threshold) 2020-03-19T15:03:34.264+0800: 21417.889: [CMS: 123168K->123168K(237276K), 0.4999494 secs] 123178K->123168K(414236K), [Metaspace: 121210K->121210K(1165312K)], 0.5003769 secs] [Times: user=0.49 sys=0.00, real=0.50 secs] 
2020-03-19T15:03:34.765+0800: 21418.389: [Full GC (Last ditch collection) 2020-03-19T15:03:34.765+0800: 21418.389: [CMS: 123168K->123168K(237276K), 0.5524852 secs] 123168K->123168K(414236K), [Metaspace: 121210K->121210K(1165312K)], 0.5529460 secs] [Times: user=0.52 sys=0.00, real=0.55 secs] 
2020-03-19T15:03:35.320+0800: 21418.945: [Full GC (Metadata GC Threshold) 2020-03-19T15:03:35.321+0800: 21418.945: [CMS: 123168K->123168K(237276K), 0.4970200 secs] 123174K->123168K(414236K), [Metaspace: 121210K->121210K(1165312K)], 0.4974817 secs] [Times: user=0.48 sys=0.00, real=0.50 secs] 
2020-03-19T15:03:35.818+0800: 21419.443: [Full GC (Last ditch collection) 2020-03-19T15:03:35.818+0800: 21419.443: [CMS: 123168K->123168K(237276K), 0.4893296 secs] 123168K->123168K(414236K), [Metaspace: 121210K->121210K(1165312K)], 0.4897496 secs] [Times: user=0.47 sys=0.00, real=0.49 secs] 
2020-03-19T15:03:36.312+0800: 21419.936: [Full GC (Metadata GC Threshold) 2020-03-19T15:03:36.312+0800: 21419.936: [CMS: 123168K->123168K(237276K), 0.5135146 secs] 123174K->123168K(414236K), [Metaspace: 121210K->121210K(1165312K)], 0.5140006 secs] [Times: user=0.50 sys=0.00, real=0.51 secs] 
2020-03-19T15:03:36.826+0800: 21420.450: [Full GC (Last ditch collection) 2020-03-19T15:03:36.826+0800: 21420.451: [CMS: 123168K->123168K(237276K), 0.4686225 secs] 123168K->123168K(414236K), [Metaspace: 121210K->121210K(1165312K)], 0.4690502 secs] [Times: user=0.46 sys=0.00, real=0.47 secs] 
2020-03-19T15:03:37.298+0800: 21420.922: [Full GC (Metadata GC Threshold) 2020-03-19T15:03:37.298+0800: 21420.922: [CMS (concurrent mode failure): 123168K->123168K(237276K), 0.4568991 secs] 123174K->123168K(414236K), [Metaspace: 121210K->121210K(1165312K)], 0.4572991 secs] [Times: user=0.46 sys=0.00, real=0.46 secs] 
2020-03-19T15:03:37.755+0800: 21421.380: [Full GC (Last ditch collection) 2020-03-19T15:03:37.756+0800: 21421.380: [CMS: 123168K->123168K(237276K), 0.4524073 secs] 123168K->123168K(414236K), [Metaspace: 121210K->121210K(1165312K)], 0.4527743 secs] [Times: user=0.45 sys=0.00, real=0.46 secs] 
2020-03-19T15:03:38.211+0800: 21421.835: [Full GC (Metadata GC Threshold) 2020-03-19T15:03:38.211+0800: 21421.836: [CMS: 123168K->123168K(237276K), 0.4971712 secs] 123168K->123168K(414236K), [Metaspace: 121210K->121210K(1165312K)], 0.4975990 secs] [Times: user=0.49 sys=0.00, real=0.50 secs] 
2020-03-19T15:03:38.709+0800: 21422.333: [Full GC (Last ditch collection) 2020-03-19T15:03:38.709+0800: 21422.334: [CMS: 123168K->123168K(237276K), 0.5000554 secs] 123168K->123168K(414236K), [Metaspace: 121210K->121210K(1165312K)], 0.5005491 secs] [Times: user=0.49 sys=0.00, real=0.50 secs] 
2020-03-19T15:03:39.213+0800: 21422.837: [Full GC (Metadata GC Threshold) 2020-03-19T15:03:39.213+0800: 21422.837: [CMS: 123168K->123168K(237276K), 0.4666110 secs] 123172K->123168K(414236K), [Metaspace: 121210K->121210K(1165312K)], 0.4670125 secs] [Times: user=0.47 sys=0.00, real=0.47 secs] 
2020-03-19T15:03:39.680+0800: 21423.304: [Full GC (Last ditch collection) 2020-03-19T15:03:39.680+0800: 21423.304: [CMS: 123168K->123168K(237276K), 0.4545178 secs] 123168K->123168K(414236K), [Metaspace: 121210K->121210K(1165312K)], 0.4549098 secs] [Times: user=0.45 sys=0.00, real=0.45 secs] 
2020-03-19T15:03:40.138+0800: 21423.762: [Full GC (Metadata GC Threshold) 2020-03-19T15:03:40.138+0800: 21423.763: [CMS: 123168K->123168K(237276K), 0.4899888 secs] 123168K->123168K(414236K), [Metaspace: 121210K->121210K(1165312K)], 0.4904459 secs] [Times: user=0.48 sys=0.00, real=0.50 secs] 
2020-03-19T15:03:40.629+0800: 21424.253: [Full GC (Last ditch collection) 2020-03-19T15:03:40.629+0800: 21424.253: [CMS: 123168K->123168K(237276K), 0.4969209 secs] 123168K->123168K(414236K), [Metaspace: 121210K->121210K(1165312K)], 0.4973163 secs] [Times: user=0.49 sys=0.00, real=0.50 secs] 
2020-03-19T15:03:41.129+0800: 21424.754: [Full GC (Metadata GC Threshold) 2020-03-19T15:03:41.129+0800: 21424.754: [CMS: 123168K->123168K(237276K), 0.4649097 secs] 123176K->123168K(414236K), [Metaspace: 121210K->121210K(1165312K)], 0.4653021 secs] [Times: user=0.47 sys=0.00, real=0.46 secs] 
2020-03-19T15:03:41.595+0800: 21425.219: [Full GC (Last ditch collection) 2020-03-19T15:03:41.595+0800: 21425.219: [CMS: 123168K->123168K(237276K), 0.4765394 secs] 123168K->123168K(414236K), [Metaspace: 121210K->121210K(1165312K)], 0.4769195 secs] [Times: user=0.45 sys=0.00, real=0.48 secs] 
2020-03-19T15:03:42.074+0800: 21425.699: [Full GC (Metadata GC Threshold) 2020-03-19T15:03:42.075+0800: 21425.699: [CMS: 123168K->123168K(237276K), 0.4914736 secs] 123172K->123168K(414236K), [Metaspace: 121210K->121210K(1165312K)], 0.4919181 secs] [Times: user=0.49 sys=0.00, real=0.50 secs] 
2020-03-19T15:03:42.567+0800: 21426.191: [Full GC (Last ditch collection) 2020-03-19T15:03:42.567+0800: 21426.191: [CMS: 123168K->123168K(237276K), 0.6510101 secs] 123168K->123168K(414236K), [Metaspace: 121210K->121210K(1165312K)], 0.6513543 secs] [Times: user=0.55 sys=0.00, real=0.65 secs] 
2020-03-19T15:03:43.224+0800: 21426.849: [Full GC (Metadata GC Threshold) 2020-03-19T15:03:43.225+0800: 21426.849: [CMS: 123168K->123162K(237276K), 0.4783868 secs] 123505K->123162K(414236K), [Metaspace: 121210K->121210K(1165312K)], 0.4788784 secs] [Times: user=0.47 sys=0.00, real=0.48 secs] 
2020-03-19T15:03:43.704+0800: 21427.328: [Full GC (Last ditch collection) 2020-03-19T15:03:43.704+0800: 21427.328: [CMS: 123162K->123162K(237276K), 0.4884418 secs] 123162K->123162K(414236K), [Metaspace: 121210K->121210K(1165312K)], 0.4888552 secs] [Times: user=0.48 sys=0.00, real=0.49 secs] 
2020-03-19T15:03:44.213+0800: 21427.838: [Full GC (Metadata GC Threshold) 2020-03-19T15:03:44.214+0800: 21427.838: [CMS: 123162K->123149K(237276K), 0.4929646 secs] 125001K->123149K(414236K), [Metaspace: 121210K->121210K(1165312K)], 0.4934465 secs] [Times: user=0.50 sys=0.00, real=0.50 secs] 
2020-03-19T15:03:44.707+0800: 21428.332: [Full GC (Last ditch collection) 2020-03-19T15:03:44.707+0800: 21428.332: [CMS: 123149K->123147K(237276K), 0.5094032 secs] 123149K->123147K(414236K), [Metaspace: 121210K->121210K(1165312K)], 0.5098692 secs] [Times: user=0.50 sys=0.00, real=0.50 secs] 
2020-03-19T15:03:45.220+0800: 21428.845: [Full GC (Metadata GC Threshold) 2020-03-19T15:03:45.220+0800: 21428.845: [CMS: 123147K->123147K(237276K), 0.4891459 secs] 123147K->123147K(414236K), [Metaspace: 121210K->121210K(1165312K)], 0.4896211 secs] [Times: user=0.48 sys=0.00, real=0.49 secs] 
2020-03-19T15:03:45.710+0800: 21429.335: [Full GC (Last ditch collection) 2020-03-19T15:03:45.710+0800: 21429.335: [CMS: 123147K->123147K(237276K), 0.5558222 secs] 123147K->123147K(414236K), [Metaspace: 121210K->121210K(1165312K)], 0.5562523 secs] [Times: user=0.51 sys=0.00, real=0.56 secs] 
2020-03-19T15:03:46.270+0800: 21429.894: [Full GC (Metadata GC Threshold) 2020-03-19T15:03:46.270+0800: 21429.895: [CMS: 123147K->123147K(237276K), 0.5322822 secs] 123151K->123147K(414236K), [Metaspace: 121210K->121210K(1165312K)], 0.5327540 secs] [Times: user=0.51 sys=0.00, real=0.53 secs] 
2020-03-19T15:03:46.803+0800: 21430.428: [Full GC (Last ditch collection) 2020-03-19T15:03:46.803+0800: 21430.428: [CMS: 123147K->123147K(237276K), 0.4749826 secs] 123147K->123147K(414236K), [Metaspace: 121210K->121210K(1165312K)], 0.4753576 secs] [Times: user=0.47 sys=0.00, real=0.48 secs] 
2020-03-19T15:03:47.281+0800: 21430.906: [Full GC (Metadata GC Threshold) 2020-03-19T15:03:47.281+0800: 21430.906: [CMS: 123147K->123147K(237276K), 0.4818876 secs] 123155K->123147K(414236K), [Metaspace: 121210K->121210K(1165312K)], 0.4822841 secs] [Times: user=0.47 sys=0.00, real=0.48 secs] 
2020-03-19T15:03:47.764+0800: 21431.388: [Full GC (Last ditch collection) 2020-03-19T15:03:47.764+0800: 21431.388: [CMS: 123147K->123147K(237276K), 0.4515174 secs] 123147K->123147K(414236K), [Metaspace: 121210K->121210K(1165312K)], 0.4536651 secs] [Times: user=0.45 sys=0.00, real=0.45 secs] 
2020-03-19T15:03:48.221+0800: 21431.845: [Full GC (Metadata GC Threshold) 2020-03-19T15:03:48.221+0800: 21431.845: [CMS: 123147K->123147K(237276K), 0.5283334 secs] 123151K->123147K(414236K), [Metaspace: 121210K->121210K(1165312K)], 0.5287596 secs] [Times: user=0.50 sys=0.00, real=0.53 secs] 
2020-03-19T15:03:48.750+0800: 21432.374: [Full GC (Last ditch collection) 2020-03-19T15:03:48.750+0800: 21432.375: [CMS: 123147K->123147K(237276K), 0.4865857 secs] 123147K->123147K(414236K), [Metaspace: 121210K->121210K(1165312K)], 0.4870629 secs] [Times: user=0.48 sys=0.00, real=0.48 secs] 
2020-03-19T15:03:49.240+0800: 21432.864: [Full GC (Metadata GC Threshold) 2020-03-19T15:03:49.240+0800: 21432.864: [CMS: 123147K->123147K(237276K), 0.4621971 secs] 123151K->123147K(414236K), [Metaspace: 121210K->121210K(1165312K)], 0.4625988 secs] [Times: user=0.46 sys=0.00, real=0.46 secs] 
2020-03-19T15:03:49.703+0800: 21433.327: [Full GC (Last ditch collection) 2020-03-19T15:03:49.703+0800: 21433.327: [CMS: 123147K->123147K(237276K), 0.4912181 secs] 123147K->123147K(414236K), [Metaspace: 121210K->121210K(1165312K)], 0.4916389 secs] [Times: user=0.48 sys=0.00, real=0.49 secs] 
2020-03-19T15:03:50.200+0800: 21433.825: [Full GC (Metadata GC Threshold) 2020-03-19T15:03:50.200+0800: 21433.825: [CMS: 123147K->123148K(237276K), 0.5119302 secs] 123522K->123148K(414236K), [Metaspace: 121210K->121210K(1165312K)], 0.5124003 secs] [Times: user=0.50 sys=0.00, real=0.51 secs] 
2020-03-19T15:03:50.713+0800: 21434.338: [Full GC (Last ditch collection) 2020-03-19T15:03:50.713+0800: 21434.338: [CMS: 123148K->123147K(237276K), 0.4994932 secs] 123148K->123147K(414236K), [Metaspace: 121210K->121210K(1165312K)], 0.4999791 secs] [Times: user=0.50 sys=0.00, real=0.50 secs] 
2020-03-19T15:03:51.217+0800: 21434.842: [Full GC (Metadata GC Threshold) 2020-03-19T15:03:51.217+0800: 21434.842: [CMS: 123147K->123149K(237276K), 0.4657318 secs] 123228K->123149K(414236K), [Metaspace: 121210K->121210K(1165312K)], 0.4661487 secs] [Times: user=0.46 sys=0.00, real=0.47 secs] 
2020-03-19T15:03:51.684+0800: 21435.308: [Full GC (Last ditch collection) 2020-03-19T15:03:51.684+0800: 21435.308: [CMS: 123149K->123147K(237276K), 0.4551639 secs] 123149K->123147K(414236K), [Metaspace: 121210K->121210K(1165312K)], 0.4555674 secs] [Times: user=0.46 sys=0.00, real=0.46 secs] 
2020-03-19T15:03:52.142+0800: 21435.767: [Full GC (Metadata GC Threshold) 2020-03-19T15:03:52.142+0800: 21435.767: [CMS: 123147K->123147K(237276K), 0.4554313 secs] 123149K->123147K(414236K), [Metaspace: 121210K->121210K(1165312K)], 0.4558600 secs] [Times: user=0.46 sys=0.00, real=0.46 secs] 
2020-03-19T15:03:52.598+0800: 21436.223: [Full GC (Last ditch collection) 2020-03-19T15:03:52.599+0800: 21436.223: [CMS: 123147K->123147K(237276K), 0.4850085 secs] 123147K->123147K(414236K), [Metaspace: 121210K->121210K(1165312K)], 0.4854703 secs] [Times: user=0.48 sys=0.00, real=0.48 secs] 
2020-03-19T15:03:53.087+0800: 21436.711: [Full GC (Metadata GC Threshold) 2020-03-19T15:03:53.087+0800: 21436.712: [CMS: 123147K->123147K(237276K), 0.5014316 secs] 123151K->123147K(414236K), [Metaspace: 121210K->121210K(1165312K)], 0.5018274 secs] [Times: user=0.48 sys=0.00, real=0.50 secs] 
2020-03-19T15:03:53.589+0800: 21437.214: [Full GC (Last ditch collection) 2020-03-19T15:03:53.589+0800: 21437.214: [CMS: 123147K->123147K(237276K), 0.4571646 secs] 123147K->123147K(414236K), [Metaspace: 121210K->121210K(1165312K)], 0.4575512 secs] [Times: user=0.46 sys=0.00, real=0.46 secs] 
2020-03-19T15:03:54.050+0800: 21437.674: [Full GC (Metadata GC Threshold) 2020-03-19T15:03:54.050+0800: 21437.674: [CMS: 123147K->123147K(237276K), 0.4642038 secs] 123151K->123147K(414236K), [Metaspace: 121210K->121210K(1165312K)], 0.4646400 secs] [Times: user=0.46 sys=0.00, real=0.46 secs] 
2020-03-19T15:03:54.514+0800: 21438.139: [Full GC (Last ditch collection) 2020-03-19T15:03:54.515+0800: 21438.139: [CMS: 123147K->123147K(237276K), 0.4752523 secs] 123147K->123147K(414236K), [Metaspace: 121210K->121210K(1165312K)], 0.4757149 secs] [Times: user=0.48 sys=0.00, real=0.48 secs] 
2020-03-19T15:03:54.993+0800: 21438.618: [Full GC (Metadata GC Threshold) 2020-03-19T15:03:54.994+0800: 21438.618: [CMS: 123147K->123149K(237276K), 0.4699522 secs] 123150K->123149K(414236K), [Metaspace: 121210K->121210K(1165312K)], 0.4703636 secs] [Times: user=0.48 sys=0.00, real=0.47 secs] 
2020-03-19T15:03:55.464+0800: 21439.089: [Full GC (Last ditch collection) 2020-03-19T15:03:55.464+0800: 21439.089: [CMS: 123149K->123149K(237276K), 0.4988583 secs] 123149K->123149K(414236K), [Metaspace: 121210K->121210K(1165312K)], 0.4992626 secs] [Times: user=0.49 sys=0.00, real=0.50 secs] 
2020-03-19T15:03:55.966+0800: 21439.591: [Full GC (Metadata GC Threshold) 2020-03-19T15:03:55.966+0800: 21439.591: [CMS: 123149K->123149K(237276K), 0.4764650 secs] 123149K->123149K(414236K), [Metaspace: 121210K->121210K(1165312K)], 0.4768663 secs] [Times: user=0.47 sys=0.00, real=0.47 secs] 
2020-03-19T15:03:56.443+0800: 21440.068: [Full GC (Last ditch collection) 2020-03-19T15:03:56.444+0800: 21440.068: [CMS: 123149K->123149K(237276K), 0.5349149 secs] 123149K->123149K(414236K), [Metaspace: 121210K->121210K(1165312K)], 0.5353329 secs] [Times: user=0.50 sys=0.00, real=0.54 secs] 
2020-03-19T15:03:56.982+0800: 21440.607: [Full GC (Metadata GC Threshold) 2020-03-19T15:03:56.982+0800: 21440.607: [CMS: 123149K->123149K(237276K), 0.5099065 secs] 123183K->123149K(414236K), [Metaspace: 121210K->121210K(1165312K)], 0.5102981 secs] [Times: user=0.48 sys=0.00, real=0.51 secs] 
2020-03-19T15:03:57.493+0800: 21441.117: [Full GC (Last ditch collection) 2020-03-19T15:03:57.493+0800: 21441.117: [CMS: 123149K->123149K(237276K), 0.5792965 secs] 123149K->123149K(414236K), [Metaspace: 121210K->121210K(1165312K)], 0.5796705 secs] [Times: user=0.54 sys=0.00, real=0.58 secs] 
2020-03-19T15:03:58.075+0800: 21441.700: [Full GC (Metadata GC Threshold) 2020-03-19T15:03:58.075+0800: 21441.700: [CMS: 123149K->123149K(237276K), 0.4554361 secs] 123155K->123149K(414236K), [Metaspace: 121210K->121210K(1165312K)], 0.4558019 secs] [Times: user=0.45 sys=0.00, real=0.46 secs] 
2020-03-19T15:03:58.531+0800: 21442.156: [Full GC (Last ditch collection) 2020-03-19T15:03:58.532+0800: 21442.156: [CMS: 123149K->123149K(237276K), 0.5052296 secs] 123149K->123149K(414236K), [Metaspace: 121210K->121210K(1165312K)], 0.5056205 secs] [Times: user=0.49 sys=0.00, real=0.50 secs] 
2020-03-19T15:03:59.040+0800: 21442.664: [Full GC (Metadata GC Threshold) 2020-03-19T15:03:59.040+0800: 21442.665: [CMS: 123149K->123149K(237276K), 0.4588918 secs] 123153K->123149K(414236K), [Metaspace: 121210K->121210K(1165312K)], 0.4593355 secs] [Times: user=0.46 sys=0.00, real=0.46 secs] 
2020-03-19T15:03:59.500+0800: 21443.124: [Full GC (Last ditch collection) 2020-03-19T15:03:59.500+0800: 21443.124: [CMS: 123149K->123149K(237276K), 0.5701435 secs] 123149K->123149K(414236K), [Metaspace: 121210K->121210K(1165312K)], 0.5705780 secs] [Times: user=0.51 sys=0.00, real=0.57 secs] 
2020-03-19T15:04:00.073+0800: 21443.698: [Full GC (Metadata GC Threshold) 2020-03-19T15:04:00.073+0800: 21443.698: [CMS: 123149K->123149K(237276K), 0.4727523 secs] 123151K->123149K(414236K), [Metaspace: 121210K->121210K(1165312K)], 0.4731368 secs] [Times: user=0.47 sys=0.00, real=0.48 secs] 
2020-03-19T15:04:00.547+0800: 21444.171: [Full GC (Last ditch collection) 2020-03-19T15:04:00.547+0800: 21444.171: [CMS: 123149K->123149K(237276K), 0.5262410 secs] 123149K->123149K(414236K), [Metaspace: 121210K->121210K(1165312K)], 0.5266922 secs] [Times: user=0.51 sys=0.00, real=0.52 secs] 
2020-03-19T15:04:01.083+0800: 21444.708: [Full GC (Metadata GC Threshold) 2020-03-19T15:04:01.085+0800: 21444.709: [CMS: 123149K->123149K(237276K), 0.6913316 secs] 123161K->123149K(414236K), [Metaspace: 121210K->121210K(1165312K)], 0.6933025 secs] [Times: user=0.55 sys=0.00, real=0.69 secs] 
2020-03-19T15:04:01.777+0800: 21445.401: [Full GC (Last ditch collection) 2020-03-19T15:04:01.777+0800: 21445.401: [CMS: 123149K->123149K(237276K), 0.4539867 secs] 123149K->123149K(414236K), [Metaspace: 121210K->121210K(1165312K)], 0.4545187 secs] [Times: user=0.45 sys=0.00, real=0.46 secs] 
2020-03-19T15:04:02.234+0800: 21445.859: [Full GC (Metadata GC Threshold) 2020-03-19T15:04:02.234+0800: 21445.859: [CMS: 123149K->123166K(237276K), 0.5003107 secs] 123177K->123166K(414236K), [Metaspace: 121210K->121210K(1165312K)], 0.5007599 secs] [Times: user=0.47 sys=0.00, real=0.50 secs] 
2020-03-19T15:04:02.735+0800: 21446.360: [Full GC (Last ditch collection) 2020-03-19T15:04:02.736+0800: 21446.360: [CMS: 123166K->123166K(237276K), 0.4753840 secs] 123166K->123166K(414236K), [Metaspace: 121210K->121210K(1165312K)], 0.4759010 secs] [Times: user=0.48 sys=0.00, real=0.48 secs] 
2020-03-19T15:04:03.215+0800: 21446.840: [Full GC (Metadata GC Threshold) 2020-03-19T15:04:03.215+0800: 21446.840: [CMS: 123166K->123166K(237276K), 0.5023543 secs] 123170K->123166K(414236K), [Metaspace: 121210K->121210K(1165312K)], 0.5027948 secs] [Times: user=0.50 sys=0.00, real=0.50 secs] 
2020-03-19T15:04:03.718+0800: 21447.343: [Full GC (Last ditch collection) 2020-03-19T15:04:03.718+0800: 21447.343: [CMS: 123166K->123166K(237276K), 0.4634701 secs] 123166K->123166K(414236K), [Metaspace: 121210K->121210K(1165312K)], 0.4639011 secs] [Times: user=0.46 sys=0.00, real=0.47 secs] 
2020-03-19T15:04:04.185+0800: 21447.809: [Full GC (Metadata GC Threshold) 2020-03-19T15:04:04.185+0800: 21447.809: [CMS: 123166K->123166K(237276K), 0.4863293 secs] 123166K->123166K(414236K), [Metaspace: 121210K->121210K(1165312K)], 0.4867643 secs] [Times: user=0.49 sys=0.00, real=0.49 secs] 
2020-03-19T15:04:04.672+0800: 21448.296: [Full GC (Last ditch collection) 2020-03-19T15:04:04.672+0800: 21448.297: [CMS: 123166K->123166K(237276K), 0.5730735 secs] 123166K->123166K(414236K), [Metaspace: 121210K->121210K(1165312K)], 0.5735699 secs] [Times: user=0.53 sys=0.00, real=0.57 secs] 
2020-03-19T15:04:05.249+0800: 21448.874: [Full GC (Metadata GC Threshold) 2020-03-19T15:04:05.249+0800: 21448.874: [CMS: 123166K->123166K(237276K), 0.4896465 secs] 123166K->123166K(414236K), [Metaspace: 121210K->121210K(1165312K)], 0.4901413 secs] [Times: user=0.48 sys=0.00, real=0.49 secs] 
2020-03-19T15:04:05.740+0800: 21449.364: [Full GC (Last ditch collection) 2020-03-19T15:04:05.740+0800: 21449.364: [CMS: 123166K->123166K(237276K), 0.4577068 secs] 123166K->123166K(414236K), [Metaspace: 121210K->121210K(1165312K)], 0.4580830 secs] [Times: user=0.46 sys=0.00, real=0.45 secs] 
2020-03-19T15:04:06.201+0800: 21449.825: [Full GC (Metadata GC Threshold) 2020-03-19T15:04:06.201+0800: 21449.825: [CMS: 123166K->123166K(237276K), 0.4879909 secs] 123170K->123166K(414236K), [Metaspace: 121210K->121210K(1165312K)], 0.4884006 secs] [Times: user=0.49 sys=0.00, real=0.49 secs] 
2020-03-19T15:04:06.689+0800: 21450.314: [Full GC (Last ditch collection) 2020-03-19T15:04:06.689+0800: 21450.314: [CMS: 123166K->123166K(237276K), 0.4761052 secs] 123166K->123166K(414236K), [Metaspace: 121210K->121210K(1165312K)], 0.4765408 secs] [Times: user=0.47 sys=0.00, real=0.47 secs] 
2020-03-19T15:04:07.169+0800: 21450.794: [Full GC (Metadata GC Threshold) 2020-03-19T15:04:07.169+0800: 21450.794: [CMS: 123166K->123166K(237276K), 0.4707037 secs] 123168K->123166K(414236K), [Metaspace: 121210K->121210K(1165312K)], 0.4711312 secs] [Times: user=0.47 sys=0.00, real=0.47 secs] 
2020-03-19T15:04:07.640+0800: 21451.265: [Full GC (Last ditch collection) 2020-03-19T15:04:07.641+0800: 21451.265: [CMS: 123166K->123166K(237276K), 0.4689203 secs] 123166K->123166K(414236K), [Metaspace: 121210K->121210K(1165312K)], 0.4692874 secs] [Times: user=0.47 sys=0.00, real=0.47 secs] 
2020-03-19T15:04:08.113+0800: 21451.737: [Full GC (Metadata GC Threshold) 2020-03-19T15:04:08.113+0800: 21451.737: [CMS: 123166K->123166K(237276K), 0.5001483 secs] 123168K->123166K(414236K), [Metaspace: 121210K->121210K(1165312K)], 0.5005391 secs] [Times: user=0.48 sys=0.00, real=0.50 secs] 
2020-03-19T15:04:08.614+0800: 21452.238: [Full GC (Last ditch collection) 2020-03-19T15:04:08.614+0800: 21452.238: [CMS: 123166K->123166K(237276K), 0.4935589 secs] 123166K->123166K(414236K), [Metaspace: 121210K->121210K(1165312K)], 0.4939298 secs] [Times: user=0.49 sys=0.00, real=0.50 secs] 
2020-03-19T15:04:09.110+0800: 21452.735: [Full GC (Metadata GC Threshold) 2020-03-19T15:04:09.110+0800: 21452.735: [CMS: 123166K->123166K(237276K), 0.4749924 secs] 123168K->123166K(414236K), [Metaspace: 121210K->121210K(1165312K)], 0.4753896 secs] [Times: user=0.48 sys=0.00, real=0.47 secs] 
2020-03-19T15:04:09.586+0800: 21453.210: [Full GC (Last ditch collection) 2020-03-19T15:04:09.586+0800: 21453.211: [CMS: 123166K->123166K(237276K), 0.4609041 secs] 123166K->123166K(414236K), [Metaspace: 121210K->121210K(1165312K)], 0.4612939 secs] [Times: user=0.46 sys=0.00, real=0.47 secs] 
2020-03-19T15:04:10.050+0800: 21453.675: [Full GC (Metadata GC Threshold) 2020-03-19T15:04:10.050+0800: 21453.675: [CMS: 123166K->123166K(237276K), 0.4584217 secs] 123170K->123166K(414236K), [Metaspace: 121210K->121210K(1165312K)], 0.4588930 secs] [Times: user=0.46 sys=0.00, real=0.46 secs] 
2020-03-19T15:04:10.509+0800: 21454.134: [Full GC (Last ditch collection) 2020-03-19T15:04:10.510+0800: 21454.134: [CMS: 123166K->123166K(237276K), 0.5053207 secs] 123166K->123166K(414236K), [Metaspace: 121210K->121210K(1165312K)], 0.5057405 secs] [Times: user=0.50 sys=0.00, real=0.50 secs] 
2020-03-19T15:04:11.018+0800: 21454.643: [Full GC (Metadata GC Threshold) 2020-03-19T15:04:11.018+0800: 21454.643: [CMS: 123166K->123166K(237276K), 0.4601283 secs] 123166K->123166K(414236K), [Metaspace: 121210K->121210K(1165312K)], 0.4605412 secs] [Times: user=0.46 sys=0.00, real=0.46 secs] 
2020-03-19T15:04:11.479+0800: 21455.104: [Full GC (Last ditch collection) 2020-03-19T15:04:11.479+0800: 21455.104: [CMS: 123166K->123166K(237276K), 0.4692378 secs] 123166K->123166K(414236K), [Metaspace: 121210K->121210K(1165312K)], 0.4696069 secs] [Times: user=0.47 sys=0.00, real=0.47 secs] 
2020-03-19T15:04:11.952+0800: 21455.576: [Full GC (Metadata GC Threshold) 2020-03-19T15:04:11.952+0800: 21455.576: [CMS: 123166K->123166K(237276K), 0.4762629 secs] 123172K->123166K(414236K), [Metaspace: 121210K->121210K(1165312K)], 0.4766564 secs] [Times: user=0.48 sys=0.00, real=0.48 secs] 
2020-03-19T15:04:12.429+0800: 21456.053: [Full GC (Last ditch collection) 2020-03-19T15:04:12.429+0800: 21456.053: [CMS: 123166K->123166K(237276K), 0.6010166 secs] 123166K->123166K(414236K), [Metaspace: 121210K->121210K(1165312K)], 0.6014270 secs] [Times: user=0.55 sys=0.00, real=0.60 secs] 
2020-03-19T15:04:13.033+0800: 21456.658: [Full GC (Metadata GC Threshold) 2020-03-19T15:04:13.033+0800: 21456.658: [CMS: 123166K->123166K(237276K), 0.4673754 secs] 123178K->123166K(414236K), [Metaspace: 121210K->121210K(1165312K)], 0.4679143 secs] [Times: user=0.46 sys=0.00, real=0.47 secs] 
2020-03-19T15:04:13.501+0800: 21457.126: [Full GC (Last ditch collection) 2020-03-19T15:04:13.501+0800: 21457.126: [CMS: 123166K->123166K(237276K), 0.4606202 secs] 123166K->123166K(414236K), [Metaspace: 121210K->121210K(1165312K)], 0.4610544 secs] [Times: user=0.46 sys=0.00, real=0.46 secs] 
2020-03-19T15:04:13.965+0800: 21457.590: [Full GC (Metadata GC Threshold) 2020-03-19T15:04:13.966+0800: 21457.590: [CMS: 123166K->123165K(237276K), 0.5038427 secs] 123170K->123165K(414236K), [Metaspace: 121210K->121210K(1165312K)], 0.5042924 secs] [Times: user=0.50 sys=0.00, real=0.51 secs] 
2020-03-19T15:04:14.470+0800: 21458.095: [Full GC (Last ditch collection) 2020-03-19T15:04:14.470+0800: 21458.095: [CMS: 123165K->123165K(237276K), 0.5101967 secs] 123165K->123165K(414236K), [Metaspace: 121210K->121210K(1165312K)], 0.5106364 secs] [Times: user=0.50 sys=0.00, real=0.51 secs] 
2020-03-19T15:04:14.983+0800: 21458.608: [Full GC (Metadata GC Threshold) 2020-03-19T15:04:14.984+0800: 21458.608: [CMS: 123165K->123165K(237276K), 0.4670606 secs] 123169K->123165K(414236K), [Metaspace: 121210K->121210K(1165312K)], 0.4674504 secs] [Times: user=0.46 sys=0.00, real=0.47 secs] 
2020-03-19T15:04:15.451+0800: 21459.076: [Full GC (Last ditch collection) 2020-03-19T15:04:15.451+0800: 21459.076: [CMS: 123165K->123165K(237276K), 0.4773091 secs] 123165K->123165K(414236K), [Metaspace: 121210K->121210K(1165312K)], 0.4776822 secs] [Times: user=0.47 sys=0.00, real=0.48 secs] 
2020-03-19T15:04:15.932+0800: 21459.556: [Full GC (Metadata GC Threshold) 2020-03-19T15:04:15.932+0800: 21459.557: [CMS: 123165K->123165K(237276K), 0.5695693 secs] 123184K->123165K(414236K), [Metaspace: 121210K->121210K(1165312K)], 0.5699942 secs] [Times: user=0.50 sys=0.00, real=0.57 secs] 
2020-03-19T15:04:16.502+0800: 21460.127: [Full GC (Last ditch collection) 2020-03-19T15:04:16.502+0800: 21460.127: [CMS: 123165K->123165K(237276K), 0.4949069 secs] 123165K->123165K(414236K), [Metaspace: 121210K->121210K(1165312K)], 0.4953290 secs] [Times: user=0.50 sys=0.00, real=0.49 secs] 
2020-03-19T15:04:17.001+0800: 21460.625: [GC (CMS Initial Mark) [1 CMS-initial-mark: 123165K(237276K)] 123169K(414236K), 0.0094583 secs] [Times: user=0.02 sys=0.00, real=0.01 secs] 
2020-03-19T15:04:17.011+0800: 21460.635: [CMS-concurrent-mark-start]
2020-03-19T15:04:17.027+0800: 21460.652: [Full GC (Metadata GC Threshold) 2020-03-19T15:04:17.027+0800: 21460.652: [CMS2020-03-19T15:04:17.215+0800: 21460.840: [CMS-concurrent-mark: 0.195/0.205 secs] [Times: user=0.20 sys=0.00, real=0.20 secs] 
 (concurrent mode failure): 123165K->123150K(237276K), 0.6821522 secs] 125278K->123150K(414236K), [Metaspace: 121210K->121210K(1165312K)], 0.6825845 secs] [Times: user=0.67 sys=0.00, real=0.68 secs] 
2020-03-19T15:04:17.710+0800: 21461.334: [Full GC (Last ditch collection) 2020-03-19T15:04:17.710+0800: 21461.335: [CMS: 123150K->123148K(237276K), 0.4606666 secs] 123150K->123148K(414236K), [Metaspace: 121210K->121210K(1165312K)], 0.4611502 secs] [Times: user=0.46 sys=0.00, real=0.46 secs] 
2020-03-19T15:04:18.176+0800: 21461.801: [Full GC (Metadata GC Threshold) 2020-03-19T15:04:18.176+0800: 21461.801: [CMS: 123148K->123154K(237276K), 0.5596673 secs] 123205K->123154K(414236K), [Metaspace: 121210K->121210K(1165312K)], 0.5601217 secs] [Times: user=0.55 sys=0.00, real=0.56 secs] 
2020-03-19T15:04:18.736+0800: 21462.361: [Full GC (Last ditch collection) 2020-03-19T15:04:18.737+0800: 21462.361: [CMS: 123154K->123154K(237276K), 0.4848226 secs] 123154K->123154K(414236K), [Metaspace: 121210K->121210K(1165312K)], 0.4852552 secs] [Times: user=0.48 sys=0.00, real=0.49 secs] 
2020-03-19T15:04:19.225+0800: 21462.849: [Full GC (Metadata GC Threshold) 2020-03-19T15:04:19.225+0800: 21462.849: [CMS: 123154K->123154K(237276K), 0.5253353 secs] 123158K->123154K(414236K), [Metaspace: 121210K->121210K(1165312K)], 0.5257452 secs] [Times: user=0.48 sys=0.00, real=0.53 secs] 
2020-03-19T15:04:19.751+0800: 21463.375: [Full GC (Last ditch collection) 2020-03-19T15:04:19.751+0800: 21463.375: [CMS: 123154K->123154K(237276K), 0.5441932 secs] 123154K->123154K(414236K), [Metaspace: 121210K->121210K(1165312K)], 0.5445870 secs] [Times: user=0.50 sys=0.00, real=0.54 secs] 
2020-03-19T15:04:20.298+0800: 21463.923: [Full GC (Metadata GC Threshold) 2020-03-19T15:04:20.298+0800: 21463.923: [CMS: 123154K->123154K(237276K), 0.4780011 secs] 123154K->123154K(414236K), [Metaspace: 121210K->121210K(1165312K)], 0.4784520 secs] [Times: user=0.47 sys=0.00, real=0.48 secs] 
2020-03-19T15:04:20.777+0800: 21464.401: [Full GC (Last ditch collection) 2020-03-19T15:04:20.777+0800: 21464.402: [CMS: 123154K->123154K(237276K), 0.4759699 secs] 123154K->123154K(414236K), [Metaspace: 121210K->121210K(1165312K)], 0.4764391 secs] [Times: user=0.47 sys=0.00, real=0.48 secs] 
2020-03-19T15:04:21.256+0800: 21464.881: [Full GC (Metadata GC Threshold) 2020-03-19T15:04:21.257+0800: 21464.881: [CMS: 123154K->123154K(237276K), 0.4678538 secs] 123154K->123154K(414236K), [Metaspace: 121210K->121210K(1165312K)], 0.4683271 secs] [Times: user=0.46 sys=0.00, real=0.47 secs] 
2020-03-19T15:04:21.725+0800: 21465.350: [Full GC (Last ditch collection) 2020-03-19T15:04:21.725+0800: 21465.350: [CMS: 123154K->123154K(237276K), 0.4487475 secs] 123154K->123154K(414236K), [Metaspace: 121210K->121210K(1165312K)], 0.4492065 secs] [Times: user=0.45 sys=0.00, real=0.45 secs] 
2020-03-19T15:04:22.178+0800: 21465.802: [Full GC (Metadata GC Threshold) 2020-03-19T15:04:22.178+0800: 21465.802: [CMS: 123154K->123154K(237276K), 0.4601883 secs] 123158K->123154K(414236K), [Metaspace: 121210K->121210K(1165312K)], 0.4606874 secs] [Times: user=0.46 sys=0.00, real=0.47 secs] 
2020-03-19T15:04:22.639+0800: 21466.263: [Full GC (Last ditch collection) 2020-03-19T15:04:22.639+0800: 21466.263: [CMS: 123154K->123154K(237276K), 0.4878800 secs] 123154K->123154K(414236K), [Metaspace: 121210K->121210K(1165312K)], 0.4883250 secs] [Times: user=0.49 sys=0.00, real=0.49 secs] 
2020-03-19T15:04:23.130+0800: 21466.754: [Full GC (Metadata GC Threshold) 2020-03-19T15:04:23.130+0800: 21466.754: [CMS: 123154K->123154K(237276K), 0.5104809 secs] 123162K->123154K(414236K), [Metaspace: 121210K->121210K(1165312K)], 0.5109565 secs] [Times: user=0.50 sys=0.00, real=0.51 secs] 
2020-03-19T15:04:23.641+0800: 21467.266: [Full GC (Last ditch collection) 2020-03-19T15:04:23.641+0800: 21467.266: [CMS: 123154K->123154K(237276K), 0.4620528 secs] 123154K->123154K(414236K), [Metaspace: 121210K->121210K(1165312K)], 0.4625052 secs] [Times: user=0.46 sys=0.00, real=0.46 secs] 
2020-03-19T15:04:24.107+0800: 21467.731: [Full GC (Metadata GC Threshold) 2020-03-19T15:04:24.107+0800: 21467.731: [CMS: 123154K->123161K(237276K), 0.4726960 secs] 123166K->123161K(414236K), [Metaspace: 121210K->121210K(1165312K)], 0.4731077 secs] [Times: user=0.47 sys=0.00, real=0.47 secs] 
2020-03-19T15:04:24.580+0800: 21468.205: [Full GC (Last ditch collection) 2020-03-19T15:04:24.580+0800: 21468.205: [CMS: 123161K->123161K(237276K), 0.4806569 secs] 123161K->123161K(414236K), [Metaspace: 121210K->121210K(1165312K)], 0.4810567 secs] [Times: user=0.48 sys=0.00, real=0.48 secs] 
2020-03-19T15:04:25.064+0800: 21468.689: [Full GC (Metadata GC Threshold) 2020-03-19T15:04:25.064+0800: 21468.689: [CMS: 123161K->123161K(237276K), 0.4816016 secs] 123163K->123161K(414236K), [Metaspace: 121210K->121210K(1165312K)], 0.4820495 secs] [Times: user=0.48 sys=0.00, real=0.49 secs] 
2020-03-19T15:04:25.546+0800: 21469.171: [Full GC (Last ditch collection) 2020-03-19T15:04:25.547+0800: 21469.171: [CMS: 123161K->123161K(237276K), 0.5018856 secs] 123161K->123161K(414236K), [Metaspace: 121210K->121210K(1165312K)], 0.5023006 secs] [Times: user=0.50 sys=0.00, real=0.50 secs] 
2020-03-19T15:04:26.052+0800: 21469.676: [Full GC (Metadata GC Threshold) 2020-03-19T15:04:26.052+0800: 21469.676: [CMS: 123161K->123161K(237276K), 0.4751248 secs] 123163K->123161K(414236K), [Metaspace: 121210K->121210K(1165312K)], 0.4755511 secs] [Times: user=0.47 sys=0.00, real=0.48 secs] 
2020-03-19T15:04:26.528+0800: 21470.152: [Full GC (Last ditch collection) 2020-03-19T15:04:26.528+0800: 21470.152: [CMS: 123161K->123161K(237276K), 0.5221062 secs] 123161K->123161K(414236K), [Metaspace: 121210K->121210K(1165312K)], 0.5224837 secs] [Times: user=0.51 sys=0.00, real=0.52 secs] 
2020-03-19T15:04:27.056+0800: 21470.681: [GC (CMS Initial Mark) [1 CMS-initial-mark: 123161K(237276K)] 123379K(414236K), 0.0087744 secs] [Times: user=0.02 sys=0.00, real=0.01 secs] 
2020-03-19T15:04:27.065+0800: 21470.690: [CMS-concurrent-mark-start]
2020-03-19T15:04:27.076+0800: 21470.700: [Full GC (Metadata GC Threshold) 2020-03-19T15:04:27.076+0800: 21470.700: [CMS2020-03-19T15:04:27.290+0800: 21470.915: [CMS-concurrent-mark: 0.216/0.225 secs] [Times: user=0.21 sys=0.00, real=0.23 secs] 
 (concurrent mode failure): 123161K->123106K(237276K), 0.7188783 secs] 123514K->123106K(414236K), [Metaspace: 121210K->121210K(1165312K)], 0.7193683 secs] [Times: user=0.68 sys=0.00, real=0.72 secs] 
2020-03-19T15:04:27.795+0800: 21471.420: [Full GC (Last ditch collection) 2020-03-19T15:04:27.796+0800: 21471.420: [CMS: 123106K->123106K(237276K), 0.5154516 secs] 123106K->123106K(414236K), [Metaspace: 121210K->121210K(1165312K)], 0.5158989 secs] [Times: user=0.50 sys=0.00, real=0.52 secs] 
2020-03-19T15:04:28.315+0800: 21471.940: [Full GC (Metadata GC Threshold) 2020-03-19T15:04:28.316+0800: 21471.940: [CMS: 123106K->123117K(237276K), 0.4933481 secs] 123241K->123117K(414236K), [Metaspace: 121210K->121210K(1165312K)], 0.4937738 secs] [Times: user=0.48 sys=0.00, real=0.50 secs] 
2020-03-19T15:04:28.810+0800: 21472.434: [Full GC (Last ditch collection) 2020-03-19T15:04:28.810+0800: 21472.434: [CMS: 123117K->123116K(237276K), 0.5021563 secs] 123117K->123116K(414236K), [Metaspace: 121210K->121210K(1165312K)], 0.5025890 secs] [Times: user=0.48 sys=0.00, real=0.50 secs] 
2020-03-19T15:04:29.315+0800: 21472.940: [Full GC (Metadata GC Threshold) 2020-03-19T15:04:29.316+0800: 21472.940: [CMS: 123116K->123116K(237276K), 0.4996698 secs] 123128K->123116K(414236K), [Metaspace: 121210K->121210K(1165312K)], 0.5000648 secs] [Times: user=0.50 sys=0.00, real=0.50 secs] 
2020-03-19T15:04:29.816+0800: 21473.440: [Full GC (Last ditch collection) 2020-03-19T15:04:29.816+0800: 21473.440: [CMS: 123116K->123116K(237276K), 0.4854646 secs] 123116K->123116K(414236K), [Metaspace: 121210K->121210K(1165312K)], 0.4858816 secs] [Times: user=0.47 sys=0.00, real=0.49 secs] 
2020-03-19T15:04:30.305+0800: 21473.929: [Full GC (Metadata GC Threshold) 2020-03-19T15:04:30.305+0800: 21473.929: [CMS: 123116K->123116K(237276K), 0.5266950 secs] 123120K->123116K(414236K), [Metaspace: 121210K->121210K(1165312K)], 0.5271375 secs] [Times: user=0.50 sys=0.00, real=0.53 secs] 
2020-03-19T15:04:30.832+0800: 21474.456: [Full GC (Last ditch collection) 2020-03-19T15:04:30.832+0800: 21474.457: [CMS: 123116K->123116K(237276K), 0.6068671 secs] 123116K->123116K(414236K), [Metaspace: 121210K->121210K(1165312K)], 0.6072228 secs] [Times: user=0.51 sys=0.00, real=0.61 secs] 
2020-03-19T15:04:31.442+0800: 21475.067: [Full GC (Metadata GC Threshold) 2020-03-19T15:04:31.442+0800: 21475.067: [CMS: 123116K->123116K(237276K), 0.4688138 secs] 123120K->123116K(414236K), [Metaspace: 121210K->121210K(1165312K)], 0.4692396 secs] [Times: user=0.46 sys=0.00, real=0.47 secs] 
2020-03-19T15:04:31.912+0800: 21475.536: [Full GC (Last ditch collection) 2020-03-19T15:04:31.912+0800: 21475.536: [CMS: 123116K->123116K(237276K), 0.4645539 secs] 123116K->123116K(414236K), [Metaspace: 121210K->121210K(1165312K)], 0.4649715 secs] [Times: user=0.46 sys=0.00, real=0.46 secs] 
2020-03-19T15:04:32.390+0800: 21476.014: [Full GC (Metadata GC Threshold) 2020-03-19T15:04:32.390+0800: 21476.014: [CMS: 123116K->123165K(237276K), 0.5792924 secs] 123948K->123165K(414236K), [Metaspace: 121210K->121210K(1165312K)], 0.5798145 secs] [Times: user=0.51 sys=0.00, real=0.58 secs] 
2020-03-19T15:04:32.970+0800: 21476.594: [Full GC (Last ditch collection) 2020-03-19T15:04:32.970+0800: 21476.595: [CMS: 123165K->123163K(237276K), 0.5332089 secs] 123165K->123163K(414236K), [Metaspace: 121210K->121210K(1165312K)], 0.5338682 secs] [Times: user=0.49 sys=0.00, real=0.53 secs] 
2020-03-19T15:04:33.507+0800: 21477.131: [GC (CMS Initial Mark) [1 CMS-initial-mark: 123163K(237276K)] 123172K(414236K), 0.0095398 secs] [Times: user=0.01 sys=0.00, real=0.00 secs] 
2020-03-19T15:04:33.523+0800: 21477.148: [CMS-concurrent-mark-start]
2020-03-19T15:04:33.533+0800: 21477.157: [Full GC (Metadata GC Threshold) 2020-03-19T15:04:33.533+0800: 21477.158: [CMS2020-03-19T15:04:33.722+0800: 21477.347: [CMS-concurrent-mark: 0.191/0.199 secs] [Times: user=0.20 sys=0.00, real=0.20 secs] 
 (concurrent mode failure): 123163K->123198K(237276K), 0.6800848 secs] 123927K->123198K(414236K), [Metaspace: 121210K->121210K(1165312K)], 0.6805776 secs] [Times: user=0.67 sys=0.00, real=0.68 secs] 
2020-03-19T15:04:34.214+0800: 21477.838: [Full GC (Last ditch collection) 2020-03-19T15:04:34.214+0800: 21477.838: [CMS: 123198K->123197K(237276K), 0.4983115 secs] 123198K->123197K(414236K), [Metaspace: 121210K->121210K(1165312K)], 0.4987404 secs] [Times: user=0.49 sys=0.00, real=0.50 secs] 
2020-03-19T15:04:34.715+0800: 21478.340: [Full GC (Metadata GC Threshold) 2020-03-19T15:04:34.715+0800: 21478.340: [CMS: 123197K->123197K(237276K), 0.5556486 secs] 123197K->123197K(414236K), [Metaspace: 121210K->121210K(1165312K)], 0.5563369 secs] [Times: user=0.52 sys=0.00, real=0.56 secs] 
2020-03-19T15:04:35.272+0800: 21478.897: [Full GC (Last ditch collection) 2020-03-19T15:04:35.272+0800: 21478.897: [CMS: 123197K->123197K(237276K), 0.4904723 secs] 123197K->123197K(414236K), [Metaspace: 121210K->121210K(1165312K)], 0.4909097 secs] [Times: user=0.48 sys=0.00, real=0.49 secs] 
2020-03-19T15:04:35.766+0800: 21479.390: [Full GC (Metadata GC Threshold) 2020-03-19T15:04:35.766+0800: 21479.391: [CMS: 123197K->123197K(237276K), 0.4672863 secs] 123201K->123197K(414236K), [Metaspace: 121210K->121210K(1165312K)], 0.4676836 secs] [Times: user=0.46 sys=0.00, real=0.47 secs] 
2020-03-19T15:04:36.234+0800: 21479.858: [Full GC (Last ditch collection) 2020-03-19T15:04:36.234+0800: 21479.859: [CMS: 123197K->123197K(237276K), 0.4873953 secs] 123197K->123197K(414236K), [Metaspace: 121210K->121210K(1165312K)], 0.4878230 secs] [Times: user=0.48 sys=0.00, real=0.49 secs] 
2020-03-19T15:04:36.725+0800: 21480.349: [Full GC (Metadata GC Threshold) 2020-03-19T15:04:36.725+0800: 21480.350: [CMS: 123197K->123197K(237276K), 0.4856512 secs] 123203K->123197K(414236K), [Metaspace: 121210K->121210K(1165312K)], 0.4860579 secs] [Times: user=0.47 sys=0.00, real=0.49 secs] 
2020-03-19T15:04:37.211+0800: 21480.836: [Full GC (Last ditch collection) 2020-03-19T15:04:37.211+0800: 21480.836: [CMS: 123197K->123197K(237276K), 0.4675178 secs] 123197K->123197K(414236K), [Metaspace: 121210K->121210K(1165312K)], 0.4679347 secs] [Times: user=0.46 sys=0.00, real=0.47 secs] 
2020-03-19T15:04:37.682+0800: 21481.307: [Full GC (Metadata GC Threshold) 2020-03-19T15:04:37.683+0800: 21481.307: [CMS: 123197K->123197K(237276K), 0.4612274 secs] 123211K->123197K(414236K), [Metaspace: 121210K->121210K(1165312K)], 0.4616586 secs] [Times: user=0.46 sys=0.00, real=0.46 secs] 
2020-03-19T15:04:38.144+0800: 21481.769: [Full GC (Last ditch collection) 2020-03-19T15:04:38.144+0800: 21481.769: [CMS: 123197K->123197K(237276K), 0.4912220 secs] 123197K->123197K(414236K), [Metaspace: 121210K->121210K(1165312K)], 0.4915740 secs] [Times: user=0.47 sys=0.00, real=0.49 secs] 
2020-03-19T15:04:38.639+0800: 21482.263: [Full GC (Metadata GC Threshold) 2020-03-19T15:04:38.639+0800: 21482.264: [CMS: 123197K->123198K(237276K), 0.4884233 secs] 123199K->123198K(414236K), [Metaspace: 121210K->121210K(1165312K)], 0.4888453 secs] [Times: user=0.49 sys=0.00, real=0.49 secs] 
2020-03-19T15:04:39.128+0800: 21482.753: [Full GC (Last ditch collection) 2020-03-19T15:04:39.128+0800: 21482.753: [CMS: 123198K->123198K(237276K), 0.4622300 secs] 123198K->123198K(414236K), [Metaspace: 121210K->121210K(1165312K)], 0.4626022 secs] [Times: user=0.46 sys=0.00, real=0.46 secs] 
2020-03-19T15:04:39.594+0800: 21483.218: [Full GC (Metadata GC Threshold) 2020-03-19T15:04:39.594+0800: 21483.218: [CMS: 123198K->123198K(237276K), 0.4673983 secs] 123198K->123198K(414236K), [Metaspace: 121210K->121210K(1165312K)], 0.4678642 secs] [Times: user=0.46 sys=0.00, real=0.47 secs] 
2020-03-19T15:04:40.062+0800: 21483.686: [Full GC (Last ditch collection) 2020-03-19T15:04:40.063+0800: 21483.687: [CMS: 123198K->123198K(237276K), 0.4783365 secs] 123198K->123198K(414236K), [Metaspace: 121210K->121210K(1165312K)], 0.4794131 secs] [Times: user=0.47 sys=0.00, real=0.48 secs] 
2020-03-19T15:04:40.544+0800: 21484.168: [Full GC (Metadata GC Threshold) 2020-03-19T15:04:40.544+0800: 21484.169: [CMS: 123198K->123198K(237276K), 0.5681750 secs] 123200K->123198K(414236K), [Metaspace: 121210K->121210K(1165312K)], 0.5686051 secs] [Times: user=0.52 sys=0.00, real=0.57 secs] 
2020-03-19T15:04:41.113+0800: 21484.737: [Full GC (Last ditch collection) 2020-03-19T15:04:41.113+0800: 21484.737: [CMS: 123198K->123198K(237276K), 0.4635069 secs] 123198K->123198K(414236K), [Metaspace: 121210K->121210K(1165312K)], 0.4638725 secs] [Times: user=0.46 sys=0.00, real=0.46 secs] 
2020-03-19T15:04:41.579+0800: 21485.204: [Full GC (Metadata GC Threshold) 2020-03-19T15:04:41.580+0800: 21485.204: [CMS: 123198K->123198K(237276K), 0.5142532 secs] 123202K->123198K(414236K), [Metaspace: 121210K->121210K(1165312K)], 0.5146689 secs] [Times: user=0.48 sys=0.00, real=0.51 secs] 
2020-03-19T15:04:42.094+0800: 21485.719: [Full GC (Last ditch collection) 2020-03-19T15:04:42.095+0800: 21485.719: [CMS: 123198K->123198K(237276K), 0.4731849 secs] 123198K->123198K(414236K), [Metaspace: 121210K->121210K(1165312K)], 0.4735788 secs] [Times: user=0.47 sys=0.00, real=0.48 secs] 
2020-03-19T15:04:42.571+0800: 21486.196: [Full GC (Metadata GC Threshold) 2020-03-19T15:04:42.572+0800: 21486.196: [CMS: 123198K->123198K(237276K), 0.5687592 secs] 123200K->123198K(414236K), [Metaspace: 121210K->121210K(1165312K)], 0.5691828 secs] [Times: user=0.54 sys=0.00, real=0.57 secs] 
2020-03-19T15:04:43.141+0800: 21486.765: [Full GC (Last ditch collection) 2020-03-19T15:04:43.141+0800: 21486.766: [CMS: 123198K->123198K(237276K), 0.4585074 secs] 123198K->123198K(414236K), [Metaspace: 121210K->121210K(1165312K)], 0.4589203 secs] [Times: user=0.46 sys=0.00, real=0.46 secs] 
2020-03-19T15:04:43.603+0800: 21487.227: [Full GC (Metadata GC Threshold) 2020-03-19T15:04:43.603+0800: 21487.227: [CMS: 123198K->123198K(237276K), 0.4683029 secs] 123202K->123198K(414236K), [Metaspace: 121210K->121210K(1165312K)], 0.4687044 secs] [Times: user=0.47 sys=0.00, real=0.47 secs] 
2020-03-19T15:04:44.072+0800: 21487.696: [Full GC (Last ditch collection) 2020-03-19T15:04:44.072+0800: 21487.696: [CMS: 123198K->123198K(237276K), 0.4655105 secs] 123198K->123198K(414236K), [Metaspace: 121210K->121210K(1165312K)], 0.4658650 secs] [Times: user=0.47 sys=0.00, real=0.46 secs] 
2020-03-19T15:04:44.540+0800: 21488.165: [Full GC (Metadata GC Threshold) 2020-03-19T15:04:44.540+0800: 21488.165: [CMS: 123198K->123199K(237276K), 0.4810908 secs] 123201K->123199K(414236K), [Metaspace: 121210K->121210K(1165312K)], 0.4815235 secs] [Times: user=0.48 sys=0.00, real=0.48 secs] 
2020-03-19T15:04:45.022+0800: 21488.647: [Full GC (Last ditch collection) 2020-03-19T15:04:45.022+0800: 21488.647: [CMS: 123199K->123199K(237276K), 0.4732950 secs] 123199K->123199K(414236K), [Metaspace: 121210K->121210K(1165312K)], 0.4737785 secs] [Times: user=0.47 sys=0.00, real=0.48 secs] 
2020-03-19T15:04:45.501+0800: 21489.126: [Full GC (Metadata GC Threshold) 2020-03-19T15:04:45.501+0800: 21489.126: [CMS: 123199K->123199K(237276K), 0.4706095 secs] 123199K->123199K(414236K), [Metaspace: 121210K->121210K(1165312K)], 0.4710108 secs] [Times: user=0.46 sys=0.00, real=0.47 secs] 
2020-03-19T15:04:45.972+0800: 21489.597: [Full GC (Last ditch collection) 2020-03-19T15:04:45.972+0800: 21489.597: [CMS: 123199K->123199K(237276K), 0.5538484 secs] 123199K->123199K(414236K), [Metaspace: 121210K->121210K(1165312K)], 0.5542187 secs] [Times: user=0.53 sys=0.00, real=0.56 secs] 
2020-03-19T15:04:46.530+0800: 21490.154: [Full GC (Metadata GC Threshold) 2020-03-19T15:04:46.530+0800: 21490.155: [CMS: 123199K->123200K(237276K), 0.4787175 secs] 123201K->123200K(414236K), [Metaspace: 121210K->121210K(1165312K)], 0.4791945 secs] [Times: user=0.47 sys=0.00, real=0.48 secs] 
2020-03-19T15:04:47.009+0800: 21490.634: [Full GC (Last ditch collection) 2020-03-19T15:04:47.010+0800: 21490.634: [CMS: 123200K->123200K(237276K), 0.4617566 secs] 123200K->123200K(414236K), [Metaspace: 121210K->121210K(1165312K)], 0.4622402 secs] [Times: user=0.46 sys=0.00, real=0.46 secs] 
2020-03-19T15:04:47.475+0800: 21491.100: [Full GC (Metadata GC Threshold) 2020-03-19T15:04:47.475+0800: 21491.100: [CMS: 123200K->123200K(237276K), 0.4582836 secs] 123204K->123200K(414236K), [Metaspace: 121210K->121210K(1165312K)], 0.4587044 secs] [Times: user=0.46 sys=0.00, real=0.46 secs] 
2020-03-19T15:04:47.934+0800: 21491.559: [Full GC (Last ditch collection) 2020-03-19T15:04:47.934+0800: 21491.559: [CMS: 123200K->123200K(237276K), 0.5400009 secs] 123200K->123200K(414236K), [Metaspace: 121210K->121210K(1165312K)], 0.5404639 secs] [Times: user=0.49 sys=0.00, real=0.54 secs] 
2020-03-19T15:04:48.479+0800: 21492.103: [Full GC (Metadata GC Threshold) 2020-03-19T15:04:48.479+0800: 21492.104: [CMS: 123200K->123200K(237276K), 0.5343446 secs] 123204K->123200K(414236K), [Metaspace: 121210K->121210K(1165312K)], 0.5347901 secs] [Times: user=0.50 sys=0.00, real=0.53 secs] 
2020-03-19T15:04:49.014+0800: 21492.639: [Full GC (Last ditch collection) 2020-03-19T15:04:49.014+0800: 21492.639: [CMS: 123200K->123200K(237276K), 0.4892461 secs] 123200K->123200K(414236K), [Metaspace: 121210K->121210K(1165312K)], 0.4896576 secs] [Times: user=0.48 sys=0.00, real=0.49 secs] 
2020-03-19T15:04:49.507+0800: 21493.131: [Full GC (Metadata GC Threshold) 2020-03-19T15:04:49.507+0800: 21493.131: [CMS: 123200K->123200K(237276K), 0.5085986 secs] 123204K->123200K(414236K), [Metaspace: 121210K->121210K(1165312K)], 0.5090041 secs] [Times: user=0.49 sys=0.00, real=0.50 secs] 
2020-03-19T15:04:50.016+0800: 21493.640: [Full GC (Last ditch collection) 2020-03-19T15:04:50.016+0800: 21493.641: [CMS: 123200K->123200K(237276K), 0.5042978 secs] 123200K->123200K(414236K), [Metaspace: 121210K->121210K(1165312K)], 0.5046917 secs] [Times: user=0.49 sys=0.00, real=0.51 secs] 
2020-03-19T15:04:50.524+0800: 21494.149: [Full GC (Metadata GC Threshold) 2020-03-19T15:04:50.524+0800: 21494.149: [CMS: 123200K->123200K(237276K), 0.5156302 secs] 123200K->123200K(414236K), [Metaspace: 121210K->121210K(1165312K)], 0.5160728 secs] [Times: user=0.50 sys=0.00, real=0.52 secs] 
2020-03-19T15:04:51.040+0800: 21494.665: [Full GC (Last ditch collection) 2020-03-19T15:04:51.041+0800: 21494.665: [CMS: 123200K->123200K(237276K), 0.4762463 secs] 123200K->123200K(414236K), [Metaspace: 121210K->121210K(1165312K)], 0.4766730 secs] [Times: user=0.47 sys=0.00, real=0.47 secs] 
2020-03-19T15:04:51.520+0800: 21495.144: [Full GC (Metadata GC Threshold) 2020-03-19T15:04:51.520+0800: 21495.145: [CMS: 123200K->123200K(237276K), 0.4783847 secs] 123204K->123200K(414236K), [Metaspace: 121210K->121210K(1165312K)], 0.4787761 secs] [Times: user=0.47 sys=0.00, real=0.48 secs] 
2020-03-19T15:04:51.999+0800: 21495.624: [Full GC (Last ditch collection) 2020-03-19T15:04:51.999+0800: 21495.624: [CMS: 123200K->123200K(237276K), 0.4557301 secs] 123200K->123200K(414236K), [Metaspace: 121210K->121210K(1165312K)], 0.4561285 secs] [Times: user=0.46 sys=0.00, real=0.45 secs] 
2020-03-19T15:04:52.458+0800: 21496.082: [Full GC (Metadata GC Threshold) 2020-03-19T15:04:52.458+0800: 21496.082: [CMS: 123200K->123200K(237276K), 0.4835436 secs] 123200K->123200K(414236K), [Metaspace: 121210K->121210K(1165312K)], 0.4839281 secs] [Times: user=0.48 sys=0.00, real=0.49 secs] 
2020-03-19T15:04:52.942+0800: 21496.567: [Full GC (Last ditch collection) 2020-03-19T15:04:52.942+0800: 21496.567: [CMS: 123200K->123200K(237276K), 0.4868355 secs] 123200K->123200K(414236K), [Metaspace: 121210K->121210K(1165312K)], 0.4872210 secs] [Times: user=0.48 sys=0.00, real=0.49 secs] 
2020-03-19T15:04:53.432+0800: 21497.057: [Full GC (Metadata GC Threshold) 2020-03-19T15:04:53.432+0800: 21497.057: [CMS: 123200K->123202K(237276K), 0.4616592 secs] 123202K->123202K(414236K), [Metaspace: 121210K->121210K(1165312K)], 0.4620898 secs] [Times: user=0.46 sys=0.00, real=0.46 secs] 
2020-03-19T15:04:53.895+0800: 21497.519: [Full GC (Last ditch collection) 2020-03-19T15:04:53.895+0800: 21497.519: [CMS: 123202K->123202K(237276K), 0.4510832 secs] 123202K->123202K(414236K), [Metaspace: 121210K->121210K(1165312K)], 0.4514701 secs] [Times: user=0.45 sys=0.00, real=0.46 secs] 
2020-03-19T15:04:54.349+0800: 21497.973: [Full GC (Metadata GC Threshold) 2020-03-19T15:04:54.349+0800: 21497.974: [CMS: 123202K->123202K(237276K), 0.4773951 secs] 123206K->123202K(414236K), [Metaspace: 121210K->121210K(1165312K)], 0.4777781 secs] [Times: user=0.48 sys=0.00, real=0.48 secs] 
2020-03-19T15:04:54.827+0800: 21498.452: [Full GC (Last ditch collection) 2020-03-19T15:04:54.827+0800: 21498.452: [CMS: 123202K->123202K(237276K), 0.4710416 secs] 123202K->123202K(414236K), [Metaspace: 121210K->121210K(1165312K)], 0.4714065 secs] [Times: user=0.47 sys=0.00, real=0.47 secs] 
2020-03-19T15:04:55.301+0800: 21498.926: [Full GC (Metadata GC Threshold) 2020-03-19T15:04:55.301+0800: 21498.926: [CMS: 123202K->123202K(237276K), 0.4894291 secs] 123202K->123202K(414236K), [Metaspace: 121210K->121210K(1165312K)], 0.4899004 secs] [Times: user=0.49 sys=0.00, real=0.49 secs] 
2020-03-19T15:04:55.791+0800: 21499.416: [Full GC (Last ditch collection) 2020-03-19T15:04:55.792+0800: 21499.416: [CMS: 123202K->123202K(237276K), 0.4642209 secs] 123202K->123202K(414236K), [Metaspace: 121210K->121210K(1165312K)], 0.4646761 secs] [Times: user=0.47 sys=0.00, real=0.46 secs] 
2020-03-19T15:04:56.259+0800: 21499.884: [Full GC (Metadata GC Threshold) 2020-03-19T15:04:56.259+0800: 21499.884: [CMS: 123202K->123202K(237276K), 0.4912427 secs] 123206K->123202K(414236K), [Metaspace: 121210K->121210K(1165312K)], 0.4916375 secs] [Times: user=0.49 sys=0.00, real=0.49 secs] 
2020-03-19T15:04:56.751+0800: 21500.376: [Full GC (Last ditch collection) 2020-03-19T15:04:56.751+0800: 21500.376: [CMS: 123202K->123202K(237276K), 0.4846620 secs] 123202K->123202K(414236K), [Metaspace: 121210K->121210K(1165312K)], 0.4851261 secs] [Times: user=0.48 sys=0.00, real=0.48 secs] 
2020-03-19T15:04:57.240+0800: 21500.864: [Full GC (Metadata GC Threshold) 2020-03-19T15:04:57.240+0800: 21500.864: [CMS: 123202K->123202K(237276K), 0.4921969 secs] 123210K->123202K(414236K), [Metaspace: 121210K->121210K(1165312K)], 0.4926318 secs] [Times: user=0.49 sys=0.00, real=0.49 secs] 
2020-03-19T15:04:57.733+0800: 21501.357: [Full GC (Last ditch collection) 2020-03-19T15:04:57.733+0800: 21501.357: [CMS: 123202K->123202K(237276K), 0.5369668 secs] 123202K->123202K(414236K), [Metaspace: 121210K->121210K(1165312K)], 0.5374858 secs] [Times: user=0.49 sys=0.00, real=0.54 secs] 
2020-03-19T15:04:58.273+0800: 21501.898: [Full GC (Metadata GC Threshold) 2020-03-19T15:04:58.273+0800: 21501.898: [CMS: 123202K->123202K(237276K), 0.4707253 secs] 123202K->123202K(414236K), [Metaspace: 121210K->121210K(1165312K)], 0.4711116 secs] [Times: user=0.47 sys=0.00, real=0.47 secs] 
2020-03-19T15:04:58.745+0800: 21502.369: [Full GC (Last ditch collection) 2020-03-19T15:04:58.745+0800: 21502.369: [CMS: 123202K->123202K(237276K), 0.4958113 secs] 123202K->123202K(414236K), [Metaspace: 121210K->121210K(1165312K)], 0.4961730 secs] [Times: user=0.50 sys=0.00, real=0.50 secs] 
2020-03-19T15:04:59.244+0800: 21502.868: [Full GC (Metadata GC Threshold) 2020-03-19T15:04:59.244+0800: 21502.868: [CMS: 123202K->123202K(237276K), 0.4645910 secs] 123204K->123202K(414236K), [Metaspace: 121210K->121210K(1165312K)], 0.4650298 secs] [Times: user=0.46 sys=0.00, real=0.47 secs] 
2020-03-19T15:04:59.709+0800: 21503.334: [Full GC (Last ditch collection) 2020-03-19T15:04:59.709+0800: 21503.334: [CMS: 123202K->123202K(237276K), 0.4967455 secs] 123202K->123202K(414236K), [Metaspace: 121210K->121210K(1165312K)], 0.4972080 secs] [Times: user=0.50 sys=0.00, real=0.50 secs] 
2020-03-19T15:05:00.209+0800: 21503.834: [Full GC (Metadata GC Threshold) 2020-03-19T15:05:00.209+0800: 21503.834: [CMS: 123202K->123202K(237276K), 0.4909429 secs] 123204K->123202K(414236K), [Metaspace: 121210K->121210K(1165312K)], 0.4914100 secs] [Times: user=0.48 sys=0.00, real=0.49 secs] 
2020-03-19T15:05:00.701+0800: 21504.326: [Full GC (Last ditch collection) 2020-03-19T15:05:00.701+0800: 21504.326: [CMS: 123202K->123202K(237276K), 0.5790358 secs] 123202K->123202K(414236K), [Metaspace: 121210K->121210K(1165312K)], 0.5794856 secs] [Times: user=0.52 sys=0.00, real=0.58 secs] 
2020-03-19T15:05:01.310+0800: 21504.935: [Full GC (Metadata GC Threshold) 2020-03-19T15:05:01.311+0800: 21504.935: [CMS: 123202K->123282K(237276K), 0.5410352 secs] 126196K->123282K(414236K), [Metaspace: 121210K->121210K(1165312K)], 0.5415936 secs] [Times: user=0.52 sys=0.00, real=0.54 secs] 
2020-03-19T15:05:01.852+0800: 21505.477: [Full GC (Last ditch collection) 2020-03-19T15:05:01.852+0800: 21505.477: [CMS: 123282K->123250K(237276K), 0.4800042 secs] 123282K->123250K(414236K), [Metaspace: 121210K->121210K(1165312K)], 0.4806123 secs] [Times: user=0.48 sys=0.00, real=0.48 secs] 
2020-03-19T15:05:02.336+0800: 21505.960: [Full GC (Metadata GC Threshold) 2020-03-19T15:05:02.336+0800: 21505.960: [CMS: 123250K->123250K(237276K), 0.4853891 secs] 123254K->123250K(414236K), [Metaspace: 121210K->121210K(1165312K)], 0.4858259 secs] [Times: user=0.48 sys=0.00, real=0.49 secs] 
2020-03-19T15:05:02.822+0800: 21506.446: [Full GC (Last ditch collection) 2020-03-19T15:05:02.822+0800: 21506.447: [CMS: 123250K->123250K(237276K), 0.5030972 secs] 123250K->123250K(414236K), [Metaspace: 121210K->121210K(1165312K)], 0.5035421 secs] [Times: user=0.50 sys=0.00, real=0.50 secs] 
2020-03-19T15:05:03.328+0800: 21506.953: [Full GC (Metadata GC Threshold) 2020-03-19T15:05:03.329+0800: 21506.953: [CMS: 123250K->123250K(237276K), 0.4728814 secs] 123257K->123250K(414236K), [Metaspace: 121210K->121210K(1165312K)], 0.4733092 secs] [Times: user=0.47 sys=0.00, real=0.47 secs] 
2020-03-19T15:05:03.802+0800: 21507.427: [Full GC (Last ditch collection) 2020-03-19T15:05:03.802+0800: 21507.427: [CMS: 123250K->123250K(237276K), 0.4638438 secs] 123250K->123250K(414236K), [Metaspace: 121210K->121210K(1165312K)], 0.4642944 secs] [Times: user=0.46 sys=0.00, real=0.47 secs] 
2020-03-19T15:05:04.269+0800: 21507.894: [Full GC (Metadata GC Threshold) 2020-03-19T15:05:04.269+0800: 21507.894: [CMS: 123250K->123250K(237276K), 0.4854146 secs] 123254K->123250K(414236K), [Metaspace: 121210K->121210K(1165312K)], 0.4858180 secs] [Times: user=0.48 sys=0.00, real=0.48 secs] 
2020-03-19T15:05:04.755+0800: 21508.380: [Full GC (Last ditch collection) 2020-03-19T15:05:04.755+0800: 21508.380: [CMS: 123250K->123250K(237276K), 0.5384604 secs] 123250K->123250K(414236K), [Metaspace: 121210K->121210K(1165312K)], 0.5388660 secs] [Times: user=0.53 sys=0.00, real=0.54 secs] 
2020-03-19T15:05:05.297+0800: 21508.921: [Full GC (Metadata GC Threshold) 2020-03-19T15:05:05.297+0800: 21508.922: [CMS: 123250K->123250K(237276K), 0.4954573 secs] 123254K->123250K(414236K), [Metaspace: 121210K->121210K(1165312K)], 0.4958748 secs] [Times: user=0.49 sys=0.00, real=0.50 secs] 
2020-03-19T15:05:05.793+0800: 21509.418: [Full GC (Last ditch collection) 2020-03-19T15:05:05.793+0800: 21509.418: [CMS: 123250K->123250K(237276K), 0.4572862 secs] 123250K->123250K(414236K), [Metaspace: 121210K->121210K(1165312K)], 0.4576573 secs] [Times: user=0.45 sys=0.00, real=0.46 secs] 
2020-03-19T15:05:06.254+0800: 21509.878: [Full GC (Metadata GC Threshold) 2020-03-19T15:05:06.254+0800: 21509.878: [CMS: 123250K->123250K(237276K), 0.4789526 secs] 123254K->123250K(414236K), [Metaspace: 121210K->121210K(1165312K)], 0.4793352 secs] [Times: user=0.47 sys=0.00, real=0.48 secs] 
2020-03-19T15:05:06.733+0800: 21510.358: [Full GC (Last ditch collection) 2020-03-19T15:05:06.733+0800: 21510.358: [CMS: 123250K->123250K(237276K), 0.4966153 secs] 123250K->123250K(414236K), [Metaspace: 121210K->121210K(1165312K)], 0.4970258 secs] [Times: user=0.48 sys=0.00, real=0.50 secs] 
2020-03-19T15:05:07.233+0800: 21510.858: [Full GC (Metadata GC Threshold) 2020-03-19T15:05:07.233+0800: 21510.858: [CMS: 123250K->123252K(237276K), 0.4630071 secs] 123261K->123252K(414236K), [Metaspace: 121210K->121210K(1165312K)], 0.4634023 secs] [Times: user=0.46 sys=0.00, real=0.46 secs] 
2020-03-19T15:05:07.697+0800: 21511.322: [Full GC (Last ditch collection) 2020-03-19T15:05:07.697+0800: 21511.322: [CMS: 123252K->123252K(237276K), 0.4804374 secs] 123252K->123252K(414236K), [Metaspace: 121210K->121210K(1165312K)], 0.4808232 secs] [Times: user=0.47 sys=0.00, real=0.48 secs] 
2020-03-19T15:05:08.181+0800: 21511.805: [Full GC (Metadata GC Threshold) 2020-03-19T15:05:08.181+0800: 21511.805: [CMS: 123252K->123252K(237276K), 0.4828817 secs] 123260K->123252K(414236K), [Metaspace: 121210K->121210K(1165312K)], 0.4833182 secs] [Times: user=0.48 sys=0.00, real=0.48 secs] 
2020-03-19T15:05:08.664+0800: 21512.289: [Full GC (Last ditch collection) 2020-03-19T15:05:08.664+0800: 21512.289: [CMS: 123252K->123252K(237276K), 0.4992243 secs] 123252K->123252K(414236K), [Metaspace: 121210K->121210K(1165312K)], 0.4996200 secs] [Times: user=0.49 sys=0.00, real=0.50 secs] 
2020-03-19T15:05:09.167+0800: 21512.791: [Full GC (Metadata GC Threshold) 2020-03-19T15:05:09.167+0800: 21512.791: [CMS: 123252K->123252K(237276K), 0.4728511 secs] 123252K->123252K(414236K), [Metaspace: 121210K->121210K(1165312K)], 0.4733214 secs] [Times: user=0.47 sys=0.00, real=0.47 secs] 
2020-03-19T15:05:09.640+0800: 21513.265: [Full GC (Last ditch collection) 2020-03-19T15:05:09.641+0800: 21513.265: [CMS: 123252K->123252K(237276K), 0.4770160 secs] 123252K->123252K(414236K), [Metaspace: 121210K->121210K(1165312K)], 0.4774092 secs] [Times: user=0.47 sys=0.00, real=0.47 secs] 
2020-03-19T15:05:10.121+0800: 21513.745: [Full GC (Metadata GC Threshold) 2020-03-19T15:05:10.121+0800: 21513.746: [CMS: 123252K->123252K(237276K), 0.4741477 secs] 123307K->123252K(414236K), [Metaspace: 121210K->121210K(1165312K)], 0.4745505 secs] [Times: user=0.47 sys=0.00, real=0.47 secs] 
2020-03-19T15:05:10.596+0800: 21514.220: [Full GC (Last ditch collection) 2020-03-19T15:05:10.596+0800: 21514.220: [CMS: 123252K->123252K(237276K), 0.5247297 secs] 123252K->123252K(414236K), [Metaspace: 121210K->121210K(1165312K)], 0.5250752 secs] [Times: user=0.52 sys=0.00, real=0.53 secs] 
2020-03-19T15:05:11.124+0800: 21514.748: [Full GC (Metadata GC Threshold) 2020-03-19T15:05:11.124+0800: 21514.748: [CMS: 123252K->123252K(237276K), 0.4520207 secs] 123254K->123252K(414236K), [Metaspace: 121210K->121210K(1165312K)], 0.4524278 secs] [Times: user=0.45 sys=0.00, real=0.45 secs] 
2020-03-19T15:05:11.576+0800: 21515.201: [Full GC (Last ditch collection) 2020-03-19T15:05:11.577+0800: 21515.201: [CMS: 123252K->123252K(237276K), 0.4905571 secs] 123252K->123252K(414236K), [Metaspace: 121210K->121210K(1165312K)], 0.4909351 secs] [Times: user=0.47 sys=0.00, real=0.50 secs] 
2020-03-19T15:05:12.070+0800: 21515.695: [GC (CMS Initial Mark) [1 CMS-initial-mark: 123252K(237276K)] 123258K(414236K), 0.0082630 secs] [Times: user=0.01 sys=0.00, real=0.01 secs] 
2020-03-19T15:05:12.079+0800: 21515.703: [CMS-concurrent-mark-start]
2020-03-19T15:05:12.098+0800: 21515.723: [Full GC (Metadata GC Threshold) 2020-03-19T15:05:12.098+0800: 21515.723: [CMS2020-03-19T15:05:12.305+0800: 21515.930: [CMS-concurrent-mark: 0.216/0.226 secs] [Times: user=0.24 sys=0.00, real=0.22 secs] 
 (concurrent mode failure): 123252K->123342K(237276K), 0.7893195 secs] 124584K->123342K(414236K), [Metaspace: 121210K->121210K(1165312K)], 0.7898094 secs] [Times: user=0.71 sys=0.00, real=0.80 secs] 
2020-03-19T15:05:12.888+0800: 21516.513: [Full GC (Last ditch collection) 2020-03-19T15:05:12.888+0800: 21516.513: [CMS: 123342K->123340K(237276K), 0.5052333 secs] 123342K->123340K(414236K), [Metaspace: 121210K->121210K(1165312K)], 0.5057239 secs] [Times: user=0.50 sys=0.00, real=0.50 secs] 
2020-03-19T15:05:13.397+0800: 21517.022: [Full GC (Metadata GC Threshold) 2020-03-19T15:05:13.398+0800: 21517.022: [CMS: 123340K->123340K(237276K), 0.4740359 secs] 123350K->123340K(414236K), [Metaspace: 121210K->121210K(1165312K)], 0.4744289 secs] [Times: user=0.47 sys=0.00, real=0.48 secs] 
2020-03-19T15:05:13.872+0800: 21517.497: [Full GC (Last ditch collection) 2020-03-19T15:05:13.872+0800: 21517.497: [CMS: 123340K->123340K(237276K), 0.4582052 secs] 123340K->123340K(414236K), [Metaspace: 121210K->121210K(1165312K)], 0.4586103 secs] [Times: user=0.46 sys=0.00, real=0.46 secs] 
2020-03-19T15:05:14.334+0800: 21517.959: [Full GC (Metadata GC Threshold) 2020-03-19T15:05:14.335+0800: 21517.959: [CMS: 123340K->123340K(237276K), 0.5102265 secs] 123344K->123340K(414236K), [Metaspace: 121210K->121210K(1165312K)], 0.5107100 secs] [Times: user=0.50 sys=0.00, real=0.51 secs] 
2020-03-19T15:05:14.845+0800: 21518.470: [Full GC (Last ditch collection) 2020-03-19T15:05:14.846+0800: 21518.470: [CMS: 123340K->123340K(237276K), 0.4749927 secs] 123340K->123340K(414236K), [Metaspace: 121210K->121210K(1165312K)], 0.4754712 secs] [Times: user=0.48 sys=0.00, real=0.48 secs] 
2020-03-19T15:05:15.324+0800: 21518.949: [Full GC (Metadata GC Threshold) 2020-03-19T15:05:15.324+0800: 21518.949: [CMS: 123340K->123340K(237276K), 0.4938911 secs] 123340K->123340K(414236K), [Metaspace: 121210K->121210K(1165312K)], 0.4960658 secs] [Times: user=0.48 sys=0.00, real=0.50 secs] 
2020-03-19T15:05:15.820+0800: 21519.445: [Full GC (Last ditch collection) 2020-03-19T15:05:15.821+0800: 21519.445: [CMS: 123340K->123340K(237276K), 0.5439102 secs] 123340K->123340K(414236K), [Metaspace: 121210K->121210K(1165312K)], 0.5443382 secs] [Times: user=0.52 sys=0.00, real=0.54 secs] 
2020-03-19T15:05:16.369+0800: 21519.993: [Full GC (Metadata GC Threshold) 2020-03-19T15:05:16.369+0800: 21519.993: [CMS: 123340K->123344K(237276K), 0.5116329 secs] 123582K->123344K(414236K), [Metaspace: 121210K->121210K(1165312K)], 0.5120679 secs] [Times: user=0.49 sys=0.00, real=0.51 secs] 
2020-03-19T15:05:16.881+0800: 21520.505: [Full GC (Last ditch collection) 2020-03-19T15:05:16.881+0800: 21520.506: [CMS: 123344K->123343K(237276K), 0.4851691 secs] 123344K->123343K(414236K), [Metaspace: 121210K->121210K(1165312K)], 0.4855794 secs] [Times: user=0.49 sys=0.00, real=0.49 secs] 
2020-03-19T15:05:17.369+0800: 21520.994: [Full GC (Metadata GC Threshold) 2020-03-19T15:05:17.370+0800: 21520.994: [CMS: 123343K->123343K(237276K), 0.4866436 secs] 123347K->123343K(414236K), [Metaspace: 121210K->121210K(1165312K)], 0.4870851 secs] [Times: user=0.48 sys=0.00, real=0.48 secs] 
2020-03-19T15:05:17.857+0800: 21521.481: [Full GC (Last ditch collection) 2020-03-19T15:05:17.857+0800: 21521.481: [CMS: 123343K->123343K(237276K), 0.4774672 secs] 123343K->123343K(414236K), [Metaspace: 121210K->121210K(1165312K)], 0.4779415 secs] [Times: user=0.47 sys=0.00, real=0.48 secs] 
2020-03-19T15:05:18.338+0800: 21521.962: [Full GC (Metadata GC Threshold) 2020-03-19T15:05:18.338+0800: 21521.962: [CMS: 123343K->123343K(237276K), 0.5012456 secs] 123345K->123343K(414236K), [Metaspace: 121210K->121210K(1165312K)], 0.5016796 secs] [Times: user=0.50 sys=0.00, real=0.51 secs] 
2020-03-19T15:05:18.840+0800: 21522.464: [Full GC (Last ditch collection) 2020-03-19T15:05:18.840+0800: 21522.464: [CMS: 123343K->123343K(237276K), 0.4892327 secs] 123343K->123343K(414236K), [Metaspace: 121210K->121210K(1165312K)], 0.4896561 secs] [Times: user=0.48 sys=0.00, real=0.49 secs] 
2020-03-19T15:05:19.332+0800: 21522.957: [GC (CMS Initial Mark) [1 CMS-initial-mark: 123343K(237276K)] 123343K(414236K), 0.0084046 secs] [Times: user=0.01 sys=0.00, real=0.01 secs] 
2020-03-19T15:05:19.341+0800: 21522.965: [CMS-concurrent-mark-start]
2020-03-19T15:05:19.371+0800: 21522.996: [Full GC (Metadata GC Threshold) 2020-03-19T15:05:19.372+0800: 21522.996: [CMS2020-03-19T15:05:19.541+0800: 21523.166: [CMS-concurrent-mark: 0.188/0.201 secs] [Times: user=0.23 sys=0.00, real=0.20 secs] 
 (concurrent mode failure): 123343K->123382K(237276K), 0.7048700 secs] 123954K->123382K(414236K), [Metaspace: 121210K->121210K(1165312K)], 0.7054901 secs] [Times: user=0.68 sys=0.00, real=0.70 secs] 
2020-03-19T15:05:20.077+0800: 21523.702: [Full GC (Last ditch collection) 2020-03-19T15:05:20.077+0800: 21523.702: [CMS: 123382K->123381K(237276K), 0.4748531 secs] 123382K->123381K(414236K), [Metaspace: 121210K->121210K(1165312K)], 0.4752122 secs] [Times: user=0.47 sys=0.00, real=0.48 secs] 
2020-03-19T15:05:20.555+0800: 21524.180: [Full GC (Metadata GC Threshold) 2020-03-19T15:05:20.556+0800: 21524.180: [CMS: 123381K->123381K(237276K), 0.5222958 secs] 123389K->123381K(414236K), [Metaspace: 121210K->121210K(1165312K)], 0.5228072 secs] [Times: user=0.49 sys=0.00, real=0.53 secs] 
2020-03-19T15:05:21.078+0800: 21524.703: [Full GC (Last ditch collection) 2020-03-19T15:05:21.079+0800: 21524.703: [CMS: 123381K->123381K(237276K), 0.4686069 secs] 123381K->123381K(414236K), [Metaspace: 121210K->121210K(1165312K)], 0.4689902 secs] [Times: user=0.46 sys=0.00, real=0.47 secs] 
2020-03-19T15:05:21.550+0800: 21525.175: [Full GC (Metadata GC Threshold) 2020-03-19T15:05:21.550+0800: 21525.175: [CMS: 123381K->123381K(237276K), 0.4629986 secs] 123385K->123381K(414236K), [Metaspace: 121210K->121210K(1165312K)], 0.4634375 secs] [Times: user=0.46 sys=0.00, real=0.46 secs] 
2020-03-19T15:05:22.014+0800: 21525.639: [Full GC (Last ditch collection) 2020-03-19T15:05:22.014+0800: 21525.639: [CMS: 123381K->123381K(237276K), 0.4470734 secs] 123381K->123381K(414236K), [Metaspace: 121210K->121210K(1165312K)], 0.4474720 secs] [Times: user=0.45 sys=0.00, real=0.45 secs] 
2020-03-19T15:05:22.465+0800: 21526.089: [Full GC (Metadata GC Threshold) 2020-03-19T15:05:22.465+0800: 21526.089: [CMS: 123381K->123381K(237276K), 0.4938407 secs] 123389K->123381K(414236K), [Metaspace: 121210K->121210K(1165312K)], 0.4942952 secs] [Times: user=0.49 sys=0.00, real=0.50 secs] 
2020-03-19T15:05:22.959+0800: 21526.584: [Full GC (Last ditch collection) 2020-03-19T15:05:22.959+0800: 21526.584: [CMS: 123381K->123381K(237276K), 0.5111753 secs] 123381K->123381K(414236K), [Metaspace: 121210K->121210K(1165312K)], 0.5115548 secs] [Times: user=0.49 sys=0.00, real=0.51 secs] 
2020-03-19T15:05:23.475+0800: 21527.099: [Full GC (Metadata GC Threshold) 2020-03-19T15:05:23.475+0800: 21527.099: [CMS: 123381K->123386K(237276K), 0.5053209 secs] 123631K->123386K(414236K), [Metaspace: 121210K->121210K(1165312K)], 0.5061560 secs] [Times: user=0.50 sys=0.00, real=0.51 secs] 
2020-03-19T15:05:23.981+0800: 21527.606: [Full GC (Last ditch collection) 2020-03-19T15:05:23.982+0800: 21527.606: [CMS: 123386K->123385K(237276K), 0.4573395 secs] 123386K->123385K(414236K), [Metaspace: 121210K->121210K(1165312K)], 0.4579378 secs] [Times: user=0.46 sys=0.00, real=0.46 secs] 
2020-03-19T15:05:24.442+0800: 21528.067: [Full GC (Metadata GC Threshold) 2020-03-19T15:05:24.442+0800: 21528.067: [CMS: 123385K->123385K(237276K), 0.5324618 secs] 123391K->123385K(414236K), [Metaspace: 121210K->121210K(1165312K)], 0.5329087 secs] [Times: user=0.52 sys=0.00, real=0.53 secs] 
2020-03-19T15:05:24.975+0800: 21528.600: [Full GC (Last ditch collection) 2020-03-19T15:05:24.975+0800: 21528.600: [CMS: 123385K->123385K(237276K), 0.4814091 secs] 123385K->123385K(414236K), [Metaspace: 121210K->121210K(1165312K)], 0.4817800 secs] [Times: user=0.48 sys=0.00, real=0.48 secs] 
2020-03-19T15:05:25.460+0800: 21529.085: [Full GC (Metadata GC Threshold) 2020-03-19T15:05:25.460+0800: 21529.085: [CMS: 123385K->123385K(237276K), 0.5064045 secs] 123395K->123385K(414236K), [Metaspace: 121210K->121210K(1165312K)], 0.5068555 secs] [Times: user=0.50 sys=0.00, real=0.51 secs] 
2020-03-19T15:05:25.967+0800: 21529.592: [Full GC (Last ditch collection) 2020-03-19T15:05:25.967+0800: 21529.592: [CMS: 123385K->123385K(237276K), 0.4615996 secs] 123385K->123385K(414236K), [Metaspace: 121210K->121210K(1165312K)], 0.4619759 secs] [Times: user=0.46 sys=0.00, real=0.46 secs] 
2020-03-19T15:05:26.432+0800: 21530.057: [Full GC (Metadata GC Threshold) 2020-03-19T15:05:26.432+0800: 21530.057: [CMS: 123385K->123385K(237276K), 0.5287641 secs] 123385K->123385K(414236K), [Metaspace: 121210K->121210K(1165312K)], 0.5291818 secs] [Times: user=0.50 sys=0.00, real=0.53 secs] 
2020-03-19T15:05:26.962+0800: 21530.586: [Full GC (Last ditch collection) 2020-03-19T15:05:26.962+0800: 21530.586: [CMS: 123385K->123385K(237276K), 0.4859021 secs] 123385K->123385K(414236K), [Metaspace: 121210K->121210K(1165312K)], 0.4863398 secs] [Times: user=0.48 sys=0.00, real=0.49 secs] 
2020-03-19T15:05:27.451+0800: 21531.075: [Full GC (Metadata GC Threshold) 2020-03-19T15:05:27.451+0800: 21531.075: [CMS: 123385K->123385K(237276K), 0.5914454 secs] 123389K->123385K(414236K), [Metaspace: 121210K->121210K(1165312K)], 0.5918572 secs] [Times: user=0.53 sys=0.00, real=0.59 secs] 
2020-03-19T15:05:28.043+0800: 21531.667: [Full GC (Last ditch collection) 2020-03-19T15:05:28.043+0800: 21531.667: [CMS: 123385K->123385K(237276K), 0.4459405 secs] 123385K->123385K(414236K), [Metaspace: 121210K->121210K(1165312K)], 0.4463353 secs] [Times: user=0.45 sys=0.00, real=0.45 secs] 
2020-03-19T15:05:28.495+0800: 21532.120: [Full GC (Metadata GC Threshold) 2020-03-19T15:05:28.495+0800: 21532.120: [CMS: 123385K->123391K(237276K), 0.5426132 secs] 123519K->123391K(414236K), [Metaspace: 121210K->121210K(1165312K)], 0.5430538 secs] [Times: user=0.53 sys=0.00, real=0.55 secs] 
2020-03-19T15:05:29.038+0800: 21532.663: [Full GC (Last ditch collection) 2020-03-19T15:05:29.038+0800: 21532.663: [CMS: 123391K->123391K(237276K), 0.4766182 secs] 123391K->123391K(414236K), [Metaspace: 121210K->121210K(1165312K)], 0.4770270 secs] [Times: user=0.48 sys=0.00, real=0.47 secs] 
2020-03-19T15:05:29.539+0800: 21533.164: [Full GC (Metadata GC Threshold) 2020-03-19T15:05:29.539+0800: 21533.164: [CMS: 123391K->123437K(237276K), 0.5339988 secs] 124327K->123437K(414236K), [Metaspace: 121210K->121210K(1165312K)], 0.5344431 secs] [Times: user=0.51 sys=0.00, real=0.53 secs] 
2020-03-19T15:05:30.074+0800: 21533.698: [Full GC (Last ditch collection) 2020-03-19T15:05:30.074+0800: 21533.699: [CMS: 123437K->123435K(237276K), 0.4637719 secs] 123437K->123435K(414236K), [Metaspace: 121210K->121210K(1165312K)], 0.4641907 secs] [Times: user=0.45 sys=0.00, real=0.47 secs] 
2020-03-19T15:05:30.542+0800: 21534.166: [Full GC (Metadata GC Threshold) 2020-03-19T15:05:30.542+0800: 21534.167: [CMS: 123435K->123437K(237276K), 0.5107773 secs] 123466K->123437K(414236K), [Metaspace: 121210K->121210K(1165312K)], 0.5112431 secs] [Times: user=0.50 sys=0.00, real=0.51 secs] 
2020-03-19T15:05:31.053+0800: 21534.678: [Full GC (Last ditch collection) 2020-03-19T15:05:31.054+0800: 21534.678: [CMS: 123437K->123437K(237276K), 0.5557501 secs] 123437K->123437K(414236K), [Metaspace: 121210K->121210K(1165312K)], 0.5562335 secs] [Times: user=0.53 sys=0.00, real=0.56 secs] 
2020-03-19T15:05:31.613+0800: 21535.237: [Full GC (Metadata GC Threshold) 2020-03-19T15:05:31.613+0800: 21535.237: [CMS: 123437K->123437K(237276K), 0.4594378 secs] 123441K->123437K(414236K), [Metaspace: 121210K->121210K(1165312K)], 0.4598316 secs] [Times: user=0.45 sys=0.00, real=0.46 secs] 
2020-03-19T15:05:32.073+0800: 21535.697: [Full GC (Last ditch collection) 2020-03-19T15:05:32.073+0800: 21535.697: [CMS: 123437K->123437K(237276K), 0.4490601 secs] 123437K->123437K(414236K), [Metaspace: 121210K->121210K(1165312K)], 0.4495163 secs] [Times: user=0.45 sys=0.00, real=0.45 secs] 
2020-03-19T15:05:32.527+0800: 21536.151: [Full GC (Metadata GC Threshold) 2020-03-19T15:05:32.527+0800: 21536.152: [CMS: 123437K->123440K(237276K), 0.4948871 secs] 123521K->123440K(414236K), [Metaspace: 121210K->121210K(1165312K)], 0.4953497 secs] [Times: user=0.49 sys=0.00, real=0.49 secs] 
2020-03-19T15:05:33.023+0800: 21536.647: [Full GC (Last ditch collection) 2020-03-19T15:05:33.023+0800: 21536.647: [CMS: 123440K->123440K(237276K), 0.4970804 secs] 123440K->123440K(414236K), [Metaspace: 121210K->121210K(1165312K)], 0.4974754 secs] [Times: user=0.50 sys=0.00, real=0.50 secs] 
2020-03-19T15:05:33.523+0800: 21537.147: [Full GC (Metadata GC Threshold) 2020-03-19T15:05:33.523+0800: 21537.148: [CMS: 123440K->123440K(237276K), 0.4733776 secs] 123440K->123440K(414236K), [Metaspace: 121210K->121210K(1165312K)], 0.4737926 secs] [Times: user=0.46 sys=0.00, real=0.47 secs] 
2020-03-19T15:05:33.997+0800: 21537.622: [Full GC (Last ditch collection) 2020-03-19T15:05:33.997+0800: 21537.622: [CMS: 123440K->123440K(237276K), 0.4698528 secs] 123440K->123440K(414236K), [Metaspace: 121210K->121210K(1165312K)], 0.4702509 secs] [Times: user=0.47 sys=0.00, real=0.48 secs] 
2020-03-19T15:05:34.470+0800: 21538.095: [Full GC (Metadata GC Threshold) 2020-03-19T15:05:34.471+0800: 21538.095: [CMS: 123440K->123440K(237276K), 0.5487553 secs] 123481K->123440K(414236K), [Metaspace: 121210K->121210K(1165312K)], 0.5491360 secs] [Times: user=0.52 sys=0.00, real=0.55 secs] 
2020-03-19T15:05:35.020+0800: 21538.644: [Full GC (Last ditch collection) 2020-03-19T15:05:35.020+0800: 21538.645: [CMS: 123440K->123440K(237276K), 0.5187542 secs] 123440K->123440K(414236K), [Metaspace: 121210K->121210K(1165312K)], 0.5192259 secs] [Times: user=0.49 sys=0.00, real=0.52 secs] 
2020-03-19T15:05:35.556+0800: 21539.180: [Full GC (Metadata GC Threshold) 2020-03-19T15:05:35.556+0800: 21539.180: [CMS: 123440K->123473K(237276K), 0.5049374 secs] 124500K->123473K(414236K), [Metaspace: 121210K->121210K(1165312K)], 0.5053813 secs] [Times: user=0.49 sys=0.00, real=0.51 secs] 
2020-03-19T15:05:36.061+0800: 21539.686: [Full GC (Last ditch collection) 2020-03-19T15:05:36.062+0800: 21539.686: [CMS: 123473K->123472K(237276K), 0.4502853 secs] 123473K->123472K(414236K), [Metaspace: 121210K->121210K(1165312K)], 0.4506818 secs] [Times: user=0.45 sys=0.00, real=0.45 secs] 
2020-03-19T15:05:36.515+0800: 21540.140: [GC (CMS Initial Mark) [1 CMS-initial-mark: 123472K(237276K)] 123474K(414236K), 0.0117188 secs] [Times: user=0.01 sys=0.00, real=0.02 secs] 
2020-03-19T15:05:36.527+0800: 21540.152: [CMS-concurrent-mark-start]
2020-03-19T15:05:36.534+0800: 21540.158: [Full GC (Metadata GC Threshold) 2020-03-19T15:05:36.534+0800: 21540.158: [CMS2020-03-19T15:05:36.747+0800: 21540.371: [CMS-concurrent-mark: 0.208/0.220 secs] [Times: user=0.21 sys=0.00, real=0.22 secs] 
 (concurrent mode failure): 123472K->123473K(237276K), 0.7033970 secs] 123618K->123473K(414236K), [Metaspace: 121210K->121210K(1165312K)], 0.7038168 secs] [Times: user=0.67 sys=0.00, real=0.70 secs] 
2020-03-19T15:05:37.238+0800: 21540.862: [Full GC (Last ditch collection) 2020-03-19T15:05:37.238+0800: 21540.862: [CMS: 123473K->123472K(237276K), 0.4555004 secs] 123473K->123472K(414236K), [Metaspace: 121210K->121210K(1165312K)], 0.4558678 secs] [Times: user=0.45 sys=0.00, real=0.46 secs] 
2020-03-19T15:05:37.696+0800: 21541.321: [Full GC (Metadata GC Threshold) 2020-03-19T15:05:37.697+0800: 21541.321: [CMS: 123472K->123472K(237276K), 0.4792412 secs] 123472K->123472K(414236K), [Metaspace: 121210K->121210K(1165312K)], 0.4796270 secs] [Times: user=0.46 sys=0.00, real=0.48 secs] 
2020-03-19T15:05:38.176+0800: 21541.801: [Full GC (Last ditch collection) 2020-03-19T15:05:38.176+0800: 21541.801: [CMS: 123472K->123472K(237276K), 0.4747920 secs] 123472K->123472K(414236K), [Metaspace: 121210K->121210K(1165312K)], 0.4751501 secs] [Times: user=0.47 sys=0.00, real=0.48 secs] 
2020-03-19T15:05:38.655+0800: 21542.280: [Full GC (Metadata GC Threshold) 2020-03-19T15:05:38.655+0800: 21542.280: [CMS: 123472K->123473K(237276K), 0.4924062 secs] 123724K->123473K(414236K), [Metaspace: 121210K->121210K(1165312K)], 0.4928881 secs] [Times: user=0.49 sys=0.00, real=0.50 secs] 
2020-03-19T15:05:39.148+0800: 21542.773: [Full GC (Last ditch collection) 2020-03-19T15:05:39.148+0800: 21542.773: [CMS: 123473K->123473K(237276K), 0.4735561 secs] 123473K->123473K(414236K), [Metaspace: 121210K->121210K(1165312K)], 0.4740145 secs] [Times: user=0.47 sys=0.00, real=0.47 secs] 
2020-03-19T15:05:39.633+0800: 21543.258: [Full GC (Metadata GC Threshold) 2020-03-19T15:05:39.633+0800: 21543.258: [CMS: 123473K->123483K(237276K), 0.4870771 secs] 123841K->123483K(414236K), [Metaspace: 121210K->121210K(1165312K)], 0.4874846 secs] [Times: user=0.48 sys=0.00, real=0.49 secs] 
2020-03-19T15:05:40.121+0800: 21543.745: [Full GC (Last ditch collection) 2020-03-19T15:05:40.121+0800: 21543.745: [CMS: 123483K->123481K(237276K), 0.4630197 secs] 123483K->123481K(414236K), [Metaspace: 121210K->121210K(1165312K)], 0.4634211 secs] [Times: user=0.46 sys=0.00, real=0.46 secs] 
2020-03-19T15:05:40.590+0800: 21544.215: [Full GC (Metadata GC Threshold) 2020-03-19T15:05:40.590+0800: 21544.215: [CMS: 123481K->123481K(237276K), 0.5476616 secs] 123496K->123481K(414236K), [Metaspace: 121210K->121210K(1165312K)], 0.5480752 secs] [Times: user=0.53 sys=0.00, real=0.55 secs] 
2020-03-19T15:05:41.139+0800: 21544.763: [Full GC (Last ditch collection) 2020-03-19T15:05:41.139+0800: 21544.763: [CMS: 123481K->123481K(237276K), 0.4595723 secs] 123481K->123481K(414236K), [Metaspace: 121210K->121210K(1165312K)], 0.4599463 secs] [Times: user=0.46 sys=0.00, real=0.46 secs] 
2020-03-19T15:05:41.602+0800: 21545.226: [Full GC (Metadata GC Threshold) 2020-03-19T15:05:41.602+0800: 21545.226: [CMS: 123481K->123481K(237276K), 0.4833751 secs] 123483K->123481K(414236K), [Metaspace: 121210K->121210K(1165312K)], 0.4838534 secs] [Times: user=0.48 sys=0.00, real=0.48 secs] 
2020-03-19T15:05:42.086+0800: 21545.710: [Full GC (Last ditch collection) 2020-03-19T15:05:42.086+0800: 21545.710: [CMS: 123481K->123481K(237276K), 0.4611251 secs] 123481K->123481K(414236K), [Metaspace: 121210K->121210K(1165312K)], 0.4614904 secs] [Times: user=0.45 sys=0.00, real=0.47 secs] 
2020-03-19T15:05:42.550+0800: 21546.175: [Full GC (Metadata GC Threshold) 2020-03-19T15:05:42.550+0800: 21546.175: [CMS: 123481K->123481K(237276K), 0.6530897 secs] 123483K->123481K(414236K), [Metaspace: 121210K->121210K(1165312K)], 0.6534970 secs] [Times: user=0.55 sys=0.00, real=0.65 secs] 
2020-03-19T15:05:43.204+0800: 21546.828: [Full GC (Last ditch collection) 2020-03-19T15:05:43.204+0800: 21546.828: [CMS: 123481K->123481K(237276K), 0.4618880 secs] 123481K->123481K(414236K), [Metaspace: 121210K->121210K(1165312K)], 0.4622859 secs] [Times: user=0.46 sys=0.00, real=0.47 secs] 
2020-03-19T15:05:43.669+0800: 21547.294: [Full GC (Metadata GC Threshold) 2020-03-19T15:05:43.669+0800: 21547.294: [CMS: 123481K->123481K(237276K), 0.4687047 secs] 123483K->123481K(414236K), [Metaspace: 121210K->121210K(1165312K)], 0.4691345 secs] [Times: user=0.47 sys=0.00, real=0.47 secs] 
2020-03-19T15:05:44.139+0800: 21547.763: [Full GC (Last ditch collection) 2020-03-19T15:05:44.139+0800: 21547.763: [CMS: 123481K->123481K(237276K), 0.4891601 secs] 123481K->123481K(414236K), [Metaspace: 121210K->121210K(1165312K)], 0.4895923 secs] [Times: user=0.48 sys=0.00, real=0.49 secs] 
2020-03-19T15:05:44.634+0800: 21548.258: [Full GC (Metadata GC Threshold) 2020-03-19T15:05:44.634+0800: 21548.258: [CMS: 123481K->123483K(237276K), 0.5340766 secs] 123755K->123483K(414236K), [Metaspace: 121210K->121210K(1165312K)], 0.5345535 secs] [Times: user=0.50 sys=0.00, real=0.54 secs] 
2020-03-19T15:05:45.168+0800: 21548.793: [Full GC (Last ditch collection) 2020-03-19T15:05:45.169+0800: 21548.793: [CMS: 123483K->123481K(237276K), 0.4875535 secs] 123483K->123481K(414236K), [Metaspace: 121210K->121210K(1165312K)], 0.4879659 secs] [Times: user=0.48 sys=0.00, real=0.48 secs] 
2020-03-19T15:05:45.660+0800: 21549.284: [GC (CMS Initial Mark) [1 CMS-initial-mark: 123481K(237276K)] 123489K(414236K), 0.0092860 secs] [Times: user=0.02 sys=0.00, real=0.01 secs] 
2020-03-19T15:05:45.669+0800: 21549.294: [CMS-concurrent-mark-start]
2020-03-19T15:05:45.691+0800: 21549.316: [Full GC (Metadata GC Threshold) 2020-03-19T15:05:45.692+0800: 21549.316: [CMS2020-03-19T15:05:45.876+0800: 21549.500: [CMS-concurrent-mark: 0.195/0.206 secs] [Times: user=0.22 sys=0.00, real=0.20 secs] 
 (concurrent mode failure): 123481K->123519K(237276K), 0.7606084 secs] 123997K->123519K(414236K), [Metaspace: 121210K->121210K(1165312K)], 0.7610553 secs] [Times: user=0.73 sys=0.00, real=0.76 secs] 
2020-03-19T15:05:46.453+0800: 21550.077: [Full GC (Last ditch collection) 2020-03-19T15:05:46.453+0800: 21550.077: [CMS: 123519K->123517K(237276K), 0.4978899 secs] 123519K->123517K(414236K), [Metaspace: 121210K->121210K(1165312K)], 0.4983281 secs] [Times: user=0.50 sys=0.00, real=0.50 secs] 
2020-03-19T15:05:46.955+0800: 21550.579: [Full GC (Metadata GC Threshold) 2020-03-19T15:05:46.955+0800: 21550.579: [CMS: 123517K->123517K(237276K), 0.4630218 secs] 123519K->123517K(414236K), [Metaspace: 121210K->121210K(1165312K)], 0.4634316 secs] [Times: user=0.46 sys=0.00, real=0.47 secs] 
2020-03-19T15:05:47.418+0800: 21551.043: [Full GC (Last ditch collection) 2020-03-19T15:05:47.419+0800: 21551.043: [CMS: 123517K->123517K(237276K), 0.4764148 secs] 123517K->123517K(414236K), [Metaspace: 121210K->121210K(1165312K)], 0.4767761 secs] [Times: user=0.48 sys=0.00, real=0.47 secs] 
2020-03-19T15:05:47.898+0800: 21551.523: [Full GC (Metadata GC Threshold) 2020-03-19T15:05:47.898+0800: 21551.523: [CMS: 123517K->123517K(237276K), 0.4775785 secs] 123523K->123517K(414236K), [Metaspace: 121210K->121210K(1165312K)], 0.4779803 secs] [Times: user=0.48 sys=0.00, real=0.47 secs] 
2020-03-19T15:05:48.376+0800: 21552.001: [Full GC (Last ditch collection) 2020-03-19T15:05:48.377+0800: 21552.001: [CMS: 123517K->123517K(237276K), 0.4918291 secs] 123517K->123517K(414236K), [Metaspace: 121210K->121210K(1165312K)], 0.4922221 secs] [Times: user=0.49 sys=0.00, real=0.50 secs] 
2020-03-19T15:05:48.872+0800: 21552.497: [Full GC (Metadata GC Threshold) 2020-03-19T15:05:48.872+0800: 21552.497: [CMS: 123517K->123517K(237276K), 0.4868114 secs] 123523K->123517K(414236K), [Metaspace: 121210K->121210K(1165312K)], 0.4872138 secs] [Times: user=0.49 sys=0.00, real=0.49 secs] 
2020-03-19T15:05:49.360+0800: 21552.984: [Full GC (Last ditch collection) 2020-03-19T15:05:49.360+0800: 21552.984: [CMS: 123517K->123517K(237276K), 0.4882790 secs] 123517K->123517K(414236K), [Metaspace: 121210K->121210K(1165312K)], 0.4886891 secs] [Times: user=0.48 sys=0.00, real=0.49 secs] 
2020-03-19T15:05:49.865+0800: 21553.490: [Full GC (Metadata GC Threshold) 2020-03-19T15:05:49.866+0800: 21553.490: [CMS: 123517K->123518K(237276K), 0.5166173 secs] 123777K->123518K(414236K), [Metaspace: 121210K->121210K(1165312K)], 0.5171038 secs] [Times: user=0.51 sys=0.00, real=0.52 secs] 
2020-03-19T15:05:50.383+0800: 21554.007: [Full GC (Last ditch collection) 2020-03-19T15:05:50.383+0800: 21554.008: [CMS: 123518K->123517K(237276K), 0.4908567 secs] 123518K->123517K(414236K), [Metaspace: 121210K->121210K(1165312K)], 0.4912997 secs] [Times: user=0.49 sys=0.00, real=0.49 secs] 
2020-03-19T15:05:50.878+0800: 21554.503: [Full GC (Metadata GC Threshold) 2020-03-19T15:05:50.878+0800: 21554.503: [CMS: 123517K->123516K(237276K), 0.5104731 secs] 123525K->123516K(414236K), [Metaspace: 121210K->121210K(1165312K)], 0.5109092 secs] [Times: user=0.51 sys=0.00, real=0.52 secs] 
2020-03-19T15:05:51.389+0800: 21555.014: [Full GC (Last ditch collection) 2020-03-19T15:05:51.389+0800: 21555.014: [CMS: 123516K->123516K(237276K), 0.4807342 secs] 123516K->123516K(414236K), [Metaspace: 121210K->121210K(1165312K)], 0.4811609 secs] [Times: user=0.48 sys=0.00, real=0.48 secs] 
2020-03-19T15:05:51.879+0800: 21555.503: [Full GC (Metadata GC Threshold) 2020-03-19T15:05:51.879+0800: 21555.504: [CMS: 123516K->123516K(237276K), 0.4627840 secs] 123516K->123516K(414236K), [Metaspace: 121210K->121210K(1165312K)], 0.4631889 secs] [Times: user=0.46 sys=0.00, real=0.46 secs] 
2020-03-19T15:05:52.342+0800: 21555.967: [Full GC (Last ditch collection) 2020-03-19T15:05:52.343+0800: 21555.967: [CMS: 123516K->123516K(237276K), 0.4812387 secs] 123516K->123516K(414236K), [Metaspace: 121210K->121210K(1165312K)], 0.4816709 secs] [Times: user=0.48 sys=0.00, real=0.48 secs] 
2020-03-19T15:05:52.849+0800: 21556.473: [Full GC (Metadata GC Threshold) 2020-03-19T15:05:52.849+0800: 21556.473: [CMS: 123516K->123562K(237276K), 0.5521207 secs] 126309K->123562K(414236K), [Metaspace: 121210K->121210K(1165312K)], 0.5526237 secs] [Times: user=0.53 sys=0.00, real=0.55 secs] 
2020-03-19T15:05:53.402+0800: 21557.026: [Full GC (Last ditch collection) 2020-03-19T15:05:53.402+0800: 21557.026: [CMS: 123562K->123560K(237276K), 0.4736587 secs] 123562K->123560K(414236K), [Metaspace: 121210K->121210K(1165312K)], 0.4741309 secs] [Times: user=0.46 sys=0.00, real=0.47 secs] 
2020-03-19T15:05:53.879+0800: 21557.504: [GC (CMS Initial Mark) [1 CMS-initial-mark: 123560K(237276K)] 123564K(414236K), 0.0086962 secs] [Times: user=0.02 sys=0.00, real=0.01 secs] 
2020-03-19T15:05:53.888+0800: 21557.513: [CMS-concurrent-mark-start]
2020-03-19T15:05:53.898+0800: 21557.523: [Full GC (Metadata GC Threshold) 2020-03-19T15:05:53.898+0800: 21557.523: [CMS2020-03-19T15:05:54.084+0800: 21557.709: [CMS-concurrent-mark: 0.185/0.196 secs] [Times: user=0.20 sys=0.00, real=0.19 secs] 
 (concurrent mode failure): 123560K->123564K(237276K), 0.6582286 secs] 123816K->123564K(414236K), [Metaspace: 121210K->121210K(1165312K)], 0.6586822 secs] [Times: user=0.65 sys=0.00, real=0.65 secs] 
2020-03-19T15:05:54.557+0800: 21558.182: [Full GC (Last ditch collection) 2020-03-19T15:05:54.557+0800: 21558.182: [CMS: 123564K->123562K(237276K), 0.5033147 secs] 123564K->123562K(414236K), [Metaspace: 121210K->121210K(1165312K)], 0.5037000 secs] [Times: user=0.50 sys=0.00, real=0.51 secs] 
2020-03-19T15:05:55.064+0800: 21558.689: [Full GC (Metadata GC Threshold) 2020-03-19T15:05:55.064+0800: 21558.689: [CMS: 123562K->123562K(237276K), 0.5042424 secs] 123574K->123562K(414236K), [Metaspace: 121210K->121210K(1165312K)], 0.5047049 secs] [Times: user=0.49 sys=0.00, real=0.51 secs] 
2020-03-19T15:05:55.569+0800: 21559.194: [Full GC (Last ditch collection) 2020-03-19T15:05:55.569+0800: 21559.194: [CMS: 123562K->123562K(237276K), 0.4950940 secs] 123562K->123562K(414236K), [Metaspace: 121210K->121210K(1165312K)], 0.4955972 secs] [Times: user=0.49 sys=0.00, real=0.49 secs] 
2020-03-19T15:05:56.068+0800: 21559.693: [GC (CMS Initial Mark) [1 CMS-initial-mark: 123562K(237276K)] 123576K(414236K), 0.0091330 secs] [Times: user=0.02 sys=0.00, real=0.00 secs] 
2020-03-19T15:05:56.078+0800: 21559.702: [CMS-concurrent-mark-start]
2020-03-19T15:05:56.101+0800: 21559.726: [Full GC (Metadata GC Threshold) 2020-03-19T15:05:56.101+0800: 21559.726: [CMS2020-03-19T15:05:56.275+0800: 21559.899: [CMS-concurrent-mark: 0.187/0.197 secs] [Times: user=0.21 sys=0.00, real=0.20 secs] 
 (concurrent mode failure): 123562K->123625K(237276K), 0.7042199 secs] 124309K->123625K(414236K), [Metaspace: 121210K->121210K(1165312K)], 0.7047037 secs] [Times: user=0.68 sys=0.00, real=0.70 secs] 
2020-03-19T15:05:56.806+0800: 21560.431: [Full GC (Last ditch collection) 2020-03-19T15:05:56.806+0800: 21560.431: [CMS: 123625K->123623K(237276K), 0.4975923 secs] 123625K->123623K(414236K), [Metaspace: 121210K->121210K(1165312K)], 0.4980410 secs] [Times: user=0.49 sys=0.00, real=0.49 secs] 
2020-03-19T15:05:57.307+0800: 21560.932: [Full GC (Metadata GC Threshold) 2020-03-19T15:05:57.307+0800: 21560.932: [CMS: 123623K->123623K(237276K), 0.5360659 secs] 123674K->123623K(414236K), [Metaspace: 121210K->121210K(1165312K)], 0.5365207 secs] [Times: user=0.50 sys=0.00, real=0.53 secs] 
2020-03-19T15:05:57.844+0800: 21561.469: [Full GC (Last ditch collection) 2020-03-19T15:05:57.844+0800: 21561.469: [CMS: 123623K->123623K(237276K), 0.5208694 secs] 123623K->123623K(414236K), [Metaspace: 121210K->121210K(1165312K)], 0.5213110 secs] [Times: user=0.50 sys=0.00, real=0.52 secs] 
2020-03-19T15:05:58.368+0800: 21561.993: [Full GC (Metadata GC Threshold) 2020-03-19T15:05:58.369+0800: 21561.993: [CMS: 123623K->123623K(237276K), 0.5012644 secs] 123623K->123623K(414236K), [Metaspace: 121210K->121210K(1165312K)], 0.5017558 secs] [Times: user=0.49 sys=0.00, real=0.50 secs] 
2020-03-19T15:05:58.870+0800: 21562.495: [Full GC (Last ditch collection) 2020-03-19T15:05:58.871+0800: 21562.495: [CMS: 123623K->123623K(237276K), 0.4878950 secs] 123623K->123623K(414236K), [Metaspace: 121210K->121210K(1165312K)], 0.4883435 secs] [Times: user=0.49 sys=0.00, real=0.49 secs] 
2020-03-19T15:05:59.362+0800: 21562.986: [Full GC (Metadata GC Threshold) 2020-03-19T15:05:59.362+0800: 21562.986: [CMS: 123623K->123623K(237276K), 0.5340509 secs] 123629K->123623K(414236K), [Metaspace: 121210K->121210K(1165312K)], 0.5344350 secs] [Times: user=0.52 sys=0.00, real=0.53 secs] 
2020-03-19T15:05:59.896+0800: 21563.521: [Full GC (Last ditch collection) 2020-03-19T15:05:59.897+0800: 21563.521: [CMS: 123623K->123623K(237276K), 0.4802545 secs] 123623K->123623K(414236K), [Metaspace: 121210K->121210K(1165312K)], 0.4806097 secs] [Times: user=0.46 sys=0.00, real=0.48 secs] 
2020-03-19T15:06:00.380+0800: 21564.005: [GC (CMS Initial Mark) [1 CMS-initial-mark: 123623K(237276K)] 123982K(414236K), 0.0085776 secs] [Times: user=0.02 sys=0.00, real=0.01 secs] 
2020-03-19T15:06:00.389+0800: 21564.014: [CMS-concurrent-mark-start]
2020-03-19T15:06:00.425+0800: 21564.050: [Full GC (Metadata GC Threshold) 2020-03-19T15:06:00.425+0800: 21564.050: [CMS2020-03-19T15:06:00.582+0800: 21564.206: [CMS-concurrent-mark: 0.182/0.193 secs] [Times: user=0.20 sys=0.00, real=0.19 secs] 
 (concurrent mode failure): 123623K->123662K(237276K), 0.6917193 secs] 124669K->123662K(414236K), [Metaspace: 121210K->121210K(1165312K)], 0.6921765 secs] [Times: user=0.68 sys=0.00, real=0.69 secs] 
2020-03-19T15:06:01.118+0800: 21564.742: [Full GC (Last ditch collection) 2020-03-19T15:06:01.118+0800: 21564.742: [CMS: 123662K->123660K(237276K), 0.5478198 secs] 123662K->123660K(414236K), [Metaspace: 121210K->121210K(1165312K)], 0.5482686 secs] [Times: user=0.52 sys=0.00, real=0.55 secs] 
2020-03-19T15:06:01.669+0800: 21565.293: [Full GC (Metadata GC Threshold) 2020-03-19T15:06:01.669+0800: 21565.294: [CMS: 123660K->123660K(237276K), 0.5104071 secs] 123666K->123660K(414236K), [Metaspace: 121210K->121210K(1165312K)], 0.5128938 secs] [Times: user=0.50 sys=0.00, real=0.51 secs] 
2020-03-19T15:06:02.182+0800: 21565.807: [Full GC (Last ditch collection) 2020-03-19T15:06:02.182+0800: 21565.807: [CMS: 123660K->123660K(237276K), 0.4688771 secs] 123660K->123660K(414236K), [Metaspace: 121210K->121210K(1165312K)], 0.4692872 secs] [Times: user=0.46 sys=0.00, real=0.47 secs] 
2020-03-19T15:06:02.655+0800: 21566.279: [GC (CMS Initial Mark) [1 CMS-initial-mark: 123660K(237276K)] 123666K(414236K), 0.0088798 secs] [Times: user=0.01 sys=0.00, real=0.01 secs] 
2020-03-19T15:06:02.664+0800: 21566.289: [CMS-concurrent-mark-start]
2020-03-19T15:06:02.675+0800: 21566.299: [Full GC (Metadata GC Threshold) 2020-03-19T15:06:02.675+0800: 21566.299: [CMS2020-03-19T15:06:02.870+0800: 21566.495: [CMS-concurrent-mark: 0.202/0.206 secs] [Times: user=0.21 sys=0.00, real=0.21 secs] 
 (concurrent mode failure): 123660K->123657K(237276K), 0.7397552 secs] 123929K->123657K(414236K), [Metaspace: 121210K->121210K(1165312K)], 0.7401920 secs] [Times: user=0.73 sys=0.00, real=0.74 secs] 
2020-03-19T15:06:03.415+0800: 21567.040: [Full GC (Last ditch collection) 2020-03-19T15:06:03.415+0800: 21567.040: [CMS: 123657K->123655K(237276K), 0.4605778 secs] 123657K->123655K(414236K), [Metaspace: 121210K->121210K(1165312K)], 0.4609669 secs] [Times: user=0.47 sys=0.00, real=0.46 secs] 
2020-03-19T15:06:03.879+0800: 21567.504: [Full GC (Metadata GC Threshold) 2020-03-19T15:06:03.879+0800: 21567.504: [CMS: 123655K->123657K(237276K), 0.4862962 secs] 123663K->123657K(414236K), [Metaspace: 121210K->121210K(1165312K)], 0.4867165 secs] [Times: user=0.48 sys=0.00, real=0.48 secs] 
2020-03-19T15:06:04.366+0800: 21567.991: [Full GC (Last ditch collection) 2020-03-19T15:06:04.366+0800: 21567.991: [CMS: 123657K->123657K(237276K), 0.4944160 secs] 123657K->123657K(414236K), [Metaspace: 121210K->121210K(1165312K)], 0.4948513 secs] [Times: user=0.50 sys=0.00, real=0.49 secs] 
2020-03-19T15:06:04.865+0800: 21568.489: [Full GC (Metadata GC Threshold) 2020-03-19T15:06:04.865+0800: 21568.489: [CMS: 123657K->123657K(237276K), 0.5632364 secs] 123665K->123657K(414236K), [Metaspace: 121210K->121210K(1165312K)], 0.5636802 secs] [Times: user=0.52 sys=0.00, real=0.57 secs] 
2020-03-19T15:06:05.429+0800: 21569.053: [Full GC (Last ditch collection) 2020-03-19T15:06:05.429+0800: 21569.053: [CMS: 123657K->123657K(237276K), 0.5088236 secs] 123657K->123657K(414236K), [Metaspace: 121210K->121210K(1165312K)], 0.5092069 secs] [Times: user=0.49 sys=0.00, real=0.51 secs] 
2020-03-19T15:06:05.941+0800: 21569.565: [Full GC (Metadata GC Threshold) 2020-03-19T15:06:05.941+0800: 21569.566: [CMS: 123657K->123657K(237276K), 0.4567171 secs] 123665K->123657K(414236K), [Metaspace: 121210K->121210K(1165312K)], 0.4571377 secs] [Times: user=0.46 sys=0.00, real=0.46 secs] 
2020-03-19T15:06:06.398+0800: 21570.023: [Full GC (Last ditch collection) 2020-03-19T15:06:06.398+0800: 21570.023: [CMS: 123657K->123657K(237276K), 0.5186838 secs] 123657K->123657K(414236K), [Metaspace: 121210K->121210K(1165312K)], 0.5190637 secs] [Times: user=0.49 sys=0.00, real=0.51 secs] 
2020-03-19T15:06:06.920+0800: 21570.545: [Full GC (Metadata GC Threshold) 2020-03-19T15:06:06.921+0800: 21570.545: [CMS: 123657K->123658K(237276K), 0.4825843 secs] 123661K->123658K(414236K), [Metaspace: 121210K->121210K(1165312K)], 0.4830191 secs] [Times: user=0.48 sys=0.00, real=0.48 secs] 
2020-03-19T15:06:07.404+0800: 21571.028: [Full GC (Last ditch collection) 2020-03-19T15:06:07.404+0800: 21571.029: [CMS: 123658K->123658K(237276K), 0.4789336 secs] 123658K->123658K(414236K), [Metaspace: 121210K->121210K(1165312K)], 0.4794145 secs] [Times: user=0.47 sys=0.00, real=0.48 secs] 
2020-03-19T15:06:07.886+0800: 21571.511: [Full GC (Metadata GC Threshold) 2020-03-19T15:06:07.886+0800: 21571.511: [CMS: 123658K->123658K(237276K), 0.4789760 secs] 123664K->123658K(414236K), [Metaspace: 121210K->121210K(1165312K)], 0.4793988 secs] [Times: user=0.46 sys=0.00, real=0.47 secs] 
2020-03-19T15:06:08.366+0800: 21571.990: [Full GC (Last ditch collection) 2020-03-19T15:06:08.366+0800: 21571.991: [CMS: 123658K->123658K(237276K), 0.4958568 secs] 123658K->123658K(414236K), [Metaspace: 121210K->121210K(1165312K)], 0.4964853 secs] [Times: user=0.49 sys=0.00, real=0.50 secs] 
2020-03-19T15:06:08.866+0800: 21572.490: [Full GC (Metadata GC Threshold) 2020-03-19T15:06:08.866+0800: 21572.490: [CMS: 123658K->123658K(237276K), 0.4900391 secs] 123696K->123658K(414236K), [Metaspace: 121210K->121210K(1165312K)], 0.4904942 secs] [Times: user=0.49 sys=0.00, real=0.49 secs] 
2020-03-19T15:06:09.356+0800: 21572.981: [Full GC (Last ditch collection) 2020-03-19T15:06:09.357+0800: 21572.981: [CMS: 123658K->123658K(237276K), 0.4838856 secs] 123658K->123658K(414236K), [Metaspace: 121210K->121210K(1165312K)], 0.4843413 secs] [Times: user=0.48 sys=0.00, real=0.49 secs] 
2020-03-19T15:06:09.844+0800: 21573.468: [Full GC (Metadata GC Threshold) 2020-03-19T15:06:09.844+0800: 21573.468: [CMS: 123658K->123658K(237276K), 0.4595314 secs] 123662K->123658K(414236K), [Metaspace: 121210K->121210K(1165312K)], 0.4599552 secs] [Times: user=0.46 sys=0.00, real=0.46 secs] 
2020-03-19T15:06:10.304+0800: 21573.928: [Full GC (Last ditch collection) 2020-03-19T15:06:10.304+0800: 21573.929: [CMS: 123658K->123658K(237276K), 0.4828999 secs] 123658K->123658K(414236K), [Metaspace: 121210K->121210K(1165312K)], 0.4833535 secs] [Times: user=0.48 sys=0.00, real=0.49 secs] 
2020-03-19T15:06:10.790+0800: 21574.415: [Full GC (Metadata GC Threshold) 2020-03-19T15:06:10.790+0800: 21574.415: [CMS: 123658K->123659K(237276K), 0.5133556 secs] 123661K->123659K(414236K), [Metaspace: 121210K->121210K(1165312K)], 0.5137795 secs] [Times: user=0.50 sys=0.00, real=0.51 secs] 
2020-03-19T15:06:11.304+0800: 21574.929: [Full GC (Last ditch collection) 2020-03-19T15:06:11.304+0800: 21574.929: [CMS: 123659K->123659K(237276K), 0.4907247 secs] 123659K->123659K(414236K), [Metaspace: 121210K->121210K(1165312K)], 0.4910998 secs] [Times: user=0.48 sys=0.00, real=0.49 secs] 
2020-03-19T15:06:11.798+0800: 21575.423: [Full GC (Metadata GC Threshold) 2020-03-19T15:06:11.798+0800: 21575.423: [CMS: 123659K->123659K(237276K), 0.4725702 secs] 123669K->123659K(414236K), [Metaspace: 121210K->121210K(1165312K)], 0.4729824 secs] [Times: user=0.47 sys=0.00, real=0.47 secs] 
2020-03-19T15:06:12.272+0800: 21575.896: [Full GC (Last ditch collection) 2020-03-19T15:06:12.272+0800: 21575.896: [CMS: 123659K->123659K(237276K), 0.5783455 secs] 123659K->123659K(414236K), [Metaspace: 121210K->121210K(1165312K)], 0.5801087 secs] [Times: user=0.49 sys=0.00, real=0.58 secs] 
2020-03-19T15:06:12.859+0800: 21576.484: [Full GC (Metadata GC Threshold) 2020-03-19T15:06:12.859+0800: 21576.484: [CMS: 123659K->123659K(237276K), 0.5305042 secs] 123700K->123659K(414236K), [Metaspace: 121210K->121210K(1165312K)], 0.5310170 secs] [Times: user=0.52 sys=0.00, real=0.53 secs] 
2020-03-19T15:06:13.390+0800: 21577.015: [Full GC (Last ditch collection) 2020-03-19T15:06:13.391+0800: 21577.015: [CMS: 123659K->123659K(237276K), 0.4675642 secs] 123659K->123659K(414236K), [Metaspace: 121210K->121210K(1165312K)], 0.4680290 secs] [Times: user=0.46 sys=0.00, real=0.47 secs] 
2020-03-19T15:06:13.861+0800: 21577.486: [Full GC (Metadata GC Threshold) 2020-03-19T15:06:13.862+0800: 21577.486: [CMS: 123659K->123659K(237276K), 0.4987975 secs] 123663K->123659K(414236K), [Metaspace: 121210K->121210K(1165312K)], 0.4992144 secs] [Times: user=0.50 sys=0.00, real=0.50 secs] 
2020-03-19T15:06:14.361+0800: 21577.986: [Full GC (Last ditch collection) 2020-03-19T15:06:14.361+0800: 21577.986: [CMS: 123659K->123659K(237276K), 0.4996104 secs] 123659K->123659K(414236K), [Metaspace: 121210K->121210K(1165312K)], 0.5000245 secs] [Times: user=0.50 sys=0.00, real=0.50 secs] 
2020-03-19T15:06:14.864+0800: 21578.489: [GC (CMS Initial Mark) [1 CMS-initial-mark: 123659K(237276K)] 123673K(414236K), 0.0112420 secs] [Times: user=0.02 sys=0.00, real=0.01 secs] 
2020-03-19T15:06:14.876+0800: 21578.500: [CMS-concurrent-mark-start]
2020-03-19T15:06:14.897+0800: 21578.521: [Full GC (Metadata GC Threshold) 2020-03-19T15:06:14.897+0800: 21578.521: [CMS2020-03-19T15:06:15.090+0800: 21578.714: [CMS-concurrent-mark: 0.206/0.214 secs] [Times: user=0.21 sys=0.00, real=0.22 secs] 
 (concurrent mode failure): 123659K->123657K(237276K), 0.7245406 secs] 124587K->123657K(414236K), [Metaspace: 121210K->121210K(1165312K)], 0.7249684 secs] [Times: user=0.70 sys=0.00, real=0.73 secs] 
2020-03-19T15:06:15.622+0800: 21579.246: [Full GC (Last ditch collection) 2020-03-19T15:06:15.622+0800: 21579.247: [CMS: 123657K->123655K(237276K), 0.5002932 secs] 123657K->123655K(414236K), [Metaspace: 121210K->121210K(1165312K)], 0.5007157 secs] [Times: user=0.50 sys=0.00, real=0.50 secs] 
2020-03-19T15:06:16.141+0800: 21579.766: [Full GC (Metadata GC Threshold) 2020-03-19T15:06:16.142+0800: 21579.766: [CMS: 123655K->123654K(237276K), 0.5054720 secs] 124003K->123654K(414236K), [Metaspace: 121210K->121210K(1165312K)], 0.5059372 secs] [Times: user=0.49 sys=0.00, real=0.51 secs] 
2020-03-19T15:06:16.648+0800: 21580.272: [Full GC (Last ditch collection) 2020-03-19T15:06:16.648+0800: 21580.272: [CMS: 123654K->123653K(237276K), 0.5449176 secs] 123654K->123653K(414236K), [Metaspace: 121210K->121210K(1165312K)], 0.5452958 secs] [Times: user=0.51 sys=0.00, real=0.54 secs] 
2020-03-19T15:06:17.199+0800: 21580.824: [GC (CMS Initial Mark) [1 CMS-initial-mark: 123653K(237276K)] 124189K(414236K), 0.0096719 secs] [Times: user=0.02 sys=0.00, real=0.01 secs] 
2020-03-19T15:06:17.210+0800: 21580.834: [CMS-concurrent-mark-start]
2020-03-19T15:06:17.212+0800: 21580.836: [Full GC (Metadata GC Threshold) 2020-03-19T15:06:17.212+0800: 21580.837: [CMS2020-03-19T15:06:17.403+0800: 21581.027: [CMS-concurrent-mark: 0.185/0.193 secs] [Times: user=0.19 sys=0.00, real=0.19 secs] 
 (concurrent mode failure): 123653K->123132K(237276K), 0.6835731 secs] 124206K->123132K(414236K), [Metaspace: 121210K->121210K(1165312K)], 0.6840073 secs] [Times: user=0.68 sys=0.00, real=0.68 secs] 
2020-03-19T15:06:17.896+0800: 21581.521: [Full GC (Last ditch collection) 2020-03-19T15:06:17.896+0800: 21581.521: [CMS: 123132K->123130K(237276K), 0.4812354 secs] 123132K->123130K(414236K), [Metaspace: 121210K->121210K(1165312K)], 0.4815811 secs] [Times: user=0.47 sys=0.00, real=0.48 secs] 
2020-03-19T15:06:18.381+0800: 21582.006: [Full GC (Metadata GC Threshold) 2020-03-19T15:06:18.381+0800: 21582.006: [CMS: 123130K->123130K(237276K), 0.5016366 secs] 123132K->123130K(414236K), [Metaspace: 121210K->121210K(1165312K)], 0.5020824 secs] [Times: user=0.49 sys=0.00, real=0.50 secs] 
2020-03-19T15:06:18.883+0800: 21582.508: [Full GC (Last ditch collection) 2020-03-19T15:06:18.884+0800: 21582.508: [CMS: 123130K->123130K(237276K), 0.4955510 secs] 123130K->123130K(414236K), [Metaspace: 121210K->121210K(1165312K)], 0.4959327 secs] [Times: user=0.49 sys=0.00, real=0.50 secs] 
2020-03-19T15:06:19.382+0800: 21583.007: [Full GC (Metadata GC Threshold) 2020-03-19T15:06:19.382+0800: 21583.007: [CMS: 123130K->123130K(237276K), 0.5648450 secs] 123134K->123130K(414236K), [Metaspace: 121210K->121210K(1165312K)], 0.5652305 secs] [Times: user=0.52 sys=0.00, real=0.57 secs] 
2020-03-19T15:06:19.948+0800: 21583.572: [Full GC (Last ditch collection) 2020-03-19T15:06:19.948+0800: 21583.572: [CMS: 123130K->123130K(237276K), 0.4708292 secs] 123130K->123130K(414236K), [Metaspace: 121210K->121210K(1165312K)], 0.4712011 secs] [Times: user=0.47 sys=0.00, real=0.47 secs] 
2020-03-19T15:06:20.422+0800: 21584.046: [Full GC (Metadata GC Threshold) 2020-03-19T15:06:20.422+0800: 21584.047: [CMS: 123130K->123130K(237276K), 0.4856356 secs] 123132K->123130K(414236K), [Metaspace: 121210K->121210K(1165312K)], 0.4860497 secs] [Times: user=0.47 sys=0.00, real=0.49 secs] 
2020-03-19T15:06:20.908+0800: 21584.533: [Full GC (Last ditch collection) 2020-03-19T15:06:20.908+0800: 21584.533: [CMS: 123130K->123130K(237276K), 0.4619970 secs] 123130K->123130K(414236K), [Metaspace: 121210K->121210K(1165312K)], 0.4623576 secs] [Times: user=0.47 sys=0.00, real=0.46 secs] 
2020-03-19T15:06:21.373+0800: 21584.998: [Full GC (Metadata GC Threshold) 2020-03-19T15:06:21.373+0800: 21584.998: [CMS: 123130K->123130K(237276K), 0.4708483 secs] 123134K->123130K(414236K), [Metaspace: 121210K->121210K(1165312K)], 0.4712763 secs] [Times: user=0.47 sys=0.00, real=0.47 secs] 
2020-03-19T15:06:21.845+0800: 21585.469: [Full GC (Last ditch collection) 2020-03-19T15:06:21.845+0800: 21585.470: [CMS: 123130K->123130K(237276K), 0.4454854 secs] 123130K->123130K(414236K), [Metaspace: 121210K->121210K(1165312K)], 0.4459190 secs] [Times: user=0.44 sys=0.00, real=0.45 secs] 
2020-03-19T15:06:22.294+0800: 21585.918: [Full GC (Metadata GC Threshold) 2020-03-19T15:06:22.294+0800: 21585.918: [CMS: 123130K->123130K(237276K), 0.4650332 secs] 123134K->123130K(414236K), [Metaspace: 121210K->121210K(1165312K)], 0.4656021 secs] [Times: user=0.47 sys=0.00, real=0.47 secs] 
2020-03-19T15:06:22.761+0800: 21586.385: [Full GC (Last ditch collection) 2020-03-19T15:06:22.761+0800: 21586.386: [CMS: 123130K->123130K(237276K), 0.4894117 secs] 123130K->123130K(414236K), [Metaspace: 121210K->121210K(1165312K)], 0.4898546 secs] [Times: user=0.49 sys=0.00, real=0.49 secs] 
2020-03-19T15:06:23.253+0800: 21586.878: [Full GC (Metadata GC Threshold) 2020-03-19T15:06:23.254+0800: 21586.878: [CMS: 123130K->123130K(237276K), 0.4717150 secs] 123132K->123130K(414236K), [Metaspace: 121210K->121210K(1165312K)], 0.4720951 secs] [Times: user=0.47 sys=0.00, real=0.47 secs] 
2020-03-19T15:06:23.726+0800: 21587.350: [Full GC (Last ditch collection) 2020-03-19T15:06:23.726+0800: 21587.351: [CMS: 123130K->123130K(237276K), 0.4639447 secs] 123130K->123130K(414236K), [Metaspace: 121210K->121210K(1165312K)], 0.4643259 secs] [Times: user=0.46 sys=0.00, real=0.47 secs] 
2020-03-19T15:06:24.194+0800: 21587.819: [Full GC (Metadata GC Threshold) 2020-03-19T15:06:24.194+0800: 21587.819: [CMS: 123130K->123142K(237276K), 0.4510004 secs] 123314K->123142K(414236K), [Metaspace: 121210K->121210K(1165312K)], 0.4514589 secs] [Times: user=0.45 sys=0.00, real=0.45 secs] 
2020-03-19T15:06:24.646+0800: 21588.270: [Full GC (Last ditch collection) 2020-03-19T15:06:24.646+0800: 21588.270: [CMS: 123142K->123140K(237276K), 0.4950287 secs] 123142K->123140K(414236K), [Metaspace: 121210K->121210K(1165312K)], 0.4954985 secs] [Times: user=0.49 sys=0.00, real=0.50 secs] 
2020-03-19T15:06:25.144+0800: 21588.769: [Full GC (Metadata GC Threshold) 2020-03-19T15:06:25.144+0800: 21588.769: [CMS: 123140K->123140K(237276K), 0.4916755 secs] 123142K->123140K(414236K), [Metaspace: 121210K->121210K(1165312K)], 0.4920784 secs] [Times: user=0.48 sys=0.00, real=0.49 secs] 
2020-03-19T15:06:25.636+0800: 21589.261: [Full GC (Last ditch collection) 2020-03-19T15:06:25.637+0800: 21589.261: [CMS: 123140K->123140K(237276K), 0.4802846 secs] 123140K->123140K(414236K), [Metaspace: 121210K->121210K(1165312K)], 0.4806781 secs] [Times: user=0.48 sys=0.00, real=0.48 secs] 
2020-03-19T15:06:26.120+0800: 21589.745: [Full GC (Metadata GC Threshold) 2020-03-19T15:06:26.120+0800: 21589.745: [CMS: 123140K->123142K(237276K), 0.4589429 secs] 123143K->123142K(414236K), [Metaspace: 121210K->121210K(1165312K)], 0.4593280 secs] [Times: user=0.46 sys=0.00, real=0.46 secs] 
2020-03-19T15:06:26.580+0800: 21590.204: [Full GC (Last ditch collection) 2020-03-19T15:06:26.580+0800: 21590.205: [CMS: 123142K->123142K(237276K), 0.5367285 secs] 123142K->123142K(414236K), [Metaspace: 121210K->121210K(1165312K)], 0.5371359 secs] [Times: user=0.51 sys=0.00, real=0.53 secs] 
2020-03-19T15:06:27.120+0800: 21590.745: [Full GC (Metadata GC Threshold) 2020-03-19T15:06:27.120+0800: 21590.745: [CMS: 123142K->123141K(237276K), 0.4958094 secs] 123152K->123141K(414236K), [Metaspace: 121210K->121210K(1165312K)], 0.4963547 secs] [Times: user=0.49 sys=0.00, real=0.49 secs] 
2020-03-19T15:06:27.617+0800: 21591.241: [Full GC (Last ditch collection) 2020-03-19T15:06:27.617+0800: 21591.242: [CMS: 123141K->123141K(237276K), 0.5984199 secs] 123141K->123141K(414236K), [Metaspace: 121210K->121210K(1165312K)], 0.5990300 secs] [Times: user=0.54 sys=0.00, real=0.60 secs] 
2020-03-19T15:06:28.219+0800: 21591.844: [Full GC (Metadata GC Threshold) 2020-03-19T15:06:28.219+0800: 21591.844: [CMS: 123141K->123138K(237276K), 0.4493767 secs] 123150K->123138K(414236K), [Metaspace: 121210K->121210K(1165312K)], 0.4497654 secs] [Times: user=0.45 sys=0.00, real=0.45 secs] 
2020-03-19T15:06:28.669+0800: 21592.294: [Full GC (Last ditch collection) 2020-03-19T15:06:28.669+0800: 21592.294: [CMS: 123138K->123138K(237276K), 0.5022069 secs] 123138K->123138K(414236K), [Metaspace: 121210K->121210K(1165312K)], 0.5025865 secs] [Times: user=0.49 sys=0.00, real=0.50 secs] 
2020-03-19T15:06:29.175+0800: 21592.799: [GC (CMS Initial Mark) [1 CMS-initial-mark: 123138K(237276K)] 123140K(414236K), 0.0082441 secs] [Times: user=0.02 sys=0.00, real=0.01 secs] 
2020-03-19T15:06:29.183+0800: 21592.808: [CMS-concurrent-mark-start]
2020-03-19T15:06:29.199+0800: 21592.823: [Full GC (Metadata GC Threshold) 2020-03-19T15:06:29.199+0800: 21592.823: [CMS2020-03-19T15:06:29.394+0800: 21593.018: [CMS-concurrent-mark: 0.187/0.210 secs] [Times: user=0.20 sys=0.00, real=0.21 secs] 
 (concurrent mode failure): 123138K->123158K(237276K), 0.7161523 secs] 123497K->123158K(414236K), [Metaspace: 121210K->121210K(1165312K)], 0.7165493 secs] [Times: user=0.70 sys=0.00, real=0.71 secs] 
2020-03-19T15:06:29.916+0800: 21593.540: [Full GC (Last ditch collection) 2020-03-19T15:06:29.916+0800: 21593.540: [CMS: 123158K->123156K(237276K), 0.4560390 secs] 123158K->123156K(414236K), [Metaspace: 121210K->121210K(1165312K)], 0.4564679 secs] [Times: user=0.45 sys=0.00, real=0.46 secs] 
2020-03-19T15:06:30.375+0800: 21593.999: [Full GC (Metadata GC Threshold) 2020-03-19T15:06:30.375+0800: 21594.000: [CMS: 123156K->123156K(237276K), 0.5152627 secs] 123160K->123156K(414236K), [Metaspace: 121210K->121210K(1165312K)], 0.5156718 secs] [Times: user=0.49 sys=0.00, real=0.52 secs] 
2020-03-19T15:06:30.891+0800: 21594.515: [Full GC (Last ditch collection) 2020-03-19T15:06:30.891+0800: 21594.515: [CMS: 123156K->123156K(237276K), 0.5864450 secs] 123156K->123156K(414236K), [Metaspace: 121210K->121210K(1165312K)], 0.5868500 secs] [Times: user=0.53 sys=0.00, real=0.58 secs] 
2020-03-19T15:06:31.480+0800: 21595.105: [Full GC (Metadata GC Threshold) 2020-03-19T15:06:31.481+0800: 21595.105: [CMS: 123156K->123156K(237276K), 0.4720644 secs] 123162K->123156K(414236K), [Metaspace: 121210K->121210K(1165312K)], 0.4724642 secs] [Times: user=0.47 sys=0.00, real=0.47 secs] 
2020-03-19T15:06:31.953+0800: 21595.578: [Full GC (Last ditch collection) 2020-03-19T15:06:31.953+0800: 21595.578: [CMS: 123156K->123156K(237276K), 0.4553911 secs] 123156K->123156K(414236K), [Metaspace: 121210K->121210K(1165312K)], 0.4557622 secs] [Times: user=0.45 sys=0.00, real=0.46 secs] 
2020-03-19T15:06:32.412+0800: 21596.036: [Full GC (Metadata GC Threshold) 2020-03-19T15:06:32.412+0800: 21596.037: [CMS: 123156K->123156K(237276K), 0.4805964 secs] 123162K->123156K(414236K), [Metaspace: 121210K->121210K(1165312K)], 0.4809769 secs] [Times: user=0.47 sys=0.00, real=0.48 secs] 
2020-03-19T15:06:32.893+0800: 21596.518: [Full GC (Last ditch collection) 2020-03-19T15:06:32.893+0800: 21596.518: [CMS: 123156K->123156K(237276K), 0.5176895 secs] 123156K->123156K(414236K), [Metaspace: 121210K->121210K(1165312K)], 0.5180821 secs] [Times: user=0.50 sys=0.00, real=0.52 secs] 
2020-03-19T15:06:33.414+0800: 21597.039: [Full GC (Metadata GC Threshold) 2020-03-19T15:06:33.414+0800: 21597.039: [CMS: 123156K->123156K(237276K), 0.4676250 secs] 123160K->123156K(414236K), [Metaspace: 121210K->121210K(1165312K)], 0.4680920 secs] [Times: user=0.46 sys=0.00, real=0.47 secs] 
2020-03-19T15:06:33.883+0800: 21597.507: [Full GC (Last ditch collection) 2020-03-19T15:06:33.883+0800: 21597.507: [CMS: 123156K->123156K(237276K), 0.4710923 secs] 123156K->123156K(414236K), [Metaspace: 121210K->121210K(1165312K)], 0.4714648 secs] [Times: user=0.47 sys=0.00, real=0.47 secs] 
2020-03-19T15:06:34.357+0800: 21597.981: [Full GC (Metadata GC Threshold) 2020-03-19T15:06:34.357+0800: 21597.982: [CMS: 123156K->123156K(237276K), 0.4845580 secs] 123160K->123156K(414236K), [Metaspace: 121210K->121210K(1165312K)], 0.4850345 secs] [Times: user=0.48 sys=0.00, real=0.49 secs] 
2020-03-19T15:06:34.843+0800: 21598.468: [Full GC (Last ditch collection) 2020-03-19T15:06:34.844+0800: 21598.468: [CMS: 123156K->123156K(237276K), 0.5528245 secs] 123156K->123156K(414236K), [Metaspace: 121210K->121210K(1165312K)], 0.5533225 secs] [Times: user=0.51 sys=0.00, real=0.55 secs] 
2020-03-19T15:06:35.400+0800: 21599.024: [Full GC (Metadata GC Threshold) 2020-03-19T15:06:35.400+0800: 21599.025: [CMS: 123156K->123156K(237276K), 0.4854380 secs] 123156K->123156K(414236K), [Metaspace: 121210K->121210K(1165312K)], 0.4858886 secs] [Times: user=0.48 sys=0.00, real=0.48 secs] 
2020-03-19T15:06:35.886+0800: 21599.511: [Full GC (Last ditch collection) 2020-03-19T15:06:35.886+0800: 21599.511: [CMS: 123156K->123156K(237276K), 0.4610329 secs] 123156K->123156K(414236K), [Metaspace: 121210K->121210K(1165312K)], 0.4614330 secs] [Times: user=0.45 sys=0.00, real=0.46 secs] 
2020-03-19T15:06:36.350+0800: 21599.975: [Full GC (Metadata GC Threshold) 2020-03-19T15:06:36.351+0800: 21599.975: [CMS: 123156K->123156K(237276K), 0.4937991 secs] 123160K->123156K(414236K), [Metaspace: 121210K->121210K(1165312K)], 0.4942406 secs] [Times: user=0.48 sys=0.00, real=0.49 secs] 
2020-03-19T15:06:36.845+0800: 21600.470: [Full GC (Last ditch collection) 2020-03-19T15:06:36.845+0800: 21600.470: [CMS: 123156K->123156K(237276K), 0.4776437 secs] 123156K->123156K(414236K), [Metaspace: 121210K->121210K(1165312K)], 0.4780935 secs] [Times: user=0.47 sys=0.00, real=0.48 secs] 
2020-03-19T15:06:37.326+0800: 21600.951: [Full GC (Metadata GC Threshold) 2020-03-19T15:06:37.326+0800: 21600.951: [CMS: 123156K->123158K(237276K), 0.4576628 secs] 123159K->123158K(414236K), [Metaspace: 121210K->121210K(1165312K)], 0.4580975 secs] [Times: user=0.46 sys=0.00, real=0.45 secs] 
2020-03-19T15:06:37.785+0800: 21601.409: [Full GC (Last ditch collection) 2020-03-19T15:06:37.785+0800: 21601.409: [CMS: 123158K->123158K(237276K), 0.4603241 secs] 123158K->123158K(414236K), [Metaspace: 121210K->121210K(1165312K)], 0.4607998 secs] [Times: user=0.46 sys=0.00, real=0.46 secs] 
2020-03-19T15:06:38.248+0800: 21601.873: [GC (CMS Initial Mark) [1 CMS-initial-mark: 123158K(237276K)] 123160K(414236K), 0.0080617 secs] [Times: user=0.01 sys=0.00, real=0.00 secs] 
2020-03-19T15:06:38.257+0800: 21601.881: [CMS-concurrent-mark-start]
2020-03-19T15:06:38.275+0800: 21601.899: [Full GC (Metadata GC Threshold) 2020-03-19T15:06:38.275+0800: 21601.900: [CMS2020-03-19T15:06:38.493+0800: 21602.117: [CMS-concurrent-mark: 0.218/0.236 secs] [Times: user=0.24 sys=0.00, real=0.24 secs] 
 (concurrent mode failure): 123158K->123216K(237276K), 0.7646122 secs] 124957K->123216K(414236K), [Metaspace: 121210K->121210K(1165312K)], 0.7651525 secs] [Times: user=0.72 sys=0.00, real=0.77 secs] 
2020-03-19T15:06:39.040+0800: 21602.665: [Full GC (Last ditch collection) 2020-03-19T15:06:39.040+0800: 21602.665: [CMS: 123216K->123215K(237276K), 0.4721964 secs] 123216K->123215K(414236K), [Metaspace: 121210K->121210K(1165312K)], 0.4726190 secs] [Times: user=0.47 sys=0.00, real=0.47 secs] 
2020-03-19T15:06:39.516+0800: 21603.141: [Full GC (Metadata GC Threshold) 2020-03-19T15:06:39.516+0800: 21603.141: [CMS: 123215K->123214K(237276K), 0.4784131 secs] 123231K->123214K(414236K), [Metaspace: 121210K->121210K(1165312K)], 0.4788344 secs] [Times: user=0.47 sys=0.00, real=0.48 secs] 
2020-03-19T15:06:39.995+0800: 21603.620: [Full GC (Last ditch collection) 2020-03-19T15:06:39.996+0800: 21603.620: [CMS: 123214K->123214K(237276K), 0.4557597 secs] 123214K->123214K(414236K), [Metaspace: 121210K->121210K(1165312K)], 0.4561192 secs] [Times: user=0.46 sys=0.00, real=0.46 secs] 
2020-03-19T15:06:40.454+0800: 21604.079: [Full GC (Metadata GC Threshold) 2020-03-19T15:06:40.455+0800: 21604.079: [CMS: 123214K->123214K(237276K), 0.5125975 secs] 123223K->123214K(414236K), [Metaspace: 121210K->121210K(1165312K)], 0.5130396 secs] [Times: user=0.50 sys=0.00, real=0.52 secs] 
2020-03-19T15:06:40.968+0800: 21604.592: [Full GC (Last ditch collection) 2020-03-19T15:06:40.968+0800: 21604.593: [CMS: 123214K->123214K(237276K), 0.4712783 secs] 123214K->123214K(414236K), [Metaspace: 121210K->121210K(1165312K)], 0.4717131 secs] [Times: user=0.47 sys=0.00, real=0.47 secs] 
2020-03-19T15:06:41.444+0800: 21605.069: [Full GC (Metadata GC Threshold) 2020-03-19T15:06:41.444+0800: 21605.069: [CMS: 123214K->123209K(237276K), 0.4815841 secs] 123606K->123209K(414236K), [Metaspace: 121210K->121210K(1165312K)], 0.4820433 secs] [Times: user=0.47 sys=0.00, real=0.49 secs] 
2020-03-19T15:06:41.926+0800: 21605.551: [Full GC (Last ditch collection) 2020-03-19T15:06:41.927+0800: 21605.551: [CMS: 123209K->123207K(237276K), 0.4791184 secs] 123209K->123207K(414236K), [Metaspace: 121210K->121210K(1165312K)], 0.4795481 secs] [Times: user=0.47 sys=0.00, real=0.48 secs] 
2020-03-19T15:06:42.409+0800: 21606.033: [Full GC (Metadata GC Threshold) 2020-03-19T15:06:42.409+0800: 21606.033: [CMS: 123207K->123207K(237276K), 0.5945370 secs] 123215K->123207K(414236K), [Metaspace: 121210K->121210K(1165312K)], 0.5949742 secs] [Times: user=0.52 sys=0.00, real=0.59 secs] 
2020-03-19T15:06:43.004+0800: 21606.629: [Full GC (Last ditch collection) 2020-03-19T15:06:43.004+0800: 21606.629: [CMS: 123207K->123207K(237276K), 0.4951791 secs] 123207K->123207K(414236K), [Metaspace: 121210K->121210K(1165312K)], 0.4956270 secs] [Times: user=0.48 sys=0.00, real=0.50 secs] 
2020-03-19T15:06:43.503+0800: 21607.127: [GC (CMS Initial Mark) [1 CMS-initial-mark: 123207K(237276K)] 123228K(414236K), 0.0082240 secs] [Times: user=0.01 sys=0.00, real=0.01 secs] 
2020-03-19T15:06:43.511+0800: 21607.136: [CMS-concurrent-mark-start]
2020-03-19T15:06:43.520+0800: 21607.144: [Full GC (Metadata GC Threshold) 2020-03-19T15:06:43.520+0800: 21607.145: [CMS2020-03-19T15:06:43.703+0800: 21607.328: [CMS-concurrent-mark: 0.184/0.192 secs] [Times: user=0.20 sys=0.00, real=0.19 secs] 
 (concurrent mode failure): 123207K->123244K(237276K), 0.6831068 secs] 123695K->123244K(414236K), [Metaspace: 121210K->121210K(1165312K)], 0.6835465 secs] [Times: user=0.68 sys=0.00, real=0.68 secs] 
2020-03-19T15:06:44.204+0800: 21607.828: [Full GC (Last ditch collection) 2020-03-19T15:06:44.204+0800: 21607.828: [CMS: 123244K->123241K(237276K), 0.4533932 secs] 123244K->123241K(414236K), [Metaspace: 121210K->121210K(1165312K)], 0.4537620 secs] [Times: user=0.45 sys=0.00, real=0.45 secs] 
2020-03-19T15:06:44.660+0800: 21608.285: [Full GC (Metadata GC Threshold) 2020-03-19T15:06:44.661+0800: 21608.285: [CMS: 123241K->123241K(237276K), 0.5810733 secs] 123243K->123241K(414236K), [Metaspace: 121210K->121210K(1165312K)], 0.5815641 secs] [Times: user=0.53 sys=0.00, real=0.58 secs] 
2020-03-19T15:06:45.242+0800: 21608.867: [Full GC (Last ditch collection) 2020-03-19T15:06:45.242+0800: 21608.867: [CMS: 123241K->123241K(237276K), 0.4832227 secs] 123241K->123241K(414236K), [Metaspace: 121210K->121210K(1165312K)], 0.4836871 secs] [Times: user=0.48 sys=0.00, real=0.49 secs] 
2020-03-19T15:06:45.729+0800: 21609.354: [Full GC (Metadata GC Threshold) 2020-03-19T15:06:45.729+0800: 21609.354: [CMS: 123241K->123241K(237276K), 0.5310075 secs] 123243K->123241K(414236K), [Metaspace: 121210K->121210K(1165312K)], 0.5314875 secs] [Times: user=0.52 sys=0.00, real=0.53 secs] 
2020-03-19T15:06:46.261+0800: 21609.885: [Full GC (Last ditch collection) 2020-03-19T15:06:46.261+0800: 21609.886: [CMS: 123241K->123241K(237276K), 0.4779962 secs] 123241K->123241K(414236K), [Metaspace: 121210K->121210K(1165312K)], 0.4784526 secs] [Times: user=0.48 sys=0.00, real=0.48 secs] 
2020-03-19T15:06:46.743+0800: 21610.367: [Full GC (Metadata GC Threshold) 2020-03-19T15:06:46.743+0800: 21610.367: [CMS: 123241K->123241K(237276K), 0.4868131 secs] 123241K->123241K(414236K), [Metaspace: 121210K->121210K(1165312K)], 0.4872752 secs] [Times: user=0.48 sys=0.00, real=0.49 secs] 
2020-03-19T15:06:47.230+0800: 21610.855: [Full GC (Last ditch collection) 2020-03-19T15:06:47.231+0800: 21610.855: [CMS: 123241K->123241K(237276K), 0.4563874 secs] 123241K->123241K(414236K), [Metaspace: 121210K->121210K(1165312K)], 0.4568348 secs] [Times: user=0.46 sys=0.00, real=0.46 secs] 
2020-03-19T15:06:47.690+0800: 21611.315: [GC (CMS Initial Mark) [1 CMS-initial-mark: 123241K(237276K)] 123243K(414236K), 0.0086776 secs] [Times: user=0.02 sys=0.00, real=0.01 secs] 
2020-03-19T15:06:47.699+0800: 21611.324: [CMS-concurrent-mark-start]
2020-03-19T15:06:47.719+0800: 21611.343: [Full GC (Metadata GC Threshold) 2020-03-19T15:06:47.719+0800: 21611.343: [CMS2020-03-19T15:06:47.910+0800: 21611.534: [CMS-concurrent-mark: 0.201/0.211 secs] [Times: user=0.21 sys=0.00, real=0.21 secs] 
 (concurrent mode failure): 123241K->123261K(237276K), 0.6691821 secs] 124144K->123261K(414236K), [Metaspace: 121210K->121210K(1165312K)], 0.6695956 secs] [Times: user=0.66 sys=0.00, real=0.67 secs] 
2020-03-19T15:06:48.389+0800: 21612.013: [Full GC (Last ditch collection) 2020-03-19T15:06:48.389+0800: 21612.013: [CMS: 123261K->123259K(237276K), 0.5049230 secs] 123261K->123259K(414236K), [Metaspace: 121210K->121210K(1165312K)], 0.5053401 secs] [Times: user=0.48 sys=0.00, real=0.50 secs] 
2020-03-19T15:06:48.898+0800: 21612.522: [Full GC (Metadata GC Threshold) 2020-03-19T15:06:48.898+0800: 21612.522: [CMS: 123259K->123259K(237276K), 0.4828434 secs] 123281K->123259K(414236K), [Metaspace: 121210K->121210K(1165312K)], 0.4832963 secs] [Times: user=0.48 sys=0.00, real=0.49 secs] 
2020-03-19T15:06:49.381+0800: 21613.006: [Full GC (Last ditch collection) 2020-03-19T15:06:49.381+0800: 21613.006: [CMS: 123259K->123259K(237276K), 0.5096733 secs] 123259K->123259K(414236K), [Metaspace: 121210K->121210K(1165312K)], 0.5100789 secs] [Times: user=0.48 sys=0.00, real=0.51 secs] 
2020-03-19T15:06:49.930+0800: 21613.555: [GC (CMS Initial Mark) [1 CMS-initial-mark: 123259K(237276K)] 124503K(414236K), 0.0322190 secs] [Times: user=0.01 sys=0.00, real=0.03 secs] 
2020-03-19T15:06:49.963+0800: 21613.588: [CMS-concurrent-mark-start]
2020-03-19T15:06:49.966+0800: 21613.591: [Full GC (Metadata GC Threshold) 2020-03-19T15:06:49.966+0800: 21613.591: [CMS2020-03-19T15:06:50.144+0800: 21613.769: [CMS-concurrent-mark: 0.170/0.181 secs] [Times: user=0.18 sys=0.00, real=0.18 secs] 
 (concurrent mode failure): 123259K->123343K(237276K), 0.6689304 secs] 124503K->123343K(414236K), [Metaspace: 121210K->121210K(1165312K)], 0.6695025 secs] [Times: user=0.66 sys=0.00, real=0.66 secs] 
2020-03-19T15:06:50.636+0800: 21614.261: [Full GC (Last ditch collection) 2020-03-19T15:06:50.636+0800: 21614.261: [CMS: 123343K->123302K(237276K), 0.4950974 secs] 123343K->123302K(414236K), [Metaspace: 121210K->121210K(1165312K)], 0.4955452 secs] [Times: user=0.49 sys=0.00, real=0.50 secs] 
2020-03-19T15:06:51.136+0800: 21614.761: [Full GC (Metadata GC Threshold) 2020-03-19T15:06:51.137+0800: 21614.761: [CMS: 123302K->123306K(237276K), 0.4619398 secs] 123375K->123306K(414236K), [Metaspace: 121210K->121210K(1165312K)], 0.4624835 secs] [Times: user=0.46 sys=0.00, real=0.47 secs] 
2020-03-19T15:06:51.599+0800: 21615.224: [Full GC (Last ditch collection) 2020-03-19T15:06:51.599+0800: 21615.224: [CMS: 123306K->123306K(237276K), 0.4931078 secs] 123306K->123306K(414236K), [Metaspace: 121210K->121210K(1165312K)], 0.4935723 secs] [Times: user=0.47 sys=0.00, real=0.49 secs] 
2020-03-19T15:06:52.096+0800: 21615.720: [Full GC (Metadata GC Threshold) 2020-03-19T15:06:52.096+0800: 21615.720: [CMS: 123306K->123306K(237276K), 0.4524781 secs] 123310K->123306K(414236K), [Metaspace: 121210K->121210K(1165312K)], 0.4529164 secs] [Times: user=0.46 sys=0.00, real=0.46 secs] 
2020-03-19T15:06:52.549+0800: 21616.174: [Full GC (Last ditch collection) 2020-03-19T15:06:52.549+0800: 21616.174: [CMS: 123306K->123306K(237276K), 0.4938597 secs] 123306K->123306K(414236K), [Metaspace: 121210K->121210K(1165312K)], 0.4944397 secs] [Times: user=0.48 sys=0.00, real=0.49 secs] 
2020-03-19T15:06:53.048+0800: 21616.672: [Full GC (Metadata GC Threshold) 2020-03-19T15:06:53.048+0800: 21616.672: [CMS: 123306K->123306K(237276K), 0.5069997 secs] 123310K->123306K(414236K), [Metaspace: 121210K->121210K(1165312K)], 0.5074310 secs] [Times: user=0.47 sys=0.00, real=0.50 secs] 
2020-03-19T15:06:53.555+0800: 21617.180: [Full GC (Last ditch collection) 2020-03-19T15:06:53.556+0800: 21617.180: [CMS: 123306K->123306K(237276K), 0.4738600 secs] 123306K->123306K(414236K), [Metaspace: 121210K->121210K(1165312K)], 0.4742799 secs] [Times: user=0.47 sys=0.00, real=0.48 secs] 
2020-03-19T15:06:54.033+0800: 21617.657: [Full GC (Metadata GC Threshold) 2020-03-19T15:06:54.033+0800: 21617.657: [CMS: 123306K->123306K(237276K), 0.4662855 secs] 123310K->123306K(414236K), [Metaspace: 121210K->121210K(1165312K)], 0.4666969 secs] [Times: user=0.46 sys=0.00, real=0.47 secs] 
2020-03-19T15:06:54.500+0800: 21618.124: [Full GC (Last ditch collection) 2020-03-19T15:06:54.500+0800: 21618.124: [CMS: 123306K->123306K(237276K), 0.4910432 secs] 123306K->123306K(414236K), [Metaspace: 121210K->121210K(1165312K)], 0.4914707 secs] [Times: user=0.49 sys=0.00, real=0.49 secs] 
2020-03-19T15:06:54.994+0800: 21618.619: [Full GC (Metadata GC Threshold) 2020-03-19T15:06:54.995+0800: 21618.619: [CMS: 123306K->123306K(237276K), 0.4817967 secs] 123306K->123306K(414236K), [Metaspace: 121210K->121210K(1165312K)], 0.4822439 secs] [Times: user=0.48 sys=0.00, real=0.48 secs] 
2020-03-19T15:06:55.477+0800: 21619.102: [Full GC (Last ditch collection) 2020-03-19T15:06:55.478+0800: 21619.102: [CMS: 123306K->123306K(237276K), 0.5098027 secs] 123306K->123306K(414236K), [Metaspace: 121210K->121210K(1165312K)], 0.5104498 secs] [Times: user=0.51 sys=0.00, real=0.52 secs] 
2020-03-19T15:06:55.991+0800: 21619.615: [Full GC (Metadata GC Threshold) 2020-03-19T15:06:55.991+0800: 21619.615: [CMS: 123306K->123308K(237276K), 0.4660882 secs] 123310K->123308K(414236K), [Metaspace: 121210K->121210K(1165312K)], 0.4665007 secs] [Times: user=0.46 sys=0.00, real=0.46 secs] 
2020-03-19T15:06:56.457+0800: 21620.082: [Full GC (Last ditch collection) 2020-03-19T15:06:56.458+0800: 21620.082: [CMS: 123308K->123308K(237276K), 0.5186894 secs] 123308K->123308K(414236K), [Metaspace: 121210K->121210K(1165312K)], 0.5190795 secs] [Times: user=0.51 sys=0.00, real=0.52 secs] 
2020-03-19T15:06:56.980+0800: 21620.605: [Full GC (Metadata GC Threshold) 2020-03-19T15:06:56.980+0800: 21620.605: [CMS: 123308K->123308K(237276K), 0.5012802 secs] 123312K->123308K(414236K), [Metaspace: 121210K->121210K(1165312K)], 0.5017091 secs] [Times: user=0.47 sys=0.00, real=0.50 secs] 
2020-03-19T15:06:57.482+0800: 21621.107: [Full GC (Last ditch collection) 2020-03-19T15:06:57.482+0800: 21621.107: [CMS: 123308K->123308K(237276K), 0.5765481 secs] 123308K->123308K(414236K), [Metaspace: 121210K->121210K(1165312K)], 0.5769496 secs] [Times: user=0.55 sys=0.00, real=0.58 secs] 
2020-03-19T15:06:58.062+0800: 21621.687: [Full GC (Metadata GC Threshold) 2020-03-19T15:06:58.062+0800: 21621.687: [CMS: 123308K->123308K(237276K), 0.4491944 secs] 123310K->123308K(414236K), [Metaspace: 121210K->121210K(1165312K)], 0.4496609 secs] [Times: user=0.45 sys=0.00, real=0.45 secs] 
2020-03-19T15:06:58.514+0800: 21622.138: [Full GC (Last ditch collection) 2020-03-19T15:06:58.514+0800: 21622.138: [CMS: 123308K->123308K(237276K), 0.5323312 secs] 123308K->123308K(414236K), [Metaspace: 121210K->121210K(1165312K)], 0.5327868 secs] [Times: user=0.49 sys=0.00, real=0.54 secs] 
2020-03-19T15:06:59.050+0800: 21622.675: [Full GC (Metadata GC Threshold) 2020-03-19T15:06:59.050+0800: 21622.675: [CMS: 123308K->123308K(237276K), 0.4718827 secs] 123413K->123308K(414236K), [Metaspace: 121210K->121210K(1165312K)], 0.4723360 secs] [Times: user=0.47 sys=0.00, real=0.47 secs] 
2020-03-19T15:06:59.523+0800: 21623.148: [Full GC (Last ditch collection) 2020-03-19T15:06:59.523+0800: 21623.148: [CMS: 123308K->123308K(237276K), 0.5392926 secs] 123308K->123308K(414236K), [Metaspace: 121210K->121210K(1165312K)], 0.5397215 secs] [Times: user=0.50 sys=0.00, real=0.54 secs] 
2020-03-19T15:07:00.066+0800: 21623.690: [Full GC (Metadata GC Threshold) 2020-03-19T15:07:00.066+0800: 21623.690: [CMS: 123308K->123309K(237276K), 0.4483850 secs] 123310K->123309K(414236K), [Metaspace: 121210K->121210K(1165312K)], 0.4487699 secs] [Times: user=0.45 sys=0.00, real=0.45 secs] 
2020-03-19T15:07:00.515+0800: 21624.139: [Full GC (Last ditch collection) 2020-03-19T15:07:00.515+0800: 21624.140: [CMS: 123309K->123309K(237276K), 0.5255510 secs] 123309K->123309K(414236K), [Metaspace: 121210K->121210K(1165312K)], 0.5261486 secs] [Times: user=0.50 sys=0.00, real=0.53 secs] 
2020-03-19T15:07:01.058+0800: 21624.682: [Full GC (Metadata GC Threshold) 2020-03-19T15:07:01.058+0800: 21624.682: [CMS: 123309K->123308K(237276K), 0.6339886 secs] 123484K->123308K(414236K), [Metaspace: 121210K->121210K(1165312K)], 0.6344516 secs] [Times: user=0.51 sys=0.00, real=0.64 secs] 
2020-03-19T15:07:01.693+0800: 21625.317: [Full GC (Last ditch collection) 2020-03-19T15:07:01.693+0800: 21625.317: [CMS: 123308K->123308K(237276K), 0.4761401 secs] 123308K->123308K(414236K), [Metaspace: 121210K->121210K(1165312K)], 0.4765204 secs] [Times: user=0.48 sys=0.00, real=0.48 secs] 
2020-03-19T15:07:02.172+0800: 21625.797: [Full GC (Metadata GC Threshold) 2020-03-19T15:07:02.172+0800: 21625.797: [CMS: 123308K->123308K(237276K), 0.4537312 secs] 123320K->123308K(414236K), [Metaspace: 121210K->121210K(1165312K)], 0.4541840 secs] [Times: user=0.45 sys=0.00, real=0.46 secs] 
2020-03-19T15:07:02.627+0800: 21626.251: [Full GC (Last ditch collection) 2020-03-19T15:07:02.627+0800: 21626.251: [CMS: 123308K->123308K(237276K), 0.4974717 secs] 123308K->123308K(414236K), [Metaspace: 121210K->121210K(1165312K)], 0.4978464 secs] [Times: user=0.49 sys=0.00, real=0.49 secs] 
2020-03-19T15:07:03.127+0800: 21626.752: [Full GC (Metadata GC Threshold) 2020-03-19T15:07:03.127+0800: 21626.752: [CMS: 123308K->123308K(237276K), 0.4897614 secs] 123314K->123308K(414236K), [Metaspace: 121210K->121210K(1165312K)], 0.4922036 secs] [Times: user=0.47 sys=0.00, real=0.49 secs] 
2020-03-19T15:07:03.620+0800: 21627.244: [Full GC (Last ditch collection) 2020-03-19T15:07:03.620+0800: 21627.245: [CMS: 123308K->123308K(237276K), 0.4731622 secs] 123308K->123308K(414236K), [Metaspace: 121210K->121210K(1165312K)], 0.4737916 secs] [Times: user=0.47 sys=0.00, real=0.47 secs] 
2020-03-19T15:07:04.097+0800: 21627.721: [Full GC (Metadata GC Threshold) 2020-03-19T15:07:04.097+0800: 21627.721: [CMS: 123308K->123308K(237276K), 0.4551024 secs] 123308K->123308K(414236K), [Metaspace: 121210K->121210K(1165312K)], 0.4555042 secs] [Times: user=0.46 sys=0.00, real=0.46 secs] 
2020-03-19T15:07:04.552+0800: 21628.177: [Full GC (Last ditch collection) 2020-03-19T15:07:04.553+0800: 21628.177: [CMS: 123308K->123308K(237276K), 0.5548653 secs] 123308K->123308K(414236K), [Metaspace: 121210K->121210K(1165312K)], 0.5552305 secs] [Times: user=0.53 sys=0.00, real=0.56 secs] 
2020-03-19T15:07:05.111+0800: 21628.735: [Full GC (Metadata GC Threshold) 2020-03-19T15:07:05.111+0800: 21628.735: [CMS: 123308K->123308K(237276K), 0.4912239 secs] 123312K->123308K(414236K), [Metaspace: 121210K->121210K(1165312K)], 0.4916996 secs] [Times: user=0.49 sys=0.00, real=0.49 secs] 
2020-03-19T15:07:05.603+0800: 21629.227: [Full GC (Last ditch collection) 2020-03-19T15:07:05.603+0800: 21629.228: [CMS: 123308K->123308K(237276K), 0.4898036 secs] 123308K->123308K(414236K), [Metaspace: 121210K->121210K(1165312K)], 0.4902999 secs] [Times: user=0.49 sys=0.00, real=0.49 secs] 
2020-03-19T15:07:06.096+0800: 21629.721: [Full GC (Metadata GC Threshold) 2020-03-19T15:07:06.096+0800: 21629.721: [CMS: 123308K->123308K(237276K), 0.4485040 secs] 123312K->123308K(414236K), [Metaspace: 121210K->121210K(1165312K)], 0.4488991 secs] [Times: user=0.45 sys=0.00, real=0.45 secs] 
2020-03-19T15:07:06.545+0800: 21630.170: [Full GC (Last ditch collection) 2020-03-19T15:07:06.545+0800: 21630.170: [CMS: 123308K->123308K(237276K), 0.5019145 secs] 123308K->123308K(414236K), [Metaspace: 121210K->121210K(1165312K)], 0.5022564 secs] [Times: user=0.49 sys=0.00, real=0.51 secs] 
2020-03-19T15:07:07.051+0800: 21630.675: [Full GC (Metadata GC Threshold) 2020-03-19T15:07:07.051+0800: 21630.676: [CMS: 123308K->123308K(237276K), 0.4630512 secs] 123310K->123308K(414236K), [Metaspace: 121210K->121210K(1165312K)], 0.4634564 secs] [Times: user=0.46 sys=0.00, real=0.46 secs] 
2020-03-19T15:07:07.515+0800: 21631.139: [Full GC (Last ditch collection) 2020-03-19T15:07:07.515+0800: 21631.139: [CMS: 123308K->123308K(237276K), 0.4682576 secs] 123308K->123308K(414236K), [Metaspace: 121210K->121210K(1165312K)], 0.4686599 secs] [Times: user=0.46 sys=0.00, real=0.47 secs] 
2020-03-19T15:07:07.986+0800: 21631.611: [Full GC (Metadata GC Threshold) 2020-03-19T15:07:07.987+0800: 21631.611: [CMS: 123308K->123308K(237276K), 0.4891483 secs] 123310K->123308K(414236K), [Metaspace: 121210K->121210K(1165312K)], 0.4895717 secs] [Times: user=0.48 sys=0.00, real=0.48 secs] 
2020-03-19T15:07:08.476+0800: 21632.101: [Full GC (Last ditch collection) 2020-03-19T15:07:08.476+0800: 21632.101: [CMS: 123308K->123308K(237276K), 0.4876673 secs] 123308K->123308K(414236K), [Metaspace: 121210K->121210K(1165312K)], 0.4880358 secs] [Times: user=0.47 sys=0.00, real=0.49 secs] 
2020-03-19T15:07:08.968+0800: 21632.593: [Full GC (Metadata GC Threshold) 2020-03-19T15:07:08.968+0800: 21632.593: [CMS: 123308K->123308K(237276K), 0.4941267 secs] 123310K->123308K(414236K), [Metaspace: 121210K->121210K(1165312K)], 0.4945844 secs] [Times: user=0.48 sys=0.00, real=0.49 secs] 
2020-03-19T15:07:09.463+0800: 21633.088: [Full GC (Last ditch collection) 2020-03-19T15:07:09.463+0800: 21633.088: [CMS: 123308K->123308K(237276K), 0.4793197 secs] 123308K->123308K(414236K), [Metaspace: 121210K->121210K(1165312K)], 0.4797294 secs] [Times: user=0.47 sys=0.00, real=0.48 secs] 
2020-03-19T15:07:09.946+0800: 21633.570: [Full GC (Metadata GC Threshold) 2020-03-19T15:07:09.946+0800: 21633.570: [CMS: 123308K->123309K(237276K), 0.4657734 secs] 123313K->123309K(414236K), [Metaspace: 121210K->121210K(1165312K)], 0.4661861 secs] [Times: user=0.47 sys=0.00, real=0.47 secs] 
2020-03-19T15:07:10.412+0800: 21634.037: [Full GC (Last ditch collection) 2020-03-19T15:07:10.412+0800: 21634.037: [CMS: 123309K->123309K(237276K), 0.5419083 secs] 123309K->123309K(414236K), [Metaspace: 121210K->121210K(1165312K)], 0.5423005 secs] [Times: user=0.51 sys=0.00, real=0.54 secs] 
2020-03-19T15:07:10.957+0800: 21634.582: [Full GC (Metadata GC Threshold) 2020-03-19T15:07:10.958+0800: 21634.582: [CMS: 123309K->123309K(237276K), 0.4794641 secs] 123313K->123309K(414236K), [Metaspace: 121210K->121210K(1165312K)], 0.4798777 secs] [Times: user=0.47 sys=0.00, real=0.48 secs] 
2020-03-19T15:07:11.438+0800: 21635.062: [Full GC (Last ditch collection) 2020-03-19T15:07:11.438+0800: 21635.062: [CMS: 123309K->123309K(237276K), 0.4723522 secs] 123309K->123309K(414236K), [Metaspace: 121210K->121210K(1165312K)], 0.4727412 secs] [Times: user=0.47 sys=0.00, real=0.48 secs] 
2020-03-19T15:07:11.914+0800: 21635.538: [Full GC (Metadata GC Threshold) 2020-03-19T15:07:11.914+0800: 21635.538: [CMS: 123309K->123309K(237276K), 0.4652420 secs] 123315K->123309K(414236K), [Metaspace: 121210K->121210K(1165312K)], 0.4656873 secs] [Times: user=0.46 sys=0.00, real=0.47 secs] 
2020-03-19T15:07:12.380+0800: 21636.004: [Full GC (Last ditch collection) 2020-03-19T15:07:12.380+0800: 21636.004: [CMS: 123309K->123309K(237276K), 0.5935750 secs] 123309K->123309K(414236K), [Metaspace: 121210K->121210K(1165312K)], 0.5940084 secs] [Times: user=0.52 sys=0.00, real=0.59 secs] 
2020-03-19T15:07:13.003+0800: 21636.627: [Full GC (Metadata GC Threshold) 2020-03-19T15:07:13.003+0800: 21636.627: [CMS: 123309K->123344K(237276K), 0.5349280 secs] 125124K->123344K(414236K), [Metaspace: 121210K->121210K(1165312K)], 0.5354246 secs] [Times: user=0.52 sys=0.00, real=0.54 secs] 
2020-03-19T15:07:13.538+0800: 21637.163: [Full GC (Last ditch collection) 2020-03-19T15:07:13.538+0800: 21637.163: [CMS: 123344K->123341K(237276K), 0.4730812 secs] 123344K->123341K(414236K), [Metaspace: 121210K->121210K(1165312K)], 0.4734898 secs] [Times: user=0.47 sys=0.00, real=0.47 secs] 
2020-03-19T15:07:14.015+0800: 21637.639: [Full GC (Metadata GC Threshold) 2020-03-19T15:07:14.015+0800: 21637.639: [CMS: 123341K->123341K(237276K), 0.4629600 secs] 123347K->123341K(414236K), [Metaspace: 121210K->121210K(1165312K)], 0.4634056 secs] [Times: user=0.46 sys=0.00, real=0.47 secs] 
2020-03-19T15:07:14.478+0800: 21638.103: [Full GC (Last ditch collection) 2020-03-19T15:07:14.479+0800: 21638.103: [CMS: 123341K->123341K(237276K), 0.5426679 secs] 123341K->123341K(414236K), [Metaspace: 121210K->121210K(1165312K)], 0.5432431 secs] [Times: user=0.51 sys=0.00, real=0.54 secs] 
2020-03-19T15:07:15.025+0800: 21638.650: [Full GC (Metadata GC Threshold) 2020-03-19T15:07:15.026+0800: 21638.650: [CMS: 123341K->123341K(237276K), 0.4741049 secs] 123343K->123341K(414236K), [Metaspace: 121210K->121210K(1165312K)], 0.4745585 secs] [Times: user=0.47 sys=0.00, real=0.48 secs] 
2020-03-19T15:07:15.500+0800: 21639.125: [Full GC (Last ditch collection) 2020-03-19T15:07:15.500+0800: 21639.125: [CMS: 123341K->123341K(237276K), 0.5000825 secs] 123341K->123341K(414236K), [Metaspace: 121210K->121210K(1165312K)], 0.5005531 secs] [Times: user=0.49 sys=0.00, real=0.50 secs] 
2020-03-19T15:07:16.004+0800: 21639.629: [Full GC (Metadata GC Threshold) 2020-03-19T15:07:16.004+0800: 21639.629: [CMS: 123341K->123341K(237276K), 0.5518342 secs] 123343K->123341K(414236K), [Metaspace: 121210K->121210K(1165312K)], 0.5522692 secs] [Times: user=0.48 sys=0.00, real=0.55 secs] 
2020-03-19T15:07:16.557+0800: 21640.181: [Full GC (Last ditch collection) 2020-03-19T15:07:16.557+0800: 21640.181: [CMS: 123341K->123341K(237276K), 0.5019721 secs] 123341K->123341K(414236K), [Metaspace: 121210K->121210K(1165312K)], 0.5024485 secs] [Times: user=0.50 sys=0.00, real=0.51 secs] 
2020-03-19T15:07:17.063+0800: 21640.687: [Full GC (Metadata GC Threshold) 2020-03-19T15:07:17.063+0800: 21640.687: [CMS: 123341K->123341K(237276K), 0.4715108 secs] 123343K->123341K(414236K), [Metaspace: 121210K->121210K(1165312K)], 0.4719663 secs] [Times: user=0.47 sys=0.00, real=0.47 secs] 
2020-03-19T15:07:17.535+0800: 21641.159: [Full GC (Last ditch collection) 2020-03-19T15:07:17.535+0800: 21641.160: [CMS: 123341K->123341K(237276K), 0.4831377 secs] 123341K->123341K(414236K), [Metaspace: 121210K->121210K(1165312K)], 0.4835359 secs] [Times: user=0.48 sys=0.00, real=0.49 secs] 
2020-03-19T15:07:18.021+0800: 21641.646: [Full GC (Metadata GC Threshold) 2020-03-19T15:07:18.022+0800: 21641.646: [CMS: 123341K->123341K(237276K), 0.4966652 secs] 123346K->123341K(414236K), [Metaspace: 121210K->121210K(1165312K)], 0.4970706 secs] [Times: user=0.48 sys=0.00, real=0.50 secs] 
2020-03-19T15:07:18.519+0800: 21642.143: [Full GC (Last ditch collection) 2020-03-19T15:07:18.519+0800: 21642.144: [CMS: 123341K->123341K(237276K), 0.5081176 secs] 123341K->123341K(414236K), [Metaspace: 121210K->121210K(1165312K)], 0.5085226 secs] [Times: user=0.50 sys=0.00, real=0.51 secs] 
2020-03-19T15:07:19.030+0800: 21642.655: [Full GC (Metadata GC Threshold) 2020-03-19T15:07:19.031+0800: 21642.655: [CMS: 123341K->123342K(237276K), 0.4902919 secs] 123348K->123342K(414236K), [Metaspace: 121210K->121210K(1165312K)], 0.4907150 secs] [Times: user=0.49 sys=0.00, real=0.49 secs] 
2020-03-19T15:07:19.521+0800: 21643.146: [Full GC (Last ditch collection) 2020-03-19T15:07:19.522+0800: 21643.146: [CMS: 123342K->123342K(237276K), 0.5552551 secs] 123342K->123342K(414236K), [Metaspace: 121210K->121210K(1165312K)], 0.5556194 secs] [Times: user=0.51 sys=0.00, real=0.55 secs] 
2020-03-19T15:07:20.080+0800: 21643.705: [Full GC (Metadata GC Threshold) 2020-03-19T15:07:20.080+0800: 21643.705: [CMS: 123342K->123342K(237276K), 0.4812737 secs] 123344K->123342K(414236K), [Metaspace: 121210K->121210K(1165312K)], 0.4816553 secs] [Times: user=0.46 sys=0.00, real=0.48 secs] 
2020-03-19T15:07:20.562+0800: 21644.186: [Full GC (Last ditch collection) 2020-03-19T15:07:20.562+0800: 21644.187: [CMS: 123342K->123342K(237276K), 0.5224352 secs] 123342K->123342K(414236K), [Metaspace: 121210K->121210K(1165312K)], 0.5228105 secs] [Times: user=0.51 sys=0.00, real=0.52 secs] 
2020-03-19T15:07:21.088+0800: 21644.712: [Full GC (Metadata GC Threshold) 2020-03-19T15:07:21.088+0800: 21644.712: [CMS: 123342K->123342K(237276K), 0.4627916 secs] 123344K->123342K(414236K), [Metaspace: 121210K->121210K(1165312K)], 0.4632099 secs] [Times: user=0.46 sys=0.00, real=0.46 secs] 
2020-03-19T15:07:21.551+0800: 21645.176: [Full GC (Last ditch collection) 2020-03-19T15:07:21.551+0800: 21645.176: [CMS: 123342K->123342K(237276K), 0.4906521 secs] 123342K->123342K(414236K), [Metaspace: 121210K->121210K(1165312K)], 0.4910369 secs] [Times: user=0.48 sys=0.00, real=0.49 secs] 
2020-03-19T15:07:22.045+0800: 21645.670: [Full GC (Metadata GC Threshold) 2020-03-19T15:07:22.045+0800: 21645.670: [CMS: 123342K->123342K(237276K), 0.4461178 secs] 123346K->123342K(414236K), [Metaspace: 121210K->121210K(1165312K)], 0.4465159 secs] [Times: user=0.45 sys=0.00, real=0.45 secs] 
2020-03-19T15:07:22.492+0800: 21646.116: [Full GC (Last ditch collection) 2020-03-19T15:07:22.492+0800: 21646.116: [CMS: 123342K->123342K(237276K), 0.4842073 secs] 123342K->123342K(414236K), [Metaspace: 121210K->121210K(1165312K)], 0.4846391 secs] [Times: user=0.48 sys=0.00, real=0.48 secs] 
2020-03-19T15:07:22.980+0800: 21646.604: [Full GC (Metadata GC Threshold) 2020-03-19T15:07:22.980+0800: 21646.604: [CMS: 123342K->123342K(237276K), 0.5165091 secs] 123342K->123342K(414236K), [Metaspace: 121210K->121210K(1165312K)], 0.5169529 secs] [Times: user=0.50 sys=0.00, real=0.51 secs] 
2020-03-19T15:07:23.497+0800: 21647.121: [Full GC (Last ditch collection) 2020-03-19T15:07:23.497+0800: 21647.122: [CMS: 123342K->123342K(237276K), 0.4647186 secs] 123342K->123342K(414236K), [Metaspace: 121210K->121210K(1165312K)], 0.4650977 secs] [Times: user=0.46 sys=0.00, real=0.47 secs] 
2020-03-19T15:07:23.966+0800: 21647.590: [Full GC (Metadata GC Threshold) 2020-03-19T15:07:23.966+0800: 21647.591: [CMS: 123342K->123342K(237276K), 0.4672138 secs] 123488K->123342K(414236K), [Metaspace: 121210K->121210K(1165312K)], 0.4676538 secs] [Times: user=0.47 sys=0.00, real=0.47 secs] 
2020-03-19T15:07:24.434+0800: 21648.058: [Full GC (Last ditch collection) 2020-03-19T15:07:24.434+0800: 21648.058: [CMS: 123342K->123342K(237276K), 0.4918185 secs] 123342K->123342K(414236K), [Metaspace: 121210K->121210K(1165312K)], 0.4922166 secs] [Times: user=0.48 sys=0.00, real=0.50 secs] 
2020-03-19T15:07:24.929+0800: 21648.553: [Full GC (Metadata GC Threshold) 2020-03-19T15:07:24.929+0800: 21648.554: [CMS: 123342K->123342K(237276K), 0.4720334 secs] 123346K->123342K(414236K), [Metaspace: 121210K->121210K(1165312K)], 0.4724103 secs] [Times: user=0.47 sys=0.00, real=0.47 secs] 
2020-03-19T15:07:25.402+0800: 21649.026: [Full GC (Last ditch collection) 2020-03-19T15:07:25.402+0800: 21649.026: [CMS: 123342K->123342K(237276K), 0.5232721 secs] 123342K->123342K(414236K), [Metaspace: 121210K->121210K(1165312K)], 0.5236339 secs] [Times: user=0.52 sys=0.00, real=0.52 secs] 
2020-03-19T15:07:25.928+0800: 21649.553: [Full GC (Metadata GC Threshold) 2020-03-19T15:07:25.928+0800: 21649.553: [CMS: 123342K->123342K(237276K), 0.4645192 secs] 123346K->123342K(414236K), [Metaspace: 121210K->121210K(1165312K)], 0.4649271 secs] [Times: user=0.46 sys=0.00, real=0.46 secs] 
2020-03-19T15:07:26.393+0800: 21650.018: [Full GC (Last ditch collection) 2020-03-19T15:07:26.393+0800: 21650.018: [CMS: 123342K->123342K(237276K), 0.5125741 secs] 123342K->123342K(414236K), [Metaspace: 121210K->121210K(1165312K)], 0.5130199 secs] [Times: user=0.51 sys=0.00, real=0.52 secs] 
2020-03-19T15:07:26.910+0800: 21650.535: [Full GC (Metadata GC Threshold) 2020-03-19T15:07:26.910+0800: 21650.535: [CMS: 123342K->123342K(237276K), 0.5254344 secs] 123405K->123342K(414236K), [Metaspace: 121210K->121210K(1165312K)], 0.5258349 secs] [Times: user=0.53 sys=0.00, real=0.52 secs] 
2020-03-19T15:07:27.436+0800: 21651.061: [Full GC (Last ditch collection) 2020-03-19T15:07:27.436+0800: 21651.061: [CMS: 123342K->123342K(237276K), 0.5949187 secs] 123342K->123342K(414236K), [Metaspace: 121210K->121210K(1165312K)], 0.5953475 secs] [Times: user=0.52 sys=0.00, real=0.60 secs] 
2020-03-19T15:07:28.042+0800: 21651.667: [Full GC (Metadata GC Threshold) 2020-03-19T15:07:28.042+0800: 21651.667: [CMS: 123342K->123343K(237276K), 0.4538791 secs] 123408K->123343K(414236K), [Metaspace: 121210K->121210K(1165312K)], 0.4543399 secs] [Times: user=0.45 sys=0.00, real=0.45 secs] 
2020-03-19T15:07:28.497+0800: 21652.121: [Full GC (Last ditch collection) 2020-03-19T15:07:28.497+0800: 21652.121: [CMS: 123343K->123343K(237276K), 0.4837431 secs] 123343K->123343K(414236K), [Metaspace: 121210K->121210K(1165312K)], 0.4841775 secs] [Times: user=0.48 sys=0.00, real=0.49 secs] 
2020-03-19T15:07:29.009+0800: 21652.634: [Full GC (Metadata GC Threshold) 2020-03-19T15:07:29.009+0800: 21652.634: [CMS: 123343K->123345K(237276K), 0.4928581 secs] 124470K->123345K(414236K), [Metaspace: 121210K->121210K(1165312K)], 0.4933258 secs] [Times: user=0.49 sys=0.00, real=0.49 secs] 
2020-03-19T15:07:29.503+0800: 21653.127: [Full GC (Last ditch collection) 2020-03-19T15:07:29.503+0800: 21653.127: [CMS: 123345K->123343K(237276K), 0.4983971 secs] 123345K->123343K(414236K), [Metaspace: 121210K->121210K(1165312K)], 0.4988498 secs] [Times: user=0.48 sys=0.00, real=0.50 secs] 
2020-03-19T15:07:30.006+0800: 21653.630: [Full GC (Metadata GC Threshold) 2020-03-19T15:07:30.006+0800: 21653.630: [CMS: 123343K->123343K(237276K), 0.4537348 secs] 123354K->123343K(414236K), [Metaspace: 121210K->121210K(1165312K)], 0.4542164 secs] [Times: user=0.45 sys=0.00, real=0.46 secs] 
2020-03-19T15:07:30.460+0800: 21654.085: [Full GC (Last ditch collection) 2020-03-19T15:07:30.460+0800: 21654.085: [CMS: 123343K->123343K(237276K), 0.4897947 secs] 123343K->123343K(414236K), [Metaspace: 121210K->121210K(1165312K)], 0.4902516 secs] [Times: user=0.49 sys=0.00, real=0.49 secs] 
2020-03-19T15:07:30.954+0800: 21654.578: [Full GC (Metadata GC Threshold) 2020-03-19T15:07:30.954+0800: 21654.578: [CMS: 123343K->123345K(237276K), 0.5873583 secs] 123362K->123345K(414236K), [Metaspace: 121210K->121210K(1165312K)], 0.5878182 secs] [Times: user=0.53 sys=0.00, real=0.59 secs] 
2020-03-19T15:07:31.542+0800: 21655.166: [Full GC (Last ditch collection) 2020-03-19T15:07:31.542+0800: 21655.166: [CMS: 123345K->123345K(237276K), 0.4708095 secs] 123345K->123345K(414236K), [Metaspace: 121210K->121210K(1165312K)], 0.4712362 secs] [Times: user=0.46 sys=0.00, real=0.47 secs] 
2020-03-19T15:07:32.016+0800: 21655.641: [Full GC (Metadata GC Threshold) 2020-03-19T15:07:32.016+0800: 21655.641: [CMS: 123345K->123345K(237276K), 0.4570177 secs] 123351K->123345K(414236K), [Metaspace: 121210K->121210K(1165312K)], 0.4574112 secs] [Times: user=0.45 sys=0.00, real=0.46 secs] 
2020-03-19T15:07:32.474+0800: 21656.098: [Full GC (Last ditch collection) 2020-03-19T15:07:32.474+0800: 21656.098: [CMS: 123345K->123345K(237276K), 0.4900580 secs] 123345K->123345K(414236K), [Metaspace: 121210K->121210K(1165312K)], 0.4905386 secs] [Times: user=0.48 sys=0.00, real=0.49 secs] 
2020-03-19T15:07:32.977+0800: 21656.602: [Full GC (Metadata GC Threshold) 2020-03-19T15:07:32.978+0800: 21656.602: [CMS: 123345K->123345K(237276K), 0.5185103 secs] 123769K->123345K(414236K), [Metaspace: 121210K->121210K(1165312K)], 0.5189800 secs] [Times: user=0.50 sys=0.00, real=0.52 secs] 
2020-03-19T15:07:33.497+0800: 21657.121: [Full GC (Last ditch collection) 2020-03-19T15:07:33.497+0800: 21657.121: [CMS: 123345K->123343K(237276K), 0.4669430 secs] 123345K->123343K(414236K), [Metaspace: 121210K->121210K(1165312K)], 0.4673671 secs] [Times: user=0.47 sys=0.00, real=0.47 secs] 
2020-03-19T15:07:33.969+0800: 21657.594: [Full GC (Metadata GC Threshold) 2020-03-19T15:07:33.969+0800: 21657.594: [CMS: 123343K->123343K(237276K), 0.4638901 secs] 123343K->123343K(414236K), [Metaspace: 121210K->121210K(1165312K)], 0.4643610 secs] [Times: user=0.46 sys=0.00, real=0.46 secs] 
2020-03-19T15:07:34.434+0800: 21658.058: [Full GC (Last ditch collection) 2020-03-19T15:07:34.434+0800: 21658.059: [CMS: 123343K->123343K(237276K), 0.5470541 secs] 123343K->123343K(414236K), [Metaspace: 121210K->121210K(1165312K)], 0.5474889 secs] [Times: user=0.50 sys=0.00, real=0.55 secs] 
2020-03-19T15:07:34.986+0800: 21658.611: [Full GC (Metadata GC Threshold) 2020-03-19T15:07:34.987+0800: 21658.612: [CMS: 123343K->123347K(237276K), 0.5514252 secs] 123612K->123347K(414236K), [Metaspace: 121210K->121210K(1165312K)], 0.5528256 secs] [Times: user=0.53 sys=0.00, real=0.55 secs] 
2020-03-19T15:07:35.539+0800: 21659.164: [Full GC (Last ditch collection) 2020-03-19T15:07:35.540+0800: 21659.164: [CMS: 123347K->123345K(237276K), 0.4897509 secs] 123347K->123345K(414236K), [Metaspace: 121210K->121210K(1165312K)], 0.4901546 secs] [Times: user=0.49 sys=0.00, real=0.49 secs] 
2020-03-19T15:07:36.033+0800: 21659.657: [Full GC (Metadata GC Threshold) 2020-03-19T15:07:36.033+0800: 21659.657: [CMS: 123345K->123347K(237276K), 0.4566897 secs] 123356K->123347K(414236K), [Metaspace: 121210K->121210K(1165312K)], 0.4571225 secs] [Times: user=0.46 sys=0.00, real=0.46 secs] 
2020-03-19T15:07:36.490+0800: 21660.115: [Full GC (Last ditch collection) 2020-03-19T15:07:36.490+0800: 21660.115: [CMS: 123347K->123347K(237276K), 0.5202679 secs] 123347K->123347K(414236K), [Metaspace: 121210K->121210K(1165312K)], 0.5207150 secs] [Times: user=0.49 sys=0.00, real=0.52 secs] 
2020-03-19T15:07:37.015+0800: 21660.639: [Full GC (Metadata GC Threshold) 2020-03-19T15:07:37.015+0800: 21660.639: [CMS: 123347K->123347K(237276K), 0.4751855 secs] 123428K->123347K(414236K), [Metaspace: 121210K->121210K(1165312K)], 0.4756076 secs] [Times: user=0.47 sys=0.00, real=0.48 secs] 
2020-03-19T15:07:37.490+0800: 21661.115: [Full GC (Last ditch collection) 2020-03-19T15:07:37.491+0800: 21661.115: [CMS: 123347K->123347K(237276K), 0.4724639 secs] 123347K->123347K(414236K), [Metaspace: 121210K->121210K(1165312K)], 0.4728625 secs] [Times: user=0.47 sys=0.00, real=0.47 secs] 
2020-03-19T15:07:37.966+0800: 21661.591: [Full GC (Metadata GC Threshold) 2020-03-19T15:07:37.966+0800: 21661.591: [CMS: 123347K->123347K(237276K), 0.5315094 secs] 123366K->123347K(414236K), [Metaspace: 121210K->121210K(1165312K)], 0.5319626 secs] [Times: user=0.52 sys=0.00, real=0.53 secs] 
2020-03-19T15:07:38.498+0800: 21662.123: [Full GC (Last ditch collection) 2020-03-19T15:07:38.499+0800: 21662.123: [CMS: 123347K->123347K(237276K), 0.4784923 secs] 123347K->123347K(414236K), [Metaspace: 121210K->121210K(1165312K)], 0.4789626 secs] [Times: user=0.48 sys=0.00, real=0.47 secs] 
2020-03-19T15:07:39.005+0800: 21662.630: [Full GC (Metadata GC Threshold) 2020-03-19T15:07:39.006+0800: 21662.630: [CMS: 123347K->123406K(237276K), 0.4974239 secs] 124169K->123406K(414236K), [Metaspace: 121210K->121210K(1165312K)], 0.4979114 secs] [Times: user=0.50 sys=0.00, real=0.50 secs] 
2020-03-19T15:07:39.503+0800: 21663.128: [Full GC (Last ditch collection) 2020-03-19T15:07:39.504+0800: 21663.128: [CMS: 123406K->123354K(237276K), 0.4723511 secs] 123406K->123354K(414236K), [Metaspace: 121210K->121210K(1165312K)], 0.4727678 secs] [Times: user=0.47 sys=0.00, real=0.47 secs] 
2020-03-19T15:07:39.980+0800: 21663.605: [Full GC (Metadata GC Threshold) 2020-03-19T15:07:39.980+0800: 21663.605: [CMS: 123354K->123353K(237276K), 0.4495683 secs] 123408K->123353K(414236K), [Metaspace: 121210K->121210K(1165312K)], 0.4500125 secs] [Times: user=0.45 sys=0.00, real=0.45 secs] 
2020-03-19T15:07:40.430+0800: 21664.055: [Full GC (Last ditch collection) 2020-03-19T15:07:40.430+0800: 21664.055: [CMS: 123353K->123353K(237276K), 0.5066173 secs] 123353K->123353K(414236K), [Metaspace: 121210K->121210K(1165312K)], 0.5070205 secs] [Times: user=0.50 sys=0.00, real=0.50 secs] 
2020-03-19T15:07:40.940+0800: 21664.565: [Full GC (Metadata GC Threshold) 2020-03-19T15:07:40.940+0800: 21664.565: [CMS: 123353K->123353K(237276K), 0.4726680 secs] 123359K->123353K(414236K), [Metaspace: 121210K->121210K(1165312K)], 0.4730656 secs] [Times: user=0.48 sys=0.00, real=0.47 secs] 
2020-03-19T15:07:41.414+0800: 21665.038: [Full GC (Last ditch collection) 2020-03-19T15:07:41.414+0800: 21665.038: [CMS: 123353K->123353K(237276K), 0.4926266 secs] 123353K->123353K(414236K), [Metaspace: 121210K->121210K(1165312K)], 0.4930040 secs] [Times: user=0.48 sys=0.00, real=0.50 secs] 
2020-03-19T15:07:41.909+0800: 21665.534: [Full GC (Metadata GC Threshold) 2020-03-19T15:07:41.910+0800: 21665.534: [CMS: 123353K->123353K(237276K), 0.4961552 secs] 123357K->123353K(414236K), [Metaspace: 121210K->121210K(1165312K)], 0.4965678 secs] [Times: user=0.48 sys=0.00, real=0.50 secs] 
2020-03-19T15:07:42.406+0800: 21666.031: [Full GC (Last ditch collection) 2020-03-19T15:07:42.406+0800: 21666.031: [CMS: 123353K->123353K(237276K), 0.6462311 secs] 123353K->123353K(414236K), [Metaspace: 121210K->121210K(1165312K)], 0.6466334 secs] [Times: user=0.52 sys=0.00, real=0.64 secs] 
2020-03-19T15:07:43.056+0800: 21666.681: [Full GC (Metadata GC Threshold) 2020-03-19T15:07:43.056+0800: 21666.681: [CMS: 123353K->123355K(237276K), 0.4730593 secs] 123357K->123355K(414236K), [Metaspace: 121210K->121210K(1165312K)], 0.4734908 secs] [Times: user=0.47 sys=0.00, real=0.48 secs] 
2020-03-19T15:07:43.530+0800: 21667.154: [Full GC (Last ditch collection) 2020-03-19T15:07:43.530+0800: 21667.155: [CMS: 123355K->123355K(237276K), 0.4803832 secs] 123355K->123355K(414236K), [Metaspace: 121210K->121210K(1165312K)], 0.4807839 secs] [Times: user=0.48 sys=0.00, real=0.48 secs] 
2020-03-19T15:07:44.015+0800: 21667.640: [Full GC (Metadata GC Threshold) 2020-03-19T15:07:44.015+0800: 21667.640: [CMS: 123355K->123353K(237276K), 0.4585388 secs] 123443K->123353K(414236K), [Metaspace: 121210K->121210K(1165312K)], 0.4589980 secs] [Times: user=0.46 sys=0.00, real=0.46 secs] 
2020-03-19T15:07:44.474+0800: 21668.099: [Full GC (Last ditch collection) 2020-03-19T15:07:44.475+0800: 21668.099: [CMS: 123353K->123353K(237276K), 0.5050807 secs] 123353K->123353K(414236K), [Metaspace: 121210K->121210K(1165312K)], 0.5055208 secs] [Times: user=0.50 sys=0.00, real=0.51 secs] 
2020-03-19T15:07:44.983+0800: 21668.607: [Full GC (Metadata GC Threshold) 2020-03-19T15:07:44.983+0800: 21668.608: [CMS: 123353K->123353K(237276K), 0.4817305 secs] 123372K->123353K(414236K), [Metaspace: 121210K->121210K(1165312K)], 0.4821585 secs] [Times: user=0.48 sys=0.00, real=0.48 secs] 
2020-03-19T15:07:45.465+0800: 21669.090: [Full GC (Last ditch collection) 2020-03-19T15:07:45.466+0800: 21669.090: [CMS: 123353K->123353K(237276K), 0.4892062 secs] 123353K->123353K(414236K), [Metaspace: 121210K->121210K(1165312K)], 0.4896045 secs] [Times: user=0.49 sys=0.00, real=0.49 secs] 
2020-03-19T15:07:45.958+0800: 21669.583: [Full GC (Metadata GC Threshold) 2020-03-19T15:07:45.958+0800: 21669.583: [CMS: 123353K->123353K(237276K), 0.5586574 secs] 123353K->123353K(414236K), [Metaspace: 121210K->121210K(1165312K)], 0.5590743 secs] [Times: user=0.50 sys=0.00, real=0.56 secs] 
2020-03-19T15:07:46.517+0800: 21670.142: [Full GC (Last ditch collection) 2020-03-19T15:07:46.517+0800: 21670.142: [CMS: 123353K->123353K(237276K), 0.4995102 secs] 123353K->123353K(414236K), [Metaspace: 121210K->121210K(1165312K)], 0.4999876 secs] [Times: user=0.47 sys=0.00, real=0.50 secs] 
2020-03-19T15:07:47.023+0800: 21670.647: [GC (CMS Initial Mark) [1 CMS-initial-mark: 123353K(237276K)] 123366K(414236K), 0.0100158 secs] [Times: user=0.02 sys=0.00, real=0.01 secs] 
2020-03-19T15:07:47.036+0800: 21670.660: [CMS-concurrent-mark-start]
2020-03-19T15:07:47.040+0800: 21670.665: [Full GC (Metadata GC Threshold) 2020-03-19T15:07:47.040+0800: 21670.665: [CMS2020-03-19T15:07:47.230+0800: 21670.854: [CMS-concurrent-mark: 0.183/0.194 secs] [Times: user=0.19 sys=0.00, real=0.20 secs] 
 (concurrent mode failure): 123353K->123352K(237276K), 0.6454043 secs] 123378K->123352K(414236K), [Metaspace: 121210K->121210K(1165312K)], 0.6458395 secs] [Times: user=0.64 sys=0.00, real=0.65 secs] 
2020-03-19T15:07:47.686+0800: 21671.311: [Full GC (Last ditch collection) 2020-03-19T15:07:47.687+0800: 21671.311: [CMS: 123352K->123352K(237276K), 0.4745915 secs] 123352K->123352K(414236K), [Metaspace: 121210K->121210K(1165312K)], 0.4749617 secs] [Times: user=0.47 sys=0.00, real=0.47 secs] 
2020-03-19T15:07:48.165+0800: 21671.789: [Full GC (Metadata GC Threshold) 2020-03-19T15:07:48.165+0800: 21671.790: [CMS: 123352K->123355K(237276K), 0.4820263 secs] 123419K->123355K(414236K), [Metaspace: 121210K->121210K(1165312K)], 0.4824267 secs] [Times: user=0.47 sys=0.00, real=0.49 secs] 
2020-03-19T15:07:48.648+0800: 21672.272: [Full GC (Last ditch collection) 2020-03-19T15:07:48.648+0800: 21672.272: [CMS: 123355K->123355K(237276K), 0.5095763 secs] 123355K->123355K(414236K), [Metaspace: 121210K->121210K(1165312K)], 0.5099786 secs] [Times: user=0.50 sys=0.00, real=0.50 secs] 
2020-03-19T15:07:49.160+0800: 21672.785: [Full GC (Metadata GC Threshold) 2020-03-19T15:07:49.161+0800: 21672.785: [CMS: 123355K->123356K(237276K), 0.4895942 secs] 123359K->123356K(414236K), [Metaspace: 121210K->121210K(1165312K)], 0.4900449 secs] [Times: user=0.49 sys=0.00, real=0.49 secs] 
2020-03-19T15:07:49.651+0800: 21673.275: [Full GC (Last ditch collection) 2020-03-19T15:07:49.651+0800: 21673.275: [CMS: 123356K->123356K(237276K), 0.6708477 secs] 123356K->123356K(414236K), [Metaspace: 121210K->121210K(1165312K)], 0.6712510 secs] [Times: user=0.53 sys=0.00, real=0.67 secs] 
2020-03-19T15:07:50.325+0800: 21673.950: [Full GC (Metadata GC Threshold) 2020-03-19T15:07:50.325+0800: 21673.950: [CMS: 123356K->123356K(237276K), 0.4643066 secs] 123356K->123356K(414236K), [Metaspace: 121210K->121210K(1165312K)], 0.4647729 secs] [Times: user=0.45 sys=0.00, real=0.47 secs] 
2020-03-19T15:07:50.790+0800: 21674.415: [Full GC (Last ditch collection) 2020-03-19T15:07:50.790+0800: 21674.415: [CMS: 123356K->123356K(237276K), 0.5245275 secs] 123356K->123356K(414236K), [Metaspace: 121210K->121210K(1165312K)], 0.5249575 secs] [Times: user=0.51 sys=0.00, real=0.52 secs] 
2020-03-19T15:07:51.318+0800: 21674.943: [Full GC (Metadata GC Threshold) 2020-03-19T15:07:51.318+0800: 21674.943: [CMS: 123356K->123356K(237276K), 0.4529024 secs] 123360K->123356K(414236K), [Metaspace: 121210K->121210K(1165312K)], 0.4533283 secs] [Times: user=0.45 sys=0.00, real=0.46 secs] 
2020-03-19T15:07:51.772+0800: 21675.396: [Full GC (Last ditch collection) 2020-03-19T15:07:51.772+0800: 21675.396: [CMS: 123356K->123356K(237276K), 0.4724295 secs] 123356K->123356K(414236K), [Metaspace: 121210K->121210K(1165312K)], 0.4727816 secs] [Times: user=0.47 sys=0.00, real=0.47 secs] 
2020-03-19T15:07:52.247+0800: 21675.872: [Full GC (Metadata GC Threshold) 2020-03-19T15:07:52.247+0800: 21675.872: [CMS: 123356K->123356K(237276K), 0.4568155 secs] 123360K->123356K(414236K), [Metaspace: 121210K->121210K(1165312K)], 0.4572588 secs] [Times: user=0.46 sys=0.00, real=0.45 secs] 
2020-03-19T15:07:52.705+0800: 21676.330: [Full GC (Last ditch collection) 2020-03-19T15:07:52.705+0800: 21676.330: [CMS: 123356K->123356K(237276K), 0.5126572 secs] 123356K->123356K(414236K), [Metaspace: 121210K->121210K(1165312K)], 0.5131251 secs] [Times: user=0.51 sys=0.00, real=0.52 secs] 
2020-03-19T15:07:53.221+0800: 21676.846: [Full GC (Metadata GC Threshold) 2020-03-19T15:07:53.222+0800: 21676.846: [CMS: 123356K->123356K(237276K), 0.5201999 secs] 123362K->123356K(414236K), [Metaspace: 121210K->121210K(1165312K)], 0.5205882 secs] [Times: user=0.49 sys=0.00, real=0.52 secs] 
2020-03-19T15:07:53.742+0800: 21677.367: [Full GC (Last ditch collection) 2020-03-19T15:07:53.742+0800: 21677.367: [CMS: 123356K->123356K(237276K), 0.4712790 secs] 123356K->123356K(414236K), [Metaspace: 121210K->121210K(1165312K)], 0.4716805 secs] [Times: user=0.48 sys=0.00, real=0.47 secs] 
2020-03-19T15:07:54.217+0800: 21677.842: [Full GC (Metadata GC Threshold) 2020-03-19T15:07:54.217+0800: 21677.842: [CMS: 123356K->123357K(237276K), 0.4807300 secs] 123364K->123357K(414236K), [Metaspace: 121210K->121210K(1165312K)], 0.4811190 secs] [Times: user=0.48 sys=0.00, real=0.49 secs] 
2020-03-19T15:07:54.698+0800: 21678.323: [Full GC (Last ditch collection) 2020-03-19T15:07:54.699+0800: 21678.323: [CMS: 123357K->123357K(237276K), 0.5176787 secs] 123357K->123357K(414236K), [Metaspace: 121210K->121210K(1165312K)], 0.5180854 secs] [Times: user=0.49 sys=0.00, real=0.51 secs] 
2020-03-19T15:07:55.224+0800: 21678.848: [Full GC (Metadata GC Threshold) 2020-03-19T15:07:55.224+0800: 21678.848: [CMS: 123357K->123350K(237276K), 0.6285761 secs] 124206K->123350K(414236K), [Metaspace: 121210K->121210K(1165312K)], 0.6290635 secs] [Times: user=0.53 sys=0.00, real=0.63 secs] 
2020-03-19T15:07:55.853+0800: 21679.478: [Full GC (Last ditch collection) 2020-03-19T15:07:55.853+0800: 21679.478: [CMS: 123350K->123339K(237276K), 0.4936374 secs] 123350K->123339K(414236K), [Metaspace: 121210K->121210K(1165312K)], 0.4940802 secs] [Times: user=0.49 sys=0.00, real=0.50 secs] 
2020-03-19T15:07:56.351+0800: 21679.975: [Full GC (Metadata GC Threshold) 2020-03-19T15:07:56.351+0800: 21679.975: [CMS: 123339K->123339K(237276K), 0.5103610 secs] 123343K->123339K(414236K), [Metaspace: 121210K->121210K(1165312K)], 0.5107727 secs] [Times: user=0.50 sys=0.00, real=0.51 secs] 
2020-03-19T15:07:56.862+0800: 21680.486: [Full GC (Last ditch collection) 2020-03-19T15:07:56.862+0800: 21680.486: [CMS: 123339K->123339K(237276K), 0.5136393 secs] 123339K->123339K(414236K), [Metaspace: 121210K->121210K(1165312K)], 0.5140793 secs] [Times: user=0.50 sys=0.00, real=0.51 secs] 
2020-03-19T15:07:57.379+0800: 21681.004: [Full GC (Metadata GC Threshold) 2020-03-19T15:07:57.379+0800: 21681.004: [CMS: 123339K->123339K(237276K), 0.5531193 secs] 123346K->123339K(414236K), [Metaspace: 121210K->121210K(1165312K)], 0.5535477 secs] [Times: user=0.52 sys=0.00, real=0.55 secs] 
2020-03-19T15:07:57.933+0800: 21681.557: [Full GC (Last ditch collection) 2020-03-19T15:07:57.933+0800: 21681.558: [CMS: 123339K->123339K(237276K), 0.4912684 secs] 123339K->123339K(414236K), [Metaspace: 121210K->121210K(1165312K)], 0.4917153 secs] [Times: user=0.48 sys=0.00, real=0.49 secs] 
2020-03-19T15:07:58.428+0800: 21682.052: [Full GC (Metadata GC Threshold) 2020-03-19T15:07:58.428+0800: 21682.052: [CMS: 123339K->123339K(237276K), 0.5012847 secs] 123346K->123339K(414236K), [Metaspace: 121210K->121210K(1165312K)], 0.5016970 secs] [Times: user=0.49 sys=0.00, real=0.50 secs] 
2020-03-19T15:07:58.930+0800: 21682.554: [Full GC (Last ditch collection) 2020-03-19T15:07:58.930+0800: 21682.554: [CMS: 123339K->123339K(237276K), 0.4782333 secs] 123339K->123339K(414236K), [Metaspace: 121210K->121210K(1165312K)], 0.4786191 secs] [Times: user=0.47 sys=0.00, real=0.48 secs] 
2020-03-19T15:07:59.412+0800: 21683.036: [Full GC (Metadata GC Threshold) 2020-03-19T15:07:59.412+0800: 21683.036: [CMS: 123339K->123339K(237276K), 0.5123401 secs] 123341K->123339K(414236K), [Metaspace: 121210K->121210K(1165312K)], 0.5128454 secs] [Times: user=0.49 sys=0.00, real=0.51 secs] 
2020-03-19T15:07:59.925+0800: 21683.549: [Full GC (Last ditch collection) 2020-03-19T15:07:59.925+0800: 21683.550: [CMS: 123339K->123339K(237276K), 0.5090270 secs] 123339K->123339K(414236K), [Metaspace: 121210K->121210K(1165312K)], 0.5094571 secs] [Times: user=0.48 sys=0.00, real=0.51 secs] 
2020-03-19T15:08:00.437+0800: 21684.062: [Full GC (Metadata GC Threshold) 2020-03-19T15:08:00.438+0800: 21684.062: [CMS: 123339K->123340K(237276K), 0.5367098 secs] 123343K->123340K(414236K), [Metaspace: 121210K->121210K(1165312K)], 0.5371042 secs] [Times: user=0.52 sys=0.00, real=0.54 secs] 
2020-03-19T15:08:00.975+0800: 21684.599: [Full GC (Last ditch collection) 2020-03-19T15:08:00.975+0800: 21684.599: [CMS: 123340K->123340K(237276K), 0.6461248 secs] 123340K->123340K(414236K), [Metaspace: 121210K->121210K(1165312K)], 0.6464891 secs] [Times: user=0.56 sys=0.00, real=0.65 secs] 
2020-03-19T15:08:01.624+0800: 21685.249: [Full GC (Metadata GC Threshold) 2020-03-19T15:08:01.625+0800: 21685.249: [CMS: 123340K->123343K(237276K), 0.4805322 secs] 123351K->123343K(414236K), [Metaspace: 121210K->121210K(1165312K)], 0.4809303 secs] [Times: user=0.48 sys=0.00, real=0.48 secs] 
2020-03-19T15:08:02.106+0800: 21685.730: [Full GC (Last ditch collection) 2020-03-19T15:08:02.106+0800: 21685.730: [CMS: 123343K->123343K(237276K), 0.4503957 secs] 123343K->123343K(414236K), [Metaspace: 121210K->121210K(1165312K)], 0.4507806 secs] [Times: user=0.45 sys=0.00, real=0.45 secs] 
2020-03-19T15:08:02.559+0800: 21686.184: [Full GC (Metadata GC Threshold) 2020-03-19T15:08:02.559+0800: 21686.184: [CMS: 123343K->123343K(237276K), 0.4939579 secs] 123345K->123343K(414236K), [Metaspace: 121210K->121210K(1165312K)], 0.4943733 secs] [Times: user=0.50 sys=0.00, real=0.49 secs] 
2020-03-19T15:08:03.054+0800: 21686.678: [Full GC (Last ditch collection) 2020-03-19T15:08:03.054+0800: 21686.679: [CMS: 123343K->123343K(237276K), 0.5217598 secs] 123343K->123343K(414236K), [Metaspace: 121210K->121210K(1165312K)], 0.5221384 secs] [Times: user=0.50 sys=0.00, real=0.52 secs] 
2020-03-19T15:08:03.579+0800: 21687.204: [Full GC (Metadata GC Threshold) 2020-03-19T15:08:03.579+0800: 21687.204: [CMS: 123343K->123343K(237276K), 0.4941974 secs] 123347K->123343K(414236K), [Metaspace: 121210K->121210K(1165312K)], 0.4946415 secs] [Times: user=0.48 sys=0.00, real=0.49 secs] 
2020-03-19T15:08:04.074+0800: 21687.699: [Full GC (Last ditch collection) 2020-03-19T15:08:04.074+0800: 21687.699: [CMS: 123343K->123343K(237276K), 0.4680654 secs] 123343K->123343K(414236K), [Metaspace: 121210K->121210K(1165312K)], 0.4684710 secs] [Times: user=0.47 sys=0.00, real=0.47 secs] 
2020-03-19T15:08:04.546+0800: 21688.170: [Full GC (Metadata GC Threshold) 2020-03-19T15:08:04.546+0800: 21688.170: [CMS: 123343K->123343K(237276K), 0.5443405 secs] 123347K->123343K(414236K), [Metaspace: 121210K->121210K(1165312K)], 0.5447512 secs] [Times: user=0.50 sys=0.00, real=0.55 secs] 
2020-03-19T15:08:05.091+0800: 21688.715: [Full GC (Last ditch collection) 2020-03-19T15:08:05.091+0800: 21688.715: [CMS: 123343K->123343K(237276K), 0.5274318 secs] 123343K->123343K(414236K), [Metaspace: 121210K->121210K(1165312K)], 0.5278491 secs] [Times: user=0.50 sys=0.00, real=0.53 secs] 
2020-03-19T15:08:05.622+0800: 21689.246: [Full GC (Metadata GC Threshold) 2020-03-19T15:08:05.622+0800: 21689.246: [CMS: 123343K->123343K(237276K), 0.4915218 secs] 123343K->123343K(414236K), [Metaspace: 121210K->121210K(1165312K)], 0.4919504 secs] [Times: user=0.49 sys=0.00, real=0.49 secs] 
2020-03-19T15:08:06.114+0800: 21689.738: [Full GC (Last ditch collection) 2020-03-19T15:08:06.114+0800: 21689.739: [CMS: 123343K->123343K(237276K), 0.4560685 secs] 123343K->123343K(414236K), [Metaspace: 121210K->121210K(1165312K)], 0.4564630 secs] [Times: user=0.45 sys=0.00, real=0.46 secs] 
2020-03-19T15:08:06.573+0800: 21690.198: [Full GC (Metadata GC Threshold) 2020-03-19T15:08:06.573+0800: 21690.198: [CMS: 123343K->123343K(237276K), 0.4946765 secs] 123343K->123343K(414236K), [Metaspace: 121210K->121210K(1165312K)], 0.4951157 secs] [Times: user=0.49 sys=0.00, real=0.50 secs] 
2020-03-19T15:08:07.069+0800: 21690.693: [Full GC (Last ditch collection) 2020-03-19T15:08:07.069+0800: 21690.693: [CMS: 123343K->123343K(237276K), 0.4851360 secs] 123343K->123343K(414236K), [Metaspace: 121210K->121210K(1165312K)], 0.4855576 secs] [Times: user=0.49 sys=0.00, real=0.48 secs] 
2020-03-19T15:08:07.557+0800: 21691.182: [Full GC (Metadata GC Threshold) 2020-03-19T15:08:07.557+0800: 21691.182: [CMS: 123343K->123343K(237276K), 0.4952943 secs] 123347K->123343K(414236K), [Metaspace: 121210K->121210K(1165312K)], 0.4957127 secs] [Times: user=0.49 sys=0.00, real=0.50 secs] 
2020-03-19T15:08:08.053+0800: 21691.678: [Full GC (Last ditch collection) 2020-03-19T15:08:08.053+0800: 21691.678: [CMS: 123343K->123343K(237276K), 0.4822792 secs] 123343K->123343K(414236K), [Metaspace: 121210K->121210K(1165312K)], 0.4826919 secs] [Times: user=0.47 sys=0.00, real=0.48 secs] 
2020-03-19T15:08:08.539+0800: 21692.164: [Full GC (Metadata GC Threshold) 2020-03-19T15:08:08.539+0800: 21692.164: [CMS: 123343K->123343K(237276K), 0.4866878 secs] 123349K->123343K(414236K), [Metaspace: 121210K->121210K(1165312K)], 0.4871015 secs] [Times: user=0.49 sys=0.00, real=0.49 secs] 
2020-03-19T15:08:09.026+0800: 21692.651: [Full GC (Last ditch collection) 2020-03-19T15:08:09.027+0800: 21692.651: [CMS: 123343K->123343K(237276K), 0.4946676 secs] 123343K->123343K(414236K), [Metaspace: 121210K->121210K(1165312K)], 0.4950717 secs] [Times: user=0.49 sys=0.00, real=0.49 secs] 
2020-03-19T15:08:09.524+0800: 21693.149: [Full GC (Metadata GC Threshold) 2020-03-19T15:08:09.525+0800: 21693.149: [CMS: 123343K->123344K(237276K), 0.4861636 secs] 123345K->123344K(414236K), [Metaspace: 121210K->121210K(1165312K)], 0.4865855 secs] [Times: user=0.47 sys=0.00, real=0.49 secs] 
2020-03-19T15:08:10.011+0800: 21693.636: [Full GC (Last ditch collection) 2020-03-19T15:08:10.011+0800: 21693.636: [CMS: 123344K->123344K(237276K), 0.4644608 secs] 123344K->123344K(414236K), [Metaspace: 121210K->121210K(1165312K)], 0.4648221 secs] [Times: user=0.46 sys=0.00, real=0.46 secs] 
2020-03-19T15:08:10.479+0800: 21694.104: [Full GC (Metadata GC Threshold) 2020-03-19T15:08:10.479+0800: 21694.104: [CMS: 123344K->123344K(237276K), 0.5083048 secs] 123346K->123344K(414236K), [Metaspace: 121210K->121210K(1165312K)], 0.5087544 secs] [Times: user=0.50 sys=0.00, real=0.51 secs] 
2020-03-19T15:08:10.988+0800: 21694.613: [Full GC (Last ditch collection) 2020-03-19T15:08:10.988+0800: 21694.613: [CMS: 123344K->123344K(237276K), 0.4690074 secs] 123344K->123344K(414236K), [Metaspace: 121210K->121210K(1165312K)], 0.4694294 secs] [Times: user=0.48 sys=0.00, real=0.46 secs] 
2020-03-19T15:08:11.460+0800: 21695.085: [Full GC (Metadata GC Threshold) 2020-03-19T15:08:11.461+0800: 21695.085: [CMS: 123344K->123344K(237276K), 0.4634505 secs] 123361K->123344K(414236K), [Metaspace: 121210K->121210K(1165312K)], 0.4638823 secs] [Times: user=0.46 sys=0.00, real=0.46 secs] 
2020-03-19T15:08:11.925+0800: 21695.549: [Full GC (Last ditch collection) 2020-03-19T15:08:11.925+0800: 21695.549: [CMS: 123344K->123344K(237276K), 0.4875300 secs] 123344K->123344K(414236K), [Metaspace: 121210K->121210K(1165312K)], 0.4879693 secs] [Times: user=0.48 sys=0.00, real=0.49 secs] 
2020-03-19T15:08:12.416+0800: 21696.040: [Full GC (Metadata GC Threshold) 2020-03-19T15:08:12.416+0800: 21696.040: [CMS: 123344K->123344K(237276K), 0.6251742 secs] 123353K->123344K(414236K), [Metaspace: 121210K->121210K(1165312K)], 0.6256169 secs] [Times: user=0.53 sys=0.00, real=0.63 secs] 
2020-03-19T15:08:13.042+0800: 21696.666: [Full GC (Last ditch collection) 2020-03-19T15:08:13.042+0800: 21696.666: [CMS: 123344K->123344K(237276K), 0.4765827 secs] 123344K->123344K(414236K), [Metaspace: 121210K->121210K(1165312K)], 0.4770384 secs] [Times: user=0.47 sys=0.00, real=0.48 secs] 
2020-03-19T15:08:13.522+0800: 21697.146: [Full GC (Metadata GC Threshold) 2020-03-19T15:08:13.522+0800: 21697.147: [CMS: 123344K->123344K(237276K), 0.4658280 secs] 123346K->123344K(414236K), [Metaspace: 121210K->121210K(1165312K)], 0.4663659 secs] [Times: user=0.46 sys=0.00, real=0.47 secs] 
2020-03-19T15:08:13.989+0800: 21697.613: [Full GC (Last ditch collection) 2020-03-19T15:08:13.989+0800: 21697.613: [CMS: 123344K->123344K(237276K), 0.4628134 secs] 123344K->123344K(414236K), [Metaspace: 121210K->121210K(1165312K)], 0.4632617 secs] [Times: user=0.46 sys=0.00, real=0.46 secs] 
2020-03-19T15:08:14.455+0800: 21698.079: [Full GC (Metadata GC Threshold) 2020-03-19T15:08:14.455+0800: 21698.079: [CMS: 123344K->123344K(237276K), 0.5137842 secs] 123360K->123344K(414236K), [Metaspace: 121210K->121210K(1165312K)], 0.5141846 secs] [Times: user=0.50 sys=0.00, real=0.52 secs] 
2020-03-19T15:08:14.969+0800: 21698.594: [Full GC (Last ditch collection) 2020-03-19T15:08:14.969+0800: 21698.594: [CMS: 123344K->123344K(237276K), 0.4711437 secs] 123344K->123344K(414236K), [Metaspace: 121210K->121210K(1165312K)], 0.4715498 secs] [Times: user=0.47 sys=0.00, real=0.47 secs] 
2020-03-19T15:08:15.444+0800: 21699.069: [Full GC (Metadata GC Threshold) 2020-03-19T15:08:15.445+0800: 21699.069: [CMS: 123344K->123344K(237276K), 0.4721941 secs] 123344K->123344K(414236K), [Metaspace: 121210K->121210K(1165312K)], 0.4726241 secs] [Times: user=0.47 sys=0.00, real=0.47 secs] 
2020-03-19T15:08:15.917+0800: 21699.542: [Full GC (Last ditch collection) 2020-03-19T15:08:15.917+0800: 21699.542: [CMS: 123344K->123344K(237276K), 0.5790454 secs] 123344K->123344K(414236K), [Metaspace: 121210K->121210K(1165312K)], 0.5794144 secs] [Times: user=0.52 sys=0.00, real=0.58 secs] 
2020-03-19T15:08:16.510+0800: 21700.134: [Full GC (Metadata GC Threshold) 2020-03-19T15:08:16.510+0800: 21700.135: [CMS: 123344K->123336K(237276K), 0.5369848 secs] 124860K->123336K(414236K), [Metaspace: 121210K->121210K(1165312K)], 0.5377175 secs] [Times: user=0.54 sys=0.00, real=0.54 secs] 
2020-03-19T15:08:17.048+0800: 21700.672: [Full GC (Last ditch collection) 2020-03-19T15:08:17.048+0800: 21700.672: [CMS: 123336K->123336K(237276K), 0.4837039 secs] 123336K->123336K(414236K), [Metaspace: 121210K->121210K(1165312K)], 0.4841341 secs] [Times: user=0.48 sys=0.00, real=0.48 secs] 
2020-03-19T15:08:17.535+0800: 21701.159: [Full GC (Metadata GC Threshold) 2020-03-19T15:08:17.535+0800: 21701.160: [CMS: 123336K->123336K(237276K), 0.4835994 secs] 123348K->123336K(414236K), [Metaspace: 121210K->121210K(1165312K)], 0.4840086 secs] [Times: user=0.48 sys=0.00, real=0.49 secs] 
2020-03-19T15:08:18.019+0800: 21701.644: [Full GC (Last ditch collection) 2020-03-19T15:08:18.019+0800: 21701.644: [CMS: 123336K->123336K(237276K), 0.5005267 secs] 123336K->123336K(414236K), [Metaspace: 121210K->121210K(1165312K)], 0.5009149 secs] [Times: user=0.49 sys=0.00, real=0.50 secs] 
2020-03-19T15:08:18.523+0800: 21702.148: [Full GC (Metadata GC Threshold) 2020-03-19T15:08:18.523+0800: 21702.148: [CMS: 123336K->123338K(237276K), 0.4884277 secs] 123340K->123338K(414236K), [Metaspace: 121210K->121210K(1165312K)], 0.4888440 secs] [Times: user=0.48 sys=0.00, real=0.49 secs] 
2020-03-19T15:08:19.012+0800: 21702.637: [Full GC (Last ditch collection) 2020-03-19T15:08:19.012+0800: 21702.637: [CMS: 123338K->123338K(237276K), 0.5027535 secs] 123338K->123338K(414236K), [Metaspace: 121210K->121210K(1165312K)], 0.5031496 secs] [Times: user=0.49 sys=0.00, real=0.50 secs] 
2020-03-19T15:08:19.519+0800: 21703.143: [Full GC (Metadata GC Threshold) 2020-03-19T15:08:19.519+0800: 21703.144: [CMS: 123338K->123338K(237276K), 0.5700789 secs] 123338K->123338K(414236K), [Metaspace: 121210K->121210K(1165312K)], 0.5704997 secs] [Times: user=0.54 sys=0.00, real=0.57 secs] 
2020-03-19T15:08:20.090+0800: 21703.714: [Full GC (Last ditch collection) 2020-03-19T15:08:20.090+0800: 21703.714: [CMS: 123338K->123338K(237276K), 0.4623225 secs] 123338K->123338K(414236K), [Metaspace: 121210K->121210K(1165312K)], 0.4626862 secs] [Times: user=0.46 sys=0.00, real=0.46 secs] 
2020-03-19T15:08:20.555+0800: 21704.180: [Full GC (Metadata GC Threshold) 2020-03-19T15:08:20.555+0800: 21704.180: [CMS: 123338K->123338K(237276K), 0.6833410 secs] 123340K->123338K(414236K), [Metaspace: 121210K->121210K(1165312K)], 0.6837786 secs] [Times: user=0.54 sys=0.00, real=0.69 secs] 
2020-03-19T15:08:21.239+0800: 21704.864: [Full GC (Last ditch collection) 2020-03-19T15:08:21.240+0800: 21704.864: [CMS: 123338K->123338K(237276K), 0.5568088 secs] 123338K->123338K(414236K), [Metaspace: 121210K->121210K(1165312K)], 0.5572317 secs] [Times: user=0.51 sys=0.00, real=0.55 secs] 
2020-03-19T15:08:21.800+0800: 21705.424: [Full GC (Metadata GC Threshold) 2020-03-19T15:08:21.800+0800: 21705.424: [CMS: 123338K->123338K(237276K), 0.4589625 secs] 123338K->123338K(414236K), [Metaspace: 121210K->121210K(1165312K)], 0.4593513 secs] [Times: user=0.46 sys=0.00, real=0.46 secs] 
2020-03-19T15:08:22.259+0800: 21705.884: [Full GC (Last ditch collection) 2020-03-19T15:08:22.259+0800: 21705.884: [CMS: 123338K->123338K(237276K), 0.4540513 secs] 123338K->123338K(414236K), [Metaspace: 121210K->121210K(1165312K)], 0.4544956 secs] [Times: user=0.44 sys=0.00, real=0.45 secs] 
2020-03-19T15:08:22.717+0800: 21706.342: [Full GC (Metadata GC Threshold) 2020-03-19T15:08:22.717+0800: 21706.342: [CMS: 123338K->123338K(237276K), 0.5022248 secs] 123351K->123338K(414236K), [Metaspace: 121210K->121210K(1165312K)], 0.5026209 secs] [Times: user=0.49 sys=0.00, real=0.51 secs] 
2020-03-19T15:08:23.220+0800: 21706.845: [Full GC (Last ditch collection) 2020-03-19T15:08:23.220+0800: 21706.845: [CMS: 123338K->123338K(237276K), 0.4774970 secs] 123338K->123338K(414236K), [Metaspace: 121210K->121210K(1165312K)], 0.4778347 secs] [Times: user=0.48 sys=0.00, real=0.47 secs] 
2020-03-19T15:08:23.701+0800: 21707.325: [Full GC (Metadata GC Threshold) 2020-03-19T15:08:23.701+0800: 21707.326: [CMS: 123338K->123339K(237276K), 0.4733407 secs] 123349K->123339K(414236K), [Metaspace: 121210K->121210K(1165312K)], 0.4737588 secs] [Times: user=0.47 sys=0.00, real=0.47 secs] 
2020-03-19T15:08:24.175+0800: 21707.799: [Full GC (Last ditch collection) 2020-03-19T15:08:24.175+0800: 21707.800: [CMS: 123339K->123339K(237276K), 0.4555925 secs] 123339K->123339K(414236K), [Metaspace: 121210K->121210K(1165312K)], 0.4559576 secs] [Times: user=0.46 sys=0.00, real=0.46 secs] 
2020-03-19T15:08:24.634+0800: 21708.258: [Full GC (Metadata GC Threshold) 2020-03-19T15:08:24.634+0800: 21708.258: [CMS: 123339K->123339K(237276K), 0.5306696 secs] 123348K->123339K(414236K), [Metaspace: 121210K->121210K(1165312K)], 0.5311314 secs] [Times: user=0.50 sys=0.00, real=0.53 secs] 
2020-03-19T15:08:25.165+0800: 21708.790: [Full GC (Last ditch collection) 2020-03-19T15:08:25.165+0800: 21708.790: [CMS: 123339K->123339K(237276K), 0.5083141 secs] 123339K->123339K(414236K), [Metaspace: 121210K->121210K(1165312K)], 0.5087765 secs] [Times: user=0.49 sys=0.00, real=0.51 secs] 
2020-03-19T15:08:25.677+0800: 21709.301: [Full GC (Metadata GC Threshold) 2020-03-19T15:08:25.677+0800: 21709.302: [CMS: 123339K->123339K(237276K), 0.5163368 secs] 123343K->123339K(414236K), [Metaspace: 121210K->121210K(1165312K)], 0.5167645 secs] [Times: user=0.50 sys=0.00, real=0.52 secs] 
2020-03-19T15:08:26.194+0800: 21709.818: [Full GC (Last ditch collection) 2020-03-19T15:08:26.194+0800: 21709.819: [CMS: 123339K->123339K(237276K), 0.4712416 secs] 123339K->123339K(414236K), [Metaspace: 121210K->121210K(1165312K)], 0.4716351 secs] [Times: user=0.47 sys=0.00, real=0.47 secs] 
2020-03-19T15:08:26.669+0800: 21710.293: [Full GC (Metadata GC Threshold) 2020-03-19T15:08:26.669+0800: 21710.293: [CMS: 123339K->123339K(237276K), 0.4887584 secs] 123345K->123339K(414236K), [Metaspace: 121210K->121210K(1165312K)], 0.4891935 secs] [Times: user=0.49 sys=0.00, real=0.48 secs] 
2020-03-19T15:08:27.158+0800: 21710.783: [Full GC (Last ditch collection) 2020-03-19T15:08:27.158+0800: 21710.783: [CMS: 123339K->123339K(237276K), 0.5086737 secs] 123339K->123339K(414236K), [Metaspace: 121210K->121210K(1165312K)], 0.5091172 secs] [Times: user=0.49 sys=0.00, real=0.51 secs] 
2020-03-19T15:08:27.670+0800: 21711.295: [Full GC (Metadata GC Threshold) 2020-03-19T15:08:27.670+0800: 21711.295: [CMS: 123339K->123339K(237276K), 0.5517004 secs] 123343K->123339K(414236K), [Metaspace: 121210K->121210K(1165312K)], 0.5520956 secs] [Times: user=0.52 sys=0.00, real=0.55 secs] 
2020-03-19T15:08:28.223+0800: 21711.847: [Full GC (Last ditch collection) 2020-03-19T15:08:28.223+0800: 21711.847: [CMS: 123339K->123339K(237276K), 0.4430632 secs] 123339K->123339K(414236K), [Metaspace: 121210K->121210K(1165312K)], 0.4434536 secs] [Times: user=0.44 sys=0.00, real=0.45 secs] 
2020-03-19T15:08:28.669+0800: 21712.294: [Full GC (Metadata GC Threshold) 2020-03-19T15:08:28.669+0800: 21712.294: [CMS: 123339K->123339K(237276K), 0.5180145 secs] 123341K->123339K(414236K), [Metaspace: 121210K->121210K(1165312K)], 0.5184447 secs] [Times: user=0.51 sys=0.00, real=0.52 secs] 
2020-03-19T15:08:29.188+0800: 21712.812: [Full GC (Last ditch collection) 2020-03-19T15:08:29.188+0800: 21712.813: [CMS: 123339K->123339K(237276K), 0.4812552 secs] 123339K->123339K(414236K), [Metaspace: 121210K->121210K(1165312K)], 0.4817325 secs] [Times: user=0.47 sys=0.00, real=0.48 secs] 
2020-03-19T15:08:29.673+0800: 21713.297: [Full GC (Metadata GC Threshold) 2020-03-19T15:08:29.673+0800: 21713.297: [CMS: 123339K->123339K(237276K), 0.5553834 secs] 123343K->123339K(414236K), [Metaspace: 121210K->121210K(1165312K)], 0.5557858 secs] [Times: user=0.50 sys=0.00, real=0.56 secs] 
2020-03-19T15:08:30.229+0800: 21713.853: [Full GC (Last ditch collection) 2020-03-19T15:08:30.229+0800: 21713.853: [CMS: 123339K->123339K(237276K), 0.4687327 secs] 123339K->123339K(414236K), [Metaspace: 121210K->121210K(1165312K)], 0.4691315 secs] [Times: user=0.46 sys=0.00, real=0.46 secs] 
2020-03-19T15:08:30.702+0800: 21714.327: [Full GC (Metadata GC Threshold) 2020-03-19T15:08:30.703+0800: 21714.327: [CMS: 123339K->123347K(237276K), 0.6473374 secs] 123691K->123347K(414236K), [Metaspace: 121210K->121210K(1165312K)], 0.6477873 secs] [Times: user=0.53 sys=0.00, real=0.65 secs] 
2020-03-19T15:08:31.351+0800: 21714.975: [Full GC (Last ditch collection) 2020-03-19T15:08:31.351+0800: 21714.975: [CMS: 123347K->123346K(237276K), 0.4510821 secs] 123347K->123346K(414236K), [Metaspace: 121210K->121210K(1165312K)], 0.4514486 secs] [Times: user=0.45 sys=0.00, real=0.45 secs] 
2020-03-19T15:08:31.805+0800: 21715.430: [Full GC (Metadata GC Threshold) 2020-03-19T15:08:31.805+0800: 21715.430: [CMS: 123346K->123346K(237276K), 0.4655341 secs] 123362K->123346K(414236K), [Metaspace: 121210K->121210K(1165312K)], 0.4659174 secs] [Times: user=0.46 sys=0.00, real=0.47 secs] 
2020-03-19T15:08:32.271+0800: 21715.896: [Full GC (Last ditch collection) 2020-03-19T15:08:32.271+0800: 21715.896: [CMS: 123346K->123346K(237276K), 0.4425925 secs] 123346K->123346K(414236K), [Metaspace: 121210K->121210K(1165312K)], 0.4430296 secs] [Times: user=0.44 sys=0.00, real=0.44 secs] 
2020-03-19T15:08:32.718+0800: 21716.342: [Full GC (Metadata GC Threshold) 2020-03-19T15:08:32.718+0800: 21716.342: [CMS: 123346K->123346K(237276K), 0.4893881 secs] 123346K->123346K(414236K), [Metaspace: 121210K->121210K(1165312K)], 0.4898844 secs] [Times: user=0.49 sys=0.00, real=0.50 secs] 
2020-03-19T15:08:33.208+0800: 21716.833: [Full GC (Last ditch collection) 2020-03-19T15:08:33.208+0800: 21716.833: [CMS: 123346K->123346K(237276K), 0.4833165 secs] 123346K->123346K(414236K), [Metaspace: 121210K->121210K(1165312K)], 0.4837847 secs] [Times: user=0.49 sys=0.00, real=0.48 secs] 
2020-03-19T15:08:33.695+0800: 21717.319: [Full GC (Metadata GC Threshold) 2020-03-19T15:08:33.695+0800: 21717.320: [CMS: 123346K->123346K(237276K), 0.4722899 secs] 123350K->123346K(414236K), [Metaspace: 121210K->121210K(1165312K)], 0.4727245 secs] [Times: user=0.47 sys=0.00, real=0.48 secs] 
2020-03-19T15:08:34.168+0800: 21717.792: [Full GC (Last ditch collection) 2020-03-19T15:08:34.168+0800: 21717.792: [CMS: 123346K->123346K(237276K), 0.4683518 secs] 123346K->123346K(414236K), [Metaspace: 121210K->121210K(1165312K)], 0.4687363 secs] [Times: user=0.47 sys=0.00, real=0.46 secs] 
2020-03-19T15:08:34.641+0800: 21718.266: [Full GC (Metadata GC Threshold) 2020-03-19T15:08:34.641+0800: 21718.266: [CMS: 123346K->123346K(237276K), 0.5484000 secs] 123346K->123346K(414236K), [Metaspace: 121210K->121210K(1165312K)], 0.5488720 secs] [Times: user=0.50 sys=0.00, real=0.55 secs] 
2020-03-19T15:08:35.190+0800: 21718.815: [Full GC (Last ditch collection) 2020-03-19T15:08:35.191+0800: 21718.815: [CMS: 123346K->123346K(237276K), 0.5221452 secs] 123346K->123346K(414236K), [Metaspace: 121210K->121210K(1165312K)], 0.5227324 secs] [Times: user=0.49 sys=0.00, real=0.52 secs] 
2020-03-19T15:08:35.718+0800: 21719.342: [Full GC (Metadata GC Threshold) 2020-03-19T15:08:35.718+0800: 21719.342: [CMS: 123346K->123349K(237276K), 0.4851065 secs] 124197K->123349K(414236K), [Metaspace: 121210K->121210K(1165312K)], 0.4855350 secs] [Times: user=0.48 sys=0.00, real=0.49 secs] 
2020-03-19T15:08:36.203+0800: 21719.828: [Full GC (Last ditch collection) 2020-03-19T15:08:36.203+0800: 21719.828: [CMS: 123349K->123349K(237276K), 0.4532661 secs] 123349K->123349K(414236K), [Metaspace: 121210K->121210K(1165312K)], 0.4536500 secs] [Times: user=0.46 sys=0.00, real=0.45 secs] 
2020-03-19T15:08:36.660+0800: 21720.285: [Full GC (Metadata GC Threshold) 2020-03-19T15:08:36.660+0800: 21720.285: [CMS: 123349K->123349K(237276K), 0.5140290 secs] 123358K->123349K(414236K), [Metaspace: 121210K->121210K(1165312K)], 0.5144428 secs] [Times: user=0.49 sys=0.00, real=0.51 secs] 
2020-03-19T15:08:37.175+0800: 21720.799: [Full GC (Last ditch collection) 2020-03-19T15:08:37.175+0800: 21720.799: [CMS: 123349K->123349K(237276K), 0.4822222 secs] 123349K->123349K(414236K), [Metaspace: 121210K->121210K(1165312K)], 0.4826304 secs] [Times: user=0.47 sys=0.00, real=0.48 secs] 
2020-03-19T15:08:37.661+0800: 21721.285: [Full GC (Metadata GC Threshold) 2020-03-19T15:08:37.661+0800: 21721.285: [CMS: 123349K->123349K(237276K), 0.4972182 secs] 123349K->123349K(414236K), [Metaspace: 121210K->121210K(1165312K)], 0.4976571 secs] [Times: user=0.47 sys=0.00, real=0.50 secs] 
2020-03-19T15:08:38.159+0800: 21721.783: [Full GC (Last ditch collection) 2020-03-19T15:08:38.159+0800: 21721.783: [CMS: 123349K->123349K(237276K), 0.4878695 secs] 123349K->123349K(414236K), [Metaspace: 121210K->121210K(1165312K)], 0.4883207 secs] [Times: user=0.47 sys=0.00, real=0.49 secs] 
2020-03-19T15:08:38.650+0800: 21722.275: [Full GC (Metadata GC Threshold) 2020-03-19T15:08:38.650+0800: 21722.275: [CMS: 123349K->123349K(237276K), 0.4924287 secs] 123349K->123349K(414236K), [Metaspace: 121210K->121210K(1165312K)], 0.4928761 secs] [Times: user=0.48 sys=0.00, real=0.49 secs] 
2020-03-19T15:08:39.143+0800: 21722.768: [Full GC (Last ditch collection) 2020-03-19T15:08:39.144+0800: 21722.768: [CMS: 123349K->123349K(237276K), 0.4883296 secs] 123349K->123349K(414236K), [Metaspace: 121210K->121210K(1165312K)], 0.4887630 secs] [Times: user=0.49 sys=0.00, real=0.49 secs] 
2020-03-19T15:08:39.635+0800: 21723.260: [Full GC (Metadata GC Threshold) 2020-03-19T15:08:39.635+0800: 21723.260: [CMS: 123349K->123349K(237276K), 0.4717045 secs] 123349K->123349K(414236K), [Metaspace: 121210K->121210K(1165312K)], 0.4721319 secs] [Times: user=0.47 sys=0.00, real=0.48 secs] 
2020-03-19T15:08:40.108+0800: 21723.732: [Full GC (Last ditch collection) 2020-03-19T15:08:40.108+0800: 21723.732: [CMS: 123349K->123349K(237276K), 0.4546233 secs] 123349K->123349K(414236K), [Metaspace: 121210K->121210K(1165312K)], 0.4550797 secs] [Times: user=0.45 sys=0.00, real=0.45 secs] 
2020-03-19T15:08:40.566+0800: 21724.190: [Full GC (Metadata GC Threshold) 2020-03-19T15:08:40.566+0800: 21724.190: [CMS: 123349K->123350K(237276K), 0.5126732 secs] 123356K->123350K(414236K), [Metaspace: 121210K->121210K(1165312K)], 0.5131065 secs] [Times: user=0.51 sys=0.00, real=0.52 secs] 
2020-03-19T15:08:41.079+0800: 21724.704: [Full GC (Last ditch collection) 2020-03-19T15:08:41.079+0800: 21724.704: [CMS: 123350K->123350K(237276K), 0.4750886 secs] 123350K->123350K(414236K), [Metaspace: 121210K->121210K(1165312K)], 0.4754945 secs] [Times: user=0.48 sys=0.00, real=0.47 secs] 
2020-03-19T15:08:41.557+0800: 21725.182: [Full GC (Metadata GC Threshold) 2020-03-19T15:08:41.558+0800: 21725.182: [CMS: 123350K->123344K(237276K), 0.4799808 secs] 123362K->123344K(414236K), [Metaspace: 121210K->121210K(1165312K)], 0.4803928 secs] [Times: user=0.47 sys=0.00, real=0.48 secs] 
2020-03-19T15:08:42.038+0800: 21725.663: [Full GC (Last ditch collection) 2020-03-19T15:08:42.038+0800: 21725.663: [CMS: 123344K->123344K(237276K), 0.4730466 secs] 123344K->123344K(414236K), [Metaspace: 121210K->121210K(1165312K)], 0.4733970 secs] [Times: user=0.47 sys=0.00, real=0.47 secs] 
2020-03-19T15:08:42.514+0800: 21726.139: [Full GC (Metadata GC Threshold) 2020-03-19T15:08:42.514+0800: 21726.139: [CMS: 123344K->123344K(237276K), 0.5973978 secs] 123344K->123344K(414236K), [Metaspace: 121210K->121210K(1165312K)], 0.5978009 secs] [Times: user=0.54 sys=0.00, real=0.60 secs] 
2020-03-19T15:08:43.112+0800: 21726.737: [Full GC (Last ditch collection) 2020-03-19T15:08:43.113+0800: 21726.737: [CMS: 123344K->123344K(237276K), 0.4760443 secs] 123344K->123344K(414236K), [Metaspace: 121210K->121210K(1165312K)], 0.4764457 secs] [Times: user=0.48 sys=0.00, real=0.48 secs] 
2020-03-19T15:08:43.592+0800: 21727.217: [Full GC (Metadata GC Threshold) 2020-03-19T15:08:43.592+0800: 21727.217: [CMS: 123344K->123344K(237276K), 0.4776744 secs] 123353K->123344K(414236K), [Metaspace: 121210K->121210K(1165312K)], 0.4783859 secs] [Times: user=0.47 sys=0.00, real=0.48 secs] 
2020-03-19T15:08:44.071+0800: 21727.696: [Full GC (Last ditch collection) 2020-03-19T15:08:44.071+0800: 21727.696: [CMS: 123344K->123344K(237276K), 0.4688217 secs] 123344K->123344K(414236K), [Metaspace: 121210K->121210K(1165312K)], 0.4692343 secs] [Times: user=0.46 sys=0.00, real=0.47 secs] 
2020-03-19T15:08:44.543+0800: 21728.168: [Full GC (Metadata GC Threshold) 2020-03-19T15:08:44.543+0800: 21728.168: [CMS: 123344K->123344K(237276K), 0.5010098 secs] 123344K->123344K(414236K), [Metaspace: 121210K->121210K(1165312K)], 0.5014242 secs] [Times: user=0.48 sys=0.00, real=0.50 secs] 
2020-03-19T15:08:45.045+0800: 21728.669: [Full GC (Last ditch collection) 2020-03-19T15:08:45.045+0800: 21728.670: [CMS: 123344K->123344K(237276K), 0.4916182 secs] 123344K->123344K(414236K), [Metaspace: 121210K->121210K(1165312K)], 0.4920504 secs] [Times: user=0.49 sys=0.00, real=0.49 secs] 
2020-03-19T15:08:45.541+0800: 21729.165: [Full GC (Metadata GC Threshold) 2020-03-19T15:08:45.541+0800: 21729.165: [CMS: 123344K->123344K(237276K), 0.4672972 secs] 123346K->123344K(414236K), [Metaspace: 121210K->121210K(1165312K)], 0.4677674 secs] [Times: user=0.47 sys=0.00, real=0.47 secs] 
2020-03-19T15:08:46.009+0800: 21729.633: [Full GC (Last ditch collection) 2020-03-19T15:08:46.009+0800: 21729.633: [CMS: 123344K->123344K(237276K), 0.5738524 secs] 123344K->123344K(414236K), [Metaspace: 121210K->121210K(1165312K)], 0.5742177 secs] [Times: user=0.51 sys=0.00, real=0.57 secs] 
2020-03-19T15:08:46.586+0800: 21730.211: [Full GC (Metadata GC Threshold) 2020-03-19T15:08:46.586+0800: 21730.211: [CMS: 123344K->123371K(237276K), 0.4890932 secs] 123378K->123371K(414236K), [Metaspace: 121210K->121210K(1165312K)], 0.4895269 secs] [Times: user=0.48 sys=0.00, real=0.48 secs] 
2020-03-19T15:08:47.076+0800: 21730.700: [Full GC (Last ditch collection) 2020-03-19T15:08:47.076+0800: 21730.701: [CMS: 123371K->123371K(237276K), 0.4705611 secs] 123371K->123371K(414236K), [Metaspace: 121210K->121210K(1165312K)], 0.4710069 secs] [Times: user=0.47 sys=0.00, real=0.48 secs] 
2020-03-19T15:08:47.560+0800: 21731.184: [Full GC (Metadata GC Threshold) 2020-03-19T15:08:47.560+0800: 21731.185: [CMS: 123371K->123416K(237276K), 0.5156802 secs] 125309K->123416K(414236K), [Metaspace: 121210K->121210K(1165312K)], 0.5161403 secs] [Times: user=0.51 sys=0.00, real=0.51 secs] 
2020-03-19T15:08:48.076+0800: 21731.701: [Full GC (Last ditch collection) 2020-03-19T15:08:48.077+0800: 21731.701: [CMS: 123416K->123387K(237276K), 0.4841388 secs] 123416K->123387K(414236K), [Metaspace: 121210K->121210K(1165312K)], 0.4845907 secs] [Times: user=0.47 sys=0.00, real=0.49 secs] 
2020-03-19T15:08:48.564+0800: 21732.188: [Full GC (Metadata GC Threshold) 2020-03-19T15:08:48.564+0800: 21732.189: [CMS: 123387K->123364K(237276K), 0.4797350 secs] 123395K->123364K(414236K), [Metaspace: 121210K->121210K(1165312K)], 0.4801571 secs] [Times: user=0.47 sys=0.00, real=0.48 secs] 
2020-03-19T15:08:49.044+0800: 21732.669: [Full GC (Last ditch collection) 2020-03-19T15:08:49.045+0800: 21732.669: [CMS: 123364K->123364K(237276K), 0.4865372 secs] 123364K->123364K(414236K), [Metaspace: 121210K->121210K(1165312K)], 0.4869469 secs] [Times: user=0.48 sys=0.00, real=0.49 secs] 
2020-03-19T15:08:49.534+0800: 21733.159: [GC (CMS Initial Mark) [1 CMS-initial-mark: 123364K(237276K)] 123364K(414236K), 0.0095925 secs] [Times: user=0.01 sys=0.00, real=0.01 secs] 
2020-03-19T15:08:49.544+0800: 21733.169: [CMS-concurrent-mark-start]
2020-03-19T15:08:49.552+0800: 21733.177: [Full GC (Metadata GC Threshold) 2020-03-19T15:08:49.553+0800: 21733.177: [CMS2020-03-19T15:08:49.742+0800: 21733.367: [CMS-concurrent-mark: 0.189/0.198 secs] [Times: user=0.19 sys=0.00, real=0.20 secs] 
 (concurrent mode failure): 123364K->122285K(237276K), 0.7434864 secs] 123767K->122285K(414236K), [Metaspace: 121210K->121210K(1165312K)], 0.7439055 secs] [Times: user=0.71 sys=0.00, real=0.74 secs] 
2020-03-19T15:08:50.297+0800: 21733.921: [Full GC (Last ditch collection) 2020-03-19T15:08:50.297+0800: 21733.921: [CMS: 122285K->122284K(237276K), 0.4593992 secs] 122285K->122284K(414236K), [Metaspace: 121210K->121210K(1165312K)], 0.4597504 secs] [Times: user=0.45 sys=0.00, real=0.46 secs] 
2020-03-19T15:08:50.759+0800: 21734.384: [Full GC (Metadata GC Threshold) 2020-03-19T15:08:50.760+0800: 21734.384: [CMS: 122284K->122284K(237276K), 0.5109039 secs] 122292K->122284K(414236K), [Metaspace: 121210K->121210K(1165312K)], 0.5113302 secs] [Times: user=0.50 sys=0.00, real=0.51 secs] 
2020-03-19T15:08:51.271+0800: 21734.896: [Full GC (Last ditch collection) 2020-03-19T15:08:51.271+0800: 21734.896: [CMS: 122284K->122284K(237276K), 0.4619783 secs] 122284K->122284K(414236K), [Metaspace: 121210K->121210K(1165312K)], 0.4623996 secs] [Times: user=0.47 sys=0.00, real=0.46 secs] 
2020-03-19T15:08:51.737+0800: 21735.361: [Full GC (Metadata GC Threshold) 2020-03-19T15:08:51.737+0800: 21735.361: [CMS: 122284K->122284K(237276K), 0.4707726 secs] 122288K->122284K(414236K), [Metaspace: 121210K->121210K(1165312K)], 0.4711889 secs] [Times: user=0.46 sys=0.00, real=0.48 secs] 
2020-03-19T15:08:52.208+0800: 21735.833: [Full GC (Last ditch collection) 2020-03-19T15:08:52.208+0800: 21735.833: [CMS: 122284K->122284K(237276K), 0.4500660 secs] 122284K->122284K(414236K), [Metaspace: 121210K->121210K(1165312K)], 0.4504373 secs] [Times: user=0.46 sys=0.00, real=0.45 secs] 
2020-03-19T15:08:52.661+0800: 21736.286: [Full GC (Metadata GC Threshold) 2020-03-19T15:08:52.662+0800: 21736.286: [CMS: 122284K->122284K(237276K), 0.4965795 secs] 122286K->122284K(414236K), [Metaspace: 121210K->121210K(1165312K)], 0.4969770 secs] [Times: user=0.49 sys=0.00, real=0.50 secs] 
2020-03-19T15:08:53.159+0800: 21736.783: [Full GC (Last ditch collection) 2020-03-19T15:08:53.159+0800: 21736.783: [CMS: 122284K->122284K(237276K), 0.4950810 secs] 122284K->122284K(414236K), [Metaspace: 121210K->121210K(1165312K)], 0.4954858 secs] [Times: user=0.48 sys=0.00, real=0.49 secs] 
2020-03-19T15:08:53.658+0800: 21737.282: [GC (CMS Initial Mark) [1 CMS-initial-mark: 122284K(237276K)] 122284K(414236K), 0.0082646 secs] [Times: user=0.01 sys=0.00, real=0.02 secs] 
2020-03-19T15:08:53.667+0800: 21737.291: [CMS-concurrent-mark-start]
2020-03-19T15:08:53.697+0800: 21737.322: [Full GC (Metadata GC Threshold) 2020-03-19T15:08:53.697+0800: 21737.322: [CMS2020-03-19T15:08:53.881+0800: 21737.506: [CMS-concurrent-mark: 0.202/0.214 secs] [Times: user=0.24 sys=0.00, real=0.21 secs] 
 (concurrent mode failure): 122284K->122543K(237276K), 0.6868674 secs] 124852K->122543K(414236K), [Metaspace: 121210K->121210K(1165312K)], 0.6873606 secs] [Times: user=0.67 sys=0.00, real=0.70 secs] 
2020-03-19T15:08:54.387+0800: 21738.011: [Full GC (Last ditch collection) 2020-03-19T15:08:54.387+0800: 21738.011: [CMS: 122543K->122511K(237276K), 0.4486790 secs] 122543K->122511K(414236K), [Metaspace: 121210K->121210K(1165312K)], 0.4491182 secs] [Times: user=0.45 sys=0.00, real=0.44 secs] 
2020-03-19T15:08:54.839+0800: 21738.464: [Full GC (Metadata GC Threshold) 2020-03-19T15:08:54.839+0800: 21738.464: [CMS: 122511K->122511K(237276K), 0.5260729 secs] 122519K->122511K(414236K), [Metaspace: 121210K->121210K(1165312K)], 0.5264932 secs] [Times: user=0.52 sys=0.00, real=0.52 secs] 
2020-03-19T15:08:55.366+0800: 21738.990: [Full GC (Last ditch collection) 2020-03-19T15:08:55.366+0800: 21738.991: [CMS: 122511K->122511K(237276K), 0.4939455 secs] 122511K->122511K(414236K), [Metaspace: 121210K->121210K(1165312K)], 0.4943709 secs] [Times: user=0.48 sys=0.00, real=0.50 secs] 
2020-03-19T15:08:55.863+0800: 21739.488: [Full GC (Metadata GC Threshold) 2020-03-19T15:08:55.863+0800: 21739.488: [CMS: 122511K->122511K(237276K), 0.4769571 secs] 122515K->122511K(414236K), [Metaspace: 121210K->121210K(1165312K)], 0.4773692 secs] [Times: user=0.47 sys=0.00, real=0.48 secs] 
2020-03-19T15:08:56.341+0800: 21739.966: [Full GC (Last ditch collection) 2020-03-19T15:08:56.341+0800: 21739.966: [CMS: 122511K->122511K(237276K), 0.4930091 secs] 122511K->122511K(414236K), [Metaspace: 121210K->121210K(1165312K)], 0.4934355 secs] [Times: user=0.48 sys=0.00, real=0.49 secs] 
2020-03-19T15:08:56.837+0800: 21740.462: [Full GC (Metadata GC Threshold) 2020-03-19T15:08:56.838+0800: 21740.462: [CMS: 122511K->122511K(237276K), 0.5474631 secs] 122513K->122511K(414236K), [Metaspace: 121210K->121210K(1165312K)], 0.5478351 secs] [Times: user=0.50 sys=0.00, real=0.55 secs] 
2020-03-19T15:08:57.386+0800: 21741.010: [Full GC (Last ditch collection) 2020-03-19T15:08:57.386+0800: 21741.010: [CMS: 122511K->122511K(237276K), 0.5810225 secs] 122511K->122511K(414236K), [Metaspace: 121210K->121210K(1165312K)], 0.5814366 secs] [Times: user=0.51 sys=0.00, real=0.59 secs] 
2020-03-19T15:08:57.971+0800: 21741.595: [GC (CMS Initial Mark) [1 CMS-initial-mark: 122511K(237276K)] 122515K(414236K), 0.0108973 secs] [Times: user=0.01 sys=0.00, real=0.01 secs] 
2020-03-19T15:08:57.982+0800: 21741.607: [CMS-concurrent-mark-start]
2020-03-19T15:08:58.025+0800: 21741.649: [Full GC (Metadata GC Threshold) 2020-03-19T15:08:58.025+0800: 21741.649: [CMS2020-03-19T15:08:58.233+0800: 21741.857: [CMS-concurrent-mark: 0.235/0.250 secs] [Times: user=0.27 sys=0.00, real=0.25 secs] 
 (concurrent mode failure): 122511K->122874K(237276K), 0.6691374 secs] 125710K->122874K(414236K), [Metaspace: 121210K->121210K(1165312K)], 0.6695986 secs] [Times: user=0.66 sys=0.00, real=0.67 secs] 
2020-03-19T15:08:58.694+0800: 21742.319: [Full GC (Last ditch collection) 2020-03-19T15:08:58.695+0800: 21742.319: [CMS: 122874K->122719K(237276K), 0.4976683 secs] 122874K->122719K(414236K), [Metaspace: 121210K->121210K(1165312K)], 0.4980625 secs] [Times: user=0.49 sys=0.00, real=0.50 secs] 
2020-03-19T15:08:59.196+0800: 21742.820: [Full GC (Metadata GC Threshold) 2020-03-19T15:08:59.196+0800: 21742.820: [CMS: 122719K->122719K(237276K), 0.4838300 secs] 122729K->122719K(414236K), [Metaspace: 121210K->121210K(1165312K)], 0.4842579 secs] [Times: user=0.49 sys=0.00, real=0.49 secs] 
2020-03-19T15:08:59.680+0800: 21743.305: [Full GC (Last ditch collection) 2020-03-19T15:08:59.680+0800: 21743.305: [CMS: 122719K->122719K(237276K), 0.5255380 secs] 122719K->122719K(414236K), [Metaspace: 121210K->121210K(1165312K)], 0.5259222 secs] [Times: user=0.51 sys=0.00, real=0.53 secs] 
2020-03-19T15:09:00.209+0800: 21743.834: [Full GC (Metadata GC Threshold) 2020-03-19T15:09:00.209+0800: 21743.834: [CMS: 122719K->122719K(237276K), 0.4645852 secs] 122721K->122719K(414236K), [Metaspace: 121210K->121210K(1165312K)], 0.4650217 secs] [Times: user=0.46 sys=0.00, real=0.46 secs] 
2020-03-19T15:09:00.674+0800: 21744.299: [Full GC (Last ditch collection) 2020-03-19T15:09:00.675+0800: 21744.299: [CMS: 122719K->122719K(237276K), 0.6379044 secs] 122719K->122719K(414236K), [Metaspace: 121210K->121210K(1165312K)], 0.6384581 secs] [Times: user=0.51 sys=0.00, real=0.64 secs] 
2020-03-19T15:09:01.317+0800: 21744.942: [Full GC (Metadata GC Threshold) 2020-03-19T15:09:01.317+0800: 21744.942: [CMS: 122719K->122722K(237276K), 0.5246464 secs] 122754K->122722K(414236K), [Metaspace: 121210K->121210K(1165312K)], 0.5250923 secs] [Times: user=0.49 sys=0.00, real=0.53 secs] 
2020-03-19T15:09:01.843+0800: 21745.467: [Full GC (Last ditch collection) 2020-03-19T15:09:01.843+0800: 21745.467: [CMS: 122722K->122722K(237276K), 0.4678494 secs] 122722K->122722K(414236K), [Metaspace: 121210K->121210K(1165312K)], 0.4682257 secs] [Times: user=0.47 sys=0.00, real=0.47 secs] 
2020-03-19T15:09:02.314+0800: 21745.938: [Full GC (Metadata GC Threshold) 2020-03-19T15:09:02.314+0800: 21745.938: [CMS (concurrent mode failure): 122722K->122722K(237276K), 0.4597984 secs] 122728K->122722K(414236K), [Metaspace: 121210K->121210K(1165312K)], 0.4602310 secs] [Times: user=0.45 sys=0.00, real=0.46 secs] 
2020-03-19T15:09:02.774+0800: 21746.399: [Full GC (Last ditch collection) 2020-03-19T15:09:02.774+0800: 21746.399: [CMS: 122722K->122722K(237276K), 0.4844052 secs] 122722K->122722K(414236K), [Metaspace: 121210K->121210K(1165312K)], 0.4848800 secs] [Times: user=0.48 sys=0.00, real=0.49 secs] 
2020-03-19T15:09:03.282+0800: 21746.906: [Full GC (Metadata GC Threshold) 2020-03-19T15:09:03.282+0800: 21746.907: [CMS: 122722K->122725K(237276K), 0.5311044 secs] 124722K->122725K(414236K), [Metaspace: 121212K->121212K(1165312K)], 0.5317366 secs] [Times: user=0.51 sys=0.00, real=0.53 secs] 
2020-03-19T15:09:03.814+0800: 21747.439: [Full GC (Last ditch collection) 2020-03-19T15:09:03.814+0800: 21747.439: [CMS: 122725K->122723K(237276K), 0.4741463 secs] 122725K->122723K(414236K), [Metaspace: 121212K->121212K(1165312K)], 0.4745597 secs] [Times: user=0.47 sys=0.00, real=0.48 secs] 
2020-03-19T15:09:04.292+0800: 21747.916: [Full GC (Metadata GC Threshold) 2020-03-19T15:09:04.292+0800: 21747.916: [CMS: 122723K->122723K(237276K), 0.4654829 secs] 122733K->122723K(414236K), [Metaspace: 121212K->121212K(1165312K)], 0.4658856 secs] [Times: user=0.46 sys=0.00, real=0.46 secs] 
2020-03-19T15:09:04.758+0800: 21748.382: [Full GC (Last ditch collection) 2020-03-19T15:09:04.758+0800: 21748.382: [CMS: 122723K->122723K(237276K), 0.5675944 secs] 122723K->122723K(414236K), [Metaspace: 121212K->121212K(1165312K)], 0.5680139 secs] [Times: user=0.54 sys=0.00, real=0.57 secs] 
2020-03-19T15:09:05.331+0800: 21748.955: [Full GC (Metadata GC Threshold) 2020-03-19T15:09:05.331+0800: 21748.956: [CMS: 122723K->122725K(237276K), 0.5179282 secs] 122869K->122725K(414236K), [Metaspace: 121212K->121212K(1165312K)], 0.5183395 secs] [Times: user=0.50 sys=0.00, real=0.52 secs] 
2020-03-19T15:09:05.850+0800: 21749.474: [Full GC (Last ditch collection) 2020-03-19T15:09:05.850+0800: 21749.474: [CMS: 122725K->122724K(237276K), 0.4696824 secs] 122725K->122724K(414236K), [Metaspace: 121212K->121212K(1165312K)], 0.4700835 secs] [Times: user=0.47 sys=0.00, real=0.47 secs] 
2020-03-19T15:09:06.323+0800: 21749.948: [Full GC (Metadata GC Threshold) 2020-03-19T15:09:06.323+0800: 21749.948: [CMS: 122724K->122722K(237276K), 0.4517907 secs] 122757K->122722K(414236K), [Metaspace: 121212K->121212K(1165312K)], 0.4522143 secs] [Times: user=0.45 sys=0.00, real=0.45 secs] 
2020-03-19T15:09:06.776+0800: 21750.400: [Full GC (Last ditch collection) 2020-03-19T15:09:06.776+0800: 21750.400: [CMS: 122722K->122722K(237276K), 0.4818842 secs] 122722K->122722K(414236K), [Metaspace: 121212K->121212K(1165312K)], 0.4824005 secs] [Times: user=0.48 sys=0.00, real=0.49 secs] 
2020-03-19T15:09:07.261+0800: 21750.886: [Full GC (Metadata GC Threshold) 2020-03-19T15:09:07.262+0800: 21750.886: [CMS: 122722K->122722K(237276K), 0.4585611 secs] 122726K->122722K(414236K), [Metaspace: 121212K->121212K(1165312K)], 0.4589941 secs] [Times: user=0.46 sys=0.00, real=0.46 secs] 
2020-03-19T15:09:07.721+0800: 21751.345: [Full GC (Last ditch collection) 2020-03-19T15:09:07.721+0800: 21751.345: [CMS: 122722K->122722K(237276K), 0.4901384 secs] 122722K->122722K(414236K), [Metaspace: 121212K->121212K(1165312K)], 0.4906000 secs] [Times: user=0.47 sys=0.00, real=0.49 secs] 
2020-03-19T15:09:08.220+0800: 21751.844: [Full GC (Metadata GC Threshold) 2020-03-19T15:09:08.220+0800: 21751.844: [CMS: 122722K->122723K(237276K), 0.4791592 secs] 122882K->122723K(414236K), [Metaspace: 121212K->121212K(1165312K)], 0.4795591 secs] [Times: user=0.47 sys=0.00, real=0.48 secs] 
2020-03-19T15:09:08.699+0800: 21752.324: [Full GC (Last ditch collection) 2020-03-19T15:09:08.700+0800: 21752.324: [CMS: 122723K->122723K(237276K), 0.5011664 secs] 122723K->122723K(414236K), [Metaspace: 121212K->121212K(1165312K)], 0.5015492 secs] [Times: user=0.48 sys=0.00, real=0.50 secs] 
2020-03-19T15:09:09.204+0800: 21752.828: [Full GC (Metadata GC Threshold) 2020-03-19T15:09:09.204+0800: 21752.829: [CMS: 122723K->122723K(237276K), 0.4779990 secs] 122727K->122723K(414236K), [Metaspace: 121212K->121212K(1165312K)], 0.4783976 secs] [Times: user=0.48 sys=0.00, real=0.48 secs] 
2020-03-19T15:09:09.683+0800: 21753.307: [Full GC (Last ditch collection) 2020-03-19T15:09:09.683+0800: 21753.307: [CMS: 122723K->122723K(237276K), 0.4859688 secs] 122723K->122723K(414236K), [Metaspace: 121212K->121212K(1165312K)], 0.4863701 secs] [Times: user=0.48 sys=0.00, real=0.49 secs] 
2020-03-19T15:09:10.172+0800: 21753.797: [Full GC (Metadata GC Threshold) 2020-03-19T15:09:10.172+0800: 21753.797: [CMS: 122723K->122723K(237276K), 0.4676605 secs] 122732K->122723K(414236K), [Metaspace: 121212K->121212K(1165312K)], 0.4680757 secs] [Times: user=0.45 sys=0.00, real=0.47 secs] 
2020-03-19T15:09:10.641+0800: 21754.265: [Full GC (Last ditch collection) 2020-03-19T15:09:10.641+0800: 21754.265: [CMS: 122723K->122723K(237276K), 0.5033297 secs] 122723K->122723K(414236K), [Metaspace: 121212K->121212K(1165312K)], 0.5037169 secs] [Times: user=0.49 sys=0.00, real=0.50 secs] 
2020-03-19T15:09:11.147+0800: 21754.772: [Full GC (Metadata GC Threshold) 2020-03-19T15:09:11.147+0800: 21754.772: [CMS: 122723K->122723K(237276K), 0.4679188 secs] 122731K->122723K(414236K), [Metaspace: 121212K->121212K(1165312K)], 0.4683021 secs] [Times: user=0.47 sys=0.00, real=0.46 secs] 
2020-03-19T15:09:11.616+0800: 21755.240: [Full GC (Last ditch collection) 2020-03-19T15:09:11.616+0800: 21755.240: [CMS: 122723K->122723K(237276K), 0.4604399 secs] 122723K->122723K(414236K), [Metaspace: 121212K->121212K(1165312K)], 0.4608324 secs] [Times: user=0.46 sys=0.00, real=0.46 secs] 
2020-03-19T15:09:12.081+0800: 21755.706: [Full GC (Metadata GC Threshold) 2020-03-19T15:09:12.081+0800: 21755.706: [CMS: 122723K->122723K(237276K), 0.4943457 secs] 122727K->122723K(414236K), [Metaspace: 121212K->121212K(1165312K)], 0.4947888 secs] [Times: user=0.48 sys=0.00, real=0.49 secs] 
2020-03-19T15:09:12.576+0800: 21756.201: [Full GC (Last ditch collection) 2020-03-19T15:09:12.577+0800: 21756.201: [CMS: 122723K->122723K(237276K), 0.6022449 secs] 122723K->122723K(414236K), [Metaspace: 121212K->121212K(1165312K)], 0.6026698 secs] [Times: user=0.51 sys=0.00, real=0.61 secs] 
2020-03-19T15:09:13.182+0800: 21756.807: [Full GC (Metadata GC Threshold) 2020-03-19T15:09:13.182+0800: 21756.807: [CMS: 122723K->122724K(237276K), 0.4848928 secs] 122732K->122724K(414236K), [Metaspace: 121212K->121212K(1165312K)], 0.4852827 secs] [Times: user=0.47 sys=0.00, real=0.49 secs] 
2020-03-19T15:09:13.668+0800: 21757.292: [Full GC (Last ditch collection) 2020-03-19T15:09:13.668+0800: 21757.292: [CMS: 122724K->122724K(237276K), 0.4822870 secs] 122724K->122724K(414236K), [Metaspace: 121212K->121212K(1165312K)], 0.4827651 secs] [Times: user=0.47 sys=0.00, real=0.48 secs] 
2020-03-19T15:09:14.155+0800: 21757.779: [Full GC (Metadata GC Threshold) 2020-03-19T15:09:14.155+0800: 21757.779: [CMS: 122724K->122724K(237276K), 0.4737412 secs] 122767K->122724K(414236K), [Metaspace: 121212K->121212K(1165312K)], 0.4742578 secs] [Times: user=0.47 sys=0.00, real=0.48 secs] 
2020-03-19T15:09:14.629+0800: 21758.254: [Full GC (Last ditch collection) 2020-03-19T15:09:14.629+0800: 21758.254: [CMS: 122724K->122724K(237276K), 0.5117905 secs] 122724K->122724K(414236K), [Metaspace: 121212K->121212K(1165312K)], 0.5121772 secs] [Times: user=0.49 sys=0.00, real=0.51 secs] 
2020-03-19T15:09:15.144+0800: 21758.769: [Full GC (Metadata GC Threshold) 2020-03-19T15:09:15.145+0800: 21758.769: [CMS: 122724K->122724K(237276K), 0.4837580 secs] 122728K->122724K(414236K), [Metaspace: 121212K->121212K(1165312K)], 0.4841916 secs] [Times: user=0.47 sys=0.00, real=0.49 secs] 
2020-03-19T15:09:15.629+0800: 21759.253: [Full GC (Last ditch collection) 2020-03-19T15:09:15.629+0800: 21759.253: [CMS: 122724K->122724K(237276K), 0.5668385 secs] 122724K->122724K(414236K), [Metaspace: 121212K->121212K(1165312K)], 0.5672427 secs] [Times: user=0.50 sys=0.00, real=0.56 secs] 
2020-03-19T15:09:16.200+0800: 21759.825: [Full GC (Metadata GC Threshold) 2020-03-19T15:09:16.200+0800: 21759.825: [CMS: 122724K->122738K(237276K), 0.4781111 secs] 122963K->122738K(414236K), [Metaspace: 121212K->121212K(1165312K)], 0.4785209 secs] [Times: user=0.47 sys=0.00, real=0.48 secs] 
2020-03-19T15:09:16.679+0800: 21760.304: [Full GC (Last ditch collection) 2020-03-19T15:09:16.679+0800: 21760.304: [CMS: 122738K->122737K(237276K), 0.5099120 secs] 122738K->122737K(414236K), [Metaspace: 121212K->121212K(1165312K)], 0.5103235 secs] [Times: user=0.51 sys=0.00, real=0.51 secs] 
2020-03-19T15:09:17.193+0800: 21760.817: [Full GC (Metadata GC Threshold) 2020-03-19T15:09:17.193+0800: 21760.817: [CMS: 122737K->122737K(237276K), 0.4753928 secs] 122743K->122737K(414236K), [Metaspace: 121212K->121212K(1165312K)], 0.4757812 secs] [Times: user=0.47 sys=0.00, real=0.48 secs] 
2020-03-19T15:09:17.669+0800: 21761.293: [Full GC (Last ditch collection) 2020-03-19T15:09:17.669+0800: 21761.293: [CMS: 122737K->122737K(237276K), 0.4636739 secs] 122737K->122737K(414236K), [Metaspace: 121212K->121212K(1165312K)], 0.4640519 secs] [Times: user=0.47 sys=0.00, real=0.46 secs] 
2020-03-19T15:09:18.136+0800: 21761.760: [Full GC (Metadata GC Threshold) 2020-03-19T15:09:18.136+0800: 21761.760: [CMS: 122737K->122737K(237276K), 0.4987220 secs] 122739K->122737K(414236K), [Metaspace: 121212K->121212K(1165312K)], 0.4991167 secs] [Times: user=0.48 sys=0.00, real=0.50 secs] 
2020-03-19T15:09:18.635+0800: 21762.260: [Full GC (Last ditch collection) 2020-03-19T15:09:18.635+0800: 21762.260: [CMS: 122737K->122737K(237276K), 0.5036982 secs] 122737K->122737K(414236K), [Metaspace: 121212K->121212K(1165312K)], 0.5040845 secs] [Times: user=0.49 sys=0.00, real=0.51 secs] 
2020-03-19T15:09:19.142+0800: 21762.767: [Full GC (Metadata GC Threshold) 2020-03-19T15:09:19.142+0800: 21762.767: [CMS: 122737K->122737K(237276K), 0.4921172 secs] 122747K->122737K(414236K), [Metaspace: 121212K->121212K(1165312K)], 0.4925922 secs] [Times: user=0.48 sys=0.00, real=0.49 secs] 
2020-03-19T15:09:19.635+0800: 21763.260: [Full GC (Last ditch collection) 2020-03-19T15:09:19.635+0800: 21763.260: [CMS: 122737K->122737K(237276K), 0.5291043 secs] 122737K->122737K(414236K), [Metaspace: 121212K->121212K(1165312K)], 0.5295388 secs] [Times: user=0.52 sys=0.00, real=0.54 secs] 
2020-03-19T15:09:20.170+0800: 21763.794: [Full GC (Metadata GC Threshold) 2020-03-19T15:09:20.170+0800: 21763.795: [CMS: 122737K->122737K(237276K), 0.5378969 secs] 122743K->122737K(414236K), [Metaspace: 121212K->121212K(1165312K)], 0.5384596 secs] [Times: user=0.51 sys=0.00, real=0.54 secs] 
2020-03-19T15:09:20.709+0800: 21764.333: [Full GC (Last ditch collection) 2020-03-19T15:09:20.709+0800: 21764.333: [CMS: 122737K->122737K(237276K), 0.4833077 secs] 122737K->122737K(414236K), [Metaspace: 121212K->121212K(1165312K)], 0.4836769 secs] [Times: user=0.47 sys=0.00, real=0.48 secs] 
2020-03-19T15:09:21.195+0800: 21764.820: [GC (CMS Initial Mark) [1 CMS-initial-mark: 122737K(237276K)] 122739K(414236K), 0.0079967 secs] [Times: user=0.01 sys=0.00, real=0.01 secs] 
2020-03-19T15:09:21.204+0800: 21764.828: [CMS-concurrent-mark-start]
2020-03-19T15:09:21.212+0800: 21764.836: [Full GC (Metadata GC Threshold) 2020-03-19T15:09:21.212+0800: 21764.836: [CMS2020-03-19T15:09:21.403+0800: 21765.027: [CMS-concurrent-mark: 0.192/0.199 secs] [Times: user=0.20 sys=0.00, real=0.20 secs] 
 (concurrent mode failure): 122737K->122738K(237276K), 0.7139832 secs] 123007K->122738K(414236K), [Metaspace: 121212K->121212K(1165312K)], 0.7143933 secs] [Times: user=0.68 sys=0.00, real=0.72 secs] 
2020-03-19T15:09:21.927+0800: 21765.551: [Full GC (Last ditch collection) 2020-03-19T15:09:21.927+0800: 21765.551: [CMS: 122738K->122736K(237276K), 0.4523130 secs] 122738K->122736K(414236K), [Metaspace: 121212K->121212K(1165312K)], 0.4526896 secs] [Times: user=0.46 sys=0.00, real=0.45 secs] 
2020-03-19T15:09:22.382+0800: 21766.007: [Full GC (Metadata GC Threshold) 2020-03-19T15:09:22.382+0800: 21766.007: [CMS: 122736K->122736K(237276K), 0.4655415 secs] 122757K->122736K(414236K), [Metaspace: 121212K->121212K(1165312K)], 0.4659924 secs] [Times: user=0.45 sys=0.00, real=0.47 secs] 
2020-03-19T15:09:22.849+0800: 21766.473: [Full GC (Last ditch collection) 2020-03-19T15:09:22.849+0800: 21766.473: [CMS: 122736K->122736K(237276K), 0.5296383 secs] 122736K->122736K(414236K), [Metaspace: 121212K->121212K(1165312K)], 0.5301612 secs] [Times: user=0.50 sys=0.00, real=0.53 secs] 
2020-03-19T15:09:23.402+0800: 21767.027: [Full GC (Metadata GC Threshold) 2020-03-19T15:09:23.402+0800: 21767.027: [CMS: 122736K->122810K(237276K), 0.4671058 secs] 123506K->122810K(414236K), [Metaspace: 121212K->121212K(1165312K)], 0.4675689 secs] [Times: user=0.46 sys=0.00, real=0.47 secs] 
2020-03-19T15:09:23.870+0800: 21767.495: [Full GC (Last ditch collection) 2020-03-19T15:09:23.870+0800: 21767.495: [CMS: 122810K->122808K(237276K), 0.4835453 secs] 122810K->122808K(414236K), [Metaspace: 121212K->121212K(1165312K)], 0.4839511 secs] [Times: user=0.48 sys=0.00, real=0.48 secs] 
2020-03-19T15:09:24.357+0800: 21767.982: [Full GC (Metadata GC Threshold) 2020-03-19T15:09:24.357+0800: 21767.982: [CMS: 122808K->122808K(237276K), 0.4612168 secs] 122810K->122808K(414236K), [Metaspace: 121212K->121212K(1165312K)], 0.4615981 secs] [Times: user=0.46 sys=0.00, real=0.47 secs] 
2020-03-19T15:09:24.819+0800: 21768.444: [Full GC (Last ditch collection) 2020-03-19T15:09:24.819+0800: 21768.444: [CMS: 122808K->122808K(237276K), 0.4816575 secs] 122808K->122808K(414236K), [Metaspace: 121212K->121212K(1165312K)], 0.4820548 secs] [Times: user=0.48 sys=0.00, real=0.48 secs] 
2020-03-19T15:09:25.306+0800: 21768.931: [Full GC (Metadata GC Threshold) 2020-03-19T15:09:25.306+0800: 21768.931: [CMS: 122808K->122791K(237276K), 0.5171111 secs] 123109K->122791K(414236K), [Metaspace: 121212K->121212K(1165312K)], 0.5175449 secs] [Times: user=0.49 sys=0.00, real=0.51 secs] 
2020-03-19T15:09:25.824+0800: 21769.449: [Full GC (Last ditch collection) 2020-03-19T15:09:25.824+0800: 21769.449: [CMS: 122791K->122791K(237276K), 0.4919070 secs] 122791K->122791K(414236K), [Metaspace: 121212K->121212K(1165312K)], 0.4923427 secs] [Times: user=0.49 sys=0.00, real=0.49 secs] 
2020-03-19T15:09:26.319+0800: 21769.944: [Full GC (Metadata GC Threshold) 2020-03-19T15:09:26.320+0800: 21769.944: [CMS: 122791K->122791K(237276K), 0.4853868 secs] 122791K->122791K(414236K), [Metaspace: 121212K->121212K(1165312K)], 0.4857550 secs] [Times: user=0.48 sys=0.00, real=0.48 secs] 
2020-03-19T15:09:26.805+0800: 21770.430: [Full GC (Last ditch collection) 2020-03-19T15:09:26.806+0800: 21770.430: [CMS: 122791K->122791K(237276K), 0.5451059 secs] 122791K->122791K(414236K), [Metaspace: 121212K->121212K(1165312K)], 0.5455018 secs] [Times: user=0.51 sys=0.00, real=0.55 secs] 
2020-03-19T15:09:27.369+0800: 21770.993: [Full GC (Metadata GC Threshold) 2020-03-19T15:09:27.369+0800: 21770.993: [CMS: 122791K->122806K(237276K), 0.5815834 secs] 123247K->122806K(414236K), [Metaspace: 121212K->121212K(1165312K)], 0.5820503 secs] [Times: user=0.51 sys=0.00, real=0.58 secs] 
2020-03-19T15:09:27.951+0800: 21771.576: [Full GC (Last ditch collection) 2020-03-19T15:09:27.951+0800: 21771.576: [CMS: 122806K->122805K(237276K), 0.4910895 secs] 122806K->122805K(414236K), [Metaspace: 121212K->121212K(1165312K)], 0.4915360 secs] [Times: user=0.48 sys=0.00, real=0.49 secs] 
2020-03-19T15:09:28.446+0800: 21772.070: [Full GC (Metadata GC Threshold) 2020-03-19T15:09:28.446+0800: 21772.071: [CMS: 122805K->122805K(237276K), 0.4621416 secs] 122807K->122805K(414236K), [Metaspace: 121212K->121212K(1165312K)], 0.4625751 secs] [Times: user=0.46 sys=0.00, real=0.47 secs] 
2020-03-19T15:09:28.909+0800: 21772.533: [Full GC (Last ditch collection) 2020-03-19T15:09:28.909+0800: 21772.533: [CMS: 122805K->122805K(237276K), 0.5158922 secs] 122805K->122805K(414236K), [Metaspace: 121212K->121212K(1165312K)], 0.5162599 secs] [Times: user=0.49 sys=0.00, real=0.51 secs] 
2020-03-19T15:09:29.428+0800: 21773.053: [Full GC (Metadata GC Threshold) 2020-03-19T15:09:29.428+0800: 21773.053: [CMS: 122805K->122805K(237276K), 0.5009239 secs] 122813K->122805K(414236K), [Metaspace: 121212K->121212K(1165312K)], 0.5013116 secs] [Times: user=0.50 sys=0.00, real=0.50 secs] 
2020-03-19T15:09:29.930+0800: 21773.554: [Full GC (Last ditch collection) 2020-03-19T15:09:29.930+0800: 21773.554: [CMS: 122805K->122805K(237276K), 0.4632977 secs] 122805K->122805K(414236K), [Metaspace: 121212K->121212K(1165312K)], 0.4638410 secs] [Times: user=0.46 sys=0.00, real=0.46 secs] 
2020-03-19T15:09:30.398+0800: 21774.023: [Full GC (Metadata GC Threshold) 2020-03-19T15:09:30.398+0800: 21774.023: [CMS: 122805K->122805K(237276K), 0.4671582 secs] 122807K->122805K(414236K), [Metaspace: 121212K->121212K(1165312K)], 0.4675770 secs] [Times: user=0.46 sys=0.00, real=0.46 secs] 
2020-03-19T15:09:30.866+0800: 21774.491: [Full GC (Last ditch collection) 2020-03-19T15:09:30.866+0800: 21774.491: [CMS: 122805K->122805K(237276K), 0.6132494 secs] 122805K->122805K(414236K), [Metaspace: 121212K->121212K(1165312K)], 0.6136198 secs] [Times: user=0.54 sys=0.00, real=0.61 secs] 
2020-03-19T15:09:31.483+0800: 21775.107: [GC (CMS Initial Mark) [1 CMS-initial-mark: 122805K(237276K)] 122805K(414236K), 0.0080535 secs] [Times: user=0.02 sys=0.00, real=0.01 secs] 
2020-03-19T15:09:31.491+0800: 21775.116: [CMS-concurrent-mark-start]
2020-03-19T15:09:31.500+0800: 21775.124: [Full GC (Metadata GC Threshold) 2020-03-19T15:09:31.500+0800: 21775.124: [CMS2020-03-19T15:09:31.682+0800: 21775.307: [CMS-concurrent-mark: 0.184/0.191 secs] [Times: user=0.19 sys=0.00, real=0.19 secs] 
 (concurrent mode failure): 122805K->122815K(237276K), 0.6329160 secs] 123260K->122815K(414236K), [Metaspace: 121212K->121212K(1165312K)], 0.6333061 secs] [Times: user=0.63 sys=0.00, real=0.63 secs] 
2020-03-19T15:09:32.133+0800: 21775.758: [Full GC (Last ditch collection) 2020-03-19T15:09:32.133+0800: 21775.758: [CMS: 122815K->122813K(237276K), 0.4636249 secs] 122815K->122813K(414236K), [Metaspace: 121212K->121212K(1165312K)], 0.4639995 secs] [Times: user=0.46 sys=0.00, real=0.46 secs] 
2020-03-19T15:09:32.600+0800: 21776.225: [Full GC (Metadata GC Threshold) 2020-03-19T15:09:32.600+0800: 21776.225: [CMS: 122813K->122813K(237276K), 0.4729062 secs] 122819K->122813K(414236K), [Metaspace: 121212K->121212K(1165312K)], 0.4733655 secs] [Times: user=0.46 sys=0.00, real=0.47 secs] 
2020-03-19T15:09:33.074+0800: 21776.698: [Full GC (Last ditch collection) 2020-03-19T15:09:33.074+0800: 21776.699: [CMS: 122813K->122813K(237276K), 0.5074229 secs] 122813K->122813K(414236K), [Metaspace: 121212K->121212K(1165312K)], 0.5079125 secs] [Times: user=0.49 sys=0.00, real=0.51 secs] 
2020-03-19T15:09:33.586+0800: 21777.211: [Full GC (Metadata GC Threshold) 2020-03-19T15:09:33.586+0800: 21777.211: [CMS: 122813K->122816K(237276K), 0.4606809 secs] 122888K->122816K(414236K), [Metaspace: 121212K->121212K(1165312K)], 0.4611343 secs] [Times: user=0.45 sys=0.00, real=0.46 secs] 
2020-03-19T15:09:34.048+0800: 21777.672: [Full GC (Last ditch collection) 2020-03-19T15:09:34.048+0800: 21777.672: [CMS: 122816K->122816K(237276K), 0.4856619 secs] 122816K->122816K(414236K), [Metaspace: 121212K->121212K(1165312K)], 0.4860256 secs] [Times: user=0.48 sys=0.00, real=0.48 secs] 
2020-03-19T15:09:34.537+0800: 21778.161: [Full GC (Metadata GC Threshold) 2020-03-19T15:09:34.537+0800: 21778.161: [CMS: 122816K->122816K(237276K), 0.4908870 secs] 122818K->122816K(414236K), [Metaspace: 121212K->121212K(1165312K)], 0.4913417 secs] [Times: user=0.49 sys=0.00, real=0.50 secs] 
2020-03-19T15:09:35.028+0800: 21778.653: [Full GC (Last ditch collection) 2020-03-19T15:09:35.029+0800: 21778.653: [CMS: 122816K->122816K(237276K), 0.5320519 secs] 122816K->122816K(414236K), [Metaspace: 121212K->121212K(1165312K)], 0.5325467 secs] [Times: user=0.51 sys=0.00, real=0.53 secs] 
2020-03-19T15:09:35.565+0800: 21779.189: [Full GC (Metadata GC Threshold) 2020-03-19T15:09:35.565+0800: 21779.189: [CMS: 122816K->122816K(237276K), 0.4739657 secs] 122831K->122816K(414236K), [Metaspace: 121212K->121212K(1165312K)], 0.4744504 secs] [Times: user=0.46 sys=0.00, real=0.48 secs] 
2020-03-19T15:09:36.039+0800: 21779.664: [Full GC (Last ditch collection) 2020-03-19T15:09:36.039+0800: 21779.664: [CMS: 122816K->122816K(237276K), 0.4709717 secs] 122816K->122816K(414236K), [Metaspace: 121212K->121212K(1165312K)], 0.4713700 secs] [Times: user=0.47 sys=0.00, real=0.47 secs] 
2020-03-19T15:09:36.513+0800: 21780.138: [Full GC (Metadata GC Threshold) 2020-03-19T15:09:36.514+0800: 21780.138: [CMS: 122816K->122816K(237276K), 0.4628865 secs] 122820K->122816K(414236K), [Metaspace: 121212K->121212K(1165312K)], 0.4633119 secs] [Times: user=0.47 sys=0.00, real=0.46 secs] 
2020-03-19T15:09:36.977+0800: 21780.602: [Full GC (Last ditch collection) 2020-03-19T15:09:36.977+0800: 21780.602: [CMS: 122816K->122816K(237276K), 0.4807653 secs] 122816K->122816K(414236K), [Metaspace: 121212K->121212K(1165312K)], 0.4811746 secs] [Times: user=0.47 sys=0.00, real=0.49 secs] 
2020-03-19T15:09:37.461+0800: 21781.086: [Full GC (Metadata GC Threshold) 2020-03-19T15:09:37.461+0800: 21781.086: [CMS: 122816K->122816K(237276K), 0.4675225 secs] 122818K->122816K(414236K), [Metaspace: 121212K->121212K(1165312K)], 0.4679197 secs] [Times: user=0.47 sys=0.00, real=0.47 secs] 
2020-03-19T15:09:37.929+0800: 21781.554: [Full GC (Last ditch collection) 2020-03-19T15:09:37.929+0800: 21781.554: [CMS: 122816K->122816K(237276K), 0.4873800 secs] 122816K->122816K(414236K), [Metaspace: 121212K->121212K(1165312K)], 0.4877453 secs] [Times: user=0.47 sys=0.00, real=0.48 secs] 
2020-03-19T15:09:38.420+0800: 21782.045: [Full GC (Metadata GC Threshold) 2020-03-19T15:09:38.420+0800: 21782.045: [CMS: 122816K->122816K(237276K), 0.4438000 secs] 122818K->122816K(414236K), [Metaspace: 121212K->121212K(1165312K)], 0.4442434 secs] [Times: user=0.44 sys=0.00, real=0.44 secs] 
2020-03-19T15:09:38.865+0800: 21782.489: [Full GC (Last ditch collection) 2020-03-19T15:09:38.865+0800: 21782.489: [CMS: 122816K->122816K(237276K), 0.5196651 secs] 122816K->122816K(414236K), [Metaspace: 121212K->121212K(1165312K)], 0.5200881 secs] [Times: user=0.51 sys=0.00, real=0.52 secs] 
2020-03-19T15:09:39.409+0800: 21783.033: [Full GC (Metadata GC Threshold) 2020-03-19T15:09:39.409+0800: 21783.033: [CMS: 122816K->122870K(237276K), 0.4624921 secs] 123937K->122870K(414236K), [Metaspace: 121212K->121212K(1165312K)], 0.4629345 secs] [Times: user=0.46 sys=0.00, real=0.46 secs] 
2020-03-19T15:09:39.872+0800: 21783.496: [Full GC (Last ditch collection) 2020-03-19T15:09:39.872+0800: 21783.496: [CMS: 122870K->122868K(237276K), 0.4751815 secs] 122870K->122868K(414236K), [Metaspace: 121212K->121212K(1165312K)], 0.4755342 secs] [Times: user=0.47 sys=0.00, real=0.48 secs] 
2020-03-19T15:09:40.350+0800: 21783.975: [Full GC (Metadata GC Threshold) 2020-03-19T15:09:40.350+0800: 21783.975: [CMS: 122868K->122868K(237276K), 0.4636048 secs] 122872K->122868K(414236K), [Metaspace: 121212K->121212K(1165312K)], 0.4640815 secs] [Times: user=0.46 sys=0.00, real=0.46 secs] 
2020-03-19T15:09:40.815+0800: 21784.439: [Full GC (Last ditch collection) 2020-03-19T15:09:40.815+0800: 21784.439: [CMS: 122868K->122868K(237276K), 0.4906137 secs] 122868K->122868K(414236K), [Metaspace: 121212K->121212K(1165312K)], 0.4910256 secs] [Times: user=0.48 sys=0.00, real=0.49 secs] 
2020-03-19T15:09:41.308+0800: 21784.933: [Full GC (Metadata GC Threshold) 2020-03-19T15:09:41.309+0800: 21784.933: [CMS: 122868K->122868K(237276K), 0.4841762 secs] 122876K->122868K(414236K), [Metaspace: 121212K->121212K(1165312K)], 0.4845418 secs] [Times: user=0.48 sys=0.00, real=0.48 secs] 
2020-03-19T15:09:41.793+0800: 21785.418: [Full GC (Last ditch collection) 2020-03-19T15:09:41.793+0800: 21785.418: [CMS: 122868K->122868K(237276K), 0.4793858 secs] 122868K->122868K(414236K), [Metaspace: 121212K->121212K(1165312K)], 0.4798355 secs] [Times: user=0.46 sys=0.00, real=0.48 secs] 
2020-03-19T15:09:42.277+0800: 21785.902: [Full GC (Metadata GC Threshold) 2020-03-19T15:09:42.277+0800: 21785.902: [CMS: 122868K->122866K(237276K), 0.4692541 secs] 122882K->122866K(414236K), [Metaspace: 121212K->121212K(1165312K)], 0.4697184 secs] [Times: user=0.47 sys=0.00, real=0.48 secs] 
2020-03-19T15:09:42.747+0800: 21786.372: [Full GC (Last ditch collection) 2020-03-19T15:09:42.747+0800: 21786.372: [CMS: 122866K->122866K(237276K), 0.5649519 secs] 122866K->122866K(414236K), [Metaspace: 121212K->121212K(1165312K)], 0.5653936 secs] [Times: user=0.52 sys=0.00, real=0.56 secs] 
2020-03-19T15:09:43.316+0800: 21786.940: [GC (CMS Initial Mark) [1 CMS-initial-mark: 122866K(237276K)] 122869K(414236K), 0.0122328 secs] [Times: user=0.02 sys=0.00, real=0.02 secs] 
2020-03-19T15:09:43.328+0800: 21786.953: [CMS-concurrent-mark-start]
2020-03-19T15:09:43.336+0800: 21786.960: [Full GC (Metadata GC Threshold) 2020-03-19T15:09:43.336+0800: 21786.961: [CMS2020-03-19T15:09:43.524+0800: 21787.148: [CMS-concurrent-mark: 0.185/0.195 secs] [Times: user=0.19 sys=0.00, real=0.19 secs] 
 (concurrent mode failure): 122866K->122870K(237276K), 0.6428910 secs] 123184K->122870K(414236K), [Metaspace: 121212K->121212K(1165312K)], 0.6433643 secs] [Times: user=0.64 sys=0.00, real=0.65 secs] 
2020-03-19T15:09:43.980+0800: 21787.604: [Full GC (Last ditch collection) 2020-03-19T15:09:43.980+0800: 21787.604: [CMS: 122870K->122868K(237276K), 0.4608620 secs] 122870K->122868K(414236K), [Metaspace: 121212K->121212K(1165312K)], 0.4612901 secs] [Times: user=0.46 sys=0.00, real=0.46 secs] 
2020-03-19T15:09:44.444+0800: 21788.068: [Full GC (Metadata GC Threshold) 2020-03-19T15:09:44.444+0800: 21788.069: [CMS: 122868K->122868K(237276K), 0.4829107 secs] 122868K->122868K(414236K), [Metaspace: 121212K->121212K(1165312K)], 0.4836494 secs] [Times: user=0.47 sys=0.00, real=0.49 secs] 
2020-03-19T15:09:44.928+0800: 21788.552: [Full GC (Last ditch collection) 2020-03-19T15:09:44.928+0800: 21788.553: [CMS: 122868K->122868K(237276K), 0.4958775 secs] 122868K->122868K(414236K), [Metaspace: 121212K->121212K(1165312K)], 0.4963702 secs] [Times: user=0.49 sys=0.00, real=0.49 secs] 
2020-03-19T15:09:45.428+0800: 21789.052: [Full GC (Metadata GC Threshold) 2020-03-19T15:09:45.428+0800: 21789.053: [CMS: 122868K->122869K(237276K), 0.4838371 secs] 123000K->122869K(414236K), [Metaspace: 121212K->121212K(1165312K)], 0.4842483 secs] [Times: user=0.47 sys=0.00, real=0.48 secs] 
2020-03-19T15:09:45.912+0800: 21789.537: [Full GC (Last ditch collection) 2020-03-19T15:09:45.913+0800: 21789.537: [CMS: 122869K->122868K(237276K), 0.5791658 secs] 122869K->122868K(414236K), [Metaspace: 121212K->121212K(1165312K)], 0.5795388 secs] [Times: user=0.54 sys=0.00, real=0.58 secs] 
2020-03-19T15:09:46.495+0800: 21790.119: [Full GC (Metadata GC Threshold) 2020-03-19T15:09:46.495+0800: 21790.120: [CMS: 122868K->122868K(237276K), 0.4636639 secs] 122885K->122868K(414236K), [Metaspace: 121212K->121212K(1165312K)], 0.4640597 secs] [Times: user=0.46 sys=0.00, real=0.47 secs] 
2020-03-19T15:09:46.959+0800: 21790.584: [Full GC (Last ditch collection) 2020-03-19T15:09:46.959+0800: 21790.584: [CMS: 122868K->122868K(237276K), 0.5277282 secs] 122868K->122868K(414236K), [Metaspace: 121212K->121212K(1165312K)], 0.5280746 secs] [Times: user=0.48 sys=0.00, real=0.53 secs] 
2020-03-19T15:09:47.490+0800: 21791.115: [Full GC (Metadata GC Threshold) 2020-03-19T15:09:47.490+0800: 21791.115: [CMS: 122868K->122868K(237276K), 0.4635545 secs] 122885K->122868K(414236K), [Metaspace: 121212K->121212K(1165312K)], 0.4639561 secs] [Times: user=0.45 sys=0.00, real=0.46 secs] 
2020-03-19T15:09:47.954+0800: 21791.579: [Full GC (Last ditch collection) 2020-03-19T15:09:47.955+0800: 21791.579: [CMS: 122868K->122868K(237276K), 0.4971946 secs] 122868K->122868K(414236K), [Metaspace: 121212K->121212K(1165312K)], 0.4975617 secs] [Times: user=0.49 sys=0.00, real=0.50 secs] 
2020-03-19T15:09:48.456+0800: 21792.080: [Full GC (Metadata GC Threshold) 2020-03-19T15:09:48.456+0800: 21792.081: [CMS: 122868K->122866K(237276K), 0.4521074 secs] 122894K->122866K(414236K), [Metaspace: 121212K->121212K(1165312K)], 0.4525763 secs] [Times: user=0.45 sys=0.00, real=0.46 secs] 
2020-03-19T15:09:48.909+0800: 21792.533: [Full GC (Last ditch collection) 2020-03-19T15:09:48.909+0800: 21792.534: [CMS: 122866K->122866K(237276K), 0.5096816 secs] 122866K->122866K(414236K), [Metaspace: 121212K->121212K(1165312K)], 0.5101484 secs] [Times: user=0.49 sys=0.00, real=0.51 secs] 
2020-03-19T15:09:49.422+0800: 21793.047: [Full GC (Metadata GC Threshold) 2020-03-19T15:09:49.422+0800: 21793.047: [CMS: 122866K->122867K(237276K), 0.5143495 secs] 122963K->122867K(414236K), [Metaspace: 121212K->121212K(1165312K)], 0.5148063 secs] [Times: user=0.49 sys=0.00, real=0.51 secs] 
2020-03-19T15:09:49.937+0800: 21793.562: [Full GC (Last ditch collection) 2020-03-19T15:09:49.938+0800: 21793.562: [CMS: 122867K->122867K(237276K), 0.4951189 secs] 122867K->122867K(414236K), [Metaspace: 121212K->121212K(1165312K)], 0.4957070 secs] [Times: user=0.49 sys=0.00, real=0.50 secs] 
2020-03-19T15:09:50.437+0800: 21794.061: [Full GC (Metadata GC Threshold) 2020-03-19T15:09:50.437+0800: 21794.061: [CMS: 122867K->122867K(237276K), 0.4730561 secs] 122890K->122867K(414236K), [Metaspace: 121212K->121212K(1165312K)], 0.4735183 secs] [Times: user=0.47 sys=0.00, real=0.48 secs] 
2020-03-19T15:09:50.911+0800: 21794.535: [Full GC (Last ditch collection) 2020-03-19T15:09:50.911+0800: 21794.535: [CMS: 122867K->122867K(237276K), 0.5305697 secs] 122867K->122867K(414236K), [Metaspace: 121212K->121212K(1165312K)], 0.5309850 secs] [Times: user=0.50 sys=0.00, real=0.53 secs] 
2020-03-19T15:09:51.445+0800: 21795.069: [Full GC (Metadata GC Threshold) 2020-03-19T15:09:51.445+0800: 21795.070: [CMS: 122867K->122867K(237276K), 0.4535740 secs] 122871K->122867K(414236K), [Metaspace: 121212K->121212K(1165312K)], 0.4539665 secs] [Times: user=0.45 sys=0.00, real=0.46 secs] 
2020-03-19T15:09:51.899+0800: 21795.524: [Full GC (Last ditch collection) 2020-03-19T15:09:51.899+0800: 21795.524: [CMS: 122867K->122867K(237276K), 0.4597195 secs] 122867K->122867K(414236K), [Metaspace: 121212K->121212K(1165312K)], 0.4600938 secs] [Times: user=0.46 sys=0.00, real=0.46 secs] 
2020-03-19T15:09:52.362+0800: 21795.987: [Full GC (Metadata GC Threshold) 2020-03-19T15:09:52.363+0800: 21795.987: [CMS: 122867K->122867K(237276K), 0.4461804 secs] 122869K->122867K(414236K), [Metaspace: 121212K->121212K(1165312K)], 0.4466408 secs] [Times: user=0.45 sys=0.00, real=0.45 secs] 
2020-03-19T15:09:52.809+0800: 21796.434: [Full GC (Last ditch collection) 2020-03-19T15:09:52.810+0800: 21796.434: [CMS: 122867K->122867K(237276K), 0.4978440 secs] 122867K->122867K(414236K), [Metaspace: 121212K->121212K(1165312K)], 0.4982540 secs] [Times: user=0.47 sys=0.00, real=0.50 secs] 
2020-03-19T15:09:53.311+0800: 21796.935: [Full GC (Metadata GC Threshold) 2020-03-19T15:09:53.311+0800: 21796.935: [CMS: 122867K->122867K(237276K), 0.5546213 secs] 122871K->122867K(414236K), [Metaspace: 121212K->121212K(1165312K)], 0.5550856 secs] [Times: user=0.50 sys=0.00, real=0.55 secs] 
2020-03-19T15:09:53.866+0800: 21797.491: [Full GC (Last ditch collection) 2020-03-19T15:09:53.866+0800: 21797.491: [CMS: 122867K->122867K(237276K), 0.4812517 secs] 122867K->122867K(414236K), [Metaspace: 121212K->121212K(1165312K)], 0.4816374 secs] [Times: user=0.48 sys=0.00, real=0.48 secs] 
2020-03-19T15:09:54.351+0800: 21797.975: [Full GC (Metadata GC Threshold) 2020-03-19T15:09:54.351+0800: 21797.976: [CMS: 122867K->122867K(237276K), 0.4436886 secs] 122871K->122867K(414236K), [Metaspace: 121212K->121212K(1165312K)], 0.4440836 secs] [Times: user=0.44 sys=0.00, real=0.44 secs] 
2020-03-19T15:09:54.795+0800: 21798.420: [Full GC (Last ditch collection) 2020-03-19T15:09:54.795+0800: 21798.420: [CMS: 122867K->122867K(237276K), 0.4802757 secs] 122867K->122867K(414236K), [Metaspace: 121212K->121212K(1165312K)], 0.4806637 secs] [Times: user=0.47 sys=0.00, real=0.48 secs] 
2020-03-19T15:09:55.279+0800: 21798.903: [Full GC (Metadata GC Threshold) 2020-03-19T15:09:55.279+0800: 21798.904: [CMS: 122867K->122867K(237276K), 0.5060105 secs] 122867K->122867K(414236K), [Metaspace: 121212K->121212K(1165312K)], 0.5064028 secs] [Times: user=0.49 sys=0.00, real=0.50 secs] 
2020-03-19T15:09:55.786+0800: 21799.410: [Full GC (Last ditch collection) 2020-03-19T15:09:55.786+0800: 21799.410: [CMS: 122867K->122867K(237276K), 0.5006318 secs] 122867K->122867K(414236K), [Metaspace: 121212K->121212K(1165312K)], 0.5010244 secs] [Times: user=0.50 sys=0.00, real=0.51 secs] 
2020-03-19T15:09:56.290+0800: 21799.914: [Full GC (Metadata GC Threshold) 2020-03-19T15:09:56.290+0800: 21799.914: [CMS: 122867K->122867K(237276K), 0.4956060 secs] 122871K->122867K(414236K), [Metaspace: 121212K->121212K(1165312K)], 0.4960305 secs] [Times: user=0.48 sys=0.00, real=0.49 secs] 
2020-03-19T15:09:56.786+0800: 21800.411: [Full GC (Last ditch collection) 2020-03-19T15:09:56.786+0800: 21800.411: [CMS: 122867K->122867K(237276K), 0.5482919 secs] 122867K->122867K(414236K), [Metaspace: 121212K->121212K(1165312K)], 0.5487532 secs] [Times: user=0.50 sys=0.00, real=0.55 secs] 
2020-03-19T15:09:57.339+0800: 21800.964: [GC (CMS Initial Mark) [1 CMS-initial-mark: 122867K(237276K)] 123388K(414236K), 0.0120792 secs] [Times: user=0.01 sys=0.00, real=0.01 secs] 
2020-03-19T15:09:57.352+0800: 21800.976: [CMS-concurrent-mark-start]
2020-03-19T15:09:57.369+0800: 21800.994: [Full GC (Metadata GC Threshold) 2020-03-19T15:09:57.370+0800: 21800.994: [CMS2020-03-19T15:09:57.572+0800: 21801.196: [CMS-concurrent-mark: 0.208/0.220 secs] [Times: user=0.23 sys=0.00, real=0.22 secs] 
 (concurrent mode failure): 122867K->122876K(237276K), 0.7716657 secs] 124948K->122876K(414236K), [Metaspace: 121212K->121212K(1165312K)], 0.7721396 secs] [Times: user=0.70 sys=0.00, real=0.77 secs] 
2020-03-19T15:09:58.142+0800: 21801.766: [Full GC (Last ditch collection) 2020-03-19T15:09:58.142+0800: 21801.767: [CMS: 122876K->122864K(237276K), 0.4922208 secs] 122876K->122864K(414236K), [Metaspace: 121212K->121212K(1165312K)], 0.4926383 secs] [Times: user=0.48 sys=0.00, real=0.49 secs] 
2020-03-19T15:09:58.638+0800: 21802.262: [Full GC (Metadata GC Threshold) 2020-03-19T15:09:58.638+0800: 21802.263: [CMS: 122864K->122868K(237276K), 0.5282222 secs] 123084K->122868K(414236K), [Metaspace: 121212K->121212K(1165312K)], 0.5286407 secs] [Times: user=0.51 sys=0.00, real=0.54 secs] 
2020-03-19T15:09:59.167+0800: 21802.791: [Full GC (Last ditch collection) 2020-03-19T15:09:59.167+0800: 21802.792: [CMS: 122868K->122867K(237276K), 0.4860032 secs] 122868K->122867K(414236K), [Metaspace: 121212K->121212K(1165312K)], 0.4864052 secs] [Times: user=0.48 sys=0.00, real=0.48 secs] 
2020-03-19T15:09:59.656+0800: 21803.281: [Full GC (Metadata GC Threshold) 2020-03-19T15:09:59.657+0800: 21803.281: [CMS: 122867K->122867K(237276K), 0.5048826 secs] 122869K->122867K(414236K), [Metaspace: 121212K->121212K(1165312K)], 0.5053165 secs] [Times: user=0.47 sys=0.00, real=0.51 secs] 
2020-03-19T15:10:00.162+0800: 21803.786: [Full GC (Last ditch collection) 2020-03-19T15:10:00.162+0800: 21803.787: [CMS: 122867K->122867K(237276K), 0.4814491 secs] 122867K->122867K(414236K), [Metaspace: 121212K->121212K(1165312K)], 0.4818050 secs] [Times: user=0.47 sys=0.00, real=0.48 secs] 
2020-03-19T15:10:00.647+0800: 21804.271: [Full GC (Metadata GC Threshold) 2020-03-19T15:10:00.647+0800: 21804.271: [CMS: 122867K->122867K(237276K), 0.6117425 secs] 122875K->122867K(414236K), [Metaspace: 121212K->121212K(1165312K)], 0.6123570 secs] [Times: user=0.51 sys=0.00, real=0.61 secs] 
2020-03-19T15:10:01.259+0800: 21804.884: [Full GC (Last ditch collection) 2020-03-19T15:10:01.260+0800: 21804.884: [CMS: 122867K->122867K(237276K), 0.5634911 secs] 122867K->122867K(414236K), [Metaspace: 121212K->121212K(1165312K)], 0.5639303 secs] [Times: user=0.53 sys=0.00, real=0.56 secs] 
2020-03-19T15:10:01.826+0800: 21805.451: [GC (CMS Initial Mark) [1 CMS-initial-mark: 122867K(237276K)] 122873K(414236K), 0.0088059 secs] [Times: user=0.01 sys=0.00, real=0.00 secs] 
2020-03-19T15:10:01.835+0800: 21805.460: [CMS-concurrent-mark-start]
2020-03-19T15:10:01.854+0800: 21805.479: [Full GC (Metadata GC Threshold) 2020-03-19T15:10:01.855+0800: 21805.479: [CMS2020-03-19T15:10:02.035+0800: 21805.660: [CMS-concurrent-mark: 0.189/0.200 secs] [Times: user=0.22 sys=0.00, real=0.20 secs] 
 (concurrent mode failure): 122867K->122928K(237276K), 0.6763274 secs] 123807K->122928K(414236K), [Metaspace: 121212K->121212K(1165312K)], 0.6768794 secs] [Times: user=0.66 sys=0.00, real=0.68 secs] 
2020-03-19T15:10:02.531+0800: 21806.156: [Full GC (Last ditch collection) 2020-03-19T15:10:02.532+0800: 21806.156: [CMS: 122928K->122926K(237276K), 0.4548908 secs] 122928K->122926K(414236K), [Metaspace: 121212K->121212K(1165312K)], 0.4552348 secs] [Times: user=0.46 sys=0.00, real=0.46 secs] 
2020-03-19T15:10:02.989+0800: 21806.614: [Full GC (Metadata GC Threshold) 2020-03-19T15:10:02.990+0800: 21806.614: [CMS: 122926K->122926K(237276K), 0.5221377 secs] 122928K->122926K(414236K), [Metaspace: 121212K->121212K(1165312K)], 0.5225563 secs] [Times: user=0.52 sys=0.00, real=0.52 secs] 
2020-03-19T15:10:03.512+0800: 21807.137: [Full GC (Last ditch collection) 2020-03-19T15:10:03.512+0800: 21807.137: [CMS: 122926K->122926K(237276K), 0.4699986 secs] 122926K->122926K(414236K), [Metaspace: 121212K->121212K(1165312K)], 0.4704176 secs] [Times: user=0.46 sys=0.00, real=0.47 secs] 
2020-03-19T15:10:03.986+0800: 21807.610: [Full GC (Metadata GC Threshold) 2020-03-19T15:10:03.986+0800: 21807.611: [CMS: 122926K->122926K(237276K), 0.4722552 secs] 122928K->122926K(414236K), [Metaspace: 121212K->121212K(1165312K)], 0.4726755 secs] [Times: user=0.47 sys=0.00, real=0.48 secs] 
2020-03-19T15:10:04.459+0800: 21808.083: [Full GC (Last ditch collection) 2020-03-19T15:10:04.459+0800: 21808.084: [CMS: 122926K->122926K(237276K), 0.5109311 secs] 122926K->122926K(414236K), [Metaspace: 121212K->121212K(1165312K)], 0.5113577 secs] [Times: user=0.49 sys=0.00, real=0.51 secs] 
2020-03-19T15:10:04.973+0800: 21808.598: [Full GC (Metadata GC Threshold) 2020-03-19T15:10:04.973+0800: 21808.598: [CMS: 122926K->122926K(237276K), 0.5152155 secs] 122932K->122926K(414236K), [Metaspace: 121212K->121212K(1165312K)], 0.5156558 secs] [Times: user=0.51 sys=0.00, real=0.52 secs] 
2020-03-19T15:10:05.489+0800: 21809.114: [Full GC (Last ditch collection) 2020-03-19T15:10:05.489+0800: 21809.114: [CMS: 122926K->122926K(237276K), 0.4827146 secs] 122926K->122926K(414236K), [Metaspace: 121212K->121212K(1165312K)], 0.4831614 secs] [Times: user=0.48 sys=0.00, real=0.48 secs] 
2020-03-19T15:10:05.975+0800: 21809.600: [GC (CMS Initial Mark) [1 CMS-initial-mark: 122926K(237276K)] 122944K(414236K), 0.0093062 secs] [Times: user=0.02 sys=0.00, real=0.01 secs] 
2020-03-19T15:10:05.985+0800: 21809.610: [CMS-concurrent-mark-start]
2020-03-19T15:10:06.005+0800: 21809.630: [Full GC (Metadata GC Threshold) 2020-03-19T15:10:06.006+0800: 21809.630: [CMS2020-03-19T15:10:06.194+0800: 21809.818: [CMS-concurrent-mark: 0.200/0.209 secs] [Times: user=0.22 sys=0.00, real=0.21 secs] 
 (concurrent mode failure): 122926K->122959K(237276K), 0.7148106 secs] 125854K->122959K(414236K), [Metaspace: 121212K->121212K(1165312K)], 0.7152576 secs] [Times: user=0.70 sys=0.00, real=0.72 secs] 
2020-03-19T15:10:06.721+0800: 21810.345: [Full GC (Last ditch collection) 2020-03-19T15:10:06.721+0800: 21810.346: [CMS: 122959K->122957K(237276K), 0.5029152 secs] 122959K->122957K(414236K), [Metaspace: 121212K->121212K(1165312K)], 0.5033073 secs] [Times: user=0.50 sys=0.00, real=0.50 secs] 
2020-03-19T15:10:07.227+0800: 21810.852: [Full GC (Metadata GC Threshold) 2020-03-19T15:10:07.227+0800: 21810.852: [CMS: 122957K->122957K(237276K), 0.4749706 secs] 122961K->122957K(414236K), [Metaspace: 121212K->121212K(1165312K)], 0.4754103 secs] [Times: user=0.47 sys=0.00, real=0.47 secs] 
2020-03-19T15:10:07.703+0800: 21811.327: [Full GC (Last ditch collection) 2020-03-19T15:10:07.703+0800: 21811.328: [CMS: 122957K->122957K(237276K), 0.4784434 secs] 122957K->122957K(414236K), [Metaspace: 121212K->121212K(1165312K)], 0.4788351 secs] [Times: user=0.47 sys=0.00, real=0.48 secs] 
2020-03-19T15:10:08.185+0800: 21811.809: [Full GC (Metadata GC Threshold) 2020-03-19T15:10:08.185+0800: 21811.809: [CMS: 122957K->122957K(237276K), 0.4896384 secs] 122965K->122957K(414236K), [Metaspace: 121212K->121212K(1165312K)], 0.4900525 secs] [Times: user=0.48 sys=0.00, real=0.49 secs] 
2020-03-19T15:10:08.675+0800: 21812.300: [Full GC (Last ditch collection) 2020-03-19T15:10:08.675+0800: 21812.300: [CMS: 122957K->122957K(237276K), 0.4895298 secs] 122957K->122957K(414236K), [Metaspace: 121212K->121212K(1165312K)], 0.4898944 secs] [Times: user=0.48 sys=0.00, real=0.49 secs] 
2020-03-19T15:10:09.168+0800: 21812.792: [Full GC (Metadata GC Threshold) 2020-03-19T15:10:09.168+0800: 21812.793: [CMS: 122957K->122957K(237276K), 0.4833942 secs] 122957K->122957K(414236K), [Metaspace: 121212K->121212K(1165312K)], 0.4838079 secs] [Times: user=0.49 sys=0.00, real=0.48 secs] 
2020-03-19T15:10:09.652+0800: 21813.277: [Full GC (Last ditch collection) 2020-03-19T15:10:09.652+0800: 21813.277: [CMS: 122957K->122957K(237276K), 0.4737350 secs] 122957K->122957K(414236K), [Metaspace: 121212K->121212K(1165312K)], 0.4741040 secs] [Times: user=0.47 sys=0.00, real=0.48 secs] 
2020-03-19T15:10:10.129+0800: 21813.753: [Full GC (Metadata GC Threshold) 2020-03-19T15:10:10.129+0800: 21813.754: [CMS: 122957K->122957K(237276K), 0.4648459 secs] 122963K->122957K(414236K), [Metaspace: 121212K->121212K(1165312K)], 0.4652336 secs] [Times: user=0.47 sys=0.00, real=0.46 secs] 
2020-03-19T15:10:10.594+0800: 21814.219: [Full GC (Last ditch collection) 2020-03-19T15:10:10.595+0800: 21814.219: [CMS: 122957K->122957K(237276K), 0.4897024 secs] 122957K->122957K(414236K), [Metaspace: 121212K->121212K(1165312K)], 0.4901066 secs] [Times: user=0.49 sys=0.00, real=0.49 secs] 
2020-03-19T15:10:11.088+0800: 21814.712: [Full GC (Metadata GC Threshold) 2020-03-19T15:10:11.088+0800: 21814.712: [CMS: 122957K->122958K(237276K), 0.4991170 secs] 122967K->122958K(414236K), [Metaspace: 121212K->121212K(1165312K)], 0.4995220 secs] [Times: user=0.50 sys=0.00, real=0.50 secs] 
2020-03-19T15:10:11.588+0800: 21815.212: [Full GC (Last ditch collection) 2020-03-19T15:10:11.588+0800: 21815.212: [CMS: 122958K->122958K(237276K), 0.4667146 secs] 122958K->122958K(414236K), [Metaspace: 121212K->121212K(1165312K)], 0.4670722 secs] [Times: user=0.46 sys=0.00, real=0.46 secs] 
2020-03-19T15:10:12.058+0800: 21815.682: [Full GC (Metadata GC Threshold) 2020-03-19T15:10:12.058+0800: 21815.682: [CMS: 122958K->122958K(237276K), 0.4816147 secs] 122963K->122958K(414236K), [Metaspace: 121212K->121212K(1165312K)], 0.4819948 secs] [Times: user=0.47 sys=0.00, real=0.49 secs] 
2020-03-19T15:10:12.540+0800: 21816.165: [Full GC (Last ditch collection) 2020-03-19T15:10:12.540+0800: 21816.165: [CMS: 122958K->122958K(237276K), 0.5607109 secs] 122958K->122958K(414236K), [Metaspace: 121212K->121212K(1165312K)], 0.5610761 secs] [Times: user=0.53 sys=0.00, real=0.56 secs] 
2020-03-19T15:10:13.106+0800: 21816.731: [Full GC (Metadata GC Threshold) 2020-03-19T15:10:13.106+0800: 21816.731: [CMS: 122958K->122959K(237276K), 0.4766981 secs] 122963K->122959K(414236K), [Metaspace: 121212K->121212K(1165312K)], 0.4770823 secs] [Times: user=0.48 sys=0.00, real=0.47 secs] 
2020-03-19T15:10:13.584+0800: 21817.208: [Full GC (Last ditch collection) 2020-03-19T15:10:13.584+0800: 21817.208: [CMS: 122959K->122959K(237276K), 0.4627586 secs] 122959K->122959K(414236K), [Metaspace: 121212K->121212K(1165312K)], 0.4631504 secs] [Times: user=0.46 sys=0.00, real=0.47 secs] 
2020-03-19T15:10:14.050+0800: 21817.674: [GC (CMS Initial Mark) [1 CMS-initial-mark: 122959K(237276K)] 122972K(414236K), 0.0090788 secs] [Times: user=0.01 sys=0.00, real=0.01 secs] 
2020-03-19T15:10:14.059+0800: 21817.684: [CMS-concurrent-mark-start]
2020-03-19T15:10:14.065+0800: 21817.689: [Full GC (Metadata GC Threshold) 2020-03-19T15:10:14.065+0800: 21817.690: [CMS2020-03-19T15:10:14.243+0800: 21817.867: [CMS-concurrent-mark: 0.175/0.183 secs] [Times: user=0.19 sys=0.00, real=0.18 secs] 
 (concurrent mode failure): 122959K->122961K(237276K), 0.6612118 secs] 123159K->122961K(414236K), [Metaspace: 121212K->121212K(1165312K)], 0.6616542 secs] [Times: user=0.65 sys=0.00, real=0.67 secs] 
2020-03-19T15:10:14.727+0800: 21818.351: [Full GC (Last ditch collection) 2020-03-19T15:10:14.727+0800: 21818.352: [CMS: 122961K->122961K(237276K), 0.5130919 secs] 122961K->122961K(414236K), [Metaspace: 121212K->121212K(1165312K)], 0.5135365 secs] [Times: user=0.48 sys=0.00, real=0.51 secs] 
2020-03-19T15:10:15.243+0800: 21818.868: [Full GC (Metadata GC Threshold) 2020-03-19T15:10:15.243+0800: 21818.868: [CMS: 122961K->122961K(237276K), 0.4896800 secs] 122985K->122961K(414236K), [Metaspace: 121212K->121212K(1165312K)], 0.4900885 secs] [Times: user=0.48 sys=0.00, real=0.49 secs] 
2020-03-19T15:10:15.734+0800: 21819.358: [Full GC (Last ditch collection) 2020-03-19T15:10:15.734+0800: 21819.358: [CMS: 122961K->122961K(237276K), 0.5832637 secs] 122961K->122961K(414236K), [Metaspace: 121212K->121212K(1165312K)], 0.5836800 secs] [Times: user=0.52 sys=0.00, real=0.58 secs] 
2020-03-19T15:10:16.339+0800: 21819.963: [GC (CMS Initial Mark) [1 CMS-initial-mark: 122961K(237276K)] 125045K(414236K), 0.0132254 secs] [Times: user=0.02 sys=0.00, real=0.01 secs] 
2020-03-19T15:10:16.352+0800: 21819.977: [CMS-concurrent-mark-start]
2020-03-19T15:10:16.358+0800: 21819.983: [Full GC (Metadata GC Threshold) 2020-03-19T15:10:16.358+0800: 21819.983: [CMS2020-03-19T15:10:16.535+0800: 21820.159: [CMS-concurrent-mark: 0.172/0.182 secs] [Times: user=0.18 sys=0.00, real=0.18 secs] 
 (concurrent mode failure): 122961K->123030K(237276K), 0.6866787 secs] 125045K->123030K(414236K), [Metaspace: 121212K->121212K(1165312K)], 0.6871337 secs] [Times: user=0.69 sys=0.00, real=0.68 secs] 
2020-03-19T15:10:17.046+0800: 21820.670: [Full GC (Last ditch collection) 2020-03-19T15:10:17.046+0800: 21820.670: [CMS: 123030K->122991K(237276K), 0.4939390 secs] 123030K->122991K(414236K), [Metaspace: 121212K->121212K(1165312K)], 0.4943372 secs] [Times: user=0.49 sys=0.00, real=0.50 secs] 
2020-03-19T15:10:17.543+0800: 21821.167: [Full GC (Metadata GC Threshold) 2020-03-19T15:10:17.543+0800: 21821.168: [CMS: 122991K->122991K(237276K), 0.4678047 secs] 122995K->122991K(414236K), [Metaspace: 121212K->121212K(1165312K)], 0.4682349 secs] [Times: user=0.47 sys=0.00, real=0.47 secs] 
2020-03-19T15:10:18.011+0800: 21821.636: [Full GC (Last ditch collection) 2020-03-19T15:10:18.012+0800: 21821.636: [CMS: 122991K->122991K(237276K), 0.5204062 secs] 122991K->122991K(414236K), [Metaspace: 121212K->121212K(1165312K)], 0.5207694 secs] [Times: user=0.49 sys=0.00, real=0.52 secs] 
2020-03-19T15:10:18.535+0800: 21822.160: [Full GC (Metadata GC Threshold) 2020-03-19T15:10:18.536+0800: 21822.160: [CMS: 122991K->122991K(237276K), 0.4681406 secs] 122995K->122991K(414236K), [Metaspace: 121212K->121212K(1165312K)], 0.4686200 secs] [Times: user=0.47 sys=0.00, real=0.47 secs] 
2020-03-19T15:10:19.005+0800: 21822.629: [Full GC (Last ditch collection) 2020-03-19T15:10:19.005+0800: 21822.629: [CMS: 122991K->122991K(237276K), 0.5099541 secs] 122991K->122991K(414236K), [Metaspace: 121212K->121212K(1165312K)], 0.5104754 secs] [Times: user=0.49 sys=0.00, real=0.51 secs] 
2020-03-19T15:10:19.520+0800: 21823.144: [Full GC (Metadata GC Threshold) 2020-03-19T15:10:19.520+0800: 21823.144: [CMS: 122991K->122995K(237276K), 0.5469317 secs] 123369K->122995K(414236K), [Metaspace: 121212K->121212K(1165312K)], 0.5473396 secs] [Times: user=0.52 sys=0.00, real=0.55 secs] 
2020-03-19T15:10:20.067+0800: 21823.692: [Full GC (Last ditch collection) 2020-03-19T15:10:20.067+0800: 21823.692: [CMS: 122995K->122995K(237276K), 0.4973507 secs] 122995K->122995K(414236K), [Metaspace: 121212K->121212K(1165312K)], 0.4977259 secs] [Times: user=0.47 sys=0.00, real=0.49 secs] 
2020-03-19T15:10:20.568+0800: 21824.193: [Full GC (Metadata GC Threshold) 2020-03-19T15:10:20.568+0800: 21824.193: [CMS: 122995K->122995K(237276K), 0.4799621 secs] 123001K->122995K(414236K), [Metaspace: 121212K->121212K(1165312K)], 0.4803728 secs] [Times: user=0.47 sys=0.00, real=0.48 secs] 
2020-03-19T15:10:21.049+0800: 21824.673: [Full GC (Last ditch collection) 2020-03-19T15:10:21.049+0800: 21824.673: [CMS: 122995K->122995K(237276K), 0.5060155 secs] 122995K->122995K(414236K), [Metaspace: 121212K->121212K(1165312K)], 0.5063917 secs] [Times: user=0.49 sys=0.00, real=0.50 secs] 
2020-03-19T15:10:21.558+0800: 21825.183: [Full GC (Metadata GC Threshold) 2020-03-19T15:10:21.559+0800: 21825.183: [CMS: 122995K->122995K(237276K), 0.4651204 secs] 122995K->122995K(414236K), [Metaspace: 121212K->121212K(1165312K)], 0.4656301 secs] [Times: user=0.46 sys=0.00, real=0.46 secs] 
2020-03-19T15:10:22.024+0800: 21825.649: [Full GC (Last ditch collection) 2020-03-19T15:10:22.024+0800: 21825.649: [CMS: 122995K->122995K(237276K), 0.4631343 secs] 122995K->122995K(414236K), [Metaspace: 121212K->121212K(1165312K)], 0.4635362 secs] [Times: user=0.46 sys=0.00, real=0.47 secs] 
2020-03-19T15:10:22.491+0800: 21826.115: [Full GC (Metadata GC Threshold) 2020-03-19T15:10:22.491+0800: 21826.116: [CMS: 122995K->122995K(237276K), 0.4625541 secs] 122997K->122995K(414236K), [Metaspace: 121212K->121212K(1165312K)], 0.4630243 secs] [Times: user=0.46 sys=0.00, real=0.46 secs] 
2020-03-19T15:10:22.954+0800: 21826.579: [Full GC (Last ditch collection) 2020-03-19T15:10:22.955+0800: 21826.579: [CMS: 122995K->122995K(237276K), 0.5544127 secs] 122995K->122995K(414236K), [Metaspace: 121212K->121212K(1165312K)], 0.5548439 secs] [Times: user=0.51 sys=0.00, real=0.56 secs] 
2020-03-19T15:10:23.512+0800: 21827.137: [Full GC (Metadata GC Threshold) 2020-03-19T15:10:23.512+0800: 21827.137: [CMS: 122995K->122996K(237276K), 0.4607061 secs] 122997K->122996K(414236K), [Metaspace: 121212K->121212K(1165312K)], 0.4610982 secs] [Times: user=0.45 sys=0.00, real=0.46 secs] 
2020-03-19T15:10:23.974+0800: 21827.598: [Full GC (Last ditch collection) 2020-03-19T15:10:23.974+0800: 21827.598: [CMS: 122996K->122996K(237276K), 0.4767941 secs] 122996K->122996K(414236K), [Metaspace: 121212K->121212K(1165312K)], 0.4771559 secs] [Times: user=0.48 sys=0.00, real=0.48 secs] 
2020-03-19T15:10:24.454+0800: 21828.078: [GC (CMS Initial Mark) [1 CMS-initial-mark: 122996K(237276K)] 123007K(414236K), 0.0087457 secs] [Times: user=0.02 sys=0.00, real=0.01 secs] 
2020-03-19T15:10:24.463+0800: 21828.087: [CMS-concurrent-mark-start]
2020-03-19T15:10:24.473+0800: 21828.098: [Full GC (Metadata GC Threshold) 2020-03-19T15:10:24.474+0800: 21828.098: [CMS2020-03-19T15:10:24.652+0800: 21828.276: [CMS-concurrent-mark: 0.179/0.189 secs] [Times: user=0.18 sys=0.00, real=0.19 secs] 
 (concurrent mode failure): 122996K->121968K(237276K), 0.6823027 secs] 123310K->121968K(414236K), [Metaspace: 121212K->121212K(1165312K)], 0.6827827 secs] [Times: user=0.67 sys=0.00, real=0.68 secs] 
2020-03-19T15:10:25.156+0800: 21828.781: [Full GC (Last ditch collection) 2020-03-19T15:10:25.157+0800: 21828.781: [CMS: 121968K->121966K(237276K), 0.5131736 secs] 121968K->121966K(414236K), [Metaspace: 121212K->121212K(1165312K)], 0.5136544 secs] [Times: user=0.49 sys=0.00, real=0.52 secs] 
2020-03-19T15:10:25.673+0800: 21829.298: [Full GC (Metadata GC Threshold) 2020-03-19T15:10:25.673+0800: 21829.298: [CMS: 121966K->121966K(237276K), 0.5096833 secs] 121970K->121966K(414236K), [Metaspace: 121212K->121212K(1165312K)], 0.5101170 secs] [Times: user=0.48 sys=0.00, real=0.51 secs] 
2020-03-19T15:10:26.183+0800: 21829.808: [Full GC (Last ditch collection) 2020-03-19T15:10:26.184+0800: 21829.808: [CMS: 121966K->121966K(237276K), 0.5222269 secs] 121966K->121966K(414236K), [Metaspace: 121212K->121212K(1165312K)], 0.5226506 secs] [Times: user=0.49 sys=0.00, real=0.53 secs] 
2020-03-19T15:10:26.709+0800: 21830.334: [Full GC (Metadata GC Threshold) 2020-03-19T15:10:26.710+0800: 21830.334: [CMS (concurrent mode failure): 121966K->121966K(237276K), 0.5223466 secs] 121993K->121966K(414236K), [Metaspace: 121212K->121212K(1165312K)], 0.5227710 secs] [Times: user=0.49 sys=0.00, real=0.52 secs] 
2020-03-19T15:10:27.233+0800: 21830.857: [Full GC (Last ditch collection) 2020-03-19T15:10:27.233+0800: 21830.857: [CMS: 121966K->121966K(237276K), 0.5207738 secs] 121966K->121966K(414236K), [Metaspace: 121212K->121212K(1165312K)], 0.5212821 secs] [Times: user=0.49 sys=0.00, real=0.52 secs] 
2020-03-19T15:10:27.771+0800: 21831.395: [Full GC (Metadata GC Threshold) 2020-03-19T15:10:27.771+0800: 21831.395: [CMS: 121966K->121956K(237276K), 0.5598364 secs] 122685K->121956K(414236K), [Metaspace: 121212K->121212K(1165312K)], 0.5603290 secs] [Times: user=0.52 sys=0.00, real=0.56 secs] 
2020-03-19T15:10:28.331+0800: 21831.956: [Full GC (Last ditch collection) 2020-03-19T15:10:28.331+0800: 21831.956: [CMS: 121956K->121954K(237276K), 0.4549610 secs] 121956K->121954K(414236K), [Metaspace: 121212K->121212K(1165312K)], 0.4553525 secs] [Times: user=0.46 sys=0.00, real=0.46 secs] 
2020-03-19T15:10:28.789+0800: 21832.414: [Full GC (Metadata GC Threshold) 2020-03-19T15:10:28.790+0800: 21832.414: [CMS: 121954K->121954K(237276K), 0.4994474 secs] 121954K->121954K(414236K), [Metaspace: 121212K->121212K(1165312K)], 0.4998184 secs] [Times: user=0.48 sys=0.00, real=0.50 secs] 
2020-03-19T15:10:29.290+0800: 21832.914: [Full GC (Last ditch collection) 2020-03-19T15:10:29.290+0800: 21832.914: [CMS: 121954K->121954K(237276K), 0.5330188 secs] 121954K->121954K(414236K), [Metaspace: 121212K->121212K(1165312K)], 0.5334475 secs] [Times: user=0.52 sys=0.00, real=0.53 secs] 
2020-03-19T15:10:29.826+0800: 21833.451: [Full GC (Metadata GC Threshold) 2020-03-19T15:10:29.827+0800: 21833.451: [CMS: 121954K->121954K(237276K), 0.4604791 secs] 121960K->121954K(414236K), [Metaspace: 121212K->121212K(1165312K)], 0.4609296 secs] [Times: user=0.46 sys=0.00, real=0.46 secs] 
2020-03-19T15:10:30.288+0800: 21833.912: [Full GC (Last ditch collection) 2020-03-19T15:10:30.288+0800: 21833.912: [CMS: 121954K->121954K(237276K), 0.4723001 secs] 121954K->121954K(414236K), [Metaspace: 121212K->121212K(1165312K)], 0.4726806 secs] [Times: user=0.47 sys=0.00, real=0.47 secs] 
2020-03-19T15:10:30.763+0800: 21834.388: [Full GC (Metadata GC Threshold) 2020-03-19T15:10:30.763+0800: 21834.388: [CMS: 121954K->121954K(237276K), 0.6029522 secs] 121956K->121954K(414236K), [Metaspace: 121212K->121212K(1165312K)], 0.6033525 secs] [Times: user=0.54 sys=0.00, real=0.61 secs] 
2020-03-19T15:10:31.367+0800: 21834.991: [Full GC (Last ditch collection) 2020-03-19T15:10:31.367+0800: 21834.991: [CMS: 121954K->121954K(237276K), 0.4814819 secs] 121954K->121954K(414236K), [Metaspace: 121212K->121212K(1165312K)], 0.4818803 secs] [Times: user=0.48 sys=0.00, real=0.48 secs] 
2020-03-19T15:10:31.852+0800: 21835.476: [Full GC (Metadata GC Threshold) 2020-03-19T15:10:31.852+0800: 21835.476: [CMS: 121954K->121954K(237276K), 0.4579606 secs] 121958K->121954K(414236K), [Metaspace: 121212K->121212K(1165312K)], 0.4583790 secs] [Times: user=0.46 sys=0.00, real=0.46 secs] 
2020-03-19T15:10:32.310+0800: 21835.935: [Full GC (Last ditch collection) 2020-03-19T15:10:32.310+0800: 21835.935: [CMS: 121954K->121954K(237276K), 0.4609164 secs] 121954K->121954K(414236K), [Metaspace: 121212K->121212K(1165312K)], 0.4612837 secs] [Times: user=0.46 sys=0.00, real=0.46 secs] 
2020-03-19T15:10:32.774+0800: 21836.399: [Full GC (Metadata GC Threshold) 2020-03-19T15:10:32.775+0800: 21836.399: [CMS: 121954K->121954K(237276K), 0.4929514 secs] 121958K->121954K(414236K), [Metaspace: 121212K->121212K(1165312K)], 0.4934079 secs] [Times: user=0.49 sys=0.00, real=0.50 secs] 
2020-03-19T15:10:33.268+0800: 21836.893: [Full GC (Last ditch collection) 2020-03-19T15:10:33.268+0800: 21836.893: [CMS: 121954K->121954K(237276K), 0.4871833 secs] 121954K->121954K(414236K), [Metaspace: 121212K->121212K(1165312K)], 0.4876467 secs] [Times: user=0.49 sys=0.00, real=0.48 secs] 
2020-03-19T15:10:33.759+0800: 21837.383: [GC (CMS Initial Mark) [1 CMS-initial-mark: 121954K(237276K)] 121960K(414236K), 0.0086096 secs] [Times: user=0.01 sys=0.00, real=0.01 secs] 
2020-03-19T15:10:33.768+0800: 21837.392: [CMS-concurrent-mark-start]
2020-03-19T15:10:33.773+0800: 21837.397: [Full GC (Metadata GC Threshold) 2020-03-19T15:10:33.773+0800: 21837.397: [CMS2020-03-19T15:10:33.954+0800: 21837.578: [CMS-concurrent-mark: 0.177/0.186 secs] [Times: user=0.19 sys=0.00, real=0.18 secs] 
 (concurrent mode failure): 121954K->121958K(237276K), 0.6567901 secs] 122314K->121958K(414236K), [Metaspace: 121212K->121212K(1165312K)], 0.6572429 secs] [Times: user=0.65 sys=0.00, real=0.66 secs] 
2020-03-19T15:10:34.430+0800: 21838.055: [Full GC (Last ditch collection) 2020-03-19T15:10:34.431+0800: 21838.055: [CMS: 121958K->121956K(237276K), 0.4897898 secs] 121958K->121956K(414236K), [Metaspace: 121212K->121212K(1165312K)], 0.4903073 secs] [Times: user=0.47 sys=0.00, real=0.49 secs] 
2020-03-19T15:10:34.935+0800: 21838.560: [Full GC (Metadata GC Threshold) 2020-03-19T15:10:34.935+0800: 21838.560: [CMS: 121956K->121956K(237276K), 0.5154069 secs] 122247K->121956K(414236K), [Metaspace: 121212K->121212K(1165312K)], 0.5158948 secs] [Times: user=0.52 sys=0.00, real=0.52 secs] 
2020-03-19T15:10:35.451+0800: 21839.076: [Full GC (Last ditch collection) 2020-03-19T15:10:35.452+0800: 21839.076: [CMS: 121956K->121954K(237276K), 0.4846285 secs] 121956K->121954K(414236K), [Metaspace: 121212K->121212K(1165312K)], 0.4850718 secs] [Times: user=0.48 sys=0.00, real=0.48 secs] 
2020-03-19T15:10:35.939+0800: 21839.564: [Full GC (Metadata GC Threshold) 2020-03-19T15:10:35.940+0800: 21839.564: [CMS: 121954K->121954K(237276K), 0.4683829 secs] 121954K->121954K(414236K), [Metaspace: 121212K->121212K(1165312K)], 0.4687829 secs] [Times: user=0.47 sys=0.00, real=0.47 secs] 
2020-03-19T15:10:36.408+0800: 21840.033: [Full GC (Last ditch collection) 2020-03-19T15:10:36.409+0800: 21840.033: [CMS: 121954K->121954K(237276K), 0.4554480 secs] 121954K->121954K(414236K), [Metaspace: 121212K->121212K(1165312K)], 0.4558294 secs] [Times: user=0.45 sys=0.00, real=0.45 secs] 
2020-03-19T15:10:36.876+0800: 21840.501: [Full GC (Metadata GC Threshold) 2020-03-19T15:10:36.877+0800: 21840.501: [CMS: 121954K->121956K(237276K), 0.4853689 secs] 122208K->121956K(414236K), [Metaspace: 121212K->121212K(1165312K)], 0.4857821 secs] [Times: user=0.48 sys=0.00, real=0.49 secs] 
2020-03-19T15:10:37.362+0800: 21840.987: [Full GC (Last ditch collection) 2020-03-19T15:10:37.363+0800: 21840.987: [CMS: 121956K->121954K(237276K), 0.4694723 secs] 121956K->121954K(414236K), [Metaspace: 121212K->121212K(1165312K)], 0.4698556 secs] [Times: user=0.47 sys=0.00, real=0.47 secs] 
2020-03-19T15:10:37.836+0800: 21841.460: [Full GC (Metadata GC Threshold) 2020-03-19T15:10:37.836+0800: 21841.461: [CMS: 121954K->121955K(237276K), 0.4622864 secs] 121965K->121955K(414236K), [Metaspace: 121212K->121212K(1165312K)], 0.4627338 secs] [Times: user=0.45 sys=0.00, real=0.47 secs] 
2020-03-19T15:10:38.299+0800: 21841.923: [Full GC (Last ditch collection) 2020-03-19T15:10:38.299+0800: 21841.924: [CMS: 121955K->121955K(237276K), 0.4809097 secs] 121955K->121955K(414236K), [Metaspace: 121212K->121212K(1165312K)], 0.4813435 secs] [Times: user=0.48 sys=0.00, real=0.48 secs] 
2020-03-19T15:10:38.783+0800: 21842.408: [GC (CMS Initial Mark) [1 CMS-initial-mark: 121955K(237276K)] 121961K(414236K), 0.0082361 secs] [Times: user=0.02 sys=0.00, real=0.01 secs] 
2020-03-19T15:10:38.792+0800: 21842.416: [CMS-concurrent-mark-start]
2020-03-19T15:10:38.807+0800: 21842.432: [Full GC (Metadata GC Threshold) 2020-03-19T15:10:38.807+0800: 21842.432: [CMS2020-03-19T15:10:39.003+0800: 21842.627: [CMS-concurrent-mark: 0.203/0.211 secs] [Times: user=0.21 sys=0.00, real=0.21 secs] 
 (concurrent mode failure): 121955K->121956K(237276K), 0.7171441 secs] 122210K->121956K(414236K), [Metaspace: 121212K->121212K(1165312K)], 0.7175564 secs] [Times: user=0.67 sys=0.00, real=0.71 secs] 
2020-03-19T15:10:39.525+0800: 21843.150: [Full GC (Last ditch collection) 2020-03-19T15:10:39.525+0800: 21843.150: [CMS: 121956K->121955K(237276K), 0.4587140 secs] 121956K->121955K(414236K), [Metaspace: 121212K->121212K(1165312K)], 0.4590814 secs] [Times: user=0.45 sys=0.00, real=0.46 secs] 
2020-03-19T15:10:39.987+0800: 21843.612: [Full GC (Metadata GC Threshold) 2020-03-19T15:10:39.987+0800: 21843.612: [CMS: 121955K->121954K(237276K), 0.5073856 secs] 121961K->121954K(414236K), [Metaspace: 121212K->121212K(1165312K)], 0.5078903 secs] [Times: user=0.49 sys=0.00, real=0.50 secs] 
2020-03-19T15:10:40.495+0800: 21844.120: [Full GC (Last ditch collection) 2020-03-19T15:10:40.496+0800: 21844.120: [CMS: 121954K->121954K(237276K), 0.4794565 secs] 121954K->121954K(414236K), [Metaspace: 121212K->121212K(1165312K)], 0.4798561 secs] [Times: user=0.47 sys=0.00, real=0.48 secs] 
2020-03-19T15:10:40.978+0800: 21844.603: [Full GC (Metadata GC Threshold) 2020-03-19T15:10:40.978+0800: 21844.603: [CMS: 121954K->121954K(237276K), 0.4828255 secs] 121959K->121954K(414236K), [Metaspace: 121212K->121212K(1165312K)], 0.4832440 secs] [Times: user=0.48 sys=0.00, real=0.49 secs] 
2020-03-19T15:10:41.462+0800: 21845.086: [Full GC (Last ditch collection) 2020-03-19T15:10:41.462+0800: 21845.086: [CMS: 121954K->121954K(237276K), 0.5130827 secs] 121954K->121954K(414236K), [Metaspace: 121212K->121212K(1165312K)], 0.5134610 secs] [Times: user=0.48 sys=0.00, real=0.51 secs] 
2020-03-19T15:10:41.978+0800: 21845.603: [Full GC (Metadata GC Threshold) 2020-03-19T15:10:41.978+0800: 21845.603: [CMS: 121954K->121954K(237276K), 0.4770468 secs] 121954K->121954K(414236K), [Metaspace: 121212K->121212K(1165312K)], 0.4775000 secs] [Times: user=0.48 sys=0.00, real=0.48 secs] 
2020-03-19T15:10:42.456+0800: 21846.080: [Full GC (Last ditch collection) 2020-03-19T15:10:42.456+0800: 21846.081: [CMS: 121954K->121954K(237276K), 0.5531398 secs] 121954K->121954K(414236K), [Metaspace: 121212K->121212K(1165312K)], 0.5536260 secs] [Times: user=0.53 sys=0.00, real=0.56 secs] 
2020-03-19T15:10:43.017+0800: 21846.641: [Full GC (Metadata GC Threshold) 2020-03-19T15:10:43.017+0800: 21846.641: [CMS: 121954K->121957K(237276K), 0.5098521 secs] 122393K->121957K(414236K), [Metaspace: 121212K->121212K(1165312K)], 0.5103056 secs] [Times: user=0.50 sys=0.00, real=0.52 secs] 
2020-03-19T15:10:43.527+0800: 21847.152: [Full GC (Last ditch collection) 2020-03-19T15:10:43.527+0800: 21847.152: [CMS: 121957K->121955K(237276K), 0.4659590 secs] 121957K->121955K(414236K), [Metaspace: 121212K->121212K(1165312K)], 0.4663165 secs] [Times: user=0.46 sys=0.00, real=0.46 secs] 
2020-03-19T15:10:43.996+0800: 21847.621: [Full GC (Metadata GC Threshold) 2020-03-19T15:10:43.997+0800: 21847.621: [CMS: 121955K->121955K(237276K), 0.4684717 secs] 121957K->121955K(414236K), [Metaspace: 121212K->121212K(1165312K)], 0.4688613 secs] [Times: user=0.47 sys=0.00, real=0.47 secs] 
2020-03-19T15:10:44.466+0800: 21848.090: [Full GC (Last ditch collection) 2020-03-19T15:10:44.466+0800: 21848.090: [CMS: 121955K->121955K(237276K), 0.4925492 secs] 121955K->121955K(414236K), [Metaspace: 121212K->121212K(1165312K)], 0.4928931 secs] [Times: user=0.48 sys=0.00, real=0.50 secs] 
2020-03-19T15:10:44.961+0800: 21848.586: [Full GC (Metadata GC Threshold) 2020-03-19T15:10:44.962+0800: 21848.586: [CMS: 121955K->121955K(237276K), 0.4901129 secs] 121959K->121955K(414236K), [Metaspace: 121212K->121212K(1165312K)], 0.4905651 secs] [Times: user=0.47 sys=0.00, real=0.49 secs] 
2020-03-19T15:10:45.452+0800: 21849.077: [Full GC (Last ditch collection) 2020-03-19T15:10:45.453+0800: 21849.077: [CMS: 121955K->121955K(237276K), 0.4979435 secs] 121955K->121955K(414236K), [Metaspace: 121212K->121212K(1165312K)], 0.4984157 secs] [Times: user=0.49 sys=0.00, real=0.50 secs] 
2020-03-19T15:10:45.954+0800: 21849.578: [Full GC (Metadata GC Threshold) 2020-03-19T15:10:45.954+0800: 21849.578: [CMS: 121955K->121955K(237276K), 0.5681681 secs] 121967K->121955K(414236K), [Metaspace: 121212K->121212K(1165312K)], 0.5686055 secs] [Times: user=0.53 sys=0.00, real=0.57 secs] 
2020-03-19T15:10:46.523+0800: 21850.147: [Full GC (Last ditch collection) 2020-03-19T15:10:46.523+0800: 21850.147: [CMS: 121955K->121955K(237276K), 0.4461051 secs] 121955K->121955K(414236K), [Metaspace: 121212K->121212K(1165312K)], 0.4465716 secs] [Times: user=0.45 sys=0.00, real=0.45 secs] 
2020-03-19T15:10:46.973+0800: 21850.597: [Full GC (Metadata GC Threshold) 2020-03-19T15:10:46.973+0800: 21850.597: [CMS: 121955K->121955K(237276K), 0.4865222 secs] 121955K->121955K(414236K), [Metaspace: 121212K->121212K(1165312K)], 0.4870099 secs] [Times: user=0.48 sys=0.00, real=0.49 secs] 
2020-03-19T15:10:47.460+0800: 21851.085: [Full GC (Last ditch collection) 2020-03-19T15:10:47.460+0800: 21851.085: [CMS: 121955K->121955K(237276K), 0.4723076 secs] 121955K->121955K(414236K), [Metaspace: 121212K->121212K(1165312K)], 0.4726804 secs] [Times: user=0.47 sys=0.00, real=0.47 secs] 
2020-03-19T15:10:47.936+0800: 21851.560: [Full GC (Metadata GC Threshold) 2020-03-19T15:10:47.936+0800: 21851.560: [CMS: 121955K->121955K(237276K), 0.5091970 secs] 121959K->121955K(414236K), [Metaspace: 121212K->121212K(1165312K)], 0.5096927 secs] [Times: user=0.48 sys=0.00, real=0.51 secs] 
2020-03-19T15:10:48.446+0800: 21852.070: [Full GC (Last ditch collection) 2020-03-19T15:10:48.446+0800: 21852.070: [CMS: 121955K->121955K(237276K), 0.4498468 secs] 121955K->121955K(414236K), [Metaspace: 121212K->121212K(1165312K)], 0.4502934 secs] [Times: user=0.46 sys=0.00, real=0.45 secs] 
2020-03-19T15:10:48.899+0800: 21852.524: [Full GC (Metadata GC Threshold) 2020-03-19T15:10:48.899+0800: 21852.524: [CMS: 121955K->121955K(237276K), 0.4956724 secs] 121959K->121955K(414236K), [Metaspace: 121212K->121212K(1165312K)], 0.4960814 secs] [Times: user=0.49 sys=0.00, real=0.49 secs] 
2020-03-19T15:10:49.396+0800: 21853.020: [Full GC (Last ditch collection) 2020-03-19T15:10:49.396+0800: 21853.020: [CMS: 121955K->121955K(237276K), 0.5386271 secs] 121955K->121955K(414236K), [Metaspace: 121212K->121212K(1165312K)], 0.5390344 secs] [Times: user=0.51 sys=0.00, real=0.54 secs] 
2020-03-19T15:10:49.941+0800: 21853.565: [Full GC (Metadata GC Threshold) 2020-03-19T15:10:49.941+0800: 21853.565: [CMS: 121955K->121956K(237276K), 0.4853679 secs] 122368K->121956K(414236K), [Metaspace: 121212K->121212K(1165312K)], 0.4858199 secs] [Times: user=0.48 sys=0.00, real=0.49 secs] 
2020-03-19T15:10:50.427+0800: 21854.051: [Full GC (Last ditch collection) 2020-03-19T15:10:50.427+0800: 21854.051: [CMS: 121956K->121955K(237276K), 0.4638844 secs] 121956K->121955K(414236K), [Metaspace: 121212K->121212K(1165312K)], 0.4642898 secs] [Times: user=0.46 sys=0.00, real=0.46 secs] 
2020-03-19T15:10:50.894+0800: 21854.519: [Full GC (Metadata GC Threshold) 2020-03-19T15:10:50.894+0800: 21854.519: [CMS: 121955K->121955K(237276K), 0.6023402 secs] 121957K->121955K(414236K), [Metaspace: 121212K->121212K(1165312K)], 0.6027728 secs] [Times: user=0.52 sys=0.00, real=0.60 secs] 
2020-03-19T15:10:51.497+0800: 21855.122: [Full GC (Last ditch collection) 2020-03-19T15:10:51.497+0800: 21855.122: [CMS: 121955K->121955K(237276K), 0.4724611 secs] 121955K->121955K(414236K), [Metaspace: 121212K->121212K(1165312K)], 0.4728365 secs] [Times: user=0.47 sys=0.00, real=0.48 secs] 
2020-03-19T15:10:51.973+0800: 21855.597: [Full GC (Metadata GC Threshold) 2020-03-19T15:10:51.973+0800: 21855.598: [CMS: 121955K->121955K(237276K), 0.4611393 secs] 121972K->121955K(414236K), [Metaspace: 121212K->121212K(1165312K)], 0.4615403 secs] [Times: user=0.46 sys=0.00, real=0.46 secs] 
2020-03-19T15:10:52.435+0800: 21856.059: [Full GC (Last ditch collection) 2020-03-19T15:10:52.435+0800: 21856.059: [CMS: 121955K->121955K(237276K), 0.4537518 secs] 121955K->121955K(414236K), [Metaspace: 121212K->121212K(1165312K)], 0.4541011 secs] [Times: user=0.46 sys=0.00, real=0.46 secs] 
2020-03-19T15:10:52.892+0800: 21856.516: [Full GC (Metadata GC Threshold) 2020-03-19T15:10:52.892+0800: 21856.516: [CMS: 121955K->121955K(237276K), 0.5008647 secs] 121972K->121955K(414236K), [Metaspace: 121212K->121212K(1165312K)], 0.5013231 secs] [Times: user=0.49 sys=0.00, real=0.50 secs] 
2020-03-19T15:10:53.393+0800: 21857.018: [Full GC (Last ditch collection) 2020-03-19T15:10:53.394+0800: 21857.018: [CMS: 121955K->121955K(237276K), 0.5092823 secs] 121955K->121955K(414236K), [Metaspace: 121212K->121212K(1165312K)], 0.5097818 secs] [Times: user=0.49 sys=0.00, real=0.51 secs] 
2020-03-19T15:10:53.906+0800: 21857.531: [Full GC (Metadata GC Threshold) 2020-03-19T15:10:53.907+0800: 21857.531: [CMS: 121955K->121955K(237276K), 0.4776374 secs] 121967K->121955K(414236K), [Metaspace: 121212K->121212K(1165312K)], 0.4780532 secs] [Times: user=0.47 sys=0.00, real=0.47 secs] 
2020-03-19T15:10:54.385+0800: 21858.009: [Full GC (Last ditch collection) 2020-03-19T15:10:54.385+0800: 21858.009: [CMS: 121955K->121955K(237276K), 0.4789792 secs] 121955K->121955K(414236K), [Metaspace: 121212K->121212K(1165312K)], 0.4793575 secs] [Times: user=0.47 sys=0.00, real=0.48 secs] 
2020-03-19T15:10:54.867+0800: 21858.492: [Full GC (Metadata GC Threshold) 2020-03-19T15:10:54.867+0800: 21858.492: [CMS: 121955K->121955K(237276K), 0.5158452 secs] 121961K->121955K(414236K), [Metaspace: 121212K->121212K(1165312K)], 0.5162471 secs] [Times: user=0.51 sys=0.00, real=0.51 secs] 
2020-03-19T15:10:55.384+0800: 21859.008: [Full GC (Last ditch collection) 2020-03-19T15:10:55.384+0800: 21859.008: [CMS: 121955K->121955K(237276K), 0.5360301 secs] 121955K->121955K(414236K), [Metaspace: 121212K->121212K(1165312K)], 0.5364124 secs] [Times: user=0.50 sys=0.00, real=0.54 secs] 
2020-03-19T15:10:55.923+0800: 21859.548: [GC (CMS Initial Mark) [1 CMS-initial-mark: 121955K(237276K)] 121963K(414236K), 0.0095817 secs] [Times: user=0.01 sys=0.00, real=0.01 secs] 
2020-03-19T15:10:55.933+0800: 21859.558: [CMS-concurrent-mark-start]
2020-03-19T15:10:55.953+0800: 21859.578: [Full GC (Metadata GC Threshold) 2020-03-19T15:10:55.953+0800: 21859.578: [CMS2020-03-19T15:10:56.130+0800: 21859.755: [CMS-concurrent-mark: 0.188/0.197 secs] [Times: user=0.20 sys=0.00, real=0.20 secs] 
 (concurrent mode failure): 121955K->121956K(237276K), 0.7623221 secs] 122604K->121956K(414236K), [Metaspace: 121212K->121212K(1165312K)], 0.7627845 secs] [Times: user=0.69 sys=0.00, real=0.76 secs] 
2020-03-19T15:10:56.716+0800: 21860.341: [Full GC (Last ditch collection) 2020-03-19T15:10:56.716+0800: 21860.341: [CMS: 121956K->121955K(237276K), 0.5096303 secs] 121956K->121955K(414236K), [Metaspace: 121212K->121212K(1165312K)], 0.5101770 secs] [Times: user=0.49 sys=0.00, real=0.52 secs] 
2020-03-19T15:10:57.230+0800: 21860.855: [Full GC (Metadata GC Threshold) 2020-03-19T15:10:57.230+0800: 21860.855: [CMS: 121955K->121955K(237276K), 0.8769154 secs] 121955K->121955K(414236K), [Metaspace: 121212K->121212K(1165312K)], 0.8773987 secs] [Times: user=0.61 sys=0.00, real=0.88 secs] 
2020-03-19T15:10:58.108+0800: 21861.732: [Full GC (Last ditch collection) 2020-03-19T15:10:58.108+0800: 21861.732: [CMS: 121955K->121955K(237276K), 0.5408412 secs] 121955K->121955K(414236K), [Metaspace: 121212K->121212K(1165312K)], 0.5412585 secs] [Times: user=0.49 sys=0.00, real=0.54 secs] 
2020-03-19T15:10:58.652+0800: 21862.276: [Full GC (Metadata GC Threshold) 2020-03-19T15:10:58.652+0800: 21862.277: [CMS: 121955K->121955K(237276K), 0.5020151 secs] 121961K->121955K(414236K), [Metaspace: 121212K->121212K(1165312K)], 0.5024154 secs] [Times: user=0.47 sys=0.00, real=0.50 secs] 
2020-03-19T15:10:59.155+0800: 21862.779: [Full GC (Last ditch collection) 2020-03-19T15:10:59.155+0800: 21862.779: [CMS: 121955K->121955K(237276K), 0.5137371 secs] 121955K->121955K(414236K), [Metaspace: 121212K->121212K(1165312K)], 0.5141203 secs] [Times: user=0.50 sys=0.00, real=0.52 secs] 
2020-03-19T15:10:59.672+0800: 21863.296: [Full GC (Metadata GC Threshold) 2020-03-19T15:10:59.672+0800: 21863.296: [CMS: 121955K->121955K(237276K), 0.5195481 secs] 121955K->121955K(414236K), [Metaspace: 121212K->121212K(1165312K)], 0.5199739 secs] [Times: user=0.48 sys=0.00, real=0.52 secs] 
2020-03-19T15:11:00.192+0800: 21863.817: [Full GC (Last ditch collection) 2020-03-19T15:11:00.192+0800: 21863.817: [CMS: 121955K->121955K(237276K), 0.4878654 secs] 121955K->121955K(414236K), [Metaspace: 121212K->121212K(1165312K)], 0.4883414 secs] [Times: user=0.48 sys=0.00, real=0.49 secs] 
2020-03-19T15:11:00.684+0800: 21864.308: [Full GC (Metadata GC Threshold) 2020-03-19T15:11:00.684+0800: 21864.308: [CMS: 121955K->121955K(237276K), 0.5367006 secs] 121963K->121955K(414236K), [Metaspace: 121212K->121212K(1165312K)], 0.5372053 secs] [Times: user=0.50 sys=0.00, real=0.54 secs] 
2020-03-19T15:11:01.221+0800: 21864.846: [Full GC (Last ditch collection) 2020-03-19T15:11:01.221+0800: 21864.846: [CMS: 121955K->121955K(237276K), 0.5350941 secs] 121955K->121955K(414236K), [Metaspace: 121212K->121212K(1165312K)], 0.5354665 secs] [Times: user=0.50 sys=0.00, real=0.53 secs] 
2020-03-19T15:11:01.760+0800: 21865.384: [Full GC (Metadata GC Threshold) 2020-03-19T15:11:01.760+0800: 21865.384: [CMS: 121955K->121955K(237276K), 0.5365314 secs] 121959K->121955K(414236K), [Metaspace: 121212K->121212K(1165312K)], 0.5369097 secs] [Times: user=0.53 sys=0.00, real=0.53 secs] 
2020-03-19T15:11:02.297+0800: 21865.921: [Full GC (Last ditch collection) 2020-03-19T15:11:02.297+0800: 21865.921: [CMS: 121955K->121955K(237276K), 0.4577693 secs] 121955K->121955K(414236K), [Metaspace: 121212K->121212K(1165312K)], 0.4581459 secs] [Times: user=0.45 sys=0.00, real=0.46 secs] 
2020-03-19T15:11:02.758+0800: 21866.383: [Full GC (Metadata GC Threshold) 2020-03-19T15:11:02.758+0800: 21866.383: [CMS: 121955K->121954K(237276K), 0.5182130 secs] 121957K->121954K(414236K), [Metaspace: 121212K->121212K(1165312K)], 0.5186708 secs] [Times: user=0.51 sys=0.00, real=0.51 secs] 
2020-03-19T15:11:03.277+0800: 21866.902: [Full GC (Last ditch collection) 2020-03-19T15:11:03.277+0800: 21866.902: [CMS: 121954K->121954K(237276K), 0.5232962 secs] 121954K->121954K(414236K), [Metaspace: 121212K->121212K(1165312K)], 0.5237169 secs] [Times: user=0.48 sys=0.00, real=0.53 secs] 
2020-03-19T15:11:03.804+0800: 21867.429: [Full GC (Metadata GC Threshold) 2020-03-19T15:11:03.804+0800: 21867.429: [CMS: 121954K->121954K(237276K), 0.4758823 secs] 121956K->121954K(414236K), [Metaspace: 121212K->121212K(1165312K)], 0.4762863 secs] [Times: user=0.47 sys=0.00, real=0.48 secs] 
2020-03-19T15:11:04.281+0800: 21867.905: [Full GC (Last ditch collection) 2020-03-19T15:11:04.281+0800: 21867.905: [CMS: 121954K->121954K(237276K), 0.4706128 secs] 121954K->121954K(414236K), [Metaspace: 121212K->121212K(1165312K)], 0.4710031 secs] [Times: user=0.47 sys=0.00, real=0.47 secs] 
2020-03-19T15:11:04.755+0800: 21868.379: [Full GC (Metadata GC Threshold) 2020-03-19T15:11:04.755+0800: 21868.379: [CMS: 121954K->121954K(237276K), 0.5295657 secs] 121956K->121954K(414236K), [Metaspace: 121212K->121212K(1165312K)], 0.5300049 secs] [Times: user=0.53 sys=0.00, real=0.53 secs] 
2020-03-19T15:11:05.285+0800: 21868.909: [Full GC (Last ditch collection) 2020-03-19T15:11:05.285+0800: 21868.910: [CMS: 121954K->121954K(237276K), 0.5168283 secs] 121954K->121954K(414236K), [Metaspace: 121212K->121212K(1165312K)], 0.5173376 secs] [Times: user=0.50 sys=0.00, real=0.52 secs] 
2020-03-19T15:11:05.805+0800: 21869.430: [Full GC (Metadata GC Threshold) 2020-03-19T15:11:05.805+0800: 21869.430: [CMS: 121954K->121956K(237276K), 0.4669268 secs] 121959K->121956K(414236K), [Metaspace: 121212K->121212K(1165312K)], 0.4673276 secs] [Times: user=0.46 sys=0.00, real=0.47 secs] 
2020-03-19T15:11:06.273+0800: 21869.897: [Full GC (Last ditch collection) 2020-03-19T15:11:06.273+0800: 21869.897: [CMS: 121956K->121956K(237276K), 0.4661976 secs] 121956K->121956K(414236K), [Metaspace: 121212K->121212K(1165312K)], 0.4665776 secs] [Times: user=0.46 sys=0.00, real=0.47 secs] 
2020-03-19T15:11:06.742+0800: 21870.367: [Full GC (Metadata GC Threshold) 2020-03-19T15:11:06.743+0800: 21870.367: [CMS: 121956K->121956K(237276K), 0.4712850 secs] 121958K->121956K(414236K), [Metaspace: 121212K->121212K(1165312K)], 0.4717023 secs] [Times: user=0.47 sys=0.00, real=0.47 secs] 
2020-03-19T15:11:07.215+0800: 21870.839: [Full GC (Last ditch collection) 2020-03-19T15:11:07.215+0800: 21870.839: [CMS: 121956K->121956K(237276K), 0.4968480 secs] 121956K->121956K(414236K), [Metaspace: 121212K->121212K(1165312K)], 0.4972759 secs] [Times: user=0.49 sys=0.00, real=0.50 secs] 
2020-03-19T15:11:07.715+0800: 21871.339: [GC (CMS Initial Mark) [1 CMS-initial-mark: 121956K(237276K)] 121958K(414236K), 0.0102065 secs] [Times: user=0.01 sys=0.00, real=0.01 secs] 
2020-03-19T15:11:07.725+0800: 21871.350: [CMS-concurrent-mark-start]
2020-03-19T15:11:07.738+0800: 21871.362: [Full GC (Metadata GC Threshold) 2020-03-19T15:11:07.738+0800: 21871.362: [CMS2020-03-19T15:11:07.927+0800: 21871.552: [CMS-concurrent-mark: 0.194/0.202 secs] [Times: user=0.21 sys=0.00, real=0.21 secs] 
 (concurrent mode failure): 121956K->121956K(237276K), 0.6937063 secs] 122976K->121956K(414236K), [Metaspace: 121212K->121212K(1165312K)], 0.6941375 secs] [Times: user=0.65 sys=0.00, real=0.70 secs] 
2020-03-19T15:11:08.432+0800: 21872.057: [Full GC (Last ditch collection) 2020-03-19T15:11:08.432+0800: 21872.057: [CMS: 121956K->121955K(237276K), 0.5080453 secs] 121956K->121955K(414236K), [Metaspace: 121212K->121212K(1165312K)], 0.5084227 secs] [Times: user=0.47 sys=0.00, real=0.51 secs] 
2020-03-19T15:11:08.944+0800: 21872.568: [Full GC (Metadata GC Threshold) 2020-03-19T15:11:08.944+0800: 21872.568: [CMS: 121955K->121955K(237276K), 0.4884671 secs] 121959K->121955K(414236K), [Metaspace: 121212K->121212K(1165312K)], 0.4889886 secs] [Times: user=0.49 sys=0.00, real=0.49 secs] 
2020-03-19T15:11:09.433+0800: 21873.058: [Full GC (Last ditch collection) 2020-03-19T15:11:09.433+0800: 21873.058: [CMS: 121955K->121955K(237276K), 0.4869864 secs] 121955K->121955K(414236K), [Metaspace: 121212K->121212K(1165312K)], 0.4873812 secs] [Times: user=0.48 sys=0.00, real=0.49 secs] 
2020-03-19T15:11:09.923+0800: 21873.548: [GC (CMS Initial Mark) [1 CMS-initial-mark: 121955K(237276K)] 121959K(414236K), 0.0086161 secs] [Times: user=0.01 sys=0.00, real=0.01 secs] 
2020-03-19T15:11:09.932+0800: 21873.557: [CMS-concurrent-mark-start]
2020-03-19T15:11:09.961+0800: 21873.585: [Full GC (Metadata GC Threshold) 2020-03-19T15:11:09.961+0800: 21873.585: [CMS2020-03-19T15:11:10.138+0800: 21873.763: [CMS-concurrent-mark: 0.197/0.206 secs] [Times: user=0.22 sys=0.00, real=0.21 secs] 
 (concurrent mode failure): 121955K->123157K(237276K), 0.6671194 secs] 124557K->123157K(414236K), [Metaspace: 121212K->121212K(1165312K)], 0.6675801 secs] [Times: user=0.65 sys=0.00, real=0.67 secs] 
2020-03-19T15:11:10.629+0800: 21874.253: [Full GC (Last ditch collection) 2020-03-19T15:11:10.629+0800: 21874.253: [CMS: 123157K->123103K(237276K), 0.5109331 secs] 123157K->123103K(414236K), [Metaspace: 121212K->121212K(1165312K)], 0.5113470 secs] [Times: user=0.49 sys=0.00, real=0.51 secs] 
2020-03-19T15:11:11.143+0800: 21874.768: [Full GC (Metadata GC Threshold) 2020-03-19T15:11:11.143+0800: 21874.768: [CMS: 123103K->123103K(237276K), 0.4963175 secs] 123111K->123103K(414236K), [Metaspace: 121212K->121212K(1165312K)], 0.4967475 secs] [Times: user=0.49 sys=0.00, real=0.50 secs] 
2020-03-19T15:11:11.640+0800: 21875.265: [Full GC (Last ditch collection) 2020-03-19T15:11:11.640+0800: 21875.265: [CMS: 123103K->123103K(237276K), 0.4605289 secs] 123103K->123103K(414236K), [Metaspace: 121212K->121212K(1165312K)], 0.4609508 secs] [Times: user=0.46 sys=0.00, real=0.46 secs] 
2020-03-19T15:11:12.104+0800: 21875.729: [Full GC (Metadata GC Threshold) 2020-03-19T15:11:12.104+0800: 21875.729: [CMS: 123103K->123103K(237276K), 0.4860664 secs] 123107K->123103K(414236K), [Metaspace: 121212K->121212K(1165312K)], 0.4864845 secs] [Times: user=0.49 sys=0.00, real=0.49 secs] 
2020-03-19T15:11:12.591+0800: 21876.215: [Full GC (Last ditch collection) 2020-03-19T15:11:12.591+0800: 21876.216: [CMS: 123103K->123103K(237276K), 0.5403380 secs] 123103K->123103K(414236K), [Metaspace: 121212K->121212K(1165312K)], 0.5407259 secs] [Times: user=0.54 sys=0.00, real=0.54 secs] 
2020-03-19T15:11:13.135+0800: 21876.759: [GC (CMS Initial Mark) [1 CMS-initial-mark: 123103K(237276K)] 123107K(414236K), 0.0088686 secs] [Times: user=0.01 sys=0.00, real=0.01 secs] 
2020-03-19T15:11:13.144+0800: 21876.768: [CMS-concurrent-mark-start]
2020-03-19T15:11:13.170+0800: 21876.795: [Full GC (Metadata GC Threshold) 2020-03-19T15:11:13.171+0800: 21876.795: [CMS2020-03-19T15:11:13.357+0800: 21876.981: [CMS-concurrent-mark: 0.199/0.213 secs] [Times: user=0.23 sys=0.00, real=0.21 secs] 
 (concurrent mode failure): 123103K->123306K(237276K), 0.6931390 secs] 125721K->123306K(414236K), [Metaspace: 121212K->121212K(1165312K)], 0.6935841 secs] [Times: user=0.67 sys=0.00, real=0.69 secs] 
2020-03-19T15:11:13.864+0800: 21877.489: [Full GC (Last ditch collection) 2020-03-19T15:11:13.865+0800: 21877.489: [CMS: 123306K->123234K(237276K), 0.4603043 secs] 123306K->123234K(414236K), [Metaspace: 121212K->121212K(1165312K)], 0.4607662 secs] [Times: user=0.46 sys=0.00, real=0.46 secs] 
2020-03-19T15:11:14.328+0800: 21877.953: [Full GC (Metadata GC Threshold) 2020-03-19T15:11:14.328+0800: 21877.953: [CMS: 123234K->123236K(237276K), 0.4845431 secs] 123238K->123236K(414236K), [Metaspace: 121212K->121212K(1165312K)], 0.4849645 secs] [Times: user=0.49 sys=0.00, real=0.48 secs] 
2020-03-19T15:11:14.813+0800: 21878.438: [Full GC (Last ditch collection) 2020-03-19T15:11:14.814+0800: 21878.438: [CMS: 123236K->123236K(237276K), 0.4629720 secs] 123236K->123236K(414236K), [Metaspace: 121212K->121212K(1165312K)], 0.4633584 secs] [Times: user=0.46 sys=0.00, real=0.46 secs] 
2020-03-19T15:11:15.280+0800: 21878.904: [GC (CMS Initial Mark) [1 CMS-initial-mark: 123236K(237276K)] 123242K(414236K), 0.0085299 secs] [Times: user=0.02 sys=0.00, real=0.01 secs] 
2020-03-19T15:11:15.289+0800: 21878.913: [CMS-concurrent-mark-start]
2020-03-19T15:11:15.295+0800: 21878.919: [Full GC (Metadata GC Threshold) 2020-03-19T15:11:15.295+0800: 21878.919: [CMS2020-03-19T15:11:15.501+0800: 21879.126: [CMS-concurrent-mark: 0.205/0.212 secs] [Times: user=0.21 sys=0.00, real=0.21 secs] 
 (concurrent mode failure): 123236K->123235K(237276K), 0.7079202 secs] 123409K->123235K(414236K), [Metaspace: 121212K->121212K(1165312K)], 0.7083693 secs] [Times: user=0.68 sys=0.00, real=0.71 secs] 
2020-03-19T15:11:16.003+0800: 21879.628: [Full GC (Last ditch collection) 2020-03-19T15:11:16.004+0800: 21879.628: [CMS: 123235K->123234K(237276K), 0.5569791 secs] 123235K->123234K(414236K), [Metaspace: 121212K->121212K(1165312K)], 0.5574285 secs] [Times: user=0.53 sys=0.00, real=0.56 secs] 
2020-03-19T15:11:16.564+0800: 21880.188: [Full GC (Metadata GC Threshold) 2020-03-19T15:11:16.564+0800: 21880.188: [CMS: 123234K->123234K(237276K), 0.4857086 secs] 123234K->123234K(414236K), [Metaspace: 121212K->121212K(1165312K)], 0.4861372 secs] [Times: user=0.47 sys=0.00, real=0.49 secs] 
2020-03-19T15:11:17.050+0800: 21880.675: [Full GC (Last ditch collection) 2020-03-19T15:11:17.050+0800: 21880.675: [CMS: 123234K->123234K(237276K), 0.5255901 secs] 123234K->123234K(414236K), [Metaspace: 121212K->121212K(1165312K)], 0.5260703 secs] [Times: user=0.49 sys=0.00, real=0.52 secs] 
2020-03-19T15:11:17.580+0800: 21881.204: [Full GC (Metadata GC Threshold) 2020-03-19T15:11:17.580+0800: 21881.205: [CMS: 123234K->123234K(237276K), 0.4715242 secs] 123234K->123234K(414236K), [Metaspace: 121212K->121212K(1165312K)], 0.4721285 secs] [Times: user=0.46 sys=0.00, real=0.47 secs] 
2020-03-19T15:11:18.052+0800: 21881.677: [Full GC (Last ditch collection) 2020-03-19T15:11:18.052+0800: 21881.677: [CMS: 123234K->123234K(237276K), 0.5083037 secs] 123234K->123234K(414236K), [Metaspace: 121212K->121212K(1165312K)], 0.5087398 secs] [Times: user=0.50 sys=0.00, real=0.51 secs] 
2020-03-19T15:11:18.564+0800: 21882.188: [Full GC (Metadata GC Threshold) 2020-03-19T15:11:18.564+0800: 21882.188: [CMS: 123234K->123234K(237276K), 0.4591666 secs] 123244K->123234K(414236K), [Metaspace: 121212K->121212K(1165312K)], 0.4595772 secs] [Times: user=0.46 sys=0.00, real=0.46 secs] 
2020-03-19T15:11:19.024+0800: 21882.648: [Full GC (Last ditch collection) 2020-03-19T15:11:19.024+0800: 21882.648: [CMS: 123234K->123234K(237276K), 0.4875203 secs] 123234K->123234K(414236K), [Metaspace: 121212K->121212K(1165312K)], 0.4879046 secs] [Times: user=0.48 sys=0.00, real=0.49 secs] 
2020-03-19T15:11:19.515+0800: 21883.139: [Full GC (Metadata GC Threshold) 2020-03-19T15:11:19.515+0800: 21883.139: [CMS: 123234K->123234K(237276K), 0.5735256 secs] 123236K->123234K(414236K), [Metaspace: 121212K->121212K(1165312K)], 0.5739169 secs] [Times: user=0.52 sys=0.00, real=0.58 secs] 
2020-03-19T15:11:20.089+0800: 21883.713: [Full GC (Last ditch collection) 2020-03-19T15:11:20.089+0800: 21883.713: [CMS: 123234K->123234K(237276K), 0.5044726 secs] 123234K->123234K(414236K), [Metaspace: 121212K->121212K(1165312K)], 0.5048599 secs] [Times: user=0.48 sys=0.00, real=0.50 secs] 
2020-03-19T15:11:20.618+0800: 21884.242: [Full GC (Metadata GC Threshold) 2020-03-19T15:11:20.618+0800: 21884.243: [CMS: 123234K->123392K(237276K), 0.4659683 secs] 125001K->123392K(414236K), [Metaspace: 121212K->121212K(1165312K)], 0.4664332 secs] [Times: user=0.46 sys=0.00, real=0.47 secs] 
2020-03-19T15:11:21.085+0800: 21884.709: [Full GC (Last ditch collection) 2020-03-19T15:11:21.085+0800: 21884.709: [CMS: 123392K->123300K(237276K), 0.4769609 secs] 123392K->123300K(414236K), [Metaspace: 121212K->121212K(1165312K)], 0.4773605 secs] [Times: user=0.48 sys=0.00, real=0.48 secs] 
2020-03-19T15:11:21.566+0800: 21885.190: [GC (CMS Initial Mark) [1 CMS-initial-mark: 123300K(237276K)] 123320K(414236K), 0.0115517 secs] [Times: user=0.02 sys=0.00, real=0.01 secs] 
2020-03-19T15:11:21.578+0800: 21885.202: [CMS-concurrent-mark-start]
2020-03-19T15:11:21.580+0800: 21885.205: [Full GC (Metadata GC Threshold) 2020-03-19T15:11:21.581+0800: 21885.205: [CMS2020-03-19T15:11:21.787+0800: 21885.411: [CMS-concurrent-mark: 0.199/0.209 secs] [Times: user=0.20 sys=0.00, real=0.22 secs] 
 (concurrent mode failure): 123300K->122880K(237276K), 0.6805031 secs] 123349K->122880K(414236K), [Metaspace: 121212K->121212K(1165312K)], 0.6809288 secs] [Times: user=0.67 sys=0.00, real=0.68 secs] 
2020-03-19T15:11:22.262+0800: 21885.886: [Full GC (Last ditch collection) 2020-03-19T15:11:22.262+0800: 21885.886: [CMS: 122880K->122880K(237276K), 0.4637545 secs] 122880K->122880K(414236K), [Metaspace: 121212K->121212K(1165312K)], 0.4641732 secs] [Times: user=0.46 sys=0.00, real=0.46 secs] 
2020-03-19T15:11:22.729+0800: 21886.354: [Full GC (Metadata GC Threshold) 2020-03-19T15:11:22.729+0800: 21886.354: [CMS: 122880K->122880K(237276K), 0.4788821 secs] 122882K->122880K(414236K), [Metaspace: 121212K->121212K(1165312K)], 0.4793136 secs] [Times: user=0.48 sys=0.00, real=0.48 secs] 
2020-03-19T15:11:23.209+0800: 21886.833: [Full GC (Last ditch collection) 2020-03-19T15:11:23.209+0800: 21886.833: [CMS: 122880K->122880K(237276K), 0.5159906 secs] 122880K->122880K(414236K), [Metaspace: 121212K->121212K(1165312K)], 0.5163524 secs] [Times: user=0.50 sys=0.00, real=0.51 secs] 
2020-03-19T15:11:23.728+0800: 21887.353: [Full GC (Metadata GC Threshold) 2020-03-19T15:11:23.729+0800: 21887.353: [CMS: 122880K->122880K(237276K), 0.4775419 secs] 122945K->122880K(414236K), [Metaspace: 121212K->121212K(1165312K)], 0.4779384 secs] [Times: user=0.47 sys=0.00, real=0.48 secs] 
2020-03-19T15:11:24.207+0800: 21887.831: [Full GC (Last ditch collection) 2020-03-19T15:11:24.207+0800: 21887.831: [CMS: 122880K->122880K(237276K), 0.4728022 secs] 122880K->122880K(414236K), [Metaspace: 121212K->121212K(1165312K)], 0.4732155 secs] [Times: user=0.47 sys=0.00, real=0.47 secs] 
2020-03-19T15:11:24.683+0800: 21888.307: [Full GC (Metadata GC Threshold) 2020-03-19T15:11:24.683+0800: 21888.308: [CMS: 122880K->122880K(237276K), 0.4930957 secs] 122888K->122880K(414236K), [Metaspace: 121212K->121212K(1165312K)], 0.4935172 secs] [Times: user=0.48 sys=0.00, real=0.49 secs] 
2020-03-19T15:11:25.177+0800: 21888.801: [Full GC (Last ditch collection) 2020-03-19T15:11:25.177+0800: 21888.802: [CMS: 122880K->122880K(237276K), 0.5308060 secs] 122880K->122880K(414236K), [Metaspace: 121212K->121212K(1165312K)], 0.5313183 secs] [Times: user=0.51 sys=0.00, real=0.54 secs] 
2020-03-19T15:11:25.730+0800: 21889.355: [Full GC (Metadata GC Threshold) 2020-03-19T15:11:25.730+0800: 21889.355: [CMS: 122880K->123065K(237276K), 0.4786325 secs] 125098K->123065K(414236K), [Metaspace: 121212K->121212K(1165312K)], 0.4790868 secs] [Times: user=0.47 sys=0.00, real=0.48 secs] 
2020-03-19T15:11:26.209+0800: 21889.834: [Full GC (Last ditch collection) 2020-03-19T15:11:26.209+0800: 21889.834: [CMS: 123065K->123007K(237276K), 0.5151996 secs] 123065K->123007K(414236K), [Metaspace: 121212K->121212K(1165312K)], 0.5155850 secs] [Times: user=0.50 sys=0.00, real=0.51 secs] 
2020-03-19T15:11:26.728+0800: 21890.352: [Full GC (Metadata GC Threshold) 2020-03-19T15:11:26.728+0800: 21890.353: [CMS: 123007K->123007K(237276K), 0.5301238 secs] 123011K->123007K(414236K), [Metaspace: 121212K->121212K(1165312K)], 0.5306887 secs] [Times: user=0.50 sys=0.00, real=0.53 secs] 
2020-03-19T15:11:27.261+0800: 21890.886: [Full GC (Last ditch collection) 2020-03-19T15:11:27.261+0800: 21890.886: [CMS: 123007K->123007K(237276K), 0.6612665 secs] 123007K->123007K(414236K), [Metaspace: 121212K->121212K(1165312K)], 0.6616918 secs] [Times: user=0.54 sys=0.00, real=0.66 secs] 
2020-03-19T15:11:27.926+0800: 21891.550: [Full GC (Metadata GC Threshold) 2020-03-19T15:11:27.926+0800: 21891.551: [CMS: 123007K->123007K(237276K), 0.4941623 secs] 123017K->123007K(414236K), [Metaspace: 121212K->121212K(1165312K)], 0.4945420 secs] [Times: user=0.48 sys=0.00, real=0.50 secs] 
2020-03-19T15:11:28.421+0800: 21892.045: [Full GC (Last ditch collection) 2020-03-19T15:11:28.421+0800: 21892.045: [CMS: 123007K->123007K(237276K), 0.4662919 secs] 123007K->123007K(414236K), [Metaspace: 121212K->121212K(1165312K)], 0.4667147 secs] [Times: user=0.45 sys=0.00, real=0.47 secs] 
2020-03-19T15:11:28.894+0800: 21892.518: [Full GC (Metadata GC Threshold) 2020-03-19T15:11:28.894+0800: 21892.518: [CMS: 123007K->123009K(237276K), 0.4789072 secs] 123266K->123009K(414236K), [Metaspace: 121212K->121212K(1165312K)], 0.4793663 secs] [Times: user=0.47 sys=0.00, real=0.48 secs] 
2020-03-19T15:11:29.373+0800: 21892.998: [Full GC (Last ditch collection) 2020-03-19T15:11:29.374+0800: 21892.998: [CMS: 123009K->123007K(237276K), 0.5252631 secs] 123009K->123007K(414236K), [Metaspace: 121212K->121212K(1165312K)], 0.5256663 secs] [Times: user=0.53 sys=0.00, real=0.53 secs] 
2020-03-19T15:11:29.902+0800: 21893.527: [Full GC (Metadata GC Threshold) 2020-03-19T15:11:29.902+0800: 21893.527: [CMS: 123007K->123007K(237276K), 0.4529891 secs] 123173K->123007K(414236K), [Metaspace: 121212K->121212K(1165312K)], 0.4533714 secs] [Times: user=0.45 sys=0.00, real=0.45 secs] 
2020-03-19T15:11:30.356+0800: 21893.980: [Full GC (Last ditch collection) 2020-03-19T15:11:30.356+0800: 21893.980: [CMS: 123007K->123007K(237276K), 0.5003730 secs] 123007K->123007K(414236K), [Metaspace: 121212K->121212K(1165312K)], 0.5007739 secs] [Times: user=0.49 sys=0.00, real=0.50 secs] 
2020-03-19T15:11:30.873+0800: 21894.497: [Full GC (Metadata GC Threshold) 2020-03-19T15:11:30.874+0800: 21894.499: [CMS: 123007K->123150K(237276K), 0.6096706 secs] 124692K->123150K(414236K), [Metaspace: 121212K->121212K(1165312K)], 0.6116439 secs] [Times: user=0.54 sys=0.00, real=0.61 secs] 
2020-03-19T15:11:31.484+0800: 21895.109: [Full GC (Last ditch collection) 2020-03-19T15:11:31.485+0800: 21895.109: [CMS: 123150K->123121K(237276K), 0.4875155 secs] 123150K->123121K(414236K), [Metaspace: 121212K->121212K(1165312K)], 0.4879768 secs] [Times: user=0.48 sys=0.00, real=0.49 secs] 
2020-03-19T15:11:31.976+0800: 21895.600: [Full GC (Metadata GC Threshold) 2020-03-19T15:11:31.976+0800: 21895.600: [CMS: 123121K->123121K(237276K), 0.5117854 secs] 123123K->123121K(414236K), [Metaspace: 121212K->121212K(1165312K)], 0.5122079 secs] [Times: user=0.50 sys=0.00, real=0.52 secs] 
2020-03-19T15:11:32.488+0800: 21896.113: [Full GC (Last ditch collection) 2020-03-19T15:11:32.488+0800: 21896.113: [CMS: 123121K->123121K(237276K), 0.4620494 secs] 123121K->123121K(414236K), [Metaspace: 121212K->121212K(1165312K)], 0.4624492 secs] [Times: user=0.46 sys=0.00, real=0.46 secs] 
2020-03-19T15:11:32.954+0800: 21896.578: [Full GC (Metadata GC Threshold) 2020-03-19T15:11:32.954+0800: 21896.579: [CMS: 123121K->123121K(237276K), 0.5098966 secs] 123127K->123121K(414236K), [Metaspace: 121212K->121212K(1165312K)], 0.5102831 secs] [Times: user=0.50 sys=0.00, real=0.51 secs] 
2020-03-19T15:11:33.464+0800: 21897.089: [Full GC (Last ditch collection) 2020-03-19T15:11:33.465+0800: 21897.089: [CMS: 123121K->123121K(237276K), 0.4787299 secs] 123121K->123121K(414236K), [Metaspace: 121212K->121212K(1165312K)], 0.4791676 secs] [Times: user=0.47 sys=0.00, real=0.48 secs] 
2020-03-19T15:11:33.947+0800: 21897.572: [Full GC (Metadata GC Threshold) 2020-03-19T15:11:33.947+0800: 21897.572: [CMS: 123121K->123121K(237276K), 0.5166045 secs] 123133K->123121K(414236K), [Metaspace: 121212K->121212K(1165312K)], 0.5170219 secs] [Times: user=0.51 sys=0.00, real=0.51 secs] 
2020-03-19T15:11:34.464+0800: 21898.089: [Full GC (Last ditch collection) 2020-03-19T15:11:34.464+0800: 21898.089: [CMS: 123121K->123121K(237276K), 0.5108997 secs] 123121K->123121K(414236K), [Metaspace: 121212K->121212K(1165312K)], 0.5112610 secs] [Times: user=0.50 sys=0.00, real=0.51 secs] 
2020-03-19T15:11:34.979+0800: 21898.603: [Full GC (Metadata GC Threshold) 2020-03-19T15:11:34.979+0800: 21898.603: [CMS: 123121K->123121K(237276K), 0.5598343 secs] 123125K->123121K(414236K), [Metaspace: 121212K->121212K(1165312K)], 0.5602788 secs] [Times: user=0.54 sys=0.00, real=0.56 secs] 
2020-03-19T15:11:35.539+0800: 21899.164: [Full GC (Last ditch collection) 2020-03-19T15:11:35.539+0800: 21899.164: [CMS: 123121K->123121K(237276K), 0.4871714 secs] 123121K->123121K(414236K), [Metaspace: 121212K->121212K(1165312K)], 0.4875874 secs] [Times: user=0.48 sys=0.00, real=0.49 secs] 
2020-03-19T15:11:36.030+0800: 21899.654: [Full GC (Metadata GC Threshold) 2020-03-19T15:11:36.030+0800: 21899.655: [CMS: 123121K->123121K(237276K), 0.4622344 secs] 123127K->123121K(414236K), [Metaspace: 121212K->121212K(1165312K)], 0.4626111 secs] [Times: user=0.46 sys=0.00, real=0.46 secs] 
2020-03-19T15:11:36.493+0800: 21900.117: [Full GC (Last ditch collection) 2020-03-19T15:11:36.493+0800: 21900.117: [CMS: 123121K->123121K(237276K), 0.4718561 secs] 123121K->123121K(414236K), [Metaspace: 121212K->121212K(1165312K)], 0.4722293 secs] [Times: user=0.47 sys=0.00, real=0.47 secs] 
2020-03-19T15:11:36.969+0800: 21900.593: [Full GC (Metadata GC Threshold) 2020-03-19T15:11:36.969+0800: 21900.593: [CMS: 123121K->123132K(237276K), 0.4896139 secs] 123280K->123132K(414236K), [Metaspace: 121212K->121212K(1165312K)], 0.4900631 secs] [Times: user=0.49 sys=0.00, real=0.49 secs] 
2020-03-19T15:11:37.459+0800: 21901.084: [Full GC (Last ditch collection) 2020-03-19T15:11:37.459+0800: 21901.084: [CMS: 123132K->123131K(237276K), 0.4888426 secs] 123132K->123131K(414236K), [Metaspace: 121212K->121212K(1165312K)], 0.4892227 secs] [Times: user=0.49 sys=0.00, real=0.49 secs] 
2020-03-19T15:11:37.951+0800: 21901.576: [Full GC (Metadata GC Threshold) 2020-03-19T15:11:37.952+0800: 21901.576: [CMS: 123131K->123131K(237276K), 0.5185906 secs] 123139K->123131K(414236K), [Metaspace: 121212K->121212K(1165312K)], 0.5190085 secs] [Times: user=0.48 sys=0.00, real=0.52 secs] 
2020-03-19T15:11:38.471+0800: 21902.095: [Full GC (Last ditch collection) 2020-03-19T15:11:38.471+0800: 21902.095: [CMS: 123131K->123131K(237276K), 0.4660716 secs] 123131K->123131K(414236K), [Metaspace: 121212K->121212K(1165312K)], 0.4665060 secs] [Times: user=0.46 sys=0.00, real=0.46 secs] 
2020-03-19T15:11:38.941+0800: 21902.565: [Full GC (Metadata GC Threshold) 2020-03-19T15:11:38.941+0800: 21902.565: [CMS: 123131K->123131K(237276K), 0.4966067 secs] 123162K->123131K(414236K), [Metaspace: 121212K->121212K(1165312K)], 0.4971308 secs] [Times: user=0.49 sys=0.00, real=0.49 secs] 
2020-03-19T15:11:39.438+0800: 21903.063: [Full GC (Last ditch collection) 2020-03-19T15:11:39.438+0800: 21903.063: [CMS: 123131K->123131K(237276K), 0.4823100 secs] 123131K->123131K(414236K), [Metaspace: 121212K->121212K(1165312K)], 0.4827688 secs] [Times: user=0.48 sys=0.00, real=0.48 secs] 
2020-03-19T15:11:39.924+0800: 21903.548: [Full GC (Metadata GC Threshold) 2020-03-19T15:11:39.924+0800: 21903.548: [CMS: 123131K->123131K(237276K), 0.4555467 secs] 123135K->123131K(414236K), [Metaspace: 121212K->121212K(1165312K)], 0.4559612 secs] [Times: user=0.46 sys=0.00, real=0.46 secs] 
2020-03-19T15:11:40.380+0800: 21904.005: [Full GC (Last ditch collection) 2020-03-19T15:11:40.380+0800: 21904.005: [CMS: 123131K->123131K(237276K), 0.4932779 secs] 123131K->123131K(414236K), [Metaspace: 121212K->121212K(1165312K)], 0.4936450 secs] [Times: user=0.49 sys=0.00, real=0.49 secs] 
2020-03-19T15:11:40.877+0800: 21904.501: [Full GC (Metadata GC Threshold) 2020-03-19T15:11:40.877+0800: 21904.501: [CMS: 123131K->123131K(237276K), 0.4601194 secs] 123131K->123131K(414236K), [Metaspace: 121212K->121212K(1165312K)], 0.4604998 secs] [Times: user=0.46 sys=0.00, real=0.46 secs] 
2020-03-19T15:11:41.337+0800: 21904.962: [Full GC (Last ditch collection) 2020-03-19T15:11:41.338+0800: 21904.962: [CMS: 123131K->123131K(237276K), 0.5175069 secs] 123131K->123131K(414236K), [Metaspace: 121212K->121212K(1165312K)], 0.5179082 secs] [Times: user=0.49 sys=0.00, real=0.52 secs] 
2020-03-19T15:11:41.859+0800: 21905.484: [Full GC (Metadata GC Threshold) 2020-03-19T15:11:41.859+0800: 21905.484: [CMS: 123131K->123131K(237276K), 0.4737481 secs] 123172K->123131K(414236K), [Metaspace: 121212K->121212K(1165312K)], 0.4741552 secs] [Times: user=0.46 sys=0.00, real=0.47 secs] 
2020-03-19T15:11:42.334+0800: 21905.958: [Full GC (Last ditch collection) 2020-03-19T15:11:42.334+0800: 21905.958: [CMS: 123131K->123131K(237276K), 0.5415679 secs] 123131K->123131K(414236K), [Metaspace: 121212K->121212K(1165312K)], 0.5419850 secs] [Times: user=0.51 sys=0.00, real=0.54 secs] 
2020-03-19T15:11:42.889+0800: 21906.513: [Full GC (Metadata GC Threshold) 2020-03-19T15:11:42.889+0800: 21906.513: [CMS: 123131K->123117K(237276K), 0.5707909 secs] 124536K->123117K(414236K), [Metaspace: 121214K->121214K(1165312K)], 0.5712737 secs] [Times: user=0.54 sys=0.00, real=0.57 secs] 
2020-03-19T15:11:43.460+0800: 21907.085: [Full GC (Last ditch collection) 2020-03-19T15:11:43.460+0800: 21907.085: [CMS: 123117K->123115K(237276K), 0.5095950 secs] 123117K->123115K(414236K), [Metaspace: 121214K->121214K(1165312K)], 0.5099743 secs] [Times: user=0.48 sys=0.00, real=0.51 secs] 
2020-03-19T15:11:43.973+0800: 21907.598: [Full GC (Metadata GC Threshold) 2020-03-19T15:11:43.973+0800: 21907.598: [CMS: 123115K->123115K(237276K), 0.4751611 secs] 123115K->123115K(414236K), [Metaspace: 121214K->121214K(1165312K)], 0.4755517 secs] [Times: user=0.48 sys=0.00, real=0.48 secs] 
2020-03-19T15:11:44.449+0800: 21908.074: [Full GC (Last ditch collection) 2020-03-19T15:11:44.449+0800: 21908.074: [CMS: 123115K->123115K(237276K), 0.5040220 secs] 123115K->123115K(414236K), [Metaspace: 121214K->121214K(1165312K)], 0.5044019 secs] [Times: user=0.49 sys=0.00, real=0.50 secs] 
2020-03-19T15:11:44.957+0800: 21908.581: [Full GC (Metadata GC Threshold) 2020-03-19T15:11:44.957+0800: 21908.582: [CMS: 123115K->123115K(237276K), 0.4819909 secs] 123117K->123115K(414236K), [Metaspace: 121214K->121214K(1165312K)], 0.4824126 secs] [Times: user=0.48 sys=0.00, real=0.49 secs] 
2020-03-19T15:11:45.440+0800: 21909.064: [Full GC (Last ditch collection) 2020-03-19T15:11:45.440+0800: 21909.064: [CMS: 123115K->123115K(237276K), 0.5068627 secs] 123115K->123115K(414236K), [Metaspace: 121214K->121214K(1165312K)], 0.5072618 secs] [Times: user=0.49 sys=0.00, real=0.51 secs] 
2020-03-19T15:11:45.951+0800: 21909.575: [Full GC (Metadata GC Threshold) 2020-03-19T15:11:45.951+0800: 21909.575: [CMS: 123115K->123115K(237276K), 0.5563251 secs] 123132K->123115K(414236K), [Metaspace: 121214K->121214K(1165312K)], 0.5567136 secs] [Times: user=0.52 sys=0.00, real=0.56 secs] 
2020-03-19T15:11:46.508+0800: 21910.132: [Full GC (Last ditch collection) 2020-03-19T15:11:46.508+0800: 21910.132: [CMS: 123115K->123115K(237276K), 0.4646826 secs] 123115K->123115K(414236K), [Metaspace: 121214K->121214K(1165312K)], 0.4650579 secs] [Times: user=0.45 sys=0.00, real=0.46 secs] 
2020-03-19T15:11:46.976+0800: 21910.600: [Full GC (Metadata GC Threshold) 2020-03-19T15:11:46.976+0800: 21910.600: [CMS: 123115K->123131K(237276K), 0.4768610 secs] 123140K->123131K(414236K), [Metaspace: 121214K->121214K(1165312K)], 0.4772951 secs] [Times: user=0.47 sys=0.00, real=0.48 secs] 
2020-03-19T15:11:47.453+0800: 21911.078: [Full GC (Last ditch collection) 2020-03-19T15:11:47.454+0800: 21911.078: [CMS: 123131K->123131K(237276K), 0.4864236 secs] 123131K->123131K(414236K), [Metaspace: 121214K->121214K(1165312K)], 0.4868452 secs] [Times: user=0.49 sys=0.00, real=0.49 secs] 
2020-03-19T15:11:47.943+0800: 21911.568: [Full GC (Metadata GC Threshold) 2020-03-19T15:11:47.943+0800: 21911.568: [CMS: 123131K->123131K(237276K), 0.5066222 secs] 123133K->123131K(414236K), [Metaspace: 121214K->121214K(1165312K)], 0.5070458 secs] [Times: user=0.48 sys=0.00, real=0.51 secs] 
2020-03-19T15:11:48.450+0800: 21912.075: [Full GC (Last ditch collection) 2020-03-19T15:11:48.450+0800: 21912.075: [CMS: 123131K->123131K(237276K), 0.4642132 secs] 123131K->123131K(414236K), [Metaspace: 121214K->121214K(1165312K)], 0.4645671 secs] [Times: user=0.45 sys=0.00, real=0.46 secs] 
2020-03-19T15:11:48.918+0800: 21912.542: [Full GC (Metadata GC Threshold) 2020-03-19T15:11:48.918+0800: 21912.543: [CMS: 123131K->123131K(237276K), 0.4812097 secs] 123135K->123131K(414236K), [Metaspace: 121214K->121214K(1165312K)], 0.4816092 secs] [Times: user=0.47 sys=0.00, real=0.49 secs] 
2020-03-19T15:11:49.400+0800: 21913.024: [Full GC (Last ditch collection) 2020-03-19T15:11:49.400+0800: 21913.024: [CMS: 123131K->123131K(237276K), 0.5562873 secs] 123131K->123131K(414236K), [Metaspace: 121214K->121214K(1165312K)], 0.5566344 secs] [Times: user=0.53 sys=0.00, real=0.55 secs] 
2020-03-19T15:11:49.959+0800: 21913.584: [GC (CMS Initial Mark) [1 CMS-initial-mark: 123131K(237276K)] 123147K(414236K), 0.0084908 secs] [Times: user=0.01 sys=0.00, real=0.01 secs] 
2020-03-19T15:11:49.968+0800: 21913.593: [CMS-concurrent-mark-start]
2020-03-19T15:11:49.974+0800: 21913.599: [Full GC (Metadata GC Threshold) 2020-03-19T15:11:49.975+0800: 21913.599: [CMS2020-03-19T15:11:50.153+0800: 21913.778: [CMS-concurrent-mark: 0.177/0.185 secs] [Times: user=0.18 sys=0.00, real=0.18 secs] 
 (concurrent mode failure): 123131K->123141K(237276K), 0.6763080 secs] 123658K->123141K(414236K), [Metaspace: 121214K->121214K(1165312K)], 0.6767288 secs] [Times: user=0.66 sys=0.00, real=0.68 secs] 
2020-03-19T15:11:50.651+0800: 21914.276: [Full GC (Last ditch collection) 2020-03-19T15:11:50.652+0800: 21914.276: [CMS: 123141K->123140K(237276K), 0.4846746 secs] 123141K->123140K(414236K), [Metaspace: 121214K->121214K(1165312K)], 0.4850405 secs] [Times: user=0.48 sys=0.00, real=0.48 secs] 
2020-03-19T15:11:51.140+0800: 21914.764: [Full GC (Metadata GC Threshold) 2020-03-19T15:11:51.140+0800: 21914.764: [CMS: 123140K->123140K(237276K), 0.5149213 secs] 123154K->123140K(414236K), [Metaspace: 121214K->121214K(1165312K)], 0.5153687 secs] [Times: user=0.51 sys=0.00, real=0.51 secs] 
2020-03-19T15:11:51.655+0800: 21915.280: [Full GC (Last ditch collection) 2020-03-19T15:11:51.656+0800: 21915.280: [CMS: 123140K->123140K(237276K), 0.4876361 secs] 123140K->123140K(414236K), [Metaspace: 121214K->121214K(1165312K)], 0.4880783 secs] [Times: user=0.49 sys=0.00, real=0.49 secs] 
2020-03-19T15:11:52.147+0800: 21915.771: [Full GC (Metadata GC Threshold) 2020-03-19T15:11:52.147+0800: 21915.771: [CMS: 123140K->123140K(237276K), 0.4700364 secs] 123148K->123140K(414236K), [Metaspace: 121214K->121214K(1165312K)], 0.4704546 secs] [Times: user=0.46 sys=0.00, real=0.46 secs] 
2020-03-19T15:11:52.617+0800: 21916.242: [Full GC (Last ditch collection) 2020-03-19T15:11:52.617+0800: 21916.242: [CMS: 123140K->123140K(237276K), 0.4770697 secs] 123140K->123140K(414236K), [Metaspace: 121214K->121214K(1165312K)], 0.4775020 secs] [Times: user=0.47 sys=0.00, real=0.48 secs] 
2020-03-19T15:11:53.098+0800: 21916.722: [Full GC (Metadata GC Threshold) 2020-03-19T15:11:53.098+0800: 21916.723: [CMS: 123140K->123140K(237276K), 0.5152691 secs] 123171K->123140K(414236K), [Metaspace: 121214K->121214K(1165312K)], 0.5156599 secs] [Times: user=0.49 sys=0.00, real=0.52 secs] 
2020-03-19T15:11:53.614+0800: 21917.238: [Full GC (Last ditch collection) 2020-03-19T15:11:53.614+0800: 21917.238: [CMS: 123140K->123140K(237276K), 0.4924370 secs] 123140K->123140K(414236K), [Metaspace: 121214K->121214K(1165312K)], 0.4928125 secs] [Times: user=0.48 sys=0.00, real=0.50 secs] 
2020-03-19T15:11:54.110+0800: 21917.734: [Full GC (Metadata GC Threshold) 2020-03-19T15:11:54.110+0800: 21917.735: [CMS: 123140K->123141K(237276K), 0.5036791 secs] 123151K->123141K(414236K), [Metaspace: 121214K->121214K(1165312K)], 0.5040946 secs] [Times: user=0.49 sys=0.00, real=0.50 secs] 
2020-03-19T15:11:54.614+0800: 21918.239: [Full GC (Last ditch collection) 2020-03-19T15:11:54.614+0800: 21918.239: [CMS: 123141K->123141K(237276K), 0.4727150 secs] 123141K->123141K(414236K), [Metaspace: 121214K->121214K(1165312K)], 0.4730934 secs] [Times: user=0.48 sys=0.00, real=0.48 secs] 
2020-03-19T15:11:55.090+0800: 21918.715: [Full GC (Metadata GC Threshold) 2020-03-19T15:11:55.090+0800: 21918.715: [CMS: 123141K->123141K(237276K), 0.5034572 secs] 123141K->123141K(414236K), [Metaspace: 121214K->121214K(1165312K)], 0.5038627 secs] [Times: user=0.49 sys=0.00, real=0.50 secs] 
2020-03-19T15:11:55.594+0800: 21919.219: [Full GC (Last ditch collection) 2020-03-19T15:11:55.595+0800: 21919.219: [CMS: 123141K->123141K(237276K), 0.5040436 secs] 123141K->123141K(414236K), [Metaspace: 121214K->121214K(1165312K)], 0.5045202 secs] [Times: user=0.50 sys=0.00, real=0.51 secs] 
2020-03-19T15:11:56.102+0800: 21919.726: [Full GC (Metadata GC Threshold) 2020-03-19T15:11:56.102+0800: 21919.726: [CMS: 123141K->123141K(237276K), 0.4723819 secs] 123149K->123141K(414236K), [Metaspace: 121214K->121214K(1165312K)], 0.4727887 secs] [Times: user=0.47 sys=0.00, real=0.47 secs] 
2020-03-19T15:11:56.575+0800: 21920.199: [Full GC (Last ditch collection) 2020-03-19T15:11:56.575+0800: 21920.200: [CMS: 123141K->123141K(237276K), 0.4867437 secs] 123141K->123141K(414236K), [Metaspace: 121214K->121214K(1165312K)], 0.4871102 secs] [Times: user=0.48 sys=0.00, real=0.49 secs] 
2020-03-19T15:11:57.067+0800: 21920.692: [Full GC (Metadata GC Threshold) 2020-03-19T15:11:57.068+0800: 21920.692: [CMS: 123141K->123173K(237276K), 0.5224719 secs] 123490K->123173K(414236K), [Metaspace: 121214K->121214K(1165312K)], 0.5229722 secs] [Times: user=0.50 sys=0.00, real=0.52 secs] 
2020-03-19T15:11:57.591+0800: 21921.215: [Full GC (Last ditch collection) 2020-03-19T15:11:57.591+0800: 21921.215: [CMS: 123173K->123134K(237276K), 0.6168949 secs] 123173K->123134K(414236K), [Metaspace: 121214K->121214K(1165312K)], 0.6173352 secs] [Times: user=0.53 sys=0.00, real=0.62 secs] 
2020-03-19T15:11:58.211+0800: 21921.835: [Full GC (Metadata GC Threshold) 2020-03-19T15:11:58.211+0800: 21921.836: [CMS: 123134K->123134K(237276K), 0.4851416 secs] 123139K->123134K(414236K), [Metaspace: 121214K->121214K(1165312K)], 0.4855481 secs] [Times: user=0.48 sys=0.00, real=0.48 secs] 
2020-03-19T15:11:58.697+0800: 21922.321: [Full GC (Last ditch collection) 2020-03-19T15:11:58.697+0800: 21922.321: [CMS: 123134K->123134K(237276K), 0.5005432 secs] 123134K->123134K(414236K), [Metaspace: 121214K->121214K(1165312K)], 0.5009764 secs] [Times: user=0.48 sys=0.00, real=0.50 secs] 
2020-03-19T15:11:59.201+0800: 21922.825: [Full GC (Metadata GC Threshold) 2020-03-19T15:11:59.201+0800: 21922.825: [CMS: 123134K->123134K(237276K), 0.6074581 secs] 123134K->123134K(414236K), [Metaspace: 121214K->121214K(1165312K)], 0.6078668 secs] [Times: user=0.52 sys=0.00, real=0.61 secs] 
2020-03-19T15:11:59.809+0800: 21923.433: [Full GC (Last ditch collection) 2020-03-19T15:11:59.809+0800: 21923.433: [CMS: 123134K->123134K(237276K), 0.5055086 secs] 123134K->123134K(414236K), [Metaspace: 121214K->121214K(1165312K)], 0.5058921 secs] [Times: user=0.47 sys=0.00, real=0.50 secs] 
2020-03-19T15:12:00.318+0800: 21923.942: [Full GC (Metadata GC Threshold) 2020-03-19T15:12:00.318+0800: 21923.942: [CMS: 123134K->123135K(237276K), 0.4764935 secs] 123139K->123135K(414236K), [Metaspace: 121214K->121214K(1165312K)], 0.4769783 secs] [Times: user=0.47 sys=0.00, real=0.48 secs] 
2020-03-19T15:12:00.797+0800: 21924.421: [Full GC (Last ditch collection) 2020-03-19T15:12:00.797+0800: 21924.422: [CMS: 123135K->123135K(237276K), 0.5828645 secs] 123135K->123135K(414236K), [Metaspace: 121214K->121214K(1165312K)], 0.5832785 secs] [Times: user=0.51 sys=0.00, real=0.59 secs] 
2020-03-19T15:12:01.383+0800: 21925.008: [Full GC (Metadata GC Threshold) 2020-03-19T15:12:01.383+0800: 21925.008: [CMS: 123135K->123135K(237276K), 0.5142063 secs] 123139K->123135K(414236K), [Metaspace: 121214K->121214K(1165312K)], 0.5146311 secs] [Times: user=0.51 sys=0.00, real=0.51 secs] 
2020-03-19T15:12:01.898+0800: 21925.522: [Full GC (Last ditch collection) 2020-03-19T15:12:01.898+0800: 21925.523: [CMS: 123135K->123135K(237276K), 0.5214191 secs] 123135K->123135K(414236K), [Metaspace: 121214K->121214K(1165312K)], 0.5217908 secs] [Times: user=0.49 sys=0.00, real=0.53 secs] 
2020-03-19T15:12:02.423+0800: 21926.047: [Full GC (Metadata GC Threshold) 2020-03-19T15:12:02.423+0800: 21926.047: [CMS: 123135K->123135K(237276K), 0.4643733 secs] 123137K->123135K(414236K), [Metaspace: 121214K->121214K(1165312K)], 0.4647725 secs] [Times: user=0.46 sys=0.00, real=0.47 secs] 
2020-03-19T15:12:02.888+0800: 21926.512: [Full GC (Last ditch collection) 2020-03-19T15:12:02.888+0800: 21926.512: [CMS: 123135K->123135K(237276K), 0.4919402 secs] 123135K->123135K(414236K), [Metaspace: 121214K->121214K(1165312K)], 0.4923062 secs] [Times: user=0.48 sys=0.00, real=0.49 secs] 
2020-03-19T15:12:03.383+0800: 21927.007: [Full GC (Metadata GC Threshold) 2020-03-19T15:12:03.383+0800: 21927.008: [CMS: 123135K->123135K(237276K), 0.5011559 secs] 123137K->123135K(414236K), [Metaspace: 121214K->121214K(1165312K)], 0.5016186 secs] [Times: user=0.49 sys=0.00, real=0.50 secs] 
2020-03-19T15:12:03.885+0800: 21927.509: [Full GC (Last ditch collection) 2020-03-19T15:12:03.885+0800: 21927.510: [CMS: 123135K->123135K(237276K), 0.4807257 secs] 123135K->123135K(414236K), [Metaspace: 121214K->121214K(1165312K)], 0.4812016 secs] [Times: user=0.47 sys=0.00, real=0.49 secs] 
2020-03-19T15:12:04.369+0800: 21927.994: [Full GC (Metadata GC Threshold) 2020-03-19T15:12:04.369+0800: 21927.994: [CMS: 123135K->123135K(237276K), 0.5132613 secs] 123139K->123135K(414236K), [Metaspace: 121214K->121214K(1165312K)], 0.5136896 secs] [Times: user=0.49 sys=0.00, real=0.51 secs] 
2020-03-19T15:12:04.883+0800: 21928.508: [Full GC (Last ditch collection) 2020-03-19T15:12:04.883+0800: 21928.508: [CMS: 123135K->123135K(237276K), 0.5371210 secs] 123135K->123135K(414236K), [Metaspace: 121214K->121214K(1165312K)], 0.5375652 secs] [Times: user=0.52 sys=0.00, real=0.54 secs] 
2020-03-19T15:12:05.427+0800: 21929.052: [Full GC (Metadata GC Threshold) 2020-03-19T15:12:05.427+0800: 21929.052: [CMS: 123135K->123184K(237276K), 0.5117102 secs] 123449K->123184K(414236K), [Metaspace: 121214K->121214K(1165312K)], 0.5127461 secs] [Times: user=0.51 sys=0.00, real=0.51 secs] 
2020-03-19T15:12:05.943+0800: 21929.568: [Full GC (Last ditch collection) 2020-03-19T15:12:05.943+0800: 21929.568: [CMS: 123184K->123184K(237276K), 0.4853475 secs] 123184K->123184K(414236K), [Metaspace: 121214K->121214K(1165312K)], 0.4858467 secs] [Times: user=0.47 sys=0.00, real=0.49 secs] 
2020-03-19T15:12:06.432+0800: 21930.057: [Full GC (Metadata GC Threshold) 2020-03-19T15:12:06.432+0800: 21930.057: [CMS: 123184K->123185K(237276K), 0.4875836 secs] 123188K->123185K(414236K), [Metaspace: 121214K->121214K(1165312K)], 0.4880208 secs] [Times: user=0.47 sys=0.00, real=0.49 secs] 
2020-03-19T15:12:06.920+0800: 21930.545: [Full GC (Last ditch collection) 2020-03-19T15:12:06.920+0800: 21930.545: [CMS: 123185K->123185K(237276K), 0.4718962 secs] 123185K->123185K(414236K), [Metaspace: 121214K->121214K(1165312K)], 0.4722951 secs] [Times: user=0.47 sys=0.00, real=0.47 secs] 
2020-03-19T15:12:07.398+0800: 21931.023: [GC (CMS Initial Mark) [1 CMS-initial-mark: 123185K(237276K)] 123457K(414236K), 0.0163802 secs] [Times: user=0.02 sys=0.00, real=0.02 secs] 
2020-03-19T15:12:07.421+0800: 21931.046: [CMS-concurrent-mark-start]
2020-03-19T15:12:07.425+0800: 21931.050: [Full GC (Metadata GC Threshold) 2020-03-19T15:12:07.425+0800: 21931.050: [CMS2020-03-19T15:12:07.642+0800: 21931.267: [CMS-concurrent-mark: 0.197/0.221 secs] [Times: user=0.21 sys=0.00, real=0.23 secs] 
 (concurrent mode failure): 123185K->123194K(237276K), 0.7121150 secs] 124122K->123194K(414236K), [Metaspace: 121214K->121214K(1165312K)], 0.7127594 secs] [Times: user=0.68 sys=0.00, real=0.71 secs] 
2020-03-19T15:12:08.138+0800: 21931.763: [Full GC (Last ditch collection) 2020-03-19T15:12:08.138+0800: 21931.763: [CMS: 123194K->123190K(237276K), 0.4889555 secs] 123194K->123190K(414236K), [Metaspace: 121214K->121214K(1165312K)], 0.4893320 secs] [Times: user=0.48 sys=0.00, real=0.49 secs] 
2020-03-19T15:12:08.631+0800: 21932.255: [Full GC (Metadata GC Threshold) 2020-03-19T15:12:08.631+0800: 21932.256: [CMS: 123190K->123190K(237276K), 0.5005101 secs] 123203K->123190K(414236K), [Metaspace: 121214K->121214K(1165312K)], 0.5009654 secs] [Times: user=0.48 sys=0.00, real=0.50 secs] 
2020-03-19T15:12:09.132+0800: 21932.757: [Full GC (Last ditch collection) 2020-03-19T15:12:09.132+0800: 21932.757: [CMS: 123190K->123190K(237276K), 0.5212329 secs] 123190K->123190K(414236K), [Metaspace: 121214K->121214K(1165312K)], 0.5215924 secs] [Times: user=0.50 sys=0.00, real=0.52 secs] 
2020-03-19T15:12:09.657+0800: 21933.281: [Full GC (Metadata GC Threshold) 2020-03-19T15:12:09.657+0800: 21933.282: [CMS: 123190K->123190K(237276K), 0.4857674 secs] 123192K->123190K(414236K), [Metaspace: 121214K->121214K(1165312K)], 0.4861892 secs] [Times: user=0.48 sys=0.00, real=0.49 secs] 
2020-03-19T15:12:10.143+0800: 21933.768: [Full GC (Last ditch collection) 2020-03-19T15:12:10.143+0800: 21933.768: [CMS: 123190K->123190K(237276K), 0.4780427 secs] 123190K->123190K(414236K), [Metaspace: 121214K->121214K(1165312K)], 0.4784384 secs] [Times: user=0.47 sys=0.00, real=0.48 secs] 
2020-03-19T15:12:10.625+0800: 21934.249: [Full GC (Metadata GC Threshold) 2020-03-19T15:12:10.625+0800: 21934.250: [CMS: 123190K->123190K(237276K), 0.5012979 secs] 123194K->123190K(414236K), [Metaspace: 121214K->121214K(1165312K)], 0.5017154 secs] [Times: user=0.49 sys=0.00, real=0.51 secs] 
2020-03-19T15:12:11.127+0800: 21934.751: [Full GC (Last ditch collection) 2020-03-19T15:12:11.127+0800: 21934.751: [CMS: 123190K->123190K(237276K), 0.4798563 secs] 123190K->123190K(414236K), [Metaspace: 121214K->121214K(1165312K)], 0.4802830 secs] [Times: user=0.47 sys=0.00, real=0.48 secs] 
2020-03-19T15:12:11.614+0800: 21935.238: [Full GC (Metadata GC Threshold) 2020-03-19T15:12:11.614+0800: 21935.239: [CMS: 123190K->123169K(237276K), 0.4990534 secs] 123554K->123169K(414236K), [Metaspace: 121214K->121214K(1165312K)], 0.4995270 secs] [Times: user=0.49 sys=0.00, real=0.50 secs] 
2020-03-19T15:12:12.114+0800: 21935.738: [Full GC (Last ditch collection) 2020-03-19T15:12:12.114+0800: 21935.738: [CMS: 123169K->123169K(237276K), 0.4593325 secs] 123169K->123169K(414236K), [Metaspace: 121214K->121214K(1165312K)], 0.4597383 secs] [Times: user=0.46 sys=0.00, real=0.46 secs] 
2020-03-19T15:12:12.577+0800: 21936.202: [Full GC (Metadata GC Threshold) 2020-03-19T15:12:12.577+0800: 21936.202: [CMS: 123169K->123173K(237276K), 0.6447191 secs] 123204K->123173K(414236K), [Metaspace: 121214K->121214K(1165312K)], 0.6451955 secs] [Times: user=0.53 sys=0.00, real=0.65 secs] 
2020-03-19T15:12:13.223+0800: 21936.847: [Full GC (Last ditch collection) 2020-03-19T15:12:13.223+0800: 21936.847: [CMS: 123173K->123161K(237276K), 0.4719319 secs] 123173K->123161K(414236K), [Metaspace: 121214K->121214K(1165312K)], 0.4724015 secs] [Times: user=0.47 sys=0.00, real=0.47 secs] 
2020-03-19T15:12:13.698+0800: 21937.323: [Full GC (Metadata GC Threshold) 2020-03-19T15:12:13.698+0800: 21937.323: [CMS: 123161K->123163K(237276K), 0.4721877 secs] 123164K->123163K(414236K), [Metaspace: 121214K->121214K(1165312K)], 0.4726171 secs] [Times: user=0.47 sys=0.00, real=0.47 secs] 
2020-03-19T15:12:14.171+0800: 21937.796: [Full GC (Last ditch collection) 2020-03-19T15:12:14.171+0800: 21937.796: [CMS: 123163K->123163K(237276K), 0.4987101 secs] 123163K->123163K(414236K), [Metaspace: 121214K->121214K(1165312K)], 0.4991544 secs] [Times: user=0.48 sys=0.00, real=0.50 secs] 
2020-03-19T15:12:14.678+0800: 21938.302: [Full GC (Metadata GC Threshold) 2020-03-19T15:12:14.678+0800: 21938.302: [CMS: 123163K->123231K(237276K), 0.4897544 secs] 123651K->123231K(414236K), [Metaspace: 121214K->121214K(1165312K)], 0.4901692 secs] [Times: user=0.49 sys=0.00, real=0.50 secs] 
2020-03-19T15:12:15.168+0800: 21938.793: [Full GC (Last ditch collection) 2020-03-19T15:12:15.168+0800: 21938.793: [CMS: 123231K->123196K(237276K), 0.4895771 secs] 123231K->123196K(414236K), [Metaspace: 121214K->121214K(1165312K)], 0.4900528 secs] [Times: user=0.48 sys=0.00, real=0.49 secs] 
2020-03-19T15:12:15.662+0800: 21939.286: [GC (CMS Initial Mark) [1 CMS-initial-mark: 123196K(237276K)] 123206K(414236K), 0.0089386 secs] [Times: user=0.02 sys=0.00, real=0.01 secs] 
2020-03-19T15:12:15.671+0800: 21939.296: [CMS-concurrent-mark-start]
2020-03-19T15:12:15.680+0800: 21939.304: [Full GC (Metadata GC Threshold) 2020-03-19T15:12:15.680+0800: 21939.304: [CMS2020-03-19T15:12:15.875+0800: 21939.500: [CMS-concurrent-mark: 0.194/0.204 secs] [Times: user=0.20 sys=0.00, real=0.20 secs] 
 (concurrent mode failure): 123196K->123231K(237276K), 0.8032938 secs] 123386K->123231K(414236K), [Metaspace: 121214K->121214K(1165312K)], 0.8037866 secs] [Times: user=0.71 sys=0.00, real=0.80 secs] 
2020-03-19T15:12:16.484+0800: 21940.108: [Full GC (Last ditch collection) 2020-03-19T15:12:16.484+0800: 21940.109: [CMS: 123231K->123217K(237276K), 0.4832289 secs] 123231K->123217K(414236K), [Metaspace: 121214K->121214K(1165312K)], 0.4837286 secs] [Times: user=0.48 sys=0.00, real=0.49 secs] 
2020-03-19T15:12:16.971+0800: 21940.596: [Full GC (Metadata GC Threshold) 2020-03-19T15:12:16.971+0800: 21940.596: [CMS: 123217K->123217K(237276K), 0.4841043 secs] 123217K->123217K(414236K), [Metaspace: 121214K->121214K(1165312K)], 0.4845531 secs] [Times: user=0.49 sys=0.00, real=0.48 secs] 
2020-03-19T15:12:17.456+0800: 21941.080: [Full GC (Last ditch collection) 2020-03-19T15:12:17.456+0800: 21941.081: [CMS: 123217K->123217K(237276K), 0.5044916 secs] 123217K->123217K(414236K), [Metaspace: 121214K->121214K(1165312K)], 0.5049423 secs] [Times: user=0.50 sys=0.00, real=0.51 secs] 
2020-03-19T15:12:17.964+0800: 21941.588: [Full GC (Metadata GC Threshold) 2020-03-19T15:12:17.964+0800: 21941.588: [CMS: 123217K->123217K(237276K), 0.4789098 secs] 123221K->123217K(414236K), [Metaspace: 121214K->121214K(1165312K)], 0.4793091 secs] [Times: user=0.48 sys=0.00, real=0.48 secs] 
2020-03-19T15:12:18.443+0800: 21942.068: [Full GC (Last ditch collection) 2020-03-19T15:12:18.443+0800: 21942.068: [CMS: 123217K->123217K(237276K), 0.4671178 secs] 123217K->123217K(414236K), [Metaspace: 121214K->121214K(1165312K)], 0.4675496 secs] [Times: user=0.46 sys=0.00, real=0.47 secs] 
2020-03-19T15:12:18.914+0800: 21942.538: [Full GC (Metadata GC Threshold) 2020-03-19T15:12:18.914+0800: 21942.539: [CMS: 123217K->123217K(237276K), 0.4703296 secs] 123223K->123217K(414236K), [Metaspace: 121214K->121214K(1165312K)], 0.4707360 secs] [Times: user=0.47 sys=0.00, real=0.47 secs] 
2020-03-19T15:12:19.385+0800: 21943.009: [Full GC (Last ditch collection) 2020-03-19T15:12:19.385+0800: 21943.010: [CMS: 123217K->123217K(237276K), 0.6159963 secs] 123217K->123217K(414236K), [Metaspace: 121214K->121214K(1165312K)], 0.6163976 secs] [Times: user=0.55 sys=0.00, real=0.62 secs] 
2020-03-19T15:12:20.005+0800: 21943.630: [Full GC (Metadata GC Threshold) 2020-03-19T15:12:20.005+0800: 21943.630: [CMS: 123217K->123217K(237276K), 0.4813694 secs] 123239K->123217K(414236K), [Metaspace: 121214K->121214K(1165312K)], 0.4817649 secs] [Times: user=0.46 sys=0.00, real=0.49 secs] 
2020-03-19T15:12:20.487+0800: 21944.112: [Full GC (Last ditch collection) 2020-03-19T15:12:20.487+0800: 21944.112: [CMS: 123217K->123217K(237276K), 0.4737898 secs] 123217K->123217K(414236K), [Metaspace: 121214K->121214K(1165312K)], 0.4741683 secs] [Times: user=0.47 sys=0.00, real=0.47 secs] 
2020-03-19T15:12:20.965+0800: 21944.589: [Full GC (Metadata GC Threshold) 2020-03-19T15:12:20.965+0800: 21944.590: [CMS: 123217K->123223K(237276K), 0.4742210 secs] 123276K->123223K(414236K), [Metaspace: 121214K->121214K(1165312K)], 0.4746581 secs] [Times: user=0.46 sys=0.00, real=0.48 secs] 
2020-03-19T15:12:21.440+0800: 21945.064: [Full GC (Last ditch collection) 2020-03-19T15:12:21.440+0800: 21945.065: [CMS: 123223K->123223K(237276K), 0.6029952 secs] 123223K->123223K(414236K), [Metaspace: 121214K->121214K(1165312K)], 0.6037737 secs] [Times: user=0.54 sys=0.00, real=0.60 secs] 
2020-03-19T15:12:22.048+0800: 21945.672: [Full GC (Metadata GC Threshold) 2020-03-19T15:12:22.048+0800: 21945.672: [CMS: 123223K->123223K(237276K), 0.6025184 secs] 123225K->123223K(414236K), [Metaspace: 121214K->121214K(1165312K)], 0.6029719 secs] [Times: user=0.55 sys=0.00, real=0.60 secs] 
2020-03-19T15:12:22.651+0800: 21946.275: [Full GC (Last ditch collection) 2020-03-19T15:12:22.651+0800: 21946.276: [CMS: 123223K->123223K(237276K), 0.6674913 secs] 123223K->123223K(414236K), [Metaspace: 121214K->121214K(1165312K)], 0.6679234 secs] [Times: user=0.57 sys=0.00, real=0.67 secs] 
2020-03-19T15:12:23.323+0800: 21946.948: [Full GC (Metadata GC Threshold) 2020-03-19T15:12:23.323+0800: 21946.948: [CMS: 123223K->123223K(237276K), 0.8019664 secs] 123341K->123223K(414236K), [Metaspace: 121214K->121214K(1165312K)], 0.8023567 secs] [Times: user=0.58 sys=0.00, real=0.80 secs] 
2020-03-19T15:12:24.126+0800: 21947.750: [Full GC (Last ditch collection) 2020-03-19T15:12:24.126+0800: 21947.750: [CMS: 123223K->123223K(237276K), 0.5814657 secs] 123223K->123223K(414236K), [Metaspace: 121214K->121214K(1165312K)], 0.5818596 secs] [Times: user=0.55 sys=0.00, real=0.59 secs] 
2020-03-19T15:12:24.727+0800: 21948.352: [Full GC (Metadata GC Threshold) 2020-03-19T15:12:24.727+0800: 21948.352: [CMS: 123223K->123264K(237276K), 0.5282409 secs] 124055K->123264K(414236K), [Metaspace: 121214K->121214K(1165312K)], 0.5287202 secs] [Times: user=0.50 sys=0.00, real=0.52 secs] 
2020-03-19T15:12:25.256+0800: 21948.881: [Full GC (Last ditch collection) 2020-03-19T15:12:25.256+0800: 21948.881: [CMS: 123264K->123173K(237276K), 0.5192035 secs] 123264K->123173K(414236K), [Metaspace: 121214K->121214K(1165312K)], 0.5196222 secs] [Times: user=0.49 sys=0.00, real=0.52 secs] 
2020-03-19T15:12:25.779+0800: 21949.404: [GC (CMS Initial Mark) [1 CMS-initial-mark: 123173K(237276K)] 123177K(414236K), 0.0092263 secs] [Times: user=0.01 sys=0.00, real=0.01 secs] 
2020-03-19T15:12:25.789+0800: 21949.414: [CMS-concurrent-mark-start]
2020-03-19T15:12:25.814+0800: 21949.438: [Full GC (Metadata GC Threshold) 2020-03-19T15:12:25.814+0800: 21949.438: [CMS2020-03-19T15:12:26.027+0800: 21949.652: [CMS-concurrent-mark: 0.207/0.238 secs] [Times: user=0.21 sys=0.00, real=0.24 secs] 
 (concurrent mode failure): 123173K->123178K(237276K), 0.6893891 secs] 123358K->123178K(414236K), [Metaspace: 121214K->121214K(1165312K)], 0.6899710 secs] [Times: user=0.65 sys=0.00, real=0.69 secs] 
2020-03-19T15:12:26.506+0800: 21950.131: [Full GC (Last ditch collection) 2020-03-19T15:12:26.506+0800: 21950.131: [CMS: 123178K->123176K(237276K), 0.4968953 secs] 123178K->123176K(414236K), [Metaspace: 121214K->121214K(1165312K)], 0.4973310 secs] [Times: user=0.49 sys=0.00, real=0.49 secs] 
2020-03-19T15:12:27.006+0800: 21950.631: [Full GC (Metadata GC Threshold) 2020-03-19T15:12:27.007+0800: 21950.631: [CMS: 123176K->123176K(237276K), 0.4888952 secs] 123182K->123176K(414236K), [Metaspace: 121214K->121214K(1165312K)], 0.4893328 secs] [Times: user=0.49 sys=0.00, real=0.48 secs] 
2020-03-19T15:12:27.496+0800: 21951.121: [Full GC (Last ditch collection) 2020-03-19T15:12:27.496+0800: 21951.121: [CMS: 123176K->123176K(237276K), 0.6465861 secs] 123176K->123176K(414236K), [Metaspace: 121214K->121214K(1165312K)], 0.6470207 secs] [Times: user=0.54 sys=0.00, real=0.65 secs] 
2020-03-19T15:12:28.146+0800: 21951.771: [Full GC (Metadata GC Threshold) 2020-03-19T15:12:28.146+0800: 21951.771: [CMS: 123176K->123176K(237276K), 0.4644976 secs] 123180K->123176K(414236K), [Metaspace: 121214K->121214K(1165312K)], 0.4649116 secs] [Times: user=0.46 sys=0.00, real=0.47 secs] 
2020-03-19T15:12:28.611+0800: 21952.236: [Full GC (Last ditch collection) 2020-03-19T15:12:28.611+0800: 21952.236: [CMS: 123176K->123176K(237276K), 0.4725375 secs] 123176K->123176K(414236K), [Metaspace: 121214K->121214K(1165312K)], 0.4728994 secs] [Times: user=0.46 sys=0.00, real=0.47 secs] 
2020-03-19T15:12:29.087+0800: 21952.712: [Full GC (Metadata GC Threshold) 2020-03-19T15:12:29.088+0800: 21952.712: [CMS: 123176K->123176K(237276K), 0.5091631 secs] 123180K->123176K(414236K), [Metaspace: 121214K->121214K(1165312K)], 0.5096558 secs] [Times: user=0.49 sys=0.00, real=0.50 secs] 
2020-03-19T15:12:29.597+0800: 21953.222: [Full GC (Last ditch collection) 2020-03-19T15:12:29.598+0800: 21953.222: [CMS: 123176K->123176K(237276K), 0.4937459 secs] 123176K->123176K(414236K), [Metaspace: 121214K->121214K(1165312K)], 0.4941292 secs] [Times: user=0.49 sys=0.00, real=0.50 secs] 
2020-03-19T15:12:30.094+0800: 21953.719: [Full GC (Metadata GC Threshold) 2020-03-19T15:12:30.094+0800: 21953.719: [CMS: 123176K->123176K(237276K), 0.4680853 secs] 123176K->123176K(414236K), [Metaspace: 121214K->121214K(1165312K)], 0.4684985 secs] [Times: user=0.46 sys=0.00, real=0.47 secs] 
2020-03-19T15:12:30.563+0800: 21954.188: [Full GC (Last ditch collection) 2020-03-19T15:12:30.563+0800: 21954.188: [CMS: 123176K->123176K(237276K), 0.4707437 secs] 123176K->123176K(414236K), [Metaspace: 121214K->121214K(1165312K)], 0.4712062 secs] [Times: user=0.47 sys=0.00, real=0.47 secs] 
2020-03-19T15:12:31.038+0800: 21954.662: [Full GC (Metadata GC Threshold) 2020-03-19T15:12:31.038+0800: 21954.663: [CMS: 123176K->123176K(237276K), 0.5941385 secs] 123178K->123176K(414236K), [Metaspace: 121214K->121214K(1165312K)], 0.5945858 secs] [Times: user=0.52 sys=0.00, real=0.60 secs] 
2020-03-19T15:12:31.633+0800: 21955.257: [Full GC (Last ditch collection) 2020-03-19T15:12:31.633+0800: 21955.257: [CMS: 123176K->123176K(237276K), 0.4711985 secs] 123176K->123176K(414236K), [Metaspace: 121214K->121214K(1165312K)], 0.4715777 secs] [Times: user=0.47 sys=0.00, real=0.47 secs] 
2020-03-19T15:12:32.107+0800: 21955.732: [Full GC (Metadata GC Threshold) 2020-03-19T15:12:32.107+0800: 21955.732: [CMS: 123176K->123176K(237276K), 0.4637978 secs] 123180K->123176K(414236K), [Metaspace: 121214K->121214K(1165312K)], 0.4642011 secs] [Times: user=0.46 sys=0.00, real=0.46 secs] 
2020-03-19T15:12:32.572+0800: 21956.196: [Full GC (Last ditch collection) 2020-03-19T15:12:32.572+0800: 21956.196: [CMS: 123176K->123176K(237276K), 0.4597796 secs] 123176K->123176K(414236K), [Metaspace: 121214K->121214K(1165312K)], 0.4601456 secs] [Times: user=0.46 sys=0.00, real=0.46 secs] 
2020-03-19T15:12:33.035+0800: 21956.659: [Full GC (Metadata GC Threshold) 2020-03-19T15:12:33.035+0800: 21956.659: [CMS: 123176K->123176K(237276K), 0.5178450 secs] 123180K->123176K(414236K), [Metaspace: 121214K->121214K(1165312K)], 0.5182622 secs] [Times: user=0.50 sys=0.00, real=0.52 secs] 
2020-03-19T15:12:33.553+0800: 21957.178: [Full GC (Last ditch collection) 2020-03-19T15:12:33.553+0800: 21957.178: [CMS: 123176K->123176K(237276K), 0.4857506 secs] 123176K->123176K(414236K), [Metaspace: 121214K->121214K(1165312K)], 0.4861804 secs] [Times: user=0.48 sys=0.00, real=0.49 secs] 
2020-03-19T15:12:34.042+0800: 21957.667: [Full GC (Metadata GC Threshold) 2020-03-19T15:12:34.042+0800: 21957.667: [CMS: 123176K->123176K(237276K), 0.4673411 secs] 123180K->123176K(414236K), [Metaspace: 121214K->121214K(1165312K)], 0.4677461 secs] [Times: user=0.47 sys=0.00, real=0.47 secs] 
2020-03-19T15:12:34.510+0800: 21958.135: [Full GC (Last ditch collection) 2020-03-19T15:12:34.511+0800: 21958.135: [CMS: 123176K->123176K(237276K), 0.5014439 secs] 123176K->123176K(414236K), [Metaspace: 121214K->121214K(1165312K)], 0.5018638 secs] [Times: user=0.49 sys=0.00, real=0.50 secs] 
2020-03-19T15:12:35.015+0800: 21958.640: [Full GC (Metadata GC Threshold) 2020-03-19T15:12:35.015+0800: 21958.640: [CMS: 123176K->123176K(237276K), 0.5250570 secs] 123178K->123176K(414236K), [Metaspace: 121214K->121214K(1165312K)], 0.5254689 secs] [Times: user=0.49 sys=0.00, real=0.53 secs] 
2020-03-19T15:12:35.541+0800: 21959.166: [Full GC (Last ditch collection) 2020-03-19T15:12:35.541+0800: 21959.166: [CMS: 123176K->123176K(237276K), 0.4994556 secs] 123176K->123176K(414236K), [Metaspace: 121214K->121214K(1165312K)], 0.4998385 secs] [Times: user=0.49 sys=0.00, real=0.50 secs] 
2020-03-19T15:12:36.044+0800: 21959.668: [Full GC (Metadata GC Threshold) 2020-03-19T15:12:36.044+0800: 21959.669: [CMS: 123176K->123176K(237276K), 0.4691045 secs] 123181K->123176K(414236K), [Metaspace: 121214K->121214K(1165312K)], 0.4695919 secs] [Times: user=0.46 sys=0.00, real=0.47 secs] 
2020-03-19T15:12:36.514+0800: 21960.138: [Full GC (Last ditch collection) 2020-03-19T15:12:36.514+0800: 21960.139: [CMS: 123176K->123176K(237276K), 0.4747459 secs] 123176K->123176K(414236K), [Metaspace: 121214K->121214K(1165312K)], 0.4752201 secs] [Times: user=0.47 sys=0.00, real=0.48 secs] 
2020-03-19T15:12:36.994+0800: 21960.619: [Full GC (Metadata GC Threshold) 2020-03-19T15:12:36.994+0800: 21960.619: [CMS: 123176K->123180K(237276K), 0.4606443 secs] 123535K->123180K(414236K), [Metaspace: 121214K->121214K(1165312K)], 0.4610846 secs] [Times: user=0.45 sys=0.00, real=0.46 secs] 
2020-03-19T15:12:37.455+0800: 21961.080: [Full GC (Last ditch collection) 2020-03-19T15:12:37.456+0800: 21961.080: [CMS: 123180K->123180K(237276K), 0.4990312 secs] 123180K->123180K(414236K), [Metaspace: 121214K->121214K(1165312K)], 0.4994291 secs] [Times: user=0.49 sys=0.00, real=0.50 secs] 
2020-03-19T15:12:37.958+0800: 21961.582: [Full GC (Metadata GC Threshold) 2020-03-19T15:12:37.958+0800: 21961.582: [CMS: 123180K->123180K(237276K), 0.4772248 secs] 123180K->123180K(414236K), [Metaspace: 121214K->121214K(1165312K)], 0.4776000 secs] [Times: user=0.48 sys=0.00, real=0.48 secs] 
2020-03-19T15:12:38.436+0800: 21962.060: [Full GC (Last ditch collection) 2020-03-19T15:12:38.436+0800: 21962.060: [CMS: 123180K->123180K(237276K), 0.4616861 secs] 123180K->123180K(414236K), [Metaspace: 121214K->121214K(1165312K)], 0.4620806 secs] [Times: user=0.46 sys=0.00, real=0.46 secs] 
2020-03-19T15:12:38.901+0800: 21962.525: [Full GC (Metadata GC Threshold) 2020-03-19T15:12:38.901+0800: 21962.525: [CMS: 123180K->123180K(237276K), 0.4871165 secs] 123184K->123180K(414236K), [Metaspace: 121214K->121214K(1165312K)], 0.4875396 secs] [Times: user=0.47 sys=0.00, real=0.49 secs] 
2020-03-19T15:12:39.388+0800: 21963.013: [Full GC (Last ditch collection) 2020-03-19T15:12:39.389+0800: 21963.013: [CMS: 123180K->123180K(237276K), 0.5160538 secs] 123180K->123180K(414236K), [Metaspace: 121214K->121214K(1165312K)], 0.5164295 secs] [Times: user=0.50 sys=0.00, real=0.51 secs] 
2020-03-19T15:12:39.908+0800: 21963.532: [Full GC (Metadata GC Threshold) 2020-03-19T15:12:39.908+0800: 21963.532: [CMS: 123180K->123180K(237276K), 0.4551444 secs] 123180K->123180K(414236K), [Metaspace: 121214K->121214K(1165312K)], 0.4555485 secs] [Times: user=0.46 sys=0.00, real=0.45 secs] 
2020-03-19T15:12:40.363+0800: 21963.988: [Full GC (Last ditch collection) 2020-03-19T15:12:40.364+0800: 21963.988: [CMS: 123180K->123180K(237276K), 0.4811538 secs] 123180K->123180K(414236K), [Metaspace: 121214K->121214K(1165312K)], 0.4815848 secs] [Times: user=0.47 sys=0.00, real=0.48 secs] 
2020-03-19T15:12:40.849+0800: 21964.473: [Full GC (Metadata GC Threshold) 2020-03-19T15:12:40.849+0800: 21964.473: [CMS: 123180K->123180K(237276K), 0.4714087 secs] 123182K->123180K(414236K), [Metaspace: 121214K->121214K(1165312K)], 0.4718296 secs] [Times: user=0.48 sys=0.00, real=0.47 secs] 
2020-03-19T15:12:41.321+0800: 21964.945: [Full GC (Last ditch collection) 2020-03-19T15:12:41.321+0800: 21964.945: [CMS: 123180K->123180K(237276K), 0.5087505 secs] 123180K->123180K(414236K), [Metaspace: 121214K->121214K(1165312K)], 0.5091694 secs] [Times: user=0.49 sys=0.00, real=0.51 secs] 
2020-03-19T15:12:41.834+0800: 21965.458: [Full GC (Metadata GC Threshold) 2020-03-19T15:12:41.834+0800: 21965.458: [CMS: 123180K->123182K(237276K), 0.4854933 secs] 123278K->123182K(414236K), [Metaspace: 121214K->121214K(1165312K)], 0.4859340 secs] [Times: user=0.49 sys=0.00, real=0.49 secs] 
2020-03-19T15:12:42.320+0800: 21965.944: [Full GC (Last ditch collection) 2020-03-19T15:12:42.320+0800: 21965.945: [CMS: 123182K->123180K(237276K), 0.5784883 secs] 123182K->123180K(414236K), [Metaspace: 121214K->121214K(1165312K)], 0.5788979 secs] [Times: user=0.52 sys=0.00, real=0.58 secs] 
2020-03-19T15:12:42.905+0800: 21966.530: [Full GC (Metadata GC Threshold) 2020-03-19T15:12:42.906+0800: 21966.530: [CMS: 123180K->123187K(237276K), 0.7804807 secs] 123268K->123187K(414236K), [Metaspace: 121214K->121214K(1165312K)], 0.7813116 secs] [Times: user=0.65 sys=0.00, real=0.79 secs] 
2020-03-19T15:12:43.687+0800: 21967.311: [Full GC (Last ditch collection) 2020-03-19T15:12:43.687+0800: 21967.311: [CMS: 123187K->123186K(237276K), 0.4968237 secs] 123187K->123186K(414236K), [Metaspace: 121214K->121214K(1165312K)], 0.4972322 secs] [Times: user=0.49 sys=0.00, real=0.49 secs] 
2020-03-19T15:12:44.189+0800: 21967.813: [Full GC (Metadata GC Threshold) 2020-03-19T15:12:44.189+0800: 21967.814: [CMS: 123186K->123183K(237276K), 0.4780264 secs] 123255K->123183K(414236K), [Metaspace: 121214K->121214K(1165312K)], 0.4784366 secs] [Times: user=0.47 sys=0.00, real=0.48 secs] 
2020-03-19T15:12:44.668+0800: 21968.292: [Full GC (Last ditch collection) 2020-03-19T15:12:44.668+0800: 21968.292: [CMS: 123183K->123183K(237276K), 0.4932666 secs] 123183K->123183K(414236K), [Metaspace: 121214K->121214K(1165312K)], 0.4936754 secs] [Times: user=0.49 sys=0.00, real=0.49 secs] 
2020-03-19T15:12:45.165+0800: 21968.789: [Full GC (Metadata GC Threshold) 2020-03-19T15:12:45.165+0800: 21968.789: [CMS: 123183K->123183K(237276K), 0.5128251 secs] 123200K->123183K(414236K), [Metaspace: 121214K->121214K(1165312K)], 0.5132773 secs] [Times: user=0.49 sys=0.00, real=0.52 secs] 
2020-03-19T15:12:45.678+0800: 21969.303: [Full GC (Last ditch collection) 2020-03-19T15:12:45.678+0800: 21969.303: [CMS: 123183K->123183K(237276K), 0.5867793 secs] 123183K->123183K(414236K), [Metaspace: 121214K->121214K(1165312K)], 0.5905039 secs] [Times: user=0.51 sys=0.00, real=0.59 secs] 
2020-03-19T15:12:46.274+0800: 21969.898: [Full GC (Metadata GC Threshold) 2020-03-19T15:12:46.274+0800: 21969.898: [CMS: 123183K->123183K(237276K), 0.4669115 secs] 123207K->123183K(414236K), [Metaspace: 121214K->121214K(1165312K)], 0.4674731 secs] [Times: user=0.46 sys=0.00, real=0.47 secs] 
2020-03-19T15:12:46.741+0800: 21970.366: [Full GC (Last ditch collection) 2020-03-19T15:12:46.741+0800: 21970.366: [CMS: 123183K->123183K(237276K), 0.4769651 secs] 123183K->123183K(414236K), [Metaspace: 121214K->121214K(1165312K)], 0.4773351 secs] [Times: user=0.47 sys=0.00, real=0.48 secs] 
2020-03-19T15:12:47.221+0800: 21970.846: [Full GC (Metadata GC Threshold) 2020-03-19T15:12:47.222+0800: 21970.846: [CMS: 123183K->123183K(237276K), 0.4926586 secs] 123209K->123183K(414236K), [Metaspace: 121214K->121214K(1165312K)], 0.4930631 secs] [Times: user=0.47 sys=0.00, real=0.49 secs] 
2020-03-19T15:12:47.715+0800: 21971.339: [Full GC (Last ditch collection) 2020-03-19T15:12:47.715+0800: 21971.340: [CMS: 123183K->123183K(237276K), 0.4890139 secs] 123183K->123183K(414236K), [Metaspace: 121214K->121214K(1165312K)], 0.4894620 secs] [Times: user=0.48 sys=0.00, real=0.49 secs] 
2020-03-19T15:12:48.207+0800: 21971.832: [Full GC (Metadata GC Threshold) 2020-03-19T15:12:48.207+0800: 21971.832: [CMS